Running on a single GPU (cuda); skipping NCCL initialization.
Free VRAM 93.14923095703125 GB
Loading CUDA extension (first run compiles ~60s; cached run ~3s)...
CUDA extension ready in 127.6s.
KV inference with 3 frames per block
Number of prompts: 128
Prompt index range: [0, 128)
Loading PyramidKV config from configs/head_configs/best_labels.csv
block 1/40 - 1/120  226960.4 ms
block 2/40 - 4/120  30642.1 ms
block 3/40 - 7/120  32294.1 ms
block 4/40 - 10/120  32566.6 ms
block 5/40 - 13/120  32626.9 ms
block 6/40 - 16/120  32794.3 ms
block 7/40 - 19/120  33160.6 ms
block 8/40 - 22/120  33674.1 ms
block 9/40 - 25/120  33660.2 ms
block 10/40 - 28/120  33844.6 ms
block 11/40 - 31/120  33829.1 ms
block 12/40 - 34/120  34186.5 ms
block 13/40 - 37/120  33556.0 ms
block 14/40 - 40/120  33856.5 ms
block 15/40 - 43/120  33840.9 ms
block 16/40 - 46/120  34201.8 ms
block 17/40 - 49/120  33541.1 ms
block 18/40 - 52/120  33868.1 ms
block 19/40 - 55/120  33825.9 ms
block 20/40 - 58/120  34232.2 ms
block 21/40 - 61/120  33531.0 ms
block 22/40 - 64/120  33855.7 ms
block 23/40 - 67/120  33840.6 ms
block 24/40 - 70/120  34197.1 ms
block 25/40 - 73/120  33739.2 ms
block 26/40 - 76/120  34296.6 ms
block 27/40 - 79/120  34288.3 ms
block 28/40 - 82/120  34634.2 ms
block 29/40 - 85/120  33904.5 ms
block 30/40 - 88/120  34296.0 ms
block 31/40 - 91/120  34277.4 ms
block 32/40 - 94/120  34638.8 ms
block 33/40 - 97/120  33902.3 ms
block 34/40 - 100/120  34307.3 ms
block 35/40 - 103/120  34258.2 ms
block 36/40 - 106/120  34614.8 ms
block 37/40 - 109/120  33896.9 ms
block 38/40 - 112/120  34275.6 ms
block 39/40 - 115/120  34256.1 ms
block 40/40 - 118/120  34611.0 ms
/apdcephfs_gy2/share_303214315/cedricnie/miniconda3/envs/longlive/lib/python3.10/site-packages/torchvision/io/_video_deprecation_warning.py:9: UserWarning: The video decoding and encoding capabilities of torchvision are deprecated from version 0.22 and will be removed in version 0.24. We recommend that you migrate to TorchCodec, where we'll consolidate the future decoding/encoding capabilities of PyTorch: https://github.com/pytorch/torchcodec
  warnings.warn(
[9/128] elapsed=26.0m  avg=173.6s/prompt  eta=344.3m
block 1/40 - 1/120  28430.7 ms
block 2/40 - 4/120  30800.2 ms
block 3/40 - 7/120  32779.2 ms
block 4/40 - 10/120  32959.1 ms
block 5/40 - 13/120  32983.6 ms
block 6/40 - 16/120  33188.4 ms
block 7/40 - 19/120  33739.5 ms
block 8/40 - 22/120  34063.6 ms
block 9/40 - 25/120  34009.8 ms
block 10/40 - 28/120  34302.4 ms
block 11/40 - 31/120  34430.8 ms
block 12/40 - 34/120  34641.6 ms
block 13/40 - 37/120  33891.8 ms
block 14/40 - 40/120  34319.2 ms
block 15/40 - 43/120  34291.4 ms
block 16/40 - 46/120  34613.3 ms
block 17/40 - 49/120  33890.9 ms
block 18/40 - 52/120  34311.8 ms
block 19/40 - 55/120  34229.5 ms
block 20/40 - 58/120  34639.7 ms
block 21/40 - 61/120  33860.0 ms
block 22/40 - 64/120  34321.3 ms
block 23/40 - 67/120  34262.3 ms
block 24/40 - 70/120  34609.5 ms
block 25/40 - 73/120  33888.6 ms
block 26/40 - 76/120  34314.1 ms
block 27/40 - 79/120  34270.6 ms
block 28/40 - 82/120  34659.0 ms
block 29/40 - 85/120  33880.2 ms
block 30/40 - 88/120  34326.7 ms
block 31/40 - 91/120  34270.1 ms
block 32/40 - 94/120  34629.0 ms
block 33/40 - 97/120  33742.2 ms
block 34/40 - 100/120  34321.5 ms
block 35/40 - 103/120  34281.7 ms
block 36/40 - 106/120  34647.8 ms
block 37/40 - 109/120  33893.6 ms
block 38/40 - 112/120  34355.0 ms
block 39/40 - 115/120  34290.9 ms
block 40/40 - 118/120  34623.3 ms
[25/128] elapsed=48.7m  avg=116.8s/prompt  eta=200.5m
block 1/40 - 1/120  28435.0 ms
block 2/40 - 4/120  30807.9 ms
block 3/40 - 7/120  32789.6 ms
block 4/40 - 10/120  33036.6 ms
block 5/40 - 13/120  33071.9 ms
block 6/40 - 16/120  33220.0 ms
block 7/40 - 19/120  33758.3 ms
block 8/40 - 22/120  34121.2 ms
block 9/40 - 25/120  34048.8 ms
block 10/40 - 28/120  34316.6 ms
block 11/40 - 31/120  34293.7 ms
block 12/40 - 34/120  34630.5 ms
block 13/40 - 37/120  33881.6 ms
block 14/40 - 40/120  34321.0 ms
block 15/40 - 43/120  34294.4 ms
block 16/40 - 46/120  34640.4 ms
block 17/40 - 49/120  33875.0 ms
block 18/40 - 52/120  34334.3 ms
block 19/40 - 55/120  34259.8 ms
block 20/40 - 58/120  34637.7 ms
block 21/40 - 61/120  33831.4 ms
block 22/40 - 64/120  34275.9 ms
block 23/40 - 67/120  34245.0 ms
block 24/40 - 70/120  34610.7 ms
block 25/40 - 73/120  33845.4 ms
block 26/40 - 76/120  34322.2 ms
block 27/40 - 79/120  34234.4 ms
block 28/40 - 82/120  34643.5 ms
block 29/40 - 85/120  33852.6 ms
block 30/40 - 88/120  34353.6 ms
block 31/40 - 91/120  34301.1 ms
block 32/40 - 94/120  34672.5 ms
block 33/40 - 97/120  33860.0 ms
block 34/40 - 100/120  34365.1 ms
block 35/40 - 103/120  34299.0 ms
block 36/40 - 106/120  34653.4 ms
block 37/40 - 109/120  33872.0 ms
block 38/40 - 112/120  34375.2 ms
block 39/40 - 115/120  34275.8 ms
block 40/40 - 118/120  34663.4 ms
[41/128] elapsed=71.3m  avg=104.4s/prompt  eta=151.3m
block 1/40 - 1/120  28090.8 ms
block 2/40 - 4/120  30799.7 ms
block 3/40 - 7/120  32771.7 ms
block 4/40 - 10/120  33037.5 ms
block 5/40 - 13/120  33072.0 ms
block 6/40 - 16/120  33246.6 ms
block 7/40 - 19/120  33574.0 ms
block 8/40 - 22/120  34111.2 ms
block 9/40 - 25/120  34012.4 ms
block 10/40 - 28/120  34261.6 ms
block 11/40 - 31/120  34261.7 ms
block 12/40 - 34/120  34647.7 ms
block 13/40 - 37/120  33857.1 ms
block 14/40 - 40/120  34354.0 ms
block 15/40 - 43/120  34297.5 ms
block 16/40 - 46/120  34668.8 ms
block 17/40 - 49/120  33836.6 ms
block 18/40 - 52/120  34347.3 ms
block 19/40 - 55/120  34265.4 ms
block 20/40 - 58/120  34675.4 ms
block 21/40 - 61/120  33850.0 ms
block 22/40 - 64/120  34358.7 ms
block 23/40 - 67/120  34283.0 ms
block 24/40 - 70/120  34684.9 ms
block 25/40 - 73/120  33839.8 ms
block 26/40 - 76/120  34343.8 ms
block 27/40 - 79/120  34294.1 ms
block 28/40 - 82/120  34660.2 ms
block 29/40 - 85/120  33846.3 ms
block 30/40 - 88/120  34353.4 ms
block 31/40 - 91/120  34280.5 ms
block 32/40 - 94/120  34665.7 ms
block 33/40 - 97/120  33859.2 ms
block 34/40 - 100/120  34325.8 ms
block 35/40 - 103/120  34291.6 ms
block 36/40 - 106/120  34662.0 ms
block 37/40 - 109/120  33960.2 ms
block 38/40 - 112/120  34327.8 ms
block 39/40 - 115/120  34309.6 ms
block 40/40 - 118/120  34618.2 ms
[57/128] elapsed=93.9m  avg=98.9s/prompt  eta=117.0m
block 1/40 - 1/120  28690.1 ms
block 2/40 - 4/120  30599.1 ms
block 3/40 - 7/120  32803.5 ms
block 4/40 - 10/120  33029.2 ms
block 5/40 - 13/120  33076.1 ms
block 6/40 - 16/120  33232.6 ms
block 7/40 - 19/120  33817.2 ms
block 8/40 - 22/120  34133.2 ms
block 9/40 - 25/120  34133.5 ms
block 10/40 - 28/120  34359.0 ms
block 11/40 - 31/120  34279.6 ms
block 12/40 - 34/120  34641.4 ms
block 13/40 - 37/120  33915.2 ms
block 14/40 - 40/120  34311.5 ms
block 15/40 - 43/120  34285.6 ms
block 16/40 - 46/120  34651.8 ms
block 17/40 - 49/120  33838.1 ms
block 18/40 - 52/120  34309.3 ms
block 19/40 - 55/120  34295.0 ms
block 20/40 - 58/120  34655.6 ms
block 21/40 - 61/120  33842.5 ms
block 22/40 - 64/120  34320.5 ms
block 23/40 - 67/120  34329.1 ms
block 24/40 - 70/120  34661.4 ms
block 25/40 - 73/120  33830.7 ms
block 26/40 - 76/120  34319.9 ms
block 27/40 - 79/120  34293.4 ms
block 28/40 - 82/120  34651.1 ms
block 29/40 - 85/120  33839.7 ms
block 30/40 - 88/120  34306.9 ms
block 31/40 - 91/120  34321.0 ms
block 32/40 - 94/120  34630.4 ms
block 33/40 - 97/120  33841.0 ms
block 34/40 - 100/120  34308.5 ms
block 35/40 - 103/120  34317.5 ms
block 36/40 - 106/120  34646.9 ms
block 37/40 - 109/120  33836.7 ms
block 38/40 - 112/120  34304.2 ms
block 39/40 - 115/120  34344.2 ms
block 40/40 - 118/120  34645.5 ms
[73/128] elapsed=116.6m  avg=95.8s/prompt  eta=87.8m
block 1/40 - 1/120  28464.5 ms
block 2/40 - 4/120  30472.7 ms
block 3/40 - 7/120  32804.7 ms
block 4/40 - 10/120  33034.3 ms
block 5/40 - 13/120  33071.3 ms
block 6/40 - 16/120  33241.3 ms
block 7/40 - 19/120  33834.7 ms
block 8/40 - 22/120  34134.6 ms
block 9/40 - 25/120  34133.3 ms
block 10/40 - 28/120  34352.8 ms
block 11/40 - 31/120  34397.4 ms
block 12/40 - 34/120  34707.8 ms
block 13/40 - 37/120  33860.4 ms
block 14/40 - 40/120  34280.4 ms
block 15/40 - 43/120  34346.4 ms
block 16/40 - 46/120  34662.9 ms
block 17/40 - 49/120  33850.7 ms
block 18/40 - 52/120  34271.3 ms
block 19/40 - 55/120  34313.4 ms
block 20/40 - 58/120  34646.9 ms
block 21/40 - 61/120  33836.0 ms
block 22/40 - 64/120  34280.9 ms
block 23/40 - 67/120  34343.3 ms
block 24/40 - 70/120  34641.9 ms
block 25/40 - 73/120  33826.3 ms
block 26/40 - 76/120  34285.2 ms
block 27/40 - 79/120  34368.4 ms
block 28/40 - 82/120  34646.6 ms
block 29/40 - 85/120  33854.3 ms
block 30/40 - 88/120  34268.2 ms
block 31/40 - 91/120  34333.5 ms
block 32/40 - 94/120  34637.7 ms
block 33/40 - 97/120  33849.3 ms
block 34/40 - 100/120  34265.6 ms
block 35/40 - 103/120  34325.3 ms
block 36/40 - 106/120  34628.1 ms
block 37/40 - 109/120  33816.6 ms
block 38/40 - 112/120  34236.0 ms
block 39/40 - 115/120  34290.5 ms
block 40/40 - 118/120  34640.0 ms
[89/128] elapsed=139.2m  avg=93.9s/prompt  eta=61.0m
block 1/40 - 1/120  28183.7 ms
block 2/40 - 4/120  30304.8 ms
block 3/40 - 7/120  32734.4 ms
block 4/40 - 10/120  33311.9 ms
block 5/40 - 13/120  33071.7 ms
block 6/40 - 16/120  33228.0 ms
block 7/40 - 19/120  33798.1 ms
block 8/40 - 22/120  34132.5 ms
block 9/40 - 25/120  34138.4 ms
block 10/40 - 28/120  34337.2 ms
block 11/40 - 31/120  34388.1 ms
block 12/40 - 34/120  34650.6 ms
block 13/40 - 37/120  33862.6 ms
block 14/40 - 40/120  34252.6 ms
block 15/40 - 43/120  34314.9 ms
block 16/40 - 46/120  34603.3 ms
block 17/40 - 49/120  33806.7 ms
block 18/40 - 52/120  34219.1 ms
block 19/40 - 55/120  34267.7 ms
block 20/40 - 58/120  34595.4 ms
block 21/40 - 61/120  33817.6 ms
block 22/40 - 64/120  34249.0 ms
block 23/40 - 67/120  34304.9 ms
block 24/40 - 70/120  34607.9 ms
block 25/40 - 73/120  33858.0 ms
block 26/40 - 76/120  34227.7 ms
block 27/40 - 79/120  34327.4 ms
block 28/40 - 82/120  34639.3 ms
block 29/40 - 85/120  33844.2 ms
block 30/40 - 88/120  34239.5 ms
block 31/40 - 91/120  34336.8 ms
block 32/40 - 94/120  34646.0 ms
block 33/40 - 97/120  33874.9 ms
block 34/40 - 100/120  34228.3 ms
block 35/40 - 103/120  34340.6 ms
block 36/40 - 106/120  34676.1 ms
block 37/40 - 109/120  33858.5 ms
block 38/40 - 112/120  34229.7 ms
block 39/40 - 115/120  34359.6 ms
block 40/40 - 118/120  34614.5 ms
[105/128] elapsed=161.8m  avg=92.5s/prompt  eta=35.4m
block 1/40 - 1/120  28226.6 ms
block 2/40 - 4/120  30165.4 ms
block 3/40 - 7/120  32793.4 ms
block 4/40 - 10/120  33350.8 ms
block 5/40 - 13/120  32957.1 ms
block 6/40 - 16/120  33237.5 ms
block 7/40 - 19/120  33830.2 ms
block 8/40 - 22/120  34133.2 ms
block 9/40 - 25/120  34137.4 ms
block 10/40 - 28/120  34343.7 ms
block 11/40 - 31/120  34373.9 ms
block 12/40 - 34/120  34727.7 ms
block 13/40 - 37/120  34072.7 ms
block 14/40 - 40/120  34305.6 ms
block 15/40 - 43/120  34367.9 ms
block 16/40 - 46/120  34619.9 ms
block 17/40 - 49/120  33880.8 ms
block 18/40 - 52/120  34247.0 ms
block 19/40 - 55/120  34384.7 ms
block 20/40 - 58/120  34621.4 ms
block 21/40 - 61/120  33875.6 ms
block 22/40 - 64/120  34208.9 ms
block 23/40 - 67/120  34379.6 ms
block 24/40 - 70/120  34620.3 ms
block 25/40 - 73/120  33891.3 ms
block 26/40 - 76/120  34223.7 ms
block 27/40 - 79/120  34411.6 ms
block 28/40 - 82/120  34646.7 ms
block 29/40 - 85/120  33906.9 ms
block 30/40 - 88/120  34217.6 ms
block 31/40 - 91/120  34364.8 ms
block 32/40 - 94/120  34620.4 ms
block 33/40 - 97/120  33903.6 ms
block 34/40 - 100/120  34210.4 ms
block 35/40 - 103/120  34377.3 ms
block 36/40 - 106/120  34634.5 ms
block 37/40 - 109/120  33895.3 ms
block 38/40 - 112/120  34199.6 ms
block 39/40 - 115/120  34375.2 ms
block 40/40 - 118/120  34624.3 ms
[121/128] elapsed=184.5m  avg=91.5s/prompt  eta=10.7m
