Running on a single GPU (cuda); skipping NCCL initialization.
Free VRAM 93.14923095703125 GB
Loading CUDA extension (first run compiles ~60s; cached run ~3s)...
CUDA extension ready in 127.6s.
KV inference with 3 frames per block
Number of prompts: 128
Prompt index range: [0, 128)
Loading PyramidKV config from configs/head_configs/best_labels.csv
block 1/40 - 1/120  226952.2 ms
block 2/40 - 4/120  30792.4 ms
block 3/40 - 7/120  32379.2 ms
block 4/40 - 10/120  32844.1 ms
block 5/40 - 13/120  32902.6 ms
block 6/40 - 16/120  33038.9 ms
block 7/40 - 19/120  33417.0 ms
block 8/40 - 22/120  33931.4 ms
block 9/40 - 25/120  33919.6 ms
block 10/40 - 28/120  34257.0 ms
block 11/40 - 31/120  34125.6 ms
block 12/40 - 34/120  34406.3 ms
block 13/40 - 37/120  33868.1 ms
block 14/40 - 40/120  34116.8 ms
block 15/40 - 43/120  34130.0 ms
block 16/40 - 46/120  34392.3 ms
block 17/40 - 49/120  33855.0 ms
block 18/40 - 52/120  34143.4 ms
block 19/40 - 55/120  34116.8 ms
block 20/40 - 58/120  34406.9 ms
block 21/40 - 61/120  33866.3 ms
block 22/40 - 64/120  34146.7 ms
block 23/40 - 67/120  34138.5 ms
block 24/40 - 70/120  34423.3 ms
block 25/40 - 73/120  33870.8 ms
block 26/40 - 76/120  33949.9 ms
block 27/40 - 79/120  33716.0 ms
block 28/40 - 82/120  34026.5 ms
block 29/40 - 85/120  33435.6 ms
block 30/40 - 88/120  33760.4 ms
block 31/40 - 91/120  33724.6 ms
block 32/40 - 94/120  34035.5 ms
block 33/40 - 97/120  33433.1 ms
block 34/40 - 100/120  33779.4 ms
block 35/40 - 103/120  33727.9 ms
block 36/40 - 106/120  34048.5 ms
block 37/40 - 109/120  33416.2 ms
block 38/40 - 112/120  33798.3 ms
block 39/40 - 115/120  33729.6 ms
block 40/40 - 118/120  34041.6 ms
/apdcephfs_gy2/share_303214315/cedricnie/miniconda3/envs/longlive/lib/python3.10/site-packages/torchvision/io/_video_deprecation_warning.py:9: UserWarning: The video decoding and encoding capabilities of torchvision are deprecated from version 0.22 and will be removed in version 0.24. We recommend that you migrate to TorchCodec, where we'll consolidate the future decoding/encoding capabilities of PyTorch: https://github.com/pytorch/torchcodec
  warnings.warn(
[13/128] elapsed=26.0m  avg=120.1s/prompt  eta=230.1m
block 1/40 - 1/120  28262.4 ms
block 2/40 - 4/120  30489.9 ms
block 3/40 - 7/120  32109.1 ms
block 4/40 - 10/120  32578.5 ms
block 5/40 - 13/120  32606.1 ms
block 6/40 - 16/120  32754.0 ms
block 7/40 - 19/120  33090.2 ms
block 8/40 - 22/120  33655.4 ms
block 9/40 - 25/120  33611.6 ms
block 10/40 - 28/120  33822.0 ms
block 11/40 - 31/120  33730.2 ms
block 12/40 - 34/120  34105.6 ms
block 13/40 - 37/120  33377.5 ms
block 14/40 - 40/120  33850.1 ms
block 15/40 - 43/120  33731.2 ms
block 16/40 - 46/120  34081.8 ms
block 17/40 - 49/120  33353.3 ms
block 18/40 - 52/120  33848.6 ms
block 19/40 - 55/120  33727.4 ms
block 20/40 - 58/120  34046.5 ms
block 21/40 - 61/120  33347.2 ms
block 22/40 - 64/120  33848.7 ms
block 23/40 - 67/120  33725.5 ms
block 24/40 - 70/120  34083.5 ms
block 25/40 - 73/120  33567.2 ms
block 26/40 - 76/120  33901.7 ms
block 27/40 - 79/120  33840.4 ms
block 28/40 - 82/120  34145.1 ms
block 29/40 - 85/120  33350.1 ms
block 30/40 - 88/120  33832.0 ms
block 31/40 - 91/120  33736.8 ms
block 32/40 - 94/120  34038.6 ms
block 33/40 - 97/120  33370.4 ms
block 34/40 - 100/120  33814.0 ms
block 35/40 - 103/120  33742.6 ms
block 36/40 - 106/120  34049.7 ms
block 37/40 - 109/120  33366.3 ms
block 38/40 - 112/120  33812.2 ms
block 39/40 - 115/120  33757.4 ms
block 40/40 - 118/120  34035.9 ms
[29/128] elapsed=48.3m  avg=100.0s/prompt  eta=165.0m
block 1/40 - 1/120  27783.3 ms
block 2/40 - 4/120  30095.6 ms
block 3/40 - 7/120  32526.8 ms
block 4/40 - 10/120  32674.5 ms
block 5/40 - 13/120  32638.2 ms
block 6/40 - 16/120  32766.0 ms
block 7/40 - 19/120  33204.5 ms
block 8/40 - 22/120  33717.8 ms
block 9/40 - 25/120  33642.4 ms
block 10/40 - 28/120  33792.4 ms
block 11/40 - 31/120  33757.9 ms
block 12/40 - 34/120  34049.8 ms
block 13/40 - 37/120  33375.0 ms
block 14/40 - 40/120  33768.2 ms
block 15/40 - 43/120  33800.1 ms
block 16/40 - 46/120  34045.4 ms
block 17/40 - 49/120  33410.2 ms
block 18/40 - 52/120  33752.3 ms
block 19/40 - 55/120  33824.3 ms
block 20/40 - 58/120  34030.4 ms
block 21/40 - 61/120  33392.6 ms
block 22/40 - 64/120  33742.4 ms
block 23/40 - 67/120  33836.6 ms
block 24/40 - 70/120  34039.4 ms
block 25/40 - 73/120  33408.3 ms
block 26/40 - 76/120  33733.2 ms
block 27/40 - 79/120  33832.0 ms
block 28/40 - 82/120  34028.7 ms
block 29/40 - 85/120  33407.0 ms
block 30/40 - 88/120  33717.5 ms
block 31/40 - 91/120  33834.6 ms
block 32/40 - 94/120  34030.4 ms
block 33/40 - 97/120  33396.1 ms
block 34/40 - 100/120  33709.4 ms
block 35/40 - 103/120  33839.4 ms
block 36/40 - 106/120  34076.4 ms
block 37/40 - 109/120  33465.2 ms
block 38/40 - 112/120  33892.6 ms
block 39/40 - 115/120  33891.7 ms
block 40/40 - 118/120  34105.9 ms
[45/128] elapsed=70.6m  avg=94.2s/prompt  eta=130.2m
block 1/40 - 1/120  28139.4 ms
block 2/40 - 4/120  29743.4 ms
block 3/40 - 7/120  32248.1 ms
block 4/40 - 10/120  32967.7 ms
block 5/40 - 13/120  32737.3 ms
block 6/40 - 16/120  32817.8 ms
block 7/40 - 19/120  33126.2 ms
block 8/40 - 22/120  34029.9 ms
block 9/40 - 25/120  33692.0 ms
block 10/40 - 28/120  33824.5 ms
block 11/40 - 31/120  33786.5 ms
block 12/40 - 34/120  34064.1 ms
block 13/40 - 37/120  33384.7 ms
block 14/40 - 40/120  33715.8 ms
block 15/40 - 43/120  33801.0 ms
block 16/40 - 46/120  34064.7 ms
block 17/40 - 49/120  33390.2 ms
block 18/40 - 52/120  33736.1 ms
block 19/40 - 55/120  33767.0 ms
block 20/40 - 58/120  34086.3 ms
block 21/40 - 61/120  33391.7 ms
block 22/40 - 64/120  33732.6 ms
block 23/40 - 67/120  33771.7 ms
block 24/40 - 70/120  34084.0 ms
block 25/40 - 73/120  33380.9 ms
block 26/40 - 76/120  33739.6 ms
block 27/40 - 79/120  33765.5 ms
block 28/40 - 82/120  34115.5 ms
block 29/40 - 85/120  33375.5 ms
block 30/40 - 88/120  33731.9 ms
block 31/40 - 91/120  33736.9 ms
block 32/40 - 94/120  34135.1 ms
block 33/40 - 97/120  33394.4 ms
block 34/40 - 100/120  33748.1 ms
block 35/40 - 103/120  33734.8 ms
block 36/40 - 106/120  34144.0 ms
block 37/40 - 109/120  33374.5 ms
block 38/40 - 112/120  33747.1 ms
block 39/40 - 115/120  33701.8 ms
block 40/40 - 118/120  34177.6 ms
[61/128] elapsed=92.9m  avg=91.4s/prompt  eta=102.1m
block 1/40 - 1/120  27739.4 ms
block 2/40 - 4/120  30209.6 ms
block 3/40 - 7/120  31644.0 ms
block 4/40 - 10/120  32834.8 ms
block 5/40 - 13/120  32847.8 ms
block 6/40 - 16/120  32864.9 ms
block 7/40 - 19/120  33153.5 ms
block 8/40 - 22/120  33688.0 ms
block 9/40 - 25/120  33701.6 ms
block 10/40 - 28/120  33926.9 ms
block 11/40 - 31/120  33871.8 ms
block 12/40 - 34/120  34147.4 ms
block 13/40 - 37/120  33562.0 ms
block 14/40 - 40/120  33884.1 ms
block 15/40 - 43/120  33732.6 ms
block 16/40 - 46/120  34131.4 ms
block 17/40 - 49/120  33372.5 ms
block 18/40 - 52/120  33746.5 ms
block 19/40 - 55/120  33695.9 ms
block 20/40 - 58/120  34127.3 ms
block 21/40 - 61/120  33223.4 ms
block 22/40 - 64/120  33739.0 ms
block 23/40 - 67/120  33704.8 ms
block 24/40 - 70/120  34098.9 ms
block 25/40 - 73/120  33386.6 ms
block 26/40 - 76/120  33738.7 ms
block 27/40 - 79/120  33713.8 ms
block 28/40 - 82/120  34102.7 ms
block 29/40 - 85/120  33400.5 ms
block 30/40 - 88/120  33738.0 ms
block 31/40 - 91/120  33736.6 ms
block 32/40 - 94/120  34089.1 ms
block 33/40 - 97/120  33424.6 ms
block 34/40 - 100/120  33726.9 ms
block 35/40 - 103/120  33732.2 ms
block 36/40 - 106/120  34080.6 ms
block 37/40 - 109/120  33448.4 ms
block 38/40 - 112/120  33738.4 ms
block 39/40 - 115/120  33735.8 ms
block 40/40 - 118/120  34081.8 ms
[77/128] elapsed=115.2m  avg=89.8s/prompt  eta=76.3m
block 1/40 - 1/120  27906.7 ms
block 2/40 - 4/120  29754.2 ms
block 3/40 - 7/120  31656.5 ms
block 4/40 - 10/120  32215.9 ms
block 5/40 - 13/120  33022.9 ms
block 6/40 - 16/120  33136.8 ms
block 7/40 - 19/120  33283.1 ms
block 8/40 - 22/120  33824.6 ms
block 9/40 - 25/120  33811.0 ms
block 10/40 - 28/120  33959.4 ms
block 11/40 - 31/120  33892.3 ms
block 12/40 - 34/120  34119.7 ms
block 13/40 - 37/120  33444.6 ms
block 14/40 - 40/120  33741.7 ms
block 15/40 - 43/120  33744.9 ms
block 16/40 - 46/120  34002.2 ms
block 17/40 - 49/120  33479.0 ms
block 18/40 - 52/120  33726.8 ms
block 19/40 - 55/120  33752.0 ms
block 20/40 - 58/120  34021.0 ms
block 21/40 - 61/120  33485.3 ms
block 22/40 - 64/120  33742.1 ms
block 23/40 - 67/120  33829.3 ms
block 24/40 - 70/120  34158.0 ms
block 25/40 - 73/120  33602.5 ms
block 26/40 - 76/120  33859.7 ms
block 27/40 - 79/120  33744.3 ms
block 28/40 - 82/120  34000.8 ms
block 29/40 - 85/120  33461.6 ms
block 30/40 - 88/120  33731.1 ms
block 31/40 - 91/120  33745.5 ms
block 32/40 - 94/120  34040.1 ms
block 33/40 - 97/120  33455.3 ms
block 34/40 - 100/120  33748.7 ms
block 35/40 - 103/120  33718.7 ms
block 36/40 - 106/120  34047.6 ms
block 37/40 - 109/120  33447.7 ms
block 38/40 - 112/120  33763.3 ms
block 39/40 - 115/120  33718.7 ms
block 40/40 - 118/120  34033.6 ms
[93/128] elapsed=137.5m  avg=88.7s/prompt  eta=51.7m
block 1/40 - 1/120  28233.9 ms
block 2/40 - 4/120  29887.7 ms
block 3/40 - 7/120  31787.1 ms
block 4/40 - 10/120  32265.9 ms
block 5/40 - 13/120  32373.4 ms
block 6/40 - 16/120  33141.5 ms
block 7/40 - 19/120  33477.8 ms
block 8/40 - 22/120  33995.6 ms
block 9/40 - 25/120  33839.3 ms
block 10/40 - 28/120  34007.3 ms
block 11/40 - 31/120  33932.5 ms
block 12/40 - 34/120  34199.3 ms
block 13/40 - 37/120  33455.5 ms
block 14/40 - 40/120  33791.1 ms
block 15/40 - 43/120  33736.5 ms
block 16/40 - 46/120  34053.8 ms
block 17/40 - 49/120  33386.6 ms
block 18/40 - 52/120  33824.3 ms
block 19/40 - 55/120  33718.6 ms
block 20/40 - 58/120  34058.0 ms
block 21/40 - 61/120  33374.5 ms
block 22/40 - 64/120  33840.5 ms
block 23/40 - 67/120  33727.9 ms
block 24/40 - 70/120  34067.5 ms
block 25/40 - 73/120  33373.0 ms
block 26/40 - 76/120  33846.3 ms
block 27/40 - 79/120  33714.5 ms
block 28/40 - 82/120  34060.9 ms
block 29/40 - 85/120  33365.2 ms
block 30/40 - 88/120  33853.0 ms
block 31/40 - 91/120  33721.5 ms
block 32/40 - 94/120  34049.2 ms
block 33/40 - 97/120  33353.5 ms
block 34/40 - 100/120  33851.8 ms
block 35/40 - 103/120  33728.0 ms
block 36/40 - 106/120  34108.2 ms
block 37/40 - 109/120  33607.5 ms
block 38/40 - 112/120  33905.0 ms
block 39/40 - 115/120  33851.9 ms
block 40/40 - 118/120  34077.7 ms
[109/128] elapsed=159.8m  avg=88.0s/prompt  eta=27.9m
block 1/40 - 1/120  28604.2 ms
block 2/40 - 4/120  29835.6 ms
block 3/40 - 7/120  31816.2 ms
block 4/40 - 10/120  32230.2 ms
block 5/40 - 13/120  32327.7 ms
block 6/40 - 16/120  32699.0 ms
block 7/40 - 19/120  33494.8 ms
block 8/40 - 22/120  34055.1 ms
block 9/40 - 25/120  34059.4 ms
block 10/40 - 28/120  34036.1 ms
block 11/40 - 31/120  33965.7 ms
block 12/40 - 34/120  34252.8 ms
block 13/40 - 37/120  33479.3 ms
block 14/40 - 40/120  33784.2 ms
block 15/40 - 43/120  33761.0 ms
block 16/40 - 46/120  34027.9 ms
block 17/40 - 49/120  33379.2 ms
block 18/40 - 52/120  33807.1 ms
block 19/40 - 55/120  33771.9 ms
block 20/40 - 58/120  34059.4 ms
block 21/40 - 61/120  33374.7 ms
block 22/40 - 64/120  33786.6 ms
block 23/40 - 67/120  33784.8 ms
block 24/40 - 70/120  34050.3 ms
block 25/40 - 73/120  33388.0 ms
block 26/40 - 76/120  33777.7 ms
block 27/40 - 79/120  33784.1 ms
block 28/40 - 82/120  34048.5 ms
block 29/40 - 85/120  33389.0 ms
block 30/40 - 88/120  33754.8 ms
block 31/40 - 91/120  33812.8 ms
block 32/40 - 94/120  34032.9 ms
block 33/40 - 97/120  33387.7 ms
block 34/40 - 100/120  33748.7 ms
block 35/40 - 103/120  33822.0 ms
block 36/40 - 106/120  34064.5 ms
block 37/40 - 109/120  33406.3 ms
block 38/40 - 112/120  33723.0 ms
block 39/40 - 115/120  33833.2 ms
block 40/40 - 118/120  34056.8 ms
[125/128] elapsed=182.1m  avg=87.4s/prompt  eta=4.4m
