Running on a single GPU (cuda); skipping NCCL initialization.
Free VRAM 93.14923095703125 GB
Loading CUDA extension (first run compiles ~60s; cached run ~3s)...
CUDA extension ready in 127.7s.
KV inference with 3 frames per block
Number of prompts: 128
Prompt index range: [0, 128)
Loading PyramidKV config from configs/head_configs/best_labels.csv
block 1/40 - 1/120  226956.7 ms
block 2/40 - 4/120  30881.5 ms
block 3/40 - 7/120  32673.6 ms
block 4/40 - 10/120  32900.7 ms
block 5/40 - 13/120  32934.7 ms
block 6/40 - 16/120  33308.3 ms
block 7/40 - 19/120  33725.8 ms
block 8/40 - 22/120  34005.8 ms
block 9/40 - 25/120  33992.6 ms
block 10/40 - 28/120  34259.5 ms
block 11/40 - 31/120  34291.3 ms
block 12/40 - 34/120  34593.6 ms
block 13/40 - 37/120  33938.0 ms
block 14/40 - 40/120  34221.9 ms
block 15/40 - 43/120  34278.4 ms
block 16/40 - 46/120  34600.8 ms
block 17/40 - 49/120  33948.8 ms
block 18/40 - 52/120  34240.7 ms
block 19/40 - 55/120  34275.2 ms
block 20/40 - 58/120  34615.8 ms
block 21/40 - 61/120  33945.7 ms
block 22/40 - 64/120  34218.6 ms
block 23/40 - 67/120  34270.8 ms
block 24/40 - 70/120  34616.3 ms
block 25/40 - 73/120  33930.5 ms
block 26/40 - 76/120  34239.9 ms
block 27/40 - 79/120  34256.0 ms
block 28/40 - 82/120  34603.7 ms
block 29/40 - 85/120  33931.4 ms
block 30/40 - 88/120  34274.7 ms
block 31/40 - 91/120  34295.2 ms
block 32/40 - 94/120  34640.8 ms
block 33/40 - 97/120  33926.3 ms
block 34/40 - 100/120  34261.5 ms
block 35/40 - 103/120  34270.4 ms
block 36/40 - 106/120  34625.1 ms
block 37/40 - 109/120  33935.2 ms
block 38/40 - 112/120  34257.2 ms
block 39/40 - 115/120  34290.7 ms
block 40/40 - 118/120  34634.6 ms
/apdcephfs_gy2/share_303214315/cedricnie/miniconda3/envs/longlive/lib/python3.10/site-packages/torchvision/io/_video_deprecation_warning.py:9: UserWarning: The video decoding and encoding capabilities of torchvision are deprecated from version 0.22 and will be removed in version 0.24. We recommend that you migrate to TorchCodec, where we'll consolidate the future decoding/encoding capabilities of PyTorch: https://github.com/pytorch/torchcodec
  warnings.warn(
[16/128] elapsed=26.2m  avg=98.2s/prompt  eta=183.4m
block 1/40 - 1/120  28593.8 ms
block 2/40 - 4/120  30745.0 ms
block 3/40 - 7/120  32714.1 ms
block 4/40 - 10/120  32931.8 ms
block 5/40 - 13/120  32968.0 ms
block 6/40 - 16/120  33340.2 ms
block 7/40 - 19/120  33742.4 ms
block 8/40 - 22/120  34053.3 ms
block 9/40 - 25/120  34006.9 ms
block 10/40 - 28/120  34313.1 ms
block 11/40 - 31/120  34453.4 ms
block 12/40 - 34/120  34628.5 ms
block 13/40 - 37/120  33933.8 ms
block 14/40 - 40/120  34293.9 ms
block 15/40 - 43/120  34294.3 ms
block 16/40 - 46/120  34630.5 ms
block 17/40 - 49/120  33937.2 ms
block 18/40 - 52/120  34278.4 ms
block 19/40 - 55/120  34309.4 ms
block 20/40 - 58/120  34628.9 ms
block 21/40 - 61/120  33935.6 ms
block 22/40 - 64/120  34292.9 ms
block 23/40 - 67/120  34280.7 ms
block 24/40 - 70/120  34639.9 ms
block 25/40 - 73/120  33921.1 ms
block 26/40 - 76/120  34296.7 ms
block 27/40 - 79/120  34280.2 ms
block 28/40 - 82/120  34603.2 ms
block 29/40 - 85/120  33915.4 ms
block 30/40 - 88/120  34285.3 ms
block 31/40 - 91/120  34320.1 ms
block 32/40 - 94/120  34647.9 ms
block 33/40 - 97/120  33913.3 ms
block 34/40 - 100/120  34295.3 ms
block 35/40 - 103/120  34259.8 ms
block 36/40 - 106/120  34641.9 ms
block 37/40 - 109/120  33925.1 ms
block 38/40 - 112/120  34306.5 ms
block 39/40 - 115/120  34298.5 ms
block 40/40 - 118/120  34655.9 ms
[32/128] elapsed=48.8m  avg=91.6s/prompt  eta=146.5m
block 1/40 - 1/120  28450.8 ms
block 2/40 - 4/120  30802.9 ms
block 3/40 - 7/120  32757.1 ms
block 4/40 - 10/120  32949.3 ms
block 5/40 - 13/120  32979.4 ms
block 6/40 - 16/120  33344.5 ms
block 7/40 - 19/120  33737.8 ms
block 8/40 - 22/120  34062.0 ms
block 9/40 - 25/120  34018.7 ms
block 10/40 - 28/120  34297.2 ms
block 11/40 - 31/120  34286.9 ms
block 12/40 - 34/120  34630.5 ms
block 13/40 - 37/120  33896.5 ms
block 14/40 - 40/120  34290.0 ms
block 15/40 - 43/120  34291.9 ms
block 16/40 - 46/120  34642.1 ms
block 17/40 - 49/120  33892.7 ms
block 18/40 - 52/120  34291.7 ms
block 19/40 - 55/120  34269.1 ms
block 20/40 - 58/120  34631.8 ms
block 21/40 - 61/120  33904.9 ms
block 22/40 - 64/120  34296.0 ms
block 23/40 - 67/120  34275.3 ms
block 24/40 - 70/120  34646.4 ms
block 25/40 - 73/120  33894.7 ms
block 26/40 - 76/120  34294.4 ms
block 27/40 - 79/120  34294.8 ms
block 28/40 - 82/120  34652.7 ms
block 29/40 - 85/120  33888.8 ms
block 30/40 - 88/120  34333.9 ms
block 31/40 - 91/120  34272.6 ms
block 32/40 - 94/120  34648.0 ms
block 33/40 - 97/120  33890.8 ms
block 34/40 - 100/120  34324.3 ms
block 35/40 - 103/120  34303.1 ms
block 36/40 - 106/120  34671.8 ms
block 37/40 - 109/120  33881.0 ms
block 38/40 - 112/120  34302.7 ms
block 39/40 - 115/120  34268.1 ms
block 40/40 - 118/120  34659.8 ms
[48/128] elapsed=71.5m  avg=89.3s/prompt  eta=119.1m
block 1/40 - 1/120  28826.2 ms
block 2/40 - 4/120  31004.3 ms
block 3/40 - 7/120  32793.8 ms
block 4/40 - 10/120  32978.6 ms
block 5/40 - 13/120  32986.9 ms
block 6/40 - 16/120  33183.1 ms
block 7/40 - 19/120  33754.4 ms
block 8/40 - 22/120  34079.6 ms
block 9/40 - 25/120  34015.2 ms
block 10/40 - 28/120  34305.9 ms
block 11/40 - 31/120  34278.0 ms
block 12/40 - 34/120  34656.5 ms
block 13/40 - 37/120  33882.4 ms
block 14/40 - 40/120  34334.4 ms
block 15/40 - 43/120  34293.4 ms
block 16/40 - 46/120  34627.7 ms
block 17/40 - 49/120  33867.3 ms
block 18/40 - 52/120  34340.2 ms
block 19/40 - 55/120  34281.2 ms
block 20/40 - 58/120  34645.6 ms
block 21/40 - 61/120  33877.1 ms
block 22/40 - 64/120  34328.9 ms
block 23/40 - 67/120  34278.5 ms
block 24/40 - 70/120  34649.8 ms
block 25/40 - 73/120  33885.7 ms
block 26/40 - 76/120  34333.0 ms
block 27/40 - 79/120  34266.2 ms
block 28/40 - 82/120  34670.7 ms
block 29/40 - 85/120  33866.0 ms
block 30/40 - 88/120  34333.3 ms
block 31/40 - 91/120  34287.5 ms
block 32/40 - 94/120  34655.7 ms
block 33/40 - 97/120  33866.9 ms
block 34/40 - 100/120  34354.2 ms
block 35/40 - 103/120  34297.2 ms
block 36/40 - 106/120  34640.3 ms
block 37/40 - 109/120  33872.6 ms
block 38/40 - 112/120  34344.9 ms
block 39/40 - 115/120  34278.8 ms
block 40/40 - 118/120  34638.1 ms
[64/128] elapsed=94.1m  avg=88.2s/prompt  eta=94.1m
block 1/40 - 1/120  28342.0 ms
block 2/40 - 4/120  30807.4 ms
block 3/40 - 7/120  32817.7 ms
block 4/40 - 10/120  33043.6 ms
block 5/40 - 13/120  33039.7 ms
block 6/40 - 16/120  33229.2 ms
block 7/40 - 19/120  33758.2 ms
block 8/40 - 22/120  34105.6 ms
block 9/40 - 25/120  34039.6 ms
block 10/40 - 28/120  34311.8 ms
block 11/40 - 31/120  34312.8 ms
block 12/40 - 34/120  34669.2 ms
block 13/40 - 37/120  33879.7 ms
block 14/40 - 40/120  34359.3 ms
block 15/40 - 43/120  34309.3 ms
block 16/40 - 46/120  34653.8 ms
block 17/40 - 49/120  33864.8 ms
block 18/40 - 52/120  34356.2 ms
block 19/40 - 55/120  34313.5 ms
block 20/40 - 58/120  34637.9 ms
block 21/40 - 61/120  33870.5 ms
block 22/40 - 64/120  34365.9 ms
block 23/40 - 67/120  34301.3 ms
block 24/40 - 70/120  34653.0 ms
block 25/40 - 73/120  33856.4 ms
block 26/40 - 76/120  34353.3 ms
block 27/40 - 79/120  34302.9 ms
block 28/40 - 82/120  34635.9 ms
block 29/40 - 85/120  33861.8 ms
block 30/40 - 88/120  34336.8 ms
block 31/40 - 91/120  34306.5 ms
block 32/40 - 94/120  34653.9 ms
block 33/40 - 97/120  33847.0 ms
block 34/40 - 100/120  34375.2 ms
block 35/40 - 103/120  34299.0 ms
block 36/40 - 106/120  34661.6 ms
block 37/40 - 109/120  33849.2 ms
block 38/40 - 112/120  34342.7 ms
block 39/40 - 115/120  34287.2 ms
block 40/40 - 118/120  34645.4 ms
[80/128] elapsed=116.8m  avg=87.6s/prompt  eta=70.1m
block 1/40 - 1/120  28006.9 ms
block 2/40 - 4/120  30805.8 ms
block 3/40 - 7/120  32822.4 ms
block 4/40 - 10/120  33041.1 ms
block 5/40 - 13/120  33082.3 ms
block 6/40 - 16/120  33437.5 ms
block 7/40 - 19/120  33787.1 ms
block 8/40 - 22/120  34118.6 ms
block 9/40 - 25/120  34033.1 ms
block 10/40 - 28/120  34337.4 ms
block 11/40 - 31/120  34288.0 ms
block 12/40 - 34/120  34681.1 ms
block 13/40 - 37/120  33838.5 ms
block 14/40 - 40/120  34363.9 ms
block 15/40 - 43/120  34283.3 ms
block 16/40 - 46/120  34668.8 ms
block 17/40 - 49/120  33844.2 ms
block 18/40 - 52/120  34362.1 ms
block 19/40 - 55/120  34269.5 ms
block 20/40 - 58/120  34661.1 ms
block 21/40 - 61/120  33840.1 ms
block 22/40 - 64/120  34383.8 ms
block 23/40 - 67/120  34278.4 ms
block 24/40 - 70/120  34645.0 ms
block 25/40 - 73/120  33840.9 ms
block 26/40 - 76/120  34373.0 ms
block 27/40 - 79/120  34296.8 ms
block 28/40 - 82/120  34663.7 ms
block 29/40 - 85/120  33846.7 ms
block 30/40 - 88/120  34374.6 ms
block 31/40 - 91/120  34286.8 ms
block 32/40 - 94/120  34689.3 ms
block 33/40 - 97/120  33931.6 ms
block 34/40 - 100/120  34325.2 ms
block 35/40 - 103/120  34294.5 ms
block 36/40 - 106/120  34620.7 ms
block 37/40 - 109/120  34003.4 ms
block 38/40 - 112/120  34325.9 ms
block 39/40 - 115/120  34303.4 ms
block 40/40 - 118/120  34604.4 ms
[96/128] elapsed=139.4m  avg=87.1s/prompt  eta=46.5m
block 1/40 - 1/120  28385.6 ms
block 2/40 - 4/120  30594.3 ms
block 3/40 - 7/120  32813.4 ms
block 4/40 - 10/120  33202.2 ms
block 5/40 - 13/120  33077.5 ms
block 6/40 - 16/120  33446.8 ms
block 7/40 - 19/120  33837.6 ms
block 8/40 - 22/120  34141.0 ms
block 9/40 - 25/120  34086.6 ms
block 10/40 - 28/120  34313.7 ms
block 11/40 - 31/120  34287.2 ms
block 12/40 - 34/120  34610.9 ms
block 13/40 - 37/120  33875.1 ms
block 14/40 - 40/120  34332.5 ms
block 15/40 - 43/120  34269.5 ms
block 16/40 - 46/120  34678.6 ms
block 17/40 - 49/120  33832.9 ms
block 18/40 - 52/120  34326.8 ms
block 19/40 - 55/120  34302.0 ms
block 20/40 - 58/120  34656.8 ms
block 21/40 - 61/120  33813.5 ms
block 22/40 - 64/120  34344.2 ms
block 23/40 - 67/120  34306.8 ms
block 24/40 - 70/120  34633.3 ms
block 25/40 - 73/120  33824.1 ms
block 26/40 - 76/120  34340.5 ms
block 27/40 - 79/120  34305.2 ms
block 28/40 - 82/120  34649.4 ms
block 29/40 - 85/120  33832.5 ms
block 30/40 - 88/120  34321.6 ms
block 31/40 - 91/120  34320.2 ms
block 32/40 - 94/120  34642.4 ms
block 33/40 - 97/120  33826.7 ms
block 34/40 - 100/120  34307.1 ms
block 35/40 - 103/120  34316.9 ms
block 36/40 - 106/120  34654.6 ms
block 37/40 - 109/120  33829.6 ms
block 38/40 - 112/120  34312.3 ms
block 39/40 - 115/120  34318.5 ms
block 40/40 - 118/120  34663.0 ms
[112/128] elapsed=162.0m  avg=86.8s/prompt  eta=23.1m
block 1/40 - 1/120  28228.5 ms
block 2/40 - 4/120  30464.1 ms
block 3/40 - 7/120  32810.0 ms
block 4/40 - 10/120  33040.9 ms
block 5/40 - 13/120  33100.4 ms
block 6/40 - 16/120  33437.5 ms
block 7/40 - 19/120  33857.4 ms
block 8/40 - 22/120  34140.3 ms
block 9/40 - 25/120  34145.4 ms
block 10/40 - 28/120  34368.5 ms
block 11/40 - 31/120  34300.1 ms
block 12/40 - 34/120  34647.5 ms
block 13/40 - 37/120  33828.8 ms
block 14/40 - 40/120  34288.7 ms
block 15/40 - 43/120  34356.2 ms
block 16/40 - 46/120  34669.0 ms
block 17/40 - 49/120  33840.6 ms
block 18/40 - 52/120  34304.8 ms
block 19/40 - 55/120  34331.8 ms
block 20/40 - 58/120  34651.9 ms
block 21/40 - 61/120  33839.1 ms
block 22/40 - 64/120  34299.3 ms
block 23/40 - 67/120  34360.8 ms
block 24/40 - 70/120  34631.6 ms
block 25/40 - 73/120  33845.3 ms
block 26/40 - 76/120  34284.0 ms
block 27/40 - 79/120  34323.8 ms
block 28/40 - 82/120  34635.1 ms
block 29/40 - 85/120  33840.3 ms
block 30/40 - 88/120  34289.3 ms
block 31/40 - 91/120  34330.8 ms
block 32/40 - 94/120  34643.4 ms
block 33/40 - 97/120  33839.7 ms
block 34/40 - 100/120  34283.7 ms
block 35/40 - 103/120  34346.0 ms
block 36/40 - 106/120  34655.1 ms
block 37/40 - 109/120  33848.7 ms
block 38/40 - 112/120  34286.7 ms
block 39/40 - 115/120  34338.8 ms
block 40/40 - 118/120  34630.2 ms
[128/128] elapsed=184.7m  avg=86.6s/prompt  eta=0.0m
