Running on a single GPU (cuda); skipping NCCL initialization.
Free VRAM 93.14923095703125 GB
Loading CUDA extension (first run compiles ~60s; cached run ~3s)...
CUDA extension ready in 127.7s.
KV inference with 3 frames per block
Number of prompts: 128
Prompt index range: [0, 128)
Loading PyramidKV config from configs/head_configs/best_labels.csv
block 1/40 - 1/120  226955.5 ms
block 2/40 - 4/120  30904.1 ms
block 3/40 - 7/120  32700.3 ms
block 4/40 - 10/120  32908.9 ms
block 5/40 - 13/120  32936.0 ms
block 6/40 - 16/120  33297.1 ms
block 7/40 - 19/120  33679.2 ms
block 8/40 - 22/120  34003.7 ms
block 9/40 - 25/120  33988.1 ms
block 10/40 - 28/120  34217.3 ms
block 11/40 - 31/120  34248.0 ms
block 12/40 - 34/120  34585.5 ms
block 13/40 - 37/120  33930.6 ms
block 14/40 - 40/120  34253.2 ms
block 15/40 - 43/120  34270.7 ms
block 16/40 - 46/120  34606.2 ms
block 17/40 - 49/120  33944.7 ms
block 18/40 - 52/120  34237.8 ms
block 19/40 - 55/120  34274.6 ms
block 20/40 - 58/120  34624.2 ms
block 21/40 - 61/120  33940.3 ms
block 22/40 - 64/120  34262.9 ms
block 23/40 - 67/120  34276.5 ms
block 24/40 - 70/120  34621.8 ms
block 25/40 - 73/120  33932.4 ms
block 26/40 - 76/120  34257.7 ms
block 27/40 - 79/120  34261.4 ms
block 28/40 - 82/120  34616.5 ms
block 29/40 - 85/120  33940.7 ms
block 30/40 - 88/120  34275.8 ms
block 31/40 - 91/120  34270.9 ms
block 32/40 - 94/120  34621.9 ms
block 33/40 - 97/120  33928.8 ms
block 34/40 - 100/120  34262.2 ms
block 35/40 - 103/120  34249.7 ms
block 36/40 - 106/120  34603.4 ms
block 37/40 - 109/120  33917.6 ms
block 38/40 - 112/120  34241.2 ms
block 39/40 - 115/120  34260.2 ms
block 40/40 - 118/120  34598.7 ms
/apdcephfs_gy2/share_303214315/cedricnie/miniconda3/envs/longlive/lib/python3.10/site-packages/torchvision/io/_video_deprecation_warning.py:9: UserWarning: The video decoding and encoding capabilities of torchvision are deprecated from version 0.22 and will be removed in version 0.24. We recommend that you migrate to TorchCodec, where we'll consolidate the future decoding/encoding capabilities of PyTorch: https://github.com/pytorch/torchcodec
  warnings.warn(
[10/128] elapsed=26.2m  avg=157.2s/prompt  eta=309.1m
block 1/40 - 1/120  28618.5 ms
block 2/40 - 4/120  30752.3 ms
block 3/40 - 7/120  32728.4 ms
block 4/40 - 10/120  32942.0 ms
block 5/40 - 13/120  32959.6 ms
block 6/40 - 16/120  33159.6 ms
block 7/40 - 19/120  33721.4 ms
block 8/40 - 22/120  34032.3 ms
block 9/40 - 25/120  34004.5 ms
block 10/40 - 28/120  34388.2 ms
block 11/40 - 31/120  34255.0 ms
block 12/40 - 34/120  34598.8 ms
block 13/40 - 37/120  33929.1 ms
block 14/40 - 40/120  34258.7 ms
block 15/40 - 43/120  34241.1 ms
block 16/40 - 46/120  34607.0 ms
block 17/40 - 49/120  33883.3 ms
block 18/40 - 52/120  34232.6 ms
block 19/40 - 55/120  34205.1 ms
block 20/40 - 58/120  34598.4 ms
block 21/40 - 61/120  33876.6 ms
block 22/40 - 64/120  34247.7 ms
block 23/40 - 67/120  34270.2 ms
block 24/40 - 70/120  34606.3 ms
block 25/40 - 73/120  33870.4 ms
block 26/40 - 76/120  34237.4 ms
block 27/40 - 79/120  34267.2 ms
block 28/40 - 82/120  34626.7 ms
block 29/40 - 85/120  33899.1 ms
block 30/40 - 88/120  34272.2 ms
block 31/40 - 91/120  34294.7 ms
block 32/40 - 94/120  34604.4 ms
block 33/40 - 97/120  33894.3 ms
block 34/40 - 100/120  34294.0 ms
block 35/40 - 103/120  34243.0 ms
block 36/40 - 106/120  34621.9 ms
block 37/40 - 109/120  33892.2 ms
block 38/40 - 112/120  34298.3 ms
block 39/40 - 115/120  34268.6 ms
block 40/40 - 118/120  34637.7 ms
[26/128] elapsed=48.8m  avg=112.7s/prompt  eta=191.5m
block 1/40 - 1/120  28410.2 ms
block 2/40 - 4/120  30797.5 ms
block 3/40 - 7/120  32750.8 ms
block 4/40 - 10/120  32958.4 ms
block 5/40 - 13/120  32984.3 ms
block 6/40 - 16/120  33196.1 ms
block 7/40 - 19/120  33742.3 ms
block 8/40 - 22/120  34080.3 ms
block 9/40 - 25/120  34016.1 ms
block 10/40 - 28/120  34282.7 ms
block 11/40 - 31/120  34284.6 ms
block 12/40 - 34/120  34643.3 ms
block 13/40 - 37/120  33891.8 ms
block 14/40 - 40/120  34305.6 ms
block 15/40 - 43/120  34267.4 ms
block 16/40 - 46/120  34630.2 ms
block 17/40 - 49/120  33886.6 ms
block 18/40 - 52/120  34287.0 ms
block 19/40 - 55/120  34266.0 ms
block 20/40 - 58/120  34648.0 ms
block 21/40 - 61/120  33878.5 ms
block 22/40 - 64/120  34308.3 ms
block 23/40 - 67/120  34282.4 ms
block 24/40 - 70/120  34653.3 ms
block 25/40 - 73/120  33882.5 ms
block 26/40 - 76/120  34344.4 ms
block 27/40 - 79/120  34279.0 ms
block 28/40 - 82/120  34637.4 ms
block 29/40 - 85/120  33905.2 ms
block 30/40 - 88/120  34327.4 ms
block 31/40 - 91/120  34282.7 ms
block 32/40 - 94/120  34653.5 ms
block 33/40 - 97/120  33881.5 ms
block 34/40 - 100/120  34320.7 ms
block 35/40 - 103/120  34296.3 ms
block 36/40 - 106/120  34627.3 ms
block 37/40 - 109/120  33879.3 ms
block 38/40 - 112/120  34350.8 ms
block 39/40 - 115/120  34265.9 ms
block 40/40 - 118/120  34661.6 ms
[42/128] elapsed=71.4m  avg=102.1s/prompt  eta=146.3m
block 1/40 - 1/120  28465.0 ms
block 2/40 - 4/120  30802.9 ms
block 3/40 - 7/120  32786.0 ms
block 4/40 - 10/120  33032.7 ms
block 5/40 - 13/120  32983.7 ms
block 6/40 - 16/120  33380.0 ms
block 7/40 - 19/120  33684.7 ms
block 8/40 - 22/120  34096.0 ms
block 9/40 - 25/120  34022.8 ms
block 10/40 - 28/120  34299.1 ms
block 11/40 - 31/120  34292.3 ms
block 12/40 - 34/120  34645.1 ms
block 13/40 - 37/120  33892.0 ms
block 14/40 - 40/120  34324.1 ms
block 15/40 - 43/120  34288.8 ms
block 16/40 - 46/120  34644.9 ms
block 17/40 - 49/120  33874.3 ms
block 18/40 - 52/120  34329.2 ms
block 19/40 - 55/120  34283.0 ms
block 20/40 - 58/120  34634.2 ms
block 21/40 - 61/120  33855.3 ms
block 22/40 - 64/120  34337.8 ms
block 23/40 - 67/120  34272.8 ms
block 24/40 - 70/120  34630.5 ms
block 25/40 - 73/120  33863.4 ms
block 26/40 - 76/120  34329.7 ms
block 27/40 - 79/120  34293.0 ms
block 28/40 - 82/120  34648.1 ms
block 29/40 - 85/120  33846.6 ms
block 30/40 - 88/120  34347.4 ms
block 31/40 - 91/120  34288.7 ms
block 32/40 - 94/120  34646.8 ms
block 33/40 - 97/120  33865.4 ms
block 34/40 - 100/120  34335.6 ms
block 35/40 - 103/120  34280.7 ms
block 36/40 - 106/120  34632.0 ms
block 37/40 - 109/120  33858.1 ms
block 38/40 - 112/120  34342.0 ms
block 39/40 - 115/120  34280.8 ms
block 40/40 - 118/120  34637.3 ms
[58/128] elapsed=94.1m  avg=97.3s/prompt  eta=113.6m
block 1/40 - 1/120  28411.9 ms
block 2/40 - 4/120  30797.9 ms
block 3/40 - 7/120  32796.7 ms
block 4/40 - 10/120  33032.0 ms
block 5/40 - 13/120  33068.5 ms
block 6/40 - 16/120  33235.2 ms
block 7/40 - 19/120  33768.5 ms
block 8/40 - 22/120  34108.0 ms
block 9/40 - 25/120  34028.6 ms
block 10/40 - 28/120  34333.3 ms
block 11/40 - 31/120  34308.8 ms
block 12/40 - 34/120  34653.0 ms
block 13/40 - 37/120  33844.4 ms
block 14/40 - 40/120  34353.0 ms
block 15/40 - 43/120  34286.6 ms
block 16/40 - 46/120  34634.4 ms
block 17/40 - 49/120  33865.3 ms
block 18/40 - 52/120  34327.7 ms
block 19/40 - 55/120  34283.9 ms
block 20/40 - 58/120  34655.0 ms
block 21/40 - 61/120  33850.0 ms
block 22/40 - 64/120  34353.4 ms
block 23/40 - 67/120  34271.3 ms
block 24/40 - 70/120  34652.7 ms
block 25/40 - 73/120  33843.0 ms
block 26/40 - 76/120  34365.2 ms
block 27/40 - 79/120  34270.6 ms
block 28/40 - 82/120  34644.3 ms
block 29/40 - 85/120  33857.5 ms
block 30/40 - 88/120  34355.6 ms
block 31/40 - 91/120  34289.0 ms
block 32/40 - 94/120  34655.4 ms
block 33/40 - 97/120  33839.5 ms
block 34/40 - 100/120  34363.2 ms
block 35/40 - 103/120  34298.0 ms
block 36/40 - 106/120  34675.4 ms
block 37/40 - 109/120  33802.5 ms
block 38/40 - 112/120  34356.9 ms
block 39/40 - 115/120  34280.1 ms
block 40/40 - 118/120  34656.3 ms
[74/128] elapsed=116.7m  avg=94.6s/prompt  eta=85.2m
block 1/40 - 1/120  28408.8 ms
block 2/40 - 4/120  30792.4 ms
block 3/40 - 7/120  32643.4 ms
block 4/40 - 10/120  32975.6 ms
block 5/40 - 13/120  33013.4 ms
block 6/40 - 16/120  33210.0 ms
block 7/40 - 19/120  33768.6 ms
block 8/40 - 22/120  34120.7 ms
block 9/40 - 25/120  34019.7 ms
block 10/40 - 28/120  34347.0 ms
block 11/40 - 31/120  34254.2 ms
block 12/40 - 34/120  34668.9 ms
block 13/40 - 37/120  33836.6 ms
block 14/40 - 40/120  34345.9 ms
block 15/40 - 43/120  34285.3 ms
block 16/40 - 46/120  34669.0 ms
block 17/40 - 49/120  33940.6 ms
block 18/40 - 52/120  34313.0 ms
block 19/40 - 55/120  34291.5 ms
block 20/40 - 58/120  34610.9 ms
block 21/40 - 61/120  33994.5 ms
block 22/40 - 64/120  34304.8 ms
block 23/40 - 67/120  34302.0 ms
block 24/40 - 70/120  34605.1 ms
block 25/40 - 73/120  33997.2 ms
block 26/40 - 76/120  34314.6 ms
block 27/40 - 79/120  34288.9 ms
block 28/40 - 82/120  34627.5 ms
block 29/40 - 85/120  33988.6 ms
block 30/40 - 88/120  34324.1 ms
block 31/40 - 91/120  34280.9 ms
block 32/40 - 94/120  34607.0 ms
block 33/40 - 97/120  33900.3 ms
block 34/40 - 100/120  34327.7 ms
block 35/40 - 103/120  34274.5 ms
block 36/40 - 106/120  34639.7 ms
block 37/40 - 109/120  33818.1 ms
block 38/40 - 112/120  34322.9 ms
block 39/40 - 115/120  34280.9 ms
block 40/40 - 118/120  34646.9 ms
[90/128] elapsed=139.4m  avg=92.9s/prompt  eta=58.8m
block 1/40 - 1/120  28650.9 ms
block 2/40 - 4/120  30538.0 ms
block 3/40 - 7/120  32791.5 ms
block 4/40 - 10/120  33259.0 ms
block 5/40 - 13/120  33073.7 ms
block 6/40 - 16/120  33448.2 ms
block 7/40 - 19/120  33839.8 ms
block 8/40 - 22/120  34135.3 ms
block 9/40 - 25/120  34131.8 ms
block 10/40 - 28/120  34349.2 ms
block 11/40 - 31/120  34299.9 ms
block 12/40 - 34/120  34639.6 ms
block 13/40 - 37/120  33826.9 ms
block 14/40 - 40/120  34326.2 ms
block 15/40 - 43/120  34307.5 ms
block 16/40 - 46/120  34659.2 ms
block 17/40 - 49/120  33819.7 ms
block 18/40 - 52/120  34310.6 ms
block 19/40 - 55/120  34323.8 ms
block 20/40 - 58/120  34646.1 ms
block 21/40 - 61/120  33833.9 ms
block 22/40 - 64/120  34316.1 ms
block 23/40 - 67/120  34321.3 ms
block 24/40 - 70/120  34665.9 ms
block 25/40 - 73/120  33833.6 ms
block 26/40 - 76/120  34294.8 ms
block 27/40 - 79/120  34319.2 ms
block 28/40 - 82/120  34647.7 ms
block 29/40 - 85/120  33838.5 ms
block 30/40 - 88/120  34317.0 ms
block 31/40 - 91/120  34295.0 ms
block 32/40 - 94/120  34649.7 ms
block 33/40 - 97/120  33847.4 ms
block 34/40 - 100/120  34283.7 ms
block 35/40 - 103/120  34343.6 ms
block 36/40 - 106/120  34637.3 ms
block 37/40 - 109/120  33830.6 ms
block 38/40 - 112/120  34297.0 ms
block 39/40 - 115/120  34342.6 ms
block 40/40 - 118/120  34636.3 ms
[106/128] elapsed=162.0m  avg=91.7s/prompt  eta=33.6m
block 1/40 - 1/120  28093.7 ms
block 2/40 - 4/120  30406.2 ms
block 3/40 - 7/120  32777.0 ms
block 4/40 - 10/120  33031.9 ms
block 5/40 - 13/120  33074.1 ms
block 6/40 - 16/120  33428.2 ms
block 7/40 - 19/120  33837.5 ms
block 8/40 - 22/120  34131.4 ms
block 9/40 - 25/120  34130.7 ms
block 10/40 - 28/120  34379.7 ms
block 11/40 - 31/120  34395.7 ms
block 12/40 - 34/120  34643.5 ms
block 13/40 - 37/120  33841.4 ms
block 14/40 - 40/120  34277.1 ms
block 15/40 - 43/120  34330.8 ms
block 16/40 - 46/120  34639.8 ms
block 17/40 - 49/120  33835.6 ms
block 18/40 - 52/120  34274.2 ms
block 19/40 - 55/120  34353.5 ms
block 20/40 - 58/120  34627.2 ms
block 21/40 - 61/120  33838.3 ms
block 22/40 - 64/120  34299.4 ms
block 23/40 - 67/120  34358.0 ms
block 24/40 - 70/120  34654.5 ms
block 25/40 - 73/120  33833.2 ms
block 26/40 - 76/120  34257.5 ms
block 27/40 - 79/120  34375.0 ms
block 28/40 - 82/120  34634.7 ms
block 29/40 - 85/120  33845.3 ms
block 30/40 - 88/120  34277.0 ms
block 31/40 - 91/120  34351.7 ms
block 32/40 - 94/120  34649.6 ms
block 33/40 - 97/120  33856.6 ms
block 34/40 - 100/120  34271.8 ms
block 35/40 - 103/120  34338.3 ms
block 36/40 - 106/120  34654.4 ms
block 37/40 - 109/120  33854.8 ms
block 38/40 - 112/120  34246.0 ms
block 39/40 - 115/120  34371.1 ms
block 40/40 - 118/120  34641.9 ms
[122/128] elapsed=184.6m  avg=90.8s/prompt  eta=9.1m
