Running on a single GPU (cuda); skipping NCCL initialization.
Free VRAM 93.9398193359375 GB
Loading CUDA extension (first run compiles ~60s; cached run ~3s)...
CUDA extension ready in 141.0s.
KV inference with 3 frames per block
Number of prompts: 128
Prompt index range: [0, 128)
Loading PyramidKV config from configs/head_configs/best_labels.csv
block 1/40 - 1/120  263005.6 ms
block 2/40 - 4/120  16740.2 ms
block 3/40 - 7/120  17923.4 ms
block 4/40 - 10/120  18081.8 ms
block 5/40 - 13/120  18160.9 ms
block 6/40 - 16/120  18431.5 ms
block 7/40 - 19/120  18622.5 ms
block 8/40 - 22/120  18808.8 ms
block 9/40 - 25/120  18823.0 ms
block 10/40 - 28/120  19365.3 ms
block 11/40 - 31/120  18987.0 ms
block 12/40 - 34/120  19198.2 ms
block 13/40 - 37/120  18754.4 ms
block 14/40 - 40/120  18971.0 ms
block 15/40 - 43/120  18995.3 ms
block 16/40 - 46/120  19182.4 ms
block 17/40 - 49/120  18751.8 ms
block 18/40 - 52/120  18971.7 ms
block 19/40 - 55/120  18991.1 ms
block 20/40 - 58/120  19188.0 ms
block 21/40 - 61/120  18756.1 ms
block 22/40 - 64/120  18968.3 ms
block 23/40 - 67/120  18984.2 ms
block 24/40 - 70/120  19185.1 ms
block 25/40 - 73/120  18756.9 ms
block 26/40 - 76/120  18971.0 ms
block 27/40 - 79/120  19010.4 ms
block 28/40 - 82/120  19175.9 ms
block 29/40 - 85/120  18752.1 ms
block 30/40 - 88/120  18963.2 ms
block 31/40 - 91/120  18988.3 ms
block 32/40 - 94/120  19195.7 ms
block 33/40 - 97/120  18752.2 ms
block 34/40 - 100/120  19023.3 ms
block 35/40 - 103/120  18930.8 ms
block 36/40 - 106/120  19182.7 ms
block 37/40 - 109/120  18752.3 ms
block 38/40 - 112/120  18969.5 ms
block 39/40 - 115/120  18990.1 ms
block 40/40 - 118/120  19184.3 ms
[5/128] elapsed=16.9m  avg=203.0s/prompt  eta=416.2m
/apdcephfs_gy2/share_303214315/cedricnie/miniconda3/envs/longlive/lib/python3.10/site-packages/torchvision/io/_video_deprecation_warning.py:9: UserWarning: The video decoding and encoding capabilities of torchvision are deprecated from version 0.22 and will be removed in version 0.24. We recommend that you migrate to TorchCodec, where we'll consolidate the future decoding/encoding capabilities of PyTorch: https://github.com/pytorch/torchcodec
  warnings.warn(
block 1/40 - 1/120  16330.4 ms
block 2/40 - 4/120  16821.8 ms
block 3/40 - 7/120  17912.9 ms
block 4/40 - 10/120  18083.4 ms
block 5/40 - 13/120  18123.2 ms
block 6/40 - 16/120  18350.3 ms
block 7/40 - 19/120  18570.6 ms
block 8/40 - 22/120  18810.9 ms
block 9/40 - 25/120  18807.0 ms
block 10/40 - 28/120  18971.9 ms
block 11/40 - 31/120  18986.8 ms
block 12/40 - 34/120  19172.7 ms
block 13/40 - 37/120  18753.3 ms
block 14/40 - 40/120  18970.7 ms
block 15/40 - 43/120  18987.2 ms
block 16/40 - 46/120  19195.9 ms
block 17/40 - 49/120  18753.9 ms
block 18/40 - 52/120  18964.5 ms
block 19/40 - 55/120  19004.2 ms
block 20/40 - 58/120  19165.9 ms
block 21/40 - 61/120  18750.1 ms
block 22/40 - 64/120  18970.5 ms
block 23/40 - 67/120  18979.5 ms
block 24/40 - 70/120  19190.4 ms
block 25/40 - 73/120  18750.5 ms
block 26/40 - 76/120  18966.1 ms
block 27/40 - 79/120  19255.0 ms
block 28/40 - 82/120  19192.4 ms
block 29/40 - 85/120  18752.4 ms
block 30/40 - 88/120  18967.3 ms
block 31/40 - 91/120  18983.3 ms
block 32/40 - 94/120  19178.2 ms
block 33/40 - 97/120  18755.8 ms
block 34/40 - 100/120  18973.2 ms
block 35/40 - 103/120  18981.5 ms
block 36/40 - 106/120  19185.6 ms
block 37/40 - 109/120  18753.4 ms
block 38/40 - 112/120  18975.9 ms
block 39/40 - 115/120  18991.3 ms
block 40/40 - 118/120  19180.5 ms
[21/128] elapsed=29.5m  avg=84.2s/prompt  eta=150.1m
block 1/40 - 1/120  16262.5 ms
block 2/40 - 4/120  16768.9 ms
block 3/40 - 7/120  17910.3 ms
block 4/40 - 10/120  18079.4 ms
block 5/40 - 13/120  18119.6 ms
block 6/40 - 16/120  18346.6 ms
block 7/40 - 19/120  18564.2 ms
block 8/40 - 22/120  18812.8 ms
block 9/40 - 25/120  18805.9 ms
block 10/40 - 28/120  18973.0 ms
block 11/40 - 31/120  18980.1 ms
block 12/40 - 34/120  19193.9 ms
block 13/40 - 37/120  18757.9 ms
block 14/40 - 40/120  18973.5 ms
block 15/40 - 43/120  18988.1 ms
block 16/40 - 46/120  19185.7 ms
block 17/40 - 49/120  18755.1 ms
block 18/40 - 52/120  18971.3 ms
block 19/40 - 55/120  18988.0 ms
block 20/40 - 58/120  19192.5 ms
block 21/40 - 61/120  18754.9 ms
block 22/40 - 64/120  18973.9 ms
block 23/40 - 67/120  18989.2 ms
block 24/40 - 70/120  19189.9 ms
block 25/40 - 73/120  18751.7 ms
block 26/40 - 76/120  18975.1 ms
block 27/40 - 79/120  18977.7 ms
block 28/40 - 82/120  19188.7 ms
block 29/40 - 85/120  18758.6 ms
block 30/40 - 88/120  18969.5 ms
block 31/40 - 91/120  18988.2 ms
block 32/40 - 94/120  19184.7 ms
block 33/40 - 97/120  18755.7 ms
block 34/40 - 100/120  18974.2 ms
block 35/40 - 103/120  18987.5 ms
block 36/40 - 106/120  19195.1 ms
block 37/40 - 109/120  18733.7 ms
block 38/40 - 112/120  18951.8 ms
block 39/40 - 115/120  18989.2 ms
block 40/40 - 118/120  19190.7 ms
[37/128] elapsed=42.0m  avg=68.1s/prompt  eta=103.2m
block 1/40 - 1/120  16290.1 ms
block 2/40 - 4/120  16766.4 ms
block 3/40 - 7/120  17912.6 ms
block 4/40 - 10/120  18098.6 ms
block 5/40 - 13/120  18202.9 ms
block 6/40 - 16/120  18342.0 ms
block 7/40 - 19/120  18570.2 ms
block 8/40 - 22/120  18807.2 ms
block 9/40 - 25/120  18806.4 ms
block 10/40 - 28/120  18970.9 ms
block 11/40 - 31/120  18989.9 ms
block 12/40 - 34/120  19189.7 ms
block 13/40 - 37/120  18755.1 ms
block 14/40 - 40/120  18972.1 ms
block 15/40 - 43/120  18990.4 ms
block 16/40 - 46/120  19183.6 ms
block 17/40 - 49/120  18755.3 ms
block 18/40 - 52/120  18970.7 ms
block 19/40 - 55/120  18984.2 ms
block 20/40 - 58/120  19183.7 ms
block 21/40 - 61/120  18748.8 ms
block 22/40 - 64/120  18962.7 ms
block 23/40 - 67/120  18993.9 ms
block 24/40 - 70/120  19181.2 ms
block 25/40 - 73/120  18755.0 ms
block 26/40 - 76/120  18964.8 ms
block 27/40 - 79/120  18993.0 ms
block 28/40 - 82/120  19182.9 ms
block 29/40 - 85/120  18755.1 ms
block 30/40 - 88/120  18973.4 ms
block 31/40 - 91/120  18983.4 ms
block 32/40 - 94/120  19187.6 ms
block 33/40 - 97/120  18752.4 ms
block 34/40 - 100/120  18967.7 ms
block 35/40 - 103/120  18993.3 ms
block 36/40 - 106/120  19189.6 ms
block 37/40 - 109/120  18759.9 ms
block 38/40 - 112/120  18968.9 ms
block 39/40 - 115/120  18977.8 ms
block 40/40 - 118/120  19180.4 ms
[53/128] elapsed=54.5m  avg=61.7s/prompt  eta=77.1m
block 1/40 - 1/120  16449.7 ms
block 2/40 - 4/120  16854.9 ms
block 3/40 - 7/120  17924.4 ms
block 4/40 - 10/120  18091.2 ms
block 5/40 - 13/120  18222.5 ms
block 6/40 - 16/120  18348.1 ms
block 7/40 - 19/120  18572.2 ms
block 8/40 - 22/120  18813.3 ms
block 9/40 - 25/120  18812.7 ms
block 10/40 - 28/120  18974.5 ms
block 11/40 - 31/120  18989.0 ms
block 12/40 - 34/120  19191.5 ms
block 13/40 - 37/120  18754.7 ms
block 14/40 - 40/120  18976.7 ms
block 15/40 - 43/120  18992.6 ms
block 16/40 - 46/120  19199.6 ms
block 17/40 - 49/120  18762.4 ms
block 18/40 - 52/120  18985.2 ms
block 19/40 - 55/120  18989.8 ms
block 20/40 - 58/120  19197.6 ms
block 21/40 - 61/120  18760.1 ms
block 22/40 - 64/120  18979.6 ms
block 23/40 - 67/120  18989.7 ms
block 24/40 - 70/120  19203.9 ms
block 25/40 - 73/120  18759.7 ms
block 26/40 - 76/120  18984.5 ms
block 27/40 - 79/120  18987.2 ms
block 28/40 - 82/120  19201.7 ms
block 29/40 - 85/120  18761.0 ms
block 30/40 - 88/120  18976.2 ms
block 31/40 - 91/120  18986.5 ms
block 32/40 - 94/120  19195.3 ms
block 33/40 - 97/120  18760.6 ms
block 34/40 - 100/120  18974.5 ms
block 35/40 - 103/120  18983.1 ms
block 36/40 - 106/120  19196.1 ms
block 37/40 - 109/120  18759.8 ms
block 38/40 - 112/120  18983.1 ms
block 39/40 - 115/120  18984.1 ms
block 40/40 - 118/120  19195.3 ms
[69/128] elapsed=67.0m  avg=58.3s/prompt  eta=57.3m
block 1/40 - 1/120  16251.3 ms
block 2/40 - 4/120  16766.3 ms
block 3/40 - 7/120  17916.2 ms
block 4/40 - 10/120  18078.1 ms
block 5/40 - 13/120  18118.1 ms
block 6/40 - 16/120  18242.5 ms
block 7/40 - 19/120  18570.8 ms
block 8/40 - 22/120  18808.6 ms
block 9/40 - 25/120  18806.6 ms
block 10/40 - 28/120  18974.7 ms
block 11/40 - 31/120  18987.4 ms
block 12/40 - 34/120  19185.9 ms
block 13/40 - 37/120  18753.6 ms
block 14/40 - 40/120  18971.0 ms
block 15/40 - 43/120  18970.6 ms
block 16/40 - 46/120  19176.7 ms
block 17/40 - 49/120  18748.9 ms
block 18/40 - 52/120  18954.3 ms
block 19/40 - 55/120  18976.5 ms
block 20/40 - 58/120  19180.4 ms
block 21/40 - 61/120  18754.8 ms
block 22/40 - 64/120  18971.5 ms
block 23/40 - 67/120  18956.9 ms
block 24/40 - 70/120  19180.6 ms
block 25/40 - 73/120  18760.1 ms
block 26/40 - 76/120  18964.4 ms
block 27/40 - 79/120  18987.7 ms
block 28/40 - 82/120  19182.8 ms
block 29/40 - 85/120  18750.2 ms
block 30/40 - 88/120  18968.5 ms
block 31/40 - 91/120  18988.0 ms
block 32/40 - 94/120  19188.1 ms
block 33/40 - 97/120  18753.0 ms
block 34/40 - 100/120  18968.4 ms
block 35/40 - 103/120  18981.9 ms
block 36/40 - 106/120  19187.7 ms
block 37/40 - 109/120  18750.9 ms
block 38/40 - 112/120  18969.2 ms
block 39/40 - 115/120  18974.8 ms
block 40/40 - 118/120  19177.8 ms
[85/128] elapsed=79.6m  avg=56.2s/prompt  eta=40.2m
block 1/40 - 1/120  16301.0 ms
block 2/40 - 4/120  16928.7 ms
block 3/40 - 7/120  17912.6 ms
block 4/40 - 10/120  18077.7 ms
block 5/40 - 13/120  18119.2 ms
block 6/40 - 16/120  18344.8 ms
block 7/40 - 19/120  18563.0 ms
block 8/40 - 22/120  18808.4 ms
block 9/40 - 25/120  18805.4 ms
block 10/40 - 28/120  18970.9 ms
block 11/40 - 31/120  18988.5 ms
block 12/40 - 34/120  19173.5 ms
block 13/40 - 37/120  18750.6 ms
block 14/40 - 40/120  18976.3 ms
block 15/40 - 43/120  18978.6 ms
block 16/40 - 46/120  19184.5 ms
block 17/40 - 49/120  18755.6 ms
block 18/40 - 52/120  18969.3 ms
block 19/40 - 55/120  18977.4 ms
block 20/40 - 58/120  19179.2 ms
block 21/40 - 61/120  18752.5 ms
block 22/40 - 64/120  18972.3 ms
block 23/40 - 67/120  18978.5 ms
block 24/40 - 70/120  19177.7 ms
block 25/40 - 73/120  18756.5 ms
block 26/40 - 76/120  18954.0 ms
block 27/40 - 79/120  18986.7 ms
block 28/40 - 82/120  19177.1 ms
block 29/40 - 85/120  18759.7 ms
block 30/40 - 88/120  18973.8 ms
block 31/40 - 91/120  18976.1 ms
block 32/40 - 94/120  19187.8 ms
block 33/40 - 97/120  18749.1 ms
block 34/40 - 100/120  18975.5 ms
block 35/40 - 103/120  18990.2 ms
block 36/40 - 106/120  19187.6 ms
block 37/40 - 109/120  18752.2 ms
block 38/40 - 112/120  18972.3 ms
block 39/40 - 115/120  18991.9 ms
block 40/40 - 118/120  19182.0 ms
[101/128] elapsed=92.1m  avg=54.7s/prompt  eta=24.6m
block 1/40 - 1/120  16260.2 ms
block 2/40 - 4/120  16764.1 ms
block 3/40 - 7/120  17908.9 ms
block 4/40 - 10/120  18082.1 ms
block 5/40 - 13/120  18117.6 ms
block 6/40 - 16/120  18347.1 ms
block 7/40 - 19/120  18572.2 ms
block 8/40 - 22/120  18808.1 ms
block 9/40 - 25/120  18807.4 ms
block 10/40 - 28/120  18975.0 ms
block 11/40 - 31/120  18986.1 ms
block 12/40 - 34/120  19187.0 ms
block 13/40 - 37/120  18752.9 ms
block 14/40 - 40/120  18974.8 ms
block 15/40 - 43/120  18991.3 ms
block 16/40 - 46/120  19184.3 ms
block 17/40 - 49/120  18755.0 ms
block 18/40 - 52/120  18970.9 ms
block 19/40 - 55/120  18989.3 ms
block 20/40 - 58/120  19178.6 ms
block 21/40 - 61/120  18749.6 ms
block 22/40 - 64/120  18975.6 ms
block 23/40 - 67/120  18981.8 ms
block 24/40 - 70/120  19180.8 ms
block 25/40 - 73/120  18746.4 ms
block 26/40 - 76/120  18970.6 ms
block 27/40 - 79/120  18981.9 ms
block 28/40 - 82/120  19190.3 ms
block 29/40 - 85/120  18756.8 ms
block 30/40 - 88/120  18971.8 ms
block 31/40 - 91/120  18997.0 ms
block 32/40 - 94/120  19187.1 ms
block 33/40 - 97/120  18753.6 ms
block 34/40 - 100/120  18974.0 ms
block 35/40 - 103/120  18977.8 ms
block 36/40 - 106/120  19186.5 ms
block 37/40 - 109/120  18750.5 ms
block 38/40 - 112/120  18963.7 ms
block 39/40 - 115/120  18988.6 ms
block 40/40 - 118/120  19186.1 ms
[117/128] elapsed=104.6m  avg=53.6s/prompt  eta=9.8m
