Running on a single GPU (cuda); skipping NCCL initialization.
Free VRAM 93.9398193359375 GB
Loading CUDA extension (first run compiles ~60s; cached run ~3s)...
CUDA extension ready in 141.0s.
KV inference with 3 frames per block
Number of prompts: 128
Prompt index range: [0, 128)
Loading PyramidKV config from configs/head_configs/best_labels.csv
block 1/40 - 1/120  263008.2 ms
block 2/40 - 4/120  16742.5 ms
block 3/40 - 7/120  17929.0 ms
block 4/40 - 10/120  18088.1 ms
block 5/40 - 13/120  18173.9 ms
block 6/40 - 16/120  18588.5 ms
block 7/40 - 19/120  18613.1 ms
block 8/40 - 22/120  18816.1 ms
block 9/40 - 25/120  18823.2 ms
block 10/40 - 28/120  19260.4 ms
block 11/40 - 31/120  19007.9 ms
block 12/40 - 34/120  19202.8 ms
block 13/40 - 37/120  18759.5 ms
block 14/40 - 40/120  19097.6 ms
block 15/40 - 43/120  18989.0 ms
block 16/40 - 46/120  19198.0 ms
block 17/40 - 49/120  18761.0 ms
block 18/40 - 52/120  18982.0 ms
block 19/40 - 55/120  19007.7 ms
block 20/40 - 58/120  19194.8 ms
block 21/40 - 61/120  18761.0 ms
block 22/40 - 64/120  18968.6 ms
block 23/40 - 67/120  19014.4 ms
block 24/40 - 70/120  19207.2 ms
block 25/40 - 73/120  18759.0 ms
block 26/40 - 76/120  18982.7 ms
block 27/40 - 79/120  19002.2 ms
block 28/40 - 82/120  19214.4 ms
block 29/40 - 85/120  18749.2 ms
block 30/40 - 88/120  18979.6 ms
block 31/40 - 91/120  18991.2 ms
block 32/40 - 94/120  19205.5 ms
block 33/40 - 97/120  18760.8 ms
block 34/40 - 100/120  18987.4 ms
block 35/40 - 103/120  19001.5 ms
block 36/40 - 106/120  19204.5 ms
block 37/40 - 109/120  18758.8 ms
block 38/40 - 112/120  18975.6 ms
block 39/40 - 115/120  18995.5 ms
block 40/40 - 118/120  19200.8 ms
[8/128] elapsed=16.9m  avg=127.0s/prompt  eta=254.0m
/apdcephfs_gy2/share_303214315/cedricnie/miniconda3/envs/longlive/lib/python3.10/site-packages/torchvision/io/_video_deprecation_warning.py:9: UserWarning: The video decoding and encoding capabilities of torchvision are deprecated from version 0.22 and will be removed in version 0.24. We recommend that you migrate to TorchCodec, where we'll consolidate the future decoding/encoding capabilities of PyTorch: https://github.com/pytorch/torchcodec
  warnings.warn(
block 1/40 - 1/120  16195.7 ms
block 2/40 - 4/120  16832.4 ms
block 3/40 - 7/120  17920.3 ms
block 4/40 - 10/120  18086.5 ms
block 5/40 - 13/120  18126.6 ms
block 6/40 - 16/120  18258.2 ms
block 7/40 - 19/120  18590.7 ms
block 8/40 - 22/120  18815.5 ms
block 9/40 - 25/120  18812.7 ms
block 10/40 - 28/120  18975.2 ms
block 11/40 - 31/120  18996.0 ms
block 12/40 - 34/120  19201.7 ms
block 13/40 - 37/120  18757.2 ms
block 14/40 - 40/120  18982.5 ms
block 15/40 - 43/120  19002.4 ms
block 16/40 - 46/120  19205.7 ms
block 17/40 - 49/120  18756.0 ms
block 18/40 - 52/120  18980.5 ms
block 19/40 - 55/120  19004.1 ms
block 20/40 - 58/120  19196.0 ms
block 21/40 - 61/120  18761.0 ms
block 22/40 - 64/120  18985.9 ms
block 23/40 - 67/120  18993.5 ms
block 24/40 - 70/120  19200.3 ms
block 25/40 - 73/120  18760.9 ms
block 26/40 - 76/120  18977.6 ms
block 27/40 - 79/120  19003.6 ms
block 28/40 - 82/120  19202.6 ms
block 29/40 - 85/120  18754.6 ms
block 30/40 - 88/120  18982.2 ms
block 31/40 - 91/120  19006.4 ms
block 32/40 - 94/120  19196.9 ms
block 33/40 - 97/120  18762.2 ms
block 34/40 - 100/120  18971.6 ms
block 35/40 - 103/120  19001.9 ms
block 36/40 - 106/120  19199.6 ms
block 37/40 - 109/120  18756.2 ms
block 38/40 - 112/120  18981.6 ms
block 39/40 - 115/120  19266.5 ms
block 40/40 - 118/120  19192.4 ms
[24/128] elapsed=29.5m  avg=73.7s/prompt  eta=127.7m
block 1/40 - 1/120  16114.8 ms
block 2/40 - 4/120  16772.3 ms
block 3/40 - 7/120  17926.6 ms
block 4/40 - 10/120  18083.9 ms
block 5/40 - 13/120  18136.5 ms
block 6/40 - 16/120  18353.1 ms
block 7/40 - 19/120  18579.1 ms
block 8/40 - 22/120  18814.9 ms
block 9/40 - 25/120  18811.3 ms
block 10/40 - 28/120  18977.7 ms
block 11/40 - 31/120  19002.6 ms
block 12/40 - 34/120  19189.4 ms
block 13/40 - 37/120  18754.3 ms
block 14/40 - 40/120  18984.6 ms
block 15/40 - 43/120  18999.7 ms
block 16/40 - 46/120  19217.9 ms
block 17/40 - 49/120  18755.7 ms
block 18/40 - 52/120  18987.1 ms
block 19/40 - 55/120  19005.2 ms
block 20/40 - 58/120  19198.2 ms
block 21/40 - 61/120  18760.6 ms
block 22/40 - 64/120  18976.2 ms
block 23/40 - 67/120  19001.7 ms
block 24/40 - 70/120  19202.2 ms
block 25/40 - 73/120  18760.5 ms
block 26/40 - 76/120  18977.5 ms
block 27/40 - 79/120  18997.7 ms
block 28/40 - 82/120  19203.8 ms
block 29/40 - 85/120  18758.4 ms
block 30/40 - 88/120  18985.2 ms
block 31/40 - 91/120  19000.4 ms
block 32/40 - 94/120  19207.6 ms
block 33/40 - 97/120  18758.3 ms
block 34/40 - 100/120  18990.2 ms
block 35/40 - 103/120  19011.7 ms
block 36/40 - 106/120  19195.5 ms
block 37/40 - 109/120  18739.2 ms
block 38/40 - 112/120  18983.5 ms
block 39/40 - 115/120  18968.2 ms
block 40/40 - 118/120  19201.7 ms
[40/128] elapsed=42.0m  avg=63.0s/prompt  eta=92.4m
block 1/40 - 1/120  16000.3 ms
block 2/40 - 4/120  16772.7 ms
block 3/40 - 7/120  17924.6 ms
block 4/40 - 10/120  18105.3 ms
block 5/40 - 13/120  18122.0 ms
block 6/40 - 16/120  18359.5 ms
block 7/40 - 19/120  18589.0 ms
block 8/40 - 22/120  18816.8 ms
block 9/40 - 25/120  18815.5 ms
block 10/40 - 28/120  18977.2 ms
block 11/40 - 31/120  18994.8 ms
block 12/40 - 34/120  19199.6 ms
block 13/40 - 37/120  18754.5 ms
block 14/40 - 40/120  18982.7 ms
block 15/40 - 43/120  19005.0 ms
block 16/40 - 46/120  19192.7 ms
block 17/40 - 49/120  18757.8 ms
block 18/40 - 52/120  18981.8 ms
block 19/40 - 55/120  18994.1 ms
block 20/40 - 58/120  19204.2 ms
block 21/40 - 61/120  18756.9 ms
block 22/40 - 64/120  18979.7 ms
block 23/40 - 67/120  18998.3 ms
block 24/40 - 70/120  19197.2 ms
block 25/40 - 73/120  18761.3 ms
block 26/40 - 76/120  18983.1 ms
block 27/40 - 79/120  19008.9 ms
block 28/40 - 82/120  19204.9 ms
block 29/40 - 85/120  18758.0 ms
block 30/40 - 88/120  18980.7 ms
block 31/40 - 91/120  18997.7 ms
block 32/40 - 94/120  19193.9 ms
block 33/40 - 97/120  18757.9 ms
block 34/40 - 100/120  18981.5 ms
block 35/40 - 103/120  18993.2 ms
block 36/40 - 106/120  19200.6 ms
block 37/40 - 109/120  18754.9 ms
block 38/40 - 112/120  18978.1 ms
block 39/40 - 115/120  18988.5 ms
block 40/40 - 118/120  19195.6 ms
[56/128] elapsed=54.5m  avg=58.4s/prompt  eta=70.1m
block 1/40 - 1/120  16416.9 ms
block 2/40 - 4/120  16768.9 ms
block 3/40 - 7/120  17928.0 ms
block 4/40 - 10/120  18086.4 ms
block 5/40 - 13/120  18126.6 ms
block 6/40 - 16/120  18269.1 ms
block 7/40 - 19/120  18583.5 ms
block 8/40 - 22/120  18815.0 ms
block 9/40 - 25/120  18811.0 ms
block 10/40 - 28/120  18989.2 ms
block 11/40 - 31/120  19001.2 ms
block 12/40 - 34/120  19200.4 ms
block 13/40 - 37/120  18759.8 ms
block 14/40 - 40/120  18984.4 ms
block 15/40 - 43/120  19002.0 ms
block 16/40 - 46/120  19202.5 ms
block 17/40 - 49/120  18751.6 ms
block 18/40 - 52/120  18981.6 ms
block 19/40 - 55/120  19007.1 ms
block 20/40 - 58/120  19198.9 ms
block 21/40 - 61/120  18763.6 ms
block 22/40 - 64/120  18985.0 ms
block 23/40 - 67/120  19002.5 ms
block 24/40 - 70/120  19194.5 ms
block 25/40 - 73/120  18752.4 ms
block 26/40 - 76/120  18988.6 ms
block 27/40 - 79/120  19001.4 ms
block 28/40 - 82/120  19204.0 ms
block 29/40 - 85/120  18757.7 ms
block 30/40 - 88/120  18979.8 ms
block 31/40 - 91/120  19002.8 ms
block 32/40 - 94/120  19205.9 ms
block 33/40 - 97/120  18752.8 ms
block 34/40 - 100/120  18983.1 ms
block 35/40 - 103/120  19004.2 ms
block 36/40 - 106/120  19203.8 ms
block 37/40 - 109/120  18751.2 ms
block 38/40 - 112/120  18980.1 ms
block 39/40 - 115/120  18991.2 ms
block 40/40 - 118/120  19211.8 ms
[72/128] elapsed=67.1m  avg=55.9s/prompt  eta=52.2m
block 1/40 - 1/120  16050.3 ms
block 2/40 - 4/120  16770.2 ms
block 3/40 - 7/120  17925.8 ms
block 4/40 - 10/120  18086.9 ms
block 5/40 - 13/120  18127.0 ms
block 6/40 - 16/120  18357.6 ms
block 7/40 - 19/120  18581.0 ms
block 8/40 - 22/120  18817.3 ms
block 9/40 - 25/120  18812.3 ms
block 10/40 - 28/120  18980.9 ms
block 11/40 - 31/120  19008.9 ms
block 12/40 - 34/120  19201.4 ms
block 13/40 - 37/120  18757.7 ms
block 14/40 - 40/120  18980.3 ms
block 15/40 - 43/120  19002.1 ms
block 16/40 - 46/120  19190.4 ms
block 17/40 - 49/120  18759.3 ms
block 18/40 - 52/120  18976.9 ms
block 19/40 - 55/120  18998.8 ms
block 20/40 - 58/120  19198.8 ms
block 21/40 - 61/120  18766.7 ms
block 22/40 - 64/120  18977.5 ms
block 23/40 - 67/120  18976.9 ms
block 24/40 - 70/120  19206.1 ms
block 25/40 - 73/120  18763.6 ms
block 26/40 - 76/120  18989.5 ms
block 27/40 - 79/120  19004.2 ms
block 28/40 - 82/120  19213.8 ms
block 29/40 - 85/120  18762.4 ms
block 30/40 - 88/120  18976.5 ms
block 31/40 - 91/120  18997.1 ms
block 32/40 - 94/120  19196.0 ms
block 33/40 - 97/120  18760.5 ms
block 34/40 - 100/120  18985.2 ms
block 35/40 - 103/120  19001.7 ms
block 36/40 - 106/120  19199.2 ms
block 37/40 - 109/120  18755.4 ms
block 38/40 - 112/120  18985.7 ms
block 39/40 - 115/120  19009.4 ms
block 40/40 - 118/120  19199.9 ms
[88/128] elapsed=79.6m  avg=54.3s/prompt  eta=36.2m
block 1/40 - 1/120  16320.9 ms
block 2/40 - 4/120  16769.4 ms
block 3/40 - 7/120  17923.7 ms
block 4/40 - 10/120  18088.6 ms
block 5/40 - 13/120  18126.6 ms
block 6/40 - 16/120  18358.2 ms
block 7/40 - 19/120  18585.3 ms
block 8/40 - 22/120  18814.6 ms
block 9/40 - 25/120  18812.4 ms
block 10/40 - 28/120  18982.3 ms
block 11/40 - 31/120  19000.9 ms
block 12/40 - 34/120  19191.2 ms
block 13/40 - 37/120  18758.7 ms
block 14/40 - 40/120  18983.1 ms
block 15/40 - 43/120  18997.7 ms
block 16/40 - 46/120  19191.9 ms
block 17/40 - 49/120  18759.9 ms
block 18/40 - 52/120  18972.2 ms
block 19/40 - 55/120  19010.6 ms
block 20/40 - 58/120  19209.2 ms
block 21/40 - 61/120  18757.9 ms
block 22/40 - 64/120  18982.4 ms
block 23/40 - 67/120  18991.5 ms
block 24/40 - 70/120  19202.2 ms
block 25/40 - 73/120  18761.0 ms
block 26/40 - 76/120  18985.4 ms
block 27/40 - 79/120  19008.2 ms
block 28/40 - 82/120  19198.0 ms
block 29/40 - 85/120  18762.5 ms
block 30/40 - 88/120  18972.5 ms
block 31/40 - 91/120  19000.0 ms
block 32/40 - 94/120  19195.0 ms
block 33/40 - 97/120  18758.8 ms
block 34/40 - 100/120  18986.0 ms
block 35/40 - 103/120  19011.6 ms
block 36/40 - 106/120  19191.5 ms
block 37/40 - 109/120  18761.6 ms
block 38/40 - 112/120  18973.3 ms
block 39/40 - 115/120  18996.0 ms
block 40/40 - 118/120  19202.6 ms
[104/128] elapsed=92.1m  avg=53.1s/prompt  eta=21.3m
block 1/40 - 1/120  16031.4 ms
block 2/40 - 4/120  16772.6 ms
block 3/40 - 7/120  17922.2 ms
block 4/40 - 10/120  18086.9 ms
block 5/40 - 13/120  18125.3 ms
block 6/40 - 16/120  18355.2 ms
block 7/40 - 19/120  18584.1 ms
block 8/40 - 22/120  18816.0 ms
block 9/40 - 25/120  18812.3 ms
block 10/40 - 28/120  18976.5 ms
block 11/40 - 31/120  19003.3 ms
block 12/40 - 34/120  19209.9 ms
block 13/40 - 37/120  18760.9 ms
block 14/40 - 40/120  18973.8 ms
block 15/40 - 43/120  19005.7 ms
block 16/40 - 46/120  19203.0 ms
block 17/40 - 49/120  18760.2 ms
block 18/40 - 52/120  18973.5 ms
block 19/40 - 55/120  19030.0 ms
block 20/40 - 58/120  19185.4 ms
block 21/40 - 61/120  18757.8 ms
block 22/40 - 64/120  18980.4 ms
block 23/40 - 67/120  18998.7 ms
block 24/40 - 70/120  19206.1 ms
block 25/40 - 73/120  18766.9 ms
block 26/40 - 76/120  18982.1 ms
block 27/40 - 79/120  19008.5 ms
block 28/40 - 82/120  19207.5 ms
block 29/40 - 85/120  18757.0 ms
block 30/40 - 88/120  18985.9 ms
block 31/40 - 91/120  19005.3 ms
block 32/40 - 94/120  19201.8 ms
block 33/40 - 97/120  18757.9 ms
block 34/40 - 100/120  18982.8 ms
block 35/40 - 103/120  19001.0 ms
block 36/40 - 106/120  19195.3 ms
block 37/40 - 109/120  18763.6 ms
block 38/40 - 112/120  18980.0 ms
block 39/40 - 115/120  18993.2 ms
block 40/40 - 118/120  19205.7 ms
[120/128] elapsed=104.6m  avg=52.3s/prompt  eta=7.0m
