Running on a single GPU (cuda); skipping NCCL initialization.
Free VRAM 93.9320068359375 GB
Loading CUDA extension (first run compiles ~60s; cached run ~3s)...
CUDA extension ready in 141.0s.
KV inference with 3 frames per block
Number of prompts: 128
Prompt index range: [0, 128)
Loading PyramidKV config from configs/head_configs/best_labels.csv
block 1/40 - 1/120  263002.8 ms
block 2/40 - 4/120  16740.7 ms
block 3/40 - 7/120  17930.2 ms
block 4/40 - 10/120  18087.9 ms
block 5/40 - 13/120  18159.1 ms
block 6/40 - 16/120  18310.9 ms
block 7/40 - 19/120  18657.8 ms
block 8/40 - 22/120  18817.7 ms
block 9/40 - 25/120  18829.3 ms
block 10/40 - 28/120  19367.0 ms
block 11/40 - 31/120  18992.1 ms
block 12/40 - 34/120  19210.1 ms
block 13/40 - 37/120  18758.5 ms
block 14/40 - 40/120  18975.4 ms
block 15/40 - 43/120  19003.8 ms
block 16/40 - 46/120  19186.7 ms
block 17/40 - 49/120  18764.4 ms
block 18/40 - 52/120  18976.0 ms
block 19/40 - 55/120  19001.4 ms
block 20/40 - 58/120  19197.0 ms
block 21/40 - 61/120  18768.4 ms
block 22/40 - 64/120  18983.0 ms
block 23/40 - 67/120  18995.9 ms
block 24/40 - 70/120  19190.9 ms
block 25/40 - 73/120  18767.1 ms
block 26/40 - 76/120  18980.4 ms
block 27/40 - 79/120  19011.5 ms
block 28/40 - 82/120  19191.3 ms
block 29/40 - 85/120  18761.7 ms
block 30/40 - 88/120  18974.0 ms
block 31/40 - 91/120  18999.2 ms
block 32/40 - 94/120  19198.0 ms
block 33/40 - 97/120  18760.3 ms
block 34/40 - 100/120  18987.6 ms
block 35/40 - 103/120  18993.8 ms
block 36/40 - 106/120  19202.9 ms
block 37/40 - 109/120  18764.3 ms
block 38/40 - 112/120  18985.9 ms
block 39/40 - 115/120  18993.5 ms
block 40/40 - 118/120  19206.9 ms
[2/128] elapsed=16.9m  avg=507.8s/prompt  eta=1066.3m
/apdcephfs_gy2/share_303214315/cedricnie/miniconda3/envs/longlive/lib/python3.10/site-packages/torchvision/io/_video_deprecation_warning.py:9: UserWarning: The video decoding and encoding capabilities of torchvision are deprecated from version 0.22 and will be removed in version 0.24. We recommend that you migrate to TorchCodec, where we'll consolidate the future decoding/encoding capabilities of PyTorch: https://github.com/pytorch/torchcodec
  warnings.warn(
block 1/40 - 1/120  16300.9 ms
block 2/40 - 4/120  16775.8 ms
block 3/40 - 7/120  17931.2 ms
block 4/40 - 10/120  18088.2 ms
block 5/40 - 13/120  18137.3 ms
block 6/40 - 16/120  18352.7 ms
block 7/40 - 19/120  18586.0 ms
block 8/40 - 22/120  18817.5 ms
block 9/40 - 25/120  18813.1 ms
block 10/40 - 28/120  18986.3 ms
block 11/40 - 31/120  18988.7 ms
block 12/40 - 34/120  19191.8 ms
block 13/40 - 37/120  18760.9 ms
block 14/40 - 40/120  18984.7 ms
block 15/40 - 43/120  18994.0 ms
block 16/40 - 46/120  19197.4 ms
block 17/40 - 49/120  18764.5 ms
block 18/40 - 52/120  18990.5 ms
block 19/40 - 55/120  18995.0 ms
block 20/40 - 58/120  19207.5 ms
block 21/40 - 61/120  18761.2 ms
block 22/40 - 64/120  18992.3 ms
block 23/40 - 67/120  19003.0 ms
block 24/40 - 70/120  19213.5 ms
block 25/40 - 73/120  18765.3 ms
block 26/40 - 76/120  18983.2 ms
block 27/40 - 79/120  18999.4 ms
block 28/40 - 82/120  19200.8 ms
block 29/40 - 85/120  18765.2 ms
block 30/40 - 88/120  18982.1 ms
block 31/40 - 91/120  18989.6 ms
block 32/40 - 94/120  19192.7 ms
block 33/40 - 97/120  18763.3 ms
block 34/40 - 100/120  18993.0 ms
block 35/40 - 103/120  18997.1 ms
block 36/40 - 106/120  19200.9 ms
block 37/40 - 109/120  18759.8 ms
block 38/40 - 112/120  18977.3 ms
block 39/40 - 115/120  19248.9 ms
block 40/40 - 118/120  19189.7 ms
[18/128] elapsed=29.5m  avg=98.2s/prompt  eta=180.1m
block 1/40 - 1/120  16319.3 ms
block 2/40 - 4/120  16773.0 ms
block 3/40 - 7/120  17930.5 ms
block 4/40 - 10/120  18087.8 ms
block 5/40 - 13/120  18127.8 ms
block 6/40 - 16/120  18255.2 ms
block 7/40 - 19/120  18597.5 ms
block 8/40 - 22/120  18817.7 ms
block 9/40 - 25/120  18814.6 ms
block 10/40 - 28/120  18984.4 ms
block 11/40 - 31/120  18992.6 ms
block 12/40 - 34/120  19196.6 ms
block 13/40 - 37/120  18763.5 ms
block 14/40 - 40/120  18990.1 ms
block 15/40 - 43/120  18987.3 ms
block 16/40 - 46/120  19197.1 ms
block 17/40 - 49/120  18753.8 ms
block 18/40 - 52/120  18985.1 ms
block 19/40 - 55/120  18988.2 ms
block 20/40 - 58/120  19188.6 ms
block 21/40 - 61/120  18766.8 ms
block 22/40 - 64/120  18985.3 ms
block 23/40 - 67/120  18996.1 ms
block 24/40 - 70/120  19194.9 ms
block 25/40 - 73/120  18761.3 ms
block 26/40 - 76/120  18979.4 ms
block 27/40 - 79/120  18995.0 ms
block 28/40 - 82/120  19193.9 ms
block 29/40 - 85/120  18763.2 ms
block 30/40 - 88/120  18989.9 ms
block 31/40 - 91/120  18989.2 ms
block 32/40 - 94/120  19205.6 ms
block 33/40 - 97/120  18765.5 ms
block 34/40 - 100/120  18989.3 ms
block 35/40 - 103/120  18999.5 ms
block 36/40 - 106/120  19192.6 ms
block 37/40 - 109/120  18738.2 ms
block 38/40 - 112/120  18964.4 ms
block 39/40 - 115/120  18989.2 ms
block 40/40 - 118/120  19202.6 ms
[34/128] elapsed=42.0m  avg=74.1s/prompt  eta=116.1m
block 1/40 - 1/120  16404.4 ms
block 2/40 - 4/120  16773.0 ms
block 3/40 - 7/120  17931.8 ms
block 4/40 - 10/120  18119.3 ms
block 5/40 - 13/120  18203.9 ms
block 6/40 - 16/120  18357.2 ms
block 7/40 - 19/120  18591.6 ms
block 8/40 - 22/120  18819.6 ms
block 9/40 - 25/120  18815.5 ms
block 10/40 - 28/120  18981.5 ms
block 11/40 - 31/120  18997.0 ms
block 12/40 - 34/120  19194.8 ms
block 13/40 - 37/120  18761.8 ms
block 14/40 - 40/120  18984.7 ms
block 15/40 - 43/120  18998.2 ms
block 16/40 - 46/120  19200.4 ms
block 17/40 - 49/120  18761.2 ms
block 18/40 - 52/120  18993.1 ms
block 19/40 - 55/120  19003.5 ms
block 20/40 - 58/120  19202.5 ms
block 21/40 - 61/120  18763.2 ms
block 22/40 - 64/120  18983.1 ms
block 23/40 - 67/120  18993.8 ms
block 24/40 - 70/120  19200.5 ms
block 25/40 - 73/120  18764.1 ms
block 26/40 - 76/120  18985.1 ms
block 27/40 - 79/120  19001.8 ms
block 28/40 - 82/120  19205.4 ms
block 29/40 - 85/120  18760.3 ms
block 30/40 - 88/120  18989.6 ms
block 31/40 - 91/120  18991.5 ms
block 32/40 - 94/120  19203.9 ms
block 33/40 - 97/120  18761.0 ms
block 34/40 - 100/120  18994.2 ms
block 35/40 - 103/120  18989.3 ms
block 36/40 - 106/120  19199.8 ms
block 37/40 - 109/120  18762.4 ms
block 38/40 - 112/120  18990.4 ms
block 39/40 - 115/120  18999.3 ms
block 40/40 - 118/120  19190.3 ms
[50/128] elapsed=54.5m  avg=65.4s/prompt  eta=85.1m
block 1/40 - 1/120  16350.9 ms
block 2/40 - 4/120  16775.0 ms
block 3/40 - 7/120  17929.3 ms
block 4/40 - 10/120  18090.3 ms
block 5/40 - 13/120  18129.0 ms
block 6/40 - 16/120  18361.9 ms
block 7/40 - 19/120  18591.9 ms
block 8/40 - 22/120  18817.6 ms
block 9/40 - 25/120  18816.3 ms
block 10/40 - 28/120  18988.8 ms
block 11/40 - 31/120  19004.0 ms
block 12/40 - 34/120  19206.1 ms
block 13/40 - 37/120  18765.8 ms
block 14/40 - 40/120  18988.2 ms
block 15/40 - 43/120  19001.2 ms
block 16/40 - 46/120  19196.5 ms
block 17/40 - 49/120  18759.5 ms
block 18/40 - 52/120  18979.4 ms
block 19/40 - 55/120  18989.4 ms
block 20/40 - 58/120  19206.9 ms
block 21/40 - 61/120  18764.3 ms
block 22/40 - 64/120  18993.3 ms
block 23/40 - 67/120  18988.8 ms
block 24/40 - 70/120  19198.8 ms
block 25/40 - 73/120  18766.0 ms
block 26/40 - 76/120  18984.8 ms
block 27/40 - 79/120  19000.4 ms
block 28/40 - 82/120  19198.4 ms
block 29/40 - 85/120  18759.4 ms
block 30/40 - 88/120  18984.3 ms
block 31/40 - 91/120  18994.6 ms
block 32/40 - 94/120  19206.7 ms
block 33/40 - 97/120  18759.7 ms
block 34/40 - 100/120  18983.4 ms
block 35/40 - 103/120  18996.2 ms
block 36/40 - 106/120  19207.6 ms
block 37/40 - 109/120  18762.6 ms
block 38/40 - 112/120  18987.7 ms
block 39/40 - 115/120  18991.7 ms
block 40/40 - 118/120  19200.4 ms
[66/128] elapsed=67.1m  avg=61.0s/prompt  eta=63.0m
block 1/40 - 1/120  16177.0 ms
block 2/40 - 4/120  16775.4 ms
block 3/40 - 7/120  17918.2 ms
block 4/40 - 10/120  18091.3 ms
block 5/40 - 13/120  18126.2 ms
block 6/40 - 16/120  18268.2 ms
block 7/40 - 19/120  18584.2 ms
block 8/40 - 22/120  18817.7 ms
block 9/40 - 25/120  18816.2 ms
block 10/40 - 28/120  18985.9 ms
block 11/40 - 31/120  18991.2 ms
block 12/40 - 34/120  19199.5 ms
block 13/40 - 37/120  18763.1 ms
block 14/40 - 40/120  18983.6 ms
block 15/40 - 43/120  18999.5 ms
block 16/40 - 46/120  19196.7 ms
block 17/40 - 49/120  18758.3 ms
block 18/40 - 52/120  18989.1 ms
block 19/40 - 55/120  18991.9 ms
block 20/40 - 58/120  19201.0 ms
block 21/40 - 61/120  18763.7 ms
block 22/40 - 64/120  18989.0 ms
block 23/40 - 67/120  18978.9 ms
block 24/40 - 70/120  19185.4 ms
block 25/40 - 73/120  18763.8 ms
block 26/40 - 76/120  18991.3 ms
block 27/40 - 79/120  19000.7 ms
block 28/40 - 82/120  19206.8 ms
block 29/40 - 85/120  18764.1 ms
block 30/40 - 88/120  18982.4 ms
block 31/40 - 91/120  19009.8 ms
block 32/40 - 94/120  19190.8 ms
block 33/40 - 97/120  18762.1 ms
block 34/40 - 100/120  18979.4 ms
block 35/40 - 103/120  18994.4 ms
block 36/40 - 106/120  19215.1 ms
block 37/40 - 109/120  18758.0 ms
block 38/40 - 112/120  18983.1 ms
block 39/40 - 115/120  18998.6 ms
block 40/40 - 118/120  19201.2 ms
[82/128] elapsed=79.6m  avg=58.2s/prompt  eta=44.6m
block 1/40 - 1/120  16471.1 ms
block 2/40 - 4/120  16774.4 ms
block 3/40 - 7/120  17922.5 ms
block 4/40 - 10/120  18090.6 ms
block 5/40 - 13/120  18127.4 ms
block 6/40 - 16/120  18256.6 ms
block 7/40 - 19/120  18578.6 ms
block 8/40 - 22/120  18818.5 ms
block 9/40 - 25/120  18814.4 ms
block 10/40 - 28/120  18985.0 ms
block 11/40 - 31/120  18987.4 ms
block 12/40 - 34/120  19203.2 ms
block 13/40 - 37/120  18757.9 ms
block 14/40 - 40/120  18992.1 ms
block 15/40 - 43/120  19001.1 ms
block 16/40 - 46/120  19205.3 ms
block 17/40 - 49/120  18763.7 ms
block 18/40 - 52/120  18987.1 ms
block 19/40 - 55/120  18998.7 ms
block 20/40 - 58/120  19206.1 ms
block 21/40 - 61/120  18764.2 ms
block 22/40 - 64/120  18986.9 ms
block 23/40 - 67/120  19005.4 ms
block 24/40 - 70/120  19205.4 ms
block 25/40 - 73/120  18769.4 ms
block 26/40 - 76/120  18985.4 ms
block 27/40 - 79/120  19008.1 ms
block 28/40 - 82/120  19194.4 ms
block 29/40 - 85/120  18762.4 ms
block 30/40 - 88/120  18988.2 ms
block 31/40 - 91/120  19001.8 ms
block 32/40 - 94/120  19197.5 ms
block 33/40 - 97/120  18768.1 ms
block 34/40 - 100/120  18991.0 ms
block 35/40 - 103/120  19006.9 ms
block 36/40 - 106/120  19198.9 ms
block 37/40 - 109/120  18759.7 ms
block 38/40 - 112/120  18984.4 ms
block 39/40 - 115/120  18986.0 ms
block 40/40 - 118/120  19198.4 ms
[98/128] elapsed=92.1m  avg=56.4s/prompt  eta=28.2m
block 1/40 - 1/120  16182.6 ms
block 2/40 - 4/120  16771.0 ms
block 3/40 - 7/120  17924.3 ms
block 4/40 - 10/120  18087.3 ms
block 5/40 - 13/120  18128.1 ms
block 6/40 - 16/120  18359.0 ms
block 7/40 - 19/120  18576.8 ms
block 8/40 - 22/120  18817.0 ms
block 9/40 - 25/120  18813.2 ms
block 10/40 - 28/120  18984.4 ms
block 11/40 - 31/120  18987.6 ms
block 12/40 - 34/120  19194.1 ms
block 13/40 - 37/120  18762.5 ms
block 14/40 - 40/120  18986.7 ms
block 15/40 - 43/120  19001.3 ms
block 16/40 - 46/120  19193.4 ms
block 17/40 - 49/120  18762.8 ms
block 18/40 - 52/120  18979.2 ms
block 19/40 - 55/120  19003.2 ms
block 20/40 - 58/120  19204.3 ms
block 21/40 - 61/120  18764.7 ms
block 22/40 - 64/120  18981.9 ms
block 23/40 - 67/120  19001.7 ms
block 24/40 - 70/120  19200.2 ms
block 25/40 - 73/120  18766.0 ms
block 26/40 - 76/120  18988.4 ms
block 27/40 - 79/120  18999.2 ms
block 28/40 - 82/120  19203.5 ms
block 29/40 - 85/120  18764.1 ms
block 30/40 - 88/120  18990.9 ms
block 31/40 - 91/120  18994.0 ms
block 32/40 - 94/120  19201.2 ms
block 33/40 - 97/120  18764.1 ms
block 34/40 - 100/120  18984.6 ms
block 35/40 - 103/120  18988.4 ms
block 36/40 - 106/120  19215.0 ms
block 37/40 - 109/120  18753.7 ms
block 38/40 - 112/120  18992.5 ms
block 39/40 - 115/120  18994.8 ms
block 40/40 - 118/120  19206.3 ms
[114/128] elapsed=104.7m  avg=55.1s/prompt  eta=12.9m
