Running on a single GPU (cuda); skipping NCCL initialization.
Free VRAM 93.14923095703125 GB
Loading CUDA extension (first run compiles ~60s; cached run ~3s)...
CUDA extension ready in 127.7s.
KV inference with 3 frames per block
Number of prompts: 128
Prompt index range: [0, 128)
Loading PyramidKV config from configs/head_configs/best_labels.csv
block 1/40 - 1/120  226955.9 ms
block 2/40 - 4/120  31003.9 ms
block 3/40 - 7/120  32811.0 ms
block 4/40 - 10/120  33048.7 ms
block 5/40 - 13/120  33093.2 ms
block 6/40 - 16/120  33468.2 ms
block 7/40 - 19/120  33876.7 ms
block 8/40 - 22/120  34167.2 ms
block 9/40 - 25/120  34146.5 ms
block 10/40 - 28/120  34401.5 ms
block 11/40 - 31/120  34434.7 ms
block 12/40 - 34/120  34758.5 ms
block 13/40 - 37/120  34116.7 ms
block 14/40 - 40/120  34422.0 ms
block 15/40 - 43/120  34426.1 ms
block 16/40 - 46/120  34767.1 ms
block 17/40 - 49/120  34111.0 ms
block 18/40 - 52/120  34406.7 ms
block 19/40 - 55/120  34434.7 ms
block 20/40 - 58/120  34766.9 ms
block 21/40 - 61/120  34114.8 ms
block 22/40 - 64/120  34410.4 ms
block 23/40 - 67/120  34435.0 ms
block 24/40 - 70/120  34762.0 ms
block 25/40 - 73/120  34119.1 ms
block 26/40 - 76/120  34407.3 ms
block 27/40 - 79/120  34435.1 ms
block 28/40 - 82/120  34777.7 ms
block 29/40 - 85/120  34114.9 ms
block 30/40 - 88/120  34401.5 ms
block 31/40 - 91/120  34448.6 ms
block 32/40 - 94/120  34764.9 ms
block 33/40 - 97/120  34125.5 ms
block 34/40 - 100/120  34402.6 ms
block 35/40 - 103/120  34420.6 ms
block 36/40 - 106/120  34756.8 ms
block 37/40 - 109/120  34111.6 ms
block 38/40 - 112/120  34406.4 ms
block 39/40 - 115/120  34434.0 ms
block 40/40 - 118/120  34760.3 ms
/apdcephfs_gy2/share_303214315/cedricnie/miniconda3/envs/longlive/lib/python3.10/site-packages/torchvision/io/_video_deprecation_warning.py:9: UserWarning: The video decoding and encoding capabilities of torchvision are deprecated from version 0.22 and will be removed in version 0.24. We recommend that you migrate to TorchCodec, where we'll consolidate the future decoding/encoding capabilities of PyTorch: https://github.com/pytorch/torchcodec
  warnings.warn(
[15/128] elapsed=26.3m  avg=105.2s/prompt  eta=198.2m
block 1/40 - 1/120  28974.4 ms
block 2/40 - 4/120  30940.1 ms
block 3/40 - 7/120  32806.2 ms
block 4/40 - 10/120  33047.6 ms
block 5/40 - 13/120  33088.8 ms
block 6/40 - 16/120  33482.0 ms
block 7/40 - 19/120  33902.6 ms
block 8/40 - 22/120  34148.4 ms
block 9/40 - 25/120  34153.1 ms
block 10/40 - 28/120  34604.0 ms
block 11/40 - 31/120  34444.1 ms
block 12/40 - 34/120  34760.4 ms
block 13/40 - 37/120  34114.9 ms
block 14/40 - 40/120  34400.0 ms
block 15/40 - 43/120  34424.3 ms
block 16/40 - 46/120  34756.1 ms
block 17/40 - 49/120  34104.1 ms
block 18/40 - 52/120  34410.5 ms
block 19/40 - 55/120  34439.7 ms
block 20/40 - 58/120  34761.1 ms
block 21/40 - 61/120  34110.5 ms
block 22/40 - 64/120  34399.5 ms
block 23/40 - 67/120  34428.6 ms
block 24/40 - 70/120  34764.9 ms
block 25/40 - 73/120  34117.5 ms
block 26/40 - 76/120  34395.8 ms
block 27/40 - 79/120  34433.1 ms
block 28/40 - 82/120  34751.3 ms
block 29/40 - 85/120  34109.7 ms
block 30/40 - 88/120  34405.9 ms
block 31/40 - 91/120  34439.2 ms
block 32/40 - 94/120  34759.1 ms
block 33/40 - 97/120  34104.4 ms
block 34/40 - 100/120  34394.6 ms
block 35/40 - 103/120  34419.9 ms
block 36/40 - 106/120  34755.7 ms
block 37/40 - 109/120  34108.9 ms
block 38/40 - 112/120  34410.9 ms
block 39/40 - 115/120  34423.9 ms
block 40/40 - 118/120  34754.5 ms
[31/128] elapsed=49.1m  avg=94.9s/prompt  eta=153.5m
block 1/40 - 1/120  28911.3 ms
block 2/40 - 4/120  30823.7 ms
block 3/40 - 7/120  32806.5 ms
block 4/40 - 10/120  33048.6 ms
block 5/40 - 13/120  33093.0 ms
block 6/40 - 16/120  33462.7 ms
block 7/40 - 19/120  33877.7 ms
block 8/40 - 22/120  34152.0 ms
block 9/40 - 25/120  34146.9 ms
block 10/40 - 28/120  34407.1 ms
block 11/40 - 31/120  34428.8 ms
block 12/40 - 34/120  34746.4 ms
block 13/40 - 37/120  34109.9 ms
block 14/40 - 40/120  34391.9 ms
block 15/40 - 43/120  34415.2 ms
block 16/40 - 46/120  34764.9 ms
block 17/40 - 49/120  34116.7 ms
block 18/40 - 52/120  34401.3 ms
block 19/40 - 55/120  34439.5 ms
block 20/40 - 58/120  34749.2 ms
block 21/40 - 61/120  34115.6 ms
block 22/40 - 64/120  34406.8 ms
block 23/40 - 67/120  34430.1 ms
block 24/40 - 70/120  34756.5 ms
block 25/40 - 73/120  34120.3 ms
block 26/40 - 76/120  34405.9 ms
block 27/40 - 79/120  34433.4 ms
block 28/40 - 82/120  34755.6 ms
block 29/40 - 85/120  34115.4 ms
block 30/40 - 88/120  34401.3 ms
block 31/40 - 91/120  34419.9 ms
block 32/40 - 94/120  34746.2 ms
block 33/40 - 97/120  34113.9 ms
block 34/40 - 100/120  34419.9 ms
block 35/40 - 103/120  34429.4 ms
block 36/40 - 106/120  34753.7 ms
block 37/40 - 109/120  34119.8 ms
block 38/40 - 112/120  34406.5 ms
block 39/40 - 115/120  34439.4 ms
block 40/40 - 118/120  34750.5 ms
[47/128] elapsed=71.8m  avg=91.6s/prompt  eta=123.7m
block 1/40 - 1/120  28883.6 ms
block 2/40 - 4/120  30823.5 ms
block 3/40 - 7/120  32809.6 ms
block 4/40 - 10/120  33053.0 ms
block 5/40 - 13/120  33093.0 ms
block 6/40 - 16/120  33301.1 ms
block 7/40 - 19/120  33877.7 ms
block 8/40 - 22/120  34153.2 ms
block 9/40 - 25/120  34147.0 ms
block 10/40 - 28/120  34395.5 ms
block 11/40 - 31/120  34438.6 ms
block 12/40 - 34/120  34764.8 ms
block 13/40 - 37/120  34113.9 ms
block 14/40 - 40/120  34391.3 ms
block 15/40 - 43/120  34430.2 ms
block 16/40 - 46/120  34755.9 ms
block 17/40 - 49/120  34106.5 ms
block 18/40 - 52/120  34420.7 ms
block 19/40 - 55/120  34429.3 ms
block 20/40 - 58/120  34764.6 ms
block 21/40 - 61/120  34110.5 ms
block 22/40 - 64/120  34410.2 ms
block 23/40 - 67/120  34433.8 ms
block 24/40 - 70/120  34755.1 ms
block 25/40 - 73/120  34114.3 ms
block 26/40 - 76/120  34390.2 ms
block 27/40 - 79/120  34425.3 ms
block 28/40 - 82/120  34746.5 ms
block 29/40 - 85/120  34110.5 ms
block 30/40 - 88/120  34406.7 ms
block 31/40 - 91/120  34443.0 ms
block 32/40 - 94/120  34756.5 ms
block 33/40 - 97/120  34115.5 ms
block 34/40 - 100/120  34400.5 ms
block 35/40 - 103/120  34434.0 ms
block 36/40 - 106/120  34751.7 ms
block 37/40 - 109/120  34115.5 ms
block 38/40 - 112/120  34395.8 ms
block 39/40 - 115/120  34444.4 ms
block 40/40 - 118/120  34756.1 ms
[63/128] elapsed=94.5m  avg=90.0s/prompt  eta=97.5m
block 1/40 - 1/120  29201.0 ms
block 2/40 - 4/120  30824.4 ms
block 3/40 - 7/120  32810.5 ms
block 4/40 - 10/120  33049.4 ms
block 5/40 - 13/120  33110.7 ms
block 6/40 - 16/120  33471.2 ms
block 7/40 - 19/120  33891.3 ms
block 8/40 - 22/120  34148.6 ms
block 9/40 - 25/120  34145.7 ms
block 10/40 - 28/120  34403.3 ms
block 11/40 - 31/120  34444.5 ms
block 12/40 - 34/120  34754.7 ms
block 13/40 - 37/120  34120.7 ms
block 14/40 - 40/120  34396.7 ms
block 15/40 - 43/120  34444.6 ms
block 16/40 - 46/120  34758.5 ms
block 17/40 - 49/120  34110.3 ms
block 18/40 - 52/120  34400.6 ms
block 19/40 - 55/120  34442.3 ms
block 20/40 - 58/120  34770.9 ms
block 21/40 - 61/120  34109.2 ms
block 22/40 - 64/120  34412.2 ms
block 23/40 - 67/120  34434.5 ms
block 24/40 - 70/120  34765.9 ms
block 25/40 - 73/120  34100.9 ms
block 26/40 - 76/120  34401.8 ms
block 27/40 - 79/120  34420.7 ms
block 28/40 - 82/120  34766.0 ms
block 29/40 - 85/120  34115.7 ms
block 30/40 - 88/120  34395.1 ms
block 31/40 - 91/120  34432.6 ms
block 32/40 - 94/120  34765.7 ms
block 33/40 - 97/120  34117.7 ms
block 34/40 - 100/120  34414.4 ms
block 35/40 - 103/120  34420.5 ms
block 36/40 - 106/120  34734.4 ms
block 37/40 - 109/120  34112.4 ms
block 38/40 - 112/120  34400.1 ms
block 39/40 - 115/120  34429.8 ms
block 40/40 - 118/120  34747.4 ms
[79/128] elapsed=117.2m  avg=89.0s/prompt  eta=72.7m
block 1/40 - 1/120  29108.2 ms
block 2/40 - 4/120  30824.6 ms
block 3/40 - 7/120  32800.6 ms
block 4/40 - 10/120  33047.9 ms
block 5/40 - 13/120  33093.6 ms
block 6/40 - 16/120  33466.1 ms
block 7/40 - 19/120  33881.8 ms
block 8/40 - 22/120  34152.4 ms
block 9/40 - 25/120  34145.4 ms
block 10/40 - 28/120  34396.6 ms
block 11/40 - 31/120  34424.8 ms
block 12/40 - 34/120  34746.4 ms
block 13/40 - 37/120  34118.6 ms
block 14/40 - 40/120  34411.0 ms
block 15/40 - 43/120  34411.3 ms
block 16/40 - 46/120  34754.9 ms
block 17/40 - 49/120  34111.1 ms
block 18/40 - 52/120  34405.7 ms
block 19/40 - 55/120  34434.1 ms
block 20/40 - 58/120  34768.4 ms
block 21/40 - 61/120  34106.7 ms
block 22/40 - 64/120  34417.0 ms
block 23/40 - 67/120  34445.9 ms
block 24/40 - 70/120  34759.4 ms
block 25/40 - 73/120  34115.1 ms
block 26/40 - 76/120  34396.6 ms
block 27/40 - 79/120  34420.6 ms
block 28/40 - 82/120  34745.0 ms
block 29/40 - 85/120  34108.8 ms
block 30/40 - 88/120  34395.1 ms
block 31/40 - 91/120  34432.7 ms
block 32/40 - 94/120  34763.1 ms
block 33/40 - 97/120  34111.1 ms
block 34/40 - 100/120  34405.7 ms
block 35/40 - 103/120  34421.1 ms
block 36/40 - 106/120  34795.9 ms
block 37/40 - 109/120  34089.7 ms
block 38/40 - 112/120  34403.9 ms
block 39/40 - 115/120  34424.1 ms
block 40/40 - 118/120  34756.2 ms
[95/128] elapsed=140.0m  avg=88.4s/prompt  eta=48.6m
block 1/40 - 1/120  28892.2 ms
block 2/40 - 4/120  30822.9 ms
block 3/40 - 7/120  32800.8 ms
block 4/40 - 10/120  33212.8 ms
block 5/40 - 13/120  33105.1 ms
block 6/40 - 16/120  33479.8 ms
block 7/40 - 19/120  33880.4 ms
block 8/40 - 22/120  34148.0 ms
block 9/40 - 25/120  34149.7 ms
block 10/40 - 28/120  34415.0 ms
block 11/40 - 31/120  34415.1 ms
block 12/40 - 34/120  34769.7 ms
block 13/40 - 37/120  34116.5 ms
block 14/40 - 40/120  34396.8 ms
block 15/40 - 43/120  34451.2 ms
block 16/40 - 46/120  34764.2 ms
block 17/40 - 49/120  34110.3 ms
block 18/40 - 52/120  34411.2 ms
block 19/40 - 55/120  34430.0 ms
block 20/40 - 58/120  34763.6 ms
block 21/40 - 61/120  34109.6 ms
block 22/40 - 64/120  34416.3 ms
block 23/40 - 67/120  34432.8 ms
block 24/40 - 70/120  34768.3 ms
block 25/40 - 73/120  34111.9 ms
block 26/40 - 76/120  34401.7 ms
block 27/40 - 79/120  34433.7 ms
block 28/40 - 82/120  34770.1 ms
block 29/40 - 85/120  34105.1 ms
block 30/40 - 88/120  34392.7 ms
block 31/40 - 91/120  34449.8 ms
block 32/40 - 94/120  34764.9 ms
block 33/40 - 97/120  34115.4 ms
block 34/40 - 100/120  34410.9 ms
block 35/40 - 103/120  34416.5 ms
block 36/40 - 106/120  34760.5 ms
block 37/40 - 109/120  34115.5 ms
block 38/40 - 112/120  34411.7 ms
block 39/40 - 115/120  34440.4 ms
block 40/40 - 118/120  34746.0 ms
[111/128] elapsed=162.7m  avg=87.9s/prompt  eta=24.9m
block 1/40 - 1/120  28897.3 ms
block 2/40 - 4/120  30824.7 ms
block 3/40 - 7/120  32805.5 ms
block 4/40 - 10/120  33042.7 ms
block 5/40 - 13/120  33088.7 ms
block 6/40 - 16/120  33481.2 ms
block 7/40 - 19/120  33880.3 ms
block 8/40 - 22/120  34147.6 ms
block 9/40 - 25/120  34150.4 ms
block 10/40 - 28/120  34410.5 ms
block 11/40 - 31/120  34423.9 ms
block 12/40 - 34/120  34761.2 ms
block 13/40 - 37/120  34111.4 ms
block 14/40 - 40/120  34415.1 ms
block 15/40 - 43/120  34422.5 ms
block 16/40 - 46/120  34756.0 ms
block 17/40 - 49/120  34111.7 ms
block 18/40 - 52/120  34411.2 ms
block 19/40 - 55/120  34430.7 ms
block 20/40 - 58/120  34770.4 ms
block 21/40 - 61/120  34111.1 ms
block 22/40 - 64/120  34411.0 ms
block 23/40 - 67/120  34425.3 ms
block 24/40 - 70/120  34750.7 ms
block 25/40 - 73/120  34110.9 ms
block 26/40 - 76/120  34415.4 ms
block 27/40 - 79/120  34435.1 ms
block 28/40 - 82/120  34754.4 ms
block 29/40 - 85/120  34116.2 ms
block 30/40 - 88/120  34400.7 ms
block 31/40 - 91/120  34433.1 ms
block 32/40 - 94/120  34769.9 ms
block 33/40 - 97/120  34110.5 ms
block 34/40 - 100/120  34405.4 ms
block 35/40 - 103/120  34429.6 ms
block 36/40 - 106/120  34754.8 ms
block 37/40 - 109/120  34111.1 ms
block 38/40 - 112/120  34392.5 ms
block 39/40 - 115/120  34428.6 ms
block 40/40 - 118/120  34752.3 ms
[127/128] elapsed=185.4m  avg=87.6s/prompt  eta=1.5m
