Running on a single GPU (cuda); skipping NCCL initialization.
Free VRAM 93.9398193359375 GB
Loading CUDA extension (first run compiles ~60s; cached run ~3s)...
CUDA extension ready in 141.0s.
KV inference with 3 frames per block
Number of prompts: 128
Prompt index range: [0, 128)
Loading PyramidKV config from configs/head_configs/best_labels.csv
block 1/40 - 1/120  263006.9 ms
block 2/40 - 4/120  16749.6 ms
block 3/40 - 7/120  17945.4 ms
block 4/40 - 10/120  18104.3 ms
block 5/40 - 13/120  18205.1 ms
block 6/40 - 16/120  18529.6 ms
block 7/40 - 19/120  18679.6 ms
block 8/40 - 22/120  18834.8 ms
block 9/40 - 25/120  18844.6 ms
block 10/40 - 28/120  19175.4 ms
block 11/40 - 31/120  19033.1 ms
block 12/40 - 34/120  19220.3 ms
block 13/40 - 37/120  18788.7 ms
block 14/40 - 40/120  19040.1 ms
block 15/40 - 43/120  19007.6 ms
block 16/40 - 46/120  19224.8 ms
block 17/40 - 49/120  18779.5 ms
block 18/40 - 52/120  19001.4 ms
block 19/40 - 55/120  19027.9 ms
block 20/40 - 58/120  19218.7 ms
block 21/40 - 61/120  18782.2 ms
block 22/40 - 64/120  19009.2 ms
block 23/40 - 67/120  19039.6 ms
block 24/40 - 70/120  19218.8 ms
block 25/40 - 73/120  18792.3 ms
block 26/40 - 76/120  19006.4 ms
block 27/40 - 79/120  19025.7 ms
block 28/40 - 82/120  19218.0 ms
block 29/40 - 85/120  18775.8 ms
block 30/40 - 88/120  19014.1 ms
block 31/40 - 91/120  19033.2 ms
block 32/40 - 94/120  19223.0 ms
block 33/40 - 97/120  18788.2 ms
block 34/40 - 100/120  19011.6 ms
block 35/40 - 103/120  19036.0 ms
block 36/40 - 106/120  19219.9 ms
block 37/40 - 109/120  18787.8 ms
block 38/40 - 112/120  19012.0 ms
block 39/40 - 115/120  19028.6 ms
block 40/40 - 118/120  19213.2 ms
[7/128] elapsed=17.0m  avg=145.3s/prompt  eta=293.0m
/apdcephfs_gy2/share_303214315/cedricnie/miniconda3/envs/longlive/lib/python3.10/site-packages/torchvision/io/_video_deprecation_warning.py:9: UserWarning: The video decoding and encoding capabilities of torchvision are deprecated from version 0.22 and will be removed in version 0.24. We recommend that you migrate to TorchCodec, where we'll consolidate the future decoding/encoding capabilities of PyTorch: https://github.com/pytorch/torchcodec
  warnings.warn(
block 1/40 - 1/120  16272.3 ms
block 2/40 - 4/120  16795.5 ms
block 3/40 - 7/120  17943.7 ms
block 4/40 - 10/120  18104.2 ms
block 5/40 - 13/120  18140.9 ms
block 6/40 - 16/120  18395.9 ms
block 7/40 - 19/120  18635.6 ms
block 8/40 - 22/120  18830.2 ms
block 9/40 - 25/120  18824.5 ms
block 10/40 - 28/120  19012.6 ms
block 11/40 - 31/120  19034.4 ms
block 12/40 - 34/120  19223.2 ms
block 13/40 - 37/120  18785.9 ms
block 14/40 - 40/120  19009.6 ms
block 15/40 - 43/120  19027.0 ms
block 16/40 - 46/120  19224.7 ms
block 17/40 - 49/120  18782.7 ms
block 18/40 - 52/120  19005.6 ms
block 19/40 - 55/120  19034.4 ms
block 20/40 - 58/120  19216.7 ms
block 21/40 - 61/120  18789.1 ms
block 22/40 - 64/120  19019.1 ms
block 23/40 - 67/120  19036.4 ms
block 24/40 - 70/120  19217.0 ms
block 25/40 - 73/120  18783.6 ms
block 26/40 - 76/120  19010.8 ms
block 27/40 - 79/120  19026.1 ms
block 28/40 - 82/120  19233.0 ms
block 29/40 - 85/120  18784.9 ms
block 30/40 - 88/120  19010.8 ms
block 31/40 - 91/120  19030.6 ms
block 32/40 - 94/120  19228.1 ms
block 33/40 - 97/120  18785.3 ms
block 34/40 - 100/120  19011.7 ms
block 35/40 - 103/120  19037.4 ms
block 36/40 - 106/120  19237.6 ms
block 37/40 - 109/120  18780.2 ms
block 38/40 - 112/120  19027.0 ms
block 39/40 - 115/120  19264.0 ms
block 40/40 - 118/120  19227.7 ms
[23/128] elapsed=29.5m  avg=77.0s/prompt  eta=134.7m
block 1/40 - 1/120  16197.2 ms
block 2/40 - 4/120  16795.7 ms
block 3/40 - 7/120  17952.0 ms
block 4/40 - 10/120  18104.2 ms
block 5/40 - 13/120  18141.8 ms
block 6/40 - 16/120  18398.1 ms
block 7/40 - 19/120  18626.8 ms
block 8/40 - 22/120  18831.5 ms
block 9/40 - 25/120  18830.3 ms
block 10/40 - 28/120  19013.3 ms
block 11/40 - 31/120  19029.3 ms
block 12/40 - 34/120  19226.7 ms
block 13/40 - 37/120  18784.4 ms
block 14/40 - 40/120  19020.2 ms
block 15/40 - 43/120  19028.1 ms
block 16/40 - 46/120  19225.6 ms
block 17/40 - 49/120  18785.8 ms
block 18/40 - 52/120  19010.9 ms
block 19/40 - 55/120  19045.5 ms
block 20/40 - 58/120  19222.9 ms
block 21/40 - 61/120  18782.8 ms
block 22/40 - 64/120  19005.9 ms
block 23/40 - 67/120  19036.5 ms
block 24/40 - 70/120  19237.9 ms
block 25/40 - 73/120  18785.1 ms
block 26/40 - 76/120  19016.3 ms
block 27/40 - 79/120  19034.2 ms
block 28/40 - 82/120  19220.6 ms
block 29/40 - 85/120  18787.4 ms
block 30/40 - 88/120  19011.5 ms
block 31/40 - 91/120  19036.6 ms
block 32/40 - 94/120  19218.7 ms
block 33/40 - 97/120  18786.2 ms
block 34/40 - 100/120  19008.1 ms
block 35/40 - 103/120  19033.9 ms
block 36/40 - 106/120  19230.1 ms
block 37/40 - 109/120  18766.6 ms
block 38/40 - 112/120  18992.3 ms
block 39/40 - 115/120  19009.8 ms
block 40/40 - 118/120  19219.0 ms
[39/128] elapsed=42.1m  avg=64.7s/prompt  eta=96.0m
block 1/40 - 1/120  16098.7 ms
block 2/40 - 4/120  16793.5 ms
block 3/40 - 7/120  17947.6 ms
block 4/40 - 10/120  18106.9 ms
block 5/40 - 13/120  18139.8 ms
block 6/40 - 16/120  18304.9 ms
block 7/40 - 19/120  18632.2 ms
block 8/40 - 22/120  18833.6 ms
block 9/40 - 25/120  18832.6 ms
block 10/40 - 28/120  19013.2 ms
block 11/40 - 31/120  19031.4 ms
block 12/40 - 34/120  19215.3 ms
block 13/40 - 37/120  18788.8 ms
block 14/40 - 40/120  19013.8 ms
block 15/40 - 43/120  19039.6 ms
block 16/40 - 46/120  19223.9 ms
block 17/40 - 49/120  18784.8 ms
block 18/40 - 52/120  19011.2 ms
block 19/40 - 55/120  19037.2 ms
block 20/40 - 58/120  19220.8 ms
block 21/40 - 61/120  18786.8 ms
block 22/40 - 64/120  19006.5 ms
block 23/40 - 67/120  19036.9 ms
block 24/40 - 70/120  19227.4 ms
block 25/40 - 73/120  18782.8 ms
block 26/40 - 76/120  19017.8 ms
block 27/40 - 79/120  19037.3 ms
block 28/40 - 82/120  19228.4 ms
block 29/40 - 85/120  18782.6 ms
block 30/40 - 88/120  19016.7 ms
block 31/40 - 91/120  19028.9 ms
block 32/40 - 94/120  19226.8 ms
block 33/40 - 97/120  18785.6 ms
block 34/40 - 100/120  19025.5 ms
block 35/40 - 103/120  19037.8 ms
block 36/40 - 106/120  19225.7 ms
block 37/40 - 109/120  18782.9 ms
block 38/40 - 112/120  19017.6 ms
block 39/40 - 115/120  19031.7 ms
block 40/40 - 118/120  19215.4 ms
[55/128] elapsed=54.6m  avg=59.6s/prompt  eta=72.5m
block 1/40 - 1/120  16331.0 ms
block 2/40 - 4/120  16791.9 ms
block 3/40 - 7/120  17947.5 ms
block 4/40 - 10/120  18104.4 ms
block 5/40 - 13/120  18139.8 ms
block 6/40 - 16/120  18294.5 ms
block 7/40 - 19/120  18630.0 ms
block 8/40 - 22/120  18832.3 ms
block 9/40 - 25/120  18826.2 ms
block 10/40 - 28/120  19017.9 ms
block 11/40 - 31/120  19030.8 ms
block 12/40 - 34/120  19217.6 ms
block 13/40 - 37/120  18787.7 ms
block 14/40 - 40/120  19014.5 ms
block 15/40 - 43/120  19033.8 ms
block 16/40 - 46/120  19218.2 ms
block 17/40 - 49/120  18784.6 ms
block 18/40 - 52/120  19003.6 ms
block 19/40 - 55/120  19031.1 ms
block 20/40 - 58/120  19224.3 ms
block 21/40 - 61/120  18786.4 ms
block 22/40 - 64/120  19008.1 ms
block 23/40 - 67/120  19031.9 ms
block 24/40 - 70/120  19226.6 ms
block 25/40 - 73/120  18782.7 ms
block 26/40 - 76/120  19023.8 ms
block 27/40 - 79/120  19026.4 ms
block 28/40 - 82/120  19222.4 ms
block 29/40 - 85/120  18785.6 ms
block 30/40 - 88/120  19006.8 ms
block 31/40 - 91/120  19038.9 ms
block 32/40 - 94/120  19230.6 ms
block 33/40 - 97/120  18785.3 ms
block 34/40 - 100/120  19015.5 ms
block 35/40 - 103/120  19025.9 ms
block 36/40 - 106/120  19225.1 ms
block 37/40 - 109/120  18786.4 ms
block 38/40 - 112/120  19023.3 ms
block 39/40 - 115/120  19028.7 ms
block 40/40 - 118/120  19214.1 ms
[71/128] elapsed=67.1m  avg=56.7s/prompt  eta=53.9m
block 1/40 - 1/120  16137.7 ms
block 2/40 - 4/120  16791.4 ms
block 3/40 - 7/120  17948.2 ms
block 4/40 - 10/120  18113.1 ms
block 5/40 - 13/120  18233.0 ms
block 6/40 - 16/120  18399.3 ms
block 7/40 - 19/120  18634.3 ms
block 8/40 - 22/120  18833.6 ms
block 9/40 - 25/120  18827.9 ms
block 10/40 - 28/120  19021.2 ms
block 11/40 - 31/120  19035.6 ms
block 12/40 - 34/120  19211.8 ms
block 13/40 - 37/120  18781.7 ms
block 14/40 - 40/120  19011.7 ms
block 15/40 - 43/120  19040.4 ms
block 16/40 - 46/120  19226.4 ms
block 17/40 - 49/120  18779.4 ms
block 18/40 - 52/120  19022.5 ms
block 19/40 - 55/120  19030.5 ms
block 20/40 - 58/120  19226.0 ms
block 21/40 - 61/120  18782.4 ms
block 22/40 - 64/120  19021.5 ms
block 23/40 - 67/120  19018.3 ms
block 24/40 - 70/120  19201.9 ms
block 25/40 - 73/120  18787.3 ms
block 26/40 - 76/120  19001.0 ms
block 27/40 - 79/120  19032.3 ms
block 28/40 - 82/120  19238.4 ms
block 29/40 - 85/120  18783.1 ms
block 30/40 - 88/120  19011.0 ms
block 31/40 - 91/120  19024.3 ms
block 32/40 - 94/120  19228.1 ms
block 33/40 - 97/120  18781.5 ms
block 34/40 - 100/120  19010.3 ms
block 35/40 - 103/120  19031.0 ms
block 36/40 - 106/120  19222.9 ms
block 37/40 - 109/120  18778.1 ms
block 38/40 - 112/120  19010.4 ms
block 39/40 - 115/120  19030.5 ms
block 40/40 - 118/120  19226.8 ms
[87/128] elapsed=79.7m  avg=55.0s/prompt  eta=37.6m
block 1/40 - 1/120  16138.4 ms
block 2/40 - 4/120  17019.8 ms
block 3/40 - 7/120  17949.9 ms
block 4/40 - 10/120  18105.3 ms
block 5/40 - 13/120  18142.1 ms
block 6/40 - 16/120  18396.4 ms
block 7/40 - 19/120  18627.7 ms
block 8/40 - 22/120  18833.5 ms
block 9/40 - 25/120  18829.4 ms
block 10/40 - 28/120  19019.4 ms
block 11/40 - 31/120  19035.3 ms
block 12/40 - 34/120  19227.2 ms
block 13/40 - 37/120  18790.8 ms
block 14/40 - 40/120  19018.5 ms
block 15/40 - 43/120  19036.7 ms
block 16/40 - 46/120  19225.8 ms
block 17/40 - 49/120  18786.3 ms
block 18/40 - 52/120  19014.5 ms
block 19/40 - 55/120  19028.3 ms
block 20/40 - 58/120  19220.7 ms
block 21/40 - 61/120  18781.2 ms
block 22/40 - 64/120  19020.0 ms
block 23/40 - 67/120  19036.4 ms
block 24/40 - 70/120  19222.0 ms
block 25/40 - 73/120  18786.9 ms
block 26/40 - 76/120  19018.3 ms
block 27/40 - 79/120  19038.1 ms
block 28/40 - 82/120  19217.0 ms
block 29/40 - 85/120  18783.9 ms
block 30/40 - 88/120  19009.0 ms
block 31/40 - 91/120  19025.9 ms
block 32/40 - 94/120  19229.9 ms
block 33/40 - 97/120  18784.2 ms
block 34/40 - 100/120  19010.5 ms
block 35/40 - 103/120  19033.3 ms
block 36/40 - 106/120  19227.4 ms
block 37/40 - 109/120  18781.1 ms
block 38/40 - 112/120  19010.8 ms
block 39/40 - 115/120  19035.4 ms
block 40/40 - 118/120  19226.1 ms
[103/128] elapsed=92.2m  avg=53.7s/prompt  eta=22.4m
block 1/40 - 1/120  16101.3 ms
block 2/40 - 4/120  16790.3 ms
block 3/40 - 7/120  17952.0 ms
block 4/40 - 10/120  18105.4 ms
block 5/40 - 13/120  18140.3 ms
block 6/40 - 16/120  18401.4 ms
block 7/40 - 19/120  18636.7 ms
block 8/40 - 22/120  18833.7 ms
block 9/40 - 25/120  18827.8 ms
block 10/40 - 28/120  19021.3 ms
block 11/40 - 31/120  19036.4 ms
block 12/40 - 34/120  19226.0 ms
block 13/40 - 37/120  18782.9 ms
block 14/40 - 40/120  19017.4 ms
block 15/40 - 43/120  19030.9 ms
block 16/40 - 46/120  19226.3 ms
block 17/40 - 49/120  18782.9 ms
block 18/40 - 52/120  19024.9 ms
block 19/40 - 55/120  19024.8 ms
block 20/40 - 58/120  19214.4 ms
block 21/40 - 61/120  18782.0 ms
block 22/40 - 64/120  19020.0 ms
block 23/40 - 67/120  19035.0 ms
block 24/40 - 70/120  19220.7 ms
block 25/40 - 73/120  18788.3 ms
block 26/40 - 76/120  19007.2 ms
block 27/40 - 79/120  19033.4 ms
block 28/40 - 82/120  19225.8 ms
block 29/40 - 85/120  18787.3 ms
block 30/40 - 88/120  19012.0 ms
block 31/40 - 91/120  19040.5 ms
block 32/40 - 94/120  19221.0 ms
block 33/40 - 97/120  18792.2 ms
block 34/40 - 100/120  19007.7 ms
block 35/40 - 103/120  19029.2 ms
block 36/40 - 106/120  19220.5 ms
block 37/40 - 109/120  18787.2 ms
block 38/40 - 112/120  19035.9 ms
block 39/40 - 115/120  19009.4 ms
block 40/40 - 118/120  19223.7 ms
[119/128] elapsed=104.8m  avg=52.8s/prompt  eta=7.9m
