Running on a single GPU (cuda); skipping NCCL initialization.
Free VRAM 94.3734130859375 GB
Loading CUDA extension (first run compiles ~60s; cached run ~3s)...
CUDA extension ready in 139.1s.
[CacheCompatibilityPolicy] recent=20:360 coverage=21:0 episode=22:0 budget=9FFE owner=HeadComposition
KV inference with 3 frames per block
Number of prompts: 128
Prompt index range: [0, 128)
Loading PyramidKV config from /apdcephfs_gy2/share_303214315/cedricnie/develop/training-free/runs/v180_rccp_fresh128/inputs/maps/all_recent.csv
block 1/40 - 1/120  170912.3 ms
block 2/40 - 4/120   5587.8 ms
block 3/40 - 7/120   6505.1 ms
block 4/40 - 10/120   6784.6 ms
block 5/40 - 13/120   6491.8 ms
block 6/40 - 16/120   6413.6 ms
block 7/40 - 19/120   6110.9 ms
block 8/40 - 22/120   6334.4 ms
block 9/40 - 25/120   6509.5 ms
block 10/40 - 28/120   6513.0 ms
block 11/40 - 31/120   6496.7 ms
block 12/40 - 34/120   6412.9 ms
block 13/40 - 37/120   6524.8 ms
block 14/40 - 40/120   6364.3 ms
block 15/40 - 43/120   6362.1 ms
block 16/40 - 46/120   6273.7 ms
block 17/40 - 49/120   6574.0 ms
block 18/40 - 52/120   6443.9 ms
block 19/40 - 55/120   6374.4 ms
block 20/40 - 58/120   6359.3 ms
block 21/40 - 61/120   6373.0 ms
block 22/40 - 64/120   6361.1 ms
block 23/40 - 67/120   6409.8 ms
block 24/40 - 70/120   6415.0 ms
block 25/40 - 73/120   6370.3 ms
block 26/40 - 76/120   6384.1 ms
block 27/40 - 79/120   6383.4 ms
block 28/40 - 82/120   6405.5 ms
block 29/40 - 85/120   6402.4 ms
block 30/40 - 88/120   6403.0 ms
block 31/40 - 91/120   6402.0 ms
block 32/40 - 94/120   6143.7 ms
block 33/40 - 97/120   6646.4 ms
block 34/40 - 100/120   6397.7 ms
block 35/40 - 103/120   6441.8 ms
block 36/40 - 106/120   6410.3 ms
block 37/40 - 109/120   6408.0 ms
block 38/40 - 112/120   6385.0 ms
block 39/40 - 115/120   6373.7 ms
block 40/40 - 118/120   6270.1 ms
[4/128] elapsed=7.0m  avg=105.4s/prompt  eta=217.7m
/apdcephfs_gy2/share_303214315/cedricnie/miniconda3/envs/longlive/lib/python3.10/site-packages/torchvision/io/_video_deprecation_warning.py:9: UserWarning: The video decoding and encoding capabilities of torchvision are deprecated from version 0.22 and will be removed in version 0.24. We recommend that you migrate to TorchCodec, where we'll consolidate the future decoding/encoding capabilities of PyTorch: https://github.com/pytorch/torchcodec
  warnings.warn(
block 1/40 - 1/120   4065.2 ms
block 2/40 - 4/120   5902.7 ms
block 3/40 - 7/120   6420.0 ms
block 4/40 - 10/120   6356.9 ms
block 5/40 - 13/120   6405.4 ms
block 6/40 - 16/120   6408.7 ms
block 7/40 - 19/120   6375.8 ms
block 8/40 - 22/120   6407.0 ms
block 9/40 - 25/120   6418.9 ms
block 10/40 - 28/120   6428.9 ms
block 11/40 - 31/120   6363.5 ms
block 12/40 - 34/120   6415.1 ms
block 13/40 - 37/120   6379.9 ms
block 14/40 - 40/120   6436.0 ms
block 15/40 - 43/120   6361.8 ms
block 16/40 - 46/120   6393.6 ms
block 17/40 - 49/120   6413.1 ms
block 18/40 - 52/120   6366.3 ms
block 19/40 - 55/120   6385.4 ms
block 20/40 - 58/120   6430.2 ms
block 21/40 - 61/120   6332.0 ms
block 22/40 - 64/120   6372.1 ms
block 23/40 - 67/120   6381.1 ms
block 24/40 - 70/120   6439.1 ms
block 25/40 - 73/120   6385.0 ms
block 26/40 - 76/120   6397.2 ms
block 27/40 - 79/120   6336.3 ms
block 28/40 - 82/120   6405.1 ms
block 29/40 - 85/120   6399.2 ms
block 30/40 - 88/120   6238.1 ms
block 31/40 - 91/120   6378.6 ms
block 32/40 - 94/120   6410.8 ms
block 33/40 - 97/120   6551.5 ms
block 34/40 - 100/120   6417.0 ms
block 35/40 - 103/120   6448.0 ms
block 36/40 - 106/120   6431.2 ms
block 37/40 - 109/120   6402.0 ms
block 38/40 - 112/120   6434.7 ms
block 39/40 - 115/120   6418.1 ms
block 40/40 - 118/120   4977.0 ms
[20/128] elapsed=11.2m  avg=33.7s/prompt  eta=60.7m
block 1/40 - 1/120   4864.5 ms
block 2/40 - 4/120   5963.7 ms
block 3/40 - 7/120   6388.4 ms
block 4/40 - 10/120   6432.6 ms
block 5/40 - 13/120   6371.8 ms
block 6/40 - 16/120   6480.4 ms
block 7/40 - 19/120   6263.0 ms
block 8/40 - 22/120   6426.1 ms
block 9/40 - 25/120   6364.7 ms
block 10/40 - 28/120   6377.8 ms
block 11/40 - 31/120   6393.0 ms
block 12/40 - 34/120   6421.8 ms
block 13/40 - 37/120   6438.9 ms
block 14/40 - 40/120   6360.7 ms
block 15/40 - 43/120   6417.4 ms
block 16/40 - 46/120   6423.1 ms
block 17/40 - 49/120   6356.0 ms
block 18/40 - 52/120   6403.7 ms
block 19/40 - 55/120   6310.2 ms
block 20/40 - 58/120   6324.2 ms
block 21/40 - 61/120   6368.0 ms
block 22/40 - 64/120   6341.2 ms
block 23/40 - 67/120   6317.8 ms
block 24/40 - 70/120   6381.8 ms
block 25/40 - 73/120   6435.4 ms
block 26/40 - 76/120   6438.7 ms
block 27/40 - 79/120   6407.7 ms
block 28/40 - 82/120   6520.1 ms
block 29/40 - 85/120   6418.8 ms
block 30/40 - 88/120   6435.3 ms
block 31/40 - 91/120   6431.1 ms
block 32/40 - 94/120   6388.3 ms
block 33/40 - 97/120   6351.9 ms
block 34/40 - 100/120   6368.0 ms
block 35/40 - 103/120   6419.1 ms
block 36/40 - 106/120   6391.4 ms
block 37/40 - 109/120   6453.6 ms
block 38/40 - 112/120   6420.2 ms
block 39/40 - 115/120   6372.0 ms
block 40/40 - 118/120   4225.5 ms
[36/128] elapsed=15.4m  avg=25.7s/prompt  eta=39.5m
block 1/40 - 1/120   6588.1 ms
block 2/40 - 4/120   6030.6 ms
block 3/40 - 7/120   6409.6 ms
block 4/40 - 10/120   6423.2 ms
block 5/40 - 13/120   6392.3 ms
block 6/40 - 16/120   6459.1 ms
block 7/40 - 19/120   6318.5 ms
block 8/40 - 22/120   6355.4 ms
block 9/40 - 25/120   6359.9 ms
block 10/40 - 28/120   6408.3 ms
block 11/40 - 31/120   6437.2 ms
block 12/40 - 34/120   6386.3 ms
block 13/40 - 37/120   6536.8 ms
block 14/40 - 40/120   6325.4 ms
block 15/40 - 43/120   6453.0 ms
block 16/40 - 46/120   6339.9 ms
block 17/40 - 49/120   6380.1 ms
block 18/40 - 52/120   6329.3 ms
block 19/40 - 55/120   6421.6 ms
block 20/40 - 58/120   6446.2 ms
block 21/40 - 61/120   6354.5 ms
block 22/40 - 64/120   6367.9 ms
block 23/40 - 67/120   6368.2 ms
block 24/40 - 70/120   6411.0 ms
block 25/40 - 73/120   6430.8 ms
block 26/40 - 76/120   6363.5 ms
block 27/40 - 79/120   6472.6 ms
block 28/40 - 82/120   6455.2 ms
block 29/40 - 85/120   6418.3 ms
block 30/40 - 88/120   6300.1 ms
block 31/40 - 91/120   6485.6 ms
block 32/40 - 94/120   6451.9 ms
block 33/40 - 97/120   6396.4 ms
block 34/40 - 100/120   6330.9 ms
block 35/40 - 103/120   6380.5 ms
block 36/40 - 106/120   6398.8 ms
block 37/40 - 109/120   6497.3 ms
block 38/40 - 112/120   6338.4 ms
block 39/40 - 115/120   5415.3 ms
block 40/40 - 118/120   3428.2 ms
[52/128] elapsed=19.7m  avg=22.7s/prompt  eta=28.7m
block 1/40 - 1/120   7015.8 ms
block 2/40 - 4/120   6035.5 ms
block 3/40 - 7/120   6393.4 ms
block 4/40 - 10/120   6352.3 ms
block 5/40 - 13/120   6351.9 ms
block 6/40 - 16/120   6398.8 ms
block 7/40 - 19/120   6461.1 ms
block 8/40 - 22/120   6430.5 ms
block 9/40 - 25/120   6399.5 ms
block 10/40 - 28/120   6359.8 ms
block 11/40 - 31/120   6335.9 ms
block 12/40 - 34/120   6408.1 ms
block 13/40 - 37/120   6505.3 ms
block 14/40 - 40/120   6400.1 ms
block 15/40 - 43/120   6359.5 ms
block 16/40 - 46/120   6429.2 ms
block 17/40 - 49/120   6439.2 ms
block 18/40 - 52/120   6444.3 ms
block 19/40 - 55/120   6408.9 ms
block 20/40 - 58/120   6394.7 ms
block 21/40 - 61/120   6470.2 ms
block 22/40 - 64/120   6404.4 ms
block 23/40 - 67/120   6287.5 ms
block 24/40 - 70/120   6463.3 ms
block 25/40 - 73/120   6473.8 ms
block 26/40 - 76/120   6401.3 ms
block 27/40 - 79/120   6490.0 ms
block 28/40 - 82/120   6337.9 ms
block 29/40 - 85/120   6433.4 ms
block 30/40 - 88/120   6464.8 ms
block 31/40 - 91/120   6379.2 ms
block 32/40 - 94/120   6377.7 ms
block 33/40 - 97/120   6399.7 ms
block 34/40 - 100/120   6374.2 ms
block 35/40 - 103/120   6364.7 ms
block 36/40 - 106/120   6342.6 ms
block 37/40 - 109/120   6361.2 ms
block 38/40 - 112/120   6387.7 ms
block 39/40 - 115/120   4401.4 ms
block 40/40 - 118/120   3932.4 ms
[68/128] elapsed=23.9m  avg=21.1s/prompt  eta=21.1m
block 1/40 - 1/120   7134.8 ms
block 2/40 - 4/120   6006.8 ms
block 3/40 - 7/120   6470.7 ms
block 4/40 - 10/120   6500.5 ms
block 5/40 - 13/120   6864.4 ms
block 6/40 - 16/120   6654.7 ms
block 7/40 - 19/120   6500.4 ms
block 8/40 - 22/120   6416.1 ms
block 9/40 - 25/120   6383.0 ms
block 10/40 - 28/120   6371.5 ms
block 11/40 - 31/120   6338.2 ms
block 12/40 - 34/120   6411.6 ms
block 13/40 - 37/120   6435.7 ms
block 14/40 - 40/120   6349.4 ms
block 15/40 - 43/120   6425.1 ms
block 16/40 - 46/120   6421.0 ms
block 17/40 - 49/120   6382.0 ms
block 18/40 - 52/120   6377.4 ms
block 19/40 - 55/120   6413.3 ms
block 20/40 - 58/120   6350.1 ms
block 21/40 - 61/120   6349.1 ms
block 22/40 - 64/120   6420.8 ms
block 23/40 - 67/120   6387.7 ms
block 24/40 - 70/120   6501.4 ms
block 25/40 - 73/120   6342.5 ms
block 26/40 - 76/120   6337.3 ms
block 27/40 - 79/120   6378.9 ms
block 28/40 - 82/120   6279.5 ms
block 29/40 - 85/120   6391.1 ms
block 30/40 - 88/120   6412.7 ms
block 31/40 - 91/120   6406.9 ms
block 32/40 - 94/120   6345.3 ms
block 33/40 - 97/120   6403.7 ms
block 34/40 - 100/120   6406.9 ms
block 35/40 - 103/120   6446.4 ms
block 36/40 - 106/120   6496.7 ms
block 37/40 - 109/120   6360.7 ms
block 38/40 - 112/120   6143.7 ms
block 39/40 - 115/120   3330.1 ms
block 40/40 - 118/120   5786.8 ms
[84/128] elapsed=28.1m  avg=20.1s/prompt  eta=14.7m
block 1/40 - 1/120   7517.2 ms
block 2/40 - 4/120   5991.3 ms
block 3/40 - 7/120   6470.1 ms
block 4/40 - 10/120   6603.5 ms
block 5/40 - 13/120   6522.3 ms
block 6/40 - 16/120   6425.0 ms
block 7/40 - 19/120   6432.2 ms
block 8/40 - 22/120   6398.7 ms
block 9/40 - 25/120   6338.3 ms
block 10/40 - 28/120   6391.3 ms
block 11/40 - 31/120   6424.3 ms
block 12/40 - 34/120   6393.2 ms
block 13/40 - 37/120   6369.3 ms
block 14/40 - 40/120   6410.9 ms
block 15/40 - 43/120   6353.8 ms
block 16/40 - 46/120   6461.9 ms
block 17/40 - 49/120   6334.0 ms
block 18/40 - 52/120   6423.8 ms
block 19/40 - 55/120   6339.0 ms
block 20/40 - 58/120   6428.9 ms
block 21/40 - 61/120   6343.6 ms
block 22/40 - 64/120   6274.3 ms
block 23/40 - 67/120   6418.0 ms
block 24/40 - 70/120   6602.1 ms
block 25/40 - 73/120   6440.5 ms
block 26/40 - 76/120   6459.5 ms
block 27/40 - 79/120   6476.2 ms
block 28/40 - 82/120   6382.0 ms
block 29/40 - 85/120   6383.1 ms
block 30/40 - 88/120   6395.3 ms
block 31/40 - 91/120   6421.0 ms
block 32/40 - 94/120   6363.0 ms
block 33/40 - 97/120   6298.9 ms
block 34/40 - 100/120   6383.1 ms
block 35/40 - 103/120   6410.6 ms
block 36/40 - 106/120   6414.7 ms
block 37/40 - 109/120   6391.6 ms
block 38/40 - 112/120   4462.8 ms
block 39/40 - 115/120   3945.8 ms
block 40/40 - 118/120   5683.7 ms
[100/128] elapsed=32.3m  avg=19.4s/prompt  eta=9.0m
block 1/40 - 1/120   7120.0 ms
block 2/40 - 4/120   6031.2 ms
block 3/40 - 7/120   6318.0 ms
block 4/40 - 10/120   6445.3 ms
block 5/40 - 13/120   6371.2 ms
block 6/40 - 16/120   6351.9 ms
block 7/40 - 19/120   6397.6 ms
block 8/40 - 22/120   6374.5 ms
block 9/40 - 25/120   6488.5 ms
block 10/40 - 28/120   6433.3 ms
block 11/40 - 31/120   6371.3 ms
block 12/40 - 34/120   6419.5 ms
block 13/40 - 37/120   6432.5 ms
block 14/40 - 40/120   6435.8 ms
block 15/40 - 43/120   6410.7 ms
block 16/40 - 46/120   6477.1 ms
block 17/40 - 49/120   6339.4 ms
block 18/40 - 52/120   6371.0 ms
block 19/40 - 55/120   6397.4 ms
block 20/40 - 58/120   6562.9 ms
block 21/40 - 61/120   6768.1 ms
block 22/40 - 64/120   6659.3 ms
block 23/40 - 67/120   6768.8 ms
block 24/40 - 70/120   6525.5 ms
block 25/40 - 73/120   6455.1 ms
block 26/40 - 76/120   6415.6 ms
block 27/40 - 79/120   6483.7 ms
block 28/40 - 82/120   6265.7 ms
block 29/40 - 85/120   6329.0 ms
block 30/40 - 88/120   6321.4 ms
block 31/40 - 91/120   6372.8 ms
block 32/40 - 94/120   6220.7 ms
block 33/40 - 97/120   6000.7 ms
block 34/40 - 100/120   6390.5 ms
block 35/40 - 103/120   6801.9 ms
block 36/40 - 106/120   6430.4 ms
block 37/40 - 109/120   6313.6 ms
block 38/40 - 112/120   2856.6 ms
block 39/40 - 115/120   2165.2 ms
block 40/40 - 118/120   2477.9 ms
[116/128] elapsed=36.4m  avg=18.8s/prompt  eta=3.8m
