Running on a single GPU (cuda); skipping NCCL initialization.
Free VRAM 94.3734130859375 GB
Loading CUDA extension (first run compiles ~60s; cached run ~3s)...
CUDA extension ready in 139.4s.
[CacheCompatibilityPolicy] recent=20:360 coverage=21:0 episode=22:0 budget=9FFE owner=HeadComposition
KV inference with 3 frames per block
Number of prompts: 128
Prompt index range: [0, 128)
Loading PyramidKV config from /apdcephfs_gy2/share_303214315/cedricnie/develop/training-free/runs/v180_rccp_fresh128/inputs/maps/all_recent.csv
block 1/40 - 1/120  171082.4 ms
block 2/40 - 4/120   5728.9 ms
block 3/40 - 7/120   5927.4 ms
block 4/40 - 10/120   6333.2 ms
block 5/40 - 13/120   6331.7 ms
block 6/40 - 16/120   6340.1 ms
block 7/40 - 19/120   6354.7 ms
block 8/40 - 22/120   6348.8 ms
block 9/40 - 25/120   6230.2 ms
block 10/40 - 28/120   6252.9 ms
block 11/40 - 31/120   6309.0 ms
block 12/40 - 34/120   6359.0 ms
block 13/40 - 37/120   6202.7 ms
block 14/40 - 40/120   6269.7 ms
block 15/40 - 43/120   6347.3 ms
block 16/40 - 46/120   6245.9 ms
block 17/40 - 49/120   6350.2 ms
block 18/40 - 52/120   6288.3 ms
block 19/40 - 55/120   6298.1 ms
block 20/40 - 58/120   6343.7 ms
block 21/40 - 61/120   6335.1 ms
block 22/40 - 64/120   6292.3 ms
block 23/40 - 67/120   6269.7 ms
block 24/40 - 70/120   6337.3 ms
block 25/40 - 73/120   6196.1 ms
block 26/40 - 76/120   6299.6 ms
block 27/40 - 79/120   6302.3 ms
block 28/40 - 82/120   6322.2 ms
block 29/40 - 85/120   6285.2 ms
block 30/40 - 88/120   6291.9 ms
block 31/40 - 91/120   6289.2 ms
block 32/40 - 94/120   6010.7 ms
block 33/40 - 97/120   5897.9 ms
block 34/40 - 100/120   6276.4 ms
block 35/40 - 103/120   6234.8 ms
block 36/40 - 106/120   6275.5 ms
block 37/40 - 109/120   6282.6 ms
block 38/40 - 112/120   6239.8 ms
block 39/40 - 115/120   6287.0 ms
block 40/40 - 118/120   6256.6 ms
/apdcephfs_gy2/share_303214315/cedricnie/miniconda3/envs/longlive/lib/python3.10/site-packages/torchvision/io/_video_deprecation_warning.py:9: UserWarning: The video decoding and encoding capabilities of torchvision are deprecated from version 0.22 and will be removed in version 0.24. We recommend that you migrate to TorchCodec, where we'll consolidate the future decoding/encoding capabilities of PyTorch: https://github.com/pytorch/torchcodec
  warnings.warn(
[9/128] elapsed=6.9m  avg=46.3s/prompt  eta=91.7m
block 1/40 - 1/120   5592.7 ms
block 2/40 - 4/120   2899.5 ms
block 3/40 - 7/120   5078.3 ms
block 4/40 - 10/120   6102.3 ms
block 5/40 - 13/120   6271.6 ms
block 6/40 - 16/120   6301.5 ms
block 7/40 - 19/120   6284.1 ms
block 8/40 - 22/120   6375.5 ms
block 9/40 - 25/120   6309.9 ms
block 10/40 - 28/120   6038.3 ms
block 11/40 - 31/120   5822.8 ms
block 12/40 - 34/120   6340.7 ms
block 13/40 - 37/120   6292.9 ms
block 14/40 - 40/120   6338.3 ms
block 15/40 - 43/120   6134.3 ms
block 16/40 - 46/120   6291.7 ms
block 17/40 - 49/120   6255.6 ms
block 18/40 - 52/120   6310.7 ms
block 19/40 - 55/120   6288.7 ms
block 20/40 - 58/120   6326.1 ms
block 21/40 - 61/120   6296.3 ms
block 22/40 - 64/120   6227.8 ms
block 23/40 - 67/120   6237.1 ms
block 24/40 - 70/120   6301.0 ms
block 25/40 - 73/120   6331.5 ms
block 26/40 - 76/120   6350.1 ms
block 27/40 - 79/120   6284.3 ms
block 28/40 - 82/120   6304.6 ms
block 29/40 - 85/120   6326.8 ms
block 30/40 - 88/120   6291.4 ms
block 31/40 - 91/120   6328.8 ms
block 32/40 - 94/120   6356.0 ms
block 33/40 - 97/120   6303.7 ms
block 34/40 - 100/120   6311.2 ms
block 35/40 - 103/120   6291.1 ms
block 36/40 - 106/120   6315.6 ms
block 37/40 - 109/120   6310.7 ms
block 38/40 - 112/120   6342.4 ms
block 39/40 - 115/120   6295.4 ms
block 40/40 - 118/120   6283.1 ms
[25/128] elapsed=11.1m  avg=26.5s/prompt  eta=45.5m
block 1/40 - 1/120   7637.0 ms
block 2/40 - 4/120   5289.7 ms
block 3/40 - 7/120   3272.2 ms
block 4/40 - 10/120   5460.2 ms
block 5/40 - 13/120   6140.7 ms
block 6/40 - 16/120   6363.1 ms
block 7/40 - 19/120   6275.3 ms
block 8/40 - 22/120   6332.0 ms
block 9/40 - 25/120   6255.0 ms
block 10/40 - 28/120   6292.1 ms
block 11/40 - 31/120   6291.3 ms
block 12/40 - 34/120   6302.6 ms
block 13/40 - 37/120   6152.6 ms
block 14/40 - 40/120   5698.2 ms
block 15/40 - 43/120   6244.8 ms
block 16/40 - 46/120   6070.2 ms
block 17/40 - 49/120   6300.7 ms
block 18/40 - 52/120   6295.9 ms
block 19/40 - 55/120   6271.4 ms
block 20/40 - 58/120   6296.8 ms
block 21/40 - 61/120   6274.3 ms
block 22/40 - 64/120   6353.2 ms
block 23/40 - 67/120   6290.3 ms
block 24/40 - 70/120   6312.3 ms
block 25/40 - 73/120   6255.4 ms
block 26/40 - 76/120   6247.4 ms
block 27/40 - 79/120   6327.4 ms
block 28/40 - 82/120   6292.1 ms
block 29/40 - 85/120   6278.2 ms
block 30/40 - 88/120   6284.6 ms
block 31/40 - 91/120   6295.0 ms
block 32/40 - 94/120   6299.5 ms
block 33/40 - 97/120   6269.7 ms
block 34/40 - 100/120   6376.6 ms
block 35/40 - 103/120   6357.8 ms
block 36/40 - 106/120   6214.3 ms
block 37/40 - 109/120   6308.9 ms
block 38/40 - 112/120   6221.5 ms
block 39/40 - 115/120   6360.0 ms
block 40/40 - 118/120   6389.5 ms
[41/128] elapsed=15.2m  avg=22.2s/prompt  eta=32.2m
block 1/40 - 1/120   7905.6 ms
block 2/40 - 4/120   5782.6 ms
block 3/40 - 7/120   5774.2 ms
block 4/40 - 10/120   3353.4 ms
block 5/40 - 13/120   5708.6 ms
block 6/40 - 16/120   6313.0 ms
block 7/40 - 19/120   6352.8 ms
block 8/40 - 22/120   6342.2 ms
block 9/40 - 25/120   6344.1 ms
block 10/40 - 28/120   6160.7 ms
block 11/40 - 31/120   6332.7 ms
block 12/40 - 34/120   6330.5 ms
block 13/40 - 37/120   6350.0 ms
block 14/40 - 40/120   6272.7 ms
block 15/40 - 43/120   6335.3 ms
block 16/40 - 46/120   6323.5 ms
block 17/40 - 49/120   6356.0 ms
block 18/40 - 52/120   6340.5 ms
block 19/40 - 55/120   6340.9 ms
block 20/40 - 58/120   6277.2 ms
block 21/40 - 61/120   6343.2 ms
block 22/40 - 64/120   6345.4 ms
block 23/40 - 67/120   6329.8 ms
block 24/40 - 70/120   6283.5 ms
block 25/40 - 73/120   6356.9 ms
block 26/40 - 76/120   6336.5 ms
block 27/40 - 79/120   6044.3 ms
block 28/40 - 82/120   5915.6 ms
block 29/40 - 85/120   6301.6 ms
block 30/40 - 88/120   6303.3 ms
block 31/40 - 91/120   6419.6 ms
block 32/40 - 94/120   6217.9 ms
block 33/40 - 97/120   6266.1 ms
block 34/40 - 100/120   6242.6 ms
block 35/40 - 103/120   6347.5 ms
block 36/40 - 106/120   6332.4 ms
block 37/40 - 109/120   6276.2 ms
block 38/40 - 112/120   6274.9 ms
block 39/40 - 115/120   6259.1 ms
block 40/40 - 118/120   6302.5 ms
[57/128] elapsed=19.3m  avg=20.4s/prompt  eta=24.1m
block 1/40 - 1/120   7414.4 ms
block 2/40 - 4/120   5822.4 ms
block 3/40 - 7/120   6300.2 ms
block 4/40 - 10/120   5300.6 ms
block 5/40 - 13/120   3279.7 ms
block 6/40 - 16/120   5472.1 ms
block 7/40 - 19/120   6171.7 ms
block 8/40 - 22/120   6283.0 ms
block 9/40 - 25/120   6344.6 ms
block 10/40 - 28/120   6222.9 ms
block 11/40 - 31/120   6311.7 ms
block 12/40 - 34/120   6319.2 ms
block 13/40 - 37/120   6419.3 ms
block 14/40 - 40/120   6240.4 ms
block 15/40 - 43/120   6253.8 ms
block 16/40 - 46/120   6354.2 ms
block 17/40 - 49/120   6329.1 ms
block 18/40 - 52/120   6153.6 ms
block 19/40 - 55/120   6105.2 ms
block 20/40 - 58/120   6068.5 ms
block 21/40 - 61/120   6315.0 ms
block 22/40 - 64/120   6283.5 ms
block 23/40 - 67/120   6364.7 ms
block 24/40 - 70/120   6348.3 ms
block 25/40 - 73/120   6415.8 ms
block 26/40 - 76/120   6397.3 ms
block 27/40 - 79/120   6366.6 ms
block 28/40 - 82/120   6338.0 ms
block 29/40 - 85/120   6302.8 ms
block 30/40 - 88/120   6277.0 ms
block 31/40 - 91/120   6348.8 ms
block 32/40 - 94/120   6311.2 ms
block 33/40 - 97/120   6345.6 ms
block 34/40 - 100/120   6325.7 ms
block 35/40 - 103/120   6324.7 ms
block 36/40 - 106/120   6335.6 ms
block 37/40 - 109/120   6363.1 ms
block 38/40 - 112/120   6296.7 ms
block 39/40 - 115/120   6348.2 ms
block 40/40 - 118/120   6413.5 ms
[73/128] elapsed=23.5m  avg=19.3s/prompt  eta=17.7m
block 1/40 - 1/120   8016.7 ms
block 2/40 - 4/120   5824.2 ms
block 3/40 - 7/120   6311.8 ms
block 4/40 - 10/120   6275.5 ms
block 5/40 - 13/120   4601.4 ms
block 6/40 - 16/120   3675.8 ms
block 7/40 - 19/120   5801.0 ms
block 8/40 - 22/120   6217.0 ms
block 9/40 - 25/120   6377.2 ms
block 10/40 - 28/120   6409.3 ms
block 11/40 - 31/120   6077.6 ms
block 12/40 - 34/120   6254.7 ms
block 13/40 - 37/120   6236.1 ms
block 14/40 - 40/120   6231.5 ms
block 15/40 - 43/120   6289.6 ms
block 16/40 - 46/120   6319.6 ms
block 17/40 - 49/120   6360.3 ms
block 18/40 - 52/120   6301.5 ms
block 19/40 - 55/120   6250.4 ms
block 20/40 - 58/120   6317.2 ms
block 21/40 - 61/120   6306.9 ms
block 22/40 - 64/120   6194.5 ms
block 23/40 - 67/120   6365.3 ms
block 24/40 - 70/120   6349.7 ms
block 25/40 - 73/120   6373.2 ms
block 26/40 - 76/120   6422.1 ms
block 27/40 - 79/120   6529.1 ms
block 28/40 - 82/120   6357.7 ms
block 29/40 - 85/120   6335.5 ms
block 30/40 - 88/120   6340.9 ms
block 31/40 - 91/120   6293.9 ms
block 32/40 - 94/120   6249.3 ms
block 33/40 - 97/120   6315.7 ms
block 34/40 - 100/120   6293.8 ms
block 35/40 - 103/120   6044.8 ms
block 36/40 - 106/120   6020.4 ms
block 37/40 - 109/120   6619.0 ms
block 38/40 - 112/120   6028.2 ms
block 39/40 - 115/120   6309.2 ms
block 40/40 - 118/120   6385.9 ms
[89/128] elapsed=27.6m  avg=18.6s/prompt  eta=12.1m
block 1/40 - 1/120   6824.4 ms
block 2/40 - 4/120   5981.3 ms
block 3/40 - 7/120   6235.6 ms
block 4/40 - 10/120   6302.8 ms
block 5/40 - 13/120   6275.5 ms
block 6/40 - 16/120   5017.1 ms
block 7/40 - 19/120   3289.2 ms
block 8/40 - 22/120   5687.9 ms
block 9/40 - 25/120   6189.6 ms
block 10/40 - 28/120   6394.2 ms
block 11/40 - 31/120   6296.9 ms
block 12/40 - 34/120   6336.5 ms
block 13/40 - 37/120   6335.5 ms
block 14/40 - 40/120   6343.3 ms
block 15/40 - 43/120   6277.0 ms
block 16/40 - 46/120   6298.8 ms
block 17/40 - 49/120   6336.4 ms
block 18/40 - 52/120   6250.5 ms
block 19/40 - 55/120   6316.0 ms
block 20/40 - 58/120   6360.0 ms
block 21/40 - 61/120   6268.5 ms
block 22/40 - 64/120   6321.3 ms
block 23/40 - 67/120   6315.6 ms
block 24/40 - 70/120   6133.5 ms
block 25/40 - 73/120   6293.1 ms
block 26/40 - 76/120   5798.7 ms
block 27/40 - 79/120   6327.3 ms
block 28/40 - 82/120   6168.1 ms
block 29/40 - 85/120   6324.7 ms
block 30/40 - 88/120   6346.1 ms
block 31/40 - 91/120   6347.6 ms
block 32/40 - 94/120   6263.8 ms
block 33/40 - 97/120   6250.2 ms
block 34/40 - 100/120   6302.5 ms
block 35/40 - 103/120   6386.4 ms
block 36/40 - 106/120   6316.2 ms
block 37/40 - 109/120   6278.3 ms
block 38/40 - 112/120   6253.8 ms
block 39/40 - 115/120   6285.9 ms
block 40/40 - 118/120   6295.8 ms
[105/128] elapsed=31.8m  avg=18.2s/prompt  eta=7.0m
block 1/40 - 1/120   7289.5 ms
block 2/40 - 4/120   5972.6 ms
block 3/40 - 7/120   6175.4 ms
block 4/40 - 10/120   6303.1 ms
block 5/40 - 13/120   6323.0 ms
block 6/40 - 16/120   6346.0 ms
block 7/40 - 19/120   5782.7 ms
block 8/40 - 22/120   3461.7 ms
block 9/40 - 25/120   4934.4 ms
block 10/40 - 28/120   6126.1 ms
block 11/40 - 31/120   6405.1 ms
block 12/40 - 34/120   6187.6 ms
block 13/40 - 37/120   6264.8 ms
block 14/40 - 40/120   6385.8 ms
block 15/40 - 43/120   6300.9 ms
block 16/40 - 46/120   6288.1 ms
block 17/40 - 49/120   6347.4 ms
block 18/40 - 52/120   6042.9 ms
block 19/40 - 55/120   6291.6 ms
block 20/40 - 58/120   6013.0 ms
block 21/40 - 61/120   6516.9 ms
block 22/40 - 64/120   6695.5 ms
block 23/40 - 67/120   5864.3 ms
block 24/40 - 70/120   6256.9 ms
block 25/40 - 73/120   6191.3 ms
block 26/40 - 76/120   6278.7 ms
block 27/40 - 79/120   6274.5 ms
block 28/40 - 82/120   6312.7 ms
block 29/40 - 85/120   6321.5 ms
block 30/40 - 88/120   6311.6 ms
block 31/40 - 91/120   6364.6 ms
block 32/40 - 94/120   6298.7 ms
block 33/40 - 97/120   6234.7 ms
block 34/40 - 100/120   6298.7 ms
block 35/40 - 103/120   6311.0 ms
block 36/40 - 106/120   6266.6 ms
block 37/40 - 109/120   6303.6 ms
block 38/40 - 112/120   6321.8 ms
block 39/40 - 115/120   6234.2 ms
block 40/40 - 118/120   6232.6 ms
[121/128] elapsed=35.9m  avg=17.8s/prompt  eta=2.1m
