Running on a single GPU (cuda); skipping NCCL initialization.
Free VRAM 94.3734130859375 GB
Loading CUDA extension (first run compiles ~60s; cached run ~3s)...
CUDA extension ready in 139.7s.
[CacheCompatibilityPolicy] recent=20:360 coverage=21:0 episode=22:0 budget=9FFE owner=HeadComposition
KV inference with 3 frames per block
Number of prompts: 128
Prompt index range: [0, 128)
Loading PyramidKV config from /apdcephfs_gy2/share_303214315/cedricnie/develop/training-free/runs/v180_rccp_fresh128/inputs/maps/all_recent.csv
block 1/40 - 1/120  171011.0 ms
block 2/40 - 4/120   5229.5 ms
block 3/40 - 7/120   6288.7 ms
block 4/40 - 10/120   6866.3 ms
block 5/40 - 13/120   6584.2 ms
block 6/40 - 16/120   6374.3 ms
block 7/40 - 19/120   6447.7 ms
block 8/40 - 22/120   6460.6 ms
block 9/40 - 25/120   6379.6 ms
block 10/40 - 28/120   6372.1 ms
block 11/40 - 31/120   6429.1 ms
block 12/40 - 34/120   6377.5 ms
block 13/40 - 37/120   6370.9 ms
block 14/40 - 40/120   6383.4 ms
block 15/40 - 43/120   6390.3 ms
block 16/40 - 46/120   6387.7 ms
block 17/40 - 49/120   6437.5 ms
block 18/40 - 52/120   6389.2 ms
block 19/40 - 55/120   6381.1 ms
block 20/40 - 58/120   6362.1 ms
block 21/40 - 61/120   6371.9 ms
block 22/40 - 64/120   6380.5 ms
block 23/40 - 67/120   6413.9 ms
block 24/40 - 70/120   6441.4 ms
block 25/40 - 73/120   6396.4 ms
block 26/40 - 76/120   6362.4 ms
block 27/40 - 79/120   6414.1 ms
block 28/40 - 82/120   6371.3 ms
block 29/40 - 85/120   6391.6 ms
block 30/40 - 88/120   6392.5 ms
block 31/40 - 91/120   6417.9 ms
block 32/40 - 94/120   6377.2 ms
block 33/40 - 97/120   6405.4 ms
block 34/40 - 100/120   6421.5 ms
block 35/40 - 103/120   6460.3 ms
block 36/40 - 106/120   6426.0 ms
block 37/40 - 109/120   6328.8 ms
block 38/40 - 112/120   6366.7 ms
block 39/40 - 115/120   6358.0 ms
block 40/40 - 118/120   4174.7 ms
[3/128] elapsed=7.0m  avg=139.7s/prompt  eta=291.0m
/apdcephfs_gy2/share_303214315/cedricnie/miniconda3/envs/longlive/lib/python3.10/site-packages/torchvision/io/_video_deprecation_warning.py:9: UserWarning: The video decoding and encoding capabilities of torchvision are deprecated from version 0.22 and will be removed in version 0.24. We recommend that you migrate to TorchCodec, where we'll consolidate the future decoding/encoding capabilities of PyTorch: https://github.com/pytorch/torchcodec
  warnings.warn(
block 1/40 - 1/120   6504.8 ms
block 2/40 - 4/120   6031.0 ms
block 3/40 - 7/120   6442.0 ms
block 4/40 - 10/120   6467.0 ms
block 5/40 - 13/120   6399.7 ms
block 6/40 - 16/120   6321.2 ms
block 7/40 - 19/120   6434.6 ms
block 8/40 - 22/120   6394.1 ms
block 9/40 - 25/120   6502.0 ms
block 10/40 - 28/120   6487.3 ms
block 11/40 - 31/120   6398.4 ms
block 12/40 - 34/120   6350.5 ms
block 13/40 - 37/120   6326.7 ms
block 14/40 - 40/120   6216.9 ms
block 15/40 - 43/120   6298.1 ms
block 16/40 - 46/120   6443.5 ms
block 17/40 - 49/120   6397.2 ms
block 18/40 - 52/120   6360.9 ms
block 19/40 - 55/120   6335.5 ms
block 20/40 - 58/120   6413.1 ms
block 21/40 - 61/120   6339.7 ms
block 22/40 - 64/120   6338.2 ms
block 23/40 - 67/120   6379.6 ms
block 24/40 - 70/120   6478.1 ms
block 25/40 - 73/120   6353.5 ms
block 26/40 - 76/120   6216.7 ms
block 27/40 - 79/120   6369.5 ms
block 28/40 - 82/120   6419.4 ms
block 29/40 - 85/120   6757.9 ms
block 30/40 - 88/120   6748.0 ms
block 31/40 - 91/120   6452.6 ms
block 32/40 - 94/120   6474.9 ms
block 33/40 - 97/120   6389.2 ms
block 34/40 - 100/120   6398.1 ms
block 35/40 - 103/120   6479.7 ms
block 36/40 - 106/120   6388.1 ms
block 37/40 - 109/120   6394.1 ms
block 38/40 - 112/120   5495.3 ms
block 39/40 - 115/120   3400.5 ms
block 40/40 - 118/120   5826.2 ms
[19/128] elapsed=11.2m  avg=35.4s/prompt  eta=64.2m
block 1/40 - 1/120   7663.5 ms
block 2/40 - 4/120   5998.7 ms
block 3/40 - 7/120   6421.2 ms
block 4/40 - 10/120   6492.6 ms
block 5/40 - 13/120   6886.9 ms
block 6/40 - 16/120   6544.2 ms
block 7/40 - 19/120   6456.1 ms
block 8/40 - 22/120   6519.8 ms
block 9/40 - 25/120   6352.5 ms
block 10/40 - 28/120   6530.0 ms
block 11/40 - 31/120   6373.7 ms
block 12/40 - 34/120   6611.8 ms
block 13/40 - 37/120   6190.0 ms
block 14/40 - 40/120   6356.0 ms
block 15/40 - 43/120   6378.1 ms
block 16/40 - 46/120   6309.0 ms
block 17/40 - 49/120   6352.9 ms
block 18/40 - 52/120   6290.0 ms
block 19/40 - 55/120   6399.1 ms
block 20/40 - 58/120   6395.2 ms
block 21/40 - 61/120   6391.9 ms
block 22/40 - 64/120   6482.4 ms
block 23/40 - 67/120   6413.4 ms
block 24/40 - 70/120   6334.8 ms
block 25/40 - 73/120   6458.1 ms
block 26/40 - 76/120   6406.3 ms
block 27/40 - 79/120   6421.4 ms
block 28/40 - 82/120   6501.8 ms
block 29/40 - 85/120   6268.3 ms
block 30/40 - 88/120   6408.5 ms
block 31/40 - 91/120   6439.0 ms
block 32/40 - 94/120   6421.0 ms
block 33/40 - 97/120   6430.3 ms
block 34/40 - 100/120   6464.5 ms
block 35/40 - 103/120   6356.2 ms
block 36/40 - 106/120   6414.1 ms
block 37/40 - 109/120   4408.6 ms
block 38/40 - 112/120   4110.3 ms
block 39/40 - 115/120   5962.8 ms
block 40/40 - 118/120   6743.6 ms
[35/128] elapsed=15.4m  avg=26.5s/prompt  eta=41.0m
block 1/40 - 1/120   7791.6 ms
block 2/40 - 4/120   6008.8 ms
block 3/40 - 7/120   6479.2 ms
block 4/40 - 10/120   6426.5 ms
block 5/40 - 13/120   6404.4 ms
block 6/40 - 16/120   6440.3 ms
block 7/40 - 19/120   6478.8 ms
block 8/40 - 22/120   6465.4 ms
block 9/40 - 25/120   6431.3 ms
block 10/40 - 28/120   6413.3 ms
block 11/40 - 31/120   6420.7 ms
block 12/40 - 34/120   6357.7 ms
block 13/40 - 37/120   6492.8 ms
block 14/40 - 40/120   6311.3 ms
block 15/40 - 43/120   6331.7 ms
block 16/40 - 46/120   6445.6 ms
block 17/40 - 49/120   6445.6 ms
block 18/40 - 52/120   6416.9 ms
block 19/40 - 55/120   6434.8 ms
block 20/40 - 58/120   6467.9 ms
block 21/40 - 61/120   6309.8 ms
block 22/40 - 64/120   6778.6 ms
block 23/40 - 67/120   6610.7 ms
block 24/40 - 70/120   6423.5 ms
block 25/40 - 73/120   6049.0 ms
block 26/40 - 76/120   6634.8 ms
block 27/40 - 79/120   6421.8 ms
block 28/40 - 82/120   6417.3 ms
block 29/40 - 85/120   6456.9 ms
block 30/40 - 88/120   6285.5 ms
block 31/40 - 91/120   6405.3 ms
block 32/40 - 94/120   6330.3 ms
block 33/40 - 97/120   6339.6 ms
block 34/40 - 100/120   6349.6 ms
block 35/40 - 103/120   6035.4 ms
block 36/40 - 106/120   3353.9 ms
block 37/40 - 109/120   5307.4 ms
block 38/40 - 112/120   6230.0 ms
block 39/40 - 115/120   6458.9 ms
block 40/40 - 118/120   6368.4 ms
[51/128] elapsed=19.7m  avg=23.1s/prompt  eta=29.7m
block 1/40 - 1/120   7807.8 ms
block 2/40 - 4/120   5921.8 ms
block 3/40 - 7/120   6365.4 ms
block 4/40 - 10/120   6329.6 ms
block 5/40 - 13/120   6366.7 ms
block 6/40 - 16/120   6411.9 ms
block 7/40 - 19/120   6398.9 ms
block 8/40 - 22/120   6368.8 ms
block 9/40 - 25/120   6402.6 ms
block 10/40 - 28/120   6394.2 ms
block 11/40 - 31/120   6514.8 ms
block 12/40 - 34/120   6364.1 ms
block 13/40 - 37/120   6223.8 ms
block 14/40 - 40/120   6389.7 ms
block 15/40 - 43/120   6423.5 ms
block 16/40 - 46/120   6423.8 ms
block 17/40 - 49/120   6402.8 ms
block 18/40 - 52/120   6388.7 ms
block 19/40 - 55/120   6364.5 ms
block 20/40 - 58/120   6363.6 ms
block 21/40 - 61/120   6331.6 ms
block 22/40 - 64/120   6416.3 ms
block 23/40 - 67/120   7074.8 ms
block 24/40 - 70/120   6401.4 ms
block 25/40 - 73/120   6394.9 ms
block 26/40 - 76/120   6366.5 ms
block 27/40 - 79/120   6282.0 ms
block 28/40 - 82/120   6377.1 ms
block 29/40 - 85/120   6338.8 ms
block 30/40 - 88/120   6383.1 ms
block 31/40 - 91/120   6350.1 ms
block 32/40 - 94/120   6431.8 ms
block 33/40 - 97/120   6537.4 ms
block 34/40 - 100/120   5715.3 ms
block 35/40 - 103/120   3393.1 ms
block 36/40 - 106/120   5712.4 ms
block 37/40 - 109/120   6281.6 ms
block 38/40 - 112/120   6387.9 ms
block 39/40 - 115/120   6339.6 ms
block 40/40 - 118/120   6341.6 ms
[67/128] elapsed=23.9m  avg=21.4s/prompt  eta=21.8m
block 1/40 - 1/120   7297.6 ms
block 2/40 - 4/120   5991.0 ms
block 3/40 - 7/120   6422.3 ms
block 4/40 - 10/120   6407.1 ms
block 5/40 - 13/120   6395.3 ms
block 6/40 - 16/120   6389.6 ms
block 7/40 - 19/120   6382.6 ms
block 8/40 - 22/120   6360.3 ms
block 9/40 - 25/120   6487.9 ms
block 10/40 - 28/120   6284.2 ms
block 11/40 - 31/120   6379.4 ms
block 12/40 - 34/120   6432.2 ms
block 13/40 - 37/120   6339.8 ms
block 14/40 - 40/120   6400.9 ms
block 15/40 - 43/120   6381.7 ms
block 16/40 - 46/120   6581.3 ms
block 17/40 - 49/120   6459.0 ms
block 18/40 - 52/120   6296.3 ms
block 19/40 - 55/120   6349.4 ms
block 20/40 - 58/120   6409.5 ms
block 21/40 - 61/120   6336.9 ms
block 22/40 - 64/120   6423.5 ms
block 23/40 - 67/120   6632.0 ms
block 24/40 - 70/120   6775.7 ms
block 25/40 - 73/120   6392.0 ms
block 26/40 - 76/120   6431.3 ms
block 27/40 - 79/120   6438.4 ms
block 28/40 - 82/120   6238.3 ms
block 29/40 - 85/120   6431.5 ms
block 30/40 - 88/120   6414.3 ms
block 31/40 - 91/120   6414.5 ms
block 32/40 - 94/120   6379.0 ms
block 33/40 - 97/120   5787.1 ms
block 34/40 - 100/120   3394.5 ms
block 35/40 - 103/120   5752.4 ms
block 36/40 - 106/120   6303.0 ms
block 37/40 - 109/120   6373.1 ms
block 38/40 - 112/120   6493.7 ms
block 39/40 - 115/120   6349.1 ms
block 40/40 - 118/120   6538.8 ms
[83/128] elapsed=28.1m  avg=20.3s/prompt  eta=15.2m
block 1/40 - 1/120   7104.0 ms
block 2/40 - 4/120   6069.1 ms
block 3/40 - 7/120   6421.2 ms
block 4/40 - 10/120   6426.3 ms
block 5/40 - 13/120   6501.2 ms
block 6/40 - 16/120   6396.5 ms
block 7/40 - 19/120   6416.4 ms
block 8/40 - 22/120   6366.1 ms
block 9/40 - 25/120   6348.8 ms
block 10/40 - 28/120   6329.4 ms
block 11/40 - 31/120   6327.9 ms
block 12/40 - 34/120   6398.5 ms
block 13/40 - 37/120   6443.1 ms
block 14/40 - 40/120   6397.8 ms
block 15/40 - 43/120   6387.4 ms
block 16/40 - 46/120   6405.4 ms
block 17/40 - 49/120   6405.4 ms
block 18/40 - 52/120   6613.4 ms
block 19/40 - 55/120   6330.9 ms
block 20/40 - 58/120   6713.3 ms
block 21/40 - 61/120   6494.3 ms
block 22/40 - 64/120   6364.4 ms
block 23/40 - 67/120   6456.2 ms
block 24/40 - 70/120   6388.6 ms
block 25/40 - 73/120   6379.6 ms
block 26/40 - 76/120   6444.9 ms
block 27/40 - 79/120   6392.9 ms
block 28/40 - 82/120   6364.1 ms
block 29/40 - 85/120   6449.0 ms
block 30/40 - 88/120   6355.3 ms
block 31/40 - 91/120   6444.0 ms
block 32/40 - 94/120   5523.1 ms
block 33/40 - 97/120   3327.7 ms
block 34/40 - 100/120   5873.1 ms
block 35/40 - 103/120   6224.6 ms
block 36/40 - 106/120   6489.8 ms
block 37/40 - 109/120   6273.8 ms
block 38/40 - 112/120   6341.4 ms
block 39/40 - 115/120   6385.9 ms
block 40/40 - 118/120   6369.2 ms
[99/128] elapsed=32.3m  avg=19.6s/prompt  eta=9.5m
block 1/40 - 1/120   7237.7 ms
block 2/40 - 4/120   6000.6 ms
block 3/40 - 7/120   6479.9 ms
block 4/40 - 10/120   6415.1 ms
block 5/40 - 13/120   6460.3 ms
block 6/40 - 16/120   6424.3 ms
block 7/40 - 19/120   6301.3 ms
block 8/40 - 22/120   6395.5 ms
block 9/40 - 25/120   6388.6 ms
block 10/40 - 28/120   6337.1 ms
block 11/40 - 31/120   6426.0 ms
block 12/40 - 34/120   6465.2 ms
block 13/40 - 37/120   6432.1 ms
block 14/40 - 40/120   6430.9 ms
block 15/40 - 43/120   6381.1 ms
block 16/40 - 46/120   6325.3 ms
block 17/40 - 49/120   6602.4 ms
block 18/40 - 52/120   6682.7 ms
block 19/40 - 55/120   6072.1 ms
block 20/40 - 58/120   6118.5 ms
block 21/40 - 61/120   6642.8 ms
block 22/40 - 64/120   6664.0 ms
block 23/40 - 67/120   6387.3 ms
block 24/40 - 70/120   6466.9 ms
block 25/40 - 73/120   6339.6 ms
block 26/40 - 76/120   6370.5 ms
block 27/40 - 79/120   6447.5 ms
block 28/40 - 82/120   6327.5 ms
block 29/40 - 85/120   6385.8 ms
block 30/40 - 88/120   6510.7 ms
block 31/40 - 91/120   5519.8 ms
block 32/40 - 94/120   2469.6 ms
block 33/40 - 97/120   2471.7 ms
block 34/40 - 100/120   2467.8 ms
block 35/40 - 103/120   2459.5 ms
block 36/40 - 106/120   2517.5 ms
block 37/40 - 109/120   2465.2 ms
block 38/40 - 112/120   2483.7 ms
block 39/40 - 115/120   2457.8 ms
block 40/40 - 118/120   2460.7 ms
[115/128] elapsed=36.0m  avg=18.8s/prompt  eta=4.1m
