Running on a single GPU (cuda); skipping NCCL initialization.
Free VRAM 94.3734130859375 GB
Loading CUDA extension (first run compiles ~60s; cached run ~3s)...
CUDA extension ready in 139.0s.
[CacheCompatibilityPolicy] recent=20:360 coverage=21:0 episode=22:0 budget=9FFE owner=HeadComposition
KV inference with 3 frames per block
Number of prompts: 128
Prompt index range: [0, 128)
Loading PyramidKV config from /apdcephfs_gy2/share_303214315/cedricnie/develop/training-free/runs/v180_rccp_fresh128/inputs/maps/all_recent.csv
block 1/40 - 1/120  171761.6 ms
block 2/40 - 4/120   5350.5 ms
block 3/40 - 7/120   6600.4 ms
block 4/40 - 10/120   5922.1 ms
block 5/40 - 13/120   6421.3 ms
block 6/40 - 16/120   6416.7 ms
block 7/40 - 19/120   6540.8 ms
block 8/40 - 22/120   6301.7 ms
block 9/40 - 25/120   5949.8 ms
block 10/40 - 28/120   6434.3 ms
block 11/40 - 31/120   6368.2 ms
block 12/40 - 34/120   6131.8 ms
block 13/40 - 37/120   6352.1 ms
block 14/40 - 40/120   6633.2 ms
block 15/40 - 43/120   6091.3 ms
block 16/40 - 46/120   6500.7 ms
block 17/40 - 49/120   6291.4 ms
block 18/40 - 52/120   6228.4 ms
block 19/40 - 55/120   6346.8 ms
block 20/40 - 58/120   6467.0 ms
block 21/40 - 61/120   6448.8 ms
block 22/40 - 64/120   6364.9 ms
block 23/40 - 67/120   6242.6 ms
block 24/40 - 70/120   6213.0 ms
block 25/40 - 73/120   6265.7 ms
block 26/40 - 76/120   6365.6 ms
block 27/40 - 79/120   6474.7 ms
block 28/40 - 82/120   6357.0 ms
block 29/40 - 85/120   6335.7 ms
block 30/40 - 88/120   6325.3 ms
block 31/40 - 91/120   6269.2 ms
block 32/40 - 94/120   6414.6 ms
block 33/40 - 97/120   6248.2 ms
block 34/40 - 100/120   6360.0 ms
block 35/40 - 103/120   6360.4 ms
block 36/40 - 106/120   6372.4 ms
block 37/40 - 109/120   6318.2 ms
block 38/40 - 112/120   6320.9 ms
block 39/40 - 115/120   6364.1 ms
block 40/40 - 118/120   6331.5 ms
[7/128] elapsed=7.0m  avg=59.9s/prompt  eta=120.8m
/apdcephfs_gy2/share_303214315/cedricnie/miniconda3/envs/longlive/lib/python3.10/site-packages/torchvision/io/_video_deprecation_warning.py:9: UserWarning: The video decoding and encoding capabilities of torchvision are deprecated from version 0.22 and will be removed in version 0.24. We recommend that you migrate to TorchCodec, where we'll consolidate the future decoding/encoding capabilities of PyTorch: https://github.com/pytorch/torchcodec
  warnings.warn(
block 1/40 - 1/120   2914.6 ms
block 2/40 - 4/120   5033.8 ms
block 3/40 - 7/120   6232.2 ms
block 4/40 - 10/120   6347.3 ms
block 5/40 - 13/120   6268.1 ms
block 6/40 - 16/120   6387.6 ms
block 7/40 - 19/120   6371.2 ms
block 8/40 - 22/120   6306.2 ms
block 9/40 - 25/120   6233.5 ms
block 10/40 - 28/120   6268.1 ms
block 11/40 - 31/120   6357.0 ms
block 12/40 - 34/120   6325.2 ms
block 13/40 - 37/120   6329.3 ms
block 14/40 - 40/120   6302.2 ms
block 15/40 - 43/120   6401.1 ms
block 16/40 - 46/120   6413.9 ms
block 17/40 - 49/120   6323.0 ms
block 18/40 - 52/120   6230.3 ms
block 19/40 - 55/120   6310.1 ms
block 20/40 - 58/120   6355.8 ms
block 21/40 - 61/120   6411.7 ms
block 22/40 - 64/120   6317.0 ms
block 23/40 - 67/120   6391.8 ms
block 24/40 - 70/120   6392.8 ms
block 25/40 - 73/120   6371.1 ms
block 26/40 - 76/120   6290.4 ms
block 27/40 - 79/120   6310.4 ms
block 28/40 - 82/120   6415.0 ms
block 29/40 - 85/120   6340.9 ms
block 30/40 - 88/120   6342.2 ms
block 31/40 - 91/120   6306.6 ms
block 32/40 - 94/120   6346.9 ms
block 33/40 - 97/120   6345.1 ms
block 34/40 - 100/120   6340.5 ms
block 35/40 - 103/120   6348.0 ms
block 36/40 - 106/120   6317.2 ms
block 37/40 - 109/120   6227.4 ms
block 38/40 - 112/120   6245.3 ms
block 39/40 - 115/120   6343.4 ms
block 40/40 - 118/120   6330.1 ms
[23/128] elapsed=11.1m  avg=29.1s/prompt  eta=50.9m
block 1/40 - 1/120   3984.6 ms
block 2/40 - 4/120   3122.3 ms
block 3/40 - 7/120   5947.1 ms
block 4/40 - 10/120   6270.6 ms
block 5/40 - 13/120   6397.5 ms
block 6/40 - 16/120   6413.9 ms
block 7/40 - 19/120   6363.2 ms
block 8/40 - 22/120   6321.0 ms
block 9/40 - 25/120   6364.5 ms
block 10/40 - 28/120   6331.0 ms
block 11/40 - 31/120   6269.2 ms
block 12/40 - 34/120   6315.0 ms
block 13/40 - 37/120   6275.7 ms
block 14/40 - 40/120   6287.1 ms
block 15/40 - 43/120   6353.3 ms
block 16/40 - 46/120   6395.5 ms
block 17/40 - 49/120   6372.1 ms
block 18/40 - 52/120   6373.6 ms
block 19/40 - 55/120   6354.9 ms
block 20/40 - 58/120   6368.9 ms
block 21/40 - 61/120   6302.2 ms
block 22/40 - 64/120   6328.4 ms
block 23/40 - 67/120   6348.1 ms
block 24/40 - 70/120   6377.9 ms
block 25/40 - 73/120   6385.2 ms
block 26/40 - 76/120   6398.5 ms
block 27/40 - 79/120   6365.2 ms
block 28/40 - 82/120   6346.6 ms
block 29/40 - 85/120   6387.5 ms
block 30/40 - 88/120   6321.1 ms
block 31/40 - 91/120   6368.5 ms
block 32/40 - 94/120   6311.4 ms
block 33/40 - 97/120   6288.9 ms
block 34/40 - 100/120   6407.4 ms
block 35/40 - 103/120   6413.1 ms
block 36/40 - 106/120   6383.6 ms
block 37/40 - 109/120   6401.8 ms
block 38/40 - 112/120   6348.4 ms
block 39/40 - 115/120   6372.9 ms
block 40/40 - 118/120   6323.2 ms
[39/128] elapsed=15.3m  avg=23.5s/prompt  eta=34.9m
block 1/40 - 1/120   5232.3 ms
block 2/40 - 4/120   2931.6 ms
block 3/40 - 7/120   5772.6 ms
block 4/40 - 10/120   6279.0 ms
block 5/40 - 13/120   6268.1 ms
block 6/40 - 16/120   6303.9 ms
block 7/40 - 19/120   6366.7 ms
block 8/40 - 22/120   6325.2 ms
block 9/40 - 25/120   6341.8 ms
block 10/40 - 28/120   6293.7 ms
block 11/40 - 31/120   6388.8 ms
block 12/40 - 34/120   6386.7 ms
block 13/40 - 37/120   6392.4 ms
block 14/40 - 40/120   6368.1 ms
block 15/40 - 43/120   6185.3 ms
block 16/40 - 46/120   6300.0 ms
block 17/40 - 49/120   6307.3 ms
block 18/40 - 52/120   6323.4 ms
block 19/40 - 55/120   6248.1 ms
block 20/40 - 58/120   6357.2 ms
block 21/40 - 61/120   6330.7 ms
block 22/40 - 64/120   6287.9 ms
block 23/40 - 67/120   6373.3 ms
block 24/40 - 70/120   6331.1 ms
block 25/40 - 73/120   6340.0 ms
block 26/40 - 76/120   6401.7 ms
block 27/40 - 79/120   6300.7 ms
block 28/40 - 82/120   6268.7 ms
block 29/40 - 85/120   6371.3 ms
block 30/40 - 88/120   6327.0 ms
block 31/40 - 91/120   6364.8 ms
block 32/40 - 94/120   6308.2 ms
block 33/40 - 97/120   6232.9 ms
block 34/40 - 100/120   6349.2 ms
block 35/40 - 103/120   6245.4 ms
block 36/40 - 106/120   6326.8 ms
block 37/40 - 109/120   6372.5 ms
block 38/40 - 112/120   6400.8 ms
block 39/40 - 115/120   6261.5 ms
block 40/40 - 118/120   6347.5 ms
[55/128] elapsed=19.4m  avg=21.2s/prompt  eta=25.8m
block 1/40 - 1/120   7289.3 ms
block 2/40 - 4/120   2607.0 ms
block 3/40 - 7/120   5435.6 ms
block 4/40 - 10/120   6207.8 ms
block 5/40 - 13/120   6272.7 ms
block 6/40 - 16/120   6260.3 ms
block 7/40 - 19/120   6464.6 ms
block 8/40 - 22/120   6364.7 ms
block 9/40 - 25/120   6242.2 ms
block 10/40 - 28/120   6322.5 ms
block 11/40 - 31/120   6342.5 ms
block 12/40 - 34/120   6419.5 ms
block 13/40 - 37/120   6306.6 ms
block 14/40 - 40/120   6267.1 ms
block 15/40 - 43/120   6354.8 ms
block 16/40 - 46/120   6300.0 ms
block 17/40 - 49/120   6348.9 ms
block 18/40 - 52/120   6283.4 ms
block 19/40 - 55/120   6349.2 ms
block 20/40 - 58/120   6361.0 ms
block 21/40 - 61/120   6250.6 ms
block 22/40 - 64/120   6396.1 ms
block 23/40 - 67/120   6284.8 ms
block 24/40 - 70/120   6357.2 ms
block 25/40 - 73/120   6240.8 ms
block 26/40 - 76/120   6322.6 ms
block 27/40 - 79/120   6347.6 ms
block 28/40 - 82/120   6347.1 ms
block 29/40 - 85/120   6324.0 ms
block 30/40 - 88/120   6338.5 ms
block 31/40 - 91/120   6324.3 ms
block 32/40 - 94/120   6272.4 ms
block 33/40 - 97/120   6421.1 ms
block 34/40 - 100/120   6379.6 ms
block 35/40 - 103/120   6388.1 ms
block 36/40 - 106/120   6270.6 ms
block 37/40 - 109/120   6387.3 ms
block 38/40 - 112/120   6370.5 ms
block 39/40 - 115/120   6244.2 ms
block 40/40 - 118/120   6232.0 ms
[71/128] elapsed=23.6m  avg=20.0s/prompt  eta=19.0m
block 1/40 - 1/120   6831.4 ms
block 2/40 - 4/120   2974.2 ms
block 3/40 - 7/120   5250.7 ms
block 4/40 - 10/120   6149.3 ms
block 5/40 - 13/120   6233.9 ms
block 6/40 - 16/120   6251.6 ms
block 7/40 - 19/120   6316.3 ms
block 8/40 - 22/120   6363.3 ms
block 9/40 - 25/120   6365.3 ms
block 10/40 - 28/120   6332.0 ms
block 11/40 - 31/120   6348.0 ms
block 12/40 - 34/120   6301.2 ms
block 13/40 - 37/120   6224.5 ms
block 14/40 - 40/120   6384.1 ms
block 15/40 - 43/120   6362.0 ms
block 16/40 - 46/120   6305.5 ms
block 17/40 - 49/120   6415.7 ms
block 18/40 - 52/120   6348.2 ms
block 19/40 - 55/120   6291.2 ms
block 20/40 - 58/120   6278.1 ms
block 21/40 - 61/120   6339.2 ms
block 22/40 - 64/120   6364.3 ms
block 23/40 - 67/120   6361.4 ms
block 24/40 - 70/120   6262.5 ms
block 25/40 - 73/120   6312.3 ms
block 26/40 - 76/120   6331.1 ms
block 27/40 - 79/120   6357.4 ms
block 28/40 - 82/120   6329.7 ms
block 29/40 - 85/120   6364.3 ms
block 30/40 - 88/120   6388.8 ms
block 31/40 - 91/120   6340.2 ms
block 32/40 - 94/120   6375.8 ms
block 33/40 - 97/120   6268.0 ms
block 34/40 - 100/120   6326.4 ms
block 35/40 - 103/120   6365.4 ms
block 36/40 - 106/120   6348.0 ms
block 37/40 - 109/120   6361.3 ms
block 38/40 - 112/120   6338.8 ms
block 39/40 - 115/120   6355.6 ms
block 40/40 - 118/120   6320.4 ms
[87/128] elapsed=27.8m  avg=19.2s/prompt  eta=13.1m
block 1/40 - 1/120   7769.6 ms
block 2/40 - 4/120   2572.9 ms
block 3/40 - 7/120   4706.7 ms
block 4/40 - 10/120   6252.1 ms
block 5/40 - 13/120   6049.7 ms
block 6/40 - 16/120   6069.2 ms
block 7/40 - 19/120   6086.8 ms
block 8/40 - 22/120   6431.9 ms
block 9/40 - 25/120   6276.8 ms
block 10/40 - 28/120   6340.9 ms
block 11/40 - 31/120   6351.0 ms
block 12/40 - 34/120   6370.4 ms
block 13/40 - 37/120   6317.6 ms
block 14/40 - 40/120   6362.9 ms
block 15/40 - 43/120   6361.0 ms
block 16/40 - 46/120   6265.5 ms
block 17/40 - 49/120   6335.2 ms
block 18/40 - 52/120   6346.4 ms
block 19/40 - 55/120   6318.8 ms
block 20/40 - 58/120   6370.2 ms
block 21/40 - 61/120   6378.8 ms
block 22/40 - 64/120   6369.5 ms
block 23/40 - 67/120   6365.1 ms
block 24/40 - 70/120   6393.5 ms
block 25/40 - 73/120   6358.8 ms
block 26/40 - 76/120   6335.8 ms
block 27/40 - 79/120   6347.4 ms
block 28/40 - 82/120   6392.2 ms
block 29/40 - 85/120   6313.5 ms
block 30/40 - 88/120   6392.4 ms
block 31/40 - 91/120   6375.3 ms
block 32/40 - 94/120   6359.9 ms
block 33/40 - 97/120   6338.8 ms
block 34/40 - 100/120   6207.5 ms
block 35/40 - 103/120   6261.0 ms
block 36/40 - 106/120   6397.2 ms
block 37/40 - 109/120   6227.7 ms
block 38/40 - 112/120   6324.8 ms
block 39/40 - 115/120   6323.7 ms
block 40/40 - 118/120   6433.1 ms
[103/128] elapsed=31.9m  avg=18.6s/prompt  eta=7.8m
block 1/40 - 1/120   7391.2 ms
block 2/40 - 4/120   3817.1 ms
block 3/40 - 7/120   3562.2 ms
block 4/40 - 10/120   5769.4 ms
block 5/40 - 13/120   6239.6 ms
block 6/40 - 16/120   6235.1 ms
block 7/40 - 19/120   6286.4 ms
block 8/40 - 22/120   6416.5 ms
block 9/40 - 25/120   6281.3 ms
block 10/40 - 28/120   6302.2 ms
block 11/40 - 31/120   6355.0 ms
block 12/40 - 34/120   6350.8 ms
block 13/40 - 37/120   6332.6 ms
block 14/40 - 40/120   6445.4 ms
block 15/40 - 43/120   6419.2 ms
block 16/40 - 46/120   6284.1 ms
block 17/40 - 49/120   6349.0 ms
block 18/40 - 52/120   6357.8 ms
block 19/40 - 55/120   6338.5 ms
block 20/40 - 58/120   6299.0 ms
block 21/40 - 61/120   6338.3 ms
block 22/40 - 64/120   6269.5 ms
block 23/40 - 67/120   6428.4 ms
block 24/40 - 70/120   6414.1 ms
block 25/40 - 73/120   6372.5 ms
block 26/40 - 76/120   6346.2 ms
block 27/40 - 79/120   6368.9 ms
block 28/40 - 82/120   6282.4 ms
block 29/40 - 85/120   6433.7 ms
block 30/40 - 88/120   6301.2 ms
block 31/40 - 91/120   6340.2 ms
block 32/40 - 94/120   6327.5 ms
block 33/40 - 97/120   6324.4 ms
block 34/40 - 100/120   6293.3 ms
block 35/40 - 103/120   6434.7 ms
block 36/40 - 106/120   6357.7 ms
block 37/40 - 109/120   6354.1 ms
block 38/40 - 112/120   6388.5 ms
block 39/40 - 115/120   6359.0 ms
block 40/40 - 118/120   6382.8 ms
[119/128] elapsed=36.1m  avg=18.2s/prompt  eta=2.7m
