Running on a single GPU (cuda); skipping NCCL initialization.
Free VRAM 94.68743896484375 GB
Loading CUDA extension (first run compiles ~60s; cached run ~3s)...
CUDA extension ready in 140.7s.
[CacheCompatibilityPolicy] recent=20:360 coverage=21:0 episode=22:0 budget=9FFE owner=HeadComposition
KV inference with 3 frames per block
Number of prompts: 128
Prompt index range: [0, 128)
Loading PyramidKV config from /apdcephfs_gy2/share_303214315/cedricnie/develop/training-free/runs/v180_rccp_fresh128/inputs/maps/all_recent.csv
block 1/40 - 1/120  171152.1 ms
block 2/40 - 4/120   4984.9 ms
block 3/40 - 7/120   6847.4 ms
block 4/40 - 10/120   6700.9 ms
block 5/40 - 13/120   6446.6 ms
block 6/40 - 16/120   6442.4 ms
block 7/40 - 19/120   6501.6 ms
block 8/40 - 22/120   6401.7 ms
block 9/40 - 25/120   6544.5 ms
block 10/40 - 28/120   6509.7 ms
block 11/40 - 31/120   6447.3 ms
block 12/40 - 34/120   6429.6 ms
block 13/40 - 37/120   6503.4 ms
block 14/40 - 40/120   6454.8 ms
block 15/40 - 43/120   6474.3 ms
block 16/40 - 46/120   6482.9 ms
block 17/40 - 49/120   6481.3 ms
block 18/40 - 52/120   6403.7 ms
block 19/40 - 55/120   6447.3 ms
block 20/40 - 58/120   6416.9 ms
block 21/40 - 61/120   6487.7 ms
block 22/40 - 64/120   6489.4 ms
block 23/40 - 67/120   6448.2 ms
block 24/40 - 70/120   6479.1 ms
block 25/40 - 73/120   6552.8 ms
block 26/40 - 76/120   6458.8 ms
block 27/40 - 79/120   6474.0 ms
block 28/40 - 82/120   6482.6 ms
block 29/40 - 85/120   6489.4 ms
block 30/40 - 88/120   6490.5 ms
block 31/40 - 91/120   6554.8 ms
block 32/40 - 94/120   7055.2 ms
block 33/40 - 97/120   6570.9 ms
block 34/40 - 100/120   6535.4 ms
block 35/40 - 103/120   6538.9 ms
block 36/40 - 106/120   6494.0 ms
block 37/40 - 109/120   6515.2 ms
block 38/40 - 112/120   6419.5 ms
block 39/40 - 115/120   5543.9 ms
block 40/40 - 118/120   3447.6 ms
[1/128] elapsed=7.0m  avg=420.9s/prompt  eta=890.9m
/apdcephfs_gy2/share_303214315/cedricnie/miniconda3/envs/longlive/lib/python3.10/site-packages/torchvision/io/_video_deprecation_warning.py:9: UserWarning: The video decoding and encoding capabilities of torchvision are deprecated from version 0.22 and will be removed in version 0.24. We recommend that you migrate to TorchCodec, where we'll consolidate the future decoding/encoding capabilities of PyTorch: https://github.com/pytorch/torchcodec
  warnings.warn(
block 1/40 - 1/120   7220.7 ms
block 2/40 - 4/120   6075.8 ms
block 3/40 - 7/120   6447.3 ms
block 4/40 - 10/120   6500.2 ms
block 5/40 - 13/120   6410.8 ms
block 6/40 - 16/120   6351.0 ms
block 7/40 - 19/120   6435.2 ms
block 8/40 - 22/120   6503.7 ms
block 9/40 - 25/120   7141.7 ms
block 10/40 - 28/120   6435.5 ms
block 11/40 - 31/120   6461.3 ms
block 12/40 - 34/120   6403.6 ms
block 13/40 - 37/120   6552.2 ms
block 14/40 - 40/120   6524.9 ms
block 15/40 - 43/120   6461.3 ms
block 16/40 - 46/120   6472.9 ms
block 17/40 - 49/120   6434.8 ms
block 18/40 - 52/120   6398.7 ms
block 19/40 - 55/120   6502.9 ms
block 20/40 - 58/120   6488.0 ms
block 21/40 - 61/120   6470.8 ms
block 22/40 - 64/120   6472.3 ms
block 23/40 - 67/120   6430.6 ms
block 24/40 - 70/120   6475.8 ms
block 25/40 - 73/120   6455.9 ms
block 26/40 - 76/120   6468.3 ms
block 27/40 - 79/120   6451.3 ms
block 28/40 - 82/120   6442.5 ms
block 29/40 - 85/120   6396.4 ms
block 30/40 - 88/120   6466.1 ms
block 31/40 - 91/120   6431.7 ms
block 32/40 - 94/120   6539.8 ms
block 33/40 - 97/120   6404.8 ms
block 34/40 - 100/120   6456.4 ms
block 35/40 - 103/120   6408.3 ms
block 36/40 - 106/120   6462.6 ms
block 37/40 - 109/120   6480.9 ms
block 38/40 - 112/120   4082.0 ms
block 39/40 - 115/120   3786.5 ms
block 40/40 - 118/120   5829.3 ms
[17/128] elapsed=11.3m  avg=39.7s/prompt  eta=73.5m
block 1/40 - 1/120   6919.4 ms
block 2/40 - 4/120   6018.0 ms
block 3/40 - 7/120   6389.5 ms
block 4/40 - 10/120   6458.1 ms
block 5/40 - 13/120   6424.7 ms
block 6/40 - 16/120   6466.6 ms
block 7/40 - 19/120   6491.2 ms
block 8/40 - 22/120   6489.5 ms
block 9/40 - 25/120   6453.4 ms
block 10/40 - 28/120   6441.1 ms
block 11/40 - 31/120   7118.0 ms
block 12/40 - 34/120   6848.3 ms
block 13/40 - 37/120   6359.3 ms
block 14/40 - 40/120   6441.2 ms
block 15/40 - 43/120   6478.0 ms
block 16/40 - 46/120   6387.6 ms
block 17/40 - 49/120   6511.5 ms
block 18/40 - 52/120   6474.3 ms
block 19/40 - 55/120   6386.8 ms
block 20/40 - 58/120   6441.4 ms
block 21/40 - 61/120   6494.1 ms
block 22/40 - 64/120   6440.4 ms
block 23/40 - 67/120   6479.4 ms
block 24/40 - 70/120   6440.4 ms
block 25/40 - 73/120   6433.0 ms
block 26/40 - 76/120   6471.9 ms
block 27/40 - 79/120   6437.2 ms
block 28/40 - 82/120   6456.1 ms
block 29/40 - 85/120   6460.9 ms
block 30/40 - 88/120   6515.4 ms
block 31/40 - 91/120   6320.7 ms
block 32/40 - 94/120   6501.1 ms
block 33/40 - 97/120   6458.9 ms
block 34/40 - 100/120   6506.7 ms
block 35/40 - 103/120   6424.8 ms
block 36/40 - 106/120   6332.5 ms
block 37/40 - 109/120   4364.7 ms
block 38/40 - 112/120   3404.6 ms
block 39/40 - 115/120   6023.7 ms
block 40/40 - 118/120   6511.0 ms
[33/128] elapsed=15.5m  avg=28.2s/prompt  eta=44.6m
block 1/40 - 1/120   6986.1 ms
block 2/40 - 4/120   5823.4 ms
block 3/40 - 7/120   6417.4 ms
block 4/40 - 10/120   6418.0 ms
block 5/40 - 13/120   6401.6 ms
block 6/40 - 16/120   6479.8 ms
block 7/40 - 19/120   6491.4 ms
block 8/40 - 22/120   6452.8 ms
block 9/40 - 25/120   6431.3 ms
block 10/40 - 28/120   6435.4 ms
block 11/40 - 31/120   6402.1 ms
block 12/40 - 34/120   6455.5 ms
block 13/40 - 37/120   6322.9 ms
block 14/40 - 40/120   6454.0 ms
block 15/40 - 43/120   6348.5 ms
block 16/40 - 46/120   6477.4 ms
block 17/40 - 49/120   6422.9 ms
block 18/40 - 52/120   6414.8 ms
block 19/40 - 55/120   6481.0 ms
block 20/40 - 58/120   6498.8 ms
block 21/40 - 61/120   6357.2 ms
block 22/40 - 64/120   6400.7 ms
block 23/40 - 67/120   6507.2 ms
block 24/40 - 70/120   6958.0 ms
block 25/40 - 73/120   6605.6 ms
block 26/40 - 76/120   6464.2 ms
block 27/40 - 79/120   6321.8 ms
block 28/40 - 82/120   6534.9 ms
block 29/40 - 85/120   6498.9 ms
block 30/40 - 88/120   6497.7 ms
block 31/40 - 91/120   6413.1 ms
block 32/40 - 94/120   6445.1 ms
block 33/40 - 97/120   6424.1 ms
block 34/40 - 100/120   6456.9 ms
block 35/40 - 103/120   6508.6 ms
block 36/40 - 106/120   5479.2 ms
block 37/40 - 109/120   3371.5 ms
block 38/40 - 112/120   5808.0 ms
block 39/40 - 115/120   6400.3 ms
block 40/40 - 118/120   6470.0 ms
[49/128] elapsed=19.7m  avg=24.2s/prompt  eta=31.8m
block 1/40 - 1/120   7726.4 ms
block 2/40 - 4/120   5861.1 ms
block 3/40 - 7/120   6483.7 ms
block 4/40 - 10/120   6403.1 ms
block 5/40 - 13/120   6517.3 ms
block 6/40 - 16/120   6466.8 ms
block 7/40 - 19/120   6484.5 ms
block 8/40 - 22/120   6317.3 ms
block 9/40 - 25/120   6507.9 ms
block 10/40 - 28/120   6483.4 ms
block 11/40 - 31/120   6445.6 ms
block 12/40 - 34/120   6432.5 ms
block 13/40 - 37/120   6450.5 ms
block 14/40 - 40/120   6654.5 ms
block 15/40 - 43/120   6843.3 ms
block 16/40 - 46/120   6536.2 ms
block 17/40 - 49/120   6524.5 ms
block 18/40 - 52/120   6350.2 ms
block 19/40 - 55/120   6384.9 ms
block 20/40 - 58/120   6347.7 ms
block 21/40 - 61/120   6375.9 ms
block 22/40 - 64/120   6386.1 ms
block 23/40 - 67/120   6453.1 ms
block 24/40 - 70/120   6448.9 ms
block 25/40 - 73/120   6498.5 ms
block 26/40 - 76/120   6466.1 ms
block 27/40 - 79/120   6464.2 ms
block 28/40 - 82/120   6398.0 ms
block 29/40 - 85/120   6467.6 ms
block 30/40 - 88/120   6377.1 ms
block 31/40 - 91/120   6411.0 ms
block 32/40 - 94/120   6412.4 ms
block 33/40 - 97/120   6473.9 ms
block 34/40 - 100/120   6376.4 ms
block 35/40 - 103/120   5570.6 ms
block 36/40 - 106/120   3385.0 ms
block 37/40 - 109/120   5031.7 ms
block 38/40 - 112/120   6241.1 ms
block 39/40 - 115/120   6411.2 ms
block 40/40 - 118/120   6475.1 ms
[65/128] elapsed=24.0m  avg=22.1s/prompt  eta=23.2m
block 1/40 - 1/120   7481.3 ms
block 2/40 - 4/120   6086.6 ms
block 3/40 - 7/120   6419.4 ms
block 4/40 - 10/120   6313.5 ms
block 5/40 - 13/120   6637.4 ms
block 6/40 - 16/120   6373.5 ms
block 7/40 - 19/120   6475.9 ms
block 8/40 - 22/120   6513.8 ms
block 9/40 - 25/120   6512.5 ms
block 10/40 - 28/120   6441.1 ms
block 11/40 - 31/120   6362.6 ms
block 12/40 - 34/120   6429.5 ms
block 13/40 - 37/120   6457.5 ms
block 14/40 - 40/120   6499.2 ms
block 15/40 - 43/120   6500.2 ms
block 16/40 - 46/120   6528.1 ms
block 17/40 - 49/120   6399.3 ms
block 18/40 - 52/120   6383.6 ms
block 19/40 - 55/120   6329.7 ms
block 20/40 - 58/120   6334.9 ms
block 21/40 - 61/120   6162.7 ms
block 22/40 - 64/120   6352.6 ms
block 23/40 - 67/120   6455.7 ms
block 24/40 - 70/120   6456.2 ms
block 25/40 - 73/120   6460.9 ms
block 26/40 - 76/120   6467.8 ms
block 27/40 - 79/120   6464.4 ms
block 28/40 - 82/120   6458.7 ms
block 29/40 - 85/120   6491.1 ms
block 30/40 - 88/120   6737.8 ms
block 31/40 - 91/120   6135.3 ms
block 32/40 - 94/120   6779.6 ms
block 33/40 - 97/120   6700.1 ms
block 34/40 - 100/120   6302.2 ms
block 35/40 - 103/120   3529.6 ms
block 36/40 - 106/120   5449.9 ms
block 37/40 - 109/120   6248.7 ms
block 38/40 - 112/120   6505.0 ms
block 39/40 - 115/120   6489.4 ms
block 40/40 - 118/120   6379.4 ms
[81/128] elapsed=28.2m  avg=20.9s/prompt  eta=16.4m
block 1/40 - 1/120   7596.5 ms
block 2/40 - 4/120   6081.5 ms
block 3/40 - 7/120   6499.0 ms
block 4/40 - 10/120   6469.4 ms
block 5/40 - 13/120   6408.5 ms
block 6/40 - 16/120   6444.0 ms
block 7/40 - 19/120   6432.8 ms
block 8/40 - 22/120   6455.9 ms
block 9/40 - 25/120   6451.6 ms
block 10/40 - 28/120   6383.2 ms
block 11/40 - 31/120   6473.5 ms
block 12/40 - 34/120   6446.5 ms
block 13/40 - 37/120   6393.9 ms
block 14/40 - 40/120   6492.7 ms
block 15/40 - 43/120   6430.3 ms
block 16/40 - 46/120   6447.2 ms
block 17/40 - 49/120   6489.0 ms
block 18/40 - 52/120   6393.1 ms
block 19/40 - 55/120   7005.2 ms
block 20/40 - 58/120   6590.2 ms
block 21/40 - 61/120   6549.8 ms
block 22/40 - 64/120   6439.5 ms
block 23/40 - 67/120   6416.2 ms
block 24/40 - 70/120   6487.3 ms
block 25/40 - 73/120   6450.1 ms
block 26/40 - 76/120   6471.4 ms
block 27/40 - 79/120   6388.6 ms
block 28/40 - 82/120   6404.0 ms
block 29/40 - 85/120   6448.0 ms
block 30/40 - 88/120   6490.2 ms
block 31/40 - 91/120   6489.9 ms
block 32/40 - 94/120   6472.5 ms
block 33/40 - 97/120   5447.0 ms
block 34/40 - 100/120   3455.5 ms
block 35/40 - 103/120   5910.7 ms
block 36/40 - 106/120   6853.0 ms
block 37/40 - 109/120   6107.3 ms
block 38/40 - 112/120   6420.5 ms
block 39/40 - 115/120   6411.3 ms
block 40/40 - 118/120   6435.1 ms
[97/128] elapsed=32.5m  avg=20.1s/prompt  eta=10.4m
block 1/40 - 1/120   7665.1 ms
block 2/40 - 4/120   5892.1 ms
block 3/40 - 7/120   6403.2 ms
block 4/40 - 10/120   6469.7 ms
block 5/40 - 13/120   6442.6 ms
block 6/40 - 16/120   6321.2 ms
block 7/40 - 19/120   6399.0 ms
block 8/40 - 22/120   6422.5 ms
block 9/40 - 25/120   6377.3 ms
block 10/40 - 28/120   6506.5 ms
block 11/40 - 31/120   6475.7 ms
block 12/40 - 34/120   6967.9 ms
block 13/40 - 37/120   6045.2 ms
block 14/40 - 40/120   6023.3 ms
block 15/40 - 43/120   7129.2 ms
block 16/40 - 46/120   6496.9 ms
block 17/40 - 49/120   6539.1 ms
block 18/40 - 52/120   6487.1 ms
block 19/40 - 55/120   6464.7 ms
block 20/40 - 58/120   6443.2 ms
block 21/40 - 61/120   6427.6 ms
block 22/40 - 64/120   6437.5 ms
block 23/40 - 67/120   6431.0 ms
block 24/40 - 70/120   6458.3 ms
block 25/40 - 73/120   6497.2 ms
block 26/40 - 76/120   6447.7 ms
block 27/40 - 79/120   6453.1 ms
block 28/40 - 82/120   6493.0 ms
block 29/40 - 85/120   6443.3 ms
block 30/40 - 88/120   6472.5 ms
block 31/40 - 91/120   6482.9 ms
block 32/40 - 94/120   4428.4 ms
block 33/40 - 97/120   2504.8 ms
block 34/40 - 100/120   2513.8 ms
block 35/40 - 103/120   2511.4 ms
block 36/40 - 106/120   2505.0 ms
block 37/40 - 109/120   2519.4 ms
block 38/40 - 112/120   2742.0 ms
block 39/40 - 115/120   2392.9 ms
block 40/40 - 118/120   2500.5 ms
[113/128] elapsed=36.3m  avg=19.3s/prompt  eta=4.8m
