Running on a single GPU (cuda); skipping NCCL initialization.
Free VRAM 94.68743896484375 GB
Loading CUDA extension (first run compiles ~60s; cached run ~3s)...
CUDA extension ready in 140.8s.
[CacheCompatibilityPolicy] recent=20:360 coverage=21:0 episode=22:0 budget=9FFE owner=HeadComposition
KV inference with 3 frames per block
Number of prompts: 128
Prompt index range: [0, 128)
Loading PyramidKV config from /apdcephfs_gy2/share_303214315/cedricnie/develop/training-free/runs/v180_rccp_fresh128/inputs/maps/all_recent.csv
block 1/40 - 1/120  171170.6 ms
block 2/40 - 4/120   5474.9 ms
block 3/40 - 7/120   6027.4 ms
block 4/40 - 10/120   6692.0 ms
block 5/40 - 13/120   6236.7 ms
block 6/40 - 16/120   6261.4 ms
block 7/40 - 19/120   6127.9 ms
block 8/40 - 22/120   6422.6 ms
block 9/40 - 25/120   6739.2 ms
block 10/40 - 28/120   6173.9 ms
block 11/40 - 31/120   6287.3 ms
block 12/40 - 34/120   6696.1 ms
block 13/40 - 37/120   6352.1 ms
block 14/40 - 40/120   5867.8 ms
block 15/40 - 43/120   6637.3 ms
block 16/40 - 46/120   6175.0 ms
block 17/40 - 49/120   6462.6 ms
block 18/40 - 52/120   6651.3 ms
block 19/40 - 55/120   6346.1 ms
block 20/40 - 58/120   6040.5 ms
block 21/40 - 61/120   6264.9 ms
block 22/40 - 64/120   6342.3 ms
block 23/40 - 67/120   6447.2 ms
block 24/40 - 70/120   6642.6 ms
block 25/40 - 73/120   6397.5 ms
block 26/40 - 76/120   6345.5 ms
block 27/40 - 79/120   6357.6 ms
block 28/40 - 82/120   6150.4 ms
block 29/40 - 85/120   6391.8 ms
block 30/40 - 88/120   6429.3 ms
block 31/40 - 91/120   6425.9 ms
block 32/40 - 94/120   6154.5 ms
block 33/40 - 97/120   6503.3 ms
block 34/40 - 100/120   6327.5 ms
block 35/40 - 103/120   6328.0 ms
block 36/40 - 106/120   6371.6 ms
block 37/40 - 109/120   6381.0 ms
block 38/40 - 112/120   6373.5 ms
block 39/40 - 115/120   6316.4 ms
block 40/40 - 118/120   6219.1 ms
/apdcephfs_gy2/share_303214315/cedricnie/miniconda3/envs/longlive/lib/python3.10/site-packages/torchvision/io/_video_deprecation_warning.py:9: UserWarning: The video decoding and encoding capabilities of torchvision are deprecated from version 0.22 and will be removed in version 0.24. We recommend that you migrate to TorchCodec, where we'll consolidate the future decoding/encoding capabilities of PyTorch: https://github.com/pytorch/torchcodec
  warnings.warn(
[15/128] elapsed=7.0m  avg=28.0s/prompt  eta=52.7m
block 1/40 - 1/120   3947.7 ms
block 2/40 - 4/120   5885.9 ms
block 3/40 - 7/120   6369.9 ms
block 4/40 - 10/120   6345.2 ms
block 5/40 - 13/120   6387.0 ms
block 6/40 - 16/120   6416.4 ms
block 7/40 - 19/120   6308.0 ms
block 8/40 - 22/120   6395.0 ms
block 9/40 - 25/120   6425.9 ms
block 10/40 - 28/120   6338.8 ms
block 11/40 - 31/120   6372.5 ms
block 12/40 - 34/120   6358.8 ms
block 13/40 - 37/120   6318.4 ms
block 14/40 - 40/120   6289.0 ms
block 15/40 - 43/120   6334.1 ms
block 16/40 - 46/120   6388.2 ms
block 17/40 - 49/120   6387.0 ms
block 18/40 - 52/120   6431.4 ms
block 19/40 - 55/120   6341.0 ms
block 20/40 - 58/120   6263.3 ms
block 21/40 - 61/120   6364.6 ms
block 22/40 - 64/120   6309.8 ms
block 23/40 - 67/120   6335.4 ms
block 24/40 - 70/120   6287.1 ms
block 25/40 - 73/120   6390.5 ms
block 26/40 - 76/120   6411.4 ms
block 27/40 - 79/120   6305.9 ms
block 28/40 - 82/120   6292.9 ms
block 29/40 - 85/120   6345.1 ms
block 30/40 - 88/120   6351.9 ms
block 31/40 - 91/120   6317.8 ms
block 32/40 - 94/120   6354.3 ms
block 33/40 - 97/120   6285.8 ms
block 34/40 - 100/120   6398.9 ms
block 35/40 - 103/120   6417.5 ms
block 36/40 - 106/120   6384.3 ms
block 37/40 - 109/120   6466.2 ms
block 38/40 - 112/120   6315.1 ms
block 39/40 - 115/120   6299.8 ms
block 40/40 - 118/120   4881.1 ms
[31/128] elapsed=11.2m  avg=21.6s/prompt  eta=35.0m
block 1/40 - 1/120   6084.0 ms
block 2/40 - 4/120   5970.2 ms
block 3/40 - 7/120   6400.8 ms
block 4/40 - 10/120   6364.6 ms
block 5/40 - 13/120   6298.6 ms
block 6/40 - 16/120   6341.8 ms
block 7/40 - 19/120   6341.9 ms
block 8/40 - 22/120   6345.5 ms
block 9/40 - 25/120   6364.4 ms
block 10/40 - 28/120   6431.1 ms
block 11/40 - 31/120   6393.5 ms
block 12/40 - 34/120   6626.1 ms
block 13/40 - 37/120   6150.9 ms
block 14/40 - 40/120   6392.4 ms
block 15/40 - 43/120   6341.4 ms
block 16/40 - 46/120   6324.3 ms
block 17/40 - 49/120   6338.7 ms
block 18/40 - 52/120   6356.5 ms
block 19/40 - 55/120   6332.5 ms
block 20/40 - 58/120   6317.5 ms
block 21/40 - 61/120   6379.9 ms
block 22/40 - 64/120   6349.1 ms
block 23/40 - 67/120   6418.4 ms
block 24/40 - 70/120   6279.4 ms
block 25/40 - 73/120   6326.0 ms
block 26/40 - 76/120   6317.6 ms
block 27/40 - 79/120   6347.3 ms
block 28/40 - 82/120   6320.7 ms
block 29/40 - 85/120   6361.6 ms
block 30/40 - 88/120   6334.8 ms
block 31/40 - 91/120   6398.7 ms
block 32/40 - 94/120   6366.3 ms
block 33/40 - 97/120   6347.2 ms
block 34/40 - 100/120   6302.4 ms
block 35/40 - 103/120   6304.8 ms
block 36/40 - 106/120   6312.0 ms
block 37/40 - 109/120   6334.8 ms
block 38/40 - 112/120   6352.3 ms
block 39/40 - 115/120   6219.2 ms
block 40/40 - 118/120   3372.0 ms
[47/128] elapsed=15.4m  avg=19.6s/prompt  eta=26.5m
block 1/40 - 1/120   7007.3 ms
block 2/40 - 4/120   5974.8 ms
block 3/40 - 7/120   6421.7 ms
block 4/40 - 10/120   6349.7 ms
block 5/40 - 13/120   6368.5 ms
block 6/40 - 16/120   6334.7 ms
block 7/40 - 19/120   6356.6 ms
block 8/40 - 22/120   6332.5 ms
block 9/40 - 25/120   6350.6 ms
block 10/40 - 28/120   6286.3 ms
block 11/40 - 31/120   6308.9 ms
block 12/40 - 34/120   6397.4 ms
block 13/40 - 37/120   6431.3 ms
block 14/40 - 40/120   6383.9 ms
block 15/40 - 43/120   6366.1 ms
block 16/40 - 46/120   6370.7 ms
block 17/40 - 49/120   6377.0 ms
block 18/40 - 52/120   6347.5 ms
block 19/40 - 55/120   6378.9 ms
block 20/40 - 58/120   6389.3 ms
block 21/40 - 61/120   6359.6 ms
block 22/40 - 64/120   6398.5 ms
block 23/40 - 67/120   6372.3 ms
block 24/40 - 70/120   6315.7 ms
block 25/40 - 73/120   6290.8 ms
block 26/40 - 76/120   6400.4 ms
block 27/40 - 79/120   6321.2 ms
block 28/40 - 82/120   6342.8 ms
block 29/40 - 85/120   6358.4 ms
block 30/40 - 88/120   6345.0 ms
block 31/40 - 91/120   6523.9 ms
block 32/40 - 94/120   6335.0 ms
block 33/40 - 97/120   6428.9 ms
block 34/40 - 100/120   6363.0 ms
block 35/40 - 103/120   6296.5 ms
block 36/40 - 106/120   6303.2 ms
block 37/40 - 109/120   6397.5 ms
block 38/40 - 112/120   6348.9 ms
block 39/40 - 115/120   4384.1 ms
block 40/40 - 118/120   3583.2 ms
[63/128] elapsed=19.5m  avg=18.6s/prompt  eta=20.2m
block 1/40 - 1/120   6763.0 ms
block 2/40 - 4/120   5981.0 ms
block 3/40 - 7/120   6386.0 ms
block 4/40 - 10/120   6353.6 ms
block 5/40 - 13/120   6250.6 ms
block 6/40 - 16/120   6316.0 ms
block 7/40 - 19/120   6382.6 ms
block 8/40 - 22/120   6367.9 ms
block 9/40 - 25/120   6359.6 ms
block 10/40 - 28/120   6338.8 ms
block 11/40 - 31/120   6371.4 ms
block 12/40 - 34/120   6400.1 ms
block 13/40 - 37/120   6336.6 ms
block 14/40 - 40/120   6355.4 ms
block 15/40 - 43/120   6313.7 ms
block 16/40 - 46/120   6416.9 ms
block 17/40 - 49/120   6329.4 ms
block 18/40 - 52/120   6329.7 ms
block 19/40 - 55/120   6411.7 ms
block 20/40 - 58/120   6317.4 ms
block 21/40 - 61/120   6366.8 ms
block 22/40 - 64/120   6286.7 ms
block 23/40 - 67/120   6415.3 ms
block 24/40 - 70/120   6327.5 ms
block 25/40 - 73/120   6376.7 ms
block 26/40 - 76/120   6349.7 ms
block 27/40 - 79/120   6336.4 ms
block 28/40 - 82/120   6356.4 ms
block 29/40 - 85/120   6424.2 ms
block 30/40 - 88/120   6413.0 ms
block 31/40 - 91/120   6272.1 ms
block 32/40 - 94/120   6289.0 ms
block 33/40 - 97/120   6324.7 ms
block 34/40 - 100/120   6404.2 ms
block 35/40 - 103/120   6307.8 ms
block 36/40 - 106/120   6282.3 ms
block 37/40 - 109/120   6413.1 ms
block 38/40 - 112/120   6419.2 ms
block 39/40 - 115/120   4323.6 ms
block 40/40 - 118/120   3668.6 ms
[79/128] elapsed=23.7m  avg=18.0s/prompt  eta=14.7m
block 1/40 - 1/120   7016.9 ms
block 2/40 - 4/120   5964.2 ms
block 3/40 - 7/120   6423.2 ms
block 4/40 - 10/120   6382.5 ms
block 5/40 - 13/120   6387.5 ms
block 6/40 - 16/120   6308.9 ms
block 7/40 - 19/120   6330.3 ms
block 8/40 - 22/120   6351.3 ms
block 9/40 - 25/120   6418.5 ms
block 10/40 - 28/120   6382.7 ms
block 11/40 - 31/120   6424.0 ms
block 12/40 - 34/120   6284.8 ms
block 13/40 - 37/120   6326.9 ms
block 14/40 - 40/120   6374.3 ms
block 15/40 - 43/120   6232.5 ms
block 16/40 - 46/120   6363.5 ms
block 17/40 - 49/120   6393.4 ms
block 18/40 - 52/120   6412.8 ms
block 19/40 - 55/120   6372.7 ms
block 20/40 - 58/120   6331.2 ms
block 21/40 - 61/120   6327.3 ms
block 22/40 - 64/120   6398.4 ms
block 23/40 - 67/120   6359.1 ms
block 24/40 - 70/120   6384.9 ms
block 25/40 - 73/120   6332.1 ms
block 26/40 - 76/120   6355.7 ms
block 27/40 - 79/120   6330.6 ms
block 28/40 - 82/120   6389.9 ms
block 29/40 - 85/120   6305.3 ms
block 30/40 - 88/120   6310.2 ms
block 31/40 - 91/120   6402.1 ms
block 32/40 - 94/120   6360.2 ms
block 33/40 - 97/120   6331.8 ms
block 34/40 - 100/120   6348.5 ms
block 35/40 - 103/120   6328.1 ms
block 36/40 - 106/120   6299.3 ms
block 37/40 - 109/120   6347.1 ms
block 38/40 - 112/120   6401.7 ms
block 39/40 - 115/120   4180.4 ms
block 40/40 - 118/120   4076.7 ms
[95/128] elapsed=27.9m  avg=17.6s/prompt  eta=9.7m
block 1/40 - 1/120   7028.8 ms
block 2/40 - 4/120   5989.4 ms
block 3/40 - 7/120   6409.6 ms
block 4/40 - 10/120   6576.4 ms
block 5/40 - 13/120   6590.7 ms
block 6/40 - 16/120   6270.2 ms
block 7/40 - 19/120   6430.1 ms
block 8/40 - 22/120   6520.7 ms
block 9/40 - 25/120   6351.3 ms
block 10/40 - 28/120   6486.3 ms
block 11/40 - 31/120   6540.3 ms
block 12/40 - 34/120   6312.0 ms
block 13/40 - 37/120   6332.7 ms
block 14/40 - 40/120   6400.3 ms
block 15/40 - 43/120   6367.7 ms
block 16/40 - 46/120   6348.6 ms
block 17/40 - 49/120   6357.2 ms
block 18/40 - 52/120   6343.3 ms
block 19/40 - 55/120   6366.0 ms
block 20/40 - 58/120   6336.6 ms
block 21/40 - 61/120   6348.3 ms
block 22/40 - 64/120   6275.2 ms
block 23/40 - 67/120   6343.0 ms
block 24/40 - 70/120   6319.6 ms
block 25/40 - 73/120   6348.4 ms
block 26/40 - 76/120   6309.1 ms
block 27/40 - 79/120   6364.5 ms
block 28/40 - 82/120   6375.9 ms
block 29/40 - 85/120   6359.5 ms
block 30/40 - 88/120   6309.6 ms
block 31/40 - 91/120   6353.3 ms
block 32/40 - 94/120   6454.3 ms
block 33/40 - 97/120   6365.7 ms
block 34/40 - 100/120   6315.8 ms
block 35/40 - 103/120   6426.2 ms
block 36/40 - 106/120   6362.2 ms
block 37/40 - 109/120   6316.1 ms
block 38/40 - 112/120   6140.6 ms
block 39/40 - 115/120   3297.9 ms
block 40/40 - 118/120   5459.1 ms
[111/128] elapsed=32.1m  avg=17.3s/prompt  eta=4.9m
block 1/40 - 1/120   7506.1 ms
block 2/40 - 4/120   6016.1 ms
block 3/40 - 7/120   6329.9 ms
block 4/40 - 10/120   6457.0 ms
block 5/40 - 13/120   6334.4 ms
block 6/40 - 16/120   6287.9 ms
block 7/40 - 19/120   6359.4 ms
block 8/40 - 22/120   6315.5 ms
block 9/40 - 25/120   6376.3 ms
block 10/40 - 28/120   6379.0 ms
block 11/40 - 31/120   6197.6 ms
block 12/40 - 34/120   6333.3 ms
block 13/40 - 37/120   6282.9 ms
block 14/40 - 40/120   6384.9 ms
block 15/40 - 43/120   6361.6 ms
block 16/40 - 46/120   6329.5 ms
block 17/40 - 49/120   6348.4 ms
block 18/40 - 52/120   6377.9 ms
block 19/40 - 55/120   6403.0 ms
block 20/40 - 58/120   6241.9 ms
block 21/40 - 61/120   6235.9 ms
block 22/40 - 64/120   6299.6 ms
block 23/40 - 67/120   6337.6 ms
block 24/40 - 70/120   6349.4 ms
block 25/40 - 73/120   6332.0 ms
block 26/40 - 76/120   6327.8 ms
block 27/40 - 79/120   6338.0 ms
block 28/40 - 82/120   6354.3 ms
block 29/40 - 85/120   6366.8 ms
block 30/40 - 88/120   6334.0 ms
block 31/40 - 91/120   6363.4 ms
block 32/40 - 94/120   6276.8 ms
block 33/40 - 97/120   6286.8 ms
block 34/40 - 100/120   6342.1 ms
block 35/40 - 103/120   6338.3 ms
block 36/40 - 106/120   6329.6 ms
block 37/40 - 109/120   6324.2 ms
block 38/40 - 112/120   5431.1 ms
block 39/40 - 115/120   2470.9 ms
block 40/40 - 118/120   2477.9 ms
[127/128] elapsed=36.2m  avg=17.1s/prompt  eta=0.3m
