Running on a single GPU (cuda); skipping NCCL initialization.
Free VRAM 94.6710205078125 GB
Loading CUDA extension (first run compiles ~60s; cached run ~3s)...
CUDA extension ready in 139.3s.
[CacheCompatibilityPolicy] recent=20:360 coverage=21:0 episode=22:0 budget=9FFE owner=HeadComposition
KV inference with 3 frames per block
Number of prompts: 128
Prompt index range: [0, 128)
Loading PyramidKV config from /apdcephfs_gy2/share_303214315/cedricnie/develop/training-free/runs/v180_rccp_fresh128/inputs/maps/all_recent.csv
block 1/40 - 1/120  172466.2 ms
block 2/40 - 4/120   5149.9 ms
block 3/40 - 7/120   6178.7 ms
block 4/40 - 10/120   6245.4 ms
block 5/40 - 13/120   6299.9 ms
block 6/40 - 16/120   6312.3 ms
block 7/40 - 19/120   6389.5 ms
block 8/40 - 22/120   6378.7 ms
block 9/40 - 25/120   6430.5 ms
block 10/40 - 28/120   6334.4 ms
block 11/40 - 31/120   6368.8 ms
block 12/40 - 34/120   6316.7 ms
block 13/40 - 37/120   6318.1 ms
block 14/40 - 40/120   6293.0 ms
block 15/40 - 43/120   6413.2 ms
block 16/40 - 46/120   6300.4 ms
block 17/40 - 49/120   6397.9 ms
block 18/40 - 52/120   6320.8 ms
block 19/40 - 55/120   6286.7 ms
block 20/40 - 58/120   6297.6 ms
block 21/40 - 61/120   6365.1 ms
block 22/40 - 64/120   6328.2 ms
block 23/40 - 67/120   6301.2 ms
block 24/40 - 70/120   6260.9 ms
block 25/40 - 73/120   6191.2 ms
block 26/40 - 76/120   6343.0 ms
block 27/40 - 79/120   6412.6 ms
block 28/40 - 82/120   6323.8 ms
block 29/40 - 85/120   6363.7 ms
block 30/40 - 88/120   6315.0 ms
block 31/40 - 91/120   6361.8 ms
block 32/40 - 94/120   6362.3 ms
block 33/40 - 97/120   6336.3 ms
block 34/40 - 100/120   6311.8 ms
block 35/40 - 103/120   6317.7 ms
block 36/40 - 106/120   6314.1 ms
block 37/40 - 109/120   6305.2 ms
block 38/40 - 112/120   6226.7 ms
block 39/40 - 115/120   6347.0 ms
block 40/40 - 118/120   6231.1 ms
/apdcephfs_gy2/share_303214315/cedricnie/miniconda3/envs/longlive/lib/python3.10/site-packages/torchvision/io/_video_deprecation_warning.py:9: UserWarning: The video decoding and encoding capabilities of torchvision are deprecated from version 0.22 and will be removed in version 0.24. We recommend that you migrate to TorchCodec, where we'll consolidate the future decoding/encoding capabilities of PyTorch: https://github.com/pytorch/torchcodec
  warnings.warn(
[13/128] elapsed=7.0m  avg=32.2s/prompt  eta=61.8m
block 1/40 - 1/120   3367.9 ms
block 2/40 - 4/120   3926.6 ms
block 3/40 - 7/120   6153.7 ms
block 4/40 - 10/120   6329.1 ms
block 5/40 - 13/120   6317.7 ms
block 6/40 - 16/120   6262.3 ms
block 7/40 - 19/120   6294.2 ms
block 8/40 - 22/120   6378.1 ms
block 9/40 - 25/120   6374.9 ms
block 10/40 - 28/120   6361.0 ms
block 11/40 - 31/120   6316.8 ms
block 12/40 - 34/120   6331.7 ms
block 13/40 - 37/120   6330.8 ms
block 14/40 - 40/120   6307.9 ms
block 15/40 - 43/120   5726.5 ms
block 16/40 - 46/120   6088.4 ms
block 17/40 - 49/120   6323.4 ms
block 18/40 - 52/120   6294.8 ms
block 19/40 - 55/120   6344.8 ms
block 20/40 - 58/120   6231.7 ms
block 21/40 - 61/120   6243.9 ms
block 22/40 - 64/120   6302.1 ms
block 23/40 - 67/120   6359.2 ms
block 24/40 - 70/120   6315.7 ms
block 25/40 - 73/120   6294.3 ms
block 26/40 - 76/120   6332.8 ms
block 27/40 - 79/120   6288.1 ms
block 28/40 - 82/120   6324.8 ms
block 29/40 - 85/120   6159.3 ms
block 30/40 - 88/120   6371.2 ms
block 31/40 - 91/120   6429.6 ms
block 32/40 - 94/120   6343.3 ms
block 33/40 - 97/120   6263.9 ms
block 34/40 - 100/120   6338.2 ms
block 35/40 - 103/120   6374.5 ms
block 36/40 - 106/120   6356.8 ms
block 37/40 - 109/120   6385.6 ms
block 38/40 - 112/120   6274.4 ms
block 39/40 - 115/120   6386.5 ms
block 40/40 - 118/120   6282.5 ms
[29/128] elapsed=11.1m  avg=23.0s/prompt  eta=37.9m
block 1/40 - 1/120   5501.7 ms
block 2/40 - 4/120   2936.9 ms
block 3/40 - 7/120   5313.5 ms
block 4/40 - 10/120   6126.7 ms
block 5/40 - 13/120   6369.2 ms
block 6/40 - 16/120   6419.1 ms
block 7/40 - 19/120   6329.7 ms
block 8/40 - 22/120   6332.2 ms
block 9/40 - 25/120   6318.7 ms
block 10/40 - 28/120   6415.2 ms
block 11/40 - 31/120   6220.4 ms
block 12/40 - 34/120   6283.3 ms
block 13/40 - 37/120   6266.2 ms
block 14/40 - 40/120   6184.2 ms
block 15/40 - 43/120   6382.5 ms
block 16/40 - 46/120   6270.4 ms
block 17/40 - 49/120   6304.8 ms
block 18/40 - 52/120   6136.8 ms
block 19/40 - 55/120   6236.9 ms
block 20/40 - 58/120   6243.5 ms
block 21/40 - 61/120   6400.2 ms
block 22/40 - 64/120   6302.5 ms
block 23/40 - 67/120   6297.9 ms
block 24/40 - 70/120   6360.5 ms
block 25/40 - 73/120   6346.7 ms
block 26/40 - 76/120   5964.4 ms
block 27/40 - 79/120   6306.5 ms
block 28/40 - 82/120   6793.3 ms
block 29/40 - 85/120   6287.8 ms
block 30/40 - 88/120   6304.3 ms
block 31/40 - 91/120   6107.6 ms
block 32/40 - 94/120   6145.5 ms
block 33/40 - 97/120   6089.9 ms
block 34/40 - 100/120   6364.0 ms
block 35/40 - 103/120   6262.4 ms
block 36/40 - 106/120   6246.6 ms
block 37/40 - 109/120   6347.5 ms
block 38/40 - 112/120   6301.4 ms
block 39/40 - 115/120   6289.3 ms
block 40/40 - 118/120   6304.9 ms
[45/128] elapsed=15.2m  avg=20.3s/prompt  eta=28.1m
block 1/40 - 1/120   7619.2 ms
block 2/40 - 4/120   3503.3 ms
block 3/40 - 7/120   3434.1 ms
block 4/40 - 10/120   5825.6 ms
block 5/40 - 13/120   6238.2 ms
block 6/40 - 16/120   6358.0 ms
block 7/40 - 19/120   6307.3 ms
block 8/40 - 22/120   6354.5 ms
block 9/40 - 25/120   6282.7 ms
block 10/40 - 28/120   6289.1 ms
block 11/40 - 31/120   6251.8 ms
block 12/40 - 34/120   6291.6 ms
block 13/40 - 37/120   6302.1 ms
block 14/40 - 40/120   6298.4 ms
block 15/40 - 43/120   6292.0 ms
block 16/40 - 46/120   6308.4 ms
block 17/40 - 49/120   6329.3 ms
block 18/40 - 52/120   6347.3 ms
block 19/40 - 55/120   6337.2 ms
block 20/40 - 58/120   6409.5 ms
block 21/40 - 61/120   6329.2 ms
block 22/40 - 64/120   6209.5 ms
block 23/40 - 67/120   6143.5 ms
block 24/40 - 70/120   6273.5 ms
block 25/40 - 73/120   6343.9 ms
block 26/40 - 76/120   6288.4 ms
block 27/40 - 79/120   6270.5 ms
block 28/40 - 82/120   6329.0 ms
block 29/40 - 85/120   6260.8 ms
block 30/40 - 88/120   6334.7 ms
block 31/40 - 91/120   6330.5 ms
block 32/40 - 94/120   6374.9 ms
block 33/40 - 97/120   6437.3 ms
block 34/40 - 100/120   6256.9 ms
block 35/40 - 103/120   6253.3 ms
block 36/40 - 106/120   6281.2 ms
block 37/40 - 109/120   6303.8 ms
block 38/40 - 112/120   6304.1 ms
block 39/40 - 115/120   6297.1 ms
block 40/40 - 118/120   6383.7 ms
[61/128] elapsed=19.4m  avg=19.1s/prompt  eta=21.3m
block 1/40 - 1/120   7713.3 ms
block 2/40 - 4/120   5090.0 ms
block 3/40 - 7/120   3406.5 ms
block 4/40 - 10/120   5506.2 ms
block 5/40 - 13/120   6142.7 ms
block 6/40 - 16/120   6337.6 ms
block 7/40 - 19/120   6294.6 ms
block 8/40 - 22/120   6289.5 ms
block 9/40 - 25/120   6322.7 ms
block 10/40 - 28/120   6380.5 ms
block 11/40 - 31/120   6320.4 ms
block 12/40 - 34/120   6382.9 ms
block 13/40 - 37/120   6391.1 ms
block 14/40 - 40/120   6301.8 ms
block 15/40 - 43/120   6362.8 ms
block 16/40 - 46/120   6360.2 ms
block 17/40 - 49/120   6413.6 ms
block 18/40 - 52/120   6240.1 ms
block 19/40 - 55/120   6327.9 ms
block 20/40 - 58/120   6300.2 ms
block 21/40 - 61/120   6185.0 ms
block 22/40 - 64/120   6289.3 ms
block 23/40 - 67/120   6233.3 ms
block 24/40 - 70/120   6321.0 ms
block 25/40 - 73/120   6270.1 ms
block 26/40 - 76/120   6190.3 ms
block 27/40 - 79/120   6233.2 ms
block 28/40 - 82/120   6286.7 ms
block 29/40 - 85/120   6341.0 ms
block 30/40 - 88/120   5831.4 ms
block 31/40 - 91/120   6267.0 ms
block 32/40 - 94/120   6204.2 ms
block 33/40 - 97/120   6322.3 ms
block 34/40 - 100/120   6287.4 ms
block 35/40 - 103/120   6220.4 ms
block 36/40 - 106/120   6406.2 ms
block 37/40 - 109/120   6358.9 ms
block 38/40 - 112/120   6321.1 ms
block 39/40 - 115/120   6326.2 ms
block 40/40 - 118/120   6231.3 ms
[77/128] elapsed=23.5m  avg=18.3s/prompt  eta=15.6m
block 1/40 - 1/120   7714.4 ms
block 2/40 - 4/120   5795.3 ms
block 3/40 - 7/120   4070.7 ms
block 4/40 - 10/120   4034.8 ms
block 5/40 - 13/120   5908.0 ms
block 6/40 - 16/120   6249.7 ms
block 7/40 - 19/120   6301.1 ms
block 8/40 - 22/120   6282.3 ms
block 9/40 - 25/120   6330.3 ms
block 10/40 - 28/120   6458.8 ms
block 11/40 - 31/120   6329.2 ms
block 12/40 - 34/120   6291.2 ms
block 13/40 - 37/120   6284.7 ms
block 14/40 - 40/120   6249.8 ms
block 15/40 - 43/120   6333.1 ms
block 16/40 - 46/120   6331.2 ms
block 17/40 - 49/120   6293.1 ms
block 18/40 - 52/120   6242.4 ms
block 19/40 - 55/120   6298.1 ms
block 20/40 - 58/120   6354.6 ms
block 21/40 - 61/120   6313.3 ms
block 22/40 - 64/120   6378.6 ms
block 23/40 - 67/120   6324.4 ms
block 24/40 - 70/120   6369.2 ms
block 25/40 - 73/120   6347.8 ms
block 26/40 - 76/120   6303.9 ms
block 27/40 - 79/120   6342.8 ms
block 28/40 - 82/120   6389.4 ms
block 29/40 - 85/120   6338.0 ms
block 30/40 - 88/120   6298.0 ms
block 31/40 - 91/120   6383.8 ms
block 32/40 - 94/120   6367.6 ms
block 33/40 - 97/120   6386.4 ms
block 34/40 - 100/120   6329.4 ms
block 35/40 - 103/120   6352.3 ms
block 36/40 - 106/120   6352.0 ms
block 37/40 - 109/120   6341.5 ms
block 38/40 - 112/120   6302.4 ms
block 39/40 - 115/120   6309.0 ms
block 40/40 - 118/120   6286.1 ms
[93/128] elapsed=27.7m  avg=17.9s/prompt  eta=10.4m
block 1/40 - 1/120   7176.9 ms
block 2/40 - 4/120   5828.7 ms
block 3/40 - 7/120   5057.4 ms
block 4/40 - 10/120   3547.8 ms
block 5/40 - 13/120   5762.0 ms
block 6/40 - 16/120   6228.6 ms
block 7/40 - 19/120   6484.8 ms
block 8/40 - 22/120   6364.9 ms
block 9/40 - 25/120   6273.0 ms
block 10/40 - 28/120   6304.2 ms
block 11/40 - 31/120   6287.1 ms
block 12/40 - 34/120   6364.8 ms
block 13/40 - 37/120   6354.5 ms
block 14/40 - 40/120   6291.9 ms
block 15/40 - 43/120   6284.4 ms
block 16/40 - 46/120   6412.8 ms
block 17/40 - 49/120   6300.3 ms
block 18/40 - 52/120   6324.8 ms
block 19/40 - 55/120   6320.6 ms
block 20/40 - 58/120   6330.5 ms
block 21/40 - 61/120   6299.3 ms
block 22/40 - 64/120   6237.2 ms
block 23/40 - 67/120   6371.1 ms
block 24/40 - 70/120   6262.6 ms
block 25/40 - 73/120   6225.0 ms
block 26/40 - 76/120   6314.2 ms
block 27/40 - 79/120   6254.5 ms
block 28/40 - 82/120   6179.8 ms
block 29/40 - 85/120   6035.5 ms
block 30/40 - 88/120   6270.1 ms
block 31/40 - 91/120   5972.0 ms
block 32/40 - 94/120   6337.6 ms
block 33/40 - 97/120   6311.6 ms
block 34/40 - 100/120   6348.0 ms
block 35/40 - 103/120   6102.1 ms
block 36/40 - 106/120   6537.6 ms
block 37/40 - 109/120   6029.9 ms
block 38/40 - 112/120   5878.8 ms
block 39/40 - 115/120   6222.9 ms
block 40/40 - 118/120   6215.7 ms
[109/128] elapsed=31.8m  avg=17.5s/prompt  eta=5.5m
block 1/40 - 1/120   7178.6 ms
block 2/40 - 4/120   5685.7 ms
block 3/40 - 7/120   6272.4 ms
block 4/40 - 10/120   4927.9 ms
block 5/40 - 13/120   3508.4 ms
block 6/40 - 16/120   5789.8 ms
block 7/40 - 19/120   6201.7 ms
block 8/40 - 22/120   6365.5 ms
block 9/40 - 25/120   6339.0 ms
block 10/40 - 28/120   6362.2 ms
block 11/40 - 31/120   6361.4 ms
block 12/40 - 34/120   6293.6 ms
block 13/40 - 37/120   6248.6 ms
block 14/40 - 40/120   6319.9 ms
block 15/40 - 43/120   6303.7 ms
block 16/40 - 46/120   6356.3 ms
block 17/40 - 49/120   6316.1 ms
block 18/40 - 52/120   6316.3 ms
block 19/40 - 55/120   6291.5 ms
block 20/40 - 58/120   6320.3 ms
block 21/40 - 61/120   6251.7 ms
block 22/40 - 64/120   6183.6 ms
block 23/40 - 67/120   6309.7 ms
block 24/40 - 70/120   6305.8 ms
block 25/40 - 73/120   6178.2 ms
block 26/40 - 76/120   6461.7 ms
block 27/40 - 79/120   6294.8 ms
block 28/40 - 82/120   6291.4 ms
block 29/40 - 85/120   6257.0 ms
block 30/40 - 88/120   6311.0 ms
block 31/40 - 91/120   6452.6 ms
block 32/40 - 94/120   6279.7 ms
block 33/40 - 97/120   6378.9 ms
block 34/40 - 100/120   6288.3 ms
block 35/40 - 103/120   6410.8 ms
block 36/40 - 106/120   6311.7 ms
block 37/40 - 109/120   6298.9 ms
block 38/40 - 112/120   6383.3 ms
block 39/40 - 115/120   6204.7 ms
block 40/40 - 118/120   6266.1 ms
[125/128] elapsed=36.0m  avg=17.3s/prompt  eta=0.9m
