Running on a single GPU (cuda); skipping NCCL initialization.
Free VRAM 94.3734130859375 GB
Loading CUDA extension (first run compiles ~60s; cached run ~3s)...
CUDA extension ready in 139.1s.
[CacheCompatibilityPolicy] recent=20:360 coverage=21:0 episode=22:0 budget=9FFE owner=HeadComposition
KV inference with 3 frames per block
Number of prompts: 128
Prompt index range: [0, 128)
Loading PyramidKV config from /apdcephfs_gy2/share_303214315/cedricnie/develop/training-free/runs/v180_rccp_fresh128/inputs/maps/all_recent.csv
block 1/40 - 1/120  170958.9 ms
block 2/40 - 4/120   5494.6 ms
block 3/40 - 7/120   6052.8 ms
block 4/40 - 10/120   6195.0 ms
block 5/40 - 13/120   6313.7 ms
block 6/40 - 16/120   6269.7 ms
block 7/40 - 19/120   6302.4 ms
block 8/40 - 22/120   6272.2 ms
block 9/40 - 25/120   6271.3 ms
block 10/40 - 28/120   6352.2 ms
block 11/40 - 31/120   6245.5 ms
block 12/40 - 34/120   6245.6 ms
block 13/40 - 37/120   6200.6 ms
block 14/40 - 40/120   6194.7 ms
block 15/40 - 43/120   6247.4 ms
block 16/40 - 46/120   6158.5 ms
block 17/40 - 49/120   6222.3 ms
block 18/40 - 52/120   6338.5 ms
block 19/40 - 55/120   6243.3 ms
block 20/40 - 58/120   6323.0 ms
block 21/40 - 61/120   6277.5 ms
block 22/40 - 64/120   6145.7 ms
block 23/40 - 67/120   6309.7 ms
block 24/40 - 70/120   6283.9 ms
block 25/40 - 73/120   6283.4 ms
block 26/40 - 76/120   6269.3 ms
block 27/40 - 79/120   6286.3 ms
block 28/40 - 82/120   6265.4 ms
block 29/40 - 85/120   6239.7 ms
block 30/40 - 88/120   6207.9 ms
block 31/40 - 91/120   6249.4 ms
block 32/40 - 94/120   5831.0 ms
block 33/40 - 97/120   6063.2 ms
block 34/40 - 100/120   6248.5 ms
block 35/40 - 103/120   6304.2 ms
block 36/40 - 106/120   6295.7 ms
block 37/40 - 109/120   6342.0 ms
block 38/40 - 112/120   6271.1 ms
block 39/40 - 115/120   6289.7 ms
block 40/40 - 118/120   6248.8 ms
/apdcephfs_gy2/share_303214315/cedricnie/miniconda3/envs/longlive/lib/python3.10/site-packages/torchvision/io/_video_deprecation_warning.py:9: UserWarning: The video decoding and encoding capabilities of torchvision are deprecated from version 0.22 and will be removed in version 0.24. We recommend that you migrate to TorchCodec, where we'll consolidate the future decoding/encoding capabilities of PyTorch: https://github.com/pytorch/torchcodec
  warnings.warn(
[14/128] elapsed=6.9m  avg=29.6s/prompt  eta=56.3m
block 1/40 - 1/120   5187.1 ms
block 2/40 - 4/120   2848.3 ms
block 3/40 - 7/120   4950.2 ms
block 4/40 - 10/120   6039.2 ms
block 5/40 - 13/120   6280.3 ms
block 6/40 - 16/120   6282.4 ms
block 7/40 - 19/120   6156.0 ms
block 8/40 - 22/120   5831.1 ms
block 9/40 - 25/120   6299.5 ms
block 10/40 - 28/120   6274.7 ms
block 11/40 - 31/120   6243.0 ms
block 12/40 - 34/120   6279.0 ms
block 13/40 - 37/120   6331.8 ms
block 14/40 - 40/120   6280.9 ms
block 15/40 - 43/120   6383.9 ms
block 16/40 - 46/120   6263.6 ms
block 17/40 - 49/120   6246.7 ms
block 18/40 - 52/120   6258.3 ms
block 19/40 - 55/120   6265.9 ms
block 20/40 - 58/120   6351.3 ms
block 21/40 - 61/120   6337.2 ms
block 22/40 - 64/120   6271.4 ms
block 23/40 - 67/120   6233.2 ms
block 24/40 - 70/120   6298.9 ms
block 25/40 - 73/120   6205.4 ms
block 26/40 - 76/120   6321.7 ms
block 27/40 - 79/120   6298.5 ms
block 28/40 - 82/120   6238.5 ms
block 29/40 - 85/120   6290.2 ms
block 30/40 - 88/120   6281.0 ms
block 31/40 - 91/120   6267.2 ms
block 32/40 - 94/120   6268.6 ms
block 33/40 - 97/120   6297.2 ms
block 34/40 - 100/120   6281.3 ms
block 35/40 - 103/120   6248.3 ms
block 36/40 - 106/120   6268.6 ms
block 37/40 - 109/120   6357.3 ms
block 38/40 - 112/120   6252.5 ms
block 39/40 - 115/120   6292.4 ms
block 40/40 - 118/120   6295.9 ms
[30/128] elapsed=11.0m  avg=22.0s/prompt  eta=36.0m
block 1/40 - 1/120   7512.9 ms
block 2/40 - 4/120   4683.8 ms
block 3/40 - 7/120   3265.0 ms
block 4/40 - 10/120   5535.7 ms
block 5/40 - 13/120   6073.6 ms
block 6/40 - 16/120   6287.9 ms
block 7/40 - 19/120   6274.0 ms
block 8/40 - 22/120   6306.9 ms
block 9/40 - 25/120   6373.4 ms
block 10/40 - 28/120   6322.6 ms
block 11/40 - 31/120   6281.3 ms
block 12/40 - 34/120   6255.8 ms
block 13/40 - 37/120   6308.3 ms
block 14/40 - 40/120   6273.5 ms
block 15/40 - 43/120   6252.8 ms
block 16/40 - 46/120   6313.5 ms
block 17/40 - 49/120   6309.9 ms
block 18/40 - 52/120   6313.0 ms
block 19/40 - 55/120   6143.6 ms
block 20/40 - 58/120   5803.5 ms
block 21/40 - 61/120   6340.9 ms
block 22/40 - 64/120   6286.2 ms
block 23/40 - 67/120   6222.9 ms
block 24/40 - 70/120   6281.8 ms
block 25/40 - 73/120   6212.8 ms
block 26/40 - 76/120   6271.9 ms
block 27/40 - 79/120   6323.0 ms
block 28/40 - 82/120   6263.4 ms
block 29/40 - 85/120   6265.0 ms
block 30/40 - 88/120   6295.4 ms
block 31/40 - 91/120   6334.9 ms
block 32/40 - 94/120   6380.7 ms
block 33/40 - 97/120   6258.6 ms
block 34/40 - 100/120   6233.7 ms
block 35/40 - 103/120   6352.1 ms
block 36/40 - 106/120   6262.7 ms
block 37/40 - 109/120   6277.4 ms
block 38/40 - 112/120   6284.7 ms
block 39/40 - 115/120   6281.2 ms
block 40/40 - 118/120   6264.0 ms
[46/128] elapsed=15.1m  avg=19.7s/prompt  eta=27.0m
block 1/40 - 1/120   7355.8 ms
block 2/40 - 4/120   5939.2 ms
block 3/40 - 7/120   5272.2 ms
block 4/40 - 10/120   3278.5 ms
block 5/40 - 13/120   5711.0 ms
block 6/40 - 16/120   6129.8 ms
block 7/40 - 19/120   6138.5 ms
block 8/40 - 22/120   6187.9 ms
block 9/40 - 25/120   6245.8 ms
block 10/40 - 28/120   6277.1 ms
block 11/40 - 31/120   6252.6 ms
block 12/40 - 34/120   6254.2 ms
block 13/40 - 37/120   6340.8 ms
block 14/40 - 40/120   6293.7 ms
block 15/40 - 43/120   6288.6 ms
block 16/40 - 46/120   6244.0 ms
block 17/40 - 49/120   5880.9 ms
block 18/40 - 52/120   5982.5 ms
block 19/40 - 55/120   6298.0 ms
block 20/40 - 58/120   6309.6 ms
block 21/40 - 61/120   6271.4 ms
block 22/40 - 64/120   6242.2 ms
block 23/40 - 67/120   6272.9 ms
block 24/40 - 70/120   6288.1 ms
block 25/40 - 73/120   6309.5 ms
block 26/40 - 76/120   6288.2 ms
block 27/40 - 79/120   6309.5 ms
block 28/40 - 82/120   6310.1 ms
block 29/40 - 85/120   6395.5 ms
block 30/40 - 88/120   6319.7 ms
block 31/40 - 91/120   6258.4 ms
block 32/40 - 94/120   6270.7 ms
block 33/40 - 97/120   6241.8 ms
block 34/40 - 100/120   6295.2 ms
block 35/40 - 103/120   6219.7 ms
block 36/40 - 106/120   6186.5 ms
block 37/40 - 109/120   6228.8 ms
block 38/40 - 112/120   6322.5 ms
block 39/40 - 115/120   6288.6 ms
block 40/40 - 118/120   6324.8 ms
[62/128] elapsed=19.3m  avg=18.6s/prompt  eta=20.5m
block 1/40 - 1/120   7646.8 ms
block 2/40 - 4/120   5758.1 ms
block 3/40 - 7/120   6279.6 ms
block 4/40 - 10/120   5279.6 ms
block 5/40 - 13/120   3211.5 ms
block 6/40 - 16/120   5433.9 ms
block 7/40 - 19/120   6125.9 ms
block 8/40 - 22/120   6255.2 ms
block 9/40 - 25/120   6297.0 ms
block 10/40 - 28/120   6267.8 ms
block 11/40 - 31/120   6244.6 ms
block 12/40 - 34/120   6303.9 ms
block 13/40 - 37/120   6335.1 ms
block 14/40 - 40/120   6316.1 ms
block 15/40 - 43/120   6308.2 ms
block 16/40 - 46/120   6258.3 ms
block 17/40 - 49/120   6248.2 ms
block 18/40 - 52/120   6287.1 ms
block 19/40 - 55/120   5893.4 ms
block 20/40 - 58/120   5916.0 ms
block 21/40 - 61/120   6186.5 ms
block 22/40 - 64/120   6248.5 ms
block 23/40 - 67/120   6202.1 ms
block 24/40 - 70/120   6265.1 ms
block 25/40 - 73/120   6237.1 ms
block 26/40 - 76/120   6280.2 ms
block 27/40 - 79/120   6251.2 ms
block 28/40 - 82/120   6233.0 ms
block 29/40 - 85/120   6242.8 ms
block 30/40 - 88/120   6279.9 ms
block 31/40 - 91/120   6236.9 ms
block 32/40 - 94/120   6291.6 ms
block 33/40 - 97/120   6464.1 ms
block 34/40 - 100/120   6237.7 ms
block 35/40 - 103/120   6291.2 ms
block 36/40 - 106/120   6230.5 ms
block 37/40 - 109/120   6215.3 ms
block 38/40 - 112/120   6229.0 ms
block 39/40 - 115/120   6306.9 ms
block 40/40 - 118/120   6308.7 ms
[78/128] elapsed=23.4m  avg=18.0s/prompt  eta=15.0m
block 1/40 - 1/120   7744.2 ms
block 2/40 - 4/120   5841.9 ms
block 3/40 - 7/120   6371.2 ms
block 4/40 - 10/120   6219.5 ms
block 5/40 - 13/120   5437.1 ms
block 6/40 - 16/120   3392.6 ms
block 7/40 - 19/120   5644.6 ms
block 8/40 - 22/120   6090.4 ms
block 9/40 - 25/120   6212.1 ms
block 10/40 - 28/120   6267.2 ms
block 11/40 - 31/120   6267.0 ms
block 12/40 - 34/120   6256.0 ms
block 13/40 - 37/120   6294.6 ms
block 14/40 - 40/120   6305.2 ms
block 15/40 - 43/120   6272.5 ms
block 16/40 - 46/120   6344.5 ms
block 17/40 - 49/120   6275.3 ms
block 18/40 - 52/120   6235.5 ms
block 19/40 - 55/120   5824.0 ms
block 20/40 - 58/120   5879.3 ms
block 21/40 - 61/120   6228.7 ms
block 22/40 - 64/120   6298.8 ms
block 23/40 - 67/120   6272.9 ms
block 24/40 - 70/120   6262.9 ms
block 25/40 - 73/120   6243.6 ms
block 26/40 - 76/120   6235.5 ms
block 27/40 - 79/120   6200.9 ms
block 28/40 - 82/120   6249.0 ms
block 29/40 - 85/120   6228.0 ms
block 30/40 - 88/120   6263.4 ms
block 31/40 - 91/120   6313.1 ms
block 32/40 - 94/120   6288.3 ms
block 33/40 - 97/120   6282.2 ms
block 34/40 - 100/120   6231.6 ms
block 35/40 - 103/120   6261.9 ms
block 36/40 - 106/120   6287.7 ms
block 37/40 - 109/120   6279.9 ms
block 38/40 - 112/120   6296.1 ms
block 39/40 - 115/120   6346.9 ms
block 40/40 - 118/120   6338.3 ms
[94/128] elapsed=27.5m  avg=17.5s/prompt  eta=9.9m
block 1/40 - 1/120   7580.4 ms
block 2/40 - 4/120   5825.0 ms
block 3/40 - 7/120   6251.1 ms
block 4/40 - 10/120   6288.9 ms
block 5/40 - 13/120   6286.6 ms
block 6/40 - 16/120   5567.8 ms
block 7/40 - 19/120   3280.9 ms
block 8/40 - 22/120   5677.1 ms
block 9/40 - 25/120   6130.5 ms
block 10/40 - 28/120   6202.5 ms
block 11/40 - 31/120   6222.4 ms
block 12/40 - 34/120   6291.2 ms
block 13/40 - 37/120   6292.9 ms
block 14/40 - 40/120   6346.2 ms
block 15/40 - 43/120   6269.3 ms
block 16/40 - 46/120   6326.1 ms
block 17/40 - 49/120   6264.8 ms
block 18/40 - 52/120   6271.6 ms
block 19/40 - 55/120   6274.6 ms
block 20/40 - 58/120   6285.5 ms
block 21/40 - 61/120   6305.1 ms
block 22/40 - 64/120   6275.4 ms
block 23/40 - 67/120   6327.0 ms
block 24/40 - 70/120   6206.1 ms
block 25/40 - 73/120   6195.9 ms
block 26/40 - 76/120   5820.9 ms
block 27/40 - 79/120   6285.4 ms
block 28/40 - 82/120   6241.8 ms
block 29/40 - 85/120   6404.8 ms
block 30/40 - 88/120   6222.5 ms
block 31/40 - 91/120   6267.8 ms
block 32/40 - 94/120   6283.9 ms
block 33/40 - 97/120   6280.9 ms
block 34/40 - 100/120   6297.8 ms
block 35/40 - 103/120   6308.4 ms
block 36/40 - 106/120   6298.8 ms
block 37/40 - 109/120   6248.9 ms
block 38/40 - 112/120   6259.3 ms
block 39/40 - 115/120   6226.0 ms
block 40/40 - 118/120   6294.1 ms
[110/128] elapsed=31.6m  avg=17.3s/prompt  eta=5.2m
block 1/40 - 1/120   7303.0 ms
block 2/40 - 4/120   5836.0 ms
block 3/40 - 7/120   6184.1 ms
block 4/40 - 10/120   6266.8 ms
block 5/40 - 13/120   6278.2 ms
block 6/40 - 16/120   6246.0 ms
block 7/40 - 19/120   5578.0 ms
block 8/40 - 22/120   3377.6 ms
block 9/40 - 25/120   5605.7 ms
block 10/40 - 28/120   6003.1 ms
block 11/40 - 31/120   6279.7 ms
block 12/40 - 34/120   6204.6 ms
block 13/40 - 37/120   6306.5 ms
block 14/40 - 40/120   6230.2 ms
block 15/40 - 43/120   6242.0 ms
block 16/40 - 46/120   6291.4 ms
block 17/40 - 49/120   6218.6 ms
block 18/40 - 52/120   6292.8 ms
block 19/40 - 55/120   6273.2 ms
block 20/40 - 58/120   6317.7 ms
block 21/40 - 61/120   6369.6 ms
block 22/40 - 64/120   6151.9 ms
block 23/40 - 67/120   6068.7 ms
block 24/40 - 70/120   6072.6 ms
block 25/40 - 73/120   6158.2 ms
block 26/40 - 76/120   6241.1 ms
block 27/40 - 79/120   6247.4 ms
block 28/40 - 82/120   6306.8 ms
block 29/40 - 85/120   6251.8 ms
block 30/40 - 88/120   6259.3 ms
block 31/40 - 91/120   6250.4 ms
block 32/40 - 94/120   6290.4 ms
block 33/40 - 97/120   6289.6 ms
block 34/40 - 100/120   6334.3 ms
block 35/40 - 103/120   6312.6 ms
block 36/40 - 106/120   6303.2 ms
block 37/40 - 109/120   6258.3 ms
block 38/40 - 112/120   6193.4 ms
block 39/40 - 115/120   6313.2 ms
block 40/40 - 118/120   6261.4 ms
[126/128] elapsed=35.7m  avg=17.0s/prompt  eta=0.6m
