Running on a single GPU (cuda); skipping NCCL initialization.
Free VRAM 94.6734619140625 GB
Loading CUDA extension (first run compiles ~60s; cached run ~3s)...
CUDA extension ready in 140.3s.
[CacheCompatibilityPolicy] recent=20:360 coverage=21:0 episode=22:0 budget=9FFE owner=HeadComposition
KV inference with 3 frames per block
Number of prompts: 128
Prompt index range: [0, 128)
Loading PyramidKV config from /apdcephfs_gy2/share_303214315/cedricnie/develop/training-free/runs/v180_rccp_fresh128/inputs/maps/all_recent.csv
block 1/40 - 1/120  171683.5 ms
block 2/40 - 4/120   5669.9 ms
block 3/40 - 7/120   6472.6 ms
block 4/40 - 10/120   6172.7 ms
block 5/40 - 13/120   6226.4 ms
block 6/40 - 16/120   6506.5 ms
block 7/40 - 19/120   6416.7 ms
block 8/40 - 22/120   6148.0 ms
block 9/40 - 25/120   6108.4 ms
block 10/40 - 28/120   5970.9 ms
block 11/40 - 31/120   6316.5 ms
block 12/40 - 34/120   6218.3 ms
block 13/40 - 37/120   6235.6 ms
block 14/40 - 40/120   6580.3 ms
block 15/40 - 43/120   6701.7 ms
block 16/40 - 46/120   6370.2 ms
block 17/40 - 49/120   6420.7 ms
block 18/40 - 52/120   6421.5 ms
block 19/40 - 55/120   6374.4 ms
block 20/40 - 58/120   6318.7 ms
block 21/40 - 61/120   6336.8 ms
block 22/40 - 64/120   6316.5 ms
block 23/40 - 67/120   6348.2 ms
block 24/40 - 70/120   6346.4 ms
block 25/40 - 73/120   6301.4 ms
block 26/40 - 76/120   6337.8 ms
block 27/40 - 79/120   6357.6 ms
block 28/40 - 82/120   6302.5 ms
block 29/40 - 85/120   6327.5 ms
block 30/40 - 88/120   6288.6 ms
block 31/40 - 91/120   6331.1 ms
block 32/40 - 94/120   6298.9 ms
block 33/40 - 97/120   6270.1 ms
block 34/40 - 100/120   6254.8 ms
block 35/40 - 103/120   6070.1 ms
block 36/40 - 106/120   6337.3 ms
block 37/40 - 109/120   6237.3 ms
block 38/40 - 112/120   6145.2 ms
block 39/40 - 115/120   6227.0 ms
block 40/40 - 118/120   6222.1 ms
/apdcephfs_gy2/share_303214315/cedricnie/miniconda3/envs/longlive/lib/python3.10/site-packages/torchvision/io/_video_deprecation_warning.py:9: UserWarning: The video decoding and encoding capabilities of torchvision are deprecated from version 0.22 and will be removed in version 0.24. We recommend that you migrate to TorchCodec, where we'll consolidate the future decoding/encoding capabilities of PyTorch: https://github.com/pytorch/torchcodec
  warnings.warn(
[10/128] elapsed=7.0m  avg=41.9s/prompt  eta=82.4m
block 1/40 - 1/120   3354.8 ms
block 2/40 - 4/120   5283.4 ms
block 3/40 - 7/120   6307.0 ms
block 4/40 - 10/120   6296.4 ms
block 5/40 - 13/120   6328.7 ms
block 6/40 - 16/120   6430.6 ms
block 7/40 - 19/120   6302.0 ms
block 8/40 - 22/120   6295.6 ms
block 9/40 - 25/120   6324.6 ms
block 10/40 - 28/120   6309.4 ms
block 11/40 - 31/120   6211.7 ms
block 12/40 - 34/120   6315.4 ms
block 13/40 - 37/120   6286.9 ms
block 14/40 - 40/120   6321.7 ms
block 15/40 - 43/120   6289.8 ms
block 16/40 - 46/120   6335.7 ms
block 17/40 - 49/120   6359.2 ms
block 18/40 - 52/120   6323.2 ms
block 19/40 - 55/120   6321.9 ms
block 20/40 - 58/120   6336.5 ms
block 21/40 - 61/120   6303.1 ms
block 22/40 - 64/120   6353.5 ms
block 23/40 - 67/120   6329.0 ms
block 24/40 - 70/120   6359.8 ms
block 25/40 - 73/120   6427.0 ms
block 26/40 - 76/120   6290.7 ms
block 27/40 - 79/120   6322.3 ms
block 28/40 - 82/120   6327.3 ms
block 29/40 - 85/120   6289.4 ms
block 30/40 - 88/120   6349.8 ms
block 31/40 - 91/120   6334.0 ms
block 32/40 - 94/120   6321.9 ms
block 33/40 - 97/120   6324.6 ms
block 34/40 - 100/120   6358.3 ms
block 35/40 - 103/120   6272.7 ms
block 36/40 - 106/120   6307.7 ms
block 37/40 - 109/120   6295.7 ms
block 38/40 - 112/120   6336.9 ms
block 39/40 - 115/120   6382.8 ms
block 40/40 - 118/120   6342.1 ms
[26/128] elapsed=11.2m  avg=25.7s/prompt  eta=43.7m
block 1/40 - 1/120   2921.3 ms
block 2/40 - 4/120   3434.6 ms
block 3/40 - 7/120   6241.3 ms
block 4/40 - 10/120   6476.5 ms
block 5/40 - 13/120   6374.9 ms
block 6/40 - 16/120   6398.0 ms
block 7/40 - 19/120   6304.7 ms
block 8/40 - 22/120   6324.2 ms
block 9/40 - 25/120   6341.2 ms
block 10/40 - 28/120   6345.5 ms
block 11/40 - 31/120   6308.6 ms
block 12/40 - 34/120   6339.4 ms
block 13/40 - 37/120   6274.8 ms
block 14/40 - 40/120   6304.7 ms
block 15/40 - 43/120   6322.0 ms
block 16/40 - 46/120   6228.2 ms
block 17/40 - 49/120   6359.1 ms
block 18/40 - 52/120   6370.8 ms
block 19/40 - 55/120   6341.0 ms
block 20/40 - 58/120   6148.6 ms
block 21/40 - 61/120   6575.4 ms
block 22/40 - 64/120   6311.8 ms
block 23/40 - 67/120   6285.9 ms
block 24/40 - 70/120   6225.2 ms
block 25/40 - 73/120   6105.8 ms
block 26/40 - 76/120   6614.4 ms
block 27/40 - 79/120   6279.7 ms
block 28/40 - 82/120   6223.0 ms
block 29/40 - 85/120   6481.5 ms
block 30/40 - 88/120   6359.1 ms
block 31/40 - 91/120   6340.7 ms
block 32/40 - 94/120   6389.4 ms
block 33/40 - 97/120   6262.3 ms
block 34/40 - 100/120   6339.3 ms
block 35/40 - 103/120   6322.9 ms
block 36/40 - 106/120   6276.8 ms
block 37/40 - 109/120   6373.6 ms
block 38/40 - 112/120   6335.8 ms
block 39/40 - 115/120   6319.8 ms
block 40/40 - 118/120   6332.5 ms
[42/128] elapsed=15.3m  avg=21.8s/prompt  eta=31.3m
block 1/40 - 1/120   4671.2 ms
block 2/40 - 4/120   2817.6 ms
block 3/40 - 7/120   5796.5 ms
block 4/40 - 10/120   6295.6 ms
block 5/40 - 13/120   6282.4 ms
block 6/40 - 16/120   6319.3 ms
block 7/40 - 19/120   6315.2 ms
block 8/40 - 22/120   6319.0 ms
block 9/40 - 25/120   6378.0 ms
block 10/40 - 28/120   6305.7 ms
block 11/40 - 31/120   6304.6 ms
block 12/40 - 34/120   6318.8 ms
block 13/40 - 37/120   6305.1 ms
block 14/40 - 40/120   6310.5 ms
block 15/40 - 43/120   6124.2 ms
block 16/40 - 46/120   6295.1 ms
block 17/40 - 49/120   6303.0 ms
block 18/40 - 52/120   6255.5 ms
block 19/40 - 55/120   6319.8 ms
block 20/40 - 58/120   6298.1 ms
block 21/40 - 61/120   6284.9 ms
block 22/40 - 64/120   6323.7 ms
block 23/40 - 67/120   6346.1 ms
block 24/40 - 70/120   6333.8 ms
block 25/40 - 73/120   6400.1 ms
block 26/40 - 76/120   6270.1 ms
block 27/40 - 79/120   6157.1 ms
block 28/40 - 82/120   6349.4 ms
block 29/40 - 85/120   6302.2 ms
block 30/40 - 88/120   6312.9 ms
block 31/40 - 91/120   6357.7 ms
block 32/40 - 94/120   6423.9 ms
block 33/40 - 97/120   6337.9 ms
block 34/40 - 100/120   6325.4 ms
block 35/40 - 103/120   6342.0 ms
block 36/40 - 106/120   6270.1 ms
block 37/40 - 109/120   6266.9 ms
block 38/40 - 112/120   6275.5 ms
block 39/40 - 115/120   6258.1 ms
block 40/40 - 118/120   6300.4 ms
[58/128] elapsed=19.4m  avg=20.1s/prompt  eta=23.4m
block 1/40 - 1/120   5973.6 ms
block 2/40 - 4/120   2851.9 ms
block 3/40 - 7/120   4499.4 ms
block 4/40 - 10/120   6298.8 ms
block 5/40 - 13/120   6290.2 ms
block 6/40 - 16/120   6198.9 ms
block 7/40 - 19/120   5892.0 ms
block 8/40 - 22/120   6240.9 ms
block 9/40 - 25/120   6336.5 ms
block 10/40 - 28/120   6209.6 ms
block 11/40 - 31/120   6334.5 ms
block 12/40 - 34/120   6344.3 ms
block 13/40 - 37/120   6353.3 ms
block 14/40 - 40/120   6512.8 ms
block 15/40 - 43/120   6332.0 ms
block 16/40 - 46/120   6145.2 ms
block 17/40 - 49/120   6302.1 ms
block 18/40 - 52/120   6247.7 ms
block 19/40 - 55/120   6297.6 ms
block 20/40 - 58/120   6400.8 ms
block 21/40 - 61/120   6339.7 ms
block 22/40 - 64/120   6384.0 ms
block 23/40 - 67/120   6509.2 ms
block 24/40 - 70/120   6271.5 ms
block 25/40 - 73/120   6339.6 ms
block 26/40 - 76/120   6176.4 ms
block 27/40 - 79/120   6281.4 ms
block 28/40 - 82/120   6354.8 ms
block 29/40 - 85/120   6434.9 ms
block 30/40 - 88/120   6232.0 ms
block 31/40 - 91/120   6340.0 ms
block 32/40 - 94/120   6619.3 ms
block 33/40 - 97/120   6422.6 ms
block 34/40 - 100/120   6271.2 ms
block 35/40 - 103/120   6304.7 ms
block 36/40 - 106/120   6143.7 ms
block 37/40 - 109/120   6602.9 ms
block 38/40 - 112/120   6668.4 ms
block 39/40 - 115/120   6497.7 ms
block 40/40 - 118/120   6320.4 ms
[74/128] elapsed=23.5m  avg=19.1s/prompt  eta=17.2m
block 1/40 - 1/120   7352.5 ms
block 2/40 - 4/120   2713.6 ms
block 3/40 - 7/120   3979.0 ms
block 4/40 - 10/120   5481.4 ms
block 5/40 - 13/120   6234.3 ms
block 6/40 - 16/120   6313.0 ms
block 7/40 - 19/120   6296.3 ms
block 8/40 - 22/120   6297.3 ms
block 9/40 - 25/120   6296.6 ms
block 10/40 - 28/120   6352.5 ms
block 11/40 - 31/120   6421.1 ms
block 12/40 - 34/120   6375.0 ms
block 13/40 - 37/120   6335.0 ms
block 14/40 - 40/120   6344.4 ms
block 15/40 - 43/120   6319.6 ms
block 16/40 - 46/120   6203.3 ms
block 17/40 - 49/120   6291.1 ms
block 18/40 - 52/120   6258.7 ms
block 19/40 - 55/120   6297.8 ms
block 20/40 - 58/120   6335.0 ms
block 21/40 - 61/120   6343.6 ms
block 22/40 - 64/120   6286.9 ms
block 23/40 - 67/120   6349.4 ms
block 24/40 - 70/120   6344.7 ms
block 25/40 - 73/120   6348.2 ms
block 26/40 - 76/120   6286.1 ms
block 27/40 - 79/120   6303.2 ms
block 28/40 - 82/120   6280.2 ms
block 29/40 - 85/120   6312.1 ms
block 30/40 - 88/120   6338.1 ms
block 31/40 - 91/120   6348.7 ms
block 32/40 - 94/120   6298.0 ms
block 33/40 - 97/120   6309.4 ms
block 34/40 - 100/120   6316.5 ms
block 35/40 - 103/120   6280.0 ms
block 36/40 - 106/120   6257.8 ms
block 37/40 - 109/120   6319.8 ms
block 38/40 - 112/120   6312.3 ms
block 39/40 - 115/120   6343.0 ms
block 40/40 - 118/120   6354.7 ms
[90/128] elapsed=27.7m  avg=18.5s/prompt  eta=11.7m
block 1/40 - 1/120   7208.0 ms
block 2/40 - 4/120   4456.2 ms
block 3/40 - 7/120   3319.2 ms
block 4/40 - 10/120   5290.3 ms
block 5/40 - 13/120   6279.8 ms
block 6/40 - 16/120   6258.2 ms
block 7/40 - 19/120   6319.0 ms
block 8/40 - 22/120   6294.9 ms
block 9/40 - 25/120   6289.3 ms
block 10/40 - 28/120   6362.8 ms
block 11/40 - 31/120   6365.8 ms
block 12/40 - 34/120   6328.8 ms
block 13/40 - 37/120   6342.3 ms
block 14/40 - 40/120   6305.6 ms
block 15/40 - 43/120   6311.7 ms
block 16/40 - 46/120   6358.6 ms
block 17/40 - 49/120   6298.4 ms
block 18/40 - 52/120   6283.4 ms
block 19/40 - 55/120   6325.0 ms
block 20/40 - 58/120   6392.3 ms
block 21/40 - 61/120   6305.7 ms
block 22/40 - 64/120   6335.5 ms
block 23/40 - 67/120   6287.2 ms
block 24/40 - 70/120   6269.7 ms
block 25/40 - 73/120   6331.8 ms
block 26/40 - 76/120   6328.4 ms
block 27/40 - 79/120   6283.8 ms
block 28/40 - 82/120   6339.5 ms
block 29/40 - 85/120   6393.9 ms
block 30/40 - 88/120   6315.1 ms
block 31/40 - 91/120   6453.5 ms
block 32/40 - 94/120   6298.3 ms
block 33/40 - 97/120   6308.6 ms
block 34/40 - 100/120   6287.6 ms
block 35/40 - 103/120   6324.8 ms
block 36/40 - 106/120   6315.6 ms
block 37/40 - 109/120   6241.5 ms
block 38/40 - 112/120   6338.6 ms
block 39/40 - 115/120   6273.6 ms
block 40/40 - 118/120   6301.2 ms
[106/128] elapsed=31.8m  avg=18.0s/prompt  eta=6.6m
block 1/40 - 1/120   8124.0 ms
block 2/40 - 4/120   4318.6 ms
block 3/40 - 7/120   3328.8 ms
block 4/40 - 10/120   5663.2 ms
block 5/40 - 13/120   6174.6 ms
block 6/40 - 16/120   6301.8 ms
block 7/40 - 19/120   6290.0 ms
block 8/40 - 22/120   6320.8 ms
block 9/40 - 25/120   6303.1 ms
block 10/40 - 28/120   6261.5 ms
block 11/40 - 31/120   6370.6 ms
block 12/40 - 34/120   6306.3 ms
block 13/40 - 37/120   6301.9 ms
block 14/40 - 40/120   6336.9 ms
block 15/40 - 43/120   6331.7 ms
block 16/40 - 46/120   6288.6 ms
block 17/40 - 49/120   6331.8 ms
block 18/40 - 52/120   6309.9 ms
block 19/40 - 55/120   6372.4 ms
block 20/40 - 58/120   6418.0 ms
block 21/40 - 61/120   6263.5 ms
block 22/40 - 64/120   6207.5 ms
block 23/40 - 67/120   6262.1 ms
block 24/40 - 70/120   6374.8 ms
block 25/40 - 73/120   6292.4 ms
block 26/40 - 76/120   6286.9 ms
block 27/40 - 79/120   6321.1 ms
block 28/40 - 82/120   6320.2 ms
block 29/40 - 85/120   6296.4 ms
block 30/40 - 88/120   6401.4 ms
block 31/40 - 91/120   6311.0 ms
block 32/40 - 94/120   6347.8 ms
block 33/40 - 97/120   6332.6 ms
block 34/40 - 100/120   6248.0 ms
block 35/40 - 103/120   6287.8 ms
block 36/40 - 106/120   6276.0 ms
block 37/40 - 109/120   6267.8 ms
block 38/40 - 112/120   6287.8 ms
block 39/40 - 115/120   6303.1 ms
block 40/40 - 118/120   6173.3 ms
[122/128] elapsed=36.0m  avg=17.7s/prompt  eta=1.8m
