Running on a single GPU (cuda); skipping NCCL initialization.
Free VRAM 94.6707763671875 GB
Loading CUDA extension (first run compiles ~60s; cached run ~3s)...
CUDA extension ready in 140.2s.
[CacheCompatibilityPolicy] recent=20:360 coverage=21:0 episode=22:0 budget=9FFE owner=HeadComposition
KV inference with 3 frames per block
Number of prompts: 128
Prompt index range: [0, 128)
Loading PyramidKV config from /apdcephfs_gy2/share_303214315/cedricnie/develop/training-free/runs/v180_rccp_fresh128/inputs/maps/all_recent.csv
block 1/40 - 1/120  170939.7 ms
block 2/40 - 4/120   5598.4 ms
block 3/40 - 7/120   6453.8 ms
block 4/40 - 10/120   5798.2 ms
block 5/40 - 13/120   6228.8 ms
block 6/40 - 16/120   6307.6 ms
block 7/40 - 19/120   6253.2 ms
block 8/40 - 22/120   6237.1 ms
block 9/40 - 25/120   6274.7 ms
block 10/40 - 28/120   6296.8 ms
block 11/40 - 31/120   6264.7 ms
block 12/40 - 34/120   6242.6 ms
block 13/40 - 37/120   6263.0 ms
block 14/40 - 40/120   6295.6 ms
block 15/40 - 43/120   6302.4 ms
block 16/40 - 46/120   6267.3 ms
block 17/40 - 49/120   6332.3 ms
block 18/40 - 52/120   6292.4 ms
block 19/40 - 55/120   6297.7 ms
block 20/40 - 58/120   6266.8 ms
block 21/40 - 61/120   6316.0 ms
block 22/40 - 64/120   6299.5 ms
block 23/40 - 67/120   6238.4 ms
block 24/40 - 70/120   6172.4 ms
block 25/40 - 73/120   6230.8 ms
block 26/40 - 76/120   6312.5 ms
block 27/40 - 79/120   6363.5 ms
block 28/40 - 82/120   6254.0 ms
block 29/40 - 85/120   6266.1 ms
block 30/40 - 88/120   6261.7 ms
block 31/40 - 91/120   6291.3 ms
block 32/40 - 94/120   6267.4 ms
block 33/40 - 97/120   6293.6 ms
block 34/40 - 100/120   6253.4 ms
block 35/40 - 103/120   6272.8 ms
block 36/40 - 106/120   6213.8 ms
block 37/40 - 109/120   6284.1 ms
block 38/40 - 112/120   6316.8 ms
block 39/40 - 115/120   6299.9 ms
block 40/40 - 118/120   6291.9 ms
/apdcephfs_gy2/share_303214315/cedricnie/miniconda3/envs/longlive/lib/python3.10/site-packages/torchvision/io/_video_deprecation_warning.py:9: UserWarning: The video decoding and encoding capabilities of torchvision are deprecated from version 0.22 and will be removed in version 0.24. We recommend that you migrate to TorchCodec, where we'll consolidate the future decoding/encoding capabilities of PyTorch: https://github.com/pytorch/torchcodec
  warnings.warn(
[11/128] elapsed=6.9m  avg=37.8s/prompt  eta=73.8m
block 1/40 - 1/120   4409.3 ms
block 2/40 - 4/120   2860.9 ms
block 3/40 - 7/120   5672.1 ms
block 4/40 - 10/120   6175.5 ms
block 5/40 - 13/120   6145.6 ms
block 6/40 - 16/120   6267.8 ms
block 7/40 - 19/120   6319.0 ms
block 8/40 - 22/120   6293.0 ms
block 9/40 - 25/120   6238.2 ms
block 10/40 - 28/120   6243.8 ms
block 11/40 - 31/120   6124.6 ms
block 12/40 - 34/120   6215.5 ms
block 13/40 - 37/120   6237.0 ms
block 14/40 - 40/120   6313.5 ms
block 15/40 - 43/120   6326.8 ms
block 16/40 - 46/120   6482.0 ms
block 17/40 - 49/120   6243.7 ms
block 18/40 - 52/120   6201.5 ms
block 19/40 - 55/120   6260.9 ms
block 20/40 - 58/120   6294.3 ms
block 21/40 - 61/120   6303.6 ms
block 22/40 - 64/120   6245.2 ms
block 23/40 - 67/120   6284.3 ms
block 24/40 - 70/120   6323.4 ms
block 25/40 - 73/120   6261.4 ms
block 26/40 - 76/120   6277.1 ms
block 27/40 - 79/120   6287.4 ms
block 28/40 - 82/120   6417.3 ms
block 29/40 - 85/120   6290.6 ms
block 30/40 - 88/120   6251.9 ms
block 31/40 - 91/120   5672.3 ms
block 32/40 - 94/120   6132.6 ms
block 33/40 - 97/120   6120.7 ms
block 34/40 - 100/120   6215.5 ms
block 35/40 - 103/120   6285.5 ms
block 36/40 - 106/120   6318.1 ms
block 37/40 - 109/120   6107.5 ms
block 38/40 - 112/120   6294.8 ms
block 39/40 - 115/120   6275.4 ms
block 40/40 - 118/120   6107.6 ms
[27/128] elapsed=11.0m  avg=24.5s/prompt  eta=41.2m
block 1/40 - 1/120   6930.3 ms
block 2/40 - 4/120   4570.1 ms
block 3/40 - 7/120   3296.5 ms
block 4/40 - 10/120   4828.2 ms
block 5/40 - 13/120   6078.8 ms
block 6/40 - 16/120   6341.7 ms
block 7/40 - 19/120   6134.5 ms
block 8/40 - 22/120   5546.9 ms
block 9/40 - 25/120   6319.9 ms
block 10/40 - 28/120   6211.4 ms
block 11/40 - 31/120   6125.6 ms
block 12/40 - 34/120   6249.9 ms
block 13/40 - 37/120   6195.6 ms
block 14/40 - 40/120   6220.6 ms
block 15/40 - 43/120   6304.6 ms
block 16/40 - 46/120   6275.9 ms
block 17/40 - 49/120   6311.3 ms
block 18/40 - 52/120   6329.2 ms
block 19/40 - 55/120   6313.0 ms
block 20/40 - 58/120   6365.0 ms
block 21/40 - 61/120   6324.8 ms
block 22/40 - 64/120   6298.3 ms
block 23/40 - 67/120   6296.6 ms
block 24/40 - 70/120   6292.1 ms
block 25/40 - 73/120   6277.9 ms
block 26/40 - 76/120   6235.1 ms
block 27/40 - 79/120   6274.6 ms
block 28/40 - 82/120   6334.2 ms
block 29/40 - 85/120   6171.5 ms
block 30/40 - 88/120   6285.2 ms
block 31/40 - 91/120   6229.5 ms
block 32/40 - 94/120   6306.0 ms
block 33/40 - 97/120   6262.1 ms
block 34/40 - 100/120   6251.4 ms
block 35/40 - 103/120   6313.7 ms
block 36/40 - 106/120   6266.8 ms
block 37/40 - 109/120   6200.0 ms
block 38/40 - 112/120   6194.9 ms
block 39/40 - 115/120   6303.6 ms
block 40/40 - 118/120   6268.8 ms
[43/128] elapsed=15.1m  avg=21.1s/prompt  eta=29.8m
block 1/40 - 1/120   7119.0 ms
block 2/40 - 4/120   5814.4 ms
block 3/40 - 7/120   5818.9 ms
block 4/40 - 10/120   3941.8 ms
block 5/40 - 13/120   3742.2 ms
block 6/40 - 16/120   5772.1 ms
block 7/40 - 19/120   6102.6 ms
block 8/40 - 22/120   6226.0 ms
block 9/40 - 25/120   6272.7 ms
block 10/40 - 28/120   6206.6 ms
block 11/40 - 31/120   6232.2 ms
block 12/40 - 34/120   6179.4 ms
block 13/40 - 37/120   6187.9 ms
block 14/40 - 40/120   6204.2 ms
block 15/40 - 43/120   6300.1 ms
block 16/40 - 46/120   6299.4 ms
block 17/40 - 49/120   6286.9 ms
block 18/40 - 52/120   6135.8 ms
block 19/40 - 55/120   6335.5 ms
block 20/40 - 58/120   6319.8 ms
block 21/40 - 61/120   6115.6 ms
block 22/40 - 64/120   6199.8 ms
block 23/40 - 67/120   6233.9 ms
block 24/40 - 70/120   6180.3 ms
block 25/40 - 73/120   6288.9 ms
block 26/40 - 76/120   6341.3 ms
block 27/40 - 79/120   5660.5 ms
block 28/40 - 82/120   6154.5 ms
block 29/40 - 85/120   6312.7 ms
block 30/40 - 88/120   6432.3 ms
block 31/40 - 91/120   6252.0 ms
block 32/40 - 94/120   6298.1 ms
block 33/40 - 97/120   6230.3 ms
block 34/40 - 100/120   6329.0 ms
block 35/40 - 103/120   6326.5 ms
block 36/40 - 106/120   6245.2 ms
block 37/40 - 109/120   6331.4 ms
block 38/40 - 112/120   6305.8 ms
block 39/40 - 115/120   6303.9 ms
block 40/40 - 118/120   6297.3 ms
[59/128] elapsed=19.2m  avg=19.5s/prompt  eta=22.4m
block 1/40 - 1/120   7180.2 ms
block 2/40 - 4/120   5906.2 ms
block 3/40 - 7/120   6246.0 ms
block 4/40 - 10/120   6310.5 ms
block 5/40 - 13/120   4772.5 ms
block 6/40 - 16/120   3328.2 ms
block 7/40 - 19/120   5597.6 ms
block 8/40 - 22/120   6141.1 ms
block 9/40 - 25/120   6331.9 ms
block 10/40 - 28/120   6306.9 ms
block 11/40 - 31/120   6260.3 ms
block 12/40 - 34/120   6249.4 ms
block 13/40 - 37/120   6308.8 ms
block 14/40 - 40/120   6264.4 ms
block 15/40 - 43/120   6289.8 ms
block 16/40 - 46/120   6262.2 ms
block 17/40 - 49/120   6119.5 ms
block 18/40 - 52/120   6284.4 ms
block 19/40 - 55/120   6417.8 ms
block 20/40 - 58/120   6241.4 ms
block 21/40 - 61/120   6211.7 ms
block 22/40 - 64/120   6189.6 ms
block 23/40 - 67/120   6242.2 ms
block 24/40 - 70/120   6318.3 ms
block 25/40 - 73/120   6323.7 ms
block 26/40 - 76/120   6311.3 ms
block 27/40 - 79/120   6322.5 ms
block 28/40 - 82/120   6137.4 ms
block 29/40 - 85/120   5652.8 ms
block 30/40 - 88/120   6270.7 ms
block 31/40 - 91/120   6301.5 ms
block 32/40 - 94/120   6273.1 ms
block 33/40 - 97/120   6407.3 ms
block 34/40 - 100/120   6305.3 ms
block 35/40 - 103/120   6310.5 ms
block 36/40 - 106/120   6278.6 ms
block 37/40 - 109/120   6322.6 ms
block 38/40 - 112/120   6193.5 ms
block 39/40 - 115/120   6048.8 ms
block 40/40 - 118/120   6187.8 ms
[75/128] elapsed=23.3m  avg=18.6s/prompt  eta=16.5m
block 1/40 - 1/120   7373.8 ms
block 2/40 - 4/120   5645.0 ms
block 3/40 - 7/120   6338.7 ms
block 4/40 - 10/120   6304.7 ms
block 5/40 - 13/120   6329.3 ms
block 6/40 - 16/120   5194.6 ms
block 7/40 - 19/120   3387.1 ms
block 8/40 - 22/120   5686.0 ms
block 9/40 - 25/120   6124.0 ms
block 10/40 - 28/120   6263.5 ms
block 11/40 - 31/120   6242.9 ms
block 12/40 - 34/120   6272.0 ms
block 13/40 - 37/120   6360.6 ms
block 14/40 - 40/120   6318.7 ms
block 15/40 - 43/120   6267.5 ms
block 16/40 - 46/120   6122.4 ms
block 17/40 - 49/120   6368.6 ms
block 18/40 - 52/120   6302.8 ms
block 19/40 - 55/120   6210.8 ms
block 20/40 - 58/120   6314.9 ms
block 21/40 - 61/120   6286.8 ms
block 22/40 - 64/120   6283.2 ms
block 23/40 - 67/120   6116.4 ms
block 24/40 - 70/120   6191.6 ms
block 25/40 - 73/120   6404.2 ms
block 26/40 - 76/120   6277.5 ms
block 27/40 - 79/120   6093.0 ms
block 28/40 - 82/120   6369.6 ms
block 29/40 - 85/120   6153.8 ms
block 30/40 - 88/120   6063.4 ms
block 31/40 - 91/120   6115.8 ms
block 32/40 - 94/120   6318.6 ms
block 33/40 - 97/120   6219.8 ms
block 34/40 - 100/120   6224.2 ms
block 35/40 - 103/120   6390.7 ms
block 36/40 - 106/120   6212.6 ms
block 37/40 - 109/120   6245.4 ms
block 38/40 - 112/120   6291.9 ms
block 39/40 - 115/120   6233.7 ms
block 40/40 - 118/120   6183.1 ms
[91/128] elapsed=27.4m  avg=18.1s/prompt  eta=11.1m
block 1/40 - 1/120   7031.9 ms
block 2/40 - 4/120   5952.7 ms
block 3/40 - 7/120   6243.4 ms
block 4/40 - 10/120   6278.4 ms
block 5/40 - 13/120   6133.5 ms
block 6/40 - 16/120   6237.0 ms
block 7/40 - 19/120   5440.6 ms
block 8/40 - 22/120   3311.7 ms
block 9/40 - 25/120   5609.1 ms
block 10/40 - 28/120   6076.6 ms
block 11/40 - 31/120   6227.7 ms
block 12/40 - 34/120   6242.6 ms
block 13/40 - 37/120   6315.1 ms
block 14/40 - 40/120   6408.5 ms
block 15/40 - 43/120   6259.8 ms
block 16/40 - 46/120   6289.2 ms
block 17/40 - 49/120   6315.5 ms
block 18/40 - 52/120   6321.3 ms
block 19/40 - 55/120   6276.0 ms
block 20/40 - 58/120   6283.3 ms
block 21/40 - 61/120   6167.7 ms
block 22/40 - 64/120   6247.9 ms
block 23/40 - 67/120   6286.4 ms
block 24/40 - 70/120   6339.2 ms
block 25/40 - 73/120   6190.7 ms
block 26/40 - 76/120   5963.4 ms
block 27/40 - 79/120   6331.1 ms
block 28/40 - 82/120   6067.9 ms
block 29/40 - 85/120   6292.6 ms
block 30/40 - 88/120   6277.7 ms
block 31/40 - 91/120   6210.2 ms
block 32/40 - 94/120   6287.3 ms
block 33/40 - 97/120   6279.6 ms
block 34/40 - 100/120   6261.8 ms
block 35/40 - 103/120   6274.3 ms
block 36/40 - 106/120   6301.6 ms
block 37/40 - 109/120   6227.6 ms
block 38/40 - 112/120   6207.2 ms
block 39/40 - 115/120   6224.1 ms
block 40/40 - 118/120   6128.8 ms
[107/128] elapsed=31.5m  avg=17.7s/prompt  eta=6.2m
block 1/40 - 1/120   7224.7 ms
block 2/40 - 4/120   5797.9 ms
block 3/40 - 7/120   6235.6 ms
block 4/40 - 10/120   6683.3 ms
block 5/40 - 13/120   6010.3 ms
block 6/40 - 16/120   6298.6 ms
block 7/40 - 19/120   6281.0 ms
block 8/40 - 22/120   5454.6 ms
block 9/40 - 25/120   3271.3 ms
block 10/40 - 28/120   5658.1 ms
block 11/40 - 31/120   6054.8 ms
block 12/40 - 34/120   6121.8 ms
block 13/40 - 37/120   6295.7 ms
block 14/40 - 40/120   6253.7 ms
block 15/40 - 43/120   6231.2 ms
block 16/40 - 46/120   6335.2 ms
block 17/40 - 49/120   6266.4 ms
block 18/40 - 52/120   6357.6 ms
block 19/40 - 55/120   6266.3 ms
block 20/40 - 58/120   6225.0 ms
block 21/40 - 61/120   6165.1 ms
block 22/40 - 64/120   6231.2 ms
block 23/40 - 67/120   6335.4 ms
block 24/40 - 70/120   6119.1 ms
block 25/40 - 73/120   6325.6 ms
block 26/40 - 76/120   6063.6 ms
block 27/40 - 79/120   6083.3 ms
block 28/40 - 82/120   6487.7 ms
block 29/40 - 85/120   6517.6 ms
block 30/40 - 88/120   6050.9 ms
block 31/40 - 91/120   6227.1 ms
block 32/40 - 94/120   6288.1 ms
block 33/40 - 97/120   6303.8 ms
block 34/40 - 100/120   6282.1 ms
block 35/40 - 103/120   6323.2 ms
block 36/40 - 106/120   6227.6 ms
block 37/40 - 109/120   6292.1 ms
block 38/40 - 112/120   6293.6 ms
block 39/40 - 115/120   6126.7 ms
block 40/40 - 118/120   6217.6 ms
[123/128] elapsed=35.6m  avg=17.4s/prompt  eta=1.4m
