Running on a single GPU (cuda); skipping NCCL initialization.
Free VRAM 94.3734130859375 GB
Loading CUDA extension (first run compiles ~60s; cached run ~3s)...
CUDA extension ready in 139.4s.
[CacheCompatibilityPolicy] recent=20:360 coverage=21:0 episode=22:0 budget=9FFE owner=HeadComposition
KV inference with 3 frames per block
Number of prompts: 128
Prompt index range: [0, 128)
Loading PyramidKV config from /apdcephfs_gy2/share_303214315/cedricnie/develop/training-free/runs/v180_rccp_fresh128/inputs/maps/all_recent.csv
block 1/40 - 1/120  171615.8 ms
block 2/40 - 4/120   5220.7 ms
block 3/40 - 7/120   6274.7 ms
block 4/40 - 10/120   6361.0 ms
block 5/40 - 13/120   6337.5 ms
block 6/40 - 16/120   6286.8 ms
block 7/40 - 19/120   6324.3 ms
block 8/40 - 22/120   6351.5 ms
block 9/40 - 25/120   6433.8 ms
block 10/40 - 28/120   6679.2 ms
block 11/40 - 31/120   6320.9 ms
block 12/40 - 34/120   6559.4 ms
block 13/40 - 37/120   6516.9 ms
block 14/40 - 40/120   5768.6 ms
block 15/40 - 43/120   5948.6 ms
block 16/40 - 46/120   6324.8 ms
block 17/40 - 49/120   6366.2 ms
block 18/40 - 52/120   6310.6 ms
block 19/40 - 55/120   6284.8 ms
block 20/40 - 58/120   6317.7 ms
block 21/40 - 61/120   6305.6 ms
block 22/40 - 64/120   6316.5 ms
block 23/40 - 67/120   6282.3 ms
block 24/40 - 70/120   6257.8 ms
block 25/40 - 73/120   6333.8 ms
block 26/40 - 76/120   6268.3 ms
block 27/40 - 79/120   6260.4 ms
block 28/40 - 82/120   6355.3 ms
block 29/40 - 85/120   6301.6 ms
block 30/40 - 88/120   6326.1 ms
block 31/40 - 91/120   6321.3 ms
block 32/40 - 94/120   6332.2 ms
block 33/40 - 97/120   6347.0 ms
block 34/40 - 100/120   6386.6 ms
block 35/40 - 103/120   6358.6 ms
block 36/40 - 106/120   6384.4 ms
block 37/40 - 109/120   6402.1 ms
block 38/40 - 112/120   6529.8 ms
block 39/40 - 115/120   6420.5 ms
block 40/40 - 118/120   6428.8 ms
[2/128] elapsed=7.0m  avg=209.6s/prompt  eta=440.1m
/apdcephfs_gy2/share_303214315/cedricnie/miniconda3/envs/longlive/lib/python3.10/site-packages/torchvision/io/_video_deprecation_warning.py:9: UserWarning: The video decoding and encoding capabilities of torchvision are deprecated from version 0.22 and will be removed in version 0.24. We recommend that you migrate to TorchCodec, where we'll consolidate the future decoding/encoding capabilities of PyTorch: https://github.com/pytorch/torchcodec
  warnings.warn(
block 1/40 - 1/120   3993.7 ms
block 2/40 - 4/120   5858.3 ms
block 3/40 - 7/120   6261.0 ms
block 4/40 - 10/120   6362.1 ms
block 5/40 - 13/120   6327.2 ms
block 6/40 - 16/120   6306.6 ms
block 7/40 - 19/120   6324.8 ms
block 8/40 - 22/120   6328.2 ms
block 9/40 - 25/120   6310.5 ms
block 10/40 - 28/120   6324.1 ms
block 11/40 - 31/120   6413.5 ms
block 12/40 - 34/120   6314.5 ms
block 13/40 - 37/120   6354.3 ms
block 14/40 - 40/120   6332.2 ms
block 15/40 - 43/120   6368.1 ms
block 16/40 - 46/120   6292.1 ms
block 17/40 - 49/120   6298.3 ms
block 18/40 - 52/120   6306.7 ms
block 19/40 - 55/120   6335.9 ms
block 20/40 - 58/120   6253.6 ms
block 21/40 - 61/120   6335.8 ms
block 22/40 - 64/120   6303.5 ms
block 23/40 - 67/120   6278.2 ms
block 24/40 - 70/120   6258.1 ms
block 25/40 - 73/120   6309.8 ms
block 26/40 - 76/120   6339.9 ms
block 27/40 - 79/120   6323.3 ms
block 28/40 - 82/120   6326.4 ms
block 29/40 - 85/120   6318.1 ms
block 30/40 - 88/120   6287.1 ms
block 31/40 - 91/120   6318.1 ms
block 32/40 - 94/120   6304.0 ms
block 33/40 - 97/120   6290.8 ms
block 34/40 - 100/120   6328.6 ms
block 35/40 - 103/120   6334.9 ms
block 36/40 - 106/120   6341.6 ms
block 37/40 - 109/120   6329.4 ms
block 38/40 - 112/120   6300.6 ms
block 39/40 - 115/120   6212.0 ms
block 40/40 - 118/120   6187.7 ms
[18/128] elapsed=11.2m  avg=37.2s/prompt  eta=68.2m
block 1/40 - 1/120   5387.4 ms
block 2/40 - 4/120   5847.6 ms
block 3/40 - 7/120   6282.2 ms
block 4/40 - 10/120   6374.6 ms
block 5/40 - 13/120   6285.4 ms
block 6/40 - 16/120   6327.2 ms
block 7/40 - 19/120   6325.0 ms
block 8/40 - 22/120   6274.9 ms
block 9/40 - 25/120   6278.3 ms
block 10/40 - 28/120   6307.9 ms
block 11/40 - 31/120   6306.7 ms
block 12/40 - 34/120   6358.1 ms
block 13/40 - 37/120   6361.1 ms
block 14/40 - 40/120   6347.2 ms
block 15/40 - 43/120   6358.5 ms
block 16/40 - 46/120   6317.2 ms
block 17/40 - 49/120   6292.8 ms
block 18/40 - 52/120   6304.3 ms
block 19/40 - 55/120   6373.5 ms
block 20/40 - 58/120   6143.1 ms
block 21/40 - 61/120   6322.1 ms
block 22/40 - 64/120   6369.1 ms
block 23/40 - 67/120   6433.6 ms
block 24/40 - 70/120   6348.5 ms
block 25/40 - 73/120   6184.8 ms
block 26/40 - 76/120   6338.9 ms
block 27/40 - 79/120   6368.5 ms
block 28/40 - 82/120   6159.2 ms
block 29/40 - 85/120   6219.6 ms
block 30/40 - 88/120   6313.0 ms
block 31/40 - 91/120   6220.7 ms
block 32/40 - 94/120   6350.0 ms
block 33/40 - 97/120   6290.9 ms
block 34/40 - 100/120   6328.3 ms
block 35/40 - 103/120   6361.0 ms
block 36/40 - 106/120   6256.7 ms
block 37/40 - 109/120   6300.4 ms
block 38/40 - 112/120   6319.8 ms
block 39/40 - 115/120   6321.5 ms
block 40/40 - 118/120   4514.5 ms
[34/128] elapsed=15.3m  avg=27.1s/prompt  eta=42.4m
block 1/40 - 1/120   6505.5 ms
block 2/40 - 4/120   5984.4 ms
block 3/40 - 7/120   6339.6 ms
block 4/40 - 10/120   6318.5 ms
block 5/40 - 13/120   6340.9 ms
block 6/40 - 16/120   6314.8 ms
block 7/40 - 19/120   6319.6 ms
block 8/40 - 22/120   6240.9 ms
block 9/40 - 25/120   6337.7 ms
block 10/40 - 28/120   6340.8 ms
block 11/40 - 31/120   6363.3 ms
block 12/40 - 34/120   6395.2 ms
block 13/40 - 37/120   6442.9 ms
block 14/40 - 40/120   6335.0 ms
block 15/40 - 43/120   6308.4 ms
block 16/40 - 46/120   6357.6 ms
block 17/40 - 49/120   6340.6 ms
block 18/40 - 52/120   6349.8 ms
block 19/40 - 55/120   6319.4 ms
block 20/40 - 58/120   6338.4 ms
block 21/40 - 61/120   6346.8 ms
block 22/40 - 64/120   6298.2 ms
block 23/40 - 67/120   6227.1 ms
block 24/40 - 70/120   6311.1 ms
block 25/40 - 73/120   6433.3 ms
block 26/40 - 76/120   6345.9 ms
block 27/40 - 79/120   6294.0 ms
block 28/40 - 82/120   6319.7 ms
block 29/40 - 85/120   6291.8 ms
block 30/40 - 88/120   6202.2 ms
block 31/40 - 91/120   6344.0 ms
block 32/40 - 94/120   6261.5 ms
block 33/40 - 97/120   6293.4 ms
block 34/40 - 100/120   6287.9 ms
block 35/40 - 103/120   6355.0 ms
block 36/40 - 106/120   6329.3 ms
block 37/40 - 109/120   6357.4 ms
block 38/40 - 112/120   6362.8 ms
block 39/40 - 115/120   5309.7 ms
block 40/40 - 118/120   3408.8 ms
[50/128] elapsed=19.5m  avg=23.4s/prompt  eta=30.4m
block 1/40 - 1/120   7654.0 ms
block 2/40 - 4/120   5855.1 ms
block 3/40 - 7/120   6315.6 ms
block 4/40 - 10/120   6359.3 ms
block 5/40 - 13/120   6691.5 ms
block 6/40 - 16/120   6428.7 ms
block 7/40 - 19/120   6332.3 ms
block 8/40 - 22/120   6618.6 ms
block 9/40 - 25/120   6256.6 ms
block 10/40 - 28/120   6519.2 ms
block 11/40 - 31/120   6176.4 ms
block 12/40 - 34/120   5994.0 ms
block 13/40 - 37/120   6331.6 ms
block 14/40 - 40/120   6518.9 ms
block 15/40 - 43/120   6524.0 ms
block 16/40 - 46/120   6466.5 ms
block 17/40 - 49/120   6347.1 ms
block 18/40 - 52/120   6020.4 ms
block 19/40 - 55/120   6231.2 ms
block 20/40 - 58/120   6380.3 ms
block 21/40 - 61/120   6113.4 ms
block 22/40 - 64/120   6396.9 ms
block 23/40 - 67/120   6321.6 ms
block 24/40 - 70/120   6575.2 ms
block 25/40 - 73/120   6545.6 ms
block 26/40 - 76/120   6201.4 ms
block 27/40 - 79/120   6027.5 ms
block 28/40 - 82/120   6478.3 ms
block 29/40 - 85/120   6382.2 ms
block 30/40 - 88/120   5952.2 ms
block 31/40 - 91/120   6231.0 ms
block 32/40 - 94/120   6399.3 ms
block 33/40 - 97/120   6358.1 ms
block 34/40 - 100/120   6521.4 ms
block 35/40 - 103/120   6042.3 ms
block 36/40 - 106/120   6128.2 ms
block 37/40 - 109/120   6146.7 ms
block 38/40 - 112/120   6318.4 ms
block 39/40 - 115/120   4415.2 ms
block 40/40 - 118/120   4015.0 ms
[66/128] elapsed=23.7m  avg=21.5s/prompt  eta=22.2m
block 1/40 - 1/120   8276.3 ms
block 2/40 - 4/120   6084.8 ms
block 3/40 - 7/120   6318.4 ms
block 4/40 - 10/120   6349.5 ms
block 5/40 - 13/120   6364.0 ms
block 6/40 - 16/120   6306.9 ms
block 7/40 - 19/120   6346.7 ms
block 8/40 - 22/120   6288.9 ms
block 9/40 - 25/120   6317.2 ms
block 10/40 - 28/120   6243.2 ms
block 11/40 - 31/120   6259.2 ms
block 12/40 - 34/120   6301.0 ms
block 13/40 - 37/120   6324.9 ms
block 14/40 - 40/120   6414.1 ms
block 15/40 - 43/120   6389.8 ms
block 16/40 - 46/120   6324.5 ms
block 17/40 - 49/120   6351.7 ms
block 18/40 - 52/120   6276.3 ms
block 19/40 - 55/120   6317.5 ms
block 20/40 - 58/120   6310.5 ms
block 21/40 - 61/120   6327.8 ms
block 22/40 - 64/120   6251.0 ms
block 23/40 - 67/120   6324.4 ms
block 24/40 - 70/120   6335.2 ms
block 25/40 - 73/120   6350.6 ms
block 26/40 - 76/120   6334.3 ms
block 27/40 - 79/120   6322.8 ms
block 28/40 - 82/120   6352.7 ms
block 29/40 - 85/120   6322.0 ms
block 30/40 - 88/120   6309.7 ms
block 31/40 - 91/120   6330.7 ms
block 32/40 - 94/120   6318.4 ms
block 33/40 - 97/120   6343.6 ms
block 34/40 - 100/120   6381.7 ms
block 35/40 - 103/120   6320.0 ms
block 36/40 - 106/120   6282.9 ms
block 37/40 - 109/120   6338.7 ms
block 38/40 - 112/120   5506.3 ms
block 39/40 - 115/120   3384.3 ms
block 40/40 - 118/120   5704.5 ms
[82/128] elapsed=27.9m  avg=20.4s/prompt  eta=15.6m
block 1/40 - 1/120   7371.2 ms
block 2/40 - 4/120   5805.3 ms
block 3/40 - 7/120   6306.9 ms
block 4/40 - 10/120   6354.7 ms
block 5/40 - 13/120   6325.3 ms
block 6/40 - 16/120   6362.5 ms
block 7/40 - 19/120   6369.5 ms
block 8/40 - 22/120   6293.3 ms
block 9/40 - 25/120   6393.4 ms
block 10/40 - 28/120   6276.3 ms
block 11/40 - 31/120   6335.6 ms
block 12/40 - 34/120   6296.5 ms
block 13/40 - 37/120   6277.2 ms
block 14/40 - 40/120   6309.8 ms
block 15/40 - 43/120   6352.2 ms
block 16/40 - 46/120   6338.6 ms
block 17/40 - 49/120   6252.6 ms
block 18/40 - 52/120   6262.0 ms
block 19/40 - 55/120   6371.3 ms
block 20/40 - 58/120   6357.1 ms
block 21/40 - 61/120   6320.2 ms
block 22/40 - 64/120   6325.6 ms
block 23/40 - 67/120   6320.9 ms
block 24/40 - 70/120   6315.9 ms
block 25/40 - 73/120   6249.4 ms
block 26/40 - 76/120   6253.1 ms
block 27/40 - 79/120   6281.4 ms
block 28/40 - 82/120   6222.8 ms
block 29/40 - 85/120   6235.7 ms
block 30/40 - 88/120   6318.2 ms
block 31/40 - 91/120   6339.2 ms
block 32/40 - 94/120   6332.7 ms
block 33/40 - 97/120   6313.3 ms
block 34/40 - 100/120   6365.9 ms
block 35/40 - 103/120   6327.2 ms
block 36/40 - 106/120   6328.9 ms
block 37/40 - 109/120   6328.2 ms
block 38/40 - 112/120   4801.1 ms
block 39/40 - 115/120   3551.9 ms
block 40/40 - 118/120   5427.6 ms
[98/128] elapsed=32.0m  avg=19.6s/prompt  eta=9.8m
block 1/40 - 1/120   7540.2 ms
block 2/40 - 4/120   5948.4 ms
block 3/40 - 7/120   6314.3 ms
block 4/40 - 10/120   6352.0 ms
block 5/40 - 13/120   6300.3 ms
block 6/40 - 16/120   6358.9 ms
block 7/40 - 19/120   6362.6 ms
block 8/40 - 22/120   6360.7 ms
block 9/40 - 25/120   6344.2 ms
block 10/40 - 28/120   6341.4 ms
block 11/40 - 31/120   6337.2 ms
block 12/40 - 34/120   6300.9 ms
block 13/40 - 37/120   6329.2 ms
block 14/40 - 40/120   6335.7 ms
block 15/40 - 43/120   6301.4 ms
block 16/40 - 46/120   6319.8 ms
block 17/40 - 49/120   6242.6 ms
block 18/40 - 52/120   6347.0 ms
block 19/40 - 55/120   6410.5 ms
block 20/40 - 58/120   6367.5 ms
block 21/40 - 61/120   6237.5 ms
block 22/40 - 64/120   6328.8 ms
block 23/40 - 67/120   6270.6 ms
block 24/40 - 70/120   6341.1 ms
block 25/40 - 73/120   6274.0 ms
block 26/40 - 76/120   6333.3 ms
block 27/40 - 79/120   6350.9 ms
block 28/40 - 82/120   6314.8 ms
block 29/40 - 85/120   6347.0 ms
block 30/40 - 88/120   6220.1 ms
block 31/40 - 91/120   6372.5 ms
block 32/40 - 94/120   6389.2 ms
block 33/40 - 97/120   6342.2 ms
block 34/40 - 100/120   6358.8 ms
block 35/40 - 103/120   6364.4 ms
block 36/40 - 106/120   6347.8 ms
block 37/40 - 109/120   6386.6 ms
block 38/40 - 112/120   4016.8 ms
block 39/40 - 115/120   2457.5 ms
block 40/40 - 118/120   2456.9 ms
[114/128] elapsed=36.1m  avg=19.0s/prompt  eta=4.4m
