Running on a single GPU (cuda); skipping NCCL initialization.
Free VRAM 94.6605224609375 GB
Loading CUDA extension (first run compiles ~60s; cached run ~3s)...
CUDA extension ready in 139.1s.
[CacheCompatibilityPolicy] recent=20:360 coverage=21:0 episode=22:0 budget=9FFE owner=HeadComposition
KV inference with 3 frames per block
Number of prompts: 128
Prompt index range: [0, 128)
Loading PyramidKV config from /apdcephfs_gy2/share_303214315/cedricnie/develop/training-free/runs/v180_rccp_fresh128/inputs/maps/all_recent.csv
block 1/40 - 1/120  171654.0 ms
block 2/40 - 4/120   5222.4 ms
block 3/40 - 7/120   6316.2 ms
block 4/40 - 10/120   6199.7 ms
block 5/40 - 13/120   6360.6 ms
block 6/40 - 16/120   6378.3 ms
block 7/40 - 19/120   6502.0 ms
block 8/40 - 22/120   6506.3 ms
block 9/40 - 25/120   6337.8 ms
block 10/40 - 28/120   6388.1 ms
block 11/40 - 31/120   6400.0 ms
block 12/40 - 34/120   6412.8 ms
block 13/40 - 37/120   6325.1 ms
block 14/40 - 40/120   6401.0 ms
block 15/40 - 43/120   6428.2 ms
block 16/40 - 46/120   6420.7 ms
block 17/40 - 49/120   6255.7 ms
block 18/40 - 52/120   6351.2 ms
block 19/40 - 55/120   6391.7 ms
block 20/40 - 58/120   6425.1 ms
block 21/40 - 61/120   6406.1 ms
block 22/40 - 64/120   6445.1 ms
block 23/40 - 67/120   6378.7 ms
block 24/40 - 70/120   6361.5 ms
block 25/40 - 73/120   6423.4 ms
block 26/40 - 76/120   6448.7 ms
block 27/40 - 79/120   6459.8 ms
block 28/40 - 82/120   6361.9 ms
block 29/40 - 85/120   6402.6 ms
block 30/40 - 88/120   6404.0 ms
block 31/40 - 91/120   6402.5 ms
block 32/40 - 94/120   6441.5 ms
block 33/40 - 97/120   6348.8 ms
block 34/40 - 100/120   6397.8 ms
block 35/40 - 103/120   6374.6 ms
block 36/40 - 106/120   6381.0 ms
block 37/40 - 109/120   6376.5 ms
block 38/40 - 112/120   6385.3 ms
block 39/40 - 115/120   6387.9 ms
block 40/40 - 118/120   6373.2 ms
/apdcephfs_gy2/share_303214315/cedricnie/miniconda3/envs/longlive/lib/python3.10/site-packages/torchvision/io/_video_deprecation_warning.py:9: UserWarning: The video decoding and encoding capabilities of torchvision are deprecated from version 0.22 and will be removed in version 0.24. We recommend that you migrate to TorchCodec, where we'll consolidate the future decoding/encoding capabilities of PyTorch: https://github.com/pytorch/torchcodec
  warnings.warn(
[12/128] elapsed=7.0m  avg=35.1s/prompt  eta=67.8m
block 1/40 - 1/120   3075.4 ms
block 2/40 - 4/120   5118.2 ms
block 3/40 - 7/120   6302.6 ms
block 4/40 - 10/120   6337.9 ms
block 5/40 - 13/120   6451.4 ms
block 6/40 - 16/120   6410.1 ms
block 7/40 - 19/120   6395.0 ms
block 8/40 - 22/120   6407.0 ms
block 9/40 - 25/120   6309.5 ms
block 10/40 - 28/120   6374.8 ms
block 11/40 - 31/120   6385.0 ms
block 12/40 - 34/120   6400.2 ms
block 13/40 - 37/120   6382.6 ms
block 14/40 - 40/120   6353.6 ms
block 15/40 - 43/120   6455.7 ms
block 16/40 - 46/120   6416.1 ms
block 17/40 - 49/120   6379.3 ms
block 18/40 - 52/120   6399.3 ms
block 19/40 - 55/120   6435.8 ms
block 20/40 - 58/120   6395.5 ms
block 21/40 - 61/120   6358.4 ms
block 22/40 - 64/120   6419.4 ms
block 23/40 - 67/120   6395.5 ms
block 24/40 - 70/120   6354.4 ms
block 25/40 - 73/120   6422.1 ms
block 26/40 - 76/120   6373.0 ms
block 27/40 - 79/120   6440.7 ms
block 28/40 - 82/120   6376.1 ms
block 29/40 - 85/120   6395.2 ms
block 30/40 - 88/120   6450.2 ms
block 31/40 - 91/120   6452.6 ms
block 32/40 - 94/120   6423.4 ms
block 33/40 - 97/120   6161.8 ms
block 34/40 - 100/120   6344.5 ms
block 35/40 - 103/120   6265.6 ms
block 36/40 - 106/120   6293.8 ms
block 37/40 - 109/120   6372.2 ms
block 38/40 - 112/120   6363.4 ms
block 39/40 - 115/120   6360.3 ms
block 40/40 - 118/120   6397.9 ms
[28/128] elapsed=11.2m  avg=24.0s/prompt  eta=40.0m
block 1/40 - 1/120   4012.8 ms
block 2/40 - 4/120   4073.3 ms
block 3/40 - 7/120   6212.7 ms
block 4/40 - 10/120   6457.4 ms
block 5/40 - 13/120   6320.4 ms
block 6/40 - 16/120   6375.6 ms
block 7/40 - 19/120   6301.8 ms
block 8/40 - 22/120   6431.6 ms
block 9/40 - 25/120   6392.8 ms
block 10/40 - 28/120   6405.5 ms
block 11/40 - 31/120   6401.7 ms
block 12/40 - 34/120   6356.3 ms
block 13/40 - 37/120   6395.9 ms
block 14/40 - 40/120   6344.1 ms
block 15/40 - 43/120   6385.5 ms
block 16/40 - 46/120   6388.7 ms
block 17/40 - 49/120   6354.3 ms
block 18/40 - 52/120   6366.2 ms
block 19/40 - 55/120   6343.1 ms
block 20/40 - 58/120   6401.0 ms
block 21/40 - 61/120   6435.7 ms
block 22/40 - 64/120   6388.8 ms
block 23/40 - 67/120   6485.8 ms
block 24/40 - 70/120   6411.3 ms
block 25/40 - 73/120   6411.7 ms
block 26/40 - 76/120   6330.6 ms
block 27/40 - 79/120   6343.7 ms
block 28/40 - 82/120   6329.0 ms
block 29/40 - 85/120   6243.3 ms
block 30/40 - 88/120   6332.6 ms
block 31/40 - 91/120   6375.4 ms
block 32/40 - 94/120   6395.2 ms
block 33/40 - 97/120   6388.6 ms
block 34/40 - 100/120   6422.7 ms
block 35/40 - 103/120   6399.9 ms
block 36/40 - 106/120   6347.4 ms
block 37/40 - 109/120   6358.0 ms
block 38/40 - 112/120   6323.7 ms
block 39/40 - 115/120   6366.9 ms
block 40/40 - 118/120   6436.8 ms
[44/128] elapsed=15.4m  avg=21.0s/prompt  eta=29.4m
block 1/40 - 1/120   4914.0 ms
block 2/40 - 4/120   2862.0 ms
block 3/40 - 7/120   5862.6 ms
block 4/40 - 10/120   6311.4 ms
block 5/40 - 13/120   6379.1 ms
block 6/40 - 16/120   6354.3 ms
block 7/40 - 19/120   6356.8 ms
block 8/40 - 22/120   6423.5 ms
block 9/40 - 25/120   6426.2 ms
block 10/40 - 28/120   6438.6 ms
block 11/40 - 31/120   6380.9 ms
block 12/40 - 34/120   6366.9 ms
block 13/40 - 37/120   6398.5 ms
block 14/40 - 40/120   6418.1 ms
block 15/40 - 43/120   6196.0 ms
block 16/40 - 46/120   6326.0 ms
block 17/40 - 49/120   6438.5 ms
block 18/40 - 52/120   6397.9 ms
block 19/40 - 55/120   6429.1 ms
block 20/40 - 58/120   6321.9 ms
block 21/40 - 61/120   6381.8 ms
block 22/40 - 64/120   6433.5 ms
block 23/40 - 67/120   6389.0 ms
block 24/40 - 70/120   6427.0 ms
block 25/40 - 73/120   6380.3 ms
block 26/40 - 76/120   6344.1 ms
block 27/40 - 79/120   6403.7 ms
block 28/40 - 82/120   6390.0 ms
block 29/40 - 85/120   6148.7 ms
block 30/40 - 88/120   6396.2 ms
block 31/40 - 91/120   6494.3 ms
block 32/40 - 94/120   6287.6 ms
block 33/40 - 97/120   6290.5 ms
block 34/40 - 100/120   6363.7 ms
block 35/40 - 103/120   6313.3 ms
block 36/40 - 106/120   6454.4 ms
block 37/40 - 109/120   6418.1 ms
block 38/40 - 112/120   6329.7 ms
block 39/40 - 115/120   6291.2 ms
block 40/40 - 118/120   6489.7 ms
[60/128] elapsed=19.6m  avg=19.6s/prompt  eta=22.2m
block 1/40 - 1/120   6033.5 ms
block 2/40 - 4/120   2987.1 ms
block 3/40 - 7/120   5517.9 ms
block 4/40 - 10/120   6191.7 ms
block 5/40 - 13/120   6393.9 ms
block 6/40 - 16/120   6444.9 ms
block 7/40 - 19/120   6398.3 ms
block 8/40 - 22/120   6375.3 ms
block 9/40 - 25/120   6268.6 ms
block 10/40 - 28/120   6394.2 ms
block 11/40 - 31/120   6393.0 ms
block 12/40 - 34/120   6429.3 ms
block 13/40 - 37/120   6409.7 ms
block 14/40 - 40/120   6265.9 ms
block 15/40 - 43/120   6315.6 ms
block 16/40 - 46/120   6413.1 ms
block 17/40 - 49/120   6423.7 ms
block 18/40 - 52/120   6291.1 ms
block 19/40 - 55/120   6366.2 ms
block 20/40 - 58/120   6383.9 ms
block 21/40 - 61/120   6381.7 ms
block 22/40 - 64/120   6416.5 ms
block 23/40 - 67/120   6309.6 ms
block 24/40 - 70/120   6384.6 ms
block 25/40 - 73/120   6387.5 ms
block 26/40 - 76/120   6323.2 ms
block 27/40 - 79/120   6332.9 ms
block 28/40 - 82/120   6373.4 ms
block 29/40 - 85/120   6323.4 ms
block 30/40 - 88/120   6427.7 ms
block 31/40 - 91/120   6372.4 ms
block 32/40 - 94/120   6289.8 ms
block 33/40 - 97/120   6425.2 ms
block 34/40 - 100/120   6412.4 ms
block 35/40 - 103/120   6388.8 ms
block 36/40 - 106/120   6460.2 ms
block 37/40 - 109/120   6358.5 ms
block 38/40 - 112/120   6437.5 ms
block 39/40 - 115/120   6398.7 ms
block 40/40 - 118/120   6386.7 ms
[76/128] elapsed=23.8m  avg=18.8s/prompt  eta=16.3m
block 1/40 - 1/120   7061.9 ms
block 2/40 - 4/120   3010.0 ms
block 3/40 - 7/120   4856.2 ms
block 4/40 - 10/120   6183.6 ms
block 5/40 - 13/120   6277.9 ms
block 6/40 - 16/120   6069.3 ms
block 7/40 - 19/120   5935.2 ms
block 8/40 - 22/120   6344.2 ms
block 9/40 - 25/120   6229.9 ms
block 10/40 - 28/120   6350.0 ms
block 11/40 - 31/120   6398.1 ms
block 12/40 - 34/120   6424.0 ms
block 13/40 - 37/120   6413.7 ms
block 14/40 - 40/120   6370.4 ms
block 15/40 - 43/120   6333.9 ms
block 16/40 - 46/120   6406.7 ms
block 17/40 - 49/120   6305.7 ms
block 18/40 - 52/120   6417.5 ms
block 19/40 - 55/120   6391.3 ms
block 20/40 - 58/120   6387.7 ms
block 21/40 - 61/120   6366.3 ms
block 22/40 - 64/120   6426.2 ms
block 23/40 - 67/120   6418.5 ms
block 24/40 - 70/120   6368.6 ms
block 25/40 - 73/120   6390.4 ms
block 26/40 - 76/120   6252.8 ms
block 27/40 - 79/120   6405.5 ms
block 28/40 - 82/120   6439.9 ms
block 29/40 - 85/120   6412.1 ms
block 30/40 - 88/120   6480.6 ms
block 31/40 - 91/120   6383.4 ms
block 32/40 - 94/120   6353.1 ms
block 33/40 - 97/120   6426.3 ms
block 34/40 - 100/120   6392.4 ms
block 35/40 - 103/120   6391.1 ms
block 36/40 - 106/120   6355.6 ms
block 37/40 - 109/120   6396.7 ms
block 38/40 - 112/120   6303.4 ms
block 39/40 - 115/120   6369.3 ms
block 40/40 - 118/120   6331.3 ms
[92/128] elapsed=27.9m  avg=18.2s/prompt  eta=10.9m
block 1/40 - 1/120   6886.6 ms
block 2/40 - 4/120   4572.4 ms
block 3/40 - 7/120   3481.3 ms
block 4/40 - 10/120   5706.4 ms
block 5/40 - 13/120   6213.1 ms
block 6/40 - 16/120   6146.1 ms
block 7/40 - 19/120   6233.0 ms
block 8/40 - 22/120   6224.9 ms
block 9/40 - 25/120   6395.3 ms
block 10/40 - 28/120   6381.2 ms
block 11/40 - 31/120   6398.5 ms
block 12/40 - 34/120   6417.3 ms
block 13/40 - 37/120   6372.8 ms
block 14/40 - 40/120   6395.6 ms
block 15/40 - 43/120   6367.7 ms
block 16/40 - 46/120   6434.0 ms
block 17/40 - 49/120   6377.8 ms
block 18/40 - 52/120   6424.7 ms
block 19/40 - 55/120   6401.1 ms
block 20/40 - 58/120   6419.3 ms
block 21/40 - 61/120   6399.7 ms
block 22/40 - 64/120   6397.1 ms
block 23/40 - 67/120   6327.1 ms
block 24/40 - 70/120   6428.4 ms
block 25/40 - 73/120   6403.7 ms
block 26/40 - 76/120   6373.5 ms
block 27/40 - 79/120   6104.0 ms
block 28/40 - 82/120   6357.1 ms
block 29/40 - 85/120   6226.6 ms
block 30/40 - 88/120   6291.1 ms
block 31/40 - 91/120   6413.6 ms
block 32/40 - 94/120   6345.0 ms
block 33/40 - 97/120   6401.8 ms
block 34/40 - 100/120   6362.6 ms
block 35/40 - 103/120   6389.2 ms
block 36/40 - 106/120   6465.5 ms
block 37/40 - 109/120   6376.7 ms
block 38/40 - 112/120   6415.9 ms
block 39/40 - 115/120   6361.8 ms
block 40/40 - 118/120   6412.5 ms
[108/128] elapsed=32.1m  avg=17.8s/prompt  eta=5.9m
block 1/40 - 1/120   7916.5 ms
block 2/40 - 4/120   5221.9 ms
block 3/40 - 7/120   3367.6 ms
block 4/40 - 10/120   5735.6 ms
block 5/40 - 13/120   6263.2 ms
block 6/40 - 16/120   6383.7 ms
block 7/40 - 19/120   6323.4 ms
block 8/40 - 22/120   6421.4 ms
block 9/40 - 25/120   6423.9 ms
block 10/40 - 28/120   6409.4 ms
block 11/40 - 31/120   6253.4 ms
block 12/40 - 34/120   6395.2 ms
block 13/40 - 37/120   6331.9 ms
block 14/40 - 40/120   6419.0 ms
block 15/40 - 43/120   6246.7 ms
block 16/40 - 46/120   6359.8 ms
block 17/40 - 49/120   6369.4 ms
block 18/40 - 52/120   6295.2 ms
block 19/40 - 55/120   6295.4 ms
block 20/40 - 58/120   6434.1 ms
block 21/40 - 61/120   6407.4 ms
block 22/40 - 64/120   6377.0 ms
block 23/40 - 67/120   6039.5 ms
block 24/40 - 70/120   5746.3 ms
block 25/40 - 73/120   6090.6 ms
block 26/40 - 76/120   6173.0 ms
block 27/40 - 79/120   6257.1 ms
block 28/40 - 82/120   6313.5 ms
block 29/40 - 85/120   6362.5 ms
block 30/40 - 88/120   6263.0 ms
block 31/40 - 91/120   6452.2 ms
block 32/40 - 94/120   6390.7 ms
block 33/40 - 97/120   6432.6 ms
block 34/40 - 100/120   6397.7 ms
block 35/40 - 103/120   6498.1 ms
block 36/40 - 106/120   6616.2 ms
block 37/40 - 109/120   6390.7 ms
block 38/40 - 112/120   6163.4 ms
block 39/40 - 115/120   6546.0 ms
block 40/40 - 118/120   6257.3 ms
[124/128] elapsed=36.3m  avg=17.6s/prompt  eta=1.2m
