Running on a single GPU (cuda); skipping NCCL initialization.
Free VRAM 94.67047119140625 GB
Loading CUDA extension (first run compiles ~60s; cached run ~3s)...
CUDA extension ready in 140.1s.
[CacheCompatibilityPolicy] recent=20:360 coverage=21:0 episode=22:0 budget=9FFE owner=HeadComposition
KV inference with 3 frames per block
Number of prompts: 128
Prompt index range: [0, 128)
Loading PyramidKV config from /apdcephfs_gy2/share_303214315/cedricnie/develop/training-free/runs/v180_rccp_fresh128/inputs/maps/all_recent.csv
block 1/40 - 1/120  171179.1 ms
block 2/40 - 4/120   5411.2 ms
block 3/40 - 7/120   6261.5 ms
block 4/40 - 10/120   6298.4 ms
block 5/40 - 13/120   6334.5 ms
block 6/40 - 16/120   6330.4 ms
block 7/40 - 19/120   6322.1 ms
block 8/40 - 22/120   6216.8 ms
block 9/40 - 25/120   6293.7 ms
block 10/40 - 28/120   6348.7 ms
block 11/40 - 31/120   6340.1 ms
block 12/40 - 34/120   6352.9 ms
block 13/40 - 37/120   6477.7 ms
block 14/40 - 40/120   6672.3 ms
block 15/40 - 43/120   6357.6 ms
block 16/40 - 46/120   6232.7 ms
block 17/40 - 49/120   6045.7 ms
block 18/40 - 52/120   6231.2 ms
block 19/40 - 55/120   6121.6 ms
block 20/40 - 58/120   6163.2 ms
block 21/40 - 61/120   6378.6 ms
block 22/40 - 64/120   6278.4 ms
block 23/40 - 67/120   6333.1 ms
block 24/40 - 70/120   6283.4 ms
block 25/40 - 73/120   6298.6 ms
block 26/40 - 76/120   6197.2 ms
block 27/40 - 79/120   6320.4 ms
block 28/40 - 82/120   6288.9 ms
block 29/40 - 85/120   6288.0 ms
block 30/40 - 88/120   6149.4 ms
block 31/40 - 91/120   6283.0 ms
block 32/40 - 94/120   6172.7 ms
block 33/40 - 97/120   6218.0 ms
block 34/40 - 100/120   6305.8 ms
block 35/40 - 103/120   6296.1 ms
block 36/40 - 106/120   6282.9 ms
block 37/40 - 109/120   6221.6 ms
block 38/40 - 112/120   6418.5 ms
block 39/40 - 115/120   6328.3 ms
block 40/40 - 118/120   6386.0 ms
/apdcephfs_gy2/share_303214315/cedricnie/miniconda3/envs/longlive/lib/python3.10/site-packages/torchvision/io/_video_deprecation_warning.py:9: UserWarning: The video decoding and encoding capabilities of torchvision are deprecated from version 0.22 and will be removed in version 0.24. We recommend that you migrate to TorchCodec, where we'll consolidate the future decoding/encoding capabilities of PyTorch: https://github.com/pytorch/torchcodec
  warnings.warn(
[16/128] elapsed=6.9m  avg=26.1s/prompt  eta=48.6m
block 1/40 - 1/120   3176.3 ms
block 2/40 - 4/120   5092.1 ms
block 3/40 - 7/120   6235.8 ms
block 4/40 - 10/120   6314.1 ms
block 5/40 - 13/120   6356.8 ms
block 6/40 - 16/120   6427.3 ms
block 7/40 - 19/120   6346.8 ms
block 8/40 - 22/120   6295.1 ms
block 9/40 - 25/120   6272.8 ms
block 10/40 - 28/120   6277.8 ms
block 11/40 - 31/120   6247.2 ms
block 12/40 - 34/120   6335.0 ms
block 13/40 - 37/120   6352.2 ms
block 14/40 - 40/120   6347.4 ms
block 15/40 - 43/120   6341.8 ms
block 16/40 - 46/120   6472.4 ms
block 17/40 - 49/120   6341.3 ms
block 18/40 - 52/120   6356.8 ms
block 19/40 - 55/120   6389.0 ms
block 20/40 - 58/120   6397.9 ms
block 21/40 - 61/120   6811.5 ms
block 22/40 - 64/120   6445.0 ms
block 23/40 - 67/120   6027.4 ms
block 24/40 - 70/120   6350.9 ms
block 25/40 - 73/120   6529.3 ms
block 26/40 - 76/120   6271.7 ms
block 27/40 - 79/120   6332.5 ms
block 28/40 - 82/120   6337.5 ms
block 29/40 - 85/120   6339.1 ms
block 30/40 - 88/120   6344.7 ms
block 31/40 - 91/120   6356.0 ms
block 32/40 - 94/120   6341.9 ms
block 33/40 - 97/120   6202.8 ms
block 34/40 - 100/120   6245.2 ms
block 35/40 - 103/120   6332.5 ms
block 36/40 - 106/120   6238.1 ms
block 37/40 - 109/120   6318.9 ms
block 38/40 - 112/120   6368.7 ms
block 39/40 - 115/120   6347.1 ms
block 40/40 - 118/120   5795.5 ms
[32/128] elapsed=11.1m  avg=20.8s/prompt  eta=33.3m
block 1/40 - 1/120   4871.9 ms
block 2/40 - 4/120   5914.5 ms
block 3/40 - 7/120   6378.1 ms
block 4/40 - 10/120   6295.2 ms
block 5/40 - 13/120   6165.1 ms
block 6/40 - 16/120   6201.4 ms
block 7/40 - 19/120   6191.2 ms
block 8/40 - 22/120   6196.4 ms
block 9/40 - 25/120   6298.7 ms
block 10/40 - 28/120   6231.4 ms
block 11/40 - 31/120   6315.6 ms
block 12/40 - 34/120   6212.5 ms
block 13/40 - 37/120   6282.5 ms
block 14/40 - 40/120   6370.5 ms
block 15/40 - 43/120   6339.8 ms
block 16/40 - 46/120   6357.4 ms
block 17/40 - 49/120   6270.6 ms
block 18/40 - 52/120   6319.9 ms
block 19/40 - 55/120   6271.8 ms
block 20/40 - 58/120   6381.7 ms
block 21/40 - 61/120   6359.3 ms
block 22/40 - 64/120   6130.2 ms
block 23/40 - 67/120   6235.8 ms
block 24/40 - 70/120   6206.2 ms
block 25/40 - 73/120   6380.7 ms
block 26/40 - 76/120   6289.5 ms
block 27/40 - 79/120   6312.3 ms
block 28/40 - 82/120   6390.6 ms
block 29/40 - 85/120   6392.7 ms
block 30/40 - 88/120   6292.3 ms
block 31/40 - 91/120   6348.8 ms
block 32/40 - 94/120   6327.3 ms
block 33/40 - 97/120   6043.1 ms
block 34/40 - 100/120   6193.7 ms
block 35/40 - 103/120   6257.5 ms
block 36/40 - 106/120   6417.1 ms
block 37/40 - 109/120   6390.5 ms
block 38/40 - 112/120   6267.7 ms
block 39/40 - 115/120   6344.5 ms
block 40/40 - 118/120   4349.9 ms
[48/128] elapsed=15.3m  avg=19.1s/prompt  eta=25.4m
block 1/40 - 1/120   4333.2 ms
block 2/40 - 4/120   5835.6 ms
block 3/40 - 7/120   6195.7 ms
block 4/40 - 10/120   6311.7 ms
block 5/40 - 13/120   6306.9 ms
block 6/40 - 16/120   6311.3 ms
block 7/40 - 19/120   6286.7 ms
block 8/40 - 22/120   6134.6 ms
block 9/40 - 25/120   6285.9 ms
block 10/40 - 28/120   6301.6 ms
block 11/40 - 31/120   6172.9 ms
block 12/40 - 34/120   6263.5 ms
block 13/40 - 37/120   6323.9 ms
block 14/40 - 40/120   6162.2 ms
block 15/40 - 43/120   6316.8 ms
block 16/40 - 46/120   6359.8 ms
block 17/40 - 49/120   6323.6 ms
block 18/40 - 52/120   6311.9 ms
block 19/40 - 55/120   6346.5 ms
block 20/40 - 58/120   6279.9 ms
block 21/40 - 61/120   6291.4 ms
block 22/40 - 64/120   6246.2 ms
block 23/40 - 67/120   6318.7 ms
block 24/40 - 70/120   6305.9 ms
block 25/40 - 73/120   6334.7 ms
block 26/40 - 76/120   6288.5 ms
block 27/40 - 79/120   6157.0 ms
block 28/40 - 82/120   6229.5 ms
block 29/40 - 85/120   6372.6 ms
block 30/40 - 88/120   6292.1 ms
block 31/40 - 91/120   6369.8 ms
block 32/40 - 94/120   6183.1 ms
block 33/40 - 97/120   6391.4 ms
block 34/40 - 100/120   6372.7 ms
block 35/40 - 103/120   6368.2 ms
block 36/40 - 106/120   6346.8 ms
block 37/40 - 109/120   6293.0 ms
block 38/40 - 112/120   6290.1 ms
block 39/40 - 115/120   6300.0 ms
block 40/40 - 118/120   4794.9 ms
[64/128] elapsed=19.4m  avg=18.2s/prompt  eta=19.4m
block 1/40 - 1/120   5176.8 ms
block 2/40 - 4/120   5947.6 ms
block 3/40 - 7/120   6331.5 ms
block 4/40 - 10/120   6295.9 ms
block 5/40 - 13/120   6271.4 ms
block 6/40 - 16/120   6323.6 ms
block 7/40 - 19/120   6475.4 ms
block 8/40 - 22/120   6619.2 ms
block 9/40 - 25/120   6390.3 ms
block 10/40 - 28/120   5905.0 ms
block 11/40 - 31/120   6402.1 ms
block 12/40 - 34/120   6892.5 ms
block 13/40 - 37/120   6191.1 ms
block 14/40 - 40/120   6376.8 ms
block 15/40 - 43/120   6343.0 ms
block 16/40 - 46/120   6315.5 ms
block 17/40 - 49/120   6428.1 ms
block 18/40 - 52/120   6320.6 ms
block 19/40 - 55/120   6359.4 ms
block 20/40 - 58/120   6279.8 ms
block 21/40 - 61/120   6425.1 ms
block 22/40 - 64/120   6281.5 ms
block 23/40 - 67/120   6230.8 ms
block 24/40 - 70/120   6133.4 ms
block 25/40 - 73/120   6363.0 ms
block 26/40 - 76/120   6379.6 ms
block 27/40 - 79/120   6342.1 ms
block 28/40 - 82/120   6205.5 ms
block 29/40 - 85/120   6331.1 ms
block 30/40 - 88/120   6314.2 ms
block 31/40 - 91/120   6403.7 ms
block 32/40 - 94/120   6093.1 ms
block 33/40 - 97/120   6362.5 ms
block 34/40 - 100/120   6277.4 ms
block 35/40 - 103/120   6283.9 ms
block 36/40 - 106/120   6269.8 ms
block 37/40 - 109/120   6312.2 ms
block 38/40 - 112/120   6341.3 ms
block 39/40 - 115/120   5663.5 ms
block 40/40 - 118/120   3333.6 ms
[80/128] elapsed=23.5m  avg=17.7s/prompt  eta=14.1m
block 1/40 - 1/120   7073.3 ms
block 2/40 - 4/120   6001.1 ms
block 3/40 - 7/120   6332.2 ms
block 4/40 - 10/120   6358.3 ms
block 5/40 - 13/120   6303.2 ms
block 6/40 - 16/120   6328.6 ms
block 7/40 - 19/120   6205.6 ms
block 8/40 - 22/120   6344.1 ms
block 9/40 - 25/120   6366.7 ms
block 10/40 - 28/120   5865.2 ms
block 11/40 - 31/120   6343.5 ms
block 12/40 - 34/120   6318.7 ms
block 13/40 - 37/120   6359.1 ms
block 14/40 - 40/120   6337.7 ms
block 15/40 - 43/120   6281.0 ms
block 16/40 - 46/120   6334.5 ms
block 17/40 - 49/120   6335.6 ms
block 18/40 - 52/120   6259.5 ms
block 19/40 - 55/120   6333.3 ms
block 20/40 - 58/120   6349.8 ms
block 21/40 - 61/120   6416.6 ms
block 22/40 - 64/120   6375.4 ms
block 23/40 - 67/120   6345.1 ms
block 24/40 - 70/120   6338.5 ms
block 25/40 - 73/120   6257.9 ms
block 26/40 - 76/120   6227.1 ms
block 27/40 - 79/120   6251.5 ms
block 28/40 - 82/120   6194.7 ms
block 29/40 - 85/120   6271.1 ms
block 30/40 - 88/120   6225.3 ms
block 31/40 - 91/120   6328.9 ms
block 32/40 - 94/120   6313.8 ms
block 33/40 - 97/120   6275.0 ms
block 34/40 - 100/120   6335.0 ms
block 35/40 - 103/120   6231.6 ms
block 36/40 - 106/120   6348.2 ms
block 37/40 - 109/120   6344.0 ms
block 38/40 - 112/120   6319.1 ms
block 39/40 - 115/120   4560.4 ms
block 40/40 - 118/120   3576.5 ms
[96/128] elapsed=27.7m  avg=17.3s/prompt  eta=9.2m
block 1/40 - 1/120   7042.8 ms
block 2/40 - 4/120   5940.3 ms
block 3/40 - 7/120   6331.4 ms
block 4/40 - 10/120   6316.9 ms
block 5/40 - 13/120   6352.6 ms
block 6/40 - 16/120   6400.4 ms
block 7/40 - 19/120   6639.7 ms
block 8/40 - 22/120   6493.0 ms
block 9/40 - 25/120   6571.4 ms
block 10/40 - 28/120   6306.8 ms
block 11/40 - 31/120   6157.5 ms
block 12/40 - 34/120   6291.8 ms
block 13/40 - 37/120   6576.0 ms
block 14/40 - 40/120   6329.7 ms
block 15/40 - 43/120   6275.2 ms
block 16/40 - 46/120   6269.2 ms
block 17/40 - 49/120   6346.8 ms
block 18/40 - 52/120   6321.2 ms
block 19/40 - 55/120   6354.8 ms
block 20/40 - 58/120   6300.5 ms
block 21/40 - 61/120   6297.5 ms
block 22/40 - 64/120   6339.6 ms
block 23/40 - 67/120   6302.8 ms
block 24/40 - 70/120   6313.4 ms
block 25/40 - 73/120   6304.7 ms
block 26/40 - 76/120   6348.8 ms
block 27/40 - 79/120   6409.5 ms
block 28/40 - 82/120   6369.2 ms
block 29/40 - 85/120   6427.9 ms
block 30/40 - 88/120   6330.8 ms
block 31/40 - 91/120   6335.0 ms
block 32/40 - 94/120   6342.7 ms
block 33/40 - 97/120   6329.1 ms
block 34/40 - 100/120   6081.8 ms
block 35/40 - 103/120   6159.4 ms
block 36/40 - 106/120   6297.1 ms
block 37/40 - 109/120   6293.3 ms
block 38/40 - 112/120   5693.2 ms
block 39/40 - 115/120   3341.6 ms
block 40/40 - 118/120   5537.4 ms
[112/128] elapsed=31.9m  avg=17.1s/prompt  eta=4.6m
block 1/40 - 1/120   7357.1 ms
block 2/40 - 4/120   5816.8 ms
block 3/40 - 7/120   6366.5 ms
block 4/40 - 10/120   6342.1 ms
block 5/40 - 13/120   6369.0 ms
block 6/40 - 16/120   6319.7 ms
block 7/40 - 19/120   6296.7 ms
block 8/40 - 22/120   6307.7 ms
block 9/40 - 25/120   6357.5 ms
block 10/40 - 28/120   6364.4 ms
block 11/40 - 31/120   6339.8 ms
block 12/40 - 34/120   6118.0 ms
block 13/40 - 37/120   6257.6 ms
block 14/40 - 40/120   6311.0 ms
block 15/40 - 43/120   6298.1 ms
block 16/40 - 46/120   6369.6 ms
block 17/40 - 49/120   6355.0 ms
block 18/40 - 52/120   6241.8 ms
block 19/40 - 55/120   6417.3 ms
block 20/40 - 58/120   6278.5 ms
block 21/40 - 61/120   6254.0 ms
block 22/40 - 64/120   6346.7 ms
block 23/40 - 67/120   6278.0 ms
block 24/40 - 70/120   6290.2 ms
block 25/40 - 73/120   6328.7 ms
block 26/40 - 76/120   6163.1 ms
block 27/40 - 79/120   6141.1 ms
block 28/40 - 82/120   6340.2 ms
block 29/40 - 85/120   6346.7 ms
block 30/40 - 88/120   6410.6 ms
block 31/40 - 91/120   6599.7 ms
block 32/40 - 94/120   6358.9 ms
block 33/40 - 97/120   6434.4 ms
block 34/40 - 100/120   6262.5 ms
block 35/40 - 103/120   6255.8 ms
block 36/40 - 106/120   6319.5 ms
block 37/40 - 109/120   6333.5 ms
block 38/40 - 112/120   3448.5 ms
block 39/40 - 115/120   2484.7 ms
block 40/40 - 118/120   2454.3 ms
[128/128] elapsed=35.9m  avg=16.8s/prompt  eta=0.0m
