Running on a single GPU (cuda); skipping NCCL initialization.
Free VRAM 94.3734130859375 GB
Loading CUDA extension (first run compiles ~60s; cached run ~3s)...
CUDA extension ready in 139.8s.
[CacheCompatibilityPolicy] recent=20:360 coverage=21:0 episode=22:0 budget=9FFE owner=HeadComposition
KV inference with 3 frames per block
Number of prompts: 128
Prompt index range: [0, 128)
Loading PyramidKV config from /apdcephfs_gy2/share_303214315/cedricnie/develop/training-free/runs/v180_rccp_fresh128/inputs/maps/all_recent.csv
block 1/40 - 1/120  171685.8 ms
block 2/40 - 4/120   5698.6 ms
block 3/40 - 7/120   6305.9 ms
block 4/40 - 10/120   6296.1 ms
block 5/40 - 13/120   6303.3 ms
block 6/40 - 16/120   6297.2 ms
block 7/40 - 19/120   6286.4 ms
block 8/40 - 22/120   6414.9 ms
block 9/40 - 25/120   6290.5 ms
block 10/40 - 28/120   6228.7 ms
block 11/40 - 31/120   6239.9 ms
block 12/40 - 34/120   6065.9 ms
block 13/40 - 37/120   6105.3 ms
block 14/40 - 40/120   5953.4 ms
block 15/40 - 43/120   6288.4 ms
block 16/40 - 46/120   6310.7 ms
block 17/40 - 49/120   6593.1 ms
block 18/40 - 52/120   6419.9 ms
block 19/40 - 55/120   6579.9 ms
block 20/40 - 58/120   6462.9 ms
block 21/40 - 61/120   6187.5 ms
block 22/40 - 64/120   6326.2 ms
block 23/40 - 67/120   6067.4 ms
block 24/40 - 70/120   6300.2 ms
block 25/40 - 73/120   6274.8 ms
block 26/40 - 76/120   6549.7 ms
block 27/40 - 79/120   6401.3 ms
block 28/40 - 82/120   6253.6 ms
block 29/40 - 85/120   6274.4 ms
block 30/40 - 88/120   6410.0 ms
block 31/40 - 91/120   6300.0 ms
block 32/40 - 94/120   6377.8 ms
block 33/40 - 97/120   6295.4 ms
block 34/40 - 100/120   6313.0 ms
block 35/40 - 103/120   6301.6 ms
block 36/40 - 106/120   6333.6 ms
block 37/40 - 109/120   6329.9 ms
block 38/40 - 112/120   6167.7 ms
block 39/40 - 115/120   6279.5 ms
block 40/40 - 118/120   5907.9 ms
[8/128] elapsed=7.0m  avg=52.2s/prompt  eta=104.5m
/apdcephfs_gy2/share_303214315/cedricnie/miniconda3/envs/longlive/lib/python3.10/site-packages/torchvision/io/_video_deprecation_warning.py:9: UserWarning: The video decoding and encoding capabilities of torchvision are deprecated from version 0.22 and will be removed in version 0.24. We recommend that you migrate to TorchCodec, where we'll consolidate the future decoding/encoding capabilities of PyTorch: https://github.com/pytorch/torchcodec
  warnings.warn(
block 1/40 - 1/120   3866.5 ms
block 2/40 - 4/120   5738.2 ms
block 3/40 - 7/120   6270.9 ms
block 4/40 - 10/120   6205.5 ms
block 5/40 - 13/120   6247.9 ms
block 6/40 - 16/120   6150.2 ms
block 7/40 - 19/120   6320.7 ms
block 8/40 - 22/120   6294.7 ms
block 9/40 - 25/120   6293.3 ms
block 10/40 - 28/120   6277.8 ms
block 11/40 - 31/120   6314.0 ms
block 12/40 - 34/120   6183.4 ms
block 13/40 - 37/120   6178.7 ms
block 14/40 - 40/120   6235.8 ms
block 15/40 - 43/120   6222.3 ms
block 16/40 - 46/120   6123.2 ms
block 17/40 - 49/120   6275.7 ms
block 18/40 - 52/120   6150.1 ms
block 19/40 - 55/120   6114.6 ms
block 20/40 - 58/120   6213.1 ms
block 21/40 - 61/120   5912.4 ms
block 22/40 - 64/120   6260.5 ms
block 23/40 - 67/120   6343.5 ms
block 24/40 - 70/120   6270.4 ms
block 25/40 - 73/120   6192.2 ms
block 26/40 - 76/120   6339.8 ms
block 27/40 - 79/120   6266.2 ms
block 28/40 - 82/120   6234.0 ms
block 29/40 - 85/120   6224.5 ms
block 30/40 - 88/120   6266.4 ms
block 31/40 - 91/120   6248.3 ms
block 32/40 - 94/120   6269.2 ms
block 33/40 - 97/120   6343.2 ms
block 34/40 - 100/120   6293.1 ms
block 35/40 - 103/120   6258.6 ms
block 36/40 - 106/120   6329.1 ms
block 37/40 - 109/120   6284.6 ms
block 38/40 - 112/120   6169.5 ms
block 39/40 - 115/120   6241.3 ms
block 40/40 - 118/120   6215.4 ms
[24/128] elapsed=11.1m  avg=27.7s/prompt  eta=48.1m
block 1/40 - 1/120   3156.8 ms
block 2/40 - 4/120   4279.9 ms
block 3/40 - 7/120   5994.5 ms
block 4/40 - 10/120   6216.5 ms
block 5/40 - 13/120   6329.7 ms
block 6/40 - 16/120   6407.0 ms
block 7/40 - 19/120   6350.3 ms
block 8/40 - 22/120   6377.8 ms
block 9/40 - 25/120   6308.2 ms
block 10/40 - 28/120   6293.8 ms
block 11/40 - 31/120   6311.3 ms
block 12/40 - 34/120   6332.0 ms
block 13/40 - 37/120   6307.0 ms
block 14/40 - 40/120   6259.3 ms
block 15/40 - 43/120   6287.4 ms
block 16/40 - 46/120   6268.6 ms
block 17/40 - 49/120   6258.6 ms
block 18/40 - 52/120   6309.3 ms
block 19/40 - 55/120   6276.8 ms
block 20/40 - 58/120   6289.1 ms
block 21/40 - 61/120   6199.7 ms
block 22/40 - 64/120   6229.8 ms
block 23/40 - 67/120   6423.9 ms
block 24/40 - 70/120   6289.7 ms
block 25/40 - 73/120   6367.4 ms
block 26/40 - 76/120   6278.3 ms
block 27/40 - 79/120   6279.7 ms
block 28/40 - 82/120   6235.5 ms
block 29/40 - 85/120   6231.4 ms
block 30/40 - 88/120   6160.7 ms
block 31/40 - 91/120   6294.3 ms
block 32/40 - 94/120   6226.7 ms
block 33/40 - 97/120   6292.8 ms
block 34/40 - 100/120   6517.4 ms
block 35/40 - 103/120   6341.3 ms
block 36/40 - 106/120   6326.5 ms
block 37/40 - 109/120   6165.7 ms
block 38/40 - 112/120   6184.9 ms
block 39/40 - 115/120   6254.3 ms
block 40/40 - 118/120   6245.1 ms
[40/128] elapsed=15.2m  avg=22.8s/prompt  eta=33.5m
block 1/40 - 1/120   5157.0 ms
block 2/40 - 4/120   4527.2 ms
block 3/40 - 7/120   6112.4 ms
block 4/40 - 10/120   6319.0 ms
block 5/40 - 13/120   6298.9 ms
block 6/40 - 16/120   6196.9 ms
block 7/40 - 19/120   6211.0 ms
block 8/40 - 22/120   6405.5 ms
block 9/40 - 25/120   6323.2 ms
block 10/40 - 28/120   6285.2 ms
block 11/40 - 31/120   6333.7 ms
block 12/40 - 34/120   6326.6 ms
block 13/40 - 37/120   6319.2 ms
block 14/40 - 40/120   6164.1 ms
block 15/40 - 43/120   6375.7 ms
block 16/40 - 46/120   6253.7 ms
block 17/40 - 49/120   6249.8 ms
block 18/40 - 52/120   6254.5 ms
block 19/40 - 55/120   6264.5 ms
block 20/40 - 58/120   6291.0 ms
block 21/40 - 61/120   6267.6 ms
block 22/40 - 64/120   6303.5 ms
block 23/40 - 67/120   6336.7 ms
block 24/40 - 70/120   6298.2 ms
block 25/40 - 73/120   6271.8 ms
block 26/40 - 76/120   6274.0 ms
block 27/40 - 79/120   6311.6 ms
block 28/40 - 82/120   6383.8 ms
block 29/40 - 85/120   6187.8 ms
block 30/40 - 88/120   6269.5 ms
block 31/40 - 91/120   6212.1 ms
block 32/40 - 94/120   6326.4 ms
block 33/40 - 97/120   6293.5 ms
block 34/40 - 100/120   6177.4 ms
block 35/40 - 103/120   6238.8 ms
block 36/40 - 106/120   6128.4 ms
block 37/40 - 109/120   6242.2 ms
block 38/40 - 112/120   6326.0 ms
block 39/40 - 115/120   6224.1 ms
block 40/40 - 118/120   6374.9 ms
[56/128] elapsed=19.4m  avg=20.7s/prompt  eta=24.9m
block 1/40 - 1/120   4206.5 ms
block 2/40 - 4/120   3888.2 ms
block 3/40 - 7/120   6070.6 ms
block 4/40 - 10/120   6300.8 ms
block 5/40 - 13/120   6294.8 ms
block 6/40 - 16/120   6306.9 ms
block 7/40 - 19/120   6254.1 ms
block 8/40 - 22/120   5875.2 ms
block 9/40 - 25/120   5987.1 ms
block 10/40 - 28/120   6220.1 ms
block 11/40 - 31/120   6643.7 ms
block 12/40 - 34/120   6226.9 ms
block 13/40 - 37/120   5981.0 ms
block 14/40 - 40/120   6323.4 ms
block 15/40 - 43/120   6280.0 ms
block 16/40 - 46/120   6242.9 ms
block 17/40 - 49/120   6250.9 ms
block 18/40 - 52/120   6092.9 ms
block 19/40 - 55/120   6202.0 ms
block 20/40 - 58/120   6244.9 ms
block 21/40 - 61/120   6294.1 ms
block 22/40 - 64/120   6059.3 ms
block 23/40 - 67/120   6367.7 ms
block 24/40 - 70/120   6284.2 ms
block 25/40 - 73/120   6441.2 ms
block 26/40 - 76/120   6228.9 ms
block 27/40 - 79/120   6237.9 ms
block 28/40 - 82/120   6165.3 ms
block 29/40 - 85/120   6330.7 ms
block 30/40 - 88/120   6288.2 ms
block 31/40 - 91/120   6229.3 ms
block 32/40 - 94/120   6223.4 ms
block 33/40 - 97/120   6388.4 ms
block 34/40 - 100/120   6289.5 ms
block 35/40 - 103/120   6202.6 ms
block 36/40 - 106/120   6263.5 ms
block 37/40 - 109/120   6255.6 ms
block 38/40 - 112/120   6302.0 ms
block 39/40 - 115/120   6265.9 ms
block 40/40 - 118/120   6268.8 ms
[72/128] elapsed=23.5m  avg=19.6s/prompt  eta=18.3m
block 1/40 - 1/120   5713.4 ms
block 2/40 - 4/120   2845.8 ms
block 3/40 - 7/120   5511.5 ms
block 4/40 - 10/120   6059.2 ms
block 5/40 - 13/120   6266.6 ms
block 6/40 - 16/120   6278.9 ms
block 7/40 - 19/120   6295.4 ms
block 8/40 - 22/120   6276.5 ms
block 9/40 - 25/120   6340.5 ms
block 10/40 - 28/120   6188.7 ms
block 11/40 - 31/120   6528.2 ms
block 12/40 - 34/120   6274.2 ms
block 13/40 - 37/120   6309.6 ms
block 14/40 - 40/120   6226.9 ms
block 15/40 - 43/120   6192.7 ms
block 16/40 - 46/120   6245.8 ms
block 17/40 - 49/120   6283.4 ms
block 18/40 - 52/120   6281.9 ms
block 19/40 - 55/120   6254.6 ms
block 20/40 - 58/120   6294.3 ms
block 21/40 - 61/120   6306.7 ms
block 22/40 - 64/120   6245.0 ms
block 23/40 - 67/120   6122.8 ms
block 24/40 - 70/120   6223.2 ms
block 25/40 - 73/120   6261.3 ms
block 26/40 - 76/120   6245.1 ms
block 27/40 - 79/120   6310.4 ms
block 28/40 - 82/120   6270.2 ms
block 29/40 - 85/120   6323.3 ms
block 30/40 - 88/120   6362.0 ms
block 31/40 - 91/120   6315.1 ms
block 32/40 - 94/120   6382.6 ms
block 33/40 - 97/120   6262.6 ms
block 34/40 - 100/120   6278.9 ms
block 35/40 - 103/120   6290.2 ms
block 36/40 - 106/120   6321.4 ms
block 37/40 - 109/120   6292.0 ms
block 38/40 - 112/120   6229.1 ms
block 39/40 - 115/120   6262.5 ms
block 40/40 - 118/120   6267.5 ms
[88/128] elapsed=27.6m  avg=18.8s/prompt  eta=12.5m
block 1/40 - 1/120   6791.6 ms
block 2/40 - 4/120   2876.8 ms
block 3/40 - 7/120   4974.0 ms
block 4/40 - 10/120   6042.2 ms
block 5/40 - 13/120   6263.9 ms
block 6/40 - 16/120   6283.8 ms
block 7/40 - 19/120   6251.1 ms
block 8/40 - 22/120   5996.5 ms
block 9/40 - 25/120   5900.3 ms
block 10/40 - 28/120   6136.6 ms
block 11/40 - 31/120   6258.9 ms
block 12/40 - 34/120   6308.0 ms
block 13/40 - 37/120   6319.1 ms
block 14/40 - 40/120   6336.9 ms
block 15/40 - 43/120   6174.5 ms
block 16/40 - 46/120   6259.0 ms
block 17/40 - 49/120   6308.2 ms
block 18/40 - 52/120   6316.1 ms
block 19/40 - 55/120   6233.9 ms
block 20/40 - 58/120   6281.7 ms
block 21/40 - 61/120   6228.5 ms
block 22/40 - 64/120   6276.3 ms
block 23/40 - 67/120   6334.1 ms
block 24/40 - 70/120   6254.8 ms
block 25/40 - 73/120   6240.1 ms
block 26/40 - 76/120   6309.2 ms
block 27/40 - 79/120   6271.3 ms
block 28/40 - 82/120   6230.1 ms
block 29/40 - 85/120   6180.3 ms
block 30/40 - 88/120   6049.8 ms
block 31/40 - 91/120   6150.9 ms
block 32/40 - 94/120   6283.4 ms
block 33/40 - 97/120   6315.7 ms
block 34/40 - 100/120   6250.0 ms
block 35/40 - 103/120   6255.2 ms
block 36/40 - 106/120   6402.8 ms
block 37/40 - 109/120   6386.3 ms
block 38/40 - 112/120   6279.0 ms
block 39/40 - 115/120   6286.7 ms
block 40/40 - 118/120   6266.0 ms
[104/128] elapsed=31.7m  avg=18.3s/prompt  eta=7.3m
block 1/40 - 1/120   7600.1 ms
block 2/40 - 4/120   4079.6 ms
block 3/40 - 7/120   3489.0 ms
block 4/40 - 10/120   5765.7 ms
block 5/40 - 13/120   6239.4 ms
block 6/40 - 16/120   6164.0 ms
block 7/40 - 19/120   6220.5 ms
block 8/40 - 22/120   6257.8 ms
block 9/40 - 25/120   6221.2 ms
block 10/40 - 28/120   6314.0 ms
block 11/40 - 31/120   6221.9 ms
block 12/40 - 34/120   6194.1 ms
block 13/40 - 37/120   6326.8 ms
block 14/40 - 40/120   6288.4 ms
block 15/40 - 43/120   6422.5 ms
block 16/40 - 46/120   6198.6 ms
block 17/40 - 49/120   6277.0 ms
block 18/40 - 52/120   6216.3 ms
block 19/40 - 55/120   6259.6 ms
block 20/40 - 58/120   6278.6 ms
block 21/40 - 61/120   6240.3 ms
block 22/40 - 64/120   6240.7 ms
block 23/40 - 67/120   6369.7 ms
block 24/40 - 70/120   6213.5 ms
block 25/40 - 73/120   6296.1 ms
block 26/40 - 76/120   6242.4 ms
block 27/40 - 79/120   6294.7 ms
block 28/40 - 82/120   6285.9 ms
block 29/40 - 85/120   6414.2 ms
block 30/40 - 88/120   6213.7 ms
block 31/40 - 91/120   6271.4 ms
block 32/40 - 94/120   6210.6 ms
block 33/40 - 97/120   5928.5 ms
block 34/40 - 100/120   6082.4 ms
block 35/40 - 103/120   6244.9 ms
block 36/40 - 106/120   6130.2 ms
block 37/40 - 109/120   6262.9 ms
block 38/40 - 112/120   6319.4 ms
block 39/40 - 115/120   6236.3 ms
block 40/40 - 118/120   6252.2 ms
[120/128] elapsed=35.8m  avg=17.9s/prompt  eta=2.4m
