Running on a single GPU (cuda); skipping NCCL initialization.
Free VRAM 94.68743896484375 GB
Loading CUDA extension (first run compiles ~60s; cached run ~3s)...
CUDA extension ready in 12.9s.
[CacheCompatibilityPolicy] recent=20:0 coverage=21:360 episode=22:0 budget=9FFE owner=HeadComposition
KV inference with 3 frames per block
Number of prompts: 128
Prompt index range: [0, 128)
Loading PyramidKV config from /apdcephfs_gy2/share_303214315/cedricnie/develop/training-free/runs/v180_rccp_fresh128/inputs/maps/all_coverage.csv
block 1/40 - 1/120  145307.2 ms
block 2/40 - 4/120   4963.5 ms
block 3/40 - 7/120   5971.2 ms
block 4/40 - 10/120   7165.9 ms
block 5/40 - 13/120   7476.1 ms
block 6/40 - 16/120   6981.3 ms
block 7/40 - 19/120   7016.1 ms
block 8/40 - 22/120   6971.0 ms
block 9/40 - 25/120   7002.6 ms
block 10/40 - 28/120   6977.2 ms
block 11/40 - 31/120   7021.6 ms
block 12/40 - 34/120   6987.8 ms
block 13/40 - 37/120   6959.6 ms
block 14/40 - 40/120   7025.0 ms
block 15/40 - 43/120   6982.0 ms
block 16/40 - 46/120   6919.6 ms
block 17/40 - 49/120   7037.2 ms
block 18/40 - 52/120   7046.5 ms
block 19/40 - 55/120   7026.1 ms
block 20/40 - 58/120   7097.0 ms
block 21/40 - 61/120   7042.0 ms
block 22/40 - 64/120   7055.3 ms
block 23/40 - 67/120   7096.9 ms
block 24/40 - 70/120   7050.6 ms
block 25/40 - 73/120   7044.4 ms
block 26/40 - 76/120   7064.6 ms
block 27/40 - 79/120   7043.9 ms
block 28/40 - 82/120   7096.3 ms
block 29/40 - 85/120   7094.3 ms
block 30/40 - 88/120   7118.7 ms
block 31/40 - 91/120   7089.5 ms
block 32/40 - 94/120   7044.8 ms
block 33/40 - 97/120   7061.4 ms
block 34/40 - 100/120   7070.6 ms
block 35/40 - 103/120   7445.0 ms
block 36/40 - 106/120   7220.4 ms
block 37/40 - 109/120   6963.9 ms
block 38/40 - 112/120   7037.9 ms
block 39/40 - 115/120   6770.2 ms
block 40/40 - 118/120   3542.1 ms
/apdcephfs_gy2/share_303214315/cedricnie/miniconda3/envs/longlive/lib/python3.10/site-packages/torchvision/io/_video_deprecation_warning.py:9: UserWarning: The video decoding and encoding capabilities of torchvision are deprecated from version 0.22 and will be removed in version 0.24. We recommend that you migrate to TorchCodec, where we'll consolidate the future decoding/encoding capabilities of PyTorch: https://github.com/pytorch/torchcodec
  warnings.warn(
[15/128] elapsed=6.9m  avg=27.7s/prompt  eta=52.1m
block 1/40 - 1/120   6022.2 ms
block 2/40 - 4/120   5883.6 ms
block 3/40 - 7/120   6481.6 ms
block 4/40 - 10/120   6971.1 ms
block 5/40 - 13/120   7002.2 ms
block 6/40 - 16/120   7012.0 ms
block 7/40 - 19/120   7038.9 ms
block 8/40 - 22/120   7034.6 ms
block 9/40 - 25/120   7020.0 ms
block 10/40 - 28/120   6990.9 ms
block 11/40 - 31/120   6975.8 ms
block 12/40 - 34/120   6971.6 ms
block 13/40 - 37/120   7035.2 ms
block 14/40 - 40/120   7021.4 ms
block 15/40 - 43/120   7065.7 ms
block 16/40 - 46/120   7022.1 ms
block 17/40 - 49/120   7021.2 ms
block 18/40 - 52/120   7018.9 ms
block 19/40 - 55/120   6997.5 ms
block 20/40 - 58/120   7033.0 ms
block 21/40 - 61/120   6987.9 ms
block 22/40 - 64/120   7041.9 ms
block 23/40 - 67/120   7040.4 ms
block 24/40 - 70/120   7106.6 ms
block 25/40 - 73/120   7039.0 ms
block 26/40 - 76/120   7039.2 ms
block 27/40 - 79/120   7014.2 ms
block 28/40 - 82/120   7294.4 ms
block 29/40 - 85/120   7336.4 ms
block 30/40 - 88/120   7066.7 ms
block 31/40 - 91/120   7020.1 ms
block 32/40 - 94/120   7022.5 ms
block 33/40 - 97/120   7003.1 ms
block 34/40 - 100/120   7057.2 ms
block 35/40 - 103/120   7017.3 ms
block 36/40 - 106/120   7000.7 ms
block 37/40 - 109/120   6994.6 ms
block 38/40 - 112/120   6307.0 ms
block 39/40 - 115/120   3709.9 ms
block 40/40 - 118/120   5926.4 ms
[31/128] elapsed=11.5m  avg=22.3s/prompt  eta=36.0m
block 1/40 - 1/120   7831.9 ms
block 2/40 - 4/120   5856.1 ms
block 3/40 - 7/120   6275.4 ms
block 4/40 - 10/120   6846.3 ms
block 5/40 - 13/120   6951.1 ms
block 6/40 - 16/120   6965.8 ms
block 7/40 - 19/120   7018.8 ms
block 8/40 - 22/120   7023.4 ms
block 9/40 - 25/120   7040.9 ms
block 10/40 - 28/120   6951.6 ms
block 11/40 - 31/120   7013.5 ms
block 12/40 - 34/120   6962.7 ms
block 13/40 - 37/120   6952.9 ms
block 14/40 - 40/120   7019.4 ms
block 15/40 - 43/120   7032.6 ms
block 16/40 - 46/120   7038.9 ms
block 17/40 - 49/120   7020.6 ms
block 18/40 - 52/120   6925.4 ms
block 19/40 - 55/120   6994.7 ms
block 20/40 - 58/120   6909.0 ms
block 21/40 - 61/120   6737.9 ms
block 22/40 - 64/120   6756.3 ms
block 23/40 - 67/120   6978.2 ms
block 24/40 - 70/120   7024.5 ms
block 25/40 - 73/120   6889.6 ms
block 26/40 - 76/120   7037.7 ms
block 27/40 - 79/120   7041.2 ms
block 28/40 - 82/120   7046.0 ms
block 29/40 - 85/120   7489.4 ms
block 30/40 - 88/120   7143.0 ms
block 31/40 - 91/120   7046.1 ms
block 32/40 - 94/120   7011.9 ms
block 33/40 - 97/120   6866.2 ms
block 34/40 - 100/120   7073.0 ms
block 35/40 - 103/120   6999.2 ms
block 36/40 - 106/120   7016.7 ms
block 37/40 - 109/120   6586.6 ms
block 38/40 - 112/120   3572.4 ms
block 39/40 - 115/120   5995.2 ms
block 40/40 - 118/120   6391.5 ms
[47/128] elapsed=16.1m  avg=20.5s/prompt  eta=27.7m
block 1/40 - 1/120   8213.0 ms
block 2/40 - 4/120   6037.7 ms
block 3/40 - 7/120   6596.2 ms
block 4/40 - 10/120   7041.3 ms
block 5/40 - 13/120   6975.7 ms
block 6/40 - 16/120   6950.5 ms
block 7/40 - 19/120   7052.1 ms
block 8/40 - 22/120   7017.7 ms
block 9/40 - 25/120   7085.1 ms
block 10/40 - 28/120   6998.9 ms
block 11/40 - 31/120   6914.8 ms
block 12/40 - 34/120   6995.5 ms
block 13/40 - 37/120   7009.4 ms
block 14/40 - 40/120   7058.0 ms
block 15/40 - 43/120   7025.4 ms
block 16/40 - 46/120   7085.3 ms
block 17/40 - 49/120   7322.8 ms
block 18/40 - 52/120   7035.2 ms
block 19/40 - 55/120   7139.5 ms
block 20/40 - 58/120   7065.1 ms
block 21/40 - 61/120   6988.6 ms
block 22/40 - 64/120   7018.7 ms
block 23/40 - 67/120   7004.0 ms
block 24/40 - 70/120   7095.5 ms
block 25/40 - 73/120   7058.1 ms
block 26/40 - 76/120   7035.3 ms
block 27/40 - 79/120   7036.7 ms
block 28/40 - 82/120   7047.2 ms
block 29/40 - 85/120   7030.3 ms
block 30/40 - 88/120   6976.6 ms
block 31/40 - 91/120   7021.6 ms
block 32/40 - 94/120   7023.1 ms
block 33/40 - 97/120   7044.4 ms
block 34/40 - 100/120   7035.1 ms
block 35/40 - 103/120   7019.5 ms
block 36/40 - 106/120   5745.1 ms
block 37/40 - 109/120   3792.4 ms
block 38/40 - 112/120   6155.2 ms
block 39/40 - 115/120   6528.6 ms
block 40/40 - 118/120   6970.5 ms
[63/128] elapsed=20.7m  avg=19.7s/prompt  eta=21.3m
block 1/40 - 1/120   7122.6 ms
block 2/40 - 4/120   6176.9 ms
block 3/40 - 7/120   6493.0 ms
block 4/40 - 10/120   7009.6 ms
block 5/40 - 13/120   7013.4 ms
block 6/40 - 16/120   7004.0 ms
block 7/40 - 19/120   7014.8 ms
block 8/40 - 22/120   6964.2 ms
block 9/40 - 25/120   7012.2 ms
block 10/40 - 28/120   7012.2 ms
block 11/40 - 31/120   6991.6 ms
block 12/40 - 34/120   6998.2 ms
block 13/40 - 37/120   7025.9 ms
block 14/40 - 40/120   6992.0 ms
block 15/40 - 43/120   6974.5 ms
block 16/40 - 46/120   7069.5 ms
block 17/40 - 49/120   6999.6 ms
block 18/40 - 52/120   7020.3 ms
block 19/40 - 55/120   7037.1 ms
block 20/40 - 58/120   7064.6 ms
block 21/40 - 61/120   7032.9 ms
block 22/40 - 64/120   7017.8 ms
block 23/40 - 67/120   7017.1 ms
block 24/40 - 70/120   7404.2 ms
block 25/40 - 73/120   7280.9 ms
block 26/40 - 76/120   6996.8 ms
block 27/40 - 79/120   7016.7 ms
block 28/40 - 82/120   7100.9 ms
block 29/40 - 85/120   7041.2 ms
block 30/40 - 88/120   7038.7 ms
block 31/40 - 91/120   7020.5 ms
block 32/40 - 94/120   7014.5 ms
block 33/40 - 97/120   7050.4 ms
block 34/40 - 100/120   7011.2 ms
block 35/40 - 103/120   6065.9 ms
block 36/40 - 106/120   3736.8 ms
block 37/40 - 109/120   6073.7 ms
block 38/40 - 112/120   6482.9 ms
block 39/40 - 115/120   6871.8 ms
block 40/40 - 118/120   7020.0 ms
[79/128] elapsed=25.3m  avg=19.2s/prompt  eta=15.7m
block 1/40 - 1/120   7774.7 ms
block 2/40 - 4/120   6073.9 ms
block 3/40 - 7/120   6496.5 ms
block 4/40 - 10/120   7035.4 ms
block 5/40 - 13/120   6999.1 ms
block 6/40 - 16/120   7029.3 ms
block 7/40 - 19/120   7032.8 ms
block 8/40 - 22/120   7007.8 ms
block 9/40 - 25/120   7018.6 ms
block 10/40 - 28/120   7012.0 ms
block 11/40 - 31/120   7035.5 ms
block 12/40 - 34/120   7023.0 ms
block 13/40 - 37/120   7009.1 ms
block 14/40 - 40/120   7018.5 ms
block 15/40 - 43/120   7088.0 ms
block 16/40 - 46/120   6991.3 ms
block 17/40 - 49/120   6998.9 ms
block 18/40 - 52/120   7013.2 ms
block 19/40 - 55/120   6999.9 ms
block 20/40 - 58/120   7299.6 ms
block 21/40 - 61/120   7027.1 ms
block 22/40 - 64/120   7288.3 ms
block 23/40 - 67/120   7054.2 ms
block 24/40 - 70/120   7058.9 ms
block 25/40 - 73/120   7056.7 ms
block 26/40 - 76/120   7057.7 ms
block 27/40 - 79/120   7031.7 ms
block 28/40 - 82/120   7017.1 ms
block 29/40 - 85/120   7015.6 ms
block 30/40 - 88/120   7056.9 ms
block 31/40 - 91/120   7083.0 ms
block 32/40 - 94/120   7059.0 ms
block 33/40 - 97/120   7033.8 ms
block 34/40 - 100/120   5846.5 ms
block 35/40 - 103/120   3865.6 ms
block 36/40 - 106/120   6144.8 ms
block 37/40 - 109/120   6434.0 ms
block 38/40 - 112/120   6935.0 ms
block 39/40 - 115/120   7026.7 ms
block 40/40 - 118/120   7054.6 ms
[95/128] elapsed=29.9m  avg=18.9s/prompt  eta=10.4m
block 1/40 - 1/120   7742.9 ms
block 2/40 - 4/120   6185.4 ms
block 3/40 - 7/120   6478.6 ms
block 4/40 - 10/120   7019.2 ms
block 5/40 - 13/120   7041.7 ms
block 6/40 - 16/120   7011.4 ms
block 7/40 - 19/120   7013.9 ms
block 8/40 - 22/120   7042.4 ms
block 9/40 - 25/120   6991.1 ms
block 10/40 - 28/120   7098.3 ms
block 11/40 - 31/120   6995.2 ms
block 12/40 - 34/120   6933.6 ms
block 13/40 - 37/120   7022.2 ms
block 14/40 - 40/120   7053.3 ms
block 15/40 - 43/120   7530.4 ms
block 16/40 - 46/120   7149.1 ms
block 17/40 - 49/120   7062.3 ms
block 18/40 - 52/120   6989.6 ms
block 19/40 - 55/120   7059.9 ms
block 20/40 - 58/120   7017.6 ms
block 21/40 - 61/120   7054.0 ms
block 22/40 - 64/120   7047.8 ms
block 23/40 - 67/120   6974.6 ms
block 24/40 - 70/120   7025.1 ms
block 25/40 - 73/120   6999.6 ms
block 26/40 - 76/120   7053.9 ms
block 27/40 - 79/120   7062.2 ms
block 28/40 - 82/120   7049.4 ms
block 29/40 - 85/120   7032.9 ms
block 30/40 - 88/120   7012.0 ms
block 31/40 - 91/120   7042.3 ms
block 32/40 - 94/120   7018.2 ms
block 33/40 - 97/120   5480.9 ms
block 34/40 - 100/120   3910.1 ms
block 35/40 - 103/120   6037.1 ms
block 36/40 - 106/120   6521.9 ms
block 37/40 - 109/120   6507.2 ms
block 38/40 - 112/120   7073.1 ms
block 39/40 - 115/120   7014.7 ms
block 40/40 - 118/120   6962.2 ms
[111/128] elapsed=34.4m  avg=18.6s/prompt  eta=5.3m
block 1/40 - 1/120   7338.0 ms
block 2/40 - 4/120   6139.7 ms
block 3/40 - 7/120   6474.8 ms
block 4/40 - 10/120   7044.3 ms
block 5/40 - 13/120   7020.0 ms
block 6/40 - 16/120   7039.3 ms
block 7/40 - 19/120   7056.6 ms
block 8/40 - 22/120   7018.3 ms
block 9/40 - 25/120   7012.6 ms
block 10/40 - 28/120   6988.9 ms
block 11/40 - 31/120   7027.7 ms
block 12/40 - 34/120   6988.0 ms
block 13/40 - 37/120   7025.4 ms
block 14/40 - 40/120   7004.4 ms
block 15/40 - 43/120   7046.5 ms
block 16/40 - 46/120   7029.8 ms
block 17/40 - 49/120   7015.4 ms
block 18/40 - 52/120   7032.5 ms
block 19/40 - 55/120   6992.3 ms
block 20/40 - 58/120   7332.5 ms
block 21/40 - 61/120   7318.8 ms
block 22/40 - 64/120   7077.7 ms
block 23/40 - 67/120   7033.4 ms
block 24/40 - 70/120   7056.2 ms
block 25/40 - 73/120   6993.3 ms
block 26/40 - 76/120   7013.1 ms
block 27/40 - 79/120   7040.3 ms
block 28/40 - 82/120   6987.2 ms
block 29/40 - 85/120   7020.5 ms
block 30/40 - 88/120   7014.2 ms
block 31/40 - 91/120   7008.2 ms
block 32/40 - 94/120   5954.2 ms
block 33/40 - 97/120   2776.6 ms
block 34/40 - 100/120   2785.6 ms
block 35/40 - 103/120   2774.9 ms
block 36/40 - 106/120   2845.1 ms
block 37/40 - 109/120   2733.8 ms
block 38/40 - 112/120   2778.9 ms
block 39/40 - 115/120   2816.6 ms
block 40/40 - 118/120   2805.4 ms
[127/128] elapsed=38.6m  avg=18.2s/prompt  eta=0.3m
