Running on a single GPU (cuda); skipping NCCL initialization.
Free VRAM 94.6873779296875 GB
Loading CUDA extension (first run compiles ~60s; cached run ~3s)...
CUDA extension ready in 143.7s.
[CacheCompatibilityPolicy] recent=20:0 coverage=21:360 episode=22:0 budget=9FFE owner=HeadComposition
KV inference with 3 frames per block
Number of prompts: 128
Prompt index range: [0, 128)
[skip] prompt 10 already has output, skipping
[skip] prompt 26 already has output, skipping
[skip] prompt 42 already has output, skipping
Loading PyramidKV config from /apdcephfs_gy2/share_303214315/cedricnie/develop/training-free/runs/v180_rccp_fresh128/inputs/maps/all_coverage.csv
block 1/40 - 1/120  181478.0 ms
block 2/40 - 4/120   1916.3 ms
block 3/40 - 7/120   2384.3 ms
block 4/40 - 10/120   2761.9 ms
block 5/40 - 13/120   2785.7 ms
block 6/40 - 16/120   2779.0 ms
block 7/40 - 19/120   2767.4 ms
block 8/40 - 22/120   2765.9 ms
block 9/40 - 25/120   2797.2 ms
block 10/40 - 28/120   2782.3 ms
block 11/40 - 31/120   2760.0 ms
block 12/40 - 34/120   2765.5 ms
block 13/40 - 37/120   2754.3 ms
block 14/40 - 40/120   2761.8 ms
block 15/40 - 43/120   2750.2 ms
block 16/40 - 46/120   2750.3 ms
block 17/40 - 49/120   2751.1 ms
block 18/40 - 52/120   2752.6 ms
block 19/40 - 55/120   2764.0 ms
block 20/40 - 58/120   2760.8 ms
block 21/40 - 61/120   2749.3 ms
block 22/40 - 64/120   2799.2 ms
block 23/40 - 67/120   2763.4 ms
block 24/40 - 70/120   2754.0 ms
block 25/40 - 73/120   2750.3 ms
block 26/40 - 76/120   2758.3 ms
block 27/40 - 79/120   2753.3 ms
block 28/40 - 82/120   2747.5 ms
block 29/40 - 85/120   2806.1 ms
block 30/40 - 88/120   2768.2 ms
block 31/40 - 91/120   2759.8 ms
block 32/40 - 94/120   2886.3 ms
block 33/40 - 97/120   2828.1 ms
block 34/40 - 100/120   2827.5 ms
block 35/40 - 103/120   2836.3 ms
block 36/40 - 106/120   2757.4 ms
block 37/40 - 109/120   2751.8 ms
block 38/40 - 112/120   2772.2 ms
block 39/40 - 115/120   2742.0 ms
block 40/40 - 118/120   2779.7 ms
/apdcephfs_gy2/share_303214315/cedricnie/miniconda3/envs/longlive/lib/python3.10/site-packages/torchvision/io/_video_deprecation_warning.py:9: UserWarning: The video decoding and encoding capabilities of torchvision are deprecated from version 0.22 and will be removed in version 0.24. We recommend that you migrate to TorchCodec, where we'll consolidate the future decoding/encoding capabilities of PyTorch: https://github.com/pytorch/torchcodec
  warnings.warn(
[59/128] elapsed=5.1m  avg=5.2s/prompt  eta=6.0m
block 1/40 - 1/120   2108.9 ms
block 2/40 - 4/120   2356.8 ms
block 3/40 - 7/120   2510.2 ms
block 4/40 - 10/120   2763.9 ms
block 5/40 - 13/120   2741.0 ms
block 6/40 - 16/120   3018.5 ms
block 7/40 - 19/120   2815.7 ms
block 8/40 - 22/120   2773.5 ms
block 9/40 - 25/120   2800.7 ms
block 10/40 - 28/120   2776.6 ms
block 11/40 - 31/120   2778.6 ms
block 12/40 - 34/120   2750.4 ms
block 13/40 - 37/120   2756.2 ms
block 14/40 - 40/120   2794.2 ms
block 15/40 - 43/120   2750.5 ms
block 16/40 - 46/120   2763.9 ms
block 17/40 - 49/120   2794.4 ms
block 18/40 - 52/120   2770.2 ms
block 19/40 - 55/120   2805.8 ms
block 20/40 - 58/120   2762.3 ms
block 21/40 - 61/120   2733.0 ms
block 22/40 - 64/120   2788.5 ms
block 23/40 - 67/120   2774.5 ms
block 24/40 - 70/120   2801.8 ms
block 25/40 - 73/120   2778.9 ms
block 26/40 - 76/120   2764.5 ms
block 27/40 - 79/120   2868.8 ms
block 28/40 - 82/120   2761.0 ms
block 29/40 - 85/120   2765.4 ms
block 30/40 - 88/120   2933.2 ms
block 31/40 - 91/120   2762.4 ms
block 32/40 - 94/120   2766.0 ms
block 33/40 - 97/120   2762.6 ms
block 34/40 - 100/120   2807.7 ms
block 35/40 - 103/120   3103.3 ms
block 36/40 - 106/120   2766.0 ms
block 37/40 - 109/120   2757.9 ms
block 38/40 - 112/120   2806.4 ms
block 39/40 - 115/120   2760.8 ms
block 40/40 - 118/120   2760.6 ms
[75/128] elapsed=7.0m  avg=5.6s/prompt  eta=4.9m
block 1/40 - 1/120   2876.3 ms
block 2/40 - 4/120   2209.0 ms
block 3/40 - 7/120   2310.8 ms
block 4/40 - 10/120   2990.3 ms
block 5/40 - 13/120   2818.2 ms
block 6/40 - 16/120   2751.0 ms
block 7/40 - 19/120   2895.7 ms
block 8/40 - 22/120   2919.5 ms
block 9/40 - 25/120   2767.2 ms
block 10/40 - 28/120   2761.4 ms
block 11/40 - 31/120   2789.3 ms
block 12/40 - 34/120   2775.5 ms
block 13/40 - 37/120   2778.8 ms
block 14/40 - 40/120   2797.2 ms
block 15/40 - 43/120   2764.8 ms
block 16/40 - 46/120   2765.6 ms
block 17/40 - 49/120   2845.8 ms
block 18/40 - 52/120   2795.6 ms
block 19/40 - 55/120   2768.0 ms
block 20/40 - 58/120   2815.0 ms
block 21/40 - 61/120   2753.2 ms
block 22/40 - 64/120   2786.5 ms
block 23/40 - 67/120   2758.7 ms
block 24/40 - 70/120   2750.2 ms
block 25/40 - 73/120   2801.5 ms
block 26/40 - 76/120   2776.0 ms
block 27/40 - 79/120   2827.4 ms
block 28/40 - 82/120   2860.7 ms
block 29/40 - 85/120   2821.8 ms
block 30/40 - 88/120   2793.8 ms
block 31/40 - 91/120   2788.4 ms
block 32/40 - 94/120   2777.4 ms
block 33/40 - 97/120   2786.0 ms
block 34/40 - 100/120   2795.6 ms
block 35/40 - 103/120   2820.3 ms
block 36/40 - 106/120   2780.2 ms
block 37/40 - 109/120   2793.9 ms
block 38/40 - 112/120   2786.4 ms
block 39/40 - 115/120   2830.7 ms
block 40/40 - 118/120   2813.1 ms
[91/128] elapsed=8.8m  avg=5.8s/prompt  eta=3.6m
block 1/40 - 1/120   2974.3 ms
block 2/40 - 4/120   2445.0 ms
block 3/40 - 7/120   2307.7 ms
block 4/40 - 10/120   2922.7 ms
block 5/40 - 13/120   2735.8 ms
block 6/40 - 16/120   2826.7 ms
block 7/40 - 19/120   2793.7 ms
block 8/40 - 22/120   2779.0 ms
block 9/40 - 25/120   2773.7 ms
block 10/40 - 28/120   2775.9 ms
block 11/40 - 31/120   2781.9 ms
block 12/40 - 34/120   2788.3 ms
block 13/40 - 37/120   2763.4 ms
block 14/40 - 40/120   2778.1 ms
block 15/40 - 43/120   2773.4 ms
block 16/40 - 46/120   3190.4 ms
block 17/40 - 49/120   2776.6 ms
block 18/40 - 52/120   2773.6 ms
block 19/40 - 55/120   2794.1 ms
block 20/40 - 58/120   2786.0 ms
block 21/40 - 61/120   2878.2 ms
block 22/40 - 64/120   2782.6 ms
block 23/40 - 67/120   2802.2 ms
block 24/40 - 70/120   2772.3 ms
block 25/40 - 73/120   2780.8 ms
block 26/40 - 76/120   2783.9 ms
block 27/40 - 79/120   2794.4 ms
block 28/40 - 82/120   2839.8 ms
block 29/40 - 85/120   2822.1 ms
block 30/40 - 88/120   2770.2 ms
block 31/40 - 91/120   2781.9 ms
block 32/40 - 94/120   2781.0 ms
block 33/40 - 97/120   3264.3 ms
block 34/40 - 100/120   2764.4 ms
block 35/40 - 103/120   2884.4 ms
block 36/40 - 106/120   2761.8 ms
block 37/40 - 109/120   2770.0 ms
block 38/40 - 112/120   2781.7 ms
block 39/40 - 115/120   2779.9 ms
block 40/40 - 118/120   2779.7 ms
[107/128] elapsed=10.7m  avg=6.0s/prompt  eta=2.1m
block 1/40 - 1/120   2183.8 ms
block 2/40 - 4/120   2611.9 ms
block 3/40 - 7/120   2322.0 ms
block 4/40 - 10/120   2790.1 ms
block 5/40 - 13/120   2775.7 ms
block 6/40 - 16/120   2766.3 ms
block 7/40 - 19/120   2786.5 ms
block 8/40 - 22/120   2747.9 ms
block 9/40 - 25/120   2780.2 ms
block 10/40 - 28/120   2789.6 ms
block 11/40 - 31/120   2806.4 ms
block 12/40 - 34/120   2765.6 ms
block 13/40 - 37/120   2846.3 ms
block 14/40 - 40/120   2962.5 ms
block 15/40 - 43/120   2767.4 ms
block 16/40 - 46/120   2785.0 ms
block 17/40 - 49/120   2773.1 ms
block 18/40 - 52/120   2789.6 ms
block 19/40 - 55/120   2769.5 ms
block 20/40 - 58/120   2767.4 ms
block 21/40 - 61/120   2753.9 ms
block 22/40 - 64/120   2771.2 ms
block 23/40 - 67/120   2775.3 ms
block 24/40 - 70/120   2790.6 ms
block 25/40 - 73/120   2801.9 ms
block 26/40 - 76/120   2862.8 ms
block 27/40 - 79/120   2923.9 ms
block 28/40 - 82/120   2767.3 ms
block 29/40 - 85/120   2820.6 ms
block 30/40 - 88/120   2758.1 ms
block 31/40 - 91/120   2770.8 ms
block 32/40 - 94/120   2911.1 ms
block 33/40 - 97/120   2798.5 ms
block 34/40 - 100/120   2803.5 ms
block 35/40 - 103/120   2783.8 ms
block 36/40 - 106/120   2810.3 ms
block 37/40 - 109/120   2799.7 ms
block 38/40 - 112/120   2768.7 ms
block 39/40 - 115/120   2784.3 ms
block 40/40 - 118/120   2765.1 ms
[123/128] elapsed=12.6m  avg=6.1s/prompt  eta=0.5m
