Running on a single GPU (cuda); skipping NCCL initialization.
Free VRAM 94.3734130859375 GB
Loading CUDA extension (first run compiles ~60s; cached run ~3s)...
CUDA extension ready in 10.7s.
[CacheCompatibilityPolicy] recent=20:0 coverage=21:360 episode=22:0 budget=9FFE owner=HeadComposition
KV inference with 3 frames per block
Number of prompts: 128
Prompt index range: [0, 128)
Loading PyramidKV config from /apdcephfs_gy2/share_303214315/cedricnie/develop/training-free/runs/v180_rccp_fresh128/inputs/maps/all_coverage.csv
block 1/40 - 1/120  147110.1 ms
block 2/40 - 4/120   5194.0 ms
block 3/40 - 7/120   5559.3 ms
block 4/40 - 10/120   6860.2 ms
block 5/40 - 13/120   6904.6 ms
block 6/40 - 16/120   6923.0 ms
block 7/40 - 19/120   6936.5 ms
block 8/40 - 22/120   6938.5 ms
block 9/40 - 25/120   6958.4 ms
block 10/40 - 28/120   6928.5 ms
block 11/40 - 31/120   6966.7 ms
block 12/40 - 34/120   6901.1 ms
block 13/40 - 37/120   6925.6 ms
block 14/40 - 40/120   6957.6 ms
block 15/40 - 43/120   6887.9 ms
block 16/40 - 46/120   6905.0 ms
block 17/40 - 49/120   6930.4 ms
block 18/40 - 52/120   6925.4 ms
block 19/40 - 55/120   6906.1 ms
block 20/40 - 58/120   6948.4 ms
block 21/40 - 61/120   6908.3 ms
block 22/40 - 64/120   6837.0 ms
block 23/40 - 67/120   6921.4 ms
block 24/40 - 70/120   6974.6 ms
block 25/40 - 73/120   6957.6 ms
block 26/40 - 76/120   6904.7 ms
block 27/40 - 79/120   6854.6 ms
block 28/40 - 82/120   6852.4 ms
block 29/40 - 85/120   6899.0 ms
block 30/40 - 88/120   6916.9 ms
block 31/40 - 91/120   6888.9 ms
block 32/40 - 94/120   6879.4 ms
block 33/40 - 97/120   6940.2 ms
block 34/40 - 100/120   6906.8 ms
block 35/40 - 103/120   6962.2 ms
block 36/40 - 106/120   6941.4 ms
block 37/40 - 109/120   6907.1 ms
block 38/40 - 112/120   6876.7 ms
block 39/40 - 115/120   6922.1 ms
block 40/40 - 118/120   6926.0 ms
[1/128] elapsed=6.9m  avg=415.1s/prompt  eta=878.7m
/apdcephfs_gy2/share_303214315/cedricnie/miniconda3/envs/longlive/lib/python3.10/site-packages/torchvision/io/_video_deprecation_warning.py:9: UserWarning: The video decoding and encoding capabilities of torchvision are deprecated from version 0.22 and will be removed in version 0.24. We recommend that you migrate to TorchCodec, where we'll consolidate the future decoding/encoding capabilities of PyTorch: https://github.com/pytorch/torchcodec
  warnings.warn(
block 1/40 - 1/120   4673.0 ms
block 2/40 - 4/120   2686.4 ms
block 3/40 - 7/120   5297.1 ms
block 4/40 - 10/120   6399.9 ms
block 5/40 - 13/120   6777.2 ms
block 6/40 - 16/120   6769.9 ms
block 7/40 - 19/120   6961.3 ms
block 8/40 - 22/120   6899.2 ms
block 9/40 - 25/120   6902.8 ms
block 10/40 - 28/120   6885.0 ms
block 11/40 - 31/120   6918.1 ms
block 12/40 - 34/120   6907.1 ms
block 13/40 - 37/120   6893.1 ms
block 14/40 - 40/120   6909.3 ms
block 15/40 - 43/120   6868.7 ms
block 16/40 - 46/120   6970.4 ms
block 17/40 - 49/120   6876.3 ms
block 18/40 - 52/120   6897.7 ms
block 19/40 - 55/120   6935.4 ms
block 20/40 - 58/120   6924.6 ms
block 21/40 - 61/120   6943.9 ms
block 22/40 - 64/120   6917.5 ms
block 23/40 - 67/120   6848.1 ms
block 24/40 - 70/120   6895.2 ms
block 25/40 - 73/120   6906.4 ms
block 26/40 - 76/120   6943.5 ms
block 27/40 - 79/120   6903.2 ms
block 28/40 - 82/120   6960.1 ms
block 29/40 - 85/120   6762.6 ms
block 30/40 - 88/120   6693.0 ms
block 31/40 - 91/120   6800.4 ms
block 32/40 - 94/120   6876.0 ms
block 33/40 - 97/120   6856.6 ms
block 34/40 - 100/120   6852.5 ms
block 35/40 - 103/120   6918.9 ms
block 36/40 - 106/120   6904.8 ms
block 37/40 - 109/120   6933.0 ms
block 38/40 - 112/120   6895.4 ms
block 39/40 - 115/120   6950.7 ms
block 40/40 - 118/120   6938.8 ms
[17/128] elapsed=11.4m  avg=40.2s/prompt  eta=74.4m
block 1/40 - 1/120   7099.4 ms
block 2/40 - 4/120   4641.9 ms
block 3/40 - 7/120   3101.9 ms
block 4/40 - 10/120   5451.2 ms
block 5/40 - 13/120   5832.8 ms
block 6/40 - 16/120   5457.1 ms
block 7/40 - 19/120   6739.5 ms
block 8/40 - 22/120   6734.5 ms
block 9/40 - 25/120   6773.1 ms
block 10/40 - 28/120   6790.4 ms
block 11/40 - 31/120   6847.4 ms
block 12/40 - 34/120   6859.5 ms
block 13/40 - 37/120   6720.8 ms
block 14/40 - 40/120   6776.7 ms
block 15/40 - 43/120   6795.7 ms
block 16/40 - 46/120   6903.2 ms
block 17/40 - 49/120   6910.3 ms
block 18/40 - 52/120   6856.9 ms
block 19/40 - 55/120   6841.6 ms
block 20/40 - 58/120   6852.6 ms
block 21/40 - 61/120   6802.0 ms
block 22/40 - 64/120   6890.4 ms
block 23/40 - 67/120   6925.7 ms
block 24/40 - 70/120   6907.2 ms
block 25/40 - 73/120   6644.3 ms
block 26/40 - 76/120   6489.1 ms
block 27/40 - 79/120   6860.3 ms
block 28/40 - 82/120   6842.0 ms
block 29/40 - 85/120   6789.8 ms
block 30/40 - 88/120   6879.6 ms
block 31/40 - 91/120   6923.7 ms
block 32/40 - 94/120   6898.2 ms
block 33/40 - 97/120   6858.0 ms
block 34/40 - 100/120   6922.1 ms
block 35/40 - 103/120   6938.6 ms
block 36/40 - 106/120   6921.8 ms
block 37/40 - 109/120   6896.9 ms
block 38/40 - 112/120   6879.9 ms
block 39/40 - 115/120   6907.2 ms
block 40/40 - 118/120   6951.6 ms
[33/128] elapsed=15.8m  avg=28.7s/prompt  eta=45.5m
block 1/40 - 1/120   7747.1 ms
block 2/40 - 4/120   5983.3 ms
block 3/40 - 7/120   6246.4 ms
block 4/40 - 10/120   6193.4 ms
block 5/40 - 13/120   3704.2 ms
block 6/40 - 16/120   5633.4 ms
block 7/40 - 19/120   6283.6 ms
block 8/40 - 22/120   6586.2 ms
block 9/40 - 25/120   6915.1 ms
block 10/40 - 28/120   6913.0 ms
block 11/40 - 31/120   6912.8 ms
block 12/40 - 34/120   6924.0 ms
block 13/40 - 37/120   6893.0 ms
block 14/40 - 40/120   6885.8 ms
block 15/40 - 43/120   6917.0 ms
block 16/40 - 46/120   6914.0 ms
block 17/40 - 49/120   6885.1 ms
block 18/40 - 52/120   6869.2 ms
block 19/40 - 55/120   6913.4 ms
block 20/40 - 58/120   6706.2 ms
block 21/40 - 61/120   6596.2 ms
block 22/40 - 64/120   6886.2 ms
block 23/40 - 67/120   6925.8 ms
block 24/40 - 70/120   6929.4 ms
block 25/40 - 73/120   6924.1 ms
block 26/40 - 76/120   6929.8 ms
block 27/40 - 79/120   6930.7 ms
block 28/40 - 82/120   6944.7 ms
block 29/40 - 85/120   6943.9 ms
block 30/40 - 88/120   6940.4 ms
block 31/40 - 91/120   6917.6 ms
block 32/40 - 94/120   6903.1 ms
block 33/40 - 97/120   6884.3 ms
block 34/40 - 100/120   6923.2 ms
block 35/40 - 103/120   6885.8 ms
block 36/40 - 106/120   6957.2 ms
block 37/40 - 109/120   6904.5 ms
block 38/40 - 112/120   6910.2 ms
block 39/40 - 115/120   6881.7 ms
block 40/40 - 118/120   6924.6 ms
[49/128] elapsed=20.3m  avg=24.9s/prompt  eta=32.7m
block 1/40 - 1/120   7540.5 ms
block 2/40 - 4/120   5943.8 ms
block 3/40 - 7/120   6270.5 ms
block 4/40 - 10/120   7290.9 ms
block 5/40 - 13/120   5800.6 ms
block 6/40 - 16/120   2800.7 ms
block 7/40 - 19/120   2777.4 ms
block 8/40 - 22/120   2789.9 ms
block 9/40 - 25/120   2784.8 ms
block 10/40 - 28/120   2795.0 ms
block 11/40 - 31/120   2811.3 ms
block 12/40 - 34/120   2818.4 ms
block 13/40 - 37/120   2835.4 ms
block 14/40 - 40/120   2815.9 ms
block 15/40 - 43/120   2820.7 ms
block 16/40 - 46/120   2883.4 ms
block 17/40 - 49/120   2786.8 ms
block 18/40 - 52/120   2794.3 ms
block 19/40 - 55/120   2776.8 ms
block 20/40 - 58/120   2779.2 ms
block 21/40 - 61/120   2762.7 ms
block 22/40 - 64/120   2833.7 ms
block 23/40 - 67/120   2797.2 ms
block 24/40 - 70/120   2774.7 ms
block 25/40 - 73/120   2792.2 ms
block 26/40 - 76/120   2858.6 ms
block 27/40 - 79/120   2777.0 ms
block 28/40 - 82/120   2782.2 ms
block 29/40 - 85/120   2776.7 ms
block 30/40 - 88/120   2779.8 ms
block 31/40 - 91/120   2775.9 ms
block 32/40 - 94/120   2778.1 ms
block 33/40 - 97/120   2777.4 ms
block 34/40 - 100/120   2787.7 ms
block 35/40 - 103/120   2784.4 ms
block 36/40 - 106/120   2802.3 ms
block 37/40 - 109/120   2772.2 ms
block 38/40 - 112/120   2776.3 ms
block 39/40 - 115/120   2777.4 ms
block 40/40 - 118/120   2775.8 ms
[65/128] elapsed=22.5m  avg=20.8s/prompt  eta=21.8m
block 1/40 - 1/120   2082.9 ms
block 2/40 - 4/120   2490.5 ms
block 3/40 - 7/120   2313.6 ms
block 4/40 - 10/120   2770.7 ms
block 5/40 - 13/120   2791.2 ms
block 6/40 - 16/120   2797.0 ms
block 7/40 - 19/120   2780.7 ms
block 8/40 - 22/120   2817.9 ms
block 9/40 - 25/120   2776.8 ms
block 10/40 - 28/120   2777.6 ms
block 11/40 - 31/120   2779.1 ms
block 12/40 - 34/120   2783.5 ms
block 13/40 - 37/120   2815.9 ms
block 14/40 - 40/120   2774.4 ms
block 15/40 - 43/120   2776.4 ms
block 16/40 - 46/120   2774.0 ms
block 17/40 - 49/120   2776.4 ms
block 18/40 - 52/120   2780.2 ms
block 19/40 - 55/120   2780.1 ms
block 20/40 - 58/120   2778.2 ms
block 21/40 - 61/120   2761.6 ms
block 22/40 - 64/120   2776.3 ms
block 23/40 - 67/120   2831.1 ms
block 24/40 - 70/120   2786.0 ms
block 25/40 - 73/120   2776.1 ms
block 26/40 - 76/120   2777.8 ms
block 27/40 - 79/120   2813.4 ms
block 28/40 - 82/120   2795.2 ms
block 29/40 - 85/120   2777.1 ms
block 30/40 - 88/120   2797.3 ms
block 31/40 - 91/120   2777.2 ms
block 32/40 - 94/120   2775.7 ms
block 33/40 - 97/120   2788.2 ms
block 34/40 - 100/120   2773.0 ms
block 35/40 - 103/120   2782.7 ms
block 36/40 - 106/120   2794.5 ms
block 37/40 - 109/120   2853.0 ms
block 38/40 - 112/120   2793.8 ms
block 39/40 - 115/120   2811.1 ms
block 40/40 - 118/120   2785.1 ms
[81/128] elapsed=24.3m  avg=18.0s/prompt  eta=14.1m
block 1/40 - 1/120   1987.8 ms
block 2/40 - 4/120   2592.3 ms
block 3/40 - 7/120   2510.8 ms
block 4/40 - 10/120   2764.1 ms
block 5/40 - 13/120   2777.4 ms
block 6/40 - 16/120   2764.3 ms
block 7/40 - 19/120   2788.8 ms
block 8/40 - 22/120   2783.8 ms
block 9/40 - 25/120   2787.3 ms
block 10/40 - 28/120   2797.3 ms
block 11/40 - 31/120   2776.3 ms
block 12/40 - 34/120   2789.1 ms
block 13/40 - 37/120   2779.5 ms
block 14/40 - 40/120   2775.5 ms
block 15/40 - 43/120   2785.7 ms
block 16/40 - 46/120   2802.0 ms
block 17/40 - 49/120   2780.8 ms
block 18/40 - 52/120   2777.6 ms
block 19/40 - 55/120   2777.3 ms
block 20/40 - 58/120   2780.2 ms
block 21/40 - 61/120   2772.1 ms
block 22/40 - 64/120   2776.4 ms
block 23/40 - 67/120   2791.3 ms
block 24/40 - 70/120   2779.4 ms
block 25/40 - 73/120   2786.1 ms
block 26/40 - 76/120   2802.2 ms
block 27/40 - 79/120   2778.4 ms
block 28/40 - 82/120   2784.7 ms
block 29/40 - 85/120   2776.3 ms
block 30/40 - 88/120   2776.1 ms
block 31/40 - 91/120   2790.7 ms
block 32/40 - 94/120   2810.4 ms
block 33/40 - 97/120   2794.8 ms
block 34/40 - 100/120   2776.1 ms
block 35/40 - 103/120   2793.3 ms
block 36/40 - 106/120   2829.8 ms
block 37/40 - 109/120   2798.1 ms
block 38/40 - 112/120   2778.2 ms
block 39/40 - 115/120   2778.6 ms
block 40/40 - 118/120   2780.3 ms
[97/128] elapsed=26.2m  avg=16.2s/prompt  eta=8.4m
block 1/40 - 1/120   2106.7 ms
block 2/40 - 4/120   2618.3 ms
block 3/40 - 7/120   2315.9 ms
block 4/40 - 10/120   2771.5 ms
block 5/40 - 13/120   2778.5 ms
block 6/40 - 16/120   2782.9 ms
block 7/40 - 19/120   2795.9 ms
block 8/40 - 22/120   2781.3 ms
block 9/40 - 25/120   2789.0 ms
block 10/40 - 28/120   2780.0 ms
block 11/40 - 31/120   2841.2 ms
block 12/40 - 34/120   2825.9 ms
block 13/40 - 37/120   2778.3 ms
block 14/40 - 40/120   2781.3 ms
block 15/40 - 43/120   2804.5 ms
block 16/40 - 46/120   2781.9 ms
block 17/40 - 49/120   2783.1 ms
block 18/40 - 52/120   2773.6 ms
block 19/40 - 55/120   2777.0 ms
block 20/40 - 58/120   2777.3 ms
block 21/40 - 61/120   2764.0 ms
block 22/40 - 64/120   2854.4 ms
block 23/40 - 67/120   2816.8 ms
block 24/40 - 70/120   2773.8 ms
block 25/40 - 73/120   2805.8 ms
block 26/40 - 76/120   2784.1 ms
block 27/40 - 79/120   2791.1 ms
block 28/40 - 82/120   2778.8 ms
block 29/40 - 85/120   2784.0 ms
block 30/40 - 88/120   2778.5 ms
block 31/40 - 91/120   2773.9 ms
block 32/40 - 94/120   2838.8 ms
block 33/40 - 97/120   2816.0 ms
block 34/40 - 100/120   2821.5 ms
block 35/40 - 103/120   2799.1 ms
block 36/40 - 106/120   2778.2 ms
block 37/40 - 109/120   2791.5 ms
block 38/40 - 112/120   2787.3 ms
block 39/40 - 115/120   2809.4 ms
block 40/40 - 118/120   2795.3 ms
[113/128] elapsed=28.0m  avg=14.9s/prompt  eta=3.7m
