Running on a single GPU (cuda); skipping NCCL initialization.
Free VRAM 94.3734130859375 GB
Loading CUDA extension (first run compiles ~60s; cached run ~3s)...
CUDA extension ready in 11.7s.
[CacheCompatibilityPolicy] recent=20:0 coverage=21:360 episode=22:0 budget=9FFE owner=HeadComposition
KV inference with 3 frames per block
Number of prompts: 128
Prompt index range: [0, 128)
Loading PyramidKV config from /apdcephfs_gy2/share_303214315/cedricnie/develop/training-free/runs/v180_rccp_fresh128/inputs/maps/all_coverage.csv
block 1/40 - 1/120  145659.3 ms
block 2/40 - 4/120   5292.1 ms
block 3/40 - 7/120   5410.6 ms
block 4/40 - 10/120   6795.4 ms
block 5/40 - 13/120   6720.8 ms
block 6/40 - 16/120   6706.8 ms
block 7/40 - 19/120   6760.1 ms
block 8/40 - 22/120   6787.7 ms
block 9/40 - 25/120   6791.8 ms
block 10/40 - 28/120   6796.1 ms
block 11/40 - 31/120   6782.0 ms
block 12/40 - 34/120   6842.3 ms
block 13/40 - 37/120   6777.0 ms
block 14/40 - 40/120   6780.2 ms
block 15/40 - 43/120   6744.2 ms
block 16/40 - 46/120   6823.4 ms
block 17/40 - 49/120   6723.8 ms
block 18/40 - 52/120   6759.2 ms
block 19/40 - 55/120   6791.6 ms
block 20/40 - 58/120   6817.7 ms
block 21/40 - 61/120   6870.5 ms
block 22/40 - 64/120   6803.0 ms
block 23/40 - 67/120   6786.8 ms
block 24/40 - 70/120   6789.4 ms
block 25/40 - 73/120   6808.2 ms
block 26/40 - 76/120   6816.5 ms
block 27/40 - 79/120   6824.3 ms
block 28/40 - 82/120   6442.7 ms
block 29/40 - 85/120   6487.7 ms
block 30/40 - 88/120   6799.7 ms
block 31/40 - 91/120   6807.5 ms
block 32/40 - 94/120   6772.1 ms
block 33/40 - 97/120   6777.3 ms
block 34/40 - 100/120   6819.9 ms
block 35/40 - 103/120   6798.4 ms
block 36/40 - 106/120   6715.6 ms
block 37/40 - 109/120   6802.3 ms
block 38/40 - 112/120   6809.8 ms
block 39/40 - 115/120   6826.1 ms
block 40/40 - 118/120   6745.5 ms
[3/128] elapsed=6.8m  avg=136.1s/prompt  eta=283.5m
/apdcephfs_gy2/share_303214315/cedricnie/miniconda3/envs/longlive/lib/python3.10/site-packages/torchvision/io/_video_deprecation_warning.py:9: UserWarning: The video decoding and encoding capabilities of torchvision are deprecated from version 0.22 and will be removed in version 0.24. We recommend that you migrate to TorchCodec, where we'll consolidate the future decoding/encoding capabilities of PyTorch: https://github.com/pytorch/torchcodec
  warnings.warn(
block 1/40 - 1/120   5787.4 ms
block 2/40 - 4/120   2636.7 ms
block 3/40 - 7/120   3671.8 ms
block 4/40 - 10/120   6038.2 ms
block 5/40 - 13/120   6299.3 ms
block 6/40 - 16/120   6731.5 ms
block 7/40 - 19/120   6762.7 ms
block 8/40 - 22/120   6781.1 ms
block 9/40 - 25/120   6813.3 ms
block 10/40 - 28/120   6784.9 ms
block 11/40 - 31/120   6776.0 ms
block 12/40 - 34/120   6773.2 ms
block 13/40 - 37/120   6794.8 ms
block 14/40 - 40/120   6719.6 ms
block 15/40 - 43/120   6793.8 ms
block 16/40 - 46/120   6770.6 ms
block 17/40 - 49/120   6738.9 ms
block 18/40 - 52/120   6772.7 ms
block 19/40 - 55/120   6756.0 ms
block 20/40 - 58/120   6823.8 ms
block 21/40 - 61/120   6764.3 ms
block 22/40 - 64/120   6774.1 ms
block 23/40 - 67/120   6688.4 ms
block 24/40 - 70/120   6790.3 ms
block 25/40 - 73/120   6767.3 ms
block 26/40 - 76/120   6472.1 ms
block 27/40 - 79/120   6411.1 ms
block 28/40 - 82/120   6723.7 ms
block 29/40 - 85/120   6701.7 ms
block 30/40 - 88/120   6729.6 ms
block 31/40 - 91/120   6774.7 ms
block 32/40 - 94/120   6772.2 ms
block 33/40 - 97/120   6754.9 ms
block 34/40 - 100/120   6772.9 ms
block 35/40 - 103/120   6755.1 ms
block 36/40 - 106/120   6791.3 ms
block 37/40 - 109/120   6813.2 ms
block 38/40 - 112/120   6738.4 ms
block 39/40 - 115/120   6769.9 ms
block 40/40 - 118/120   6759.9 ms
[19/128] elapsed=11.2m  avg=35.3s/prompt  eta=64.1m
block 1/40 - 1/120   7741.9 ms
block 2/40 - 4/120   5904.0 ms
block 3/40 - 7/120   5376.6 ms
block 4/40 - 10/120   3596.5 ms
block 5/40 - 13/120   5746.5 ms
block 6/40 - 16/120   6174.2 ms
block 7/40 - 19/120   6540.9 ms
block 8/40 - 22/120   6740.5 ms
block 9/40 - 25/120   6788.8 ms
block 10/40 - 28/120   6764.9 ms
block 11/40 - 31/120   6768.7 ms
block 12/40 - 34/120   6771.0 ms
block 13/40 - 37/120   6739.9 ms
block 14/40 - 40/120   6335.0 ms
block 15/40 - 43/120   6501.3 ms
block 16/40 - 46/120   6717.8 ms
block 17/40 - 49/120   6552.9 ms
block 18/40 - 52/120   6766.7 ms
block 19/40 - 55/120   6832.2 ms
block 20/40 - 58/120   6810.4 ms
block 21/40 - 61/120   6717.3 ms
block 22/40 - 64/120   6753.3 ms
block 23/40 - 67/120   6781.6 ms
block 24/40 - 70/120   6760.5 ms
block 25/40 - 73/120   6797.0 ms
block 26/40 - 76/120   6790.4 ms
block 27/40 - 79/120   6795.3 ms
block 28/40 - 82/120   6780.5 ms
block 29/40 - 85/120   6774.6 ms
block 30/40 - 88/120   6789.6 ms
block 31/40 - 91/120   6762.5 ms
block 32/40 - 94/120   6780.3 ms
block 33/40 - 97/120   6743.4 ms
block 34/40 - 100/120   6806.1 ms
block 35/40 - 103/120   6775.1 ms
block 36/40 - 106/120   6787.2 ms
block 37/40 - 109/120   6395.5 ms
block 38/40 - 112/120   6537.7 ms
block 39/40 - 115/120   6789.2 ms
block 40/40 - 118/120   6747.0 ms
[35/128] elapsed=15.6m  avg=26.7s/prompt  eta=41.4m
block 1/40 - 1/120   7359.0 ms
block 2/40 - 4/120   5792.2 ms
block 3/40 - 7/120   6301.5 ms
block 4/40 - 10/120   6781.9 ms
block 5/40 - 13/120   5675.3 ms
block 6/40 - 16/120   3600.5 ms
block 7/40 - 19/120   5720.8 ms
block 8/40 - 22/120   6201.4 ms
block 9/40 - 25/120   6452.9 ms
block 10/40 - 28/120   6800.9 ms
block 11/40 - 31/120   6779.6 ms
block 12/40 - 34/120   6801.9 ms
block 13/40 - 37/120   6804.0 ms
block 14/40 - 40/120   6831.1 ms
block 15/40 - 43/120   6833.0 ms
block 16/40 - 46/120   6816.9 ms
block 17/40 - 49/120   6750.9 ms
block 18/40 - 52/120   6752.2 ms
block 19/40 - 55/120   6819.3 ms
block 20/40 - 58/120   6798.4 ms
block 21/40 - 61/120   6592.7 ms
block 22/40 - 64/120   6393.0 ms
block 23/40 - 67/120   6801.9 ms
block 24/40 - 70/120   6733.8 ms
block 25/40 - 73/120   6693.1 ms
block 26/40 - 76/120   6766.4 ms
block 27/40 - 79/120   6759.4 ms
block 28/40 - 82/120   6782.6 ms
block 29/40 - 85/120   6807.1 ms
block 30/40 - 88/120   6841.5 ms
block 31/40 - 91/120   6784.6 ms
block 32/40 - 94/120   6792.3 ms
block 33/40 - 97/120   6748.2 ms
block 34/40 - 100/120   6783.5 ms
block 35/40 - 103/120   6790.3 ms
block 36/40 - 106/120   6769.8 ms
block 37/40 - 109/120   6785.8 ms
block 38/40 - 112/120   6805.3 ms
block 39/40 - 115/120   6858.2 ms
block 40/40 - 118/120   6776.6 ms
[51/128] elapsed=20.0m  avg=23.5s/prompt  eta=30.2m
block 1/40 - 1/120   7620.8 ms
block 2/40 - 4/120   5845.9 ms
block 3/40 - 7/120   6266.5 ms
block 4/40 - 10/120   6766.1 ms
block 5/40 - 13/120   6492.0 ms
block 6/40 - 16/120   6470.6 ms
block 7/40 - 19/120   3547.4 ms
block 8/40 - 22/120   2879.7 ms
block 9/40 - 25/120   2591.9 ms
block 10/40 - 28/120   2737.8 ms
block 11/40 - 31/120   3004.2 ms
block 12/40 - 34/120   2725.6 ms
block 13/40 - 37/120   2714.1 ms
block 14/40 - 40/120   2745.9 ms
block 15/40 - 43/120   2743.3 ms
block 16/40 - 46/120   2732.8 ms
block 17/40 - 49/120   2722.6 ms
block 18/40 - 52/120   2737.0 ms
block 19/40 - 55/120   2724.6 ms
block 20/40 - 58/120   2726.9 ms
block 21/40 - 61/120   2722.1 ms
block 22/40 - 64/120   2721.9 ms
block 23/40 - 67/120   2723.7 ms
block 24/40 - 70/120   2723.9 ms
block 25/40 - 73/120   2728.0 ms
block 26/40 - 76/120   2725.7 ms
block 27/40 - 79/120   2723.2 ms
block 28/40 - 82/120   2730.2 ms
block 29/40 - 85/120   2719.0 ms
block 30/40 - 88/120   2717.5 ms
block 31/40 - 91/120   2719.9 ms
block 32/40 - 94/120   2731.7 ms
block 33/40 - 97/120   2733.4 ms
block 34/40 - 100/120   2720.1 ms
block 35/40 - 103/120   2720.9 ms
block 36/40 - 106/120   2724.9 ms
block 37/40 - 109/120   2734.7 ms
block 38/40 - 112/120   2725.1 ms
block 39/40 - 115/120   2722.7 ms
block 40/40 - 118/120   2729.0 ms
[67/128] elapsed=22.2m  avg=19.9s/prompt  eta=20.2m
block 1/40 - 1/120   1986.3 ms
block 2/40 - 4/120   2359.7 ms
block 3/40 - 7/120   2293.2 ms
block 4/40 - 10/120   2715.5 ms
block 5/40 - 13/120   2723.8 ms
block 6/40 - 16/120   2718.0 ms
block 7/40 - 19/120   2726.9 ms
block 8/40 - 22/120   2740.3 ms
block 9/40 - 25/120   2763.3 ms
block 10/40 - 28/120   2751.8 ms
block 11/40 - 31/120   2728.6 ms
block 12/40 - 34/120   2719.3 ms
block 13/40 - 37/120   2709.7 ms
block 14/40 - 40/120   2728.4 ms
block 15/40 - 43/120   2768.5 ms
block 16/40 - 46/120   2741.8 ms
block 17/40 - 49/120   2723.0 ms
block 18/40 - 52/120   2723.7 ms
block 19/40 - 55/120   2725.8 ms
block 20/40 - 58/120   2724.1 ms
block 21/40 - 61/120   2730.3 ms
block 22/40 - 64/120   2725.2 ms
block 23/40 - 67/120   2724.7 ms
block 24/40 - 70/120   2724.5 ms
block 25/40 - 73/120   2722.7 ms
block 26/40 - 76/120   2727.7 ms
block 27/40 - 79/120   2726.3 ms
block 28/40 - 82/120   2723.0 ms
block 29/40 - 85/120   2724.6 ms
block 30/40 - 88/120   2736.2 ms
block 31/40 - 91/120   2727.1 ms
block 32/40 - 94/120   2754.4 ms
block 33/40 - 97/120   2734.1 ms
block 34/40 - 100/120   2770.9 ms
block 35/40 - 103/120   2725.9 ms
block 36/40 - 106/120   2729.3 ms
block 37/40 - 109/120   2760.6 ms
block 38/40 - 112/120   2722.0 ms
block 39/40 - 115/120   2721.7 ms
block 40/40 - 118/120   2726.5 ms
[83/128] elapsed=24.0m  avg=17.4s/prompt  eta=13.0m
block 1/40 - 1/120   2169.8 ms
block 2/40 - 4/120   2658.9 ms
block 3/40 - 7/120   2273.9 ms
block 4/40 - 10/120   2714.2 ms
block 5/40 - 13/120   2724.3 ms
block 6/40 - 16/120   2712.5 ms
block 7/40 - 19/120   2731.9 ms
block 8/40 - 22/120   2731.5 ms
block 9/40 - 25/120   2722.5 ms
block 10/40 - 28/120   2719.3 ms
block 11/40 - 31/120   2724.8 ms
block 12/40 - 34/120   2727.6 ms
block 13/40 - 37/120   2713.0 ms
block 14/40 - 40/120   2721.6 ms
block 15/40 - 43/120   2729.3 ms
block 16/40 - 46/120   2727.4 ms
block 17/40 - 49/120   2727.0 ms
block 18/40 - 52/120   2736.5 ms
block 19/40 - 55/120   2742.4 ms
block 20/40 - 58/120   2730.1 ms
block 21/40 - 61/120   2838.7 ms
block 22/40 - 64/120   2723.9 ms
block 23/40 - 67/120   2724.4 ms
block 24/40 - 70/120   2727.9 ms
block 25/40 - 73/120   2722.9 ms
block 26/40 - 76/120   2723.1 ms
block 27/40 - 79/120   2726.0 ms
block 28/40 - 82/120   2721.9 ms
block 29/40 - 85/120   2726.2 ms
block 30/40 - 88/120   2725.0 ms
block 31/40 - 91/120   2726.0 ms
block 32/40 - 94/120   2733.6 ms
block 33/40 - 97/120   2740.9 ms
block 34/40 - 100/120   2725.8 ms
block 35/40 - 103/120   2725.2 ms
block 36/40 - 106/120   2725.6 ms
block 37/40 - 109/120   2754.7 ms
block 38/40 - 112/120   2726.6 ms
block 39/40 - 115/120   2722.0 ms
block 40/40 - 118/120   2721.4 ms
[99/128] elapsed=25.8m  avg=15.7s/prompt  eta=7.6m
block 1/40 - 1/120   2076.3 ms
block 2/40 - 4/120   2597.3 ms
block 3/40 - 7/120   2280.2 ms
block 4/40 - 10/120   2708.7 ms
block 5/40 - 13/120   2720.7 ms
block 6/40 - 16/120   2713.9 ms
block 7/40 - 19/120   2726.1 ms
block 8/40 - 22/120   2730.8 ms
block 9/40 - 25/120   2726.0 ms
block 10/40 - 28/120   2735.0 ms
block 11/40 - 31/120   2753.8 ms
block 12/40 - 34/120   2724.4 ms
block 13/40 - 37/120   2711.5 ms
block 14/40 - 40/120   2723.8 ms
block 15/40 - 43/120   2720.8 ms
block 16/40 - 46/120   2728.0 ms
block 17/40 - 49/120   2737.4 ms
block 18/40 - 52/120   2755.8 ms
block 19/40 - 55/120   2722.6 ms
block 20/40 - 58/120   2725.3 ms
block 21/40 - 61/120   2741.9 ms
block 22/40 - 64/120   2730.9 ms
block 23/40 - 67/120   2729.9 ms
block 24/40 - 70/120   2765.4 ms
block 25/40 - 73/120   2720.2 ms
block 26/40 - 76/120   2729.2 ms
block 27/40 - 79/120   2744.7 ms
block 28/40 - 82/120   2763.5 ms
block 29/40 - 85/120   2724.3 ms
block 30/40 - 88/120   2723.2 ms
block 31/40 - 91/120   2723.2 ms
block 32/40 - 94/120   2743.2 ms
block 33/40 - 97/120   2726.3 ms
block 34/40 - 100/120   2739.5 ms
block 35/40 - 103/120   2724.5 ms
block 36/40 - 106/120   2767.9 ms
block 37/40 - 109/120   2689.5 ms
block 38/40 - 112/120   2727.6 ms
block 39/40 - 115/120   2720.2 ms
block 40/40 - 118/120   2744.4 ms
[115/128] elapsed=27.6m  avg=14.4s/prompt  eta=3.1m
