Running on a single GPU (cuda); skipping NCCL initialization.
Free VRAM 94.3734130859375 GB
Loading CUDA extension (first run compiles ~60s; cached run ~3s)...
CUDA extension ready in 12.2s.
[CacheCompatibilityPolicy] recent=20:0 coverage=21:360 episode=22:0 budget=9FFE owner=HeadComposition
KV inference with 3 frames per block
Number of prompts: 128
Prompt index range: [0, 128)
Loading PyramidKV config from /apdcephfs_gy2/share_303214315/cedricnie/develop/training-free/runs/v180_rccp_fresh128/inputs/maps/all_coverage.csv
block 1/40 - 1/120  145390.4 ms
block 2/40 - 4/120   5059.1 ms
block 3/40 - 7/120   5519.2 ms
block 4/40 - 10/120   6851.8 ms
block 5/40 - 13/120   6842.4 ms
block 6/40 - 16/120   6848.7 ms
block 7/40 - 19/120   6778.0 ms
block 8/40 - 22/120   6848.8 ms
block 9/40 - 25/120   6827.9 ms
block 10/40 - 28/120   6795.5 ms
block 11/40 - 31/120   6845.1 ms
block 12/40 - 34/120   6833.3 ms
block 13/40 - 37/120   6846.3 ms
block 14/40 - 40/120   6801.1 ms
block 15/40 - 43/120   6870.9 ms
block 16/40 - 46/120   6852.9 ms
block 17/40 - 49/120   6851.0 ms
block 18/40 - 52/120   6808.0 ms
block 19/40 - 55/120   6820.7 ms
block 20/40 - 58/120   6845.0 ms
block 21/40 - 61/120   6841.3 ms
block 22/40 - 64/120   6850.6 ms
block 23/40 - 67/120   6848.5 ms
block 24/40 - 70/120   6818.1 ms
block 25/40 - 73/120   6811.1 ms
block 26/40 - 76/120   6840.2 ms
block 27/40 - 79/120   6806.6 ms
block 28/40 - 82/120   6839.3 ms
block 29/40 - 85/120   6843.1 ms
block 30/40 - 88/120   6830.3 ms
block 31/40 - 91/120   6824.5 ms
block 32/40 - 94/120   6832.3 ms
block 33/40 - 97/120   6833.9 ms
block 34/40 - 100/120   6851.5 ms
block 35/40 - 103/120   6839.5 ms
block 36/40 - 106/120   6820.6 ms
block 37/40 - 109/120   6819.0 ms
block 38/40 - 112/120   6807.5 ms
block 39/40 - 115/120   6861.7 ms
block 40/40 - 118/120   6741.4 ms
/apdcephfs_gy2/share_303214315/cedricnie/miniconda3/envs/longlive/lib/python3.10/site-packages/torchvision/io/_video_deprecation_warning.py:9: UserWarning: The video decoding and encoding capabilities of torchvision are deprecated from version 0.22 and will be removed in version 0.24. We recommend that you migrate to TorchCodec, where we'll consolidate the future decoding/encoding capabilities of PyTorch: https://github.com/pytorch/torchcodec
  warnings.warn(
[10/128] elapsed=6.8m  avg=41.0s/prompt  eta=80.7m
block 1/40 - 1/120   4682.0 ms
block 2/40 - 4/120   2679.1 ms
block 3/40 - 7/120   5278.4 ms
block 4/40 - 10/120   6259.1 ms
block 5/40 - 13/120   6615.9 ms
block 6/40 - 16/120   6704.7 ms
block 7/40 - 19/120   6836.9 ms
block 8/40 - 22/120   6836.9 ms
block 9/40 - 25/120   6817.3 ms
block 10/40 - 28/120   6835.9 ms
block 11/40 - 31/120   6836.4 ms
block 12/40 - 34/120   6853.9 ms
block 13/40 - 37/120   6828.4 ms
block 14/40 - 40/120   6808.1 ms
block 15/40 - 43/120   6817.8 ms
block 16/40 - 46/120   6814.4 ms
block 17/40 - 49/120   6880.7 ms
block 18/40 - 52/120   6827.8 ms
block 19/40 - 55/120   6782.1 ms
block 20/40 - 58/120   6623.7 ms
block 21/40 - 61/120   6716.4 ms
block 22/40 - 64/120   6692.7 ms
block 23/40 - 67/120   6790.1 ms
block 24/40 - 70/120   6833.0 ms
block 25/40 - 73/120   6812.7 ms
block 26/40 - 76/120   6869.3 ms
block 27/40 - 79/120   6761.3 ms
block 28/40 - 82/120   6820.5 ms
block 29/40 - 85/120   6825.8 ms
block 30/40 - 88/120   6870.0 ms
block 31/40 - 91/120   6836.9 ms
block 32/40 - 94/120   6812.4 ms
block 33/40 - 97/120   6804.3 ms
block 34/40 - 100/120   6815.0 ms
block 35/40 - 103/120   6855.4 ms
block 36/40 - 106/120   6856.4 ms
block 37/40 - 109/120   6857.7 ms
block 38/40 - 112/120   6828.7 ms
block 39/40 - 115/120   6896.6 ms
block 40/40 - 118/120   6804.8 ms
[26/128] elapsed=11.3m  avg=26.0s/prompt  eta=44.2m
block 1/40 - 1/120   7552.2 ms
block 2/40 - 4/120   4761.0 ms
block 3/40 - 7/120   3068.9 ms
block 4/40 - 10/120   5282.2 ms
block 5/40 - 13/120   6249.7 ms
block 6/40 - 16/120   6472.3 ms
block 7/40 - 19/120   6824.5 ms
block 8/40 - 22/120   6834.3 ms
block 9/40 - 25/120   6787.7 ms
block 10/40 - 28/120   6724.2 ms
block 11/40 - 31/120   6723.1 ms
block 12/40 - 34/120   6522.6 ms
block 13/40 - 37/120   6747.9 ms
block 14/40 - 40/120   6789.6 ms
block 15/40 - 43/120   6774.4 ms
block 16/40 - 46/120   6853.0 ms
block 17/40 - 49/120   6813.1 ms
block 18/40 - 52/120   6847.6 ms
block 19/40 - 55/120   6819.8 ms
block 20/40 - 58/120   6808.9 ms
block 21/40 - 61/120   6776.6 ms
block 22/40 - 64/120   6841.0 ms
block 23/40 - 67/120   6869.8 ms
block 24/40 - 70/120   6845.5 ms
block 25/40 - 73/120   6813.4 ms
block 26/40 - 76/120   6825.1 ms
block 27/40 - 79/120   6815.0 ms
block 28/40 - 82/120   6825.1 ms
block 29/40 - 85/120   6851.4 ms
block 30/40 - 88/120   6798.4 ms
block 31/40 - 91/120   6820.8 ms
block 32/40 - 94/120   6775.5 ms
block 33/40 - 97/120   6857.3 ms
block 34/40 - 100/120   6835.0 ms
block 35/40 - 103/120   6857.1 ms
block 36/40 - 106/120   6854.2 ms
block 37/40 - 109/120   6800.1 ms
block 38/40 - 112/120   6808.7 ms
block 39/40 - 115/120   6815.1 ms
block 40/40 - 118/120   6813.7 ms
[42/128] elapsed=15.7m  avg=22.4s/prompt  eta=32.1m
block 1/40 - 1/120   8059.7 ms
block 2/40 - 4/120   5878.4 ms
block 3/40 - 7/120   5693.3 ms
block 4/40 - 10/120   3826.0 ms
block 5/40 - 13/120   4539.6 ms
block 6/40 - 16/120   5702.8 ms
block 7/40 - 19/120   6343.5 ms
block 8/40 - 22/120   6787.6 ms
block 9/40 - 25/120   6806.2 ms
block 10/40 - 28/120   6846.9 ms
block 11/40 - 31/120   6865.9 ms
block 12/40 - 34/120   6855.0 ms
block 13/40 - 37/120   6823.9 ms
block 14/40 - 40/120   6862.0 ms
block 15/40 - 43/120   6842.5 ms
block 16/40 - 46/120   6826.4 ms
block 17/40 - 49/120   6827.4 ms
block 18/40 - 52/120   6823.1 ms
block 19/40 - 55/120   6794.4 ms
block 20/40 - 58/120   6849.6 ms
block 21/40 - 61/120   6796.1 ms
block 22/40 - 64/120   6827.8 ms
block 23/40 - 67/120   6881.5 ms
block 24/40 - 70/120   6779.4 ms
block 25/40 - 73/120   6816.5 ms
block 26/40 - 76/120   6843.9 ms
block 27/40 - 79/120   6855.1 ms
block 28/40 - 82/120   6847.1 ms
block 29/40 - 85/120   6878.4 ms
block 30/40 - 88/120   6822.9 ms
block 31/40 - 91/120   6825.2 ms
block 32/40 - 94/120   6833.2 ms
block 33/40 - 97/120   6840.8 ms
block 34/40 - 100/120   6831.3 ms
block 35/40 - 103/120   6804.7 ms
block 36/40 - 106/120   6814.9 ms
block 37/40 - 109/120   6688.3 ms
block 38/40 - 112/120   6347.0 ms
block 39/40 - 115/120   6836.3 ms
block 40/40 - 118/120   6847.9 ms
[58/128] elapsed=20.1m  avg=20.8s/prompt  eta=24.3m
block 1/40 - 1/120   7286.6 ms
block 2/40 - 4/120   5974.7 ms
block 3/40 - 7/120   6273.6 ms
block 4/40 - 10/120   6802.9 ms
block 5/40 - 13/120   5282.7 ms
block 6/40 - 16/120   2784.3 ms
block 7/40 - 19/120   2756.2 ms
block 8/40 - 22/120   2761.3 ms
block 9/40 - 25/120   2731.9 ms
block 10/40 - 28/120   2745.6 ms
block 11/40 - 31/120   2730.5 ms
block 12/40 - 34/120   2730.9 ms
block 13/40 - 37/120   2734.0 ms
block 14/40 - 40/120   2733.1 ms
block 15/40 - 43/120   2761.3 ms
block 16/40 - 46/120   2745.7 ms
block 17/40 - 49/120   2838.1 ms
block 18/40 - 52/120   2741.0 ms
block 19/40 - 55/120   2727.2 ms
block 20/40 - 58/120   2731.6 ms
block 21/40 - 61/120   2713.6 ms
block 22/40 - 64/120   2730.0 ms
block 23/40 - 67/120   2726.6 ms
block 24/40 - 70/120   2727.9 ms
block 25/40 - 73/120   2723.7 ms
block 26/40 - 76/120   2725.2 ms
block 27/40 - 79/120   2727.1 ms
block 28/40 - 82/120   2725.0 ms
block 29/40 - 85/120   2724.5 ms
block 30/40 - 88/120   2722.9 ms
block 31/40 - 91/120   2727.0 ms
block 32/40 - 94/120   2752.3 ms
block 33/40 - 97/120   2751.5 ms
block 34/40 - 100/120   2722.8 ms
block 35/40 - 103/120   2726.1 ms
block 36/40 - 106/120   2732.2 ms
block 37/40 - 109/120   2749.9 ms
block 38/40 - 112/120   2727.3 ms
block 39/40 - 115/120   2725.2 ms
block 40/40 - 118/120   2730.9 ms
[74/128] elapsed=22.3m  avg=18.0s/prompt  eta=16.2m
block 1/40 - 1/120   2052.6 ms
block 2/40 - 4/120   2467.3 ms
block 3/40 - 7/120   2292.0 ms
block 4/40 - 10/120   2730.0 ms
block 5/40 - 13/120   2728.7 ms
block 6/40 - 16/120   2715.5 ms
block 7/40 - 19/120   2728.8 ms
block 8/40 - 22/120   2751.8 ms
block 9/40 - 25/120   2738.8 ms
block 10/40 - 28/120   2730.6 ms
block 11/40 - 31/120   2756.4 ms
block 12/40 - 34/120   2730.5 ms
block 13/40 - 37/120   2715.6 ms
block 14/40 - 40/120   2766.3 ms
block 15/40 - 43/120   2732.9 ms
block 16/40 - 46/120   2739.8 ms
block 17/40 - 49/120   2739.6 ms
block 18/40 - 52/120   2753.1 ms
block 19/40 - 55/120   2731.4 ms
block 20/40 - 58/120   2728.2 ms
block 21/40 - 61/120   2713.8 ms
block 22/40 - 64/120   2725.2 ms
block 23/40 - 67/120   2728.0 ms
block 24/40 - 70/120   2727.0 ms
block 25/40 - 73/120   2728.3 ms
block 26/40 - 76/120   2727.0 ms
block 27/40 - 79/120   2726.4 ms
block 28/40 - 82/120   2727.8 ms
block 29/40 - 85/120   2731.5 ms
block 30/40 - 88/120   2810.4 ms
block 31/40 - 91/120   2734.4 ms
block 32/40 - 94/120   2732.6 ms
block 33/40 - 97/120   2739.8 ms
block 34/40 - 100/120   2733.2 ms
block 35/40 - 103/120   2726.2 ms
block 36/40 - 106/120   2765.8 ms
block 37/40 - 109/120   2727.6 ms
block 38/40 - 112/120   2742.7 ms
block 39/40 - 115/120   2727.3 ms
block 40/40 - 118/120   2767.8 ms
[90/128] elapsed=24.1m  avg=16.0s/prompt  eta=10.2m
block 1/40 - 1/120   1950.4 ms
block 2/40 - 4/120   2483.2 ms
block 3/40 - 7/120   2529.7 ms
block 4/40 - 10/120   2733.5 ms
block 5/40 - 13/120   2736.2 ms
block 6/40 - 16/120   2726.8 ms
block 7/40 - 19/120   2737.7 ms
block 8/40 - 22/120   2730.6 ms
block 9/40 - 25/120   2722.5 ms
block 10/40 - 28/120   2726.4 ms
block 11/40 - 31/120   2785.2 ms
block 12/40 - 34/120   2955.4 ms
block 13/40 - 37/120   2743.3 ms
block 14/40 - 40/120   2752.6 ms
block 15/40 - 43/120   2725.9 ms
block 16/40 - 46/120   2737.4 ms
block 17/40 - 49/120   2733.0 ms
block 18/40 - 52/120   2756.9 ms
block 19/40 - 55/120   2726.5 ms
block 20/40 - 58/120   2728.9 ms
block 21/40 - 61/120   2716.2 ms
block 22/40 - 64/120   2748.6 ms
block 23/40 - 67/120   2732.9 ms
block 24/40 - 70/120   2725.4 ms
block 25/40 - 73/120   2760.6 ms
block 26/40 - 76/120   2766.7 ms
block 27/40 - 79/120   2738.9 ms
block 28/40 - 82/120   2727.1 ms
block 29/40 - 85/120   2726.1 ms
block 30/40 - 88/120   2731.0 ms
block 31/40 - 91/120   2755.3 ms
block 32/40 - 94/120   2747.6 ms
block 33/40 - 97/120   2748.0 ms
block 34/40 - 100/120   2877.1 ms
block 35/40 - 103/120   2763.7 ms
block 36/40 - 106/120   2845.1 ms
block 37/40 - 109/120   2755.1 ms
block 38/40 - 112/120   2749.4 ms
block 39/40 - 115/120   2732.4 ms
block 40/40 - 118/120   2781.3 ms
[106/128] elapsed=25.9m  avg=14.7s/prompt  eta=5.4m
block 1/40 - 1/120   2370.5 ms
block 2/40 - 4/120   2474.8 ms
block 3/40 - 7/120   2277.9 ms
block 4/40 - 10/120   2717.4 ms
block 5/40 - 13/120   2729.5 ms
block 6/40 - 16/120   2719.3 ms
block 7/40 - 19/120   2741.0 ms
block 8/40 - 22/120   2807.9 ms
block 9/40 - 25/120   2731.5 ms
block 10/40 - 28/120   2730.5 ms
block 11/40 - 31/120   2733.7 ms
block 12/40 - 34/120   2728.0 ms
block 13/40 - 37/120   2721.3 ms
block 14/40 - 40/120   2730.2 ms
block 15/40 - 43/120   2746.5 ms
block 16/40 - 46/120   2730.3 ms
block 17/40 - 49/120   2726.3 ms
block 18/40 - 52/120   2732.6 ms
block 19/40 - 55/120   2728.4 ms
block 20/40 - 58/120   2726.4 ms
block 21/40 - 61/120   2716.1 ms
block 22/40 - 64/120   2774.6 ms
block 23/40 - 67/120   2731.0 ms
block 24/40 - 70/120   2728.2 ms
block 25/40 - 73/120   2741.1 ms
block 26/40 - 76/120   2725.2 ms
block 27/40 - 79/120   2757.1 ms
block 28/40 - 82/120   2736.7 ms
block 29/40 - 85/120   2751.4 ms
block 30/40 - 88/120   2740.1 ms
block 31/40 - 91/120   2727.3 ms
block 32/40 - 94/120   2732.7 ms
block 33/40 - 97/120   2733.4 ms
block 34/40 - 100/120   2727.2 ms
block 35/40 - 103/120   2725.8 ms
block 36/40 - 106/120   2730.1 ms
block 37/40 - 109/120   2735.0 ms
block 38/40 - 112/120   2724.1 ms
block 39/40 - 115/120   2734.6 ms
block 40/40 - 118/120   2728.8 ms
[122/128] elapsed=27.7m  avg=13.6s/prompt  eta=1.4m
