Running on a single GPU (cuda); skipping NCCL initialization.
Free VRAM 94.6873779296875 GB
Loading CUDA extension (first run compiles ~60s; cached run ~3s)...
CUDA extension ready in 143.7s.
[CacheCompatibilityPolicy] recent=20:0 coverage=21:360 episode=22:0 budget=9FFE owner=HeadComposition
KV inference with 3 frames per block
Number of prompts: 128
Prompt index range: [0, 128)
[skip] prompt 8 already has output, skipping
[skip] prompt 24 already has output, skipping
[skip] prompt 40 already has output, skipping
Loading PyramidKV config from /apdcephfs_gy2/share_303214315/cedricnie/develop/training-free/runs/v180_rccp_fresh128/inputs/maps/all_coverage.csv
block 1/40 - 1/120  181479.7 ms
block 2/40 - 4/120   1886.4 ms
block 3/40 - 7/120   2450.1 ms
block 4/40 - 10/120   2965.4 ms
block 5/40 - 13/120   3108.8 ms
block 6/40 - 16/120   2783.4 ms
block 7/40 - 19/120   2763.3 ms
block 8/40 - 22/120   2764.1 ms
block 9/40 - 25/120   2783.6 ms
block 10/40 - 28/120   2776.3 ms
block 11/40 - 31/120   2780.2 ms
block 12/40 - 34/120   2798.9 ms
block 13/40 - 37/120   2783.5 ms
block 14/40 - 40/120   2805.3 ms
block 15/40 - 43/120   2794.0 ms
block 16/40 - 46/120   2785.6 ms
block 17/40 - 49/120   2780.5 ms
block 18/40 - 52/120   2741.6 ms
block 19/40 - 55/120   2785.4 ms
block 20/40 - 58/120   2767.1 ms
block 21/40 - 61/120   2774.4 ms
block 22/40 - 64/120   2793.0 ms
block 23/40 - 67/120   2774.9 ms
block 24/40 - 70/120   2774.2 ms
block 25/40 - 73/120   2775.9 ms
block 26/40 - 76/120   2817.7 ms
block 27/40 - 79/120   2773.5 ms
block 28/40 - 82/120   2763.4 ms
block 29/40 - 85/120   2778.1 ms
block 30/40 - 88/120   2758.2 ms
block 31/40 - 91/120   2756.9 ms
block 32/40 - 94/120   2771.7 ms
block 33/40 - 97/120   2764.4 ms
block 34/40 - 100/120   2787.3 ms
block 35/40 - 103/120   2872.3 ms
block 36/40 - 106/120   2797.2 ms
block 37/40 - 109/120   2879.3 ms
block 38/40 - 112/120   2774.9 ms
block 39/40 - 115/120   2737.2 ms
block 40/40 - 118/120   2885.7 ms
/apdcephfs_gy2/share_303214315/cedricnie/miniconda3/envs/longlive/lib/python3.10/site-packages/torchvision/io/_video_deprecation_warning.py:9: UserWarning: The video decoding and encoding capabilities of torchvision are deprecated from version 0.22 and will be removed in version 0.24. We recommend that you migrate to TorchCodec, where we'll consolidate the future decoding/encoding capabilities of PyTorch: https://github.com/pytorch/torchcodec
  warnings.warn(
[57/128] elapsed=5.1m  avg=5.4s/prompt  eta=6.4m
block 1/40 - 1/120   2218.5 ms
block 2/40 - 4/120   2756.9 ms
block 3/40 - 7/120   2296.8 ms
block 4/40 - 10/120   2759.1 ms
block 5/40 - 13/120   2773.9 ms
block 6/40 - 16/120   2741.9 ms
block 7/40 - 19/120   2840.9 ms
block 8/40 - 22/120   2814.6 ms
block 9/40 - 25/120   2766.3 ms
block 10/40 - 28/120   2765.4 ms
block 11/40 - 31/120   2774.0 ms
block 12/40 - 34/120   2779.0 ms
block 13/40 - 37/120   2750.6 ms
block 14/40 - 40/120   2791.0 ms
block 15/40 - 43/120   2858.8 ms
block 16/40 - 46/120   2939.6 ms
block 17/40 - 49/120   2755.6 ms
block 18/40 - 52/120   2759.1 ms
block 19/40 - 55/120   2755.3 ms
block 20/40 - 58/120   2856.4 ms
block 21/40 - 61/120   2761.1 ms
block 22/40 - 64/120   2817.8 ms
block 23/40 - 67/120   2755.5 ms
block 24/40 - 70/120   2815.4 ms
block 25/40 - 73/120   2764.9 ms
block 26/40 - 76/120   2777.5 ms
block 27/40 - 79/120   2758.9 ms
block 28/40 - 82/120   2782.5 ms
block 29/40 - 85/120   2768.2 ms
block 30/40 - 88/120   2848.0 ms
block 31/40 - 91/120   2777.7 ms
block 32/40 - 94/120   2757.3 ms
block 33/40 - 97/120   2772.2 ms
block 34/40 - 100/120   2756.8 ms
block 35/40 - 103/120   2756.0 ms
block 36/40 - 106/120   2814.8 ms
block 37/40 - 109/120   2778.5 ms
block 38/40 - 112/120   2756.8 ms
block 39/40 - 115/120   2793.5 ms
block 40/40 - 118/120   2780.5 ms
[73/128] elapsed=7.0m  avg=5.7s/prompt  eta=5.3m
block 1/40 - 1/120   3478.4 ms
block 2/40 - 4/120   2142.9 ms
block 3/40 - 7/120   2299.6 ms
block 4/40 - 10/120   2758.4 ms
block 5/40 - 13/120   2758.5 ms
block 6/40 - 16/120   2817.0 ms
block 7/40 - 19/120   2763.7 ms
block 8/40 - 22/120   2799.5 ms
block 9/40 - 25/120   2785.3 ms
block 10/40 - 28/120   2761.6 ms
block 11/40 - 31/120   2764.6 ms
block 12/40 - 34/120   2770.7 ms
block 13/40 - 37/120   2754.3 ms
block 14/40 - 40/120   2766.1 ms
block 15/40 - 43/120   2782.8 ms
block 16/40 - 46/120   2757.9 ms
block 17/40 - 49/120   2785.6 ms
block 18/40 - 52/120   2773.4 ms
block 19/40 - 55/120   2758.3 ms
block 20/40 - 58/120   2759.4 ms
block 21/40 - 61/120   2755.1 ms
block 22/40 - 64/120   2776.0 ms
block 23/40 - 67/120   2744.3 ms
block 24/40 - 70/120   2759.5 ms
block 25/40 - 73/120   2758.8 ms
block 26/40 - 76/120   2762.1 ms
block 27/40 - 79/120   2856.5 ms
block 28/40 - 82/120   2818.6 ms
block 29/40 - 85/120   2758.3 ms
block 30/40 - 88/120   2758.0 ms
block 31/40 - 91/120   2755.8 ms
block 32/40 - 94/120   2770.1 ms
block 33/40 - 97/120   2758.0 ms
block 34/40 - 100/120   2760.1 ms
block 35/40 - 103/120   2766.6 ms
block 36/40 - 106/120   2755.8 ms
block 37/40 - 109/120   2761.7 ms
block 38/40 - 112/120   2761.6 ms
block 39/40 - 115/120   2761.4 ms
block 40/40 - 118/120   2970.8 ms
[89/128] elapsed=8.8m  avg=6.0s/prompt  eta=3.9m
block 1/40 - 1/120   1987.8 ms
block 2/40 - 4/120   2516.0 ms
block 3/40 - 7/120   2295.0 ms
block 4/40 - 10/120   2759.3 ms
block 5/40 - 13/120   2721.1 ms
block 6/40 - 16/120   2756.5 ms
block 7/40 - 19/120   2797.7 ms
block 8/40 - 22/120   2762.2 ms
block 9/40 - 25/120   2756.0 ms
block 10/40 - 28/120   2758.3 ms
block 11/40 - 31/120   2786.8 ms
block 12/40 - 34/120   2787.6 ms
block 13/40 - 37/120   2750.4 ms
block 14/40 - 40/120   2759.4 ms
block 15/40 - 43/120   2758.9 ms
block 16/40 - 46/120   2763.8 ms
block 17/40 - 49/120   2773.6 ms
block 18/40 - 52/120   2759.8 ms
block 19/40 - 55/120   2772.5 ms
block 20/40 - 58/120   2759.3 ms
block 21/40 - 61/120   2748.4 ms
block 22/40 - 64/120   2788.0 ms
block 23/40 - 67/120   2757.6 ms
block 24/40 - 70/120   2757.6 ms
block 25/40 - 73/120   2768.9 ms
block 26/40 - 76/120   2764.8 ms
block 27/40 - 79/120   2747.5 ms
block 28/40 - 82/120   2785.8 ms
block 29/40 - 85/120   2771.9 ms
block 30/40 - 88/120   2757.2 ms
block 31/40 - 91/120   2858.3 ms
block 32/40 - 94/120   2776.3 ms
block 33/40 - 97/120   2774.3 ms
block 34/40 - 100/120   2786.7 ms
block 35/40 - 103/120   2791.7 ms
block 36/40 - 106/120   2763.8 ms
block 37/40 - 109/120   2759.7 ms
block 38/40 - 112/120   2764.6 ms
block 39/40 - 115/120   2758.1 ms
block 40/40 - 118/120   2761.5 ms
[105/128] elapsed=10.7m  avg=6.1s/prompt  eta=2.3m
block 1/40 - 1/120   2055.3 ms
block 2/40 - 4/120   2536.6 ms
block 3/40 - 7/120   2306.6 ms
block 4/40 - 10/120   2780.7 ms
block 5/40 - 13/120   2762.6 ms
block 6/40 - 16/120   2848.3 ms
block 7/40 - 19/120   2761.8 ms
block 8/40 - 22/120   2858.6 ms
block 9/40 - 25/120   2700.1 ms
block 10/40 - 28/120   2765.6 ms
block 11/40 - 31/120   2760.4 ms
block 12/40 - 34/120   2781.6 ms
block 13/40 - 37/120   2787.5 ms
block 14/40 - 40/120   2769.3 ms
block 15/40 - 43/120   2756.6 ms
block 16/40 - 46/120   2763.4 ms
block 17/40 - 49/120   2759.8 ms
block 18/40 - 52/120   2770.3 ms
block 19/40 - 55/120   2780.4 ms
block 20/40 - 58/120   2761.5 ms
block 21/40 - 61/120   2749.4 ms
block 22/40 - 64/120   2818.5 ms
block 23/40 - 67/120   2961.8 ms
block 24/40 - 70/120   2900.5 ms
block 25/40 - 73/120   2870.1 ms
block 26/40 - 76/120   2774.0 ms
block 27/40 - 79/120   2765.9 ms
block 28/40 - 82/120   2760.9 ms
block 29/40 - 85/120   2757.6 ms
block 30/40 - 88/120   2809.9 ms
block 31/40 - 91/120   2772.4 ms
block 32/40 - 94/120   2778.0 ms
block 33/40 - 97/120   2765.0 ms
block 34/40 - 100/120   2761.3 ms
block 35/40 - 103/120   2804.6 ms
block 36/40 - 106/120   2760.5 ms
block 37/40 - 109/120   2903.9 ms
block 38/40 - 112/120   2763.2 ms
block 39/40 - 115/120   2780.8 ms
block 40/40 - 118/120   2758.4 ms
[121/128] elapsed=12.5m  avg=6.2s/prompt  eta=0.7m
