Running on a single GPU (cuda); skipping NCCL initialization.
Free VRAM 94.3734130859375 GB
Loading CUDA extension (first run compiles ~60s; cached run ~3s)...
CUDA extension ready in 10.7s.
[CacheCompatibilityPolicy] recent=20:0 coverage=21:360 episode=22:0 budget=9FFE owner=HeadComposition
KV inference with 3 frames per block
Number of prompts: 128
Prompt index range: [0, 128)
Loading PyramidKV config from /apdcephfs_gy2/share_303214315/cedricnie/develop/training-free/runs/v180_rccp_fresh128/inputs/maps/all_coverage.csv
block 1/40 - 1/120  145501.1 ms
block 2/40 - 4/120   5371.6 ms
block 3/40 - 7/120   5724.1 ms
block 4/40 - 10/120   6633.3 ms
block 5/40 - 13/120   6585.2 ms
block 6/40 - 16/120   6831.6 ms
block 7/40 - 19/120   6824.9 ms
block 8/40 - 22/120   6860.0 ms
block 9/40 - 25/120   6849.5 ms
block 10/40 - 28/120   6864.7 ms
block 11/40 - 31/120   6829.2 ms
block 12/40 - 34/120   6907.7 ms
block 13/40 - 37/120   6863.2 ms
block 14/40 - 40/120   6824.7 ms
block 15/40 - 43/120   6876.0 ms
block 16/40 - 46/120   6897.5 ms
block 17/40 - 49/120   6829.7 ms
block 18/40 - 52/120   6873.3 ms
block 19/40 - 55/120   6856.3 ms
block 20/40 - 58/120   6858.4 ms
block 21/40 - 61/120   6865.8 ms
block 22/40 - 64/120   6828.2 ms
block 23/40 - 67/120   6821.5 ms
block 24/40 - 70/120   6838.3 ms
block 25/40 - 73/120   6863.2 ms
block 26/40 - 76/120   6845.7 ms
block 27/40 - 79/120   6853.0 ms
block 28/40 - 82/120   6855.3 ms
block 29/40 - 85/120   6821.8 ms
block 30/40 - 88/120   6881.8 ms
block 31/40 - 91/120   6797.7 ms
block 32/40 - 94/120   6802.9 ms
block 33/40 - 97/120   6875.7 ms
block 34/40 - 100/120   6835.8 ms
block 35/40 - 103/120   6663.6 ms
block 36/40 - 106/120   6500.7 ms
block 37/40 - 109/120   6877.4 ms
block 38/40 - 112/120   6926.6 ms
block 39/40 - 115/120   6924.7 ms
block 40/40 - 118/120   6861.0 ms
[7/128] elapsed=6.8m  avg=58.7s/prompt  eta=118.3m
/apdcephfs_gy2/share_303214315/cedricnie/miniconda3/envs/longlive/lib/python3.10/site-packages/torchvision/io/_video_deprecation_warning.py:9: UserWarning: The video decoding and encoding capabilities of torchvision are deprecated from version 0.22 and will be removed in version 0.24. We recommend that you migrate to TorchCodec, where we'll consolidate the future decoding/encoding capabilities of PyTorch: https://github.com/pytorch/torchcodec
  warnings.warn(
block 1/40 - 1/120   5788.9 ms
block 2/40 - 4/120   2671.1 ms
block 3/40 - 7/120   5522.8 ms
block 4/40 - 10/120   6321.7 ms
block 5/40 - 13/120   6808.9 ms
block 6/40 - 16/120   6846.1 ms
block 7/40 - 19/120   6871.6 ms
block 8/40 - 22/120   6897.5 ms
block 9/40 - 25/120   6851.9 ms
block 10/40 - 28/120   6887.9 ms
block 11/40 - 31/120   6877.2 ms
block 12/40 - 34/120   6871.5 ms
block 13/40 - 37/120   6929.5 ms
block 14/40 - 40/120   6866.4 ms
block 15/40 - 43/120   6812.3 ms
block 16/40 - 46/120   6849.5 ms
block 17/40 - 49/120   6939.9 ms
block 18/40 - 52/120   6868.6 ms
block 19/40 - 55/120   6882.9 ms
block 20/40 - 58/120   6856.2 ms
block 21/40 - 61/120   6879.5 ms
block 22/40 - 64/120   6855.0 ms
block 23/40 - 67/120   6854.8 ms
block 24/40 - 70/120   6871.1 ms
block 25/40 - 73/120   6850.6 ms
block 26/40 - 76/120   6838.9 ms
block 27/40 - 79/120   6889.3 ms
block 28/40 - 82/120   6851.4 ms
block 29/40 - 85/120   6720.9 ms
block 30/40 - 88/120   6559.2 ms
block 31/40 - 91/120   6744.0 ms
block 32/40 - 94/120   6848.1 ms
block 33/40 - 97/120   6869.2 ms
block 34/40 - 100/120   6869.9 ms
block 35/40 - 103/120   6889.5 ms
block 36/40 - 106/120   6897.0 ms
block 37/40 - 109/120   6875.6 ms
block 38/40 - 112/120   6870.7 ms
block 39/40 - 115/120   6897.5 ms
block 40/40 - 118/120   6888.9 ms
[23/128] elapsed=11.3m  avg=29.5s/prompt  eta=51.7m
block 1/40 - 1/120   7297.4 ms
block 2/40 - 4/120   4288.1 ms
block 3/40 - 7/120   2969.1 ms
block 4/40 - 10/120   5390.9 ms
block 5/40 - 13/120   6421.8 ms
block 6/40 - 16/120   6767.2 ms
block 7/40 - 19/120   6995.8 ms
block 8/40 - 22/120   6884.9 ms
block 9/40 - 25/120   6876.7 ms
block 10/40 - 28/120   6870.4 ms
block 11/40 - 31/120   6866.7 ms
block 12/40 - 34/120   6855.1 ms
block 13/40 - 37/120   6902.9 ms
block 14/40 - 40/120   6888.4 ms
block 15/40 - 43/120   6986.4 ms
block 16/40 - 46/120   6915.0 ms
block 17/40 - 49/120   6867.4 ms
block 18/40 - 52/120   6836.9 ms
block 19/40 - 55/120   6855.7 ms
block 20/40 - 58/120   6869.7 ms
block 21/40 - 61/120   6924.1 ms
block 22/40 - 64/120   6741.8 ms
block 23/40 - 67/120   7031.1 ms
block 24/40 - 70/120   7149.2 ms
block 25/40 - 73/120   7041.1 ms
block 26/40 - 76/120   6906.4 ms
block 27/40 - 79/120   6888.5 ms
block 28/40 - 82/120   6936.7 ms
block 29/40 - 85/120   6851.2 ms
block 30/40 - 88/120   6859.6 ms
block 31/40 - 91/120   6830.6 ms
block 32/40 - 94/120   6314.8 ms
block 33/40 - 97/120   6914.0 ms
block 34/40 - 100/120   6863.6 ms
block 35/40 - 103/120   6880.9 ms
block 36/40 - 106/120   6958.8 ms
block 37/40 - 109/120   6845.1 ms
block 38/40 - 112/120   6885.8 ms
block 39/40 - 115/120   6865.8 ms
block 40/40 - 118/120   6903.4 ms
[39/128] elapsed=15.8m  avg=24.3s/prompt  eta=36.0m
block 1/40 - 1/120   7549.6 ms
block 2/40 - 4/120   5995.3 ms
block 3/40 - 7/120   4720.3 ms
block 4/40 - 10/120   3548.7 ms
block 5/40 - 13/120   5760.2 ms
block 6/40 - 16/120   6325.4 ms
block 7/40 - 19/120   6429.7 ms
block 8/40 - 22/120   6853.7 ms
block 9/40 - 25/120   6903.3 ms
block 10/40 - 28/120   6914.8 ms
block 11/40 - 31/120   6898.5 ms
block 12/40 - 34/120   6868.7 ms
block 13/40 - 37/120   6778.6 ms
block 14/40 - 40/120   6891.0 ms
block 15/40 - 43/120   6949.3 ms
block 16/40 - 46/120   6882.7 ms
block 17/40 - 49/120   6838.3 ms
block 18/40 - 52/120   6849.0 ms
block 19/40 - 55/120   6875.5 ms
block 20/40 - 58/120   6678.7 ms
block 21/40 - 61/120   6540.0 ms
block 22/40 - 64/120   6874.1 ms
block 23/40 - 67/120   6907.7 ms
block 24/40 - 70/120   6844.6 ms
block 25/40 - 73/120   6879.2 ms
block 26/40 - 76/120   6863.8 ms
block 27/40 - 79/120   6886.6 ms
block 28/40 - 82/120   6889.6 ms
block 29/40 - 85/120   6849.9 ms
block 30/40 - 88/120   6846.8 ms
block 31/40 - 91/120   6867.4 ms
block 32/40 - 94/120   6806.0 ms
block 33/40 - 97/120   6846.5 ms
block 34/40 - 100/120   6898.1 ms
block 35/40 - 103/120   6870.5 ms
block 36/40 - 106/120   6888.7 ms
block 37/40 - 109/120   6893.7 ms
block 38/40 - 112/120   6872.6 ms
block 39/40 - 115/120   6868.3 ms
block 40/40 - 118/120   6862.5 ms
[55/128] elapsed=20.2m  avg=22.1s/prompt  eta=26.9m
block 1/40 - 1/120   7743.9 ms
block 2/40 - 4/120   5894.5 ms
block 3/40 - 7/120   6282.4 ms
block 4/40 - 10/120   6499.5 ms
block 5/40 - 13/120   3690.5 ms
block 6/40 - 16/120   6003.7 ms
block 7/40 - 19/120   6400.9 ms
block 8/40 - 22/120   6732.6 ms
block 9/40 - 25/120   6855.9 ms
block 10/40 - 28/120   6865.0 ms
block 11/40 - 31/120   6860.1 ms
block 12/40 - 34/120   6836.5 ms
block 13/40 - 37/120   6896.7 ms
block 14/40 - 40/120   6838.0 ms
block 15/40 - 43/120   6889.6 ms
block 16/40 - 46/120   6949.9 ms
block 17/40 - 49/120   6847.2 ms
block 18/40 - 52/120   6856.9 ms
block 19/40 - 55/120   6883.4 ms
block 20/40 - 58/120   6877.4 ms
block 21/40 - 61/120   6796.3 ms
block 22/40 - 64/120   6876.8 ms
block 23/40 - 67/120   6873.4 ms
block 24/40 - 70/120   6839.8 ms
block 25/40 - 73/120   6865.6 ms
block 26/40 - 76/120   6860.2 ms
block 27/40 - 79/120   6865.9 ms
block 28/40 - 82/120   6801.1 ms
block 29/40 - 85/120   6359.5 ms
block 30/40 - 88/120   6813.2 ms
block 31/40 - 91/120   6885.3 ms
block 32/40 - 94/120   6865.6 ms
block 33/40 - 97/120   6827.0 ms
block 34/40 - 100/120   6857.9 ms
block 35/40 - 103/120   6850.5 ms
block 36/40 - 106/120   6872.0 ms
block 37/40 - 109/120   6864.1 ms
block 38/40 - 112/120   6828.2 ms
block 39/40 - 115/120   6859.9 ms
block 40/40 - 118/120   6930.9 ms
[71/128] elapsed=24.7m  avg=20.9s/prompt  eta=19.9m
block 1/40 - 1/120   7441.9 ms
block 2/40 - 4/120   6012.0 ms
block 3/40 - 7/120   6294.6 ms
block 4/40 - 10/120   6853.8 ms
block 5/40 - 13/120   5850.1 ms
block 6/40 - 16/120   3585.4 ms
block 7/40 - 19/120   5952.2 ms
block 8/40 - 22/120   6420.2 ms
block 9/40 - 25/120   6590.6 ms
block 10/40 - 28/120   6855.8 ms
block 11/40 - 31/120   6867.6 ms
block 12/40 - 34/120   6879.0 ms
block 13/40 - 37/120   6854.4 ms
block 14/40 - 40/120   6871.3 ms
block 15/40 - 43/120   6863.6 ms
block 16/40 - 46/120   6843.2 ms
block 17/40 - 49/120   6872.9 ms
block 18/40 - 52/120   6870.5 ms
block 19/40 - 55/120   6877.8 ms
block 20/40 - 58/120   6859.4 ms
block 21/40 - 61/120   6840.4 ms
block 22/40 - 64/120   6886.1 ms
block 23/40 - 67/120   6881.5 ms
block 24/40 - 70/120   6884.9 ms
block 25/40 - 73/120   6829.6 ms
block 26/40 - 76/120   6453.9 ms
block 27/40 - 79/120   6838.6 ms
block 28/40 - 82/120   6820.0 ms
block 29/40 - 85/120   6866.2 ms
block 30/40 - 88/120   6833.6 ms
block 31/40 - 91/120   6827.2 ms
block 32/40 - 94/120   6833.5 ms
block 33/40 - 97/120   6840.6 ms
block 34/40 - 100/120   6870.9 ms
block 35/40 - 103/120   6862.9 ms
block 36/40 - 106/120   6871.3 ms
block 37/40 - 109/120   6795.1 ms
block 38/40 - 112/120   6842.4 ms
block 39/40 - 115/120   6862.9 ms
block 40/40 - 118/120   6869.2 ms
[87/128] elapsed=29.2m  avg=20.1s/prompt  eta=13.8m
block 1/40 - 1/120   7619.4 ms
block 2/40 - 4/120   6246.1 ms
block 3/40 - 7/120   6097.8 ms
block 4/40 - 10/120   6837.1 ms
block 5/40 - 13/120   6850.5 ms
block 6/40 - 16/120   6330.1 ms
block 7/40 - 19/120   3606.2 ms
block 8/40 - 22/120   5766.4 ms
block 9/40 - 25/120   6289.7 ms
block 10/40 - 28/120   6629.3 ms
block 11/40 - 31/120   6845.5 ms
block 12/40 - 34/120   6848.8 ms
block 13/40 - 37/120   6842.6 ms
block 14/40 - 40/120   6813.7 ms
block 15/40 - 43/120   6872.6 ms
block 16/40 - 46/120   6875.6 ms
block 17/40 - 49/120   6840.1 ms
block 18/40 - 52/120   6873.0 ms
block 19/40 - 55/120   6938.1 ms
block 20/40 - 58/120   6837.6 ms
block 21/40 - 61/120   6638.6 ms
block 22/40 - 64/120   6476.4 ms
block 23/40 - 67/120   6889.2 ms
block 24/40 - 70/120   6857.5 ms
block 25/40 - 73/120   6894.8 ms
block 26/40 - 76/120   6832.2 ms
block 27/40 - 79/120   6867.2 ms
block 28/40 - 82/120   6798.7 ms
block 29/40 - 85/120   6816.8 ms
block 30/40 - 88/120   6879.7 ms
block 31/40 - 91/120   6890.1 ms
block 32/40 - 94/120   6890.0 ms
block 33/40 - 97/120   6848.1 ms
block 34/40 - 100/120   6874.3 ms
block 35/40 - 103/120   6862.0 ms
block 36/40 - 106/120   6825.5 ms
block 37/40 - 109/120   6867.4 ms
block 38/40 - 112/120   6832.1 ms
block 39/40 - 115/120   6852.0 ms
block 40/40 - 118/120   6865.6 ms
[103/128] elapsed=33.7m  avg=19.6s/prompt  eta=8.2m
block 1/40 - 1/120   8213.3 ms
block 2/40 - 4/120   5655.9 ms
block 3/40 - 7/120   6565.3 ms
block 4/40 - 10/120   6877.2 ms
block 5/40 - 13/120   6870.8 ms
block 6/40 - 16/120   6893.0 ms
block 7/40 - 19/120   5914.1 ms
block 8/40 - 22/120   3650.0 ms
block 9/40 - 25/120   6032.1 ms
block 10/40 - 28/120   6359.8 ms
block 11/40 - 31/120   6648.8 ms
block 12/40 - 34/120   6837.8 ms
block 13/40 - 37/120   6859.8 ms
block 14/40 - 40/120   6887.3 ms
block 15/40 - 43/120   6867.8 ms
block 16/40 - 46/120   6863.9 ms
block 17/40 - 49/120   6862.7 ms
block 18/40 - 52/120   6877.5 ms
block 19/40 - 55/120   6884.3 ms
block 20/40 - 58/120   6887.8 ms
block 21/40 - 61/120   6831.3 ms
block 22/40 - 64/120   6876.5 ms
block 23/40 - 67/120   6915.0 ms
block 24/40 - 70/120   6860.8 ms
block 25/40 - 73/120   6859.8 ms
block 26/40 - 76/120   6844.4 ms
block 27/40 - 79/120   6880.7 ms
block 28/40 - 82/120   6373.1 ms
block 29/40 - 85/120   6734.4 ms
block 30/40 - 88/120   6849.1 ms
block 31/40 - 91/120   6852.0 ms
block 32/40 - 94/120   6868.1 ms
block 33/40 - 97/120   6880.7 ms
block 34/40 - 100/120   6861.1 ms
block 35/40 - 103/120   6847.7 ms
block 36/40 - 106/120   6844.2 ms
block 37/40 - 109/120   6904.1 ms
block 38/40 - 112/120   6864.5 ms
block 39/40 - 115/120   6865.9 ms
block 40/40 - 118/120   6892.6 ms
[119/128] elapsed=38.2m  avg=19.2s/prompt  eta=2.9m
