Running on a single GPU (cuda); skipping NCCL initialization.
Free VRAM 94.3734130859375 GB
Loading CUDA extension (first run compiles ~60s; cached run ~3s)...
CUDA extension ready in 11.4s.
[CacheCompatibilityPolicy] recent=20:0 coverage=21:360 episode=22:0 budget=9FFE owner=HeadComposition
KV inference with 3 frames per block
Number of prompts: 128
Prompt index range: [0, 128)
Loading PyramidKV config from /apdcephfs_gy2/share_303214315/cedricnie/develop/training-free/runs/v180_rccp_fresh128/inputs/maps/all_coverage.csv
block 1/40 - 1/120  146367.1 ms
block 2/40 - 4/120   5162.9 ms
block 3/40 - 7/120   6122.4 ms
block 4/40 - 10/120   7341.9 ms
block 5/40 - 13/120   7075.9 ms
block 6/40 - 16/120   6923.9 ms
block 7/40 - 19/120   7024.9 ms
block 8/40 - 22/120   7007.9 ms
block 9/40 - 25/120   7037.5 ms
block 10/40 - 28/120   7080.5 ms
block 11/40 - 31/120   7113.4 ms
block 12/40 - 34/120   7013.4 ms
block 13/40 - 37/120   7029.1 ms
block 14/40 - 40/120   7015.6 ms
block 15/40 - 43/120   7119.4 ms
block 16/40 - 46/120   7025.6 ms
block 17/40 - 49/120   7052.7 ms
block 18/40 - 52/120   7057.8 ms
block 19/40 - 55/120   7029.7 ms
block 20/40 - 58/120   7089.0 ms
block 21/40 - 61/120   6947.2 ms
block 22/40 - 64/120   7008.5 ms
block 23/40 - 67/120   7020.5 ms
block 24/40 - 70/120   7005.7 ms
block 25/40 - 73/120   7027.3 ms
block 26/40 - 76/120   7049.5 ms
block 27/40 - 79/120   7044.1 ms
block 28/40 - 82/120   7038.1 ms
block 29/40 - 85/120   7083.3 ms
block 30/40 - 88/120   7014.2 ms
block 31/40 - 91/120   6972.1 ms
block 32/40 - 94/120   7024.1 ms
block 33/40 - 97/120   7034.6 ms
block 34/40 - 100/120   7055.5 ms
block 35/40 - 103/120   7554.1 ms
block 36/40 - 106/120   7198.4 ms
block 37/40 - 109/120   7078.3 ms
block 38/40 - 112/120   7039.0 ms
block 39/40 - 115/120   6614.9 ms
block 40/40 - 118/120   3556.1 ms
[6/128] elapsed=6.9m  avg=69.4s/prompt  eta=141.1m
/apdcephfs_gy2/share_303214315/cedricnie/miniconda3/envs/longlive/lib/python3.10/site-packages/torchvision/io/_video_deprecation_warning.py:9: UserWarning: The video decoding and encoding capabilities of torchvision are deprecated from version 0.22 and will be removed in version 0.24. We recommend that you migrate to TorchCodec, where we'll consolidate the future decoding/encoding capabilities of PyTorch: https://github.com/pytorch/torchcodec
  warnings.warn(
block 1/40 - 1/120   6960.2 ms
block 2/40 - 4/120   6057.2 ms
block 3/40 - 7/120   6653.5 ms
block 4/40 - 10/120   6997.2 ms
block 5/40 - 13/120   7029.3 ms
block 6/40 - 16/120   7005.6 ms
block 7/40 - 19/120   7008.2 ms
block 8/40 - 22/120   6980.3 ms
block 9/40 - 25/120   7008.2 ms
block 10/40 - 28/120   6973.0 ms
block 11/40 - 31/120   7048.9 ms
block 12/40 - 34/120   7169.0 ms
block 13/40 - 37/120   7329.3 ms
block 14/40 - 40/120   6951.9 ms
block 15/40 - 43/120   7115.5 ms
block 16/40 - 46/120   7011.0 ms
block 17/40 - 49/120   7012.3 ms
block 18/40 - 52/120   7049.3 ms
block 19/40 - 55/120   7020.0 ms
block 20/40 - 58/120   7013.5 ms
block 21/40 - 61/120   6942.3 ms
block 22/40 - 64/120   6886.9 ms
block 23/40 - 67/120   7006.0 ms
block 24/40 - 70/120   7015.5 ms
block 25/40 - 73/120   7011.0 ms
block 26/40 - 76/120   7048.3 ms
block 27/40 - 79/120   7003.1 ms
block 28/40 - 82/120   7010.5 ms
block 29/40 - 85/120   7075.2 ms
block 30/40 - 88/120   7004.6 ms
block 31/40 - 91/120   7044.5 ms
block 32/40 - 94/120   6992.5 ms
block 33/40 - 97/120   6985.5 ms
block 34/40 - 100/120   7032.8 ms
block 35/40 - 103/120   6998.0 ms
block 36/40 - 106/120   7065.1 ms
block 37/40 - 109/120   6993.1 ms
block 38/40 - 112/120   5702.8 ms
block 39/40 - 115/120   3772.4 ms
block 40/40 - 118/120   6115.1 ms
[22/128] elapsed=11.5m  avg=31.4s/prompt  eta=55.5m
block 1/40 - 1/120   7490.8 ms
block 2/40 - 4/120   6018.7 ms
block 3/40 - 7/120   6366.7 ms
block 4/40 - 10/120   6942.7 ms
block 5/40 - 13/120   7064.6 ms
block 6/40 - 16/120   7020.5 ms
block 7/40 - 19/120   7028.5 ms
block 8/40 - 22/120   6969.4 ms
block 9/40 - 25/120   7003.1 ms
block 10/40 - 28/120   6921.6 ms
block 11/40 - 31/120   6964.3 ms
block 12/40 - 34/120   6995.1 ms
block 13/40 - 37/120   7002.0 ms
block 14/40 - 40/120   6924.5 ms
block 15/40 - 43/120   6945.2 ms
block 16/40 - 46/120   7000.4 ms
block 17/40 - 49/120   7018.9 ms
block 18/40 - 52/120   6947.5 ms
block 19/40 - 55/120   6984.3 ms
block 20/40 - 58/120   6967.7 ms
block 21/40 - 61/120   7049.0 ms
block 22/40 - 64/120   7154.2 ms
block 23/40 - 67/120   7257.9 ms
block 24/40 - 70/120   7178.2 ms
block 25/40 - 73/120   6997.7 ms
block 26/40 - 76/120   6971.5 ms
block 27/40 - 79/120   6892.0 ms
block 28/40 - 82/120   7139.1 ms
block 29/40 - 85/120   6927.5 ms
block 30/40 - 88/120   7010.7 ms
block 31/40 - 91/120   7040.6 ms
block 32/40 - 94/120   6991.5 ms
block 33/40 - 97/120   6994.2 ms
block 34/40 - 100/120   7014.6 ms
block 35/40 - 103/120   6995.4 ms
block 36/40 - 106/120   7008.2 ms
block 37/40 - 109/120   6467.9 ms
block 38/40 - 112/120   3850.7 ms
block 39/40 - 115/120   5770.3 ms
block 40/40 - 118/120   6528.8 ms
[38/128] elapsed=16.1m  avg=25.4s/prompt  eta=38.1m
block 1/40 - 1/120   8003.4 ms
block 2/40 - 4/120   5969.9 ms
block 3/40 - 7/120   6462.0 ms
block 4/40 - 10/120   6997.8 ms
block 5/40 - 13/120   7008.5 ms
block 6/40 - 16/120   6956.3 ms
block 7/40 - 19/120   6992.1 ms
block 8/40 - 22/120   7004.7 ms
block 9/40 - 25/120   7016.8 ms
block 10/40 - 28/120   7000.4 ms
block 11/40 - 31/120   7014.2 ms
block 12/40 - 34/120   7010.1 ms
block 13/40 - 37/120   6959.7 ms
block 14/40 - 40/120   6992.2 ms
block 15/40 - 43/120   7032.7 ms
block 16/40 - 46/120   7041.8 ms
block 17/40 - 49/120   6985.7 ms
block 18/40 - 52/120   6992.5 ms
block 19/40 - 55/120   7056.0 ms
block 20/40 - 58/120   7015.6 ms
block 21/40 - 61/120   6981.5 ms
block 22/40 - 64/120   6976.8 ms
block 23/40 - 67/120   7058.6 ms
block 24/40 - 70/120   7248.8 ms
block 25/40 - 73/120   7055.5 ms
block 26/40 - 76/120   7368.8 ms
block 27/40 - 79/120   7049.2 ms
block 28/40 - 82/120   7065.3 ms
block 29/40 - 85/120   7037.8 ms
block 30/40 - 88/120   7019.3 ms
block 31/40 - 91/120   7028.3 ms
block 32/40 - 94/120   7053.5 ms
block 33/40 - 97/120   7035.8 ms
block 34/40 - 100/120   7050.9 ms
block 35/40 - 103/120   7056.4 ms
block 36/40 - 106/120   6190.4 ms
block 37/40 - 109/120   3709.8 ms
block 38/40 - 112/120   6132.4 ms
block 39/40 - 115/120   6662.2 ms
block 40/40 - 118/120   6913.6 ms
[54/128] elapsed=20.7m  avg=23.0s/prompt  eta=28.4m
block 1/40 - 1/120   7440.5 ms
block 2/40 - 4/120   6093.3 ms
block 3/40 - 7/120   6396.7 ms
block 4/40 - 10/120   7021.6 ms
block 5/40 - 13/120   7043.4 ms
block 6/40 - 16/120   6997.1 ms
block 7/40 - 19/120   7082.1 ms
block 8/40 - 22/120   7066.6 ms
block 9/40 - 25/120   7055.4 ms
block 10/40 - 28/120   6991.6 ms
block 11/40 - 31/120   6992.8 ms
block 12/40 - 34/120   6999.1 ms
block 13/40 - 37/120   6960.3 ms
block 14/40 - 40/120   7015.9 ms
block 15/40 - 43/120   7008.1 ms
block 16/40 - 46/120   7038.3 ms
block 17/40 - 49/120   6987.1 ms
block 18/40 - 52/120   7012.5 ms
block 19/40 - 55/120   7019.6 ms
block 20/40 - 58/120   7013.8 ms
block 21/40 - 61/120   7041.4 ms
block 22/40 - 64/120   7012.5 ms
block 23/40 - 67/120   6997.4 ms
block 24/40 - 70/120   7017.2 ms
block 25/40 - 73/120   7005.0 ms
block 26/40 - 76/120   7019.5 ms
block 27/40 - 79/120   7226.4 ms
block 28/40 - 82/120   7474.6 ms
block 29/40 - 85/120   6995.8 ms
block 30/40 - 88/120   7027.4 ms
block 31/40 - 91/120   6998.4 ms
block 32/40 - 94/120   7019.6 ms
block 33/40 - 97/120   6990.1 ms
block 34/40 - 100/120   7064.5 ms
block 35/40 - 103/120   6594.1 ms
block 36/40 - 106/120   3665.7 ms
block 37/40 - 109/120   6063.6 ms
block 38/40 - 112/120   6490.7 ms
block 39/40 - 115/120   6874.0 ms
block 40/40 - 118/120   7015.7 ms
[70/128] elapsed=25.3m  avg=21.7s/prompt  eta=21.0m
block 1/40 - 1/120   7633.5 ms
block 2/40 - 4/120   6225.7 ms
block 3/40 - 7/120   6452.1 ms
block 4/40 - 10/120   7015.1 ms
block 5/40 - 13/120   7134.6 ms
block 6/40 - 16/120   7043.1 ms
block 7/40 - 19/120   7046.0 ms
block 8/40 - 22/120   7017.4 ms
block 9/40 - 25/120   7094.4 ms
block 10/40 - 28/120   7095.8 ms
block 11/40 - 31/120   7045.7 ms
block 12/40 - 34/120   7091.0 ms
block 13/40 - 37/120   7155.0 ms
block 14/40 - 40/120   7613.3 ms
block 15/40 - 43/120   7058.2 ms
block 16/40 - 46/120   7033.8 ms
block 17/40 - 49/120   7100.6 ms
block 18/40 - 52/120   7027.3 ms
block 19/40 - 55/120   7060.4 ms
block 20/40 - 58/120   7130.5 ms
block 21/40 - 61/120   7082.4 ms
block 22/40 - 64/120   7071.2 ms
block 23/40 - 67/120   7084.0 ms
block 24/40 - 70/120   7066.5 ms
block 25/40 - 73/120   7035.1 ms
block 26/40 - 76/120   6966.3 ms
block 27/40 - 79/120   7058.1 ms
block 28/40 - 82/120   7086.1 ms
block 29/40 - 85/120   7006.3 ms
block 30/40 - 88/120   6998.4 ms
block 31/40 - 91/120   7002.3 ms
block 32/40 - 94/120   6992.9 ms
block 33/40 - 97/120   6991.0 ms
block 34/40 - 100/120   4922.0 ms
block 35/40 - 103/120   4483.4 ms
block 36/40 - 106/120   6230.7 ms
block 37/40 - 109/120   6742.5 ms
block 38/40 - 112/120   7346.8 ms
block 39/40 - 115/120   7127.4 ms
block 40/40 - 118/120   7003.1 ms
[86/128] elapsed=29.9m  avg=20.9s/prompt  eta=14.6m
block 1/40 - 1/120   8060.1 ms
block 2/40 - 4/120   6159.3 ms
block 3/40 - 7/120   6407.1 ms
block 4/40 - 10/120   6966.8 ms
block 5/40 - 13/120   7059.7 ms
block 6/40 - 16/120   7022.4 ms
block 7/40 - 19/120   6963.5 ms
block 8/40 - 22/120   7032.6 ms
block 9/40 - 25/120   7016.6 ms
block 10/40 - 28/120   6987.8 ms
block 11/40 - 31/120   7040.0 ms
block 12/40 - 34/120   7032.5 ms
block 13/40 - 37/120   6977.8 ms
block 14/40 - 40/120   7021.8 ms
block 15/40 - 43/120   7026.4 ms
block 16/40 - 46/120   7057.5 ms
block 17/40 - 49/120   7051.0 ms
block 18/40 - 52/120   7027.3 ms
block 19/40 - 55/120   6951.3 ms
block 20/40 - 58/120   7030.8 ms
block 21/40 - 61/120   6976.1 ms
block 22/40 - 64/120   7031.8 ms
block 23/40 - 67/120   6991.6 ms
block 24/40 - 70/120   7010.2 ms
block 25/40 - 73/120   7083.5 ms
block 26/40 - 76/120   7000.4 ms
block 27/40 - 79/120   6985.5 ms
block 28/40 - 82/120   6913.1 ms
block 29/40 - 85/120   7009.8 ms
block 30/40 - 88/120   6986.4 ms
block 31/40 - 91/120   7030.5 ms
block 32/40 - 94/120   7028.3 ms
block 33/40 - 97/120   4886.1 ms
block 34/40 - 100/120   4220.3 ms
block 35/40 - 103/120   5987.2 ms
block 36/40 - 106/120   6468.2 ms
block 37/40 - 109/120   6768.2 ms
block 38/40 - 112/120   6962.0 ms
block 39/40 - 115/120   6969.1 ms
block 40/40 - 118/120   7001.3 ms
[102/128] elapsed=34.5m  avg=20.3s/prompt  eta=8.8m
block 1/40 - 1/120   7362.1 ms
block 2/40 - 4/120   6003.1 ms
block 3/40 - 7/120   6373.2 ms
block 4/40 - 10/120   6993.1 ms
block 5/40 - 13/120   6905.3 ms
block 6/40 - 16/120   6988.3 ms
block 7/40 - 19/120   6968.2 ms
block 8/40 - 22/120   7008.5 ms
block 9/40 - 25/120   7022.3 ms
block 10/40 - 28/120   7000.5 ms
block 11/40 - 31/120   6986.0 ms
block 12/40 - 34/120   6993.0 ms
block 13/40 - 37/120   6991.2 ms
block 14/40 - 40/120   7020.6 ms
block 15/40 - 43/120   7022.3 ms
block 16/40 - 46/120   6983.2 ms
block 17/40 - 49/120   7007.4 ms
block 18/40 - 52/120   6990.0 ms
block 19/40 - 55/120   6995.6 ms
block 20/40 - 58/120   7006.8 ms
block 21/40 - 61/120   7035.7 ms
block 22/40 - 64/120   7002.4 ms
block 23/40 - 67/120   6992.1 ms
block 24/40 - 70/120   7030.0 ms
block 25/40 - 73/120   7000.0 ms
block 26/40 - 76/120   7062.7 ms
block 27/40 - 79/120   7063.3 ms
block 28/40 - 82/120   7036.8 ms
block 29/40 - 85/120   7012.5 ms
block 30/40 - 88/120   7220.1 ms
block 31/40 - 91/120   7364.6 ms
block 32/40 - 94/120   7040.7 ms
block 33/40 - 97/120   2785.3 ms
block 34/40 - 100/120   2830.1 ms
block 35/40 - 103/120   2891.6 ms
block 36/40 - 106/120   2682.1 ms
block 37/40 - 109/120   2790.8 ms
block 38/40 - 112/120   2789.5 ms
block 39/40 - 115/120   2785.3 ms
block 40/40 - 118/120   2807.3 ms
[118/128] elapsed=38.6m  avg=19.6s/prompt  eta=3.3m
