Running on a single GPU (cuda); skipping NCCL initialization.
Free VRAM 94.3734130859375 GB
Loading CUDA extension (first run compiles ~60s; cached run ~3s)...
CUDA extension ready in 11.9s.
[CacheCompatibilityPolicy] recent=20:0 coverage=21:360 episode=22:0 budget=9FFE owner=HeadComposition
KV inference with 3 frames per block
Number of prompts: 128
Prompt index range: [0, 128)
Loading PyramidKV config from /apdcephfs_gy2/share_303214315/cedricnie/develop/training-free/runs/v180_rccp_fresh128/inputs/maps/all_coverage.csv
block 1/40 - 1/120  145591.1 ms
block 2/40 - 4/120   5190.8 ms
block 3/40 - 7/120   5907.1 ms
block 4/40 - 10/120   6897.7 ms
block 5/40 - 13/120   6932.8 ms
block 6/40 - 16/120   6918.9 ms
block 7/40 - 19/120   6924.8 ms
block 8/40 - 22/120   6911.4 ms
block 9/40 - 25/120   6933.9 ms
block 10/40 - 28/120   6952.9 ms
block 11/40 - 31/120   6934.0 ms
block 12/40 - 34/120   6966.5 ms
block 13/40 - 37/120   6891.5 ms
block 14/40 - 40/120   6888.0 ms
block 15/40 - 43/120   6928.2 ms
block 16/40 - 46/120   6901.9 ms
block 17/40 - 49/120   6908.6 ms
block 18/40 - 52/120   6939.8 ms
block 19/40 - 55/120   6956.3 ms
block 20/40 - 58/120   6925.2 ms
block 21/40 - 61/120   6969.6 ms
block 22/40 - 64/120   6914.4 ms
block 23/40 - 67/120   6917.1 ms
block 24/40 - 70/120   6925.0 ms
block 25/40 - 73/120   6887.0 ms
block 26/40 - 76/120   6951.9 ms
block 27/40 - 79/120   6946.6 ms
block 28/40 - 82/120   6952.8 ms
block 29/40 - 85/120   6839.2 ms
block 30/40 - 88/120   6883.9 ms
block 31/40 - 91/120   6924.3 ms
block 32/40 - 94/120   6902.1 ms
block 33/40 - 97/120   6904.9 ms
block 34/40 - 100/120   6802.3 ms
block 35/40 - 103/120   6867.0 ms
block 36/40 - 106/120   6941.8 ms
block 37/40 - 109/120   6826.1 ms
block 38/40 - 112/120   6943.4 ms
block 39/40 - 115/120   6933.1 ms
block 40/40 - 118/120   6861.8 ms
[8/128] elapsed=6.9m  avg=51.7s/prompt  eta=103.5m
/apdcephfs_gy2/share_303214315/cedricnie/miniconda3/envs/longlive/lib/python3.10/site-packages/torchvision/io/_video_deprecation_warning.py:9: UserWarning: The video decoding and encoding capabilities of torchvision are deprecated from version 0.22 and will be removed in version 0.24. We recommend that you migrate to TorchCodec, where we'll consolidate the future decoding/encoding capabilities of PyTorch: https://github.com/pytorch/torchcodec
  warnings.warn(
block 1/40 - 1/120   3166.7 ms
block 2/40 - 4/120   3661.5 ms
block 3/40 - 7/120   5678.3 ms
block 4/40 - 10/120   6484.5 ms
block 5/40 - 13/120   6885.1 ms
block 6/40 - 16/120   6910.0 ms
block 7/40 - 19/120   6916.8 ms
block 8/40 - 22/120   6946.0 ms
block 9/40 - 25/120   6951.8 ms
block 10/40 - 28/120   6932.2 ms
block 11/40 - 31/120   6933.4 ms
block 12/40 - 34/120   6923.6 ms
block 13/40 - 37/120   6920.7 ms
block 14/40 - 40/120   6822.4 ms
block 15/40 - 43/120   6925.5 ms
block 16/40 - 46/120   6899.7 ms
block 17/40 - 49/120   6920.5 ms
block 18/40 - 52/120   6885.9 ms
block 19/40 - 55/120   6845.0 ms
block 20/40 - 58/120   7012.1 ms
block 21/40 - 61/120   6912.9 ms
block 22/40 - 64/120   6819.8 ms
block 23/40 - 67/120   6846.3 ms
block 24/40 - 70/120   6832.9 ms
block 25/40 - 73/120   6747.2 ms
block 26/40 - 76/120   6673.8 ms
block 27/40 - 79/120   6933.2 ms
block 28/40 - 82/120   6934.8 ms
block 29/40 - 85/120   6932.8 ms
block 30/40 - 88/120   6932.0 ms
block 31/40 - 91/120   6934.7 ms
block 32/40 - 94/120   6915.4 ms
block 33/40 - 97/120   6916.7 ms
block 34/40 - 100/120   6843.4 ms
block 35/40 - 103/120   6920.5 ms
block 36/40 - 106/120   6954.5 ms
block 37/40 - 109/120   6932.5 ms
block 38/40 - 112/120   6955.3 ms
block 39/40 - 115/120   6962.6 ms
block 40/40 - 118/120   6958.4 ms
[24/128] elapsed=11.4m  avg=28.5s/prompt  eta=49.3m
block 1/40 - 1/120   5047.4 ms
block 2/40 - 4/120   2768.0 ms
block 3/40 - 7/120   5051.8 ms
block 4/40 - 10/120   6335.3 ms
block 5/40 - 13/120   5556.8 ms
block 6/40 - 16/120   6887.6 ms
block 7/40 - 19/120   6906.7 ms
block 8/40 - 22/120   6885.2 ms
block 9/40 - 25/120   6903.4 ms
block 10/40 - 28/120   6945.1 ms
block 11/40 - 31/120   6938.0 ms
block 12/40 - 34/120   6908.6 ms
block 13/40 - 37/120   6915.1 ms
block 14/40 - 40/120   6916.4 ms
block 15/40 - 43/120   6957.6 ms
block 16/40 - 46/120   6944.0 ms
block 17/40 - 49/120   6933.5 ms
block 18/40 - 52/120   6906.9 ms
block 19/40 - 55/120   6887.0 ms
block 20/40 - 58/120   6911.5 ms
block 21/40 - 61/120   6921.7 ms
block 22/40 - 64/120   6819.4 ms
block 23/40 - 67/120   6940.7 ms
block 24/40 - 70/120   6638.7 ms
block 25/40 - 73/120   6833.3 ms
block 26/40 - 76/120   6738.6 ms
block 27/40 - 79/120   6868.9 ms
block 28/40 - 82/120   6920.4 ms
block 29/40 - 85/120   7013.6 ms
block 30/40 - 88/120   7050.1 ms
block 31/40 - 91/120   6936.8 ms
block 32/40 - 94/120   6882.4 ms
block 33/40 - 97/120   6935.3 ms
block 34/40 - 100/120   7018.3 ms
block 35/40 - 103/120   6935.0 ms
block 36/40 - 106/120   6836.4 ms
block 37/40 - 109/120   6918.9 ms
block 38/40 - 112/120   6937.5 ms
block 39/40 - 115/120   6937.4 ms
block 40/40 - 118/120   6948.9 ms
[40/128] elapsed=15.8m  avg=23.8s/prompt  eta=34.9m
block 1/40 - 1/120   7405.1 ms
block 2/40 - 4/120   3305.8 ms
block 3/40 - 7/120   3097.5 ms
block 4/40 - 10/120   6006.9 ms
block 5/40 - 13/120   6369.7 ms
block 6/40 - 16/120   6780.7 ms
block 7/40 - 19/120   6893.2 ms
block 8/40 - 22/120   6915.4 ms
block 9/40 - 25/120   6876.5 ms
block 10/40 - 28/120   6942.9 ms
block 11/40 - 31/120   6954.7 ms
block 12/40 - 34/120   6841.2 ms
block 13/40 - 37/120   6888.9 ms
block 14/40 - 40/120   6899.0 ms
block 15/40 - 43/120   6962.2 ms
block 16/40 - 46/120   6908.7 ms
block 17/40 - 49/120   6913.6 ms
block 18/40 - 52/120   6868.9 ms
block 19/40 - 55/120   6918.2 ms
block 20/40 - 58/120   6968.7 ms
block 21/40 - 61/120   6904.0 ms
block 22/40 - 64/120   6900.0 ms
block 23/40 - 67/120   6936.6 ms
block 24/40 - 70/120   6965.8 ms
block 25/40 - 73/120   6924.3 ms
block 26/40 - 76/120   6921.6 ms
block 27/40 - 79/120   6919.1 ms
block 28/40 - 82/120   7003.0 ms
block 29/40 - 85/120   6859.7 ms
block 30/40 - 88/120   6946.5 ms
block 31/40 - 91/120   6895.9 ms
block 32/40 - 94/120   6919.6 ms
block 33/40 - 97/120   6933.2 ms
block 34/40 - 100/120   6969.1 ms
block 35/40 - 103/120   6959.0 ms
block 36/40 - 106/120   6915.0 ms
block 37/40 - 109/120   6924.9 ms
block 38/40 - 112/120   6947.3 ms
block 39/40 - 115/120   6884.7 ms
block 40/40 - 118/120   6913.8 ms
[56/128] elapsed=20.3m  avg=21.8s/prompt  eta=26.1m
block 1/40 - 1/120   7655.8 ms
block 2/40 - 4/120   4954.6 ms
block 3/40 - 7/120   3051.2 ms
block 4/40 - 10/120   5814.3 ms
block 5/40 - 13/120   4490.0 ms
block 6/40 - 16/120   6702.0 ms
block 7/40 - 19/120   6861.5 ms
block 8/40 - 22/120   6931.1 ms
block 9/40 - 25/120   6819.3 ms
block 10/40 - 28/120   6927.4 ms
block 11/40 - 31/120   7021.9 ms
block 12/40 - 34/120   6843.6 ms
block 13/40 - 37/120   6816.9 ms
block 14/40 - 40/120   6961.2 ms
block 15/40 - 43/120   7180.2 ms
block 16/40 - 46/120   6945.4 ms
block 17/40 - 49/120   6837.6 ms
block 18/40 - 52/120   6935.4 ms
block 19/40 - 55/120   7025.6 ms
block 20/40 - 58/120   6845.1 ms
block 21/40 - 61/120   6814.8 ms
block 22/40 - 64/120   6943.3 ms
block 23/40 - 67/120   6935.3 ms
block 24/40 - 70/120   6969.4 ms
block 25/40 - 73/120   6853.6 ms
block 26/40 - 76/120   6926.5 ms
block 27/40 - 79/120   6939.3 ms
block 28/40 - 82/120   6921.3 ms
block 29/40 - 85/120   6888.1 ms
block 30/40 - 88/120   6939.9 ms
block 31/40 - 91/120   6913.1 ms
block 32/40 - 94/120   6909.4 ms
block 33/40 - 97/120   6949.5 ms
block 34/40 - 100/120   6942.4 ms
block 35/40 - 103/120   6909.5 ms
block 36/40 - 106/120   6938.3 ms
block 37/40 - 109/120   6944.3 ms
block 38/40 - 112/120   6840.6 ms
block 39/40 - 115/120   6922.6 ms
block 40/40 - 118/120   6949.7 ms
[72/128] elapsed=24.8m  avg=20.7s/prompt  eta=19.3m
block 1/40 - 1/120   7432.7 ms
block 2/40 - 4/120   6227.5 ms
block 3/40 - 7/120   4253.2 ms
block 4/40 - 10/120   3992.2 ms
block 5/40 - 13/120   6087.0 ms
block 6/40 - 16/120   6464.5 ms
block 7/40 - 19/120   6885.7 ms
block 8/40 - 22/120   6967.3 ms
block 9/40 - 25/120   6907.0 ms
block 10/40 - 28/120   6934.7 ms
block 11/40 - 31/120   7012.9 ms
block 12/40 - 34/120   6903.6 ms
block 13/40 - 37/120   6912.0 ms
block 14/40 - 40/120   6964.4 ms
block 15/40 - 43/120   6978.9 ms
block 16/40 - 46/120   6902.2 ms
block 17/40 - 49/120   6949.8 ms
block 18/40 - 52/120   6947.2 ms
block 19/40 - 55/120   6922.0 ms
block 20/40 - 58/120   6984.9 ms
block 21/40 - 61/120   6938.6 ms
block 22/40 - 64/120   6969.9 ms
block 23/40 - 67/120   6943.2 ms
block 24/40 - 70/120   6899.3 ms
block 25/40 - 73/120   6946.2 ms
block 26/40 - 76/120   6954.9 ms
block 27/40 - 79/120   6883.6 ms
block 28/40 - 82/120   6930.7 ms
block 29/40 - 85/120   6964.9 ms
block 30/40 - 88/120   7040.0 ms
block 31/40 - 91/120   6851.8 ms
block 32/40 - 94/120   6912.9 ms
block 33/40 - 97/120   6923.9 ms
block 34/40 - 100/120   6933.0 ms
block 35/40 - 103/120   6947.3 ms
block 36/40 - 106/120   6907.8 ms
block 37/40 - 109/120   6958.4 ms
block 38/40 - 112/120   7027.1 ms
block 39/40 - 115/120   6972.8 ms
block 40/40 - 118/120   6988.5 ms
[88/128] elapsed=29.3m  avg=20.0s/prompt  eta=13.3m
block 1/40 - 1/120   7115.5 ms
block 2/40 - 4/120   6105.6 ms
block 3/40 - 7/120   4403.8 ms
block 4/40 - 10/120   4320.5 ms
block 5/40 - 13/120   6852.8 ms
block 6/40 - 16/120   5696.7 ms
block 7/40 - 19/120   6868.1 ms
block 8/40 - 22/120   6817.9 ms
block 9/40 - 25/120   6923.5 ms
block 10/40 - 28/120   6946.8 ms
block 11/40 - 31/120   6936.8 ms
block 12/40 - 34/120   6910.4 ms
block 13/40 - 37/120   6944.4 ms
block 14/40 - 40/120   6862.1 ms
block 15/40 - 43/120   6983.3 ms
block 16/40 - 46/120   6929.7 ms
block 17/40 - 49/120   6930.5 ms
block 18/40 - 52/120   6909.7 ms
block 19/40 - 55/120   6953.2 ms
block 20/40 - 58/120   6908.0 ms
block 21/40 - 61/120   6912.9 ms
block 22/40 - 64/120   6911.2 ms
block 23/40 - 67/120   6945.5 ms
block 24/40 - 70/120   6929.5 ms
block 25/40 - 73/120   6918.2 ms
block 26/40 - 76/120   6903.9 ms
block 27/40 - 79/120   6882.7 ms
block 28/40 - 82/120   6921.3 ms
block 29/40 - 85/120   6928.5 ms
block 30/40 - 88/120   6908.3 ms
block 31/40 - 91/120   6961.3 ms
block 32/40 - 94/120   6914.1 ms
block 33/40 - 97/120   6976.2 ms
block 34/40 - 100/120   6937.6 ms
block 35/40 - 103/120   6922.5 ms
block 36/40 - 106/120   6977.2 ms
block 37/40 - 109/120   6941.6 ms
block 38/40 - 112/120   6950.7 ms
block 39/40 - 115/120   6915.4 ms
block 40/40 - 118/120   6938.8 ms
[104/128] elapsed=33.9m  avg=19.5s/prompt  eta=7.8m
block 1/40 - 1/120   7269.8 ms
block 2/40 - 4/120   5919.5 ms
block 3/40 - 7/120   4399.9 ms
block 4/40 - 10/120   4150.2 ms
block 5/40 - 13/120   6110.7 ms
block 6/40 - 16/120   6375.8 ms
block 7/40 - 19/120   6868.7 ms
block 8/40 - 22/120   6945.6 ms
block 9/40 - 25/120   6937.5 ms
block 10/40 - 28/120   6859.7 ms
block 11/40 - 31/120   6972.5 ms
block 12/40 - 34/120   6920.2 ms
block 13/40 - 37/120   6906.9 ms
block 14/40 - 40/120   6883.1 ms
block 15/40 - 43/120   6859.4 ms
block 16/40 - 46/120   6913.4 ms
block 17/40 - 49/120   6864.8 ms
block 18/40 - 52/120   6863.5 ms
block 19/40 - 55/120   6900.3 ms
block 20/40 - 58/120   6933.1 ms
block 21/40 - 61/120   6962.2 ms
block 22/40 - 64/120   6846.8 ms
block 23/40 - 67/120   6907.8 ms
block 24/40 - 70/120   6882.8 ms
block 25/40 - 73/120   6934.6 ms
block 26/40 - 76/120   6887.9 ms
block 27/40 - 79/120   6911.3 ms
block 28/40 - 82/120   6921.7 ms
block 29/40 - 85/120   6961.3 ms
block 30/40 - 88/120   6908.2 ms
block 31/40 - 91/120   6901.0 ms
block 32/40 - 94/120   6920.2 ms
block 33/40 - 97/120   6901.9 ms
block 34/40 - 100/120   6916.0 ms
block 35/40 - 103/120   6904.3 ms
block 36/40 - 106/120   6933.9 ms
block 37/40 - 109/120   6946.6 ms
block 38/40 - 112/120   6958.7 ms
block 39/40 - 115/120   6930.4 ms
block 40/40 - 118/120   6983.2 ms
[120/128] elapsed=38.4m  avg=19.2s/prompt  eta=2.6m
