Running on a single GPU (cuda); skipping NCCL initialization.
Free VRAM 94.3734130859375 GB
Loading CUDA extension (first run compiles ~60s; cached run ~3s)...
CUDA extension ready in 11.4s.
[CacheCompatibilityPolicy] recent=20:0 coverage=21:360 episode=22:0 budget=9FFE owner=HeadComposition
KV inference with 3 frames per block
Number of prompts: 128
Prompt index range: [0, 128)
Loading PyramidKV config from /apdcephfs_gy2/share_303214315/cedricnie/develop/training-free/runs/v180_rccp_fresh128/inputs/maps/all_coverage.csv
block 1/40 - 1/120  146023.3 ms
block 2/40 - 4/120   5010.6 ms
block 3/40 - 7/120   5987.8 ms
block 4/40 - 10/120   7056.8 ms
block 5/40 - 13/120   6938.0 ms
block 6/40 - 16/120   7066.4 ms
block 7/40 - 19/120   6983.1 ms
block 8/40 - 22/120   7075.8 ms
block 9/40 - 25/120   7004.8 ms
block 10/40 - 28/120   6992.3 ms
block 11/40 - 31/120   6998.9 ms
block 12/40 - 34/120   7039.3 ms
block 13/40 - 37/120   7069.4 ms
block 14/40 - 40/120   7012.3 ms
block 15/40 - 43/120   7036.9 ms
block 16/40 - 46/120   7014.8 ms
block 17/40 - 49/120   7006.8 ms
block 18/40 - 52/120   7028.8 ms
block 19/40 - 55/120   7012.3 ms
block 20/40 - 58/120   6983.3 ms
block 21/40 - 61/120   7050.1 ms
block 22/40 - 64/120   7039.3 ms
block 23/40 - 67/120   7075.4 ms
block 24/40 - 70/120   7013.7 ms
block 25/40 - 73/120   7037.8 ms
block 26/40 - 76/120   7043.8 ms
block 27/40 - 79/120   7036.6 ms
block 28/40 - 82/120   7060.0 ms
block 29/40 - 85/120   7068.1 ms
block 30/40 - 88/120   7057.6 ms
block 31/40 - 91/120   7075.9 ms
block 32/40 - 94/120   7043.1 ms
block 33/40 - 97/120   7061.1 ms
block 34/40 - 100/120   7003.9 ms
block 35/40 - 103/120   7073.2 ms
block 36/40 - 106/120   7048.5 ms
block 37/40 - 109/120   6934.5 ms
block 38/40 - 112/120   7078.9 ms
block 39/40 - 115/120   7002.8 ms
block 40/40 - 118/120   5634.6 ms
[5/128] elapsed=7.0m  avg=83.5s/prompt  eta=171.1m
/apdcephfs_gy2/share_303214315/cedricnie/miniconda3/envs/longlive/lib/python3.10/site-packages/torchvision/io/_video_deprecation_warning.py:9: UserWarning: The video decoding and encoding capabilities of torchvision are deprecated from version 0.22 and will be removed in version 0.24. We recommend that you migrate to TorchCodec, where we'll consolidate the future decoding/encoding capabilities of PyTorch: https://github.com/pytorch/torchcodec
  warnings.warn(
block 1/40 - 1/120   6338.7 ms
block 2/40 - 4/120   5831.1 ms
block 3/40 - 7/120   6360.7 ms
block 4/40 - 10/120   7013.4 ms
block 5/40 - 13/120   6964.4 ms
block 6/40 - 16/120   6969.8 ms
block 7/40 - 19/120   6916.9 ms
block 8/40 - 22/120   6950.3 ms
block 9/40 - 25/120   6948.6 ms
block 10/40 - 28/120   6951.2 ms
block 11/40 - 31/120   6995.2 ms
block 12/40 - 34/120   7002.5 ms
block 13/40 - 37/120   6954.7 ms
block 14/40 - 40/120   6941.7 ms
block 15/40 - 43/120   6943.9 ms
block 16/40 - 46/120   6993.4 ms
block 17/40 - 49/120   7036.3 ms
block 18/40 - 52/120   6975.1 ms
block 19/40 - 55/120   6977.7 ms
block 20/40 - 58/120   6979.9 ms
block 21/40 - 61/120   6957.6 ms
block 22/40 - 64/120   6975.4 ms
block 23/40 - 67/120   6976.2 ms
block 24/40 - 70/120   6989.5 ms
block 25/40 - 73/120   6958.7 ms
block 26/40 - 76/120   6987.7 ms
block 27/40 - 79/120   6949.6 ms
block 28/40 - 82/120   7004.1 ms
block 29/40 - 85/120   6996.7 ms
block 30/40 - 88/120   6970.2 ms
block 31/40 - 91/120   6951.6 ms
block 32/40 - 94/120   6966.0 ms
block 33/40 - 97/120   6991.3 ms
block 34/40 - 100/120   6946.1 ms
block 35/40 - 103/120   6946.8 ms
block 36/40 - 106/120   6972.4 ms
block 37/40 - 109/120   6898.4 ms
block 38/40 - 112/120   6951.7 ms
block 39/40 - 115/120   6271.7 ms
block 40/40 - 118/120   3790.3 ms
[21/128] elapsed=11.5m  avg=32.9s/prompt  eta=58.7m
block 1/40 - 1/120   7850.0 ms
block 2/40 - 4/120   5895.7 ms
block 3/40 - 7/120   6525.5 ms
block 4/40 - 10/120   7050.0 ms
block 5/40 - 13/120   7121.4 ms
block 6/40 - 16/120   7045.0 ms
block 7/40 - 19/120   7009.0 ms
block 8/40 - 22/120   7112.5 ms
block 9/40 - 25/120   6983.2 ms
block 10/40 - 28/120   6911.9 ms
block 11/40 - 31/120   6874.7 ms
block 12/40 - 34/120   6797.1 ms
block 13/40 - 37/120   6845.8 ms
block 14/40 - 40/120   6676.0 ms
block 15/40 - 43/120   6493.7 ms
block 16/40 - 46/120   7434.9 ms
block 17/40 - 49/120   6893.9 ms
block 18/40 - 52/120   6893.6 ms
block 19/40 - 55/120   7162.4 ms
block 20/40 - 58/120   6794.5 ms
block 21/40 - 61/120   6718.6 ms
block 22/40 - 64/120   6860.4 ms
block 23/40 - 67/120   6974.4 ms
block 24/40 - 70/120   7408.0 ms
block 25/40 - 73/120   7321.2 ms
block 26/40 - 76/120   7059.0 ms
block 27/40 - 79/120   7162.7 ms
block 28/40 - 82/120   7091.9 ms
block 29/40 - 85/120   7002.1 ms
block 30/40 - 88/120   7047.2 ms
block 31/40 - 91/120   7036.9 ms
block 32/40 - 94/120   7026.0 ms
block 33/40 - 97/120   7051.0 ms
block 34/40 - 100/120   7114.7 ms
block 35/40 - 103/120   7112.2 ms
block 36/40 - 106/120   7084.3 ms
block 37/40 - 109/120   7023.5 ms
block 38/40 - 112/120   6043.9 ms
block 39/40 - 115/120   3785.0 ms
block 40/40 - 118/120   6093.6 ms
[37/128] elapsed=16.1m  avg=26.1s/prompt  eta=39.6m
block 1/40 - 1/120   8194.1 ms
block 2/40 - 4/120   5952.6 ms
block 3/40 - 7/120   6331.3 ms
block 4/40 - 10/120   6871.2 ms
block 5/40 - 13/120   6891.6 ms
block 6/40 - 16/120   6949.1 ms
block 7/40 - 19/120   6974.0 ms
block 8/40 - 22/120   6947.4 ms
block 9/40 - 25/120   6928.7 ms
block 10/40 - 28/120   7007.9 ms
block 11/40 - 31/120   6961.8 ms
block 12/40 - 34/120   6896.8 ms
block 13/40 - 37/120   6965.2 ms
block 14/40 - 40/120   6943.6 ms
block 15/40 - 43/120   6950.4 ms
block 16/40 - 46/120   6993.5 ms
block 17/40 - 49/120   7005.4 ms
block 18/40 - 52/120   6963.3 ms
block 19/40 - 55/120   6936.6 ms
block 20/40 - 58/120   6953.8 ms
block 21/40 - 61/120   6977.4 ms
block 22/40 - 64/120   6930.8 ms
block 23/40 - 67/120   6972.9 ms
block 24/40 - 70/120   6974.4 ms
block 25/40 - 73/120   6988.9 ms
block 26/40 - 76/120   7004.0 ms
block 27/40 - 79/120   6996.6 ms
block 28/40 - 82/120   6952.2 ms
block 29/40 - 85/120   6972.8 ms
block 30/40 - 88/120   6971.8 ms
block 31/40 - 91/120   6969.8 ms
block 32/40 - 94/120   6963.2 ms
block 33/40 - 97/120   7017.8 ms
block 34/40 - 100/120   6974.4 ms
block 35/40 - 103/120   7005.9 ms
block 36/40 - 106/120   6983.7 ms
block 37/40 - 109/120   6996.6 ms
block 38/40 - 112/120   4726.3 ms
block 39/40 - 115/120   4287.0 ms
block 40/40 - 118/120   6269.4 ms
[53/128] elapsed=20.7m  avg=23.4s/prompt  eta=29.2m
block 1/40 - 1/120   7895.9 ms
block 2/40 - 4/120   6533.6 ms
block 3/40 - 7/120   6428.9 ms
block 4/40 - 10/120   6965.0 ms
block 5/40 - 13/120   6995.7 ms
block 6/40 - 16/120   6999.9 ms
block 7/40 - 19/120   6980.7 ms
block 8/40 - 22/120   6972.4 ms
block 9/40 - 25/120   6980.9 ms
block 10/40 - 28/120   6946.5 ms
block 11/40 - 31/120   6983.2 ms
block 12/40 - 34/120   6954.5 ms
block 13/40 - 37/120   6963.5 ms
block 14/40 - 40/120   6954.9 ms
block 15/40 - 43/120   6952.9 ms
block 16/40 - 46/120   6975.3 ms
block 17/40 - 49/120   6956.0 ms
block 18/40 - 52/120   7006.4 ms
block 19/40 - 55/120   6963.3 ms
block 20/40 - 58/120   7005.3 ms
block 21/40 - 61/120   6949.2 ms
block 22/40 - 64/120   6972.8 ms
block 23/40 - 67/120   6971.7 ms
block 24/40 - 70/120   6999.1 ms
block 25/40 - 73/120   6979.4 ms
block 26/40 - 76/120   6969.2 ms
block 27/40 - 79/120   6963.1 ms
block 28/40 - 82/120   6986.0 ms
block 29/40 - 85/120   6985.9 ms
block 30/40 - 88/120   7019.2 ms
block 31/40 - 91/120   6984.7 ms
block 32/40 - 94/120   6975.4 ms
block 33/40 - 97/120   6977.3 ms
block 34/40 - 100/120   6953.7 ms
block 35/40 - 103/120   6941.2 ms
block 36/40 - 106/120   7012.5 ms
block 37/40 - 109/120   6947.9 ms
block 38/40 - 112/120   3512.3 ms
block 39/40 - 115/120   5584.8 ms
block 40/40 - 118/120   6432.6 ms
[69/128] elapsed=25.2m  avg=21.9s/prompt  eta=21.6m
block 1/40 - 1/120   7661.4 ms
block 2/40 - 4/120   6025.5 ms
block 3/40 - 7/120   6372.2 ms
block 4/40 - 10/120   6962.5 ms
block 5/40 - 13/120   7022.6 ms
block 6/40 - 16/120   6955.7 ms
block 7/40 - 19/120   6952.6 ms
block 8/40 - 22/120   6945.0 ms
block 9/40 - 25/120   6953.6 ms
block 10/40 - 28/120   6859.1 ms
block 11/40 - 31/120   6973.5 ms
block 12/40 - 34/120   6972.3 ms
block 13/40 - 37/120   6939.1 ms
block 14/40 - 40/120   6990.4 ms
block 15/40 - 43/120   6974.7 ms
block 16/40 - 46/120   6970.2 ms
block 17/40 - 49/120   6989.8 ms
block 18/40 - 52/120   6897.5 ms
block 19/40 - 55/120   6954.4 ms
block 20/40 - 58/120   6969.7 ms
block 21/40 - 61/120   6964.9 ms
block 22/40 - 64/120   6981.9 ms
block 23/40 - 67/120   6964.1 ms
block 24/40 - 70/120   6979.5 ms
block 25/40 - 73/120   6983.6 ms
block 26/40 - 76/120   6955.0 ms
block 27/40 - 79/120   6959.3 ms
block 28/40 - 82/120   6959.3 ms
block 29/40 - 85/120   7018.9 ms
block 30/40 - 88/120   6940.6 ms
block 31/40 - 91/120   6964.3 ms
block 32/40 - 94/120   7013.6 ms
block 33/40 - 97/120   6999.1 ms
block 34/40 - 100/120   7022.5 ms
block 35/40 - 103/120   6966.2 ms
block 36/40 - 106/120   6957.8 ms
block 37/40 - 109/120   6609.1 ms
block 38/40 - 112/120   3712.7 ms
block 39/40 - 115/120   6038.1 ms
block 40/40 - 118/120   6552.8 ms
[85/128] elapsed=29.8m  avg=21.0s/prompt  eta=15.1m
block 1/40 - 1/120   7550.5 ms
block 2/40 - 4/120   6159.6 ms
block 3/40 - 7/120   6383.3 ms
block 4/40 - 10/120   6962.5 ms
block 5/40 - 13/120   6927.7 ms
block 6/40 - 16/120   6902.9 ms
block 7/40 - 19/120   6950.0 ms
block 8/40 - 22/120   6985.3 ms
block 9/40 - 25/120   6958.4 ms
block 10/40 - 28/120   6960.4 ms
block 11/40 - 31/120   7010.4 ms
block 12/40 - 34/120   6988.1 ms
block 13/40 - 37/120   6989.0 ms
block 14/40 - 40/120   6947.7 ms
block 15/40 - 43/120   6957.4 ms
block 16/40 - 46/120   7013.8 ms
block 17/40 - 49/120   6993.3 ms
block 18/40 - 52/120   7002.2 ms
block 19/40 - 55/120   6994.1 ms
block 20/40 - 58/120   6959.0 ms
block 21/40 - 61/120   6922.7 ms
block 22/40 - 64/120   6909.6 ms
block 23/40 - 67/120   6988.9 ms
block 24/40 - 70/120   6974.7 ms
block 25/40 - 73/120   6978.0 ms
block 26/40 - 76/120   7025.9 ms
block 27/40 - 79/120   6997.4 ms
block 28/40 - 82/120   6926.7 ms
block 29/40 - 85/120   6927.6 ms
block 30/40 - 88/120   6895.9 ms
block 31/40 - 91/120   6949.1 ms
block 32/40 - 94/120   7011.7 ms
block 33/40 - 97/120   6960.3 ms
block 34/40 - 100/120   6952.3 ms
block 35/40 - 103/120   6986.8 ms
block 36/40 - 106/120   6985.7 ms
block 37/40 - 109/120   5822.5 ms
block 38/40 - 112/120   3592.3 ms
block 39/40 - 115/120   5918.4 ms
block 40/40 - 118/120   6528.5 ms
[101/128] elapsed=34.3m  avg=20.4s/prompt  eta=9.2m
block 1/40 - 1/120   7243.1 ms
block 2/40 - 4/120   6105.2 ms
block 3/40 - 7/120   6397.3 ms
block 4/40 - 10/120   6936.6 ms
block 5/40 - 13/120   6952.1 ms
block 6/40 - 16/120   6977.2 ms
block 7/40 - 19/120   6991.0 ms
block 8/40 - 22/120   6976.7 ms
block 9/40 - 25/120   6994.4 ms
block 10/40 - 28/120   7006.2 ms
block 11/40 - 31/120   6945.6 ms
block 12/40 - 34/120   6948.7 ms
block 13/40 - 37/120   6963.0 ms
block 14/40 - 40/120   6999.6 ms
block 15/40 - 43/120   7011.4 ms
block 16/40 - 46/120   6963.0 ms
block 17/40 - 49/120   6914.9 ms
block 18/40 - 52/120   6942.2 ms
block 19/40 - 55/120   7058.1 ms
block 20/40 - 58/120   6987.7 ms
block 21/40 - 61/120   6942.0 ms
block 22/40 - 64/120   6971.3 ms
block 23/40 - 67/120   6932.0 ms
block 24/40 - 70/120   7025.9 ms
block 25/40 - 73/120   6994.0 ms
block 26/40 - 76/120   6970.8 ms
block 27/40 - 79/120   6948.6 ms
block 28/40 - 82/120   6954.2 ms
block 29/40 - 85/120   6927.6 ms
block 30/40 - 88/120   6936.9 ms
block 31/40 - 91/120   7204.7 ms
block 32/40 - 94/120   6980.3 ms
block 33/40 - 97/120   6938.6 ms
block 34/40 - 100/120   6955.0 ms
block 35/40 - 103/120   6885.2 ms
block 36/40 - 106/120   6958.0 ms
block 37/40 - 109/120   6032.7 ms
block 38/40 - 112/120   3135.7 ms
block 39/40 - 115/120   2485.0 ms
block 40/40 - 118/120   2783.1 ms
[117/128] elapsed=38.8m  avg=19.9s/prompt  eta=3.6m
