Running on a single GPU (cuda); skipping NCCL initialization.
Free VRAM 93.9398193359375 GB
Loading CUDA extension (first run compiles ~60s; cached run ~3s)...
CUDA extension ready in 126.7s.
[CacheCompatibilityPolicy] recent=20:355 coverage=21:5 episode=22:0 coverage_policy=reservoir budget=9FFE read_budget=9FFE owner=HeadComposition
KV inference with 3 frames per block
Number of prompts: 64
Prompt index range: [0, 64)
Loading PyramidKV config from /apdcephfs_gy2/share_303214315/cedricnie/develop/training-free/runs/v181_rccp_long_stress/inputs/maps/rccp_matched.csv
block 1/80 - 1/240  259790.7 ms
block 2/80 - 4/240  16790.7 ms
block 3/80 - 7/240  17634.5 ms
block 4/80 - 10/240  17728.5 ms
block 5/80 - 13/240  17728.0 ms
block 6/80 - 16/240  17727.9 ms
block 7/80 - 19/240  17724.8 ms
block 8/80 - 22/240  17727.2 ms
block 9/80 - 25/240  17725.8 ms
block 10/80 - 28/240  17727.9 ms
block 11/80 - 31/240  17728.0 ms
block 12/80 - 34/240  17727.9 ms
block 13/80 - 37/240  17727.9 ms
block 14/80 - 40/240  17730.2 ms
block 15/80 - 43/240  17729.5 ms
block 16/80 - 46/240  17724.3 ms
block 17/80 - 49/240  17727.8 ms
block 18/80 - 52/240  17728.1 ms
block 19/80 - 55/240  17727.8 ms
block 20/80 - 58/240  17727.7 ms
block 21/80 - 61/240  17681.2 ms
block 22/80 - 64/240  17727.2 ms
block 23/80 - 67/240  17727.1 ms
block 24/80 - 70/240  17729.8 ms
block 25/80 - 73/240  17727.4 ms
block 26/80 - 76/240  17729.2 ms
block 27/80 - 79/240  17730.2 ms
block 28/80 - 82/240  17732.0 ms
block 29/80 - 85/240  17726.3 ms
block 30/80 - 88/240  17700.1 ms
block 31/80 - 91/240  17730.2 ms
block 32/80 - 94/240  17730.0 ms
block 33/80 - 97/240  17728.4 ms
block 34/80 - 100/240  17726.6 ms
block 35/80 - 103/240  17727.8 ms
block 36/80 - 106/240  17730.5 ms
block 37/80 - 109/240  17723.1 ms
block 38/80 - 112/240  17726.8 ms
block 39/80 - 115/240  17719.1 ms
block 40/80 - 118/240  17727.1 ms
block 41/80 - 121/240  17728.5 ms
block 42/80 - 124/240  17680.3 ms
block 43/80 - 127/240  17730.6 ms
block 44/80 - 130/240  17728.3 ms
block 45/80 - 133/240  17730.0 ms
block 46/80 - 136/240  17727.4 ms
block 47/80 - 139/240  17730.1 ms
block 48/80 - 142/240  17725.3 ms
block 49/80 - 145/240  17724.5 ms
block 50/80 - 148/240  17728.0 ms
block 51/80 - 151/240  17730.0 ms
block 52/80 - 154/240  17725.1 ms
block 53/80 - 157/240  17725.6 ms
block 54/80 - 160/240  17730.3 ms
block 55/80 - 163/240  17728.5 ms
block 56/80 - 166/240  17729.8 ms
block 57/80 - 169/240  17730.8 ms
block 58/80 - 172/240  17725.1 ms
block 59/80 - 175/240  17727.9 ms
block 60/80 - 178/240  17731.0 ms
block 61/80 - 181/240  17724.8 ms
block 62/80 - 184/240  17725.2 ms
block 63/80 - 187/240  17728.8 ms
block 64/80 - 190/240  17728.4 ms
block 65/80 - 193/240  17716.0 ms
block 66/80 - 196/240  17727.6 ms
block 67/80 - 199/240  17727.8 ms
block 68/80 - 202/240  17729.7 ms
block 69/80 - 205/240  17734.0 ms
block 70/80 - 208/240  17715.5 ms
block 71/80 - 211/240  17723.4 ms
block 72/80 - 214/240  17728.2 ms
block 73/80 - 217/240  17730.2 ms
block 74/80 - 220/240  17641.6 ms
block 75/80 - 223/240  17725.3 ms
block 76/80 - 226/240  17727.1 ms
block 77/80 - 229/240  17728.5 ms
block 78/80 - 232/240  17728.0 ms
block 79/80 - 235/240  17727.2 ms
block 80/80 - 238/240  17727.5 ms
[2/64] elapsed=27.8m  avg=833.0s/prompt  eta=860.7m
/apdcephfs_gy2/share_303214315/cedricnie/miniconda3/envs/longlive/lib/python3.10/site-packages/torchvision/io/_video_deprecation_warning.py:9: UserWarning: The video decoding and encoding capabilities of torchvision are deprecated from version 0.22 and will be removed in version 0.24. We recommend that you migrate to TorchCodec, where we'll consolidate the future decoding/encoding capabilities of PyTorch: https://github.com/pytorch/torchcodec
  warnings.warn(
block 1/80 - 1/240  17431.0 ms
block 2/80 - 4/240  17089.9 ms
block 3/80 - 7/240  17635.0 ms
block 4/80 - 10/240  17723.9 ms
block 5/80 - 13/240  17726.9 ms
block 6/80 - 16/240  17728.5 ms
block 7/80 - 19/240  17729.2 ms
block 8/80 - 22/240  17729.8 ms
block 9/80 - 25/240  17724.2 ms
block 10/80 - 28/240  17726.9 ms
block 11/80 - 31/240  17724.8 ms
block 12/80 - 34/240  17696.8 ms
block 13/80 - 37/240  17724.8 ms
block 14/80 - 40/240  17724.7 ms
block 15/80 - 43/240  17724.6 ms
block 16/80 - 46/240  17727.8 ms
block 17/80 - 49/240  17727.3 ms
block 18/80 - 52/240  17731.5 ms
block 19/80 - 55/240  17726.2 ms
block 20/80 - 58/240  17725.3 ms
block 21/80 - 61/240  17728.6 ms
block 22/80 - 64/240  17728.2 ms
block 23/80 - 67/240  17727.8 ms
block 24/80 - 70/240  17728.0 ms
block 25/80 - 73/240  17728.4 ms
block 26/80 - 76/240  17730.2 ms
block 27/80 - 79/240  17727.5 ms
block 28/80 - 82/240  17720.5 ms
block 29/80 - 85/240  17730.4 ms
block 30/80 - 88/240  17724.2 ms
block 31/80 - 91/240  17725.3 ms
block 32/80 - 94/240  17728.9 ms
block 33/80 - 97/240  17729.3 ms
block 34/80 - 100/240  17727.8 ms
block 35/80 - 103/240  17724.8 ms
block 36/80 - 106/240  17725.2 ms
block 37/80 - 109/240  17731.2 ms
block 38/80 - 112/240  17729.0 ms
block 39/80 - 115/240  17716.9 ms
block 40/80 - 118/240  17730.3 ms
block 41/80 - 121/240  17730.9 ms
block 42/80 - 124/240  17727.6 ms
block 43/80 - 127/240  17726.7 ms
block 44/80 - 130/240  17727.7 ms
block 45/80 - 133/240  17682.5 ms
block 46/80 - 136/240  17728.0 ms
block 47/80 - 139/240  17722.0 ms
block 48/80 - 142/240  17728.8 ms
block 49/80 - 145/240  17729.2 ms
block 50/80 - 148/240  17728.0 ms
block 51/80 - 151/240  17724.8 ms
block 52/80 - 154/240  17725.1 ms
block 53/80 - 157/240  17724.9 ms
block 54/80 - 160/240  17727.0 ms
block 55/80 - 163/240  17727.8 ms
block 56/80 - 166/240  17725.3 ms
block 57/80 - 169/240  17696.9 ms
block 58/80 - 172/240  17727.8 ms
block 59/80 - 175/240  17724.7 ms
block 60/80 - 178/240  17725.4 ms
block 61/80 - 181/240  17728.6 ms
block 62/80 - 184/240  17727.9 ms
block 63/80 - 187/240  17725.8 ms
block 64/80 - 190/240  17728.0 ms
block 65/80 - 193/240  17728.6 ms
block 66/80 - 196/240  17704.3 ms
block 67/80 - 199/240  17727.8 ms
block 68/80 - 202/240  17728.4 ms
block 69/80 - 205/240  17728.0 ms
block 70/80 - 208/240  17727.3 ms
block 71/80 - 211/240  17703.0 ms
block 72/80 - 214/240  17727.1 ms
block 73/80 - 217/240  17725.5 ms
block 74/80 - 220/240  17728.2 ms
block 75/80 - 223/240  17729.6 ms
block 76/80 - 226/240  17727.4 ms
block 77/80 - 229/240  17729.7 ms
block 78/80 - 232/240  17727.4 ms
block 79/80 - 235/240  17729.3 ms
block 80/80 - 238/240  17727.3 ms
[18/64] elapsed=51.5m  avg=171.6s/prompt  eta=131.6m
block 1/80 - 1/240  17259.9 ms
block 2/80 - 4/240  17091.8 ms
block 3/80 - 7/240  17633.6 ms
block 4/80 - 10/240  17738.0 ms
block 5/80 - 13/240  17721.7 ms
block 6/80 - 16/240  17724.8 ms
block 7/80 - 19/240  17723.7 ms
block 8/80 - 22/240  17728.7 ms
block 9/80 - 25/240  17726.9 ms
block 10/80 - 28/240  17642.6 ms
block 11/80 - 31/240  17730.8 ms
block 12/80 - 34/240  17729.1 ms
block 13/80 - 37/240  17724.8 ms
block 14/80 - 40/240  17725.4 ms
block 15/80 - 43/240  17729.4 ms
block 16/80 - 46/240  17728.5 ms
block 17/80 - 49/240  17681.2 ms
block 18/80 - 52/240  17728.0 ms
block 19/80 - 55/240  17730.0 ms
block 20/80 - 58/240  17724.7 ms
block 21/80 - 61/240  17729.9 ms
block 22/80 - 64/240  17697.5 ms
block 23/80 - 67/240  17727.3 ms
block 24/80 - 70/240  17730.4 ms
block 25/80 - 73/240  17727.3 ms
block 26/80 - 76/240  17727.3 ms
block 27/80 - 79/240  17700.0 ms
block 28/80 - 82/240  17730.2 ms
block 29/80 - 85/240  17727.2 ms
block 30/80 - 88/240  17728.2 ms
block 31/80 - 91/240  17728.1 ms
block 32/80 - 94/240  17725.8 ms
block 33/80 - 97/240  17727.0 ms
block 34/80 - 100/240  17729.0 ms
block 35/80 - 103/240  17727.6 ms
block 36/80 - 106/240  17724.5 ms
block 37/80 - 109/240  17726.1 ms
block 38/80 - 112/240  17727.6 ms
block 39/80 - 115/240  17728.3 ms
block 40/80 - 118/240  17730.5 ms
block 41/80 - 121/240  17727.4 ms
block 42/80 - 124/240  17726.5 ms
block 43/80 - 127/240  17728.2 ms
block 44/80 - 130/240  17729.1 ms
block 45/80 - 133/240  17729.3 ms
block 46/80 - 136/240  17725.3 ms
block 47/80 - 139/240  17727.6 ms
block 48/80 - 142/240  17640.9 ms
block 49/80 - 145/240  17707.1 ms
block 50/80 - 148/240  17726.0 ms
block 51/80 - 151/240  17728.2 ms
block 52/80 - 154/240  17727.7 ms
block 53/80 - 157/240  17698.9 ms
block 54/80 - 160/240  17728.7 ms
block 55/80 - 163/240  17726.3 ms
block 56/80 - 166/240  17725.5 ms
block 57/80 - 169/240  17728.1 ms
block 58/80 - 172/240  17729.7 ms
block 59/80 - 175/240  17731.5 ms
block 60/80 - 178/240  17724.5 ms
block 61/80 - 181/240  17727.1 ms
block 62/80 - 184/240  17725.4 ms
block 63/80 - 187/240  17727.3 ms
block 64/80 - 190/240  17725.4 ms
block 65/80 - 193/240  17729.1 ms
block 66/80 - 196/240  17639.6 ms
block 67/80 - 199/240  17727.7 ms
block 68/80 - 202/240  17730.4 ms
block 69/80 - 205/240  17728.1 ms
block 70/80 - 208/240  17727.6 ms
block 71/80 - 211/240  17728.7 ms
block 72/80 - 214/240  17724.6 ms
block 73/80 - 217/240  17725.2 ms
block 74/80 - 220/240  17724.9 ms
block 75/80 - 223/240  17726.7 ms
block 76/80 - 226/240  17727.9 ms
block 77/80 - 229/240  17642.3 ms
block 78/80 - 232/240  17727.7 ms
block 79/80 - 235/240  17730.8 ms
block 80/80 - 238/240  17729.0 ms
[34/64] elapsed=75.2m  avg=132.7s/prompt  eta=66.4m
block 1/80 - 1/240  17505.8 ms
block 2/80 - 4/240  17091.2 ms
block 3/80 - 7/240  17702.1 ms
block 4/80 - 10/240  17641.0 ms
block 5/80 - 13/240  17730.5 ms
block 6/80 - 16/240  17728.0 ms
block 7/80 - 19/240  17728.1 ms
block 8/80 - 22/240  17727.4 ms
block 9/80 - 25/240  17726.9 ms
block 10/80 - 28/240  17724.2 ms
block 11/80 - 31/240  17728.3 ms
block 12/80 - 34/240  17725.1 ms
block 13/80 - 37/240  17724.9 ms
block 14/80 - 40/240  17727.5 ms
block 15/80 - 43/240  17700.3 ms
block 16/80 - 46/240  17727.0 ms
block 17/80 - 49/240  17727.3 ms
block 18/80 - 52/240  17726.3 ms
block 19/80 - 55/240  17729.7 ms
block 20/80 - 58/240  17727.7 ms
block 21/80 - 61/240  17726.4 ms
block 22/80 - 64/240  17726.2 ms
block 23/80 - 67/240  17727.7 ms
block 24/80 - 70/240  17670.3 ms
block 25/80 - 73/240  17729.7 ms
block 26/80 - 76/240  17733.3 ms
block 27/80 - 79/240  17727.3 ms
block 28/80 - 82/240  17727.7 ms
block 29/80 - 85/240  17729.0 ms
block 30/80 - 88/240  17727.6 ms
block 31/80 - 91/240  17715.9 ms
block 32/80 - 94/240  17727.5 ms
block 33/80 - 97/240  17730.2 ms
block 34/80 - 100/240  17715.8 ms
block 35/80 - 103/240  17728.6 ms
block 36/80 - 106/240  17726.3 ms
block 37/80 - 109/240  17705.0 ms
block 38/80 - 112/240  17727.6 ms
block 39/80 - 115/240  17729.7 ms
block 40/80 - 118/240  17728.5 ms
block 41/80 - 121/240  17727.2 ms
block 42/80 - 124/240  17727.4 ms
block 43/80 - 127/240  17726.9 ms
block 44/80 - 130/240  17725.5 ms
block 45/80 - 133/240  17729.3 ms
block 46/80 - 136/240  17724.9 ms
block 47/80 - 139/240  17728.0 ms
block 48/80 - 142/240  17730.1 ms
block 49/80 - 145/240  17730.1 ms
block 50/80 - 148/240  17727.3 ms
block 51/80 - 151/240  17718.1 ms
block 52/80 - 154/240  17724.1 ms
block 53/80 - 157/240  17729.1 ms
block 54/80 - 160/240  17728.1 ms
block 55/80 - 163/240  17730.8 ms
block 56/80 - 166/240  17724.9 ms
block 57/80 - 169/240  17727.1 ms
block 58/80 - 172/240  17727.0 ms
block 59/80 - 175/240  17730.2 ms
block 60/80 - 178/240  17727.2 ms
block 61/80 - 181/240  17676.1 ms
block 62/80 - 184/240  17727.5 ms
block 63/80 - 187/240  17723.8 ms
block 64/80 - 190/240  17708.7 ms
block 65/80 - 193/240  17726.2 ms
block 66/80 - 196/240  17729.0 ms
block 67/80 - 199/240  17728.7 ms
block 68/80 - 202/240  17727.4 ms
block 69/80 - 205/240  17728.3 ms
block 70/80 - 208/240  17728.2 ms
block 71/80 - 211/240  17726.9 ms
block 72/80 - 214/240  17727.2 ms
block 73/80 - 217/240  17730.8 ms
block 74/80 - 220/240  17730.9 ms
block 75/80 - 223/240  17727.5 ms
block 76/80 - 226/240  17730.0 ms
block 77/80 - 229/240  17727.0 ms
block 78/80 - 232/240  17727.9 ms
block 79/80 - 235/240  17729.9 ms
block 80/80 - 238/240  17727.7 ms
[50/64] elapsed=98.9m  avg=118.7s/prompt  eta=27.7m
m
[skip] prompt 33 already has output, skipping
block 1/80 - 1/240  17333.9 ms
block 2/80 - 4/240  17107.7 ms
block 3/80 - 7/240  17640.4 ms
block 4/80 - 10/240  17736.6 ms
block 5/80 - 13/240  17733.2 ms
block 6/80 - 16/240  17735.0 ms
block 7/80 - 19/240  17734.8 ms
block 8/80 - 22/240  17735.9 ms
block 9/80 - 25/240  17736.3 ms
block 10/80 - 28/240  17735.9 ms
block 11/80 - 31/240  17707.0 ms
block 12/80 - 34/240  17737.2 ms
block 13/80 - 37/240  17736.1 ms
block 14/80 - 40/240  17734.7 ms
block 15/80 - 43/240  17736.7 ms
block 16/80 - 46/240  17734.6 ms
block 17/80 - 49/240  17672.6 ms
block 18/80 - 52/240  17675.3 ms
block 19/80 - 55/240  17676.6 ms
block 20/80 - 58/240  17676.8 ms
block 21/80 - 61/240  17677.1 ms
block 22/80 - 64/240  17672.5 ms
block 23/80 - 67/240  17676.4 ms
block 24/80 - 70/240  17676.0 ms
block 25/80 - 73/240  17675.7 ms
block 26/80 - 76/240  17675.9 ms
block 27/80 - 79/240  17675.5 ms
block 28/80 - 82/240  17675.5 ms
block 29/80 - 85/240  17675.8 ms
block 30/80 - 88/240  17677.2 ms
block 31/80 - 91/240  17675.8 ms
block 32/80 - 94/240  17675.3 ms
block 33/80 - 97/240  17675.6 ms
block 34/80 - 100/240  17672.4 ms
block 35/80 - 103/240  17675.0 ms
block 36/80 - 106/240  17672.7 ms
block 37/80 - 109/240  17675.2 ms
block 38/80 - 112/240  17672.8 ms
block 39/80 - 115/240  17676.0 ms
block 40/80 - 118/240  17678.8 ms
block 41/80 - 121/240  17675.5 ms
block 42/80 - 124/240  17675.3 ms
block 43/80 - 127/240  17675.8 ms
block 44/80 - 130/240  17674.5 ms
block 45/80 - 133/240  17675.3 ms
block 46/80 - 136/240  17676.2 ms
block 47/80 - 139/240  17673.1 ms
block 48/80 - 142/240  17675.7 ms
block 49/80 - 145/240  17674.9 ms
block 50/80 - 148/240  17672.5 ms
block 51/80 - 151/240  17675.5 ms
block 52/80 - 154/240  17674.0 ms
block 53/80 - 157/240  17675.4 ms
block 54/80 - 160/240  17675.8 ms
block 55/80 - 163/240  17675.1 ms
block 56/80 - 166/240  17676.1 ms
block 57/80 - 169/240  17693.5 ms
block 58/80 - 172/240  17653.9 ms
block 59/80 - 175/240  17671.9 ms
block 60/80 - 178/240  17676.2 ms
block 61/80 - 181/240  17676.2 ms
block 62/80 - 184/240  17676.6 ms
block 63/80 - 187/240  17675.9 ms
block 64/80 - 190/240  17675.3 ms
block 65/80 - 193/240  17673.0 ms
block 66/80 - 196/240  17676.2 ms
block 67/80 - 199/240  17671.9 ms
block 68/80 - 202/240  17671.2 ms
block 69/80 - 205/240  17672.6 ms
block 70/80 - 208/240  17675.1 ms
block 71/80 - 211/240  17675.2 ms
block 72/80 - 214/240  17675.6 ms
block 73/80 - 217/240  17672.8 ms
block 74/80 - 220/240  17674.5 ms
block 75/80 - 223/240  17673.1 ms
block 76/80 - 226/240  17674.1 ms
block 77/80 - 229/240  17675.5 ms
block 78/80 - 232/240  17676.0 ms
block 79/80 - 235/240  17675.4 ms
block 80/80 - 238/240  17677.4 ms
[42/64] elapsed=121.4m  avg=173.5s/prompt  eta=63.6m
[skip] prompt 49 already has output, skipping
block 1/80 - 1/240  17305.4 ms
block 2/80 - 4/240  17048.9 ms
block 3/80 - 7/240  17669.5 ms
block 4/80 - 10/240  17676.4 ms
block 5/80 - 13/240  17675.7 ms
block 6/80 - 16/240  17677.1 ms
block 7/80 - 19/240  17672.7 ms
block 8/80 - 22/240  17675.8 ms
block 9/80 - 25/240  17672.3 ms
block 10/80 - 28/240  17675.2 ms
block 11/80 - 31/240  17671.6 ms
block 12/80 - 34/240  17676.3 ms
block 13/80 - 37/240  17675.9 ms
block 14/80 - 40/240  17676.0 ms
block 15/80 - 43/240  17675.7 ms
block 16/80 - 46/240  17677.1 ms
block 17/80 - 49/240  17675.3 ms
block 18/80 - 52/240  17673.4 ms
block 19/80 - 55/240  17676.7 ms
block 20/80 - 58/240  17673.5 ms
block 21/80 - 61/240  17672.9 ms
block 22/80 - 64/240  17675.3 ms
block 23/80 - 67/240  17676.0 ms
block 24/80 - 70/240  17675.7 ms
block 25/80 - 73/240  17678.2 ms
block 26/80 - 76/240  17676.6 ms
block 27/80 - 79/240  17675.7 ms
block 28/80 - 82/240  17675.8 ms
block 29/80 - 85/240  17676.4 ms
block 30/80 - 88/240  17675.7 ms
block 31/80 - 91/240  17675.9 ms
block 32/80 - 94/240  17675.8 ms
block 33/80 - 97/240  17675.5 ms
block 34/80 - 100/240  17676.4 ms
block 35/80 - 103/240  17675.1 ms
block 36/80 - 106/240  17673.6 ms
block 37/80 - 109/240  17671.3 ms
block 38/80 - 112/240  17674.6 ms
block 39/80 - 115/240  17675.1 ms
block 40/80 - 118/240  17675.0 ms
block 41/80 - 121/240  17671.1 ms
block 42/80 - 124/240  17672.0 ms
block 43/80 - 127/240  17672.2 ms
block 44/80 - 130/240  17671.7 ms
block 45/80 - 133/240  17675.2 ms
block 46/80 - 136/240  17671.3 ms
block 47/80 - 139/240  17671.7 ms
block 48/80 - 142/240  17674.1 ms
block 49/80 - 145/240  17671.8 ms
block 50/80 - 148/240  17671.3 ms
block 51/80 - 151/240  17672.1 ms
block 52/80 - 154/240  17671.8 ms
block 53/80 - 157/240  17671.1 ms
block 54/80 - 160/240  17671.3 ms
block 55/80 - 163/240  17673.9 ms
block 56/80 - 166/240  17672.5 ms
block 57/80 - 169/240  17671.4 ms
block 58/80 - 172/240  17672.4 ms
block 59/80 - 175/240  17674.3 ms
block 60/80 - 178/240  17671.2 ms
block 61/80 - 181/240  17674.7 ms
block 62/80 - 184/240  17674.5 ms
block 63/80 - 187/240  17674.1 ms
block 64/80 - 190/240  17671.6 ms
block 65/80 - 193/240  17674.5 ms
block 66/80 - 196/240  17672.6 ms
block 67/80 - 199/240  17675.7 ms
block 68/80 - 202/240  17673.0 ms
block 69/80 - 205/240  17672.1 ms
block 70/80 - 208/240  17671.6 ms
block 71/80 - 211/240  17671.9 ms
block 72/80 - 214/240  17672.0 ms
block 73/80 - 217/240  17675.7 ms
block 74/80 - 220/240  17677.3 ms
block 75/80 - 223/240  17674.7 ms
block 76/80 - 226/240  17675.1 ms
block 77/80 - 229/240  17676.4 ms
block 78/80 - 232/240  17675.7 ms
block 79/80 - 235/240  17675.4 ms
block 80/80 - 238/240  17676.5 ms
[58/64] elapsed=145.0m  avg=150.0s/prompt  eta=15.0m
