Running on a single GPU (cuda); skipping NCCL initialization.
Free VRAM 93.9398193359375 GB
Loading CUDA extension (first run compiles ~60s; cached run ~3s)...
CUDA extension ready in 126.7s.
[CacheCompatibilityPolicy] recent=20:355 coverage=21:5 episode=22:0 coverage_policy=reservoir budget=9FFE read_budget=9FFE owner=HeadComposition
KV inference with 3 frames per block
Number of prompts: 64
Prompt index range: [0, 64)
Loading PyramidKV config from /apdcephfs_gy2/share_303214315/cedricnie/develop/training-free/runs/v181_rccp_long_stress/inputs/maps/rccp_matched.csv
block 1/80 - 1/240  259835.8 ms
block 2/80 - 4/240  16842.4 ms
block 3/80 - 7/240  17633.7 ms
block 4/80 - 10/240  17642.6 ms
block 5/80 - 13/240  17642.9 ms
block 6/80 - 16/240  17643.7 ms
block 7/80 - 19/240  17642.1 ms
block 8/80 - 22/240  17645.9 ms
block 9/80 - 25/240  17644.2 ms
block 10/80 - 28/240  17642.8 ms
block 11/80 - 31/240  17642.5 ms
block 12/80 - 34/240  17646.9 ms
block 13/80 - 37/240  17643.1 ms
block 14/80 - 40/240  17643.5 ms
block 15/80 - 43/240  17643.0 ms
block 16/80 - 46/240  17643.5 ms
block 17/80 - 49/240  17642.9 ms
block 18/80 - 52/240  17643.2 ms
block 19/80 - 55/240  17643.3 ms
block 20/80 - 58/240  17640.3 ms
block 21/80 - 61/240  17644.2 ms
block 22/80 - 64/240  17645.7 ms
block 23/80 - 67/240  17646.1 ms
block 24/80 - 70/240  17646.2 ms
block 25/80 - 73/240  17644.5 ms
block 26/80 - 76/240  17645.7 ms
block 27/80 - 79/240  17645.8 ms
block 28/80 - 82/240  17646.0 ms
block 29/80 - 85/240  17645.1 ms
block 30/80 - 88/240  17643.0 ms
block 31/80 - 91/240  17642.9 ms
block 32/80 - 94/240  17643.4 ms
block 33/80 - 97/240  17642.6 ms
block 34/80 - 100/240  17643.4 ms
block 35/80 - 103/240  17642.8 ms
block 36/80 - 106/240  17643.7 ms
block 37/80 - 109/240  17644.6 ms
block 38/80 - 112/240  17645.9 ms
block 39/80 - 115/240  17643.0 ms
block 40/80 - 118/240  17642.8 ms
block 41/80 - 121/240  17647.4 ms
block 42/80 - 124/240  17643.3 ms
block 43/80 - 127/240  17641.5 ms
block 44/80 - 130/240  17642.5 ms
block 45/80 - 133/240  17638.6 ms
block 46/80 - 136/240  17583.2 ms
block 47/80 - 139/240  17643.1 ms
block 48/80 - 142/240  17645.3 ms
block 49/80 - 145/240  17644.7 ms
block 50/80 - 148/240  17642.7 ms
block 51/80 - 151/240  17645.9 ms
block 52/80 - 154/240  17641.7 ms
block 53/80 - 157/240  17642.8 ms
block 54/80 - 160/240  17642.4 ms
block 55/80 - 163/240  17647.7 ms
block 56/80 - 166/240  17642.7 ms
block 57/80 - 169/240  17642.7 ms
block 58/80 - 172/240  17645.6 ms
block 59/80 - 175/240  17645.7 ms
block 60/80 - 178/240  17643.0 ms
block 61/80 - 181/240  17645.6 ms
block 62/80 - 184/240  17643.8 ms
block 63/80 - 187/240  17642.9 ms
block 64/80 - 190/240  17642.4 ms
block 65/80 - 193/240  17643.1 ms
block 66/80 - 196/240  17596.6 ms
block 67/80 - 199/240  17643.0 ms
block 68/80 - 202/240  17642.8 ms
block 69/80 - 205/240  17643.8 ms
block 70/80 - 208/240  17641.8 ms
block 71/80 - 211/240  17644.4 ms
block 72/80 - 214/240  17642.4 ms
block 73/80 - 217/240  17642.2 ms
block 74/80 - 220/240  17644.7 ms
block 75/80 - 223/240  17643.1 ms
block 76/80 - 226/240  17642.2 ms
block 77/80 - 229/240  17642.1 ms
block 78/80 - 232/240  17557.2 ms
block 79/80 - 235/240  17642.9 ms
block 80/80 - 238/240  17643.4 ms
[4/64] elapsed=27.7m  avg=414.8s/prompt  eta=414.8m/apdcephfs_gy2/share_303214315/cedricnie/miniconda3/envs/longlive/lib/python3.10/site-packages/torchvision/io/_video_deprecation_warning.py:9: UserWarning: The video decoding and encoding capabilities of torchvision are deprecated from version 0.22 and will be removed in version 0.24. We recommend that you migrate to TorchCodec, where we'll consolidate the future decoding/encoding capabilities of PyTorch: https://github.com/pytorch/torchcodec
  warnings.warn(

block 1/80 - 1/240  17461.3 ms
block 2/80 - 4/240  17010.7 ms
block 3/80 - 7/240  17549.4 ms
block 4/80 - 10/240  17645.4 ms
block 5/80 - 13/240  17645.9 ms
block 6/80 - 16/240  17644.2 ms
block 7/80 - 19/240  17645.4 ms
block 8/80 - 22/240  17645.8 ms
block 9/80 - 25/240  17645.6 ms
block 10/80 - 28/240  17643.0 ms
block 11/80 - 31/240  17642.9 ms
block 12/80 - 34/240  17620.2 ms
block 13/80 - 37/240  17643.5 ms
block 14/80 - 40/240  17646.3 ms
block 15/80 - 43/240  17644.9 ms
block 16/80 - 46/240  17645.5 ms
block 17/80 - 49/240  17646.3 ms
block 18/80 - 52/240  17645.6 ms
block 19/80 - 55/240  17646.4 ms
block 20/80 - 58/240  17646.1 ms
block 21/80 - 61/240  17645.3 ms
block 22/80 - 64/240  17645.5 ms
block 23/80 - 67/240  17645.9 ms
block 24/80 - 70/240  17645.8 ms
block 25/80 - 73/240  17646.9 ms
block 26/80 - 76/240  17646.1 ms
block 27/80 - 79/240  17645.8 ms
block 28/80 - 82/240  17645.6 ms
block 29/80 - 85/240  17646.2 ms
block 30/80 - 88/240  17645.2 ms
block 31/80 - 91/240  17645.8 ms
block 32/80 - 94/240  17645.8 ms
block 33/80 - 97/240  17646.0 ms
block 34/80 - 100/240  17648.1 ms
block 35/80 - 103/240  17645.9 ms
block 36/80 - 106/240  17643.5 ms
block 37/80 - 109/240  17645.8 ms
block 38/80 - 112/240  17645.1 ms
block 39/80 - 115/240  17645.1 ms
block 40/80 - 118/240  17681.1 ms
block 41/80 - 121/240  17645.6 ms
block 42/80 - 124/240  17643.5 ms
block 43/80 - 127/240  17644.4 ms
block 44/80 - 130/240  17601.9 ms
block 45/80 - 133/240  17644.8 ms
block 46/80 - 136/240  17645.7 ms
block 47/80 - 139/240  17645.8 ms
block 48/80 - 142/240  17645.1 ms
block 49/80 - 145/240  17645.7 ms
block 50/80 - 148/240  17643.4 ms
block 51/80 - 151/240  17645.2 ms
block 52/80 - 154/240  17644.5 ms
block 53/80 - 157/240  17644.8 ms
block 54/80 - 160/240  17644.9 ms
block 55/80 - 163/240  17645.3 ms
block 56/80 - 166/240  17646.0 ms
block 57/80 - 169/240  17645.9 ms
block 58/80 - 172/240  17645.4 ms
block 59/80 - 175/240  17646.1 ms
block 60/80 - 178/240  17645.9 ms
block 61/80 - 181/240  17646.5 ms
block 62/80 - 184/240  17645.4 ms
block 63/80 - 187/240  17646.3 ms
block 64/80 - 190/240  17644.4 ms
block 65/80 - 193/240  17646.2 ms
block 66/80 - 196/240  17645.0 ms
block 67/80 - 199/240  17645.1 ms
block 68/80 - 202/240  17644.3 ms
block 69/80 - 205/240  17644.6 ms
block 70/80 - 208/240  17642.0 ms
block 71/80 - 211/240  17648.3 ms
block 72/80 - 214/240  17645.3 ms
block 73/80 - 217/240  17645.6 ms
block 74/80 - 220/240  17647.7 ms
block 75/80 - 223/240  17645.5 ms
block 76/80 - 226/240  17645.2 ms
block 77/80 - 229/240  17645.6 ms
block 78/80 - 232/240  17646.3 ms
block 79/80 - 235/240  17644.6 ms
block 80/80 - 238/240  17645.9 ms
[20/64] elapsed=51.3m  avg=153.8s/prompt  eta=112.8m
block 1/80 - 1/240  17488.9 ms
block 2/80 - 4/240  17009.8 ms
block 3/80 - 7/240  17547.9 ms
block 4/80 - 10/240  17681.3 ms
block 5/80 - 13/240  17607.4 ms
block 6/80 - 16/240  17642.5 ms
block 7/80 - 19/240  17645.5 ms
block 8/80 - 22/240  17646.3 ms
block 9/80 - 25/240  17645.2 ms
block 10/80 - 28/240  17646.0 ms
block 11/80 - 31/240  17645.8 ms
block 12/80 - 34/240  17645.7 ms
block 13/80 - 37/240  17643.2 ms
block 14/80 - 40/240  17642.6 ms
block 15/80 - 43/240  17642.2 ms
block 16/80 - 46/240  17645.3 ms
block 17/80 - 49/240  17645.6 ms
block 18/80 - 52/240  17642.5 ms
block 19/80 - 55/240  17642.8 ms
block 20/80 - 58/240  17643.1 ms
block 21/80 - 61/240  17642.1 ms
block 22/80 - 64/240  17645.5 ms
block 23/80 - 67/240  17645.6 ms
block 24/80 - 70/240  17645.2 ms
block 25/80 - 73/240  17643.3 ms
block 26/80 - 76/240  17645.4 ms
block 27/80 - 79/240  17646.0 ms
block 28/80 - 82/240  17645.2 ms
block 29/80 - 85/240  17644.6 ms
block 30/80 - 88/240  17645.3 ms
block 31/80 - 91/240  17644.0 ms
block 32/80 - 94/240  17645.9 ms
block 33/80 - 97/240  17645.8 ms
block 34/80 - 100/240  17618.8 ms
block 35/80 - 103/240  17644.2 ms
block 36/80 - 106/240  17642.5 ms
block 37/80 - 109/240  17640.2 ms
block 38/80 - 112/240  17644.6 ms
block 39/80 - 115/240  17627.5 ms
block 40/80 - 118/240  17644.6 ms
block 41/80 - 121/240  17645.7 ms
block 42/80 - 124/240  17644.8 ms
block 43/80 - 127/240  17642.8 ms
block 44/80 - 130/240  17642.2 ms
block 45/80 - 133/240  17645.2 ms
block 46/80 - 136/240  17646.0 ms
block 47/80 - 139/240  17645.3 ms
block 48/80 - 142/240  17645.5 ms
block 49/80 - 145/240  17645.7 ms
block 50/80 - 148/240  17645.3 ms
block 51/80 - 151/240  17646.3 ms
block 52/80 - 154/240  17642.9 ms
block 53/80 - 157/240  17620.1 ms
block 54/80 - 160/240  17646.1 ms
block 55/80 - 163/240  17646.1 ms
block 56/80 - 166/240  17645.3 ms
block 57/80 - 169/240  17618.5 ms
block 58/80 - 172/240  17648.2 ms
block 59/80 - 175/240  17646.2 ms
block 60/80 - 178/240  17640.7 ms
block 61/80 - 181/240  17642.8 ms
block 62/80 - 184/240  17644.5 ms
block 63/80 - 187/240  17644.5 ms
block 64/80 - 190/240  17645.4 ms
block 65/80 - 193/240  17643.1 ms
block 66/80 - 196/240  17643.0 ms
block 67/80 - 199/240  17642.9 ms
block 68/80 - 202/240  17644.9 ms
block 69/80 - 205/240  17644.1 ms
block 70/80 - 208/240  17646.1 ms
block 71/80 - 211/240  17643.0 ms
block 72/80 - 214/240  17643.3 ms
block 73/80 - 217/240  17645.1 ms
block 74/80 - 220/240  17645.4 ms
block 75/80 - 223/240  17643.9 ms
block 76/80 - 226/240  17645.5 ms
block 77/80 - 229/240  17642.6 ms
block 78/80 - 232/240  17644.6 ms
block 79/80 - 235/240  17645.9 ms
block 80/80 - 238/240  17648.0 ms
[36/64] elapsed=74.9m  avg=124.8s/prompt  eta=58.2m
block 1/80 - 1/240  17587.7 ms
block 2/80 - 4/240  17095.1 ms
block 3/80 - 7/240  17634.6 ms
block 4/80 - 10/240  17643.0 ms
block 5/80 - 13/240  17643.7 ms
block 6/80 - 16/240  17645.6 ms
block 7/80 - 19/240  17645.0 ms
block 8/80 - 22/240  17730.7 ms
block 9/80 - 25/240  17645.3 ms
block 10/80 - 28/240  17647.6 ms
block 11/80 - 31/240  17643.7 ms
block 12/80 - 34/240  17651.6 ms
block 13/80 - 37/240  17643.5 ms
block 14/80 - 40/240  17645.9 ms
block 15/80 - 43/240  17646.8 ms
block 16/80 - 46/240  17646.0 ms
block 17/80 - 49/240  17644.9 ms
block 18/80 - 52/240  17645.8 ms
block 19/80 - 55/240  17644.7 ms
block 20/80 - 58/240  17646.1 ms
block 21/80 - 61/240  17646.4 ms
block 22/80 - 64/240  17643.8 ms
block 23/80 - 67/240  17647.3 ms
block 24/80 - 70/240  17647.6 ms
block 25/80 - 73/240  17645.8 ms
block 26/80 - 76/240  17645.4 ms
block 27/80 - 79/240  17645.2 ms
block 28/80 - 82/240  17645.8 ms
block 29/80 - 85/240  17645.6 ms
block 30/80 - 88/240  17645.4 ms
block 31/80 - 91/240  17645.4 ms
block 32/80 - 94/240  17643.8 ms
block 33/80 - 97/240  17643.2 ms
block 34/80 - 100/240  17646.1 ms
block 35/80 - 103/240  17642.4 ms
block 36/80 - 106/240  17646.6 ms
block 37/80 - 109/240  17645.2 ms
block 38/80 - 112/240  17645.5 ms
block 39/80 - 115/240  17643.1 ms
block 40/80 - 118/240  17645.6 ms
block 41/80 - 121/240  17643.1 ms
block 42/80 - 124/240  17647.0 ms
block 43/80 - 127/240  17647.4 ms
block 44/80 - 130/240  17645.9 ms
block 45/80 - 133/240  17645.5 ms
block 46/80 - 136/240  17652.4 ms
block 47/80 - 139/240  17640.6 ms
block 48/80 - 142/240  17645.9 ms
block 49/80 - 145/240  17644.5 ms
block 50/80 - 148/240  17642.6 ms
block 51/80 - 151/240  17645.8 ms
block 52/80 - 154/240  17644.7 ms
block 53/80 - 157/240  17646.7 ms
block 54/80 - 160/240  17645.9 ms
block 55/80 - 163/240  17645.9 ms
block 56/80 - 166/240  17645.7 ms
block 57/80 - 169/240  17644.6 ms
block 58/80 - 172/240  17644.3 ms
block 59/80 - 175/240  17646.7 ms
block 60/80 - 178/240  17645.5 ms
block 61/80 - 181/240  17645.4 ms
block 62/80 - 184/240  17645.0 ms
block 63/80 - 187/240  17646.0 ms
block 64/80 - 190/240  17646.3 ms
block 65/80 - 193/240  17645.2 ms
block 66/80 - 196/240  17645.7 ms
block 67/80 - 199/240  17577.7 ms
block 68/80 - 202/240  17647.5 ms
block 69/80 - 205/240  17645.8 ms
block 70/80 - 208/240  17645.5 ms
block 71/80 - 211/240  17645.5 ms
block 72/80 - 214/240  17645.4 ms
block 73/80 - 217/240  17647.5 ms
block 74/80 - 220/240  17645.6 ms
block 75/80 - 223/240  17645.7 ms
block 76/80 - 226/240  17643.3 ms
block 77/80 - 229/240  17645.0 ms
block 78/80 - 232/240  17643.2 ms
block 79/80 - 235/240  17645.6 ms
block 80/80 - 238/240  17646.4 ms
[52/64] elapsed=98.5m  avg=113.6s/prompt  eta=22.7m
m
[skip] prompt 35 already has output, skipping
block 1/80 - 1/240  17302.9 ms
block 2/80 - 4/240  17114.8 ms
block 3/80 - 7/240  17650.5 ms
block 4/80 - 10/240  17656.9 ms
block 5/80 - 13/240  17657.0 ms
block 6/80 - 16/240  17744.8 ms
block 7/80 - 19/240  17658.9 ms
block 8/80 - 22/240  17659.9 ms
block 9/80 - 25/240  17657.5 ms
block 10/80 - 28/240  17662.5 ms
block 11/80 - 31/240  17725.1 ms
block 12/80 - 34/240  17657.6 ms
block 13/80 - 37/240  17657.9 ms
block 14/80 - 40/240  17659.8 ms
block 15/80 - 43/240  17658.0 ms
block 16/80 - 46/240  17678.1 ms
block 17/80 - 49/240  17681.3 ms
block 18/80 - 52/240  17679.3 ms
block 19/80 - 55/240  17679.5 ms
block 20/80 - 58/240  17679.3 ms
block 21/80 - 61/240  17680.2 ms
block 22/80 - 64/240  17681.5 ms
block 23/80 - 67/240  17682.3 ms
block 24/80 - 70/240  17679.2 ms
block 25/80 - 73/240  17678.3 ms
block 26/80 - 76/240  17679.9 ms
block 27/80 - 79/240  17679.2 ms
block 28/80 - 82/240  17679.6 ms
block 29/80 - 85/240  17679.3 ms
block 30/80 - 88/240  17678.9 ms
block 31/80 - 91/240  17679.7 ms
block 32/80 - 94/240  17679.1 ms
block 33/80 - 97/240  17678.8 ms
block 34/80 - 100/240  17679.2 ms
block 35/80 - 103/240  17680.2 ms
block 36/80 - 106/240  17679.1 ms
block 37/80 - 109/240  17678.5 ms
block 38/80 - 112/240  17680.9 ms
block 39/80 - 115/240  17677.5 ms
block 40/80 - 118/240  17678.0 ms
block 41/80 - 121/240  17679.8 ms
block 42/80 - 124/240  17678.8 ms
block 43/80 - 127/240  17679.3 ms
block 44/80 - 130/240  17679.6 ms
block 45/80 - 133/240  17679.2 ms
block 46/80 - 136/240  17679.2 ms
block 47/80 - 139/240  17679.2 ms
block 48/80 - 142/240  17678.0 ms
block 49/80 - 145/240  17678.0 ms
block 50/80 - 148/240  17678.7 ms
block 51/80 - 151/240  17680.1 ms
block 52/80 - 154/240  17679.6 ms
block 53/80 - 157/240  17680.0 ms
block 54/80 - 160/240  17679.7 ms
block 55/80 - 163/240  17681.8 ms
block 56/80 - 166/240  17678.7 ms
block 57/80 - 169/240  17679.2 ms
block 58/80 - 172/240  17678.5 ms
block 59/80 - 175/240  17681.3 ms
block 60/80 - 178/240  17681.1 ms
block 61/80 - 181/240  17678.3 ms
block 62/80 - 184/240  17679.2 ms
block 63/80 - 187/240  17678.6 ms
block 64/80 - 190/240  17681.7 ms
block 65/80 - 193/240  17679.0 ms
block 66/80 - 196/240  17679.7 ms
block 67/80 - 199/240  17679.3 ms
block 68/80 - 202/240  17678.2 ms
block 69/80 - 205/240  17679.5 ms
block 70/80 - 208/240  17679.4 ms
block 71/80 - 211/240  17678.5 ms
block 72/80 - 214/240  17678.1 ms
block 73/80 - 217/240  17679.1 ms
block 74/80 - 220/240  17678.5 ms
block 75/80 - 223/240  17679.8 ms
block 76/80 - 226/240  17679.7 ms
block 77/80 - 229/240  17678.4 ms
block 78/80 - 232/240  17678.8 ms
block 79/80 - 235/240  17679.4 ms
block 80/80 - 238/240  17679.7 ms
[44/64] elapsed=121.1m  avg=165.2s/prompt  eta=55.1m
[skip] prompt 51 already has output, skipping
block 1/80 - 1/240  17209.0 ms
block 2/80 - 4/240  17047.4 ms
block 3/80 - 7/240  17668.4 ms
block 4/80 - 10/240  17674.0 ms
block 5/80 - 13/240  17673.8 ms
block 6/80 - 16/240  17673.6 ms
block 7/80 - 19/240  17673.0 ms
block 8/80 - 22/240  17677.2 ms
block 9/80 - 25/240  17673.3 ms
block 10/80 - 28/240  17673.6 ms
block 11/80 - 31/240  17674.4 ms
block 12/80 - 34/240  17672.4 ms
block 13/80 - 37/240  17675.8 ms
block 14/80 - 40/240  17674.2 ms
block 15/80 - 43/240  17674.3 ms
block 16/80 - 46/240  17674.4 ms
block 17/80 - 49/240  17674.8 ms
block 18/80 - 52/240  17674.1 ms
block 19/80 - 55/240  17673.4 ms
block 20/80 - 58/240  17673.7 ms
block 21/80 - 61/240  17674.1 ms
block 22/80 - 64/240  17674.2 ms
block 23/80 - 67/240  17673.9 ms
block 24/80 - 70/240  17675.8 ms
block 25/80 - 73/240  17674.2 ms
block 26/80 - 76/240  17674.2 ms
block 27/80 - 79/240  17673.5 ms
block 28/80 - 82/240  17673.4 ms
block 29/80 - 85/240  17673.2 ms
block 30/80 - 88/240  17676.5 ms
block 31/80 - 91/240  17674.8 ms
block 32/80 - 94/240  17677.1 ms
block 33/80 - 97/240  17674.8 ms
block 34/80 - 100/240  17674.2 ms
block 35/80 - 103/240  17674.6 ms
block 36/80 - 106/240  17674.5 ms
block 37/80 - 109/240  17674.1 ms
block 38/80 - 112/240  17673.8 ms
block 39/80 - 115/240  17674.1 ms
block 40/80 - 118/240  17674.7 ms
block 41/80 - 121/240  17674.0 ms
block 42/80 - 124/240  17677.1 ms
block 43/80 - 127/240  17674.0 ms
block 44/80 - 130/240  17674.9 ms
block 45/80 - 133/240  17674.3 ms
block 46/80 - 136/240  17673.9 ms
block 47/80 - 139/240  17673.2 ms
block 48/80 - 142/240  17673.2 ms
block 49/80 - 145/240  17674.0 ms
block 50/80 - 148/240  17675.1 ms
block 51/80 - 151/240  17674.4 ms
block 52/80 - 154/240  17674.5 ms
block 53/80 - 157/240  17673.7 ms
block 54/80 - 160/240  17674.5 ms
block 55/80 - 163/240  17674.5 ms
block 56/80 - 166/240  17673.8 ms
block 57/80 - 169/240  17675.0 ms
block 58/80 - 172/240  17675.2 ms
block 59/80 - 175/240  17673.3 ms
block 60/80 - 178/240  17674.1 ms
block 61/80 - 181/240  17673.2 ms
block 62/80 - 184/240  17675.1 ms
block 63/80 - 187/240  17673.1 ms
block 64/80 - 190/240  17674.8 ms
block 65/80 - 193/240  17674.2 ms
block 66/80 - 196/240  17673.6 ms
block 67/80 - 199/240  17673.6 ms
block 68/80 - 202/240  17674.1 ms
block 69/80 - 205/240  17677.6 ms
block 70/80 - 208/240  17673.6 ms
block 71/80 - 211/240  17676.0 ms
block 72/80 - 214/240  17673.4 ms
block 73/80 - 217/240  17674.4 ms
block 74/80 - 220/240  17674.2 ms
block 75/80 - 223/240  17674.4 ms
block 76/80 - 226/240  17675.6 ms
block 77/80 - 229/240  17676.6 ms
block 78/80 - 232/240  17674.2 ms
block 79/80 - 235/240  17676.5 ms
block 80/80 - 238/240  17674.6 ms
[60/64] elapsed=144.7m  avg=144.7s/prompt  eta=9.6m
