Running on a single GPU (cuda); skipping NCCL initialization.
Free VRAM 93.9398193359375 GB
Loading CUDA extension (first run compiles ~60s; cached run ~3s)...
CUDA extension ready in 126.7s.
[CacheCompatibilityPolicy] recent=20:355 coverage=21:5 episode=22:0 coverage_policy=reservoir budget=9FFE read_budget=9FFE owner=HeadComposition
KV inference with 3 frames per block
Number of prompts: 64
Prompt index range: [0, 64)
Loading PyramidKV config from /apdcephfs_gy2/share_303214315/cedricnie/develop/training-free/runs/v181_rccp_long_stress/inputs/maps/rccp_matched.csv
block 1/80 - 1/240  259720.8 ms
block 2/80 - 4/240  16828.9 ms
block 3/80 - 7/240  17636.0 ms
block 4/80 - 10/240  17640.8 ms
block 5/80 - 13/240  17641.0 ms
block 6/80 - 16/240  17640.8 ms
block 7/80 - 19/240  17640.6 ms
block 8/80 - 22/240  17638.3 ms
block 9/80 - 25/240  17640.5 ms
block 10/80 - 28/240  17641.1 ms
block 11/80 - 31/240  17640.2 ms
block 12/80 - 34/240  17638.0 ms
block 13/80 - 37/240  17640.1 ms
block 14/80 - 40/240  17640.1 ms
block 15/80 - 43/240  17639.5 ms
block 16/80 - 46/240  17639.5 ms
block 17/80 - 49/240  17639.4 ms
block 18/80 - 52/240  17641.0 ms
block 19/80 - 55/240  17640.0 ms
block 20/80 - 58/240  17612.0 ms
block 21/80 - 61/240  17636.6 ms
block 22/80 - 64/240  17639.0 ms
block 23/80 - 67/240  17639.3 ms
block 24/80 - 70/240  17639.6 ms
block 25/80 - 73/240  17639.3 ms
block 26/80 - 76/240  17639.1 ms
block 27/80 - 79/240  17639.8 ms
block 28/80 - 82/240  17639.5 ms
block 29/80 - 85/240  17641.8 ms
block 30/80 - 88/240  17640.1 ms
block 31/80 - 91/240  17642.4 ms
block 32/80 - 94/240  17637.5 ms
block 33/80 - 97/240  17639.9 ms
block 34/80 - 100/240  17640.7 ms
block 35/80 - 103/240  17640.8 ms
block 36/80 - 106/240  17640.5 ms
block 37/80 - 109/240  17640.4 ms
block 38/80 - 112/240  17638.9 ms
block 39/80 - 115/240  17640.4 ms
block 40/80 - 118/240  17639.5 ms
block 41/80 - 121/240  17639.8 ms
block 42/80 - 124/240  17639.9 ms
block 43/80 - 127/240  17641.1 ms
block 44/80 - 130/240  17642.2 ms
block 45/80 - 133/240  17639.5 ms
block 46/80 - 136/240  17641.8 ms
block 47/80 - 139/240  17638.1 ms
block 48/80 - 142/240  17641.0 ms
block 49/80 - 145/240  17639.6 ms
block 50/80 - 148/240  17640.5 ms
block 51/80 - 151/240  17639.4 ms
block 52/80 - 154/240  17724.6 ms
block 53/80 - 157/240  17639.7 ms
block 54/80 - 160/240  17653.0 ms
block 55/80 - 163/240  17639.7 ms
block 56/80 - 166/240  17640.6 ms
block 57/80 - 169/240  17639.7 ms
block 58/80 - 172/240  17637.6 ms
block 59/80 - 175/240  17640.0 ms
block 60/80 - 178/240  17639.8 ms
block 61/80 - 181/240  17726.3 ms
block 62/80 - 184/240  17640.3 ms
block 63/80 - 187/240  17640.8 ms
block 64/80 - 190/240  17639.3 ms
block 65/80 - 193/240  17640.8 ms
block 66/80 - 196/240  17641.5 ms
block 67/80 - 199/240  17642.0 ms
block 68/80 - 202/240  17640.2 ms
block 69/80 - 205/240  17640.7 ms
block 70/80 - 208/240  17638.2 ms
block 71/80 - 211/240  17639.4 ms
block 72/80 - 214/240  17696.7 ms
block 73/80 - 217/240  17640.1 ms
block 74/80 - 220/240  17639.9 ms
block 75/80 - 223/240  17641.9 ms
block 76/80 - 226/240  17639.8 ms
block 77/80 - 229/240  17639.3 ms
block 78/80 - 232/240  17639.7 ms
block 79/80 - 235/240  17640.2 ms
block 80/80 - 238/240  17640.3 ms
[6/64] elapsed=27.7m  avg=276.6s/prompt  eta=267.4m
/apdcephfs_gy2/share_303214315/cedricnie/miniconda3/envs/longlive/lib/python3.10/site-packages/torchvision/io/_video_deprecation_warning.py:9: UserWarning: The video decoding and encoding capabilities of torchvision are deprecated from version 0.22 and will be removed in version 0.24. We recommend that you migrate to TorchCodec, where we'll consolidate the future decoding/encoding capabilities of PyTorch: https://github.com/pytorch/torchcodec
  warnings.warn(
block 1/80 - 1/240  17279.8 ms
block 2/80 - 4/240  17085.4 ms
block 3/80 - 7/240  17637.8 ms
block 4/80 - 10/240  17639.9 ms
block 5/80 - 13/240  17640.3 ms
block 6/80 - 16/240  17637.8 ms
block 7/80 - 19/240  17641.4 ms
block 8/80 - 22/240  17723.8 ms
block 9/80 - 25/240  17642.9 ms
block 10/80 - 28/240  17579.8 ms
block 11/80 - 31/240  17641.5 ms
block 12/80 - 34/240  17614.2 ms
block 13/80 - 37/240  17639.9 ms
block 14/80 - 40/240  17637.2 ms
block 15/80 - 43/240  17639.5 ms
block 16/80 - 46/240  17637.7 ms
block 17/80 - 49/240  17640.6 ms
block 18/80 - 52/240  17640.2 ms
block 19/80 - 55/240  17640.4 ms
block 20/80 - 58/240  17640.2 ms
block 21/80 - 61/240  17639.4 ms
block 22/80 - 64/240  17640.7 ms
block 23/80 - 67/240  17642.3 ms
block 24/80 - 70/240  17640.5 ms
block 25/80 - 73/240  17641.0 ms
block 26/80 - 76/240  17639.1 ms
block 27/80 - 79/240  17642.6 ms
block 28/80 - 82/240  17639.8 ms
block 29/80 - 85/240  17639.8 ms
block 30/80 - 88/240  17674.3 ms
block 31/80 - 91/240  17724.9 ms
block 32/80 - 94/240  17724.6 ms
block 33/80 - 97/240  17640.6 ms
block 34/80 - 100/240  17638.6 ms
block 35/80 - 103/240  17640.2 ms
block 36/80 - 106/240  17638.5 ms
block 37/80 - 109/240  17639.9 ms
block 38/80 - 112/240  17572.1 ms
block 39/80 - 115/240  17642.6 ms
block 40/80 - 118/240  17639.3 ms
block 41/80 - 121/240  17724.2 ms
block 42/80 - 124/240  17640.6 ms
block 43/80 - 127/240  17638.9 ms
block 44/80 - 130/240  17637.0 ms
block 45/80 - 133/240  17639.6 ms
block 46/80 - 136/240  17639.3 ms
block 47/80 - 139/240  17594.2 ms
block 48/80 - 142/240  17641.0 ms
block 49/80 - 145/240  17639.1 ms
block 50/80 - 148/240  17728.0 ms
block 51/80 - 151/240  17641.6 ms
block 52/80 - 154/240  17639.0 ms
block 53/80 - 157/240  17727.3 ms
block 54/80 - 160/240  17640.4 ms
block 55/80 - 163/240  17640.1 ms
block 56/80 - 166/240  17639.5 ms
block 57/80 - 169/240  17660.2 ms
block 58/80 - 172/240  17619.6 ms
block 59/80 - 175/240  17639.3 ms
block 60/80 - 178/240  17638.9 ms
block 61/80 - 181/240  17642.1 ms
block 62/80 - 184/240  17637.3 ms
block 63/80 - 187/240  17639.1 ms
block 64/80 - 190/240  17638.3 ms
block 65/80 - 193/240  17639.3 ms
block 66/80 - 196/240  17640.2 ms
block 67/80 - 199/240  17639.5 ms
block 68/80 - 202/240  17639.9 ms
block 69/80 - 205/240  17639.3 ms
block 70/80 - 208/240  17726.9 ms
block 71/80 - 211/240  17639.8 ms
block 72/80 - 214/240  17638.9 ms
block 73/80 - 217/240  17639.3 ms
block 74/80 - 220/240  17639.5 ms
block 75/80 - 223/240  17640.7 ms
block 76/80 - 226/240  17640.1 ms
block 77/80 - 229/240  17639.9 ms
block 78/80 - 232/240  17640.3 ms
block 79/80 - 235/240  17639.4 ms
block 80/80 - 238/240  17640.0 ms
[22/64] elapsed=51.3m  avg=139.8s/prompt  eta=97.9m
block 1/80 - 1/240  17102.5 ms
block 2/80 - 4/240  17087.6 ms
block 3/80 - 7/240  17637.0 ms
block 4/80 - 10/240  17736.0 ms
block 5/80 - 13/240  17626.9 ms
block 6/80 - 16/240  17642.2 ms
block 7/80 - 19/240  17635.8 ms
block 8/80 - 22/240  17639.7 ms
block 9/80 - 25/240  17636.4 ms
block 10/80 - 28/240  17642.0 ms
block 11/80 - 31/240  17639.7 ms
block 12/80 - 34/240  17639.7 ms
block 13/80 - 37/240  17640.2 ms
block 14/80 - 40/240  17639.4 ms
block 15/80 - 43/240  17639.7 ms
block 16/80 - 46/240  17639.6 ms
block 17/80 - 49/240  17639.8 ms
block 18/80 - 52/240  17638.3 ms
block 19/80 - 55/240  17646.9 ms
block 20/80 - 58/240  17636.1 ms
block 21/80 - 61/240  17641.2 ms
block 22/80 - 64/240  17639.8 ms
block 23/80 - 67/240  17639.3 ms
block 24/80 - 70/240  17639.6 ms
block 25/80 - 73/240  17638.9 ms
block 26/80 - 76/240  17636.1 ms
block 27/80 - 79/240  17638.7 ms
block 28/80 - 82/240  17639.4 ms
block 29/80 - 85/240  17639.3 ms
block 30/80 - 88/240  17724.2 ms
block 31/80 - 91/240  17639.1 ms
block 32/80 - 94/240  17723.4 ms
block 33/80 - 97/240  17723.4 ms
block 34/80 - 100/240  17593.1 ms
block 35/80 - 103/240  17640.1 ms
block 36/80 - 106/240  17639.7 ms
block 37/80 - 109/240  17636.6 ms
block 38/80 - 112/240  17637.3 ms
block 39/80 - 115/240  17638.7 ms
block 40/80 - 118/240  17637.7 ms
block 41/80 - 121/240  17637.7 ms
block 42/80 - 124/240  17638.8 ms
block 43/80 - 127/240  17639.5 ms
block 44/80 - 130/240  17638.5 ms
block 45/80 - 133/240  17640.3 ms
block 46/80 - 136/240  17635.8 ms
block 47/80 - 139/240  17638.6 ms
block 48/80 - 142/240  17640.0 ms
block 49/80 - 145/240  17724.3 ms
block 50/80 - 148/240  17638.7 ms
block 51/80 - 151/240  17636.2 ms
block 52/80 - 154/240  17639.8 ms
block 53/80 - 157/240  17612.9 ms
block 54/80 - 160/240  17638.9 ms
block 55/80 - 163/240  17641.2 ms
block 56/80 - 166/240  17640.4 ms
block 57/80 - 169/240  17639.3 ms
block 58/80 - 172/240  17638.1 ms
block 59/80 - 175/240  17639.1 ms
block 60/80 - 178/240  17635.8 ms
block 61/80 - 181/240  17724.5 ms
block 62/80 - 184/240  17639.1 ms
block 63/80 - 187/240  17638.3 ms
block 64/80 - 190/240  17639.2 ms
block 65/80 - 193/240  17723.7 ms
block 66/80 - 196/240  17638.4 ms
block 67/80 - 199/240  17639.3 ms
block 68/80 - 202/240  17642.2 ms
block 69/80 - 205/240  17639.8 ms
block 70/80 - 208/240  17635.6 ms
block 71/80 - 211/240  17639.5 ms
block 72/80 - 214/240  17639.3 ms
block 73/80 - 217/240  17639.1 ms
block 74/80 - 220/240  17637.8 ms
block 75/80 - 223/240  17640.8 ms
block 76/80 - 226/240  17641.2 ms
block 77/80 - 229/240  17635.8 ms
block 78/80 - 232/240  17637.8 ms
block 79/80 - 235/240  17650.6 ms
block 80/80 - 238/240  17724.5 ms
[38/64] elapsed=74.9m  avg=118.2s/prompt  eta=51.2m
block 1/80 - 1/240  17057.3 ms
block 2/80 - 4/240  17002.7 ms
block 3/80 - 7/240  17634.4 ms
block 4/80 - 10/240  17639.4 ms
block 5/80 - 13/240  17641.6 ms
block 6/80 - 16/240  17639.2 ms
block 7/80 - 19/240  17639.1 ms
block 8/80 - 22/240  17643.5 ms
block 9/80 - 25/240  17631.4 ms
block 10/80 - 28/240  17639.0 ms
block 11/80 - 31/240  17725.1 ms
block 12/80 - 34/240  17639.5 ms
block 13/80 - 37/240  17639.4 ms
block 14/80 - 40/240  17639.7 ms
block 15/80 - 43/240  17724.5 ms
block 16/80 - 46/240  17641.5 ms
block 17/80 - 49/240  17640.1 ms
block 18/80 - 52/240  17640.3 ms
block 19/80 - 55/240  17727.2 ms
block 20/80 - 58/240  17723.4 ms
block 21/80 - 61/240  17724.5 ms
block 22/80 - 64/240  17639.8 ms
block 23/80 - 67/240  17639.7 ms
block 24/80 - 70/240  17639.5 ms
block 25/80 - 73/240  17724.3 ms
block 26/80 - 76/240  17640.5 ms
block 27/80 - 79/240  17639.3 ms
block 28/80 - 82/240  17640.1 ms
block 29/80 - 85/240  17638.4 ms
block 30/80 - 88/240  17639.0 ms
block 31/80 - 91/240  17639.6 ms
block 32/80 - 94/240  17726.5 ms
block 33/80 - 97/240  17639.0 ms
block 34/80 - 100/240  17639.4 ms
block 35/80 - 103/240  17646.9 ms
block 36/80 - 106/240  17651.3 ms
block 37/80 - 109/240  17627.0 ms
block 38/80 - 112/240  17640.6 ms
block 39/80 - 115/240  17703.1 ms
block 40/80 - 118/240  17639.5 ms
block 41/80 - 121/240  17571.8 ms
block 42/80 - 124/240  17638.8 ms
block 43/80 - 127/240  17639.2 ms
block 44/80 - 130/240  17640.2 ms
block 45/80 - 133/240  17640.1 ms
block 46/80 - 136/240  17651.0 ms
block 47/80 - 139/240  17629.2 ms
block 48/80 - 142/240  17639.8 ms
block 49/80 - 145/240  17723.8 ms
block 50/80 - 148/240  17639.6 ms
block 51/80 - 151/240  17638.5 ms
block 52/80 - 154/240  17639.9 ms
block 53/80 - 157/240  17641.7 ms
block 54/80 - 160/240  17639.4 ms
block 55/80 - 163/240  17638.7 ms
block 56/80 - 166/240  17639.4 ms
block 57/80 - 169/240  17724.2 ms
block 58/80 - 172/240  17639.4 ms
block 59/80 - 175/240  17637.5 ms
block 60/80 - 178/240  17638.7 ms
block 61/80 - 181/240  17638.8 ms
block 62/80 - 184/240  17639.5 ms
block 63/80 - 187/240  17639.6 ms
block 64/80 - 190/240  17640.0 ms
block 65/80 - 193/240  17640.2 ms
block 66/80 - 196/240  17637.4 ms
block 67/80 - 199/240  17639.5 ms
block 68/80 - 202/240  17642.7 ms
block 69/80 - 205/240  17639.8 ms
block 70/80 - 208/240  17640.0 ms
block 71/80 - 211/240  17640.3 ms
block 72/80 - 214/240  17636.9 ms
block 73/80 - 217/240  17724.2 ms
block 74/80 - 220/240  17640.4 ms
block 75/80 - 223/240  17639.2 ms
block 76/80 - 226/240  17639.9 ms
block 77/80 - 229/240  17639.5 ms
block 78/80 - 232/240  17636.5 ms
block 79/80 - 235/240  17639.2 ms
block 80/80 - 238/240  17640.4 ms
[54/64] elapsed=98.5m  avg=109.4s/prompt  eta=18.2m
4m
[skip] prompt 37 already has output, skipping
block 1/80 - 1/240  17654.2 ms
block 2/80 - 4/240  17017.4 ms
block 3/80 - 7/240  17638.5 ms
block 4/80 - 10/240  17645.9 ms
block 5/80 - 13/240  17643.0 ms
block 6/80 - 16/240  17645.7 ms
block 7/80 - 19/240  17645.4 ms
block 8/80 - 22/240  17644.9 ms
block 9/80 - 25/240  17645.3 ms
block 10/80 - 28/240  17647.4 ms
block 11/80 - 31/240  17703.3 ms
block 12/80 - 34/240  17644.7 ms
block 13/80 - 37/240  17703.1 ms
block 14/80 - 40/240  17644.8 ms
block 15/80 - 43/240  17645.1 ms
block 16/80 - 46/240  17644.9 ms
block 17/80 - 49/240  17675.3 ms
block 18/80 - 52/240  17674.6 ms
block 19/80 - 55/240  17674.7 ms
block 20/80 - 58/240  17674.5 ms
block 21/80 - 61/240  17674.1 ms
block 22/80 - 64/240  17695.3 ms
block 23/80 - 67/240  17652.7 ms
block 24/80 - 70/240  17674.4 ms
block 25/80 - 73/240  17674.3 ms
block 26/80 - 76/240  17674.8 ms
block 27/80 - 79/240  17673.9 ms
block 28/80 - 82/240  17674.7 ms
block 29/80 - 85/240  17674.5 ms
block 30/80 - 88/240  17674.6 ms
block 31/80 - 91/240  17673.9 ms
block 32/80 - 94/240  17675.5 ms
block 33/80 - 97/240  17674.3 ms
block 34/80 - 100/240  17674.3 ms
block 35/80 - 103/240  17674.7 ms
block 36/80 - 106/240  17674.4 ms
block 37/80 - 109/240  17674.2 ms
block 38/80 - 112/240  17674.4 ms
block 39/80 - 115/240  17674.0 ms
block 40/80 - 118/240  17675.3 ms
block 41/80 - 121/240  17673.9 ms
block 42/80 - 124/240  17676.0 ms
block 43/80 - 127/240  17674.5 ms
block 44/80 - 130/240  17674.0 ms
block 45/80 - 133/240  17674.4 ms
block 46/80 - 136/240  17675.1 ms
block 47/80 - 139/240  17675.2 ms
block 48/80 - 142/240  17674.6 ms
block 49/80 - 145/240  17673.7 ms
block 50/80 - 148/240  17675.3 ms
block 51/80 - 151/240  17675.0 ms
block 52/80 - 154/240  17674.0 ms
block 53/80 - 157/240  17674.9 ms
block 54/80 - 160/240  17674.9 ms
block 55/80 - 163/240  17673.7 ms
block 56/80 - 166/240  17675.6 ms
block 57/80 - 169/240  17673.2 ms
block 58/80 - 172/240  17673.5 ms
block 59/80 - 175/240  17673.8 ms
block 60/80 - 178/240  17674.9 ms
block 61/80 - 181/240  17674.4 ms
block 62/80 - 184/240  17676.0 ms
block 63/80 - 187/240  17675.3 ms
block 64/80 - 190/240  17674.7 ms
block 65/80 - 193/240  17674.1 ms
block 66/80 - 196/240  17675.6 ms
block 67/80 - 199/240  17675.1 ms
block 68/80 - 202/240  17674.3 ms
block 69/80 - 205/240  17674.5 ms
block 70/80 - 208/240  17674.0 ms
block 71/80 - 211/240  17675.3 ms
block 72/80 - 214/240  17674.4 ms
block 73/80 - 217/240  17674.5 ms
block 74/80 - 220/240  17675.1 ms
block 75/80 - 223/240  17675.2 ms
block 76/80 - 226/240  17676.0 ms
block 77/80 - 229/240  17675.5 ms
block 78/80 - 232/240  17674.2 ms
block 79/80 - 235/240  17675.3 ms
block 80/80 - 238/240  17674.1 ms
[46/64] elapsed=121.0m  avg=157.8s/prompt  eta=47.3m
[skip] prompt 53 already has output, skipping
block 1/80 - 1/240  17321.0 ms
block 2/80 - 4/240  17040.2 ms
block 3/80 - 7/240  17576.9 ms
block 4/80 - 10/240  17586.9 ms
block 5/80 - 13/240  17586.2 ms
block 6/80 - 16/240  17586.3 ms
block 7/80 - 19/240  17584.9 ms
block 8/80 - 22/240  17584.9 ms
block 9/80 - 25/240  17586.4 ms
block 10/80 - 28/240  17586.1 ms
block 11/80 - 31/240  17584.7 ms
block 12/80 - 34/240  17586.2 ms
block 13/80 - 37/240  17586.2 ms
block 14/80 - 40/240  17584.9 ms
block 15/80 - 43/240  17586.7 ms
block 16/80 - 46/240  17585.6 ms
block 17/80 - 49/240  17640.8 ms
block 18/80 - 52/240  17585.7 ms
block 19/80 - 55/240  17585.1 ms
block 20/80 - 58/240  17586.3 ms
block 21/80 - 61/240  17586.0 ms
block 22/80 - 64/240  17584.9 ms
block 23/80 - 67/240  17582.9 ms
block 24/80 - 70/240  17585.6 ms
block 25/80 - 73/240  17586.2 ms
block 26/80 - 76/240  17586.6 ms
block 27/80 - 79/240  17585.3 ms
block 28/80 - 82/240  17583.1 ms
block 29/80 - 85/240  17584.3 ms
block 30/80 - 88/240  17584.2 ms
block 31/80 - 91/240  17585.6 ms
block 32/80 - 94/240  17585.1 ms
block 33/80 - 97/240  17584.5 ms
block 34/80 - 100/240  17582.0 ms
block 35/80 - 103/240  17584.0 ms
block 36/80 - 106/240  17585.7 ms
block 37/80 - 109/240  17586.2 ms
block 38/80 - 112/240  17669.8 ms
block 39/80 - 115/240  17583.9 ms
block 40/80 - 118/240  17670.3 ms
block 41/80 - 121/240  17585.5 ms
block 42/80 - 124/240  17581.2 ms
block 43/80 - 127/240  17584.5 ms
block 44/80 - 130/240  17643.3 ms
block 45/80 - 133/240  17584.9 ms
block 46/80 - 136/240  17584.9 ms
block 47/80 - 139/240  17583.2 ms
block 48/80 - 142/240  17585.2 ms
block 49/80 - 145/240  17586.0 ms
block 50/80 - 148/240  17584.4 ms
block 51/80 - 151/240  17585.3 ms
block 52/80 - 154/240  17586.1 ms
block 53/80 - 157/240  17585.8 ms
block 54/80 - 160/240  17587.4 ms
block 55/80 - 163/240  17585.4 ms
block 56/80 - 166/240  17586.3 ms
block 57/80 - 169/240  17586.6 ms
block 58/80 - 172/240  17585.2 ms
block 59/80 - 175/240  17585.1 ms
block 60/80 - 178/240  17670.4 ms
block 61/80 - 181/240  17671.8 ms
block 62/80 - 184/240  17586.1 ms
block 63/80 - 187/240  17585.0 ms
block 64/80 - 190/240  17642.5 ms
block 65/80 - 193/240  17582.1 ms
block 66/80 - 196/240  17585.1 ms
block 67/80 - 199/240  17582.3 ms
block 68/80 - 202/240  17585.2 ms
block 69/80 - 205/240  17585.3 ms
block 70/80 - 208/240  17586.1 ms
block 71/80 - 211/240  17585.7 ms
block 72/80 - 214/240  17586.4 ms
block 73/80 - 217/240  17582.5 ms
block 74/80 - 220/240  17642.8 ms
block 75/80 - 223/240  17586.2 ms
block 76/80 - 226/240  17586.1 ms
block 77/80 - 229/240  17584.8 ms
block 78/80 - 232/240  17585.6 ms
block 79/80 - 235/240  17585.4 ms
block 80/80 - 238/240  17585.0 ms
[62/64] elapsed=144.4m  avg=139.8s/prompt  eta=4.7m
