Running on a single GPU (cuda); skipping NCCL initialization.
Free VRAM 93.9398193359375 GB
Loading CUDA extension (first run compiles ~60s; cached run ~3s)...
CUDA extension ready in 126.7s.
[CacheCompatibilityPolicy] recent=20:355 coverage=21:5 episode=22:0 coverage_policy=reservoir budget=9FFE read_budget=9FFE owner=HeadComposition
KV inference with 3 frames per block
Number of prompts: 64
Prompt index range: [0, 64)
Loading PyramidKV config from /apdcephfs_gy2/share_303214315/cedricnie/develop/training-free/runs/v181_rccp_long_stress/inputs/maps/rccp_matched.csv
block 1/80 - 1/240  259977.7 ms
block 2/80 - 4/240  16793.4 ms
block 3/80 - 7/240  17623.0 ms
block 4/80 - 10/240  17628.3 ms
block 5/80 - 13/240  17627.9 ms
block 6/80 - 16/240  17628.8 ms
block 7/80 - 19/240  17629.9 ms
block 8/80 - 22/240  17624.6 ms
block 9/80 - 25/240  17625.2 ms
block 10/80 - 28/240  17624.7 ms
block 11/80 - 31/240  17623.6 ms
block 12/80 - 34/240  17625.0 ms
block 13/80 - 37/240  17624.3 ms
block 14/80 - 40/240  17624.1 ms
block 15/80 - 43/240  17626.7 ms
block 16/80 - 46/240  17624.4 ms
block 17/80 - 49/240  17625.0 ms
block 18/80 - 52/240  17628.0 ms
block 19/80 - 55/240  17628.1 ms
block 20/80 - 58/240  17627.7 ms
block 21/80 - 61/240  17627.8 ms
block 22/80 - 64/240  17624.5 ms
block 23/80 - 67/240  17647.9 ms
block 24/80 - 70/240  17623.8 ms
block 25/80 - 73/240  17627.8 ms
block 26/80 - 76/240  17629.8 ms
block 27/80 - 79/240  17624.1 ms
block 28/80 - 82/240  17624.4 ms
block 29/80 - 85/240  17625.0 ms
block 30/80 - 88/240  17624.5 ms
block 31/80 - 91/240  17630.1 ms
block 32/80 - 94/240  17624.5 ms
block 33/80 - 97/240  17624.2 ms
block 34/80 - 100/240  17624.6 ms
block 35/80 - 103/240  17628.4 ms
block 36/80 - 106/240  17626.3 ms
block 37/80 - 109/240  17627.1 ms
block 38/80 - 112/240  17628.0 ms
block 39/80 - 115/240  17627.7 ms
block 40/80 - 118/240  17624.9 ms
block 41/80 - 121/240  17627.8 ms
block 42/80 - 124/240  17640.1 ms
block 43/80 - 127/240  17624.8 ms
block 44/80 - 130/240  17625.6 ms
block 45/80 - 133/240  17627.7 ms
block 46/80 - 136/240  17628.2 ms
block 47/80 - 139/240  17626.2 ms
block 48/80 - 142/240  17627.6 ms
block 49/80 - 145/240  17628.7 ms
block 50/80 - 148/240  17625.7 ms
block 51/80 - 151/240  17710.8 ms
block 52/80 - 154/240  17711.7 ms
block 53/80 - 157/240  17712.0 ms
block 54/80 - 160/240  17625.1 ms
block 55/80 - 163/240  17623.4 ms
block 56/80 - 166/240  17626.3 ms
block 57/80 - 169/240  17711.5 ms
block 58/80 - 172/240  17628.0 ms
block 59/80 - 175/240  17624.8 ms
block 60/80 - 178/240  17702.4 ms
block 61/80 - 181/240  17627.1 ms
block 62/80 - 184/240  17627.3 ms
block 63/80 - 187/240  17624.9 ms
block 64/80 - 190/240  17627.5 ms
block 65/80 - 193/240  17627.9 ms
block 66/80 - 196/240  17713.2 ms
block 67/80 - 199/240  17626.2 ms
block 68/80 - 202/240  17626.4 ms
block 69/80 - 205/240  17623.5 ms
block 70/80 - 208/240  17629.6 ms
block 71/80 - 211/240  17630.4 ms
block 72/80 - 214/240  17627.4 ms
block 73/80 - 217/240  17624.5 ms
block 74/80 - 220/240  17632.4 ms
block 75/80 - 223/240  17624.5 ms
block 76/80 - 226/240  17711.5 ms
block 77/80 - 229/240  17627.1 ms
block 78/80 - 232/240  17630.9 ms
block 79/80 - 235/240  17566.5 ms
block 80/80 - 238/240  17711.1 ms
[5/64] elapsed=27.7m  avg=332.0s/prompt  eta=326.5m/apdcephfs_gy2/share_303214315/cedricnie/miniconda3/envs/longlive/lib/python3.10/site-packages/torchvision/io/_video_deprecation_warning.py:9: UserWarning: The video decoding and encoding capabilities of torchvision are deprecated from version 0.22 and will be removed in version 0.24. We recommend that you migrate to TorchCodec, where we'll consolidate the future decoding/encoding capabilities of PyTorch: https://github.com/pytorch/torchcodec
  warnings.warn(

block 1/80 - 1/240  17561.9 ms
block 2/80 - 4/240  17071.4 ms
block 3/80 - 7/240  17621.6 ms
block 4/80 - 10/240  17626.7 ms
block 5/80 - 13/240  17626.5 ms
block 6/80 - 16/240  17626.3 ms
block 7/80 - 19/240  17630.0 ms
block 8/80 - 22/240  17627.1 ms
block 9/80 - 25/240  17627.8 ms
block 10/80 - 28/240  17627.5 ms
block 11/80 - 31/240  17625.0 ms
block 12/80 - 34/240  17598.2 ms
block 13/80 - 37/240  17624.3 ms
block 14/80 - 40/240  17712.0 ms
block 15/80 - 43/240  17625.2 ms
block 16/80 - 46/240  17714.5 ms
block 17/80 - 49/240  17625.5 ms
block 18/80 - 52/240  17625.5 ms
block 19/80 - 55/240  17625.6 ms
block 20/80 - 58/240  17628.1 ms
block 21/80 - 61/240  17630.1 ms
block 22/80 - 64/240  17630.4 ms
block 23/80 - 67/240  17627.9 ms
block 24/80 - 70/240  17627.5 ms
block 25/80 - 73/240  17624.9 ms
block 26/80 - 76/240  17627.4 ms
block 27/80 - 79/240  17627.4 ms
block 28/80 - 82/240  17628.7 ms
block 29/80 - 85/240  17628.3 ms
block 30/80 - 88/240  17627.7 ms
block 31/80 - 91/240  17628.1 ms
block 32/80 - 94/240  17626.8 ms
block 33/80 - 97/240  17628.0 ms
block 34/80 - 100/240  17625.2 ms
block 35/80 - 103/240  17625.9 ms
block 36/80 - 106/240  17625.2 ms
block 37/80 - 109/240  17630.7 ms
block 38/80 - 112/240  17698.0 ms
block 39/80 - 115/240  17630.2 ms
block 40/80 - 118/240  17629.4 ms
block 41/80 - 121/240  17630.1 ms
block 42/80 - 124/240  17624.7 ms
block 43/80 - 127/240  17629.9 ms
block 44/80 - 130/240  17626.9 ms
block 45/80 - 133/240  17627.8 ms
block 46/80 - 136/240  17627.3 ms
block 47/80 - 139/240  17628.5 ms
block 48/80 - 142/240  17630.3 ms
block 49/80 - 145/240  17629.3 ms
block 50/80 - 148/240  17625.4 ms
block 51/80 - 151/240  17627.6 ms
block 52/80 - 154/240  17625.7 ms
block 53/80 - 157/240  17625.1 ms
block 54/80 - 160/240  17623.8 ms
block 55/80 - 163/240  17630.3 ms
block 56/80 - 166/240  17629.5 ms
block 57/80 - 169/240  17630.2 ms
block 58/80 - 172/240  17627.5 ms
block 59/80 - 175/240  17625.0 ms
block 60/80 - 178/240  17628.3 ms
block 61/80 - 181/240  17712.3 ms
block 62/80 - 184/240  17625.0 ms
block 63/80 - 187/240  17627.0 ms
block 64/80 - 190/240  17629.6 ms
block 65/80 - 193/240  17624.1 ms
block 66/80 - 196/240  17628.5 ms
block 67/80 - 199/240  17631.0 ms
block 68/80 - 202/240  17627.4 ms
block 69/80 - 205/240  17627.5 ms
block 70/80 - 208/240  17630.7 ms
block 71/80 - 211/240  17627.6 ms
block 72/80 - 214/240  17625.8 ms
block 73/80 - 217/240  17625.1 ms
block 74/80 - 220/240  17625.0 ms
block 75/80 - 223/240  17628.1 ms
block 76/80 - 226/240  17628.0 ms
block 77/80 - 229/240  17625.7 ms
block 78/80 - 232/240  17627.7 ms
block 79/80 - 235/240  17630.5 ms
block 80/80 - 238/240  17624.5 ms
[21/64] elapsed=51.3m  avg=146.5s/prompt  eta=105.0m
block 1/80 - 1/240  17495.3 ms
block 2/80 - 4/240  17073.2 ms
block 3/80 - 7/240  17622.7 ms
block 4/80 - 10/240  17638.6 ms
block 5/80 - 13/240  17616.3 ms
block 6/80 - 16/240  17625.1 ms
block 7/80 - 19/240  17627.0 ms
block 8/80 - 22/240  17626.9 ms
block 9/80 - 25/240  17628.1 ms
block 10/80 - 28/240  17626.6 ms
block 11/80 - 31/240  17627.9 ms
block 12/80 - 34/240  17629.7 ms
block 13/80 - 37/240  17624.3 ms
block 14/80 - 40/240  17627.0 ms
block 15/80 - 43/240  17599.5 ms
block 16/80 - 46/240  17627.1 ms
block 17/80 - 49/240  17666.3 ms
block 18/80 - 52/240  17631.1 ms
block 19/80 - 55/240  17631.8 ms
block 20/80 - 58/240  17624.0 ms
block 21/80 - 61/240  17626.2 ms
block 22/80 - 64/240  17626.7 ms
block 23/80 - 67/240  17623.5 ms
block 24/80 - 70/240  17629.5 ms
block 25/80 - 73/240  17628.0 ms
block 26/80 - 76/240  17627.2 ms
block 27/80 - 79/240  17624.8 ms
block 28/80 - 82/240  17713.8 ms
block 29/80 - 85/240  17628.4 ms
block 30/80 - 88/240  17628.9 ms
block 31/80 - 91/240  17712.0 ms
block 32/80 - 94/240  17625.0 ms
block 33/80 - 97/240  17630.4 ms
block 34/80 - 100/240  17623.5 ms
block 35/80 - 103/240  17628.3 ms
block 36/80 - 106/240  17627.4 ms
block 37/80 - 109/240  17623.7 ms
block 38/80 - 112/240  17625.7 ms
block 39/80 - 115/240  17625.8 ms
block 40/80 - 118/240  17627.3 ms
block 41/80 - 121/240  17629.5 ms
block 42/80 - 124/240  17624.9 ms
block 43/80 - 127/240  17628.5 ms
block 44/80 - 130/240  17629.8 ms
block 45/80 - 133/240  17624.8 ms
block 46/80 - 136/240  17626.8 ms
block 47/80 - 139/240  17629.1 ms
block 48/80 - 142/240  17626.6 ms
block 49/80 - 145/240  17629.3 ms
block 50/80 - 148/240  17624.5 ms
block 51/80 - 151/240  17626.8 ms
block 52/80 - 154/240  17624.0 ms
block 53/80 - 157/240  17681.8 ms
block 54/80 - 160/240  17626.2 ms
block 55/80 - 163/240  17623.6 ms
block 56/80 - 166/240  17626.4 ms
block 57/80 - 169/240  17624.8 ms
block 58/80 - 172/240  17630.0 ms
block 59/80 - 175/240  17704.4 ms
block 60/80 - 178/240  17627.0 ms
block 61/80 - 181/240  17623.2 ms
block 62/80 - 184/240  17626.9 ms
block 63/80 - 187/240  17625.6 ms
block 64/80 - 190/240  17627.5 ms
block 65/80 - 193/240  17574.5 ms
block 66/80 - 196/240  17640.6 ms
block 67/80 - 199/240  17613.2 ms
block 68/80 - 202/240  17624.7 ms
block 69/80 - 205/240  17668.1 ms
block 70/80 - 208/240  17627.5 ms
block 71/80 - 211/240  17627.6 ms
block 72/80 - 214/240  17627.7 ms
block 73/80 - 217/240  17540.4 ms
block 74/80 - 220/240  17623.3 ms
block 75/80 - 223/240  17626.7 ms
block 76/80 - 226/240  17625.2 ms
block 77/80 - 229/240  17623.8 ms
block 78/80 - 232/240  17624.7 ms
block 79/80 - 235/240  17627.3 ms
block 80/80 - 238/240  17624.6 ms
[37/64] elapsed=74.9m  avg=121.4s/prompt  eta=54.6m
block 1/80 - 1/240  17534.9 ms
block 2/80 - 4/240  16985.9 ms
block 3/80 - 7/240  17619.9 ms
block 4/80 - 10/240  17624.4 ms
block 5/80 - 13/240  17627.6 ms
block 6/80 - 16/240  17627.4 ms
block 7/80 - 19/240  17711.8 ms
block 8/80 - 22/240  17630.2 ms
block 9/80 - 25/240  17629.2 ms
block 10/80 - 28/240  17626.6 ms
block 11/80 - 31/240  17625.8 ms
block 12/80 - 34/240  17628.2 ms
block 13/80 - 37/240  17629.2 ms
block 14/80 - 40/240  17531.3 ms
block 15/80 - 43/240  17628.0 ms
block 16/80 - 46/240  17624.8 ms
block 17/80 - 49/240  17627.7 ms
block 18/80 - 52/240  17624.9 ms
block 19/80 - 55/240  17627.8 ms
block 20/80 - 58/240  17528.7 ms
block 21/80 - 61/240  17627.4 ms
block 22/80 - 64/240  17626.5 ms
block 23/80 - 67/240  17624.0 ms
block 24/80 - 70/240  17625.0 ms
block 25/80 - 73/240  17629.5 ms
block 26/80 - 76/240  17628.0 ms
block 27/80 - 79/240  17627.9 ms
block 28/80 - 82/240  17675.4 ms
block 29/80 - 85/240  17628.0 ms
block 30/80 - 88/240  17627.7 ms
block 31/80 - 91/240  17629.5 ms
block 32/80 - 94/240  17627.1 ms
block 33/80 - 97/240  17625.6 ms
block 34/80 - 100/240  17629.7 ms
block 35/80 - 103/240  17625.8 ms
block 36/80 - 106/240  17627.0 ms
block 37/80 - 109/240  17627.4 ms
block 38/80 - 112/240  17625.0 ms
block 39/80 - 115/240  17625.6 ms
block 40/80 - 118/240  17627.4 ms
block 41/80 - 121/240  17629.4 ms
block 42/80 - 124/240  17623.7 ms
block 43/80 - 127/240  17711.9 ms
block 44/80 - 130/240  17624.0 ms
block 45/80 - 133/240  17625.1 ms
block 46/80 - 136/240  17624.6 ms
block 47/80 - 139/240  17627.0 ms
block 48/80 - 142/240  17626.4 ms
block 49/80 - 145/240  17565.8 ms
block 50/80 - 148/240  17625.4 ms
block 51/80 - 151/240  17627.5 ms
block 52/80 - 154/240  17627.0 ms
block 53/80 - 157/240  17628.1 ms
block 54/80 - 160/240  17627.9 ms
block 55/80 - 163/240  17624.1 ms
block 56/80 - 166/240  17627.2 ms
block 57/80 - 169/240  17628.5 ms
block 58/80 - 172/240  17628.6 ms
block 59/80 - 175/240  17627.6 ms
block 60/80 - 178/240  17626.2 ms
block 61/80 - 181/240  17630.3 ms
block 62/80 - 184/240  17625.9 ms
block 63/80 - 187/240  17624.5 ms
block 64/80 - 190/240  17628.3 ms
block 65/80 - 193/240  17626.9 ms
block 66/80 - 196/240  17627.7 ms
block 67/80 - 199/240  17627.1 ms
block 68/80 - 202/240  17711.4 ms
block 69/80 - 205/240  17629.8 ms
block 70/80 - 208/240  17627.2 ms
block 71/80 - 211/240  17627.2 ms
block 72/80 - 214/240  17627.3 ms
block 73/80 - 217/240  17626.9 ms
block 74/80 - 220/240  17629.9 ms
block 75/80 - 223/240  17622.3 ms
block 76/80 - 226/240  17625.0 ms
block 77/80 - 229/240  17628.1 ms
block 78/80 - 232/240  17626.9 ms
block 79/80 - 235/240  17630.1 ms
block 80/80 - 238/240  17627.0 ms
[53/64] elapsed=98.5m  avg=111.5s/prompt  eta=20.4m
m
[skip] prompt 36 already has output, skipping
block 1/80 - 1/240  17233.4 ms
block 2/80 - 4/240  17087.7 ms
block 3/80 - 7/240  17628.3 ms
block 4/80 - 10/240  17728.2 ms
block 5/80 - 13/240  17725.7 ms
block 6/80 - 16/240  17726.2 ms
block 7/80 - 19/240  17724.3 ms
block 8/80 - 22/240  17728.7 ms
block 9/80 - 25/240  17635.4 ms
block 10/80 - 28/240  17641.3 ms
block 11/80 - 31/240  17701.8 ms
block 12/80 - 34/240  17728.1 ms
block 13/80 - 37/240  17726.1 ms
block 14/80 - 40/240  17727.2 ms
block 15/80 - 43/240  17663.1 ms
block 16/80 - 46/240  17662.6 ms
block 17/80 - 49/240  17661.1 ms
block 18/80 - 52/240  17660.4 ms
block 19/80 - 55/240  17662.9 ms
block 20/80 - 58/240  17643.4 ms
block 21/80 - 61/240  17661.2 ms
block 22/80 - 64/240  17663.5 ms
block 23/80 - 67/240  17660.5 ms
block 24/80 - 70/240  17662.9 ms
block 25/80 - 73/240  17663.4 ms
block 26/80 - 76/240  17661.1 ms
block 27/80 - 79/240  17666.0 ms
block 28/80 - 82/240  17664.4 ms
block 29/80 - 85/240  17662.3 ms
block 30/80 - 88/240  17664.0 ms
block 31/80 - 91/240  17663.6 ms
block 32/80 - 94/240  17657.9 ms
block 33/80 - 97/240  17665.5 ms
block 34/80 - 100/240  17660.6 ms
block 35/80 - 103/240  17663.2 ms
block 36/80 - 106/240  17660.5 ms
block 37/80 - 109/240  17663.2 ms
block 38/80 - 112/240  17664.8 ms
block 39/80 - 115/240  17664.5 ms
block 40/80 - 118/240  17663.1 ms
block 41/80 - 121/240  17662.2 ms
block 42/80 - 124/240  17662.5 ms
block 43/80 - 127/240  17662.1 ms
block 44/80 - 130/240  17663.7 ms
block 45/80 - 133/240  17663.3 ms
block 46/80 - 136/240  17664.0 ms
block 47/80 - 139/240  17661.8 ms
block 48/80 - 142/240  17661.4 ms
block 49/80 - 145/240  17665.4 ms
block 50/80 - 148/240  17660.8 ms
block 51/80 - 151/240  17664.2 ms
block 52/80 - 154/240  17660.3 ms
block 53/80 - 157/240  17662.6 ms
block 54/80 - 160/240  17663.1 ms
block 55/80 - 163/240  17663.7 ms
block 56/80 - 166/240  17662.8 ms
block 57/80 - 169/240  17696.4 ms
block 58/80 - 172/240  17718.7 ms
block 59/80 - 175/240  17663.7 ms
block 60/80 - 178/240  17663.3 ms
block 61/80 - 181/240  17666.2 ms
block 62/80 - 184/240  17664.2 ms
block 63/80 - 187/240  17664.0 ms
block 64/80 - 190/240  17660.5 ms
block 65/80 - 193/240  17660.9 ms
block 66/80 - 196/240  17665.4 ms
block 67/80 - 199/240  17663.4 ms
block 68/80 - 202/240  17660.3 ms
block 69/80 - 205/240  17663.0 ms
block 70/80 - 208/240  17662.8 ms
block 71/80 - 211/240  17663.4 ms
block 72/80 - 214/240  17664.1 ms
block 73/80 - 217/240  17663.5 ms
block 74/80 - 220/240  17663.5 ms
block 75/80 - 223/240  17663.3 ms
block 76/80 - 226/240  17663.4 ms
block 77/80 - 229/240  17663.3 ms
block 78/80 - 232/240  17660.7 ms
block 79/80 - 235/240  17666.4 ms
block 80/80 - 238/240  17659.7 ms
[45/64] elapsed=121.4m  avg=161.9s/prompt  eta=51.3m
[skip] prompt 52 already has output, skipping
block 1/80 - 1/240  17353.8 ms
block 2/80 - 4/240  17024.1 ms
block 3/80 - 7/240  17574.9 ms
block 4/80 - 10/240  17660.9 ms
block 5/80 - 13/240  17665.8 ms
block 6/80 - 16/240  17663.1 ms
block 7/80 - 19/240  17663.7 ms
block 8/80 - 22/240  17660.5 ms
block 9/80 - 25/240  17663.8 ms
block 10/80 - 28/240  17664.1 ms
block 11/80 - 31/240  17663.8 ms
block 12/80 - 34/240  17663.2 ms
block 13/80 - 37/240  17664.0 ms
block 14/80 - 40/240  17663.9 ms
block 15/80 - 43/240  17662.8 ms
block 16/80 - 46/240  17663.5 ms
block 17/80 - 49/240  17661.7 ms
block 18/80 - 52/240  17666.9 ms
block 19/80 - 55/240  17662.7 ms
block 20/80 - 58/240  17663.5 ms
block 21/80 - 61/240  17663.6 ms
block 22/80 - 64/240  17663.1 ms
block 23/80 - 67/240  17663.9 ms
block 24/80 - 70/240  17657.6 ms
block 25/80 - 73/240  17666.4 ms
block 26/80 - 76/240  17662.8 ms
block 27/80 - 79/240  17663.2 ms
block 28/80 - 82/240  17664.0 ms
block 29/80 - 85/240  17663.3 ms
block 30/80 - 88/240  17661.0 ms
block 31/80 - 91/240  17665.5 ms
block 32/80 - 94/240  17659.9 ms
block 33/80 - 97/240  17660.5 ms
block 34/80 - 100/240  17663.2 ms
block 35/80 - 103/240  17663.3 ms
block 36/80 - 106/240  17662.9 ms
block 37/80 - 109/240  17662.9 ms
block 38/80 - 112/240  17662.9 ms
block 39/80 - 115/240  17663.0 ms
block 40/80 - 118/240  17660.1 ms
block 41/80 - 121/240  17662.8 ms
block 42/80 - 124/240  17660.6 ms
block 43/80 - 127/240  17660.5 ms
block 44/80 - 130/240  17665.9 ms
block 45/80 - 133/240  17660.0 ms
block 46/80 - 136/240  17659.8 ms
block 47/80 - 139/240  17662.5 ms
block 48/80 - 142/240  17663.1 ms
block 49/80 - 145/240  17663.9 ms
block 50/80 - 148/240  17663.3 ms
block 51/80 - 151/240  17663.6 ms
block 52/80 - 154/240  17663.4 ms
block 53/80 - 157/240  17662.4 ms
block 54/80 - 160/240  17661.7 ms
block 55/80 - 163/240  17660.2 ms
block 56/80 - 166/240  17665.7 ms
block 57/80 - 169/240  17660.8 ms
block 58/80 - 172/240  17659.2 ms
block 59/80 - 175/240  17666.6 ms
block 60/80 - 178/240  17662.7 ms
block 61/80 - 181/240  17660.1 ms
block 62/80 - 184/240  17663.1 ms
block 63/80 - 187/240  17665.3 ms
block 64/80 - 190/240  17662.8 ms
block 65/80 - 193/240  17663.7 ms
block 66/80 - 196/240  17660.4 ms
block 67/80 - 199/240  17664.6 ms
block 68/80 - 202/240  17659.9 ms
block 69/80 - 205/240  17663.8 ms
block 70/80 - 208/240  17664.3 ms
block 71/80 - 211/240  17660.6 ms
block 72/80 - 214/240  17665.6 ms
block 73/80 - 217/240  17663.0 ms
block 74/80 - 220/240  17664.1 ms
block 75/80 - 223/240  17662.7 ms
block 76/80 - 226/240  17663.2 ms
block 77/80 - 229/240  17660.5 ms
block 78/80 - 232/240  17662.4 ms
block 79/80 - 235/240  17662.5 ms
block 80/80 - 238/240  17662.1 ms
[61/64] elapsed=145.0m  avg=142.6s/prompt  eta=7.1m
