[v97-profile] wave=0 jobs=0..7
[HeadQKProfileAudit] path=/apdcephfs_gy2/share_303214315/cedricnie/develop/training-free/runs/v97_qk_head_scores/profiles/action_walk_run_a_s0.pt version=2 records=8340 layers=30 branches=2 update_modes=clean,noisy layer_source=kv_cache.layer_idx
[HeadQKProfileAudit] path=/apdcephfs_gy2/share_303214315/cedricnie/develop/training-free/runs/v97_qk_head_scores/profiles/action_walk_run_a_s1.pt version=2 records=8340 layers=30 branches=2 update_modes=clean,noisy layer_source=kv_cache.layer_idx
[HeadQKProfileAudit] path=/apdcephfs_gy2/share_303214315/cedricnie/develop/training-free/runs/v97_qk_head_scores/profiles/action_walk_run_b_s0.pt version=2 records=8340 layers=30 branches=2 update_modes=clean,noisy layer_source=kv_cache.layer_idx
[HeadQKProfileAudit] path=/apdcephfs_gy2/share_303214315/cedricnie/develop/training-free/runs/v97_qk_head_scores/profiles/action_carry_open_b_s0.pt version=2 records=8340 layers=30 branches=2 update_modes=clean,noisy layer_source=kv_cache.layer_idx
[HeadQKProfileAudit] path=/apdcephfs_gy2/share_303214315/cedricnie/develop/training-free/runs/v97_qk_head_scores/profiles/action_carry_open_a_s0.pt version=2 records=8340 layers=30 branches=2 update_modes=clean,noisy layer_source=kv_cache.layer_idx
[HeadQKProfileAudit] path=/apdcephfs_gy2/share_303214315/cedricnie/develop/training-free/runs/v97_qk_head_scores/profiles/action_walk_run_b_s1.pt version=2 records=8340 layers=30 branches=2 update_modes=clean,noisy layer_source=kv_cache.layer_idx
[HeadQKProfileAudit] path=/apdcephfs_gy2/share_303214315/cedricnie/develop/training-free/runs/v97_qk_head_scores/profiles/action_carry_open_b_s1.pt version=2 records=8340 layers=30 branches=2 update_modes=clean,noisy layer_source=kv_cache.layer_idx
[HeadQKProfileAudit] path=/apdcephfs_gy2/share_303214315/cedricnie/develop/training-free/runs/v97_qk_head_scores/profiles/action_carry_open_a_s1.pt version=2 records=8340 layers=30 branches=2 update_modes=clean,noisy layer_source=kv_cache.layer_idx
[v97-profile] wave=1 jobs=8..15
[HeadQKProfileAudit] path=/apdcephfs_gy2/share_303214315/cedricnie/develop/training-free/runs/v97_qk_head_scores/profiles/camera_track_orbit_a_s0.pt version=2 records=8340 layers=30 branches=2 update_modes=clean,noisy layer_source=kv_cache.layer_idx
[HeadQKProfileAudit] path=/apdcephfs_gy2/share_303214315/cedricnie/develop/training-free/runs/v97_qk_head_scores/profiles/camera_wide_close_b_s1.pt version=2 records=8340 layers=30 branches=2 update_modes=clean,noisy layer_source=kv_cache.layer_idx
[HeadQKProfileAudit] path=/apdcephfs_gy2/share_303214315/cedricnie/develop/training-free/runs/v97_qk_head_scores/profiles/camera_track_orbit_b_s1.pt version=2 records=8340 layers=30 branches=2 update_modes=clean,noisy layer_source=kv_cache.layer_idx
[HeadQKProfileAudit] path=/apdcephfs_gy2/share_303214315/cedricnie/develop/training-free/runs/v97_qk_head_scores/profiles/camera_wide_close_a_s0.pt version=2 records=8340 layers=30 branches=2 update_modes=clean,noisy layer_source=kv_cache.layer_idx
[HeadQKProfileAudit] path=/apdcephfs_gy2/share_303214315/cedricnie/develop/training-free/runs/v97_qk_head_scores/profiles/camera_track_orbit_a_s1.pt version=2 records=8340 layers=30 branches=2 update_modes=clean,noisy layer_source=kv_cache.layer_idx
[HeadQKProfileAudit] path=/apdcephfs_gy2/share_303214315/cedricnie/develop/training-free/runs/v97_qk_head_scores/profiles/camera_track_orbit_b_s0.pt version=2 records=8340 layers=30 branches=2 update_modes=clean,noisy layer_source=kv_cache.layer_idx
[HeadQKProfileAudit] path=/apdcephfs_gy2/share_303214315/cedricnie/develop/training-free/runs/v97_qk_head_scores/profiles/camera_wide_close_a_s1.pt version=2 records=8340 layers=30 branches=2 update_modes=clean,noisy layer_source=kv_cache.layer_idx
[HeadQKProfileAudit] path=/apdcephfs_gy2/share_303214315/cedricnie/develop/training-free/runs/v97_qk_head_scores/profiles/camera_wide_close_b_s0.pt version=2 records=8340 layers=30 branches=2 update_modes=clean,noisy layer_source=kv_cache.layer_idx
[v97-profile] wave=2 jobs=16..23
[HeadQKProfileAudit] path=/apdcephfs_gy2/share_303214315/cedricnie/develop/training-free/runs/v97_qk_head_scores/profiles/scene_courtyard_rooftop_a_s0.pt version=2 records=8340 layers=30 branches=2 update_modes=clean,noisy layer_source=kv_cache.layer_idx
[HeadQKProfileAudit] path=/apdcephfs_gy2/share_303214315/cedricnie/develop/training-free/runs/v97_qk_head_scores/profiles/scene_platform_carriage_b_s0.pt version=2 records=8340 layers=30 branches=2 update_modes=clean,noisy layer_source=kv_cache.layer_idx
[HeadQKProfileAudit] path=/apdcephfs_gy2/share_303214315/cedricnie/develop/training-free/runs/v97_qk_head_scores/profiles/scene_courtyard_rooftop_b_s0.pt version=2 records=8340 layers=30 branches=2 update_modes=clean,noisy layer_source=kv_cache.layer_idx
[HeadQKProfileAudit] path=/apdcephfs_gy2/share_303214315/cedricnie/develop/training-free/runs/v97_qk_head_scores/profiles/scene_courtyard_rooftop_b_s1.pt version=2 records=8340 layers=30 branches=2 update_modes=clean,noisy layer_source=kv_cache.layer_idx
[HeadQKProfileAudit] path=/apdcephfs_gy2/share_303214315/cedricnie/develop/training-free/runs/v97_qk_head_scores/profiles/scene_platform_carriage_b_s1.pt version=2 records=8340 layers=30 branches=2 update_modes=clean,noisy layer_source=kv_cache.layer_idx
[HeadQKProfileAudit] path=/apdcephfs_gy2/share_303214315/cedricnie/develop/training-free/runs/v97_qk_head_scores/profiles/scene_platform_carriage_a_s0.pt version=2 records=8340 layers=30 branches=2 update_modes=clean,noisy layer_source=kv_cache.layer_idx
[HeadQKProfileAudit] path=/apdcephfs_gy2/share_303214315/cedricnie/develop/training-free/runs/v97_qk_head_scores/profiles/scene_platform_carriage_a_s1.pt version=2 records=8340 layers=30 branches=2 update_modes=clean,noisy layer_source=kv_cache.layer_idx
[HeadQKProfileAudit] path=/apdcephfs_gy2/share_303214315/cedricnie/develop/training-free/runs/v97_qk_head_scores/profiles/scene_courtyard_rooftop_a_s1.pt version=2 records=8340 layers=30 branches=2 update_modes=clean,noisy layer_source=kv_cache.layer_idx
[v97-profile] wave=3 jobs=24..31
[HeadQKProfileAudit] path=/apdcephfs_gy2/share_303214315/cedricnie/develop/training-free/runs/v97_qk_head_scores/profiles/motion_still_dance_b_s0.pt version=2 records=8340 layers=30 branches=2 update_modes=clean,noisy layer_source=kv_cache.layer_idx
[HeadQKProfileAudit] path=/apdcephfs_gy2/share_303214315/cedricnie/develop/training-free/runs/v97_qk_head_scores/profiles/motion_still_dance_b_s1.pt version=2 records=8340 layers=30 branches=2 update_modes=clean,noisy layer_source=kv_cache.layer_idx
[HeadQKProfileAudit] path=/apdcephfs_gy2/share_303214315/cedricnie/develop/training-free/runs/v97_qk_head_scores/profiles/motion_still_dance_a_s1.pt version=2 records=8340 layers=30 branches=2 update_modes=clean,noisy layer_source=kv_cache.layer_idx
[HeadQKProfileAudit] path=/apdcephfs_gy2/share_303214315/cedricnie/develop/training-free/runs/v97_qk_head_scores/profiles/weather_clear_storm_b_s0.pt version=2 records=8340 layers=30 branches=2 update_modes=clean,noisy layer_source=kv_cache.layer_idx
[HeadQKProfileAudit] path=/apdcephfs_gy2/share_303214315/cedricnie/develop/training-free/runs/v97_qk_head_scores/profiles/motion_still_dance_a_s0.pt version=2 records=8340 layers=30 branches=2 update_modes=clean,noisy layer_source=kv_cache.layer_idx
[HeadQKProfileAudit] path=/apdcephfs_gy2/share_303214315/cedricnie/develop/training-free/runs/v97_qk_head_scores/profiles/weather_clear_storm_a_s1.pt version=2 records=8340 layers=30 branches=2 update_modes=clean,noisy layer_source=kv_cache.layer_idx
[HeadQKProfileAudit] path=/apdcephfs_gy2/share_303214315/cedricnie/develop/training-free/runs/v97_qk_head_scores/profiles/weather_clear_storm_a_s0.pt version=2 records=8340 layers=30 branches=2 update_modes=clean,noisy layer_source=kv_cache.layer_idx
[HeadQKProfileAudit] path=/apdcephfs_gy2/share_303214315/cedricnie/develop/training-free/runs/v97_qk_head_scores/profiles/weather_clear_storm_b_s1.pt version=2 records=8340 layers=30 branches=2 update_modes=clean,noisy layer_source=kv_cache.layer_idx
[QKHeadScoreArtifact] profiles=32 heads=360 layers=30 classification=none csv_sha256=e0f9e70238ea06dec7298bd4a558467c2fb15e05e2a703e757eb0a6f9a362a6d
[HeadMapClassification] scores=e0f9e70238ea06dec7298bd4a558467c2fb15e05e2a703e757eb0a6f9a362a6d maps=16 manual=[0.0, 0.5, 1.0, 1.5, 2.0] sign=[0.5] manifest=/apdcephfs_gy2/share_303214315/cedricnie/develop/training-free/runs/v97_qk_head_scores/maps/head_map_manifest.json
[v97-profile] complete scores=/apdcephfs_gy2/share_303214315/cedricnie/develop/training-free/runs/v97_qk_head_scores/scores maps=/apdcephfs_gy2/share_303214315/cedricnie/develop/training-free/runs/v97_qk_head_scores/maps
