Running on a single GPU (cuda); skipping NCCL initialization.
Free VRAM 93.9398193359375 GB
Loading CUDA extension (first run compiles ~60s; cached run ~3s)...
CUDA extension ready in 143.1s.
[CacheCompatibilityPolicy] recent=20:0 coverage=21:360 episode=22:0 coverage_policy=retrieval budget=9FFE read_budget=9FFE owner=HeadComposition
KV inference with 3 frames per block
Number of prompts: 128
Prompt index range: [0, 128)
Loading PyramidKV config from /apdcephfs_gy2/share_303214315/cedricnie/develop/training-free/runs/v182_structured_coverage/inputs/maps/all_coverage_retrieval.csv
block 1/80 - 1/240  265271.6 ms
block 2/80 - 4/240  16828.1 ms
block 3/80 - 7/240  17486.3 ms
block 4/80 - 10/240  17869.4 ms
block 5/80 - 13/240  18150.7 ms
block 6/80 - 16/240  18707.9 ms
block 7/80 - 19/240  18711.4 ms
block 8/80 - 22/240  18765.4 ms
block 9/80 - 25/240  18793.3 ms
block 10/80 - 28/240  18809.8 ms
block 11/80 - 31/240  18870.3 ms
block 12/80 - 34/240  18882.7 ms
block 13/80 - 37/240  19041.0 ms
block 14/80 - 40/240  19035.9 ms
block 15/80 - 43/240  19046.5 ms
block 16/80 - 46/240  19033.8 ms
block 17/80 - 49/240  19028.4 ms
block 18/80 - 52/240  19032.6 ms
block 19/80 - 55/240  19030.8 ms
block 20/80 - 58/240  19038.5 ms
block 21/80 - 61/240  19037.9 ms
block 22/80 - 64/240  19035.8 ms
block 23/80 - 67/240  19033.4 ms
block 24/80 - 70/240  19038.8 ms
block 25/80 - 73/240  19030.4 ms
block 26/80 - 76/240  19041.6 ms
block 27/80 - 79/240  19044.5 ms
block 28/80 - 82/240  19046.6 ms
block 29/80 - 85/240  19050.0 ms
block 30/80 - 88/240  19039.5 ms
block 31/80 - 91/240  19046.7 ms
block 32/80 - 94/240  19044.9 ms
block 33/80 - 97/240  19043.8 ms
block 34/80 - 100/240  19038.8 ms
block 35/80 - 103/240  19053.9 ms
block 36/80 - 106/240  19047.3 ms
block 37/80 - 109/240  19050.1 ms
block 38/80 - 112/240  19041.8 ms
block 39/80 - 115/240  19043.0 ms
block 40/80 - 118/240  19039.4 ms
block 41/80 - 121/240  19065.7 ms
block 42/80 - 124/240  19056.8 ms
block 43/80 - 127/240  19036.2 ms
block 44/80 - 130/240  19074.6 ms
block 45/80 - 133/240  19094.2 ms
block 46/80 - 136/240  19044.7 ms
block 47/80 - 139/240  19041.4 ms
block 48/80 - 142/240  19042.7 ms
block 49/80 - 145/240  19052.0 ms
block 50/80 - 148/240  19039.3 ms
block 51/80 - 151/240  19043.1 ms
block 52/80 - 154/240  19039.1 ms
block 53/80 - 157/240  19049.8 ms
block 54/80 - 160/240  19040.8 ms
block 55/80 - 163/240  19041.5 ms
block 56/80 - 166/240  19041.4 ms
block 57/80 - 169/240  19040.1 ms
block 58/80 - 172/240  19039.0 ms
block 59/80 - 175/240  19040.8 ms
block 60/80 - 178/240  19046.1 ms
block 61/80 - 181/240  19043.2 ms
block 62/80 - 184/240  19037.6 ms
block 63/80 - 187/240  19056.2 ms
block 64/80 - 190/240  19040.0 ms
block 65/80 - 193/240  19039.5 ms
block 66/80 - 196/240  19048.5 ms
block 67/80 - 199/240  19045.6 ms
block 68/80 - 202/240  19040.8 ms
block 69/80 - 205/240  19044.9 ms
block 70/80 - 208/240  19043.6 ms
block 71/80 - 211/240  19042.5 ms
block 72/80 - 214/240  19042.3 ms
block 73/80 - 217/240  19048.8 ms
block 74/80 - 220/240  19038.9 ms
block 75/80 - 223/240  19038.8 ms
block 76/80 - 226/240  19041.4 ms
block 77/80 - 229/240  19040.1 ms
block 78/80 - 232/240  19053.6 ms
block 79/80 - 235/240  19045.2 ms
block 80/80 - 238/240  19051.5 ms
[4/128] elapsed=29.7m  avg=445.2s/prompt  eta=920.0m
/apdcephfs_gy2/share_303214315/cedricnie/miniconda3/envs/longlive/lib/python3.10/site-packages/torchvision/io/_video_deprecation_warning.py:9: UserWarning: The video decoding and encoding capabilities of torchvision are deprecated from version 0.22 and will be removed in version 0.24. We recommend that you migrate to TorchCodec, where we'll consolidate the future decoding/encoding capabilities of PyTorch: https://github.com/pytorch/torchcodec
  warnings.warn(
block 1/80 - 1/240  17750.0 ms
block 2/80 - 4/240  16954.0 ms
block 3/80 - 7/240  17308.9 ms
block 4/80 - 10/240  17752.1 ms
block 5/80 - 13/240  18153.6 ms
block 6/80 - 16/240  18652.0 ms
block 7/80 - 19/240  18958.1 ms
block 8/80 - 22/240  18690.3 ms
block 9/80 - 25/240  18765.9 ms
block 10/80 - 28/240  18766.2 ms
block 11/80 - 31/240  18838.2 ms
block 12/80 - 34/240  18841.3 ms
block 13/80 - 37/240  19049.9 ms
block 14/80 - 40/240  19041.8 ms
block 15/80 - 43/240  19040.4 ms
block 16/80 - 46/240  19041.2 ms
block 17/80 - 49/240  19038.9 ms
block 18/80 - 52/240  19051.1 ms
block 19/80 - 55/240  19037.9 ms
block 20/80 - 58/240  19035.3 ms
block 21/80 - 61/240  19039.8 ms
block 22/80 - 64/240  19038.0 ms
block 23/80 - 67/240  19040.1 ms
block 24/80 - 70/240  19040.2 ms
block 25/80 - 73/240  19045.7 ms
block 26/80 - 76/240  19050.0 ms
block 27/80 - 79/240  19046.2 ms
block 28/80 - 82/240  19041.3 ms
block 29/80 - 85/240  19047.0 ms
block 30/80 - 88/240  19042.5 ms
block 31/80 - 91/240  19048.3 ms
block 32/80 - 94/240  19069.6 ms
block 33/80 - 97/240  19041.8 ms
block 34/80 - 100/240  19048.0 ms
block 35/80 - 103/240  19046.1 ms
block 36/80 - 106/240  19040.4 ms
block 37/80 - 109/240  19042.9 ms
block 38/80 - 112/240  19043.2 ms
block 39/80 - 115/240  19040.6 ms
block 40/80 - 118/240  19044.5 ms
block 41/80 - 121/240  19041.0 ms
block 42/80 - 124/240  19042.3 ms
block 43/80 - 127/240  19046.1 ms
block 44/80 - 130/240  19043.9 ms
block 45/80 - 133/240  19044.0 ms
block 46/80 - 136/240  19053.1 ms
block 47/80 - 139/240  19046.4 ms
block 48/80 - 142/240  19047.5 ms
block 49/80 - 145/240  19046.4 ms
block 50/80 - 148/240  19044.7 ms
block 51/80 - 151/240  19044.4 ms
block 52/80 - 154/240  19039.7 ms
block 53/80 - 157/240  19041.1 ms
block 54/80 - 160/240  19044.1 ms
block 55/80 - 163/240  19041.2 ms
block 56/80 - 166/240  19043.6 ms
block 57/80 - 169/240  19042.1 ms
block 58/80 - 172/240  19043.6 ms
block 59/80 - 175/240  19047.1 ms
block 60/80 - 178/240  19047.7 ms
block 61/80 - 181/240  19045.5 ms
block 62/80 - 184/240  19052.0 ms
block 63/80 - 187/240  19045.2 ms
block 64/80 - 190/240  19048.5 ms
block 65/80 - 193/240  19043.7 ms
block 66/80 - 196/240  19056.6 ms
block 67/80 - 199/240  19045.8 ms
block 68/80 - 202/240  19040.4 ms
block 69/80 - 205/240  19044.7 ms
block 70/80 - 208/240  19041.3 ms
block 71/80 - 211/240  19038.4 ms
block 72/80 - 214/240  19053.4 ms
block 73/80 - 217/240  19040.5 ms
block 74/80 - 220/240  19075.6 ms
block 75/80 - 223/240  19053.7 ms
block 76/80 - 226/240  19061.7 ms
block 77/80 - 229/240  19045.9 ms
block 78/80 - 232/240  19045.1 ms
block 79/80 - 235/240  19096.8 ms
block 80/80 - 238/240  19043.7 ms
[20/128] elapsed=55.0m  avg=164.9s/prompt  eta=296.8m
block 1/80 - 1/240  17546.9 ms
block 2/80 - 4/240  16956.3 ms
block 3/80 - 7/240  17308.0 ms
block 4/80 - 10/240  17841.3 ms
block 5/80 - 13/240  18152.0 ms
block 6/80 - 16/240  18613.4 ms
block 7/80 - 19/240  18688.0 ms
block 8/80 - 22/240  18685.4 ms
block 9/80 - 25/240  18768.0 ms
block 10/80 - 28/240  18763.0 ms
block 11/80 - 31/240  18840.7 ms
block 12/80 - 34/240  18840.7 ms
block 13/80 - 37/240  19034.5 ms
block 14/80 - 40/240  19035.2 ms
block 15/80 - 43/240  19035.2 ms
block 16/80 - 46/240  19037.3 ms
block 17/80 - 49/240  19042.6 ms
block 18/80 - 52/240  19036.8 ms
block 19/80 - 55/240  19035.3 ms
block 20/80 - 58/240  19032.1 ms
block 21/80 - 61/240  19038.6 ms
block 22/80 - 64/240  19037.1 ms
block 23/80 - 67/240  19041.1 ms
block 24/80 - 70/240  19044.9 ms
block 25/80 - 73/240  19115.5 ms
block 26/80 - 76/240  19043.2 ms
block 27/80 - 79/240  19155.5 ms
block 28/80 - 82/240  19047.0 ms
block 29/80 - 85/240  19043.3 ms
block 30/80 - 88/240  19044.7 ms
block 31/80 - 91/240  19042.5 ms
block 32/80 - 94/240  19041.4 ms
block 33/80 - 97/240  19051.9 ms
block 34/80 - 100/240  19047.0 ms
block 35/80 - 103/240  19048.6 ms
block 36/80 - 106/240  19041.9 ms
block 37/80 - 109/240  19045.7 ms
block 38/80 - 112/240  19042.2 ms
block 39/80 - 115/240  19049.1 ms
block 40/80 - 118/240  19042.0 ms
block 41/80 - 121/240  19048.7 ms
block 42/80 - 124/240  19042.1 ms
block 43/80 - 127/240  19040.5 ms
block 44/80 - 130/240  19044.2 ms
block 45/80 - 133/240  19042.7 ms
block 46/80 - 136/240  19046.4 ms
block 47/80 - 139/240  19058.6 ms
block 48/80 - 142/240  19041.2 ms
block 49/80 - 145/240  19045.4 ms
block 50/80 - 148/240  19066.5 ms
block 51/80 - 151/240  19043.3 ms
block 52/80 - 154/240  19043.4 ms
block 53/80 - 157/240  19049.7 ms
block 54/80 - 160/240  19055.0 ms
block 55/80 - 163/240  19059.3 ms
block 56/80 - 166/240  19047.6 ms
block 57/80 - 169/240  19040.1 ms
block 58/80 - 172/240  19041.0 ms
block 59/80 - 175/240  19040.9 ms
block 60/80 - 178/240  19042.2 ms
block 61/80 - 181/240  19044.5 ms
block 62/80 - 184/240  19046.0 ms
block 63/80 - 187/240  19038.7 ms
block 64/80 - 190/240  19045.0 ms
block 65/80 - 193/240  19043.0 ms
block 66/80 - 196/240  19038.4 ms
block 67/80 - 199/240  19042.1 ms
block 68/80 - 202/240  19042.7 ms
block 69/80 - 205/240  19045.5 ms
block 70/80 - 208/240  19040.8 ms
block 71/80 - 211/240  19045.6 ms
block 72/80 - 214/240  19041.5 ms
block 73/80 - 217/240  19043.6 ms
block 74/80 - 220/240  19052.0 ms
block 75/80 - 223/240  19044.8 ms
block 76/80 - 226/240  19065.8 ms
block 77/80 - 229/240  19041.4 ms
block 78/80 - 232/240  19039.9 ms
block 79/80 - 235/240  19040.3 ms
block 80/80 - 238/240  19041.3 ms
[36/128] elapsed=80.2m  avg=133.7s/prompt  eta=205.0m
block 1/80 - 1/240  17288.2 ms
block 2/80 - 4/240  17161.6 ms
block 3/80 - 7/240  17305.2 ms
block 4/80 - 10/240  17839.0 ms
block 5/80 - 13/240  18155.0 ms
block 6/80 - 16/240  18630.2 ms
block 7/80 - 19/240  18685.5 ms
block 8/80 - 22/240  18685.7 ms
block 9/80 - 25/240  18765.1 ms
block 10/80 - 28/240  18769.7 ms
block 11/80 - 31/240  18844.5 ms
block 12/80 - 34/240  18839.6 ms
block 13/80 - 37/240  19038.3 ms
block 14/80 - 40/240  19034.6 ms
block 15/80 - 43/240  19077.7 ms
block 16/80 - 46/240  19100.4 ms
block 17/80 - 49/240  19036.5 ms
block 18/80 - 52/240  19166.9 ms
block 19/80 - 55/240  19035.3 ms
block 20/80 - 58/240  19047.5 ms
block 21/80 - 61/240  19040.3 ms
block 22/80 - 64/240  19045.1 ms
block 23/80 - 67/240  19040.3 ms
block 24/80 - 70/240  19041.2 ms
block 25/80 - 73/240  19040.6 ms
block 26/80 - 76/240  19040.0 ms
block 27/80 - 79/240  19039.4 ms
block 28/80 - 82/240  19059.0 ms
block 29/80 - 85/240  19042.0 ms
block 30/80 - 88/240  19041.6 ms
block 31/80 - 91/240  19037.0 ms
block 32/80 - 94/240  19043.8 ms
block 33/80 - 97/240  19042.7 ms
block 34/80 - 100/240  19038.9 ms
block 35/80 - 103/240  19044.1 ms
block 36/80 - 106/240  19043.6 ms
block 37/80 - 109/240  19043.2 ms
block 38/80 - 112/240  19040.7 ms
block 39/80 - 115/240  19050.3 ms
block 40/80 - 118/240  19042.7 ms
block 41/80 - 121/240  19045.6 ms
block 42/80 - 124/240  19047.9 ms
block 43/80 - 127/240  19045.5 ms
block 44/80 - 130/240  19041.1 ms
block 45/80 - 133/240  19041.7 ms
block 46/80 - 136/240  19034.6 ms
block 47/80 - 139/240  19038.0 ms
block 48/80 - 142/240  19041.9 ms
block 49/80 - 145/240  19047.5 ms
block 50/80 - 148/240  19043.9 ms
block 51/80 - 151/240  19043.6 ms
block 52/80 - 154/240  19053.6 ms
block 53/80 - 157/240  19051.8 ms
block 54/80 - 160/240  19051.3 ms
block 55/80 - 163/240  19047.1 ms
block 56/80 - 166/240  19045.6 ms
block 57/80 - 169/240  19045.9 ms
block 58/80 - 172/240  19077.1 ms
block 59/80 - 175/240  19046.7 ms
block 60/80 - 178/240  19050.9 ms
block 61/80 - 181/240  19144.7 ms
block 62/80 - 184/240  19044.5 ms
block 63/80 - 187/240  19045.4 ms
block 64/80 - 190/240  19047.7 ms
block 65/80 - 193/240  19047.8 ms
block 66/80 - 196/240  19045.6 ms
block 67/80 - 199/240  19049.5 ms
block 68/80 - 202/240  19053.1 ms
block 69/80 - 205/240  19048.4 ms
block 70/80 - 208/240  19054.2 ms
block 71/80 - 211/240  19049.3 ms
block 72/80 - 214/240  19045.8 ms
block 73/80 - 217/240  19041.2 ms
block 74/80 - 220/240  19041.6 ms
block 75/80 - 223/240  19043.4 ms
block 76/80 - 226/240  19040.2 ms
block 77/80 - 229/240  19059.8 ms
block 78/80 - 232/240  19040.9 ms
block 79/80 - 235/240  19044.2 ms
block 80/80 - 238/240  19040.8 ms
[52/128] elapsed=105.5m  avg=121.7s/prompt  eta=154.2m
block 1/80 - 1/240  17585.5 ms
block 2/80 - 4/240  16956.2 ms
block 3/80 - 7/240  17308.5 ms
block 4/80 - 10/240  17813.6 ms
block 5/80 - 13/240  18151.2 ms
block 6/80 - 16/240  18619.5 ms
block 7/80 - 19/240  18683.7 ms
block 8/80 - 22/240  18975.1 ms
block 9/80 - 25/240  18767.3 ms
block 10/80 - 28/240  18764.2 ms
block 11/80 - 31/240  18840.8 ms
block 12/80 - 34/240  18838.1 ms
block 13/80 - 37/240  19036.8 ms
block 14/80 - 40/240  19040.2 ms
block 15/80 - 43/240  19042.8 ms
block 16/80 - 46/240  19039.1 ms
block 17/80 - 49/240  19038.0 ms
block 18/80 - 52/240  19044.7 ms
block 19/80 - 55/240  19044.4 ms
block 20/80 - 58/240  19039.5 ms
block 21/80 - 61/240  19040.6 ms
block 22/80 - 64/240  19049.0 ms
block 23/80 - 67/240  19041.9 ms
block 24/80 - 70/240  19136.9 ms
block 25/80 - 73/240  19049.8 ms
block 26/80 - 76/240  19039.8 ms
block 27/80 - 79/240  19045.1 ms
block 28/80 - 82/240  19062.6 ms
block 29/80 - 85/240  19041.6 ms
block 30/80 - 88/240  19052.7 ms
block 31/80 - 91/240  19053.2 ms
block 32/80 - 94/240  19038.9 ms
block 33/80 - 97/240  19042.7 ms
block 34/80 - 100/240  19058.8 ms
block 35/80 - 103/240  19043.8 ms
block 36/80 - 106/240  19040.2 ms
block 37/80 - 109/240  19052.4 ms
block 38/80 - 112/240  19038.0 ms
block 39/80 - 115/240  19040.8 ms
block 40/80 - 118/240  19045.1 ms
block 41/80 - 121/240  19048.2 ms
block 42/80 - 124/240  19040.6 ms
block 43/80 - 127/240  19041.2 ms
block 44/80 - 130/240  19045.2 ms
block 45/80 - 133/240  19041.0 ms
block 46/80 - 136/240  19041.9 ms
block 47/80 - 139/240  19060.2 ms
block 48/80 - 142/240  19045.5 ms
block 49/80 - 145/240  19052.9 ms
block 50/80 - 148/240  19046.8 ms
block 51/80 - 151/240  19039.2 ms
block 52/80 - 154/240  19055.4 ms
block 53/80 - 157/240  19050.4 ms
block 54/80 - 160/240  19042.8 ms
block 55/80 - 163/240  19052.0 ms
block 56/80 - 166/240  19049.2 ms
block 57/80 - 169/240  19048.5 ms
block 58/80 - 172/240  19069.9 ms
block 59/80 - 175/240  19051.5 ms
block 60/80 - 178/240  19047.3 ms
block 61/80 - 181/240  19055.1 ms
block 62/80 - 184/240  19040.9 ms
block 63/80 - 187/240  19049.3 ms
block 64/80 - 190/240  19047.6 ms
block 65/80 - 193/240  19054.2 ms
block 66/80 - 196/240  19048.4 ms
block 67/80 - 199/240  19053.0 ms
block 68/80 - 202/240  19044.6 ms
block 69/80 - 205/240  19047.9 ms
block 70/80 - 208/240  19046.0 ms
block 71/80 - 211/240  19054.0 ms
block 72/80 - 214/240  19052.9 ms
block 73/80 - 217/240  19050.2 ms
block 74/80 - 220/240  19044.8 ms
block 75/80 - 223/240  19043.2 ms
block 76/80 - 226/240  19108.1 ms
block 77/80 - 229/240  19047.8 ms
block 78/80 - 232/240  19054.1 ms
block 79/80 - 235/240  19078.0 ms
block 80/80 - 238/240  19132.3 ms
[68/128] elapsed=130.7m  avg=115.4s/prompt  eta=115.4m
block 1/80 - 1/240  17526.1 ms
block 2/80 - 4/240  16961.1 ms
block 3/80 - 7/240  17308.7 ms
block 4/80 - 10/240  17831.8 ms
block 5/80 - 13/240  18136.0 ms
block 6/80 - 16/240  18622.6 ms
block 7/80 - 19/240  18682.9 ms
block 8/80 - 22/240  18695.2 ms
block 9/80 - 25/240  18762.9 ms
block 10/80 - 28/240  18767.9 ms
block 11/80 - 31/240  18839.9 ms
block 12/80 - 34/240  18846.5 ms
block 13/80 - 37/240  19036.1 ms
block 14/80 - 40/240  19037.3 ms
block 15/80 - 43/240  19037.7 ms
block 16/80 - 46/240  19037.4 ms
block 17/80 - 49/240  19039.3 ms
block 18/80 - 52/240  19037.2 ms
block 19/80 - 55/240  19036.1 ms
block 20/80 - 58/240  19058.7 ms
block 21/80 - 61/240  19046.3 ms
block 22/80 - 64/240  19039.9 ms
block 23/80 - 67/240  19044.4 ms
block 24/80 - 70/240  19036.9 ms
block 25/80 - 73/240  19034.8 ms
block 26/80 - 76/240  19043.5 ms
block 27/80 - 79/240  19087.0 ms
block 28/80 - 82/240  19054.1 ms
block 29/80 - 85/240  19034.3 ms
block 30/80 - 88/240  19037.9 ms
block 31/80 - 91/240  19051.7 ms
block 32/80 - 94/240  19046.3 ms
block 33/80 - 97/240  19039.5 ms
block 34/80 - 100/240  19044.2 ms
block 35/80 - 103/240  19053.5 ms
block 36/80 - 106/240  19039.8 ms
block 37/80 - 109/240  19048.8 ms
block 38/80 - 112/240  19041.6 ms
block 39/80 - 115/240  19043.5 ms
block 40/80 - 118/240  19049.7 ms
block 41/80 - 121/240  19072.2 ms
block 42/80 - 124/240  19048.0 ms
block 43/80 - 127/240  19044.9 ms
block 44/80 - 130/240  19052.3 ms
block 45/80 - 133/240  19045.1 ms
block 46/80 - 136/240  19061.7 ms
block 47/80 - 139/240  19033.2 ms
block 48/80 - 142/240  19065.9 ms
block 49/80 - 145/240  19049.8 ms
block 50/80 - 148/240  19047.3 ms
block 51/80 - 151/240  19043.7 ms
block 52/80 - 154/240  19052.4 ms
block 53/80 - 157/240  19046.6 ms
block 54/80 - 160/240  19061.9 ms
block 55/80 - 163/240  19045.8 ms
block 56/80 - 166/240  19040.8 ms
block 57/80 - 169/240  19047.0 ms
block 58/80 - 172/240  19055.9 ms
block 59/80 - 175/240  19057.5 ms
block 60/80 - 178/240  19064.0 ms
block 61/80 - 181/240  19054.8 ms
block 62/80 - 184/240  19060.0 ms
block 63/80 - 187/240  19044.4 ms
block 64/80 - 190/240  19048.6 ms
block 65/80 - 193/240  19044.9 ms
block 66/80 - 196/240  19050.2 ms
block 67/80 - 199/240  19053.4 ms
block 68/80 - 202/240  19047.9 ms
block 69/80 - 205/240  19052.4 ms
block 70/80 - 208/240  19055.3 ms
block 71/80 - 211/240  19046.4 ms
block 72/80 - 214/240  19042.7 ms
block 73/80 - 217/240  19045.2 ms
block 74/80 - 220/240  19047.5 ms
block 75/80 - 223/240  19042.2 ms
block 76/80 - 226/240  19219.1 ms
block 77/80 - 229/240  19084.2 ms
block 78/80 - 232/240  19153.1 ms
block 79/80 - 235/240  19052.8 ms
block 80/80 - 238/240  19071.3 ms
[84/128] elapsed=156.0m  avg=111.4s/prompt  eta=81.7m
block 1/80 - 1/240  17839.0 ms
block 2/80 - 4/240  17003.7 ms
block 3/80 - 7/240  17607.5 ms
block 4/80 - 10/240  18121.9 ms
block 5/80 - 13/240  18225.4 ms
block 6/80 - 16/240  18702.5 ms
block 7/80 - 19/240  18696.9 ms
block 8/80 - 22/240  18795.5 ms
block 9/80 - 25/240  18803.1 ms
block 10/80 - 28/240  18801.4 ms
block 11/80 - 31/240  18861.6 ms
block 12/80 - 34/240  18934.9 ms
block 13/80 - 37/240  19038.0 ms
block 14/80 - 40/240  19038.3 ms
block 15/80 - 43/240  19041.1 ms
block 16/80 - 46/240  19039.2 ms
block 17/80 - 49/240  19049.7 ms
block 18/80 - 52/240  19045.6 ms
block 19/80 - 55/240  19041.5 ms
block 20/80 - 58/240  19054.2 ms
block 21/80 - 61/240  19133.2 ms
block 22/80 - 64/240  19039.8 ms
block 23/80 - 67/240  19104.1 ms
block 24/80 - 70/240  19041.6 ms
block 25/80 - 73/240  19117.2 ms
block 26/80 - 76/240  19045.3 ms
block 27/80 - 79/240  19101.2 ms
block 28/80 - 82/240  19044.3 ms
block 29/80 - 85/240  19101.1 ms
block 30/80 - 88/240  19099.6 ms
block 31/80 - 91/240  19106.6 ms
block 32/80 - 94/240  19047.9 ms
block 33/80 - 97/240  19043.2 ms
block 34/80 - 100/240  19105.0 ms
block 35/80 - 103/240  19044.4 ms
block 36/80 - 106/240  19047.7 ms
block 37/80 - 109/240  19054.5 ms
block 38/80 - 112/240  19047.1 ms
block 39/80 - 115/240  19041.6 ms
block 40/80 - 118/240  19095.0 ms
block 41/80 - 121/240  19044.3 ms
block 42/80 - 124/240  19057.7 ms
block 43/80 - 127/240  19039.8 ms
block 44/80 - 130/240  19041.0 ms
block 45/80 - 133/240  19047.4 ms
block 46/80 - 136/240  19047.2 ms
block 47/80 - 139/240  19047.4 ms
block 48/80 - 142/240  19044.7 ms
block 49/80 - 145/240  19043.0 ms
block 50/80 - 148/240  19043.8 ms
block 51/80 - 151/240  19047.1 ms
block 52/80 - 154/240  19048.5 ms
block 53/80 - 157/240  19047.7 ms
block 54/80 - 160/240  19046.1 ms
block 55/80 - 163/240  19046.7 ms
block 56/80 - 166/240  19036.1 ms
block 57/80 - 169/240  19037.8 ms
block 58/80 - 172/240  19045.8 ms
block 59/80 - 175/240  19068.3 ms
block 60/80 - 178/240  19045.4 ms
block 61/80 - 181/240  19042.9 ms
block 62/80 - 184/240  19040.8 ms
block 63/80 - 187/240  19056.0 ms
block 64/80 - 190/240  19044.1 ms
block 65/80 - 193/240  19045.9 ms
block 66/80 - 196/240  19043.0 ms
block 67/80 - 199/240  19048.4 ms
block 68/80 - 202/240  19055.9 ms
block 69/80 - 205/240  19043.9 ms
block 70/80 - 208/240  19038.5 ms
block 71/80 - 211/240  19034.1 ms
block 72/80 - 214/240  19037.8 ms
block 73/80 - 217/240  19048.0 ms
block 74/80 - 220/240  19047.9 ms
block 75/80 - 223/240  19050.6 ms
block 76/80 - 226/240  19050.1 ms
block 77/80 - 229/240  19054.1 ms
block 78/80 - 232/240  19048.3 ms
block 79/80 - 235/240  19052.9 ms
block 80/80 - 238/240  19058.4 ms
[100/128] elapsed=181.3m  avg=108.8s/prompt  eta=50.8m
block 1/80 - 1/240  17335.9 ms
block 2/80 - 4/240  16956.4 ms
block 3/80 - 7/240  17322.8 ms
block 4/80 - 10/240  17841.5 ms
block 5/80 - 13/240  18153.4 ms
block 6/80 - 16/240  18614.7 ms
block 7/80 - 19/240  18685.5 ms
block 8/80 - 22/240  18693.7 ms
block 9/80 - 25/240  18765.4 ms
block 10/80 - 28/240  18773.1 ms
block 11/80 - 31/240  18843.3 ms
block 12/80 - 34/240  18843.9 ms
block 13/80 - 37/240  19033.2 ms
block 14/80 - 40/240  19033.3 ms
block 15/80 - 43/240  19036.6 ms
block 16/80 - 46/240  19042.1 ms
block 17/80 - 49/240  19042.4 ms
block 18/80 - 52/240  19048.4 ms
block 19/80 - 55/240  19038.1 ms
block 20/80 - 58/240  19040.2 ms
block 21/80 - 61/240  19041.9 ms
block 22/80 - 64/240  19039.5 ms
block 23/80 - 67/240  19042.2 ms
block 24/80 - 70/240  19046.2 ms
block 25/80 - 73/240  19044.7 ms
block 26/80 - 76/240  19040.5 ms
block 27/80 - 79/240  19047.1 ms
block 28/80 - 82/240  19036.2 ms
block 29/80 - 85/240  19039.2 ms
block 30/80 - 88/240  19051.9 ms
block 31/80 - 91/240  19043.6 ms
block 32/80 - 94/240  19041.0 ms
block 33/80 - 97/240  19039.6 ms
block 34/80 - 100/240  19048.8 ms
block 35/80 - 103/240  19042.1 ms
block 36/80 - 106/240  19044.7 ms
block 37/80 - 109/240  19045.6 ms
block 38/80 - 112/240  19039.2 ms
block 39/80 - 115/240  19038.6 ms
block 40/80 - 118/240  19040.5 ms
block 41/80 - 121/240  19038.9 ms
block 42/80 - 124/240  19046.8 ms
block 43/80 - 127/240  19041.7 ms
block 44/80 - 130/240  19043.7 ms
block 45/80 - 133/240  19046.6 ms
block 46/80 - 136/240  19044.4 ms
block 47/80 - 139/240  19037.1 ms
block 48/80 - 142/240  19040.0 ms
block 49/80 - 145/240  19049.4 ms
block 50/80 - 148/240  19043.1 ms
block 51/80 - 151/240  19048.5 ms
block 52/80 - 154/240  19036.2 ms
block 53/80 - 157/240  19046.2 ms
block 54/80 - 160/240  19046.9 ms
block 55/80 - 163/240  19050.6 ms
block 56/80 - 166/240  19065.7 ms
block 57/80 - 169/240  19058.5 ms
block 58/80 - 172/240  19047.2 ms
block 59/80 - 175/240  19049.8 ms
block 60/80 - 178/240  19048.0 ms
block 61/80 - 181/240  19051.4 ms
block 62/80 - 184/240  19043.1 ms
block 63/80 - 187/240  19044.8 ms
block 64/80 - 190/240  19047.6 ms
block 65/80 - 193/240  19040.5 ms
block 66/80 - 196/240  19120.5 ms
block 67/80 - 199/240  19051.9 ms
block 68/80 - 202/240  19042.4 ms
block 69/80 - 205/240  19050.7 ms
block 70/80 - 208/240  19053.9 ms
block 71/80 - 211/240  19054.0 ms
block 72/80 - 214/240  19053.2 ms
block 73/80 - 217/240  19046.1 ms
block 74/80 - 220/240  19058.6 ms
block 75/80 - 223/240  19043.2 ms
block 76/80 - 226/240  19044.9 ms
block 77/80 - 229/240  19043.5 ms
block 78/80 - 232/240  19048.4 ms
block 79/80 - 235/240  19038.9 ms
block 80/80 - 238/240  19045.7 ms
[116/128] elapsed=206.6m  avg=106.8s/prompt  eta=21.4m
