Running on a single GPU (cuda); skipping NCCL initialization.
Free VRAM 93.9398193359375 GB
Loading CUDA extension (first run compiles ~60s; cached run ~3s)...
CUDA extension ready in 143.1s.
[CacheCompatibilityPolicy] recent=20:0 coverage=21:360 episode=22:0 coverage_policy=retrieval budget=9FFE read_budget=9FFE owner=HeadComposition
KV inference with 3 frames per block
Number of prompts: 128
Prompt index range: [0, 128)
Loading PyramidKV config from /apdcephfs_gy2/share_303214315/cedricnie/develop/training-free/runs/v182_structured_coverage/inputs/maps/all_coverage_retrieval.csv
block 1/80 - 1/240  265272.5 ms
block 2/80 - 4/240  16808.0 ms
block 3/80 - 7/240  17504.4 ms
block 4/80 - 10/240  17760.6 ms
block 5/80 - 13/240  18146.8 ms
block 6/80 - 16/240  18698.2 ms
block 7/80 - 19/240  18708.8 ms
block 8/80 - 22/240  18755.3 ms
block 9/80 - 25/240  18794.9 ms
block 10/80 - 28/240  18832.7 ms
block 11/80 - 31/240  18857.0 ms
block 12/80 - 34/240  18883.1 ms
block 13/80 - 37/240  19024.7 ms
block 14/80 - 40/240  19027.3 ms
block 15/80 - 43/240  19026.6 ms
block 16/80 - 46/240  19026.6 ms
block 17/80 - 49/240  19041.7 ms
block 18/80 - 52/240  19030.0 ms
block 19/80 - 55/240  19023.6 ms
block 20/80 - 58/240  19025.7 ms
block 21/80 - 61/240  19026.7 ms
block 22/80 - 64/240  19022.7 ms
block 23/80 - 67/240  19025.2 ms
block 24/80 - 70/240  19028.2 ms
block 25/80 - 73/240  19052.3 ms
block 26/80 - 76/240  19038.0 ms
block 27/80 - 79/240  19036.7 ms
block 28/80 - 82/240  19050.5 ms
block 29/80 - 85/240  19119.2 ms
block 30/80 - 88/240  19029.2 ms
block 31/80 - 91/240  19030.0 ms
block 32/80 - 94/240  19031.2 ms
block 33/80 - 97/240  19033.7 ms
block 34/80 - 100/240  19107.9 ms
block 35/80 - 103/240  19046.0 ms
block 36/80 - 106/240  19051.8 ms
block 37/80 - 109/240  19041.5 ms
block 38/80 - 112/240  19035.8 ms
block 39/80 - 115/240  19028.2 ms
block 40/80 - 118/240  19028.5 ms
block 41/80 - 121/240  19046.1 ms
block 42/80 - 124/240  19048.2 ms
block 43/80 - 127/240  19027.4 ms
block 44/80 - 130/240  19047.0 ms
block 45/80 - 133/240  19029.5 ms
block 46/80 - 136/240  19049.8 ms
block 47/80 - 139/240  19041.1 ms
block 48/80 - 142/240  19045.9 ms
block 49/80 - 145/240  19046.6 ms
block 50/80 - 148/240  19037.6 ms
block 51/80 - 151/240  19035.9 ms
block 52/80 - 154/240  19036.0 ms
block 53/80 - 157/240  19032.8 ms
block 54/80 - 160/240  19037.3 ms
block 55/80 - 163/240  19035.9 ms
block 56/80 - 166/240  19026.3 ms
block 57/80 - 169/240  19030.1 ms
block 58/80 - 172/240  19034.5 ms
block 59/80 - 175/240  19030.0 ms
block 60/80 - 178/240  19037.4 ms
block 61/80 - 181/240  19042.7 ms
block 62/80 - 184/240  19036.0 ms
block 63/80 - 187/240  19034.5 ms
block 64/80 - 190/240  19034.3 ms
block 65/80 - 193/240  19031.1 ms
block 66/80 - 196/240  19036.4 ms
block 67/80 - 199/240  19032.1 ms
block 68/80 - 202/240  19040.7 ms
block 69/80 - 205/240  19041.5 ms
block 70/80 - 208/240  19047.7 ms
block 71/80 - 211/240  19039.1 ms
block 72/80 - 214/240  19096.2 ms
block 73/80 - 217/240  19044.5 ms
block 74/80 - 220/240  19031.8 ms
block 75/80 - 223/240  19041.2 ms
block 76/80 - 226/240  19030.2 ms
block 77/80 - 229/240  19032.0 ms
block 78/80 - 232/240  19030.9 ms
block 79/80 - 235/240  19033.4 ms
block 80/80 - 238/240  19039.9 ms
[6/128] elapsed=29.7m  avg=296.7s/prompt  eta=603.2m
/apdcephfs_gy2/share_303214315/cedricnie/miniconda3/envs/longlive/lib/python3.10/site-packages/torchvision/io/_video_deprecation_warning.py:9: UserWarning: The video decoding and encoding capabilities of torchvision are deprecated from version 0.22 and will be removed in version 0.24. We recommend that you migrate to TorchCodec, where we'll consolidate the future decoding/encoding capabilities of PyTorch: https://github.com/pytorch/torchcodec
  warnings.warn(
block 1/80 - 1/240  17915.4 ms
block 2/80 - 4/240  16940.7 ms
block 3/80 - 7/240  17397.6 ms
block 4/80 - 10/240  17744.2 ms
block 5/80 - 13/240  18138.0 ms
block 6/80 - 16/240  18608.2 ms
block 7/80 - 19/240  18997.1 ms
block 8/80 - 22/240  18673.5 ms
block 9/80 - 25/240  18750.5 ms
block 10/80 - 28/240  18765.8 ms
block 11/80 - 31/240  18825.3 ms
block 12/80 - 34/240  18840.4 ms
block 13/80 - 37/240  19034.3 ms
block 14/80 - 40/240  19036.2 ms
block 15/80 - 43/240  19028.4 ms
block 16/80 - 46/240  19027.3 ms
block 17/80 - 49/240  19027.2 ms
block 18/80 - 52/240  19023.8 ms
block 19/80 - 55/240  19024.2 ms
block 20/80 - 58/240  19034.3 ms
block 21/80 - 61/240  19021.1 ms
block 22/80 - 64/240  19021.9 ms
block 23/80 - 67/240  19027.7 ms
block 24/80 - 70/240  19036.9 ms
block 25/80 - 73/240  19043.1 ms
block 26/80 - 76/240  19029.7 ms
block 27/80 - 79/240  19030.0 ms
block 28/80 - 82/240  19025.9 ms
block 29/80 - 85/240  19030.4 ms
block 30/80 - 88/240  19037.9 ms
block 31/80 - 91/240  19030.1 ms
block 32/80 - 94/240  19036.8 ms
block 33/80 - 97/240  19036.6 ms
block 34/80 - 100/240  19035.7 ms
block 35/80 - 103/240  19024.8 ms
block 36/80 - 106/240  19030.1 ms
block 37/80 - 109/240  19029.9 ms
block 38/80 - 112/240  19035.8 ms
block 39/80 - 115/240  19034.8 ms
block 40/80 - 118/240  19043.3 ms
block 41/80 - 121/240  19056.3 ms
block 42/80 - 124/240  19195.6 ms
block 43/80 - 127/240  19048.7 ms
block 44/80 - 130/240  19140.1 ms
block 45/80 - 133/240  19029.2 ms
block 46/80 - 136/240  19053.7 ms
block 47/80 - 139/240  19029.3 ms
block 48/80 - 142/240  19040.4 ms
block 49/80 - 145/240  19041.0 ms
block 50/80 - 148/240  19031.2 ms
block 51/80 - 151/240  19121.3 ms
block 52/80 - 154/240  19030.3 ms
block 53/80 - 157/240  19030.1 ms
block 54/80 - 160/240  19029.7 ms
block 55/80 - 163/240  19029.0 ms
block 56/80 - 166/240  19032.7 ms
block 57/80 - 169/240  19035.9 ms
block 58/80 - 172/240  19033.1 ms
block 59/80 - 175/240  19034.3 ms
block 60/80 - 178/240  19036.9 ms
block 61/80 - 181/240  19066.3 ms
block 62/80 - 184/240  19037.3 ms
block 63/80 - 187/240  19035.7 ms
block 64/80 - 190/240  19033.6 ms
block 65/80 - 193/240  19030.9 ms
block 66/80 - 196/240  19054.6 ms
block 67/80 - 199/240  19035.4 ms
block 68/80 - 202/240  19033.2 ms
block 69/80 - 205/240  19046.5 ms
block 70/80 - 208/240  19036.3 ms
block 71/80 - 211/240  19028.3 ms
block 72/80 - 214/240  19033.5 ms
block 73/80 - 217/240  19045.4 ms
block 74/80 - 220/240  19039.8 ms
block 75/80 - 223/240  19039.2 ms
block 76/80 - 226/240  19035.1 ms
block 77/80 - 229/240  19035.1 ms
block 78/80 - 232/240  19034.1 ms
block 79/80 - 235/240  19045.0 ms
block 80/80 - 238/240  19037.2 ms
[22/128] elapsed=54.9m  avg=149.8s/prompt  eta=264.7m
block 1/80 - 1/240  17452.7 ms
block 2/80 - 4/240  16939.6 ms
block 3/80 - 7/240  17377.3 ms
block 4/80 - 10/240  17742.2 ms
block 5/80 - 13/240  18141.3 ms
block 6/80 - 16/240  18615.4 ms
block 7/80 - 19/240  18671.9 ms
block 8/80 - 22/240  18671.5 ms
block 9/80 - 25/240  18746.2 ms
block 10/80 - 28/240  18757.3 ms
block 11/80 - 31/240  18825.1 ms
block 12/80 - 34/240  18830.5 ms
block 13/80 - 37/240  19032.3 ms
block 14/80 - 40/240  19021.9 ms
block 15/80 - 43/240  19036.4 ms
block 16/80 - 46/240  19038.7 ms
block 17/80 - 49/240  19032.5 ms
block 18/80 - 52/240  19030.3 ms
block 19/80 - 55/240  19041.4 ms
block 20/80 - 58/240  19028.5 ms
block 21/80 - 61/240  19028.0 ms
block 22/80 - 64/240  19034.2 ms
block 23/80 - 67/240  19038.0 ms
block 24/80 - 70/240  19038.8 ms
block 25/80 - 73/240  19035.5 ms
block 26/80 - 76/240  19033.0 ms
block 27/80 - 79/240  19046.6 ms
block 28/80 - 82/240  19033.7 ms
block 29/80 - 85/240  19034.8 ms
block 30/80 - 88/240  19036.3 ms
block 31/80 - 91/240  19044.6 ms
block 32/80 - 94/240  19029.1 ms
block 33/80 - 97/240  19044.6 ms
block 34/80 - 100/240  19035.3 ms
block 35/80 - 103/240  19034.8 ms
block 36/80 - 106/240  19054.2 ms
block 37/80 - 109/240  19032.6 ms
block 38/80 - 112/240  19052.5 ms
block 39/80 - 115/240  19029.2 ms
block 40/80 - 118/240  19052.0 ms
block 41/80 - 121/240  19036.4 ms
block 42/80 - 124/240  19032.8 ms
block 43/80 - 127/240  19036.7 ms
block 44/80 - 130/240  19041.7 ms
block 45/80 - 133/240  19040.2 ms
block 46/80 - 136/240  19032.8 ms
block 47/80 - 139/240  19040.5 ms
block 48/80 - 142/240  19034.2 ms
block 49/80 - 145/240  19048.8 ms
block 50/80 - 148/240  19043.1 ms
block 51/80 - 151/240  19038.3 ms
block 52/80 - 154/240  19037.9 ms
block 53/80 - 157/240  19047.9 ms
block 54/80 - 160/240  19046.5 ms
block 55/80 - 163/240  19040.4 ms
block 56/80 - 166/240  19037.2 ms
block 57/80 - 169/240  19043.6 ms
block 58/80 - 172/240  19035.6 ms
block 59/80 - 175/240  19035.5 ms
block 60/80 - 178/240  19041.0 ms
block 61/80 - 181/240  19051.7 ms
block 62/80 - 184/240  19038.3 ms
block 63/80 - 187/240  19034.1 ms
block 64/80 - 190/240  19036.6 ms
block 65/80 - 193/240  19037.4 ms
block 66/80 - 196/240  19046.9 ms
block 67/80 - 199/240  19038.4 ms
block 68/80 - 202/240  19043.6 ms
block 69/80 - 205/240  19035.6 ms
block 70/80 - 208/240  19034.5 ms
block 71/80 - 211/240  19033.4 ms
block 72/80 - 214/240  19035.4 ms
block 73/80 - 217/240  19045.3 ms
block 74/80 - 220/240  19036.4 ms
block 75/80 - 223/240  19049.8 ms
block 76/80 - 226/240  19034.8 ms
block 77/80 - 229/240  19036.1 ms
block 78/80 - 232/240  19037.0 ms
block 79/80 - 235/240  19038.4 ms
block 80/80 - 238/240  19032.7 ms
[38/128] elapsed=80.2m  avg=126.6s/prompt  eta=189.9m
block 1/80 - 1/240  17363.8 ms
block 2/80 - 4/240  17214.4 ms
block 3/80 - 7/240  17310.5 ms
block 4/80 - 10/240  17742.3 ms
block 5/80 - 13/240  18139.2 ms
block 6/80 - 16/240  18615.8 ms
block 7/80 - 19/240  18671.6 ms
block 8/80 - 22/240  18675.4 ms
block 9/80 - 25/240  18755.4 ms
block 10/80 - 28/240  18756.1 ms
block 11/80 - 31/240  18828.1 ms
block 12/80 - 34/240  18827.9 ms
block 13/80 - 37/240  19030.6 ms
block 14/80 - 40/240  19027.4 ms
block 15/80 - 43/240  19092.8 ms
block 16/80 - 46/240  19017.6 ms
block 17/80 - 49/240  19031.0 ms
block 18/80 - 52/240  19039.2 ms
block 19/80 - 55/240  19034.4 ms
block 20/80 - 58/240  19031.2 ms
block 21/80 - 61/240  19028.2 ms
block 22/80 - 64/240  19033.5 ms
block 23/80 - 67/240  19032.0 ms
block 24/80 - 70/240  19039.2 ms
block 25/80 - 73/240  19032.9 ms
block 26/80 - 76/240  19035.0 ms
block 27/80 - 79/240  19083.6 ms
block 28/80 - 82/240  19031.9 ms
block 29/80 - 85/240  19035.5 ms
block 30/80 - 88/240  19039.5 ms
block 31/80 - 91/240  19024.4 ms
block 32/80 - 94/240  19021.5 ms
block 33/80 - 97/240  19020.4 ms
block 34/80 - 100/240  19023.2 ms
block 35/80 - 103/240  19037.1 ms
block 36/80 - 106/240  19029.4 ms
block 37/80 - 109/240  19040.2 ms
block 38/80 - 112/240  19033.3 ms
block 39/80 - 115/240  19026.7 ms
block 40/80 - 118/240  19048.9 ms
block 41/80 - 121/240  19043.2 ms
block 42/80 - 124/240  19030.1 ms
block 43/80 - 127/240  19031.9 ms
block 44/80 - 130/240  19035.5 ms
block 45/80 - 133/240  19027.1 ms
block 46/80 - 136/240  19035.8 ms
block 47/80 - 139/240  19032.3 ms
block 48/80 - 142/240  19030.9 ms
block 49/80 - 145/240  19041.0 ms
block 50/80 - 148/240  19039.7 ms
block 51/80 - 151/240  19038.2 ms
block 52/80 - 154/240  19076.9 ms
block 53/80 - 157/240  19029.5 ms
block 54/80 - 160/240  19036.8 ms
block 55/80 - 163/240  19029.4 ms
block 56/80 - 166/240  19026.4 ms
block 57/80 - 169/240  19057.8 ms
block 58/80 - 172/240  19038.4 ms
block 59/80 - 175/240  19036.4 ms
block 60/80 - 178/240  19036.2 ms
block 61/80 - 181/240  19074.5 ms
block 62/80 - 184/240  19035.1 ms
block 63/80 - 187/240  19051.4 ms
block 64/80 - 190/240  19047.7 ms
block 65/80 - 193/240  19033.0 ms
block 66/80 - 196/240  19032.8 ms
block 67/80 - 199/240  19030.8 ms
block 68/80 - 202/240  19041.5 ms
block 69/80 - 205/240  19051.8 ms
block 70/80 - 208/240  19034.2 ms
block 71/80 - 211/240  19036.2 ms
block 72/80 - 214/240  19034.1 ms
block 73/80 - 217/240  19037.8 ms
block 74/80 - 220/240  19039.8 ms
block 75/80 - 223/240  19035.7 ms
block 76/80 - 226/240  19035.8 ms
block 77/80 - 229/240  19033.6 ms
block 78/80 - 232/240  19058.2 ms
block 79/80 - 235/240  19027.4 ms
block 80/80 - 238/240  19039.1 ms
[54/128] elapsed=105.4m  avg=117.2s/prompt  eta=144.5m
block 1/80 - 1/240  17457.5 ms
block 2/80 - 4/240  16943.0 ms
block 3/80 - 7/240  17305.1 ms
block 4/80 - 10/240  17745.3 ms
block 5/80 - 13/240  18139.0 ms
block 6/80 - 16/240  18607.7 ms
block 7/80 - 19/240  18669.6 ms
block 8/80 - 22/240  18677.3 ms
block 9/80 - 25/240  18751.5 ms
block 10/80 - 28/240  18751.8 ms
block 11/80 - 31/240  18824.5 ms
block 12/80 - 34/240  19121.6 ms
block 13/80 - 37/240  19028.6 ms
block 14/80 - 40/240  19019.7 ms
block 15/80 - 43/240  19024.2 ms
block 16/80 - 46/240  19024.8 ms
block 17/80 - 49/240  19027.8 ms
block 18/80 - 52/240  19031.7 ms
block 19/80 - 55/240  19026.2 ms
block 20/80 - 58/240  19042.9 ms
block 21/80 - 61/240  19036.6 ms
block 22/80 - 64/240  19043.8 ms
block 23/80 - 67/240  19024.4 ms
block 24/80 - 70/240  19022.9 ms
block 25/80 - 73/240  19040.1 ms
block 26/80 - 76/240  19029.0 ms
block 27/80 - 79/240  19036.5 ms
block 28/80 - 82/240  19033.2 ms
block 29/80 - 85/240  19039.0 ms
block 30/80 - 88/240  19027.7 ms
block 31/80 - 91/240  19034.5 ms
block 32/80 - 94/240  19032.5 ms
block 33/80 - 97/240  19028.3 ms
block 34/80 - 100/240  19025.9 ms
block 35/80 - 103/240  19033.1 ms
block 36/80 - 106/240  19031.9 ms
block 37/80 - 109/240  19033.4 ms
block 38/80 - 112/240  19041.2 ms
block 39/80 - 115/240  19028.0 ms
block 40/80 - 118/240  19024.1 ms
block 41/80 - 121/240  19036.4 ms
block 42/80 - 124/240  19031.0 ms
block 43/80 - 127/240  19045.9 ms
block 44/80 - 130/240  19046.8 ms
block 45/80 - 133/240  19031.2 ms
block 46/80 - 136/240  19040.1 ms
block 47/80 - 139/240  19045.4 ms
block 48/80 - 142/240  19061.0 ms
block 49/80 - 145/240  19032.0 ms
block 50/80 - 148/240  19035.7 ms
block 51/80 - 151/240  19040.8 ms
block 52/80 - 154/240  19030.8 ms
block 53/80 - 157/240  19031.2 ms
block 54/80 - 160/240  19034.7 ms
block 55/80 - 163/240  19038.5 ms
block 56/80 - 166/240  19035.3 ms
block 57/80 - 169/240  19039.6 ms
block 58/80 - 172/240  19037.5 ms
block 59/80 - 175/240  19033.0 ms
block 60/80 - 178/240  19036.3 ms
block 61/80 - 181/240  19032.3 ms
block 62/80 - 184/240  19032.6 ms
block 63/80 - 187/240  19042.8 ms
block 64/80 - 190/240  19048.4 ms
block 65/80 - 193/240  19040.3 ms
block 66/80 - 196/240  19040.2 ms
block 67/80 - 199/240  19036.5 ms
block 68/80 - 202/240  19042.1 ms
block 69/80 - 205/240  19026.8 ms
block 70/80 - 208/240  19028.6 ms
block 71/80 - 211/240  19031.0 ms
block 72/80 - 214/240  19040.4 ms
block 73/80 - 217/240  19032.9 ms
block 74/80 - 220/240  19061.7 ms
block 75/80 - 223/240  19031.3 ms
block 76/80 - 226/240  19019.3 ms
block 77/80 - 229/240  19059.0 ms
block 78/80 - 232/240  19042.0 ms
block 79/80 - 235/240  19041.2 ms
block 80/80 - 238/240  19025.2 ms
[70/128] elapsed=130.7m  avg=112.0s/prompt  eta=108.3m
block 1/80 - 1/240  17465.9 ms
block 2/80 - 4/240  16943.5 ms
block 3/80 - 7/240  17298.8 ms
block 4/80 - 10/240  17744.1 ms
block 5/80 - 13/240  18136.3 ms
block 6/80 - 16/240  18605.1 ms
block 7/80 - 19/240  18668.6 ms
block 8/80 - 22/240  18674.7 ms
block 9/80 - 25/240  18744.7 ms
block 10/80 - 28/240  18771.8 ms
block 11/80 - 31/240  18823.2 ms
block 12/80 - 34/240  18825.6 ms
block 13/80 - 37/240  19024.8 ms
block 14/80 - 40/240  19026.4 ms
block 15/80 - 43/240  19023.1 ms
block 16/80 - 46/240  19035.7 ms
block 17/80 - 49/240  19020.8 ms
block 18/80 - 52/240  19032.3 ms
block 19/80 - 55/240  19023.9 ms
block 20/80 - 58/240  19034.9 ms
block 21/80 - 61/240  19025.5 ms
block 22/80 - 64/240  19023.8 ms
block 23/80 - 67/240  19026.2 ms
block 24/80 - 70/240  19028.6 ms
block 25/80 - 73/240  19032.6 ms
block 26/80 - 76/240  19032.8 ms
block 27/80 - 79/240  19023.8 ms
block 28/80 - 82/240  19038.4 ms
block 29/80 - 85/240  19028.2 ms
block 30/80 - 88/240  19028.6 ms
block 31/80 - 91/240  19031.1 ms
block 32/80 - 94/240  19031.0 ms
block 33/80 - 97/240  19032.5 ms
block 34/80 - 100/240  19067.7 ms
block 35/80 - 103/240  19031.8 ms
block 36/80 - 106/240  19025.9 ms
block 37/80 - 109/240  19023.3 ms
block 38/80 - 112/240  19029.2 ms
block 39/80 - 115/240  19028.4 ms
block 40/80 - 118/240  19037.5 ms
block 41/80 - 121/240  19034.9 ms
block 42/80 - 124/240  19034.9 ms
block 43/80 - 127/240  19032.3 ms
block 44/80 - 130/240  19044.8 ms
block 45/80 - 133/240  19035.5 ms
block 46/80 - 136/240  19033.5 ms
block 47/80 - 139/240  19047.7 ms
block 48/80 - 142/240  19033.4 ms
block 49/80 - 145/240  19026.9 ms
block 50/80 - 148/240  19039.9 ms
block 51/80 - 151/240  19036.1 ms
block 52/80 - 154/240  19032.5 ms
block 53/80 - 157/240  19035.8 ms
block 54/80 - 160/240  19030.7 ms
block 55/80 - 163/240  19037.4 ms
block 56/80 - 166/240  19038.1 ms
block 57/80 - 169/240  19037.1 ms
block 58/80 - 172/240  19033.7 ms
block 59/80 - 175/240  19027.1 ms
block 60/80 - 178/240  19032.9 ms
block 61/80 - 181/240  19040.2 ms
block 62/80 - 184/240  19043.9 ms
block 63/80 - 187/240  19033.2 ms
block 64/80 - 190/240  19035.7 ms
block 65/80 - 193/240  19047.3 ms
block 66/80 - 196/240  19042.3 ms
block 67/80 - 199/240  19037.4 ms
block 68/80 - 202/240  19047.5 ms
block 69/80 - 205/240  19044.0 ms
block 70/80 - 208/240  19035.7 ms
block 71/80 - 211/240  19040.0 ms
block 72/80 - 214/240  19041.5 ms
block 73/80 - 217/240  19033.6 ms
block 74/80 - 220/240  19036.5 ms
block 75/80 - 223/240  19032.3 ms
block 76/80 - 226/240  19043.3 ms
block 77/80 - 229/240  19061.4 ms
block 78/80 - 232/240  19041.6 ms
block 79/80 - 235/240  19032.8 ms
block 80/80 - 238/240  19035.9 ms
[86/128] elapsed=155.9m  avg=108.8s/prompt  eta=76.2m
block 1/80 - 1/240  17882.1 ms
block 2/80 - 4/240  16990.6 ms
block 3/80 - 7/240  17306.6 ms
block 4/80 - 10/240  17867.1 ms
block 5/80 - 13/240  18163.2 ms
block 6/80 - 16/240  18688.0 ms
block 7/80 - 19/240  19048.5 ms
block 8/80 - 22/240  18768.0 ms
block 9/80 - 25/240  18750.2 ms
block 10/80 - 28/240  18847.6 ms
block 11/80 - 31/240  18872.7 ms
block 12/80 - 34/240  18886.8 ms
block 13/80 - 37/240  19033.3 ms
block 14/80 - 40/240  19035.6 ms
block 15/80 - 43/240  19026.0 ms
block 16/80 - 46/240  19035.3 ms
block 17/80 - 49/240  19038.7 ms
block 18/80 - 52/240  19037.0 ms
block 19/80 - 55/240  19036.1 ms
block 20/80 - 58/240  19033.3 ms
block 21/80 - 61/240  19036.3 ms
block 22/80 - 64/240  19030.3 ms
block 23/80 - 67/240  19033.3 ms
block 24/80 - 70/240  19028.3 ms
block 25/80 - 73/240  19008.3 ms
block 26/80 - 76/240  19009.8 ms
block 27/80 - 79/240  19034.4 ms
block 28/80 - 82/240  19034.2 ms
block 29/80 - 85/240  19010.3 ms
block 30/80 - 88/240  19012.8 ms
block 31/80 - 91/240  19033.3 ms
block 32/80 - 94/240  19039.8 ms
block 33/80 - 97/240  19035.0 ms
block 34/80 - 100/240  19009.3 ms
block 35/80 - 103/240  19035.6 ms
block 36/80 - 106/240  19027.8 ms
block 37/80 - 109/240  19050.0 ms
block 38/80 - 112/240  19036.9 ms
block 39/80 - 115/240  19036.2 ms
block 40/80 - 118/240  19133.3 ms
block 41/80 - 121/240  19058.2 ms
block 42/80 - 124/240  19122.8 ms
block 43/80 - 127/240  19033.6 ms
block 44/80 - 130/240  19060.2 ms
block 45/80 - 133/240  19031.9 ms
block 46/80 - 136/240  19033.5 ms
block 47/80 - 139/240  19036.3 ms
block 48/80 - 142/240  19048.5 ms
block 49/80 - 145/240  19043.7 ms
block 50/80 - 148/240  19027.7 ms
block 51/80 - 151/240  19025.2 ms
block 52/80 - 154/240  19024.3 ms
block 53/80 - 157/240  19040.9 ms
block 54/80 - 160/240  19044.5 ms
block 55/80 - 163/240  19063.0 ms
block 56/80 - 166/240  19044.4 ms
block 57/80 - 169/240  19045.2 ms
block 58/80 - 172/240  19036.2 ms
block 59/80 - 175/240  19059.0 ms
block 60/80 - 178/240  19052.8 ms
block 61/80 - 181/240  19033.8 ms
block 62/80 - 184/240  19033.1 ms
block 63/80 - 187/240  19035.3 ms
block 64/80 - 190/240  19068.4 ms
block 65/80 - 193/240  19050.7 ms
block 66/80 - 196/240  19039.3 ms
block 67/80 - 199/240  19032.0 ms
block 68/80 - 202/240  19043.5 ms
block 69/80 - 205/240  19051.3 ms
block 70/80 - 208/240  19055.2 ms
block 71/80 - 211/240  19046.6 ms
block 72/80 - 214/240  19030.2 ms
block 73/80 - 217/240  19035.2 ms
block 74/80 - 220/240  19042.5 ms
block 75/80 - 223/240  19040.0 ms
block 76/80 - 226/240  19044.0 ms
block 77/80 - 229/240  19045.2 ms
block 78/80 - 232/240  19132.5 ms
block 79/80 - 235/240  19181.3 ms
block 80/80 - 238/240  19061.4 ms
[102/128] elapsed=181.2m  avg=106.6s/prompt  eta=46.2m
block 1/80 - 1/240  17381.3 ms
block 2/80 - 4/240  16939.9 ms
block 3/80 - 7/240  17296.9 ms
block 4/80 - 10/240  17742.5 ms
block 5/80 - 13/240  18137.1 ms
block 6/80 - 16/240  18611.0 ms
block 7/80 - 19/240  18669.3 ms
block 8/80 - 22/240  18674.2 ms
block 9/80 - 25/240  18747.4 ms
block 10/80 - 28/240  18745.6 ms
block 11/80 - 31/240  18822.2 ms
block 12/80 - 34/240  18817.5 ms
block 13/80 - 37/240  19028.7 ms
block 14/80 - 40/240  19023.0 ms
block 15/80 - 43/240  19026.9 ms
block 16/80 - 46/240  19051.7 ms
block 17/80 - 49/240  19026.7 ms
block 18/80 - 52/240  19038.0 ms
block 19/80 - 55/240  19030.1 ms
block 20/80 - 58/240  19032.6 ms
block 21/80 - 61/240  19026.7 ms
block 22/80 - 64/240  19028.1 ms
block 23/80 - 67/240  19033.6 ms
block 24/80 - 70/240  19029.4 ms
block 25/80 - 73/240  19034.4 ms
block 26/80 - 76/240  19026.5 ms
block 27/80 - 79/240  19043.1 ms
block 28/80 - 82/240  19039.9 ms
block 29/80 - 85/240  19041.3 ms
block 30/80 - 88/240  19050.3 ms
block 31/80 - 91/240  19032.1 ms
block 32/80 - 94/240  19031.2 ms
block 33/80 - 97/240  19032.4 ms
block 34/80 - 100/240  19028.6 ms
block 35/80 - 103/240  19031.0 ms
block 36/80 - 106/240  19030.0 ms
block 37/80 - 109/240  19031.1 ms
block 38/80 - 112/240  19031.0 ms
block 39/80 - 115/240  19081.7 ms
block 40/80 - 118/240  19038.5 ms
block 41/80 - 121/240  19041.5 ms
block 42/80 - 124/240  19032.6 ms
block 43/80 - 127/240  19027.8 ms
block 44/80 - 130/240  19028.8 ms
block 45/80 - 133/240  19035.7 ms
block 46/80 - 136/240  19031.5 ms
block 47/80 - 139/240  19036.5 ms
block 48/80 - 142/240  19047.0 ms
block 49/80 - 145/240  19033.0 ms
block 50/80 - 148/240  19042.5 ms
block 51/80 - 151/240  19030.5 ms
block 52/80 - 154/240  19034.5 ms
block 53/80 - 157/240  19034.7 ms
block 54/80 - 160/240  19045.2 ms
block 55/80 - 163/240  19036.6 ms
block 56/80 - 166/240  19036.8 ms
block 57/80 - 169/240  19047.2 ms
block 58/80 - 172/240  19043.5 ms
block 59/80 - 175/240  19039.2 ms
block 60/80 - 178/240  19026.2 ms
block 61/80 - 181/240  19033.2 ms
block 62/80 - 184/240  19031.1 ms
block 63/80 - 187/240  19034.3 ms
block 64/80 - 190/240  19042.2 ms
block 65/80 - 193/240  19048.9 ms
block 66/80 - 196/240  19037.9 ms
block 67/80 - 199/240  19032.4 ms
block 68/80 - 202/240  19038.1 ms
block 69/80 - 205/240  19031.7 ms
block 70/80 - 208/240  19036.8 ms
block 71/80 - 211/240  19034.2 ms
block 72/80 - 214/240  19031.7 ms
block 73/80 - 217/240  19040.6 ms
block 74/80 - 220/240  19032.7 ms
block 75/80 - 223/240  19041.7 ms
block 76/80 - 226/240  19035.5 ms
block 77/80 - 229/240  19038.7 ms
block 78/80 - 232/240  19033.4 ms
block 79/80 - 235/240  19040.9 ms
block 80/80 - 238/240  19037.8 ms
[118/128] elapsed=206.4m  avg=105.0s/prompt  eta=17.5m
