Running on a single GPU (cuda); skipping NCCL initialization.
Free VRAM 93.9398193359375 GB
Loading CUDA extension (first run compiles ~60s; cached run ~3s)...
CUDA extension ready in 143.0s.
[CacheCompatibilityPolicy] recent=20:0 coverage=21:360 episode=22:0 coverage_policy=retrieval budget=9FFE read_budget=9FFE owner=HeadComposition
KV inference with 3 frames per block
Number of prompts: 128
Prompt index range: [0, 128)
Loading PyramidKV config from /apdcephfs_gy2/share_303214315/cedricnie/develop/training-free/runs/v182_structured_coverage/inputs/maps/all_coverage_retrieval.csv
block 1/80 - 1/240  265267.1 ms
block 2/80 - 4/240  16831.8 ms
block 3/80 - 7/240  17602.1 ms
block 4/80 - 10/240  17784.0 ms
block 5/80 - 13/240  18162.2 ms
block 6/80 - 16/240  18727.5 ms
block 7/80 - 19/240  18736.6 ms
block 8/80 - 22/240  18783.5 ms
block 9/80 - 25/240  18805.6 ms
block 10/80 - 28/240  18896.7 ms
block 11/80 - 31/240  18904.2 ms
block 12/80 - 34/240  18911.5 ms
block 13/80 - 37/240  19054.3 ms
block 14/80 - 40/240  19055.7 ms
block 15/80 - 43/240  19056.5 ms
block 16/80 - 46/240  19054.8 ms
block 17/80 - 49/240  19058.5 ms
block 18/80 - 52/240  19064.2 ms
block 19/80 - 55/240  19085.4 ms
block 20/80 - 58/240  19062.2 ms
block 21/80 - 61/240  19061.1 ms
block 22/80 - 64/240  19061.4 ms
block 23/80 - 67/240  19060.7 ms
block 24/80 - 70/240  19063.3 ms
block 25/80 - 73/240  19085.1 ms
block 26/80 - 76/240  19076.8 ms
block 27/80 - 79/240  19071.2 ms
block 28/80 - 82/240  19075.4 ms
block 29/80 - 85/240  19064.4 ms
block 30/80 - 88/240  19084.5 ms
block 31/80 - 91/240  19052.1 ms
block 32/80 - 94/240  19095.3 ms
block 33/80 - 97/240  19095.7 ms
block 34/80 - 100/240  19041.2 ms
block 35/80 - 103/240  19039.9 ms
block 36/80 - 106/240  19038.3 ms
block 37/80 - 109/240  19036.3 ms
block 38/80 - 112/240  19037.2 ms
block 39/80 - 115/240  19034.9 ms
block 40/80 - 118/240  19045.0 ms
block 41/80 - 121/240  19087.5 ms
block 42/80 - 124/240  19113.9 ms
block 43/80 - 127/240  19108.6 ms
block 44/80 - 130/240  19130.1 ms
block 45/80 - 133/240  19119.8 ms
block 46/80 - 136/240  19096.5 ms
block 47/80 - 139/240  19087.0 ms
block 48/80 - 142/240  19091.5 ms
block 49/80 - 145/240  19075.0 ms
block 50/80 - 148/240  19085.5 ms
block 51/80 - 151/240  19088.3 ms
block 52/80 - 154/240  19075.9 ms
block 53/80 - 157/240  19071.0 ms
block 54/80 - 160/240  19080.9 ms
block 55/80 - 163/240  19086.1 ms
block 56/80 - 166/240  19087.3 ms
block 57/80 - 169/240  19101.4 ms
block 58/80 - 172/240  19077.9 ms
block 59/80 - 175/240  19096.2 ms
block 60/80 - 178/240  19094.3 ms
block 61/80 - 181/240  19051.3 ms
block 62/80 - 184/240  19101.2 ms
block 63/80 - 187/240  19110.4 ms
block 64/80 - 190/240  19098.0 ms
block 65/80 - 193/240  19087.2 ms
block 66/80 - 196/240  19090.9 ms
block 67/80 - 199/240  19101.0 ms
block 68/80 - 202/240  19279.8 ms
block 69/80 - 205/240  19143.3 ms
block 70/80 - 208/240  19100.0 ms
block 71/80 - 211/240  19121.4 ms
block 72/80 - 214/240  19105.4 ms
block 73/80 - 217/240  19091.6 ms
block 74/80 - 220/240  19105.7 ms
block 75/80 - 223/240  19093.6 ms
block 76/80 - 226/240  19083.1 ms
block 77/80 - 229/240  19097.5 ms
block 78/80 - 232/240  19099.2 ms
block 79/80 - 235/240  19096.3 ms
block 80/80 - 238/240  19083.5 ms
[7/128] elapsed=29.7m  avg=254.8s/prompt  eta=513.8m
/apdcephfs_gy2/share_303214315/cedricnie/miniconda3/envs/longlive/lib/python3.10/site-packages/torchvision/io/_video_deprecation_warning.py:9: UserWarning: The video decoding and encoding capabilities of torchvision are deprecated from version 0.22 and will be removed in version 0.24. We recommend that you migrate to TorchCodec, where we'll consolidate the future decoding/encoding capabilities of PyTorch: https://github.com/pytorch/torchcodec
  warnings.warn(
block 1/80 - 1/240  17401.8 ms
block 2/80 - 4/240  16967.4 ms
block 3/80 - 7/240  17404.3 ms
block 4/80 - 10/240  17769.0 ms
block 5/80 - 13/240  18167.8 ms
block 6/80 - 16/240  18690.7 ms
block 7/80 - 19/240  18974.4 ms
block 8/80 - 22/240  18711.2 ms
block 9/80 - 25/240  18776.9 ms
block 10/80 - 28/240  18791.9 ms
block 11/80 - 31/240  18853.8 ms
block 12/80 - 34/240  18903.0 ms
block 13/80 - 37/240  19056.1 ms
block 14/80 - 40/240  19054.2 ms
block 15/80 - 43/240  19057.2 ms
block 16/80 - 46/240  19095.0 ms
block 17/80 - 49/240  19065.2 ms
block 18/80 - 52/240  19078.0 ms
block 19/80 - 55/240  19082.2 ms
block 20/80 - 58/240  19082.8 ms
block 21/80 - 61/240  19092.4 ms
block 22/80 - 64/240  19083.1 ms
block 23/80 - 67/240  19083.9 ms
block 24/80 - 70/240  19073.1 ms
block 25/80 - 73/240  19099.5 ms
block 26/80 - 76/240  19110.9 ms
block 27/80 - 79/240  19107.9 ms
block 28/80 - 82/240  19080.0 ms
block 29/80 - 85/240  19087.1 ms
block 30/80 - 88/240  19099.9 ms
block 31/80 - 91/240  19087.3 ms
block 32/80 - 94/240  19094.4 ms
block 33/80 - 97/240  19107.0 ms
block 34/80 - 100/240  19106.4 ms
block 35/80 - 103/240  19110.3 ms
block 36/80 - 106/240  19124.1 ms
block 37/80 - 109/240  19105.8 ms
block 38/80 - 112/240  19077.8 ms
block 39/80 - 115/240  19094.6 ms
block 40/80 - 118/240  19104.2 ms
block 41/80 - 121/240  19113.1 ms
block 42/80 - 124/240  19087.8 ms
block 43/80 - 127/240  19114.3 ms
block 44/80 - 130/240  19127.1 ms
block 45/80 - 133/240  19126.1 ms
block 46/80 - 136/240  19125.4 ms
block 47/80 - 139/240  19056.1 ms
block 48/80 - 142/240  19053.7 ms
block 49/80 - 145/240  19084.3 ms
block 50/80 - 148/240  19085.9 ms
block 51/80 - 151/240  19050.4 ms
block 52/80 - 154/240  19060.9 ms
block 53/80 - 157/240  19121.5 ms
block 54/80 - 160/240  19134.7 ms
block 55/80 - 163/240  19073.1 ms
block 56/80 - 166/240  19121.5 ms
block 57/80 - 169/240  19161.0 ms
block 58/80 - 172/240  19138.6 ms
block 59/80 - 175/240  19128.0 ms
block 60/80 - 178/240  19146.2 ms
block 61/80 - 181/240  19132.6 ms
block 62/80 - 184/240  19129.5 ms
block 63/80 - 187/240  19130.8 ms
block 64/80 - 190/240  19136.4 ms
block 65/80 - 193/240  19113.4 ms
block 66/80 - 196/240  19110.8 ms
block 67/80 - 199/240  19131.6 ms
block 68/80 - 202/240  19128.2 ms
block 69/80 - 205/240  19127.5 ms
block 70/80 - 208/240  19149.0 ms
block 71/80 - 211/240  19120.7 ms
block 72/80 - 214/240  19123.1 ms
block 73/80 - 217/240  19129.6 ms
block 74/80 - 220/240  19128.7 ms
block 75/80 - 223/240  19131.6 ms
block 76/80 - 226/240  19129.8 ms
block 77/80 - 229/240  19122.9 ms
block 78/80 - 232/240  19132.0 ms
block 79/80 - 235/240  19118.5 ms
block 80/80 - 238/240  19042.3 ms
[23/128] elapsed=55.1m  avg=143.6s/prompt  eta=251.4m
block 1/80 - 1/240  17529.3 ms
block 2/80 - 4/240  16965.1 ms
block 3/80 - 7/240  17390.5 ms
block 4/80 - 10/240  17766.2 ms
block 5/80 - 13/240  18165.0 ms
block 6/80 - 16/240  18626.6 ms
block 7/80 - 19/240  18692.6 ms
block 8/80 - 22/240  18691.5 ms
block 9/80 - 25/240  18720.4 ms
block 10/80 - 28/240  18771.0 ms
block 11/80 - 31/240  18791.9 ms
block 12/80 - 34/240  18839.2 ms
block 13/80 - 37/240  19040.1 ms
block 14/80 - 40/240  19040.2 ms
block 15/80 - 43/240  19039.1 ms
block 16/80 - 46/240  19045.8 ms
block 17/80 - 49/240  19040.9 ms
block 18/80 - 52/240  19042.5 ms
block 19/80 - 55/240  19041.6 ms
block 20/80 - 58/240  19038.9 ms
block 21/80 - 61/240  19084.9 ms
block 22/80 - 64/240  19038.2 ms
block 23/80 - 67/240  19041.9 ms
block 24/80 - 70/240  19042.4 ms
block 25/80 - 73/240  19038.5 ms
block 26/80 - 76/240  19050.7 ms
block 27/80 - 79/240  19035.8 ms
block 28/80 - 82/240  19039.1 ms
block 29/80 - 85/240  19044.1 ms
block 30/80 - 88/240  19038.6 ms
block 31/80 - 91/240  19049.3 ms
block 32/80 - 94/240  19038.1 ms
block 33/80 - 97/240  19039.1 ms
block 34/80 - 100/240  19039.7 ms
block 35/80 - 103/240  19041.6 ms
block 36/80 - 106/240  19058.9 ms
block 37/80 - 109/240  19038.5 ms
block 38/80 - 112/240  19041.0 ms
block 39/80 - 115/240  19040.6 ms
block 40/80 - 118/240  19040.1 ms
block 41/80 - 121/240  19047.3 ms
block 42/80 - 124/240  19035.0 ms
block 43/80 - 127/240  19040.9 ms
block 44/80 - 130/240  19043.6 ms
block 45/80 - 133/240  19040.7 ms
block 46/80 - 136/240  19042.5 ms
block 47/80 - 139/240  19150.2 ms
block 48/80 - 142/240  19041.0 ms
block 49/80 - 145/240  19038.4 ms
block 50/80 - 148/240  19048.1 ms
block 51/80 - 151/240  19039.4 ms
block 52/80 - 154/240  19044.7 ms
block 53/80 - 157/240  19039.9 ms
block 54/80 - 160/240  19039.4 ms
block 55/80 - 163/240  19043.0 ms
block 56/80 - 166/240  19052.7 ms
block 57/80 - 169/240  19065.6 ms
block 58/80 - 172/240  19023.0 ms
block 59/80 - 175/240  19044.2 ms
block 60/80 - 178/240  19041.0 ms
block 61/80 - 181/240  19040.2 ms
block 62/80 - 184/240  19042.0 ms
block 63/80 - 187/240  19040.9 ms
block 64/80 - 190/240  19041.4 ms
block 65/80 - 193/240  19039.1 ms
block 66/80 - 196/240  19046.7 ms
block 67/80 - 199/240  19041.5 ms
block 68/80 - 202/240  19044.3 ms
block 69/80 - 205/240  19043.7 ms
block 70/80 - 208/240  19039.7 ms
block 71/80 - 211/240  19043.1 ms
block 72/80 - 214/240  19039.2 ms
block 73/80 - 217/240  19042.3 ms
block 74/80 - 220/240  19040.7 ms
block 75/80 - 223/240  19042.8 ms
block 76/80 - 226/240  19046.7 ms
block 77/80 - 229/240  19040.5 ms
block 78/80 - 232/240  19039.7 ms
block 79/80 - 235/240  19040.9 ms
block 80/80 - 238/240  19039.8 ms
[39/128] elapsed=80.3m  avg=123.6s/prompt  eta=183.3m
block 1/80 - 1/240  17341.9 ms
block 2/80 - 4/240  17242.2 ms
block 3/80 - 7/240  17413.8 ms
block 4/80 - 10/240  17767.6 ms
block 5/80 - 13/240  18163.4 ms
block 6/80 - 16/240  18668.1 ms
block 7/80 - 19/240  18699.6 ms
block 8/80 - 22/240  18715.6 ms
block 9/80 - 25/240  18773.0 ms
block 10/80 - 28/240  18787.3 ms
block 11/80 - 31/240  18851.8 ms
block 12/80 - 34/240  18878.7 ms
block 13/80 - 37/240  19059.5 ms
block 14/80 - 40/240  19071.2 ms
block 15/80 - 43/240  19053.8 ms
block 16/80 - 46/240  19055.2 ms
block 17/80 - 49/240  19053.0 ms
block 18/80 - 52/240  19048.8 ms
block 19/80 - 55/240  19074.5 ms
block 20/80 - 58/240  19094.6 ms
block 21/80 - 61/240  19108.5 ms
block 22/80 - 64/240  19120.2 ms
block 23/80 - 67/240  19106.6 ms
block 24/80 - 70/240  19122.3 ms
block 25/80 - 73/240  19124.1 ms
block 26/80 - 76/240  19083.3 ms
block 27/80 - 79/240  19096.4 ms
block 28/80 - 82/240  19121.4 ms
block 29/80 - 85/240  19115.3 ms
block 30/80 - 88/240  19112.4 ms
block 31/80 - 91/240  19114.8 ms
block 32/80 - 94/240  19118.5 ms
block 33/80 - 97/240  19116.1 ms
block 34/80 - 100/240  19063.9 ms
block 35/80 - 103/240  19117.6 ms
block 36/80 - 106/240  19095.1 ms
block 37/80 - 109/240  19118.1 ms
block 38/80 - 112/240  19141.1 ms
block 39/80 - 115/240  19119.0 ms
block 40/80 - 118/240  19143.6 ms
block 41/80 - 121/240  19082.1 ms
block 42/80 - 124/240  19127.6 ms
block 43/80 - 127/240  19107.4 ms
block 44/80 - 130/240  19114.6 ms
block 45/80 - 133/240  19121.9 ms
block 46/80 - 136/240  19137.9 ms
block 47/80 - 139/240  19110.1 ms
block 48/80 - 142/240  19116.8 ms
block 49/80 - 145/240  19116.3 ms
block 50/80 - 148/240  19108.3 ms
block 51/80 - 151/240  19120.5 ms
block 52/80 - 154/240  19120.0 ms
block 53/80 - 157/240  19143.5 ms
block 54/80 - 160/240  19126.8 ms
block 55/80 - 163/240  19129.0 ms
block 56/80 - 166/240  19127.3 ms
block 57/80 - 169/240  19132.0 ms
block 58/80 - 172/240  19104.4 ms
block 59/80 - 175/240  19110.5 ms
block 60/80 - 178/240  19095.9 ms
block 61/80 - 181/240  19121.5 ms
block 62/80 - 184/240  19081.8 ms
block 63/80 - 187/240  19140.3 ms
block 64/80 - 190/240  19125.7 ms
block 65/80 - 193/240  19121.0 ms
block 66/80 - 196/240  19132.5 ms
block 67/80 - 199/240  19094.9 ms
block 68/80 - 202/240  19075.1 ms
block 69/80 - 205/240  19066.3 ms
block 70/80 - 208/240  19057.1 ms
block 71/80 - 211/240  19119.9 ms
block 72/80 - 214/240  19124.2 ms
block 73/80 - 217/240  19129.5 ms
block 74/80 - 220/240  19135.7 ms
block 75/80 - 223/240  19136.5 ms
block 76/80 - 226/240  19115.6 ms
block 77/80 - 229/240  19127.5 ms
block 78/80 - 232/240  19125.9 ms
block 79/80 - 235/240  19145.2 ms
block 80/80 - 238/240  19127.8 ms
[55/128] elapsed=105.7m  avg=115.3s/prompt  eta=140.2m
block 1/80 - 1/240  17424.9 ms
block 2/80 - 4/240  16967.6 ms
block 3/80 - 7/240  17390.4 ms
block 4/80 - 10/240  17771.9 ms
block 5/80 - 13/240  18164.8 ms
block 6/80 - 16/240  18662.3 ms
block 7/80 - 19/240  18691.4 ms
block 8/80 - 22/240  18715.9 ms
block 9/80 - 25/240  18769.5 ms
block 10/80 - 28/240  18786.6 ms
block 11/80 - 31/240  18863.2 ms
block 12/80 - 34/240  19157.8 ms
block 13/80 - 37/240  19049.5 ms
block 14/80 - 40/240  19047.5 ms
block 15/80 - 43/240  19058.3 ms
block 16/80 - 46/240  19069.7 ms
block 17/80 - 49/240  19074.4 ms
block 18/80 - 52/240  19067.2 ms
block 19/80 - 55/240  19079.1 ms
block 20/80 - 58/240  19096.2 ms
block 21/80 - 61/240  19092.8 ms
block 22/80 - 64/240  19063.1 ms
block 23/80 - 67/240  19100.8 ms
block 24/80 - 70/240  19115.7 ms
block 25/80 - 73/240  19114.3 ms
block 26/80 - 76/240  19079.2 ms
block 27/80 - 79/240  19117.2 ms
block 28/80 - 82/240  19126.6 ms
block 29/80 - 85/240  19110.8 ms
block 30/80 - 88/240  19110.5 ms
block 31/80 - 91/240  19113.4 ms
block 32/80 - 94/240  19094.3 ms
block 33/80 - 97/240  19109.8 ms
block 34/80 - 100/240  19101.2 ms
block 35/80 - 103/240  19119.2 ms
block 36/80 - 106/240  19106.2 ms
block 37/80 - 109/240  19146.9 ms
block 38/80 - 112/240  19113.6 ms
block 39/80 - 115/240  19121.2 ms
block 40/80 - 118/240  19124.3 ms
block 41/80 - 121/240  19112.4 ms
block 42/80 - 124/240  19114.9 ms
block 43/80 - 127/240  19102.3 ms
block 44/80 - 130/240  19121.5 ms
block 45/80 - 133/240  19084.3 ms
block 46/80 - 136/240  19139.3 ms
block 47/80 - 139/240  19158.4 ms
block 48/80 - 142/240  19124.8 ms
block 49/80 - 145/240  19111.8 ms
block 50/80 - 148/240  19110.3 ms
block 51/80 - 151/240  19129.5 ms
block 52/80 - 154/240  19100.6 ms
block 53/80 - 157/240  19066.5 ms
block 54/80 - 160/240  19124.0 ms
block 55/80 - 163/240  19133.9 ms
block 56/80 - 166/240  19097.8 ms
block 57/80 - 169/240  19073.9 ms
block 58/80 - 172/240  19103.5 ms
block 59/80 - 175/240  19122.5 ms
block 60/80 - 178/240  19110.4 ms
block 61/80 - 181/240  19096.1 ms
block 62/80 - 184/240  19049.3 ms
block 63/80 - 187/240  19054.6 ms
block 64/80 - 190/240  19040.7 ms
block 65/80 - 193/240  19055.6 ms
block 66/80 - 196/240  19042.0 ms
block 67/80 - 199/240  19059.8 ms
block 68/80 - 202/240  19041.8 ms
block 69/80 - 205/240  19039.8 ms
block 70/80 - 208/240  19044.3 ms
block 71/80 - 211/240  19040.7 ms
block 72/80 - 214/240  19040.8 ms
block 73/80 - 217/240  19042.0 ms
block 74/80 - 220/240  19041.9 ms
block 75/80 - 223/240  19062.6 ms
block 76/80 - 226/240  19041.1 ms
block 77/80 - 229/240  19059.8 ms
block 78/80 - 232/240  19041.7 ms
block 79/80 - 235/240  19023.9 ms
block 80/80 - 238/240  19048.6 ms
[71/128] elapsed=131.0m  avg=110.7s/prompt  eta=105.1m
block 1/80 - 1/240  17253.3 ms
block 2/80 - 4/240  16974.3 ms
block 3/80 - 7/240  17408.6 ms
block 4/80 - 10/240  17766.2 ms
block 5/80 - 13/240  18162.5 ms
block 6/80 - 16/240  18617.0 ms
block 7/80 - 19/240  18693.1 ms
block 8/80 - 22/240  18702.6 ms
block 9/80 - 25/240  18721.1 ms
block 10/80 - 28/240  18777.4 ms
block 11/80 - 31/240  18793.2 ms
block 12/80 - 34/240  18841.6 ms
block 13/80 - 37/240  19042.0 ms
block 14/80 - 40/240  19039.4 ms
block 15/80 - 43/240  19037.8 ms
block 16/80 - 46/240  19041.3 ms
block 17/80 - 49/240  19044.2 ms
block 18/80 - 52/240  19041.3 ms
block 19/80 - 55/240  19187.2 ms
block 20/80 - 58/240  19145.9 ms
block 21/80 - 61/240  19050.3 ms
block 22/80 - 64/240  19038.3 ms
block 23/80 - 67/240  19041.0 ms
block 24/80 - 70/240  19043.9 ms
block 25/80 - 73/240  19037.1 ms
block 26/80 - 76/240  19036.6 ms
block 27/80 - 79/240  19096.7 ms
block 28/80 - 82/240  19037.2 ms
block 29/80 - 85/240  19038.2 ms
block 30/80 - 88/240  19040.9 ms
block 31/80 - 91/240  19038.2 ms
block 32/80 - 94/240  19039.5 ms
block 33/80 - 97/240  19039.8 ms
block 34/80 - 100/240  19040.6 ms
block 35/80 - 103/240  19038.8 ms
block 36/80 - 106/240  19038.5 ms
block 37/80 - 109/240  19055.1 ms
block 38/80 - 112/240  19041.8 ms
block 39/80 - 115/240  19043.4 ms
block 40/80 - 118/240  19045.2 ms
block 41/80 - 121/240  19049.0 ms
block 42/80 - 124/240  19044.1 ms
block 43/80 - 127/240  19095.5 ms
block 44/80 - 130/240  19103.0 ms
block 45/80 - 133/240  19048.3 ms
block 46/80 - 136/240  19057.0 ms
block 47/80 - 139/240  19123.2 ms
block 48/80 - 142/240  19113.6 ms
block 49/80 - 145/240  19105.3 ms
block 50/80 - 148/240  19131.7 ms
block 51/80 - 151/240  19096.8 ms
block 52/80 - 154/240  19075.3 ms
block 53/80 - 157/240  19122.3 ms
block 54/80 - 160/240  19086.6 ms
block 55/80 - 163/240  19146.8 ms
block 56/80 - 166/240  19129.1 ms
block 57/80 - 169/240  19116.1 ms
block 58/80 - 172/240  19101.3 ms
block 59/80 - 175/240  19079.9 ms
block 60/80 - 178/240  19099.1 ms
block 61/80 - 181/240  19054.6 ms
block 62/80 - 184/240  19131.9 ms
block 63/80 - 187/240  19131.3 ms
block 64/80 - 190/240  19129.9 ms
block 65/80 - 193/240  19140.0 ms
block 66/80 - 196/240  19135.7 ms
block 67/80 - 199/240  19130.1 ms
block 68/80 - 202/240  19102.3 ms
block 69/80 - 205/240  19091.2 ms
block 70/80 - 208/240  19087.9 ms
block 71/80 - 211/240  19054.9 ms
block 72/80 - 214/240  19116.4 ms
block 73/80 - 217/240  19126.7 ms
block 74/80 - 220/240  19112.5 ms
block 75/80 - 223/240  19078.3 ms
block 76/80 - 226/240  19100.6 ms
block 77/80 - 229/240  19090.5 ms
block 78/80 - 232/240  19134.1 ms
block 79/80 - 235/240  19146.9 ms
block 80/80 - 238/240  19132.5 ms
[87/128] elapsed=156.3m  avg=107.8s/prompt  eta=73.6m
block 1/80 - 1/240  17905.9 ms
block 2/80 - 4/240  17012.1 ms
block 3/80 - 7/240  17411.1 ms
block 4/80 - 10/240  17921.4 ms
block 5/80 - 13/240  18202.0 ms
block 6/80 - 16/240  18716.6 ms
block 7/80 - 19/240  19051.1 ms
block 8/80 - 22/240  18790.4 ms
block 9/80 - 25/240  18884.9 ms
block 10/80 - 28/240  18839.6 ms
block 11/80 - 31/240  18883.8 ms
block 12/80 - 34/240  18932.6 ms
block 13/80 - 37/240  19053.2 ms
block 14/80 - 40/240  19049.9 ms
block 15/80 - 43/240  19071.9 ms
block 16/80 - 46/240  19077.3 ms
block 17/80 - 49/240  19051.0 ms
block 18/80 - 52/240  19051.4 ms
block 19/80 - 55/240  19068.0 ms
block 20/80 - 58/240  19069.0 ms
block 21/80 - 61/240  19093.7 ms
block 22/80 - 64/240  19073.2 ms
block 23/80 - 67/240  19097.3 ms
block 24/80 - 70/240  19027.9 ms
block 25/80 - 73/240  19057.6 ms
block 26/80 - 76/240  19126.7 ms
block 27/80 - 79/240  19130.0 ms
block 28/80 - 82/240  19103.5 ms
block 29/80 - 85/240  19109.7 ms
block 30/80 - 88/240  19128.5 ms
block 31/80 - 91/240  19129.7 ms
block 32/80 - 94/240  19127.9 ms
block 33/80 - 97/240  19107.8 ms
block 34/80 - 100/240  19126.4 ms
block 35/80 - 103/240  19124.6 ms
block 36/80 - 106/240  19090.5 ms
block 37/80 - 109/240  19040.7 ms
block 38/80 - 112/240  19061.9 ms
block 39/80 - 115/240  19049.9 ms
block 40/80 - 118/240  19045.4 ms
block 41/80 - 121/240  19084.4 ms
block 42/80 - 124/240  19052.1 ms
block 43/80 - 127/240  19044.0 ms
block 44/80 - 130/240  19041.1 ms
block 45/80 - 133/240  19126.0 ms
block 46/80 - 136/240  19047.8 ms
block 47/80 - 139/240  19046.5 ms
block 48/80 - 142/240  19044.7 ms
block 49/80 - 145/240  19038.6 ms
block 50/80 - 148/240  19038.8 ms
block 51/80 - 151/240  19043.9 ms
block 52/80 - 154/240  19045.3 ms
block 53/80 - 157/240  19043.6 ms
block 54/80 - 160/240  19044.1 ms
block 55/80 - 163/240  19049.9 ms
block 56/80 - 166/240  19042.0 ms
block 57/80 - 169/240  19039.7 ms
block 58/80 - 172/240  19037.9 ms
block 59/80 - 175/240  19042.8 ms
block 60/80 - 178/240  19046.6 ms
block 61/80 - 181/240  19039.9 ms
block 62/80 - 184/240  19041.7 ms
block 63/80 - 187/240  19044.3 ms
block 64/80 - 190/240  19039.2 ms
block 65/80 - 193/240  19042.4 ms
block 66/80 - 196/240  19066.9 ms
block 67/80 - 199/240  19046.7 ms
block 68/80 - 202/240  19058.6 ms
block 69/80 - 205/240  19044.5 ms
block 70/80 - 208/240  19047.7 ms
block 71/80 - 211/240  19136.0 ms
block 72/80 - 214/240  19153.5 ms
block 73/80 - 217/240  19126.5 ms
block 74/80 - 220/240  19140.2 ms
block 75/80 - 223/240  19123.4 ms
block 76/80 - 226/240  19043.9 ms
block 77/80 - 229/240  19039.6 ms
block 78/80 - 232/240  19058.8 ms
block 79/80 - 235/240  19091.4 ms
block 80/80 - 238/240  19050.4 ms
[103/128] elapsed=181.6m  avg=105.8s/prompt  eta=44.1m
block 1/80 - 1/240  17306.1 ms
block 2/80 - 4/240  16967.6 ms
block 3/80 - 7/240  17395.3 ms
block 4/80 - 10/240  17767.3 ms
block 5/80 - 13/240  18165.5 ms
block 6/80 - 16/240  18622.5 ms
block 7/80 - 19/240  18701.4 ms
block 8/80 - 22/240  18715.4 ms
block 9/80 - 25/240  18776.2 ms
block 10/80 - 28/240  18797.7 ms
block 11/80 - 31/240  18847.3 ms
block 12/80 - 34/240  18883.5 ms
block 13/80 - 37/240  19050.4 ms
block 14/80 - 40/240  19078.6 ms
block 15/80 - 43/240  19062.0 ms
block 16/80 - 46/240  19049.2 ms
block 17/80 - 49/240  19063.2 ms
block 18/80 - 52/240  19064.0 ms
block 19/80 - 55/240  19060.7 ms
block 20/80 - 58/240  19057.9 ms
block 21/80 - 61/240  19073.4 ms
block 22/80 - 64/240  19079.7 ms
block 23/80 - 67/240  19064.0 ms
block 24/80 - 70/240  19057.4 ms
block 25/80 - 73/240  19086.8 ms
block 26/80 - 76/240  19068.8 ms
block 27/80 - 79/240  19068.1 ms
block 28/80 - 82/240  19060.4 ms
block 29/80 - 85/240  19078.1 ms
block 30/80 - 88/240  19111.5 ms
block 31/80 - 91/240  19065.9 ms
block 32/80 - 94/240  19128.6 ms
block 33/80 - 97/240  19128.9 ms
block 34/80 - 100/240  19122.6 ms
block 35/80 - 103/240  19121.7 ms
block 36/80 - 106/240  19121.7 ms
block 37/80 - 109/240  19110.0 ms
block 38/80 - 112/240  19095.1 ms
block 39/80 - 115/240  19101.9 ms
block 40/80 - 118/240  19112.1 ms
block 41/80 - 121/240  19118.2 ms
block 42/80 - 124/240  19138.3 ms
block 43/80 - 127/240  19098.7 ms
block 44/80 - 130/240  19091.1 ms
block 45/80 - 133/240  19143.9 ms
block 46/80 - 136/240  19073.4 ms
block 47/80 - 139/240  19084.8 ms
block 48/80 - 142/240  19067.2 ms
block 49/80 - 145/240  19114.3 ms
block 50/80 - 148/240  19076.7 ms
block 51/80 - 151/240  19100.6 ms
block 52/80 - 154/240  19076.7 ms
block 53/80 - 157/240  19083.6 ms
block 54/80 - 160/240  19132.3 ms
block 55/80 - 163/240  19098.5 ms
block 56/80 - 166/240  19122.0 ms
block 57/80 - 169/240  19130.9 ms
block 58/80 - 172/240  19147.0 ms
block 59/80 - 175/240  19064.2 ms
block 60/80 - 178/240  19099.2 ms
block 61/80 - 181/240  19135.4 ms
block 62/80 - 184/240  19119.0 ms
block 63/80 - 187/240  19132.6 ms
block 64/80 - 190/240  19119.3 ms
block 65/80 - 193/240  19063.9 ms
block 66/80 - 196/240  19088.2 ms
block 67/80 - 199/240  19110.3 ms
block 68/80 - 202/240  19089.3 ms
block 69/80 - 205/240  19084.8 ms
block 70/80 - 208/240  19091.3 ms
block 71/80 - 211/240  19121.7 ms
block 72/80 - 214/240  19111.6 ms
block 73/80 - 217/240  19096.6 ms
block 74/80 - 220/240  19126.6 ms
block 75/80 - 223/240  19125.1 ms
block 76/80 - 226/240  19108.8 ms
block 77/80 - 229/240  19108.4 ms
block 78/80 - 232/240  19065.2 ms
block 79/80 - 235/240  19089.6 ms
block 80/80 - 238/240  19125.9 ms
[119/128] elapsed=206.9m  avg=104.3s/prompt  eta=15.6m
