Running on a single GPU (cuda); skipping NCCL initialization.
Free VRAM 93.14923095703125 GB
Loading CUDA extension (first run compiles ~60s; cached run ~3s)...
CUDA extension ready in 149.1s.
[CacheCompatibilityPolicy] recent=20:0 coverage=21:360 episode=22:0 coverage_policy=retrieval budget=9FFE read_budget=9FFE owner=HeadComposition
KV inference with 3 frames per block
Number of prompts: 128
Prompt index range: [0, 128)
Loading PyramidKV config from /apdcephfs_gy2/share_303214315/cedricnie/develop/training-free/runs/v182_structured_coverage/inputs/maps/all_coverage_retrieval.csv
block 1/80 - 1/240  156698.2 ms
block 2/80 - 4/240  30715.4 ms
block 3/80 - 7/240  31525.3 ms
block 4/80 - 10/240  32297.1 ms
block 5/80 - 13/240  32732.7 ms
block 6/80 - 16/240  33633.3 ms
block 7/80 - 19/240  33787.1 ms
block 8/80 - 22/240  33579.6 ms
block 9/80 - 25/240  33578.0 ms
block 10/80 - 28/240  33576.0 ms
block 11/80 - 31/240  33635.5 ms
block 12/80 - 34/240  33694.0 ms
block 13/80 - 37/240  33788.1 ms
block 14/80 - 40/240  33949.2 ms
block 15/80 - 43/240  33780.7 ms
block 16/80 - 46/240  33825.1 ms
block 17/80 - 49/240  33773.0 ms
block 18/80 - 52/240  33820.1 ms
block 19/80 - 55/240  33771.5 ms
block 20/80 - 58/240  33757.5 ms
block 21/80 - 61/240  33794.4 ms
block 22/80 - 64/240  33823.4 ms
block 23/80 - 67/240  33739.9 ms
block 24/80 - 70/240  33782.2 ms
block 25/80 - 73/240  33772.1 ms
block 26/80 - 76/240  33767.1 ms
block 27/80 - 79/240  33734.9 ms
block 28/80 - 82/240  33730.8 ms
block 29/80 - 85/240  33795.3 ms
block 30/80 - 88/240  33748.9 ms
block 31/80 - 91/240  33839.7 ms
block 32/80 - 94/240  33760.8 ms
block 33/80 - 97/240  33756.1 ms
block 34/80 - 100/240  33751.0 ms
block 35/80 - 103/240  33782.7 ms
block 36/80 - 106/240  33788.2 ms
block 37/80 - 109/240  33744.8 ms
block 38/80 - 112/240  33780.2 ms
block 39/80 - 115/240  33763.4 ms
block 40/80 - 118/240  33757.4 ms
block 41/80 - 121/240  33767.9 ms
block 42/80 - 124/240  33766.8 ms
block 43/80 - 127/240  33763.3 ms
block 44/80 - 130/240  33762.5 ms
block 45/80 - 133/240  33777.6 ms
block 46/80 - 136/240  33796.5 ms
block 47/80 - 139/240  33780.1 ms
block 48/80 - 142/240  33766.0 ms
block 49/80 - 145/240  33779.6 ms
block 50/80 - 148/240  33811.4 ms
block 51/80 - 151/240  33779.1 ms
block 52/80 - 154/240  33767.1 ms
block 53/80 - 157/240  33807.7 ms
block 54/80 - 160/240  33767.2 ms
block 55/80 - 163/240  33762.6 ms
block 56/80 - 166/240  33779.5 ms
block 57/80 - 169/240  33797.1 ms
block 58/80 - 172/240  33758.3 ms
block 59/80 - 175/240  33775.3 ms
block 60/80 - 178/240  33765.1 ms
block 61/80 - 181/240  33812.6 ms
block 62/80 - 184/240  33778.0 ms
block 63/80 - 187/240  33790.0 ms
block 64/80 - 190/240  33929.8 ms
block 65/80 - 193/240  33772.5 ms
block 66/80 - 196/240  33784.5 ms
block 67/80 - 199/240  33775.5 ms
block 68/80 - 202/240  33779.1 ms
block 69/80 - 205/240  33816.5 ms
block 70/80 - 208/240  33778.0 ms
block 71/80 - 211/240  33777.9 ms
block 72/80 - 214/240  33756.6 ms
block 73/80 - 217/240  33815.7 ms
block 74/80 - 220/240  33791.4 ms
block 75/80 - 223/240  33766.7 ms
block 76/80 - 226/240  33793.4 ms
block 77/80 - 229/240  33805.0 ms
block 78/80 - 232/240  33755.1 ms
block 79/80 - 235/240  33771.9 ms
block 80/80 - 238/240  33810.4 ms
/apdcephfs_gy2/share_303214315/cedricnie/miniconda3/envs/longlive/lib/python3.10/site-packages/torchvision/io/_video_deprecation_warning.py:9: UserWarning: The video decoding and encoding capabilities of torchvision are deprecated from version 0.22 and will be removed in version 0.24. We recommend that you migrate to TorchCodec, where we'll consolidate the future decoding/encoding capabilities of PyTorch: https://github.com/pytorch/torchcodec
  warnings.warn(
[13/128] elapsed=47.0m  avg=216.9s/prompt  eta=415.7m
block 1/80 - 1/240  28880.6 ms
block 2/80 - 4/240  31057.1 ms
block 3/80 - 7/240  31439.1 ms
block 4/80 - 10/240  32306.0 ms
block 5/80 - 13/240  32773.7 ms
block 6/80 - 16/240  33486.5 ms
block 7/80 - 19/240  33770.6 ms
block 8/80 - 22/240  33569.7 ms
block 9/80 - 25/240  33557.2 ms
block 10/80 - 28/240  33560.2 ms
block 11/80 - 31/240  33560.9 ms
block 12/80 - 34/240  33570.1 ms
block 13/80 - 37/240  33722.9 ms
block 14/80 - 40/240  33752.4 ms
block 15/80 - 43/240  33777.2 ms
block 16/80 - 46/240  33739.2 ms
block 17/80 - 49/240  33783.3 ms
block 18/80 - 52/240  33778.1 ms
block 19/80 - 55/240  33764.8 ms
block 20/80 - 58/240  33768.3 ms
block 21/80 - 61/240  33791.9 ms
block 22/80 - 64/240  33788.6 ms
block 23/80 - 67/240  33751.3 ms
block 24/80 - 70/240  33843.4 ms
block 25/80 - 73/240  33768.8 ms
block 26/80 - 76/240  33760.1 ms
block 27/80 - 79/240  33767.9 ms
block 28/80 - 82/240  33787.3 ms
block 29/80 - 85/240  33792.4 ms
block 30/80 - 88/240  33753.1 ms
block 31/80 - 91/240  33797.5 ms
block 32/80 - 94/240  33839.8 ms
block 33/80 - 97/240  33842.1 ms
block 34/80 - 100/240  33839.4 ms
block 35/80 - 103/240  33858.4 ms
block 36/80 - 106/240  33838.0 ms
block 37/80 - 109/240  33845.4 ms
block 38/80 - 112/240  33790.3 ms
block 39/80 - 115/240  33813.5 ms
block 40/80 - 118/240  33812.5 ms
block 41/80 - 121/240  33837.5 ms
block 42/80 - 124/240  33850.9 ms
block 43/80 - 127/240  33863.1 ms
block 44/80 - 130/240  33780.4 ms
block 45/80 - 133/240  33792.1 ms
block 46/80 - 136/240  33820.5 ms
block 47/80 - 139/240  33772.8 ms
block 48/80 - 142/240  33824.4 ms
block 49/80 - 145/240  33856.0 ms
block 50/80 - 148/240  33856.6 ms
block 51/80 - 151/240  33829.7 ms
block 52/80 - 154/240  33861.6 ms
block 53/80 - 157/240  33853.5 ms
block 54/80 - 160/240  33843.5 ms
block 55/80 - 163/240  33869.2 ms
block 56/80 - 166/240  33866.1 ms
block 57/80 - 169/240  33872.7 ms
block 58/80 - 172/240  33872.8 ms
block 59/80 - 175/240  33869.0 ms
block 60/80 - 178/240  33876.6 ms
block 61/80 - 181/240  33863.2 ms
block 62/80 - 184/240  33875.8 ms
block 63/80 - 187/240  33860.0 ms
block 64/80 - 190/240  33793.2 ms
block 65/80 - 193/240  33857.8 ms
block 66/80 - 196/240  33875.6 ms
block 67/80 - 199/240  33864.1 ms
block 68/80 - 202/240  33876.5 ms
block 69/80 - 205/240  33877.2 ms
block 70/80 - 208/240  33876.5 ms
block 71/80 - 211/240  33873.8 ms
block 72/80 - 214/240  33871.2 ms
block 73/80 - 217/240  33875.7 ms
block 74/80 - 220/240  33857.9 ms
block 75/80 - 223/240  33870.9 ms
block 76/80 - 226/240  33876.3 ms
block 77/80 - 229/240  33878.2 ms
block 78/80 - 232/240  33871.8 ms
block 79/80 - 235/240  33882.1 ms
block 80/80 - 238/240  33783.9 ms
[29/128] elapsed=91.9m  avg=190.1s/prompt  eta=313.7m
block 1/80 - 1/240  28737.3 ms
block 2/80 - 4/240  31196.5 ms
block 3/80 - 7/240  31580.6 ms
block 4/80 - 10/240  32279.8 ms
block 5/80 - 13/240  32748.3 ms
block 6/80 - 16/240  33477.3 ms
block 7/80 - 19/240  33527.9 ms
block 8/80 - 22/240  33601.3 ms
block 9/80 - 25/240  33606.5 ms
block 10/80 - 28/240  33613.0 ms
block 11/80 - 31/240  33614.3 ms
block 12/80 - 34/240  33632.5 ms
block 13/80 - 37/240  33767.5 ms
block 14/80 - 40/240  33777.1 ms
block 15/80 - 43/240  33784.6 ms
block 16/80 - 46/240  33828.4 ms
block 17/80 - 49/240  33797.5 ms
block 18/80 - 52/240  33828.6 ms
block 19/80 - 55/240  33840.0 ms
block 20/80 - 58/240  33805.1 ms
block 21/80 - 61/240  33798.8 ms
block 22/80 - 64/240  33823.7 ms
block 23/80 - 67/240  33830.4 ms
block 24/80 - 70/240  33798.3 ms
block 25/80 - 73/240  33785.0 ms
block 26/80 - 76/240  33754.5 ms
block 27/80 - 79/240  33772.3 ms
block 28/80 - 82/240  33802.4 ms
block 29/80 - 85/240  33827.6 ms
block 30/80 - 88/240  33811.2 ms
block 31/80 - 91/240  33806.3 ms
block 32/80 - 94/240  33806.1 ms
block 33/80 - 97/240  33856.5 ms
block 34/80 - 100/240  33759.7 ms
block 35/80 - 103/240  33794.3 ms
block 36/80 - 106/240  33815.5 ms
block 37/80 - 109/240  33842.8 ms
block 38/80 - 112/240  33820.6 ms
block 39/80 - 115/240  33847.0 ms
block 40/80 - 118/240  33823.8 ms
block 41/80 - 121/240  33780.0 ms
block 42/80 - 124/240  33791.7 ms
block 43/80 - 127/240  33780.2 ms
block 44/80 - 130/240  33748.9 ms
block 45/80 - 133/240  33801.5 ms
block 46/80 - 136/240  33788.6 ms
block 47/80 - 139/240  33776.7 ms
block 48/80 - 142/240  33794.9 ms
block 49/80 - 145/240  33810.7 ms
block 50/80 - 148/240  33787.0 ms
block 51/80 - 151/240  33784.1 ms
block 52/80 - 154/240  33774.0 ms
block 53/80 - 157/240  33805.6 ms
block 54/80 - 160/240  33846.8 ms
block 55/80 - 163/240  33837.8 ms
block 56/80 - 166/240  33841.4 ms
block 57/80 - 169/240  33898.7 ms
block 58/80 - 172/240  33893.6 ms
block 59/80 - 175/240  33834.8 ms
block 60/80 - 178/240  33831.4 ms
block 61/80 - 181/240  33845.1 ms
block 62/80 - 184/240  33814.9 ms
block 63/80 - 187/240  33797.1 ms
block 64/80 - 190/240  33801.3 ms
block 65/80 - 193/240  33814.9 ms
block 66/80 - 196/240  33807.1 ms
block 67/80 - 199/240  33810.5 ms
block 68/80 - 202/240  33823.6 ms
block 69/80 - 205/240  33786.5 ms
block 70/80 - 208/240  33808.8 ms
block 71/80 - 211/240  33837.1 ms
block 72/80 - 214/240  33835.4 ms
block 73/80 - 217/240  33803.6 ms
block 74/80 - 220/240  33831.4 ms
block 75/80 - 223/240  33846.5 ms
block 76/80 - 226/240  33844.9 ms
block 77/80 - 229/240  33835.6 ms
block 78/80 - 232/240  33819.6 ms
block 79/80 - 235/240  33752.5 ms
block 80/80 - 238/240  33800.3 ms
[45/128] elapsed=136.8m  avg=182.4s/prompt  eta=252.3m
block 1/80 - 1/240  28474.4 ms
block 2/80 - 4/240  30663.1 ms
block 3/80 - 7/240  31606.6 ms
block 4/80 - 10/240  32634.8 ms
block 5/80 - 13/240  32909.2 ms
block 6/80 - 16/240  33636.0 ms
block 7/80 - 19/240  33741.9 ms
block 8/80 - 22/240  33601.1 ms
block 9/80 - 25/240  33551.4 ms
block 10/80 - 28/240  33562.5 ms
block 11/80 - 31/240  33570.0 ms
block 12/80 - 34/240  33576.6 ms
block 13/80 - 37/240  33733.1 ms
block 14/80 - 40/240  33778.9 ms
block 15/80 - 43/240  33764.6 ms
block 16/80 - 46/240  33754.1 ms
block 17/80 - 49/240  33776.5 ms
block 18/80 - 52/240  33760.6 ms
block 19/80 - 55/240  33794.9 ms
block 20/80 - 58/240  33750.7 ms
block 21/80 - 61/240  33781.7 ms
block 22/80 - 64/240  33793.9 ms
block 23/80 - 67/240  33823.6 ms
block 24/80 - 70/240  33809.3 ms
block 25/80 - 73/240  33796.2 ms
block 26/80 - 76/240  33769.1 ms
block 27/80 - 79/240  33757.7 ms
block 28/80 - 82/240  33809.8 ms
block 29/80 - 85/240  33767.2 ms
block 30/80 - 88/240  33777.1 ms
block 31/80 - 91/240  33847.2 ms
block 32/80 - 94/240  33824.2 ms
block 33/80 - 97/240  33840.7 ms
block 34/80 - 100/240  33848.3 ms
block 35/80 - 103/240  33853.0 ms
block 36/80 - 106/240  33849.2 ms
block 37/80 - 109/240  33860.6 ms
block 38/80 - 112/240  33854.8 ms
block 39/80 - 115/240  33828.3 ms
block 40/80 - 118/240  33794.7 ms
block 41/80 - 121/240  33829.3 ms
block 42/80 - 124/240  33816.7 ms
block 43/80 - 127/240  33830.1 ms
block 44/80 - 130/240  33848.2 ms
block 45/80 - 133/240  33829.2 ms
block 46/80 - 136/240  33855.7 ms
block 47/80 - 139/240  33852.9 ms
block 48/80 - 142/240  33823.3 ms
block 49/80 - 145/240  33808.9 ms
block 50/80 - 148/240  33810.8 ms
block 51/80 - 151/240  33856.7 ms
block 52/80 - 154/240  33859.1 ms
block 53/80 - 157/240  33830.9 ms
block 54/80 - 160/240  33826.4 ms
block 55/80 - 163/240  33783.1 ms
block 56/80 - 166/240  33861.2 ms
block 57/80 - 169/240  33842.2 ms
block 58/80 - 172/240  33811.8 ms
block 59/80 - 175/240  33853.4 ms
block 60/80 - 178/240  33867.6 ms
block 61/80 - 181/240  33854.0 ms
block 62/80 - 184/240  33856.8 ms
block 63/80 - 187/240  33854.5 ms
block 64/80 - 190/240  33864.1 ms
block 65/80 - 193/240  33863.6 ms
block 66/80 - 196/240  33849.5 ms
block 67/80 - 199/240  33851.8 ms
block 68/80 - 202/240  33835.1 ms
block 69/80 - 205/240  33789.2 ms
block 70/80 - 208/240  33781.2 ms
block 71/80 - 211/240  33856.0 ms
block 72/80 - 214/240  33839.4 ms
block 73/80 - 217/240  33849.2 ms
block 74/80 - 220/240  33868.9 ms
block 75/80 - 223/240  33851.9 ms
block 76/80 - 226/240  33866.1 ms
block 77/80 - 229/240  33867.2 ms
block 78/80 - 232/240  33845.0 ms
block 79/80 - 235/240  33816.4 ms
block 80/80 - 238/240  33847.2 ms
[61/128] elapsed=181.7m  avg=178.7s/prompt  eta=199.5m
block 1/80 - 1/240  28605.1 ms
block 2/80 - 4/240  30740.8 ms
block 3/80 - 7/240  31514.9 ms
block 4/80 - 10/240  32475.4 ms
block 5/80 - 13/240  32914.2 ms
block 6/80 - 16/240  33636.4 ms
block 7/80 - 19/240  33558.7 ms
block 8/80 - 22/240  33574.6 ms
block 9/80 - 25/240  33565.9 ms
block 10/80 - 28/240  33596.6 ms
block 11/80 - 31/240  33612.2 ms
block 12/80 - 34/240  33617.5 ms
block 13/80 - 37/240  33750.4 ms
block 14/80 - 40/240  33771.1 ms
block 15/80 - 43/240  33793.0 ms
block 16/80 - 46/240  33783.7 ms
block 17/80 - 49/240  33815.0 ms
block 18/80 - 52/240  33800.2 ms
block 19/80 - 55/240  33809.7 ms
block 20/80 - 58/240  33813.1 ms
block 21/80 - 61/240  33831.8 ms
block 22/80 - 64/240  33820.8 ms
block 23/80 - 67/240  33744.9 ms
block 24/80 - 70/240  33810.1 ms
block 25/80 - 73/240  33847.5 ms
block 26/80 - 76/240  33790.1 ms
block 27/80 - 79/240  33794.5 ms
block 28/80 - 82/240  33765.7 ms
block 29/80 - 85/240  33949.1 ms
block 30/80 - 88/240  33802.1 ms
block 31/80 - 91/240  33806.0 ms
block 32/80 - 94/240  33804.0 ms
block 33/80 - 97/240  33782.0 ms
block 34/80 - 100/240  33818.7 ms
block 35/80 - 103/240  33780.9 ms
block 36/80 - 106/240  33772.6 ms
block 37/80 - 109/240  33765.8 ms
block 38/80 - 112/240  33799.4 ms
block 39/80 - 115/240  33791.9 ms
block 40/80 - 118/240  33817.7 ms
block 41/80 - 121/240  33795.4 ms
block 42/80 - 124/240  33799.4 ms
block 43/80 - 127/240  33785.6 ms
block 44/80 - 130/240  33779.8 ms
block 45/80 - 133/240  33790.4 ms
block 46/80 - 136/240  33773.3 ms
block 47/80 - 139/240  33786.5 ms
block 48/80 - 142/240  33802.8 ms
block 49/80 - 145/240  33793.3 ms
block 50/80 - 148/240  33784.7 ms
block 51/80 - 151/240  33776.5 ms
block 52/80 - 154/240  33810.1 ms
block 53/80 - 157/240  33811.0 ms
block 54/80 - 160/240  33798.1 ms
block 55/80 - 163/240  33785.9 ms
block 56/80 - 166/240  33799.8 ms
block 57/80 - 169/240  33796.5 ms
block 58/80 - 172/240  33779.5 ms
block 59/80 - 175/240  33800.9 ms
block 60/80 - 178/240  33834.1 ms
block 61/80 - 181/240  33820.8 ms
block 62/80 - 184/240  33794.2 ms
block 63/80 - 187/240  33805.7 ms
block 64/80 - 190/240  33819.2 ms
block 65/80 - 193/240  33849.4 ms
block 66/80 - 196/240  33831.5 ms
block 67/80 - 199/240  33819.8 ms
block 68/80 - 202/240  33787.8 ms
block 69/80 - 205/240  33806.9 ms
block 70/80 - 208/240  33817.3 ms
block 71/80 - 211/240  33825.0 ms
block 72/80 - 214/240  33833.4 ms
block 73/80 - 217/240  33819.2 ms
block 74/80 - 220/240  33799.2 ms
block 75/80 - 223/240  33841.9 ms
block 76/80 - 226/240  33819.4 ms
block 77/80 - 229/240  33817.2 ms
block 78/80 - 232/240  33818.9 ms
block 79/80 - 235/240  33842.7 ms
block 80/80 - 238/240  33838.6 ms
[77/128] elapsed=226.5m  avg=176.5s/prompt  eta=150.0m
block 1/80 - 1/240  28738.7 ms
block 2/80 - 4/240  30544.2 ms
block 3/80 - 7/240  31193.8 ms
block 4/80 - 10/240  32419.3 ms
block 5/80 - 13/240  32919.7 ms
block 6/80 - 16/240  33637.7 ms
block 7/80 - 19/240  33658.7 ms
block 8/80 - 22/240  33764.6 ms
block 9/80 - 25/240  33764.9 ms
block 10/80 - 28/240  33768.3 ms
block 11/80 - 31/240  33630.2 ms
block 12/80 - 34/240  33568.7 ms
block 13/80 - 37/240  33728.5 ms
block 14/80 - 40/240  33759.9 ms
block 15/80 - 43/240  33756.7 ms
block 16/80 - 46/240  33737.4 ms
block 17/80 - 49/240  33774.5 ms
block 18/80 - 52/240  33809.5 ms
block 19/80 - 55/240  33779.3 ms
block 20/80 - 58/240  33777.9 ms
block 21/80 - 61/240  33815.9 ms
block 22/80 - 64/240  33818.7 ms
block 23/80 - 67/240  33847.0 ms
block 24/80 - 70/240  33816.5 ms
block 25/80 - 73/240  33805.2 ms
block 26/80 - 76/240  33804.5 ms
block 27/80 - 79/240  33789.4 ms
block 28/80 - 82/240  33815.5 ms
block 29/80 - 85/240  33822.9 ms
block 30/80 - 88/240  33754.0 ms
block 31/80 - 91/240  33845.2 ms
block 32/80 - 94/240  33807.3 ms
block 33/80 - 97/240  33776.1 ms
block 34/80 - 100/240  33784.1 ms
block 35/80 - 103/240  33821.4 ms
block 36/80 - 106/240  33821.2 ms
block 37/80 - 109/240  33850.4 ms
block 38/80 - 112/240  33800.2 ms
block 39/80 - 115/240  33818.1 ms
block 40/80 - 118/240  33809.2 ms
block 41/80 - 121/240  33841.8 ms
block 42/80 - 124/240  33810.9 ms
block 43/80 - 127/240  33808.9 ms
block 44/80 - 130/240  33787.6 ms
block 45/80 - 133/240  33827.5 ms
block 46/80 - 136/240  33822.0 ms
block 47/80 - 139/240  33855.8 ms
block 48/80 - 142/240  33819.8 ms
block 49/80 - 145/240  33789.7 ms
block 50/80 - 148/240  33826.2 ms
block 51/80 - 151/240  33829.7 ms
block 52/80 - 154/240  33833.3 ms
block 53/80 - 157/240  33840.2 ms
block 54/80 - 160/240  33801.5 ms
block 55/80 - 163/240  33779.3 ms
block 56/80 - 166/240  33799.7 ms
block 57/80 - 169/240  33784.0 ms
block 58/80 - 172/240  33838.8 ms
block 59/80 - 175/240  33853.7 ms
block 60/80 - 178/240  33840.2 ms
block 61/80 - 181/240  33854.7 ms
block 62/80 - 184/240  33829.6 ms
block 63/80 - 187/240  33858.5 ms
block 64/80 - 190/240  33846.1 ms
block 65/80 - 193/240  33872.8 ms
block 66/80 - 196/240  33867.0 ms
block 67/80 - 199/240  33850.0 ms
block 68/80 - 202/240  33859.5 ms
block 69/80 - 205/240  33805.6 ms
block 70/80 - 208/240  33795.1 ms
block 71/80 - 211/240  33855.4 ms
block 72/80 - 214/240  33864.9 ms
block 73/80 - 217/240  33872.0 ms
block 74/80 - 220/240  33870.3 ms
block 75/80 - 223/240  33853.5 ms
block 76/80 - 226/240  33834.6 ms
block 77/80 - 229/240  33855.1 ms
block 78/80 - 232/240  33858.4 ms
block 79/80 - 235/240  33864.8 ms
block 80/80 - 238/240  33854.7 ms
[93/128] elapsed=271.4m  avg=175.1s/prompt  eta=102.1m
block 1/80 - 1/240  29011.2 ms
block 2/80 - 4/240  30881.8 ms
block 3/80 - 7/240  31100.1 ms
block 4/80 - 10/240  32442.6 ms
block 5/80 - 13/240  32987.9 ms
block 6/80 - 16/240  33842.4 ms
block 7/80 - 19/240  33818.5 ms
block 8/80 - 22/240  33778.9 ms
block 9/80 - 25/240  33996.0 ms
block 10/80 - 28/240  33801.8 ms
block 11/80 - 31/240  33629.9 ms
block 12/80 - 34/240  33701.3 ms
block 13/80 - 37/240  33770.9 ms
block 14/80 - 40/240  33752.1 ms
block 15/80 - 43/240  33756.5 ms
block 16/80 - 46/240  33762.6 ms
block 17/80 - 49/240  33776.8 ms
block 18/80 - 52/240  33838.0 ms
block 19/80 - 55/240  33832.1 ms
block 20/80 - 58/240  33793.6 ms
block 21/80 - 61/240  33852.1 ms
block 22/80 - 64/240  33811.5 ms
block 23/80 - 67/240  33809.6 ms
block 24/80 - 70/240  33808.3 ms
block 25/80 - 73/240  33811.5 ms
block 26/80 - 76/240  33832.0 ms
block 27/80 - 79/240  33829.0 ms
block 28/80 - 82/240  33792.7 ms
block 29/80 - 85/240  33774.1 ms
block 30/80 - 88/240  33805.5 ms
block 31/80 - 91/240  33766.6 ms
block 32/80 - 94/240  33761.8 ms
block 33/80 - 97/240  33792.9 ms
block 34/80 - 100/240  33807.9 ms
block 35/80 - 103/240  33784.2 ms
block 36/80 - 106/240  33787.7 ms
block 37/80 - 109/240  33808.6 ms
block 38/80 - 112/240  33808.8 ms
block 39/80 - 115/240  33804.4 ms
block 40/80 - 118/240  33818.7 ms
block 41/80 - 121/240  33792.2 ms
block 42/80 - 124/240  33798.0 ms
block 43/80 - 127/240  33802.5 ms
block 44/80 - 130/240  33816.1 ms
block 45/80 - 133/240  33779.8 ms
block 46/80 - 136/240  33921.1 ms
block 47/80 - 139/240  33831.1 ms
block 48/80 - 142/240  33830.6 ms
block 49/80 - 145/240  33759.6 ms
block 50/80 - 148/240  33836.4 ms
block 51/80 - 151/240  33794.7 ms
block 52/80 - 154/240  33854.5 ms
block 53/80 - 157/240  33811.0 ms
block 54/80 - 160/240  33791.4 ms
block 55/80 - 163/240  33843.9 ms
block 56/80 - 166/240  33836.0 ms
block 57/80 - 169/240  33828.7 ms
block 58/80 - 172/240  33832.1 ms
block 59/80 - 175/240  33842.9 ms
block 60/80 - 178/240  33839.0 ms
block 61/80 - 181/240  33839.2 ms
block 62/80 - 184/240  33826.8 ms
block 63/80 - 187/240  33833.6 ms
block 64/80 - 190/240  33841.3 ms
block 65/80 - 193/240  33846.7 ms
block 66/80 - 196/240  33832.4 ms
block 67/80 - 199/240  33842.9 ms
block 68/80 - 202/240  33840.6 ms
block 69/80 - 205/240  33835.3 ms
block 70/80 - 208/240  33848.0 ms
block 71/80 - 211/240  33836.3 ms
block 72/80 - 214/240  33846.2 ms
block 73/80 - 217/240  33838.8 ms
block 74/80 - 220/240  33839.9 ms
block 75/80 - 223/240  33851.9 ms
block 76/80 - 226/240  33851.7 ms
block 77/80 - 229/240  33841.9 ms
block 78/80 - 232/240  33845.9 ms
block 79/80 - 235/240  33832.8 ms
block 80/80 - 238/240  33839.2 ms
[109/128] elapsed=316.3m  avg=174.1s/prompt  eta=55.1m
block 1/80 - 1/240  29002.9 ms
block 2/80 - 4/240  30427.2 ms
block 3/80 - 7/240  31088.6 ms
block 4/80 - 10/240  32230.8 ms
block 5/80 - 13/240  32900.4 ms
block 6/80 - 16/240  33632.1 ms
block 7/80 - 19/240  33742.2 ms
block 8/80 - 22/240  33770.0 ms
block 9/80 - 25/240  33769.5 ms
block 10/80 - 28/240  33769.6 ms
block 11/80 - 31/240  33768.5 ms
block 12/80 - 34/240  33768.5 ms
block 13/80 - 37/240  33804.5 ms
block 14/80 - 40/240  33775.2 ms
block 15/80 - 43/240  33783.4 ms
block 16/80 - 46/240  33790.4 ms
block 17/80 - 49/240  33795.7 ms
block 18/80 - 52/240  33774.9 ms
block 19/80 - 55/240  33785.1 ms
block 20/80 - 58/240  33769.7 ms
block 21/80 - 61/240  33795.1 ms
block 22/80 - 64/240  33776.5 ms
block 23/80 - 67/240  33834.5 ms
block 24/80 - 70/240  33831.4 ms
block 25/80 - 73/240  33835.7 ms
block 26/80 - 76/240  33836.1 ms
block 27/80 - 79/240  33830.7 ms
block 28/80 - 82/240  33827.0 ms
block 29/80 - 85/240  33825.0 ms
block 30/80 - 88/240  33801.9 ms
block 31/80 - 91/240  33814.9 ms
block 32/80 - 94/240  33817.3 ms
block 33/80 - 97/240  33844.6 ms
block 34/80 - 100/240  33841.2 ms
block 35/80 - 103/240  33796.7 ms
block 36/80 - 106/240  33786.3 ms
block 37/80 - 109/240  33842.2 ms
block 38/80 - 112/240  33816.5 ms
block 39/80 - 115/240  33830.7 ms
block 40/80 - 118/240  33796.3 ms
block 41/80 - 121/240  33840.2 ms
block 42/80 - 124/240  33857.8 ms
block 43/80 - 127/240  33824.6 ms
block 44/80 - 130/240  33838.5 ms
block 45/80 - 133/240  33833.5 ms
block 46/80 - 136/240  33819.4 ms
block 47/80 - 139/240  33853.2 ms
block 48/80 - 142/240  33852.4 ms
block 49/80 - 145/240  33839.8 ms
block 50/80 - 148/240  33829.8 ms
block 51/80 - 151/240  33852.9 ms
block 52/80 - 154/240  33839.1 ms
block 53/80 - 157/240  33842.6 ms
block 54/80 - 160/240  33840.5 ms
block 55/80 - 163/240  33797.7 ms
block 56/80 - 166/240  33809.5 ms
block 57/80 - 169/240  33840.7 ms
block 58/80 - 172/240  33857.8 ms
block 59/80 - 175/240  33856.5 ms
block 60/80 - 178/240  33815.5 ms
block 61/80 - 181/240  33845.8 ms
block 62/80 - 184/240  33855.4 ms
block 63/80 - 187/240  33812.9 ms
block 64/80 - 190/240  33817.4 ms
block 65/80 - 193/240  33828.4 ms
block 66/80 - 196/240  33835.5 ms
block 67/80 - 199/240  33859.1 ms
block 68/80 - 202/240  33844.8 ms
block 69/80 - 205/240  33851.4 ms
block 70/80 - 208/240  33846.4 ms
block 71/80 - 211/240  33860.8 ms
block 72/80 - 214/240  33851.1 ms
block 73/80 - 217/240  33860.0 ms
block 74/80 - 220/240  33849.3 ms
block 75/80 - 223/240  33851.1 ms
block 76/80 - 226/240  33850.1 ms
block 77/80 - 229/240  33854.0 ms
block 78/80 - 232/240  33859.5 ms
block 79/80 - 235/240  33846.7 ms
block 80/80 - 238/240  33836.8 ms
[125/128] elapsed=361.2m  avg=173.4s/prompt  eta=8.7m
