Running on a single GPU (cuda); skipping NCCL initialization.
Free VRAM 93.14923095703125 GB
Loading CUDA extension (first run compiles ~60s; cached run ~3s)...
CUDA extension ready in 149.1s.
[CacheCompatibilityPolicy] recent=20:0 coverage=21:360 episode=22:0 coverage_policy=retrieval budget=9FFE read_budget=9FFE owner=HeadComposition
KV inference with 3 frames per block
Number of prompts: 128
Prompt index range: [0, 128)
Loading PyramidKV config from /apdcephfs_gy2/share_303214315/cedricnie/develop/training-free/runs/v182_structured_coverage/inputs/maps/all_coverage_retrieval.csv
block 1/80 - 1/240  156839.7 ms
block 2/80 - 4/240  30666.1 ms
block 3/80 - 7/240  31484.5 ms
block 4/80 - 10/240  32170.7 ms
block 5/80 - 13/240  32767.2 ms
block 6/80 - 16/240  33489.6 ms
block 7/80 - 19/240  33786.8 ms
block 8/80 - 22/240  33554.9 ms
block 9/80 - 25/240  33599.4 ms
block 10/80 - 28/240  33604.1 ms
block 11/80 - 31/240  33622.5 ms
block 12/80 - 34/240  33630.3 ms
block 13/80 - 37/240  33742.2 ms
block 14/80 - 40/240  33764.4 ms
block 15/80 - 43/240  33762.1 ms
block 16/80 - 46/240  33748.0 ms
block 17/80 - 49/240  33759.2 ms
block 18/80 - 52/240  33779.0 ms
block 19/80 - 55/240  33756.3 ms
block 20/80 - 58/240  33777.0 ms
block 21/80 - 61/240  33759.7 ms
block 22/80 - 64/240  33798.6 ms
block 23/80 - 67/240  33791.0 ms
block 24/80 - 70/240  33799.4 ms
block 25/80 - 73/240  33764.1 ms
block 26/80 - 76/240  33782.2 ms
block 27/80 - 79/240  33869.6 ms
block 28/80 - 82/240  33781.6 ms
block 29/80 - 85/240  33839.3 ms
block 30/80 - 88/240  33804.8 ms
block 31/80 - 91/240  33850.4 ms
block 32/80 - 94/240  33845.7 ms
block 33/80 - 97/240  33848.3 ms
block 34/80 - 100/240  33906.8 ms
block 35/80 - 103/240  33938.7 ms
block 36/80 - 106/240  33817.5 ms
block 37/80 - 109/240  33840.0 ms
block 38/80 - 112/240  33853.1 ms
block 39/80 - 115/240  33860.8 ms
block 40/80 - 118/240  33861.3 ms
block 41/80 - 121/240  33869.7 ms
block 42/80 - 124/240  33868.4 ms
block 43/80 - 127/240  33849.6 ms
block 44/80 - 130/240  33860.0 ms
block 45/80 - 133/240  33866.1 ms
block 46/80 - 136/240  33854.1 ms
block 47/80 - 139/240  33869.3 ms
block 48/80 - 142/240  33865.0 ms
block 49/80 - 145/240  33844.7 ms
block 50/80 - 148/240  33871.5 ms
block 51/80 - 151/240  33858.1 ms
block 52/80 - 154/240  33845.3 ms
block 53/80 - 157/240  33874.6 ms
block 54/80 - 160/240  33860.3 ms
block 55/80 - 163/240  33862.7 ms
block 56/80 - 166/240  33881.3 ms
block 57/80 - 169/240  33864.0 ms
block 58/80 - 172/240  33864.4 ms
block 59/80 - 175/240  33856.5 ms
block 60/80 - 178/240  33781.1 ms
block 61/80 - 181/240  33802.0 ms
block 62/80 - 184/240  33855.1 ms
block 63/80 - 187/240  33882.0 ms
block 64/80 - 190/240  33861.8 ms
block 65/80 - 193/240  33855.3 ms
block 66/80 - 196/240  33884.7 ms
block 67/80 - 199/240  33867.5 ms
block 68/80 - 202/240  33862.5 ms
block 69/80 - 205/240  33964.1 ms
block 70/80 - 208/240  33939.7 ms
block 71/80 - 211/240  33867.3 ms
block 72/80 - 214/240  33876.0 ms
block 73/80 - 217/240  33862.6 ms
block 74/80 - 220/240  33863.5 ms
block 75/80 - 223/240  33881.6 ms
block 76/80 - 226/240  33864.3 ms
block 77/80 - 229/240  33857.6 ms
block 78/80 - 232/240  33883.0 ms
block 79/80 - 235/240  33861.5 ms
block 80/80 - 238/240  33854.9 ms
/apdcephfs_gy2/share_303214315/cedricnie/miniconda3/envs/longlive/lib/python3.10/site-packages/torchvision/io/_video_deprecation_warning.py:9: UserWarning: The video decoding and encoding capabilities of torchvision are deprecated from version 0.22 and will be removed in version 0.24. We recommend that you migrate to TorchCodec, where we'll consolidate the future decoding/encoding capabilities of PyTorch: https://github.com/pytorch/torchcodec
  warnings.warn(
[12/128] elapsed=47.1m  avg=235.3s/prompt  eta=454.8m
block 1/80 - 1/240  30102.0 ms
block 2/80 - 4/240  30927.0 ms
block 3/80 - 7/240  31462.1 ms
block 4/80 - 10/240  32173.0 ms
block 5/80 - 13/240  32780.0 ms
block 6/80 - 16/240  33475.8 ms
block 7/80 - 19/240  33604.8 ms
block 8/80 - 22/240  33484.4 ms
block 9/80 - 25/240  33496.4 ms
block 10/80 - 28/240  33572.6 ms
block 11/80 - 31/240  33584.3 ms
block 12/80 - 34/240  33577.0 ms
block 13/80 - 37/240  33754.8 ms
block 14/80 - 40/240  33763.5 ms
block 15/80 - 43/240  33762.7 ms
block 16/80 - 46/240  33757.7 ms
block 17/80 - 49/240  33799.4 ms
block 18/80 - 52/240  33782.6 ms
block 19/80 - 55/240  33780.6 ms
block 20/80 - 58/240  33799.4 ms
block 21/80 - 61/240  33818.0 ms
block 22/80 - 64/240  33820.2 ms
block 23/80 - 67/240  33811.1 ms
block 24/80 - 70/240  33808.2 ms
block 25/80 - 73/240  33795.4 ms
block 26/80 - 76/240  33849.4 ms
block 27/80 - 79/240  33837.3 ms
block 28/80 - 82/240  33850.0 ms
block 29/80 - 85/240  33828.2 ms
block 30/80 - 88/240  33811.6 ms
block 31/80 - 91/240  33819.6 ms
block 32/80 - 94/240  33832.3 ms
block 33/80 - 97/240  33829.5 ms
block 34/80 - 100/240  33842.0 ms
block 35/80 - 103/240  33865.2 ms
block 36/80 - 106/240  33877.3 ms
block 37/80 - 109/240  33871.5 ms
block 38/80 - 112/240  33854.5 ms
block 39/80 - 115/240  33776.2 ms
block 40/80 - 118/240  33872.2 ms
block 41/80 - 121/240  33876.4 ms
block 42/80 - 124/240  33882.6 ms
block 43/80 - 127/240  33877.5 ms
block 44/80 - 130/240  33873.9 ms
block 45/80 - 133/240  33876.1 ms
block 46/80 - 136/240  33915.3 ms
block 47/80 - 139/240  33855.3 ms
block 48/80 - 142/240  33824.9 ms
block 49/80 - 145/240  33802.9 ms
block 50/80 - 148/240  33814.4 ms
block 51/80 - 151/240  33832.6 ms
block 52/80 - 154/240  33777.6 ms
block 53/80 - 157/240  33875.1 ms
block 54/80 - 160/240  33868.7 ms
block 55/80 - 163/240  33882.2 ms
block 56/80 - 166/240  33864.9 ms
block 57/80 - 169/240  33874.4 ms
block 58/80 - 172/240  33882.4 ms
block 59/80 - 175/240  33882.0 ms
block 60/80 - 178/240  33861.1 ms
block 61/80 - 181/240  33815.2 ms
block 62/80 - 184/240  33829.7 ms
block 63/80 - 187/240  33868.9 ms
block 64/80 - 190/240  33860.2 ms
block 65/80 - 193/240  33879.9 ms
block 66/80 - 196/240  33888.1 ms
block 67/80 - 199/240  33884.9 ms
block 68/80 - 202/240  33884.0 ms
block 69/80 - 205/240  33888.9 ms
block 70/80 - 208/240  33866.6 ms
block 71/80 - 211/240  33867.1 ms
block 72/80 - 214/240  33874.7 ms
block 73/80 - 217/240  33863.0 ms
block 74/80 - 220/240  33803.8 ms
block 75/80 - 223/240  33870.1 ms
block 76/80 - 226/240  33813.0 ms
block 77/80 - 229/240  33886.1 ms
block 78/80 - 232/240  33882.7 ms
block 79/80 - 235/240  33864.4 ms
block 80/80 - 238/240  33885.1 ms
[28/128] elapsed=92.0m  avg=197.1s/prompt  eta=328.5m
block 1/80 - 1/240  29328.7 ms
block 2/80 - 4/240  31048.7 ms
block 3/80 - 7/240  31589.5 ms
block 4/80 - 10/240  32241.1 ms
block 5/80 - 13/240  32879.5 ms
block 6/80 - 16/240  33552.3 ms
block 7/80 - 19/240  33469.0 ms
block 8/80 - 22/240  33473.6 ms
block 9/80 - 25/240  33507.5 ms
block 10/80 - 28/240  33601.4 ms
block 11/80 - 31/240  33609.4 ms
block 12/80 - 34/240  33605.4 ms
block 13/80 - 37/240  33785.2 ms
block 14/80 - 40/240  33795.9 ms
block 15/80 - 43/240  33799.2 ms
block 16/80 - 46/240  33825.2 ms
block 17/80 - 49/240  33873.6 ms
block 18/80 - 52/240  33888.2 ms
block 19/80 - 55/240  33815.5 ms
block 20/80 - 58/240  33833.9 ms
block 21/80 - 61/240  33845.1 ms
block 22/80 - 64/240  33853.8 ms
block 23/80 - 67/240  33863.2 ms
block 24/80 - 70/240  33886.0 ms
block 25/80 - 73/240  33866.6 ms
block 26/80 - 76/240  33826.7 ms
block 27/80 - 79/240  33838.2 ms
block 28/80 - 82/240  33837.7 ms
block 29/80 - 85/240  33863.1 ms
block 30/80 - 88/240  33903.1 ms
block 31/80 - 91/240  33900.1 ms
block 32/80 - 94/240  33887.8 ms
block 33/80 - 97/240  33882.9 ms
block 34/80 - 100/240  33893.6 ms
block 35/80 - 103/240  33870.1 ms
block 36/80 - 106/240  33862.0 ms
block 37/80 - 109/240  33843.5 ms
block 38/80 - 112/240  33888.5 ms
block 39/80 - 115/240  33902.9 ms
block 40/80 - 118/240  33891.7 ms
block 41/80 - 121/240  33903.3 ms
block 42/80 - 124/240  33903.6 ms
block 43/80 - 127/240  33890.5 ms
block 44/80 - 130/240  33886.5 ms
block 45/80 - 133/240  33876.9 ms
block 46/80 - 136/240  33876.6 ms
block 47/80 - 139/240  33925.2 ms
block 48/80 - 142/240  33930.5 ms
block 49/80 - 145/240  33924.0 ms
block 50/80 - 148/240  33931.6 ms
block 51/80 - 151/240  33914.7 ms
block 52/80 - 154/240  33902.4 ms
block 53/80 - 157/240  33925.6 ms
block 54/80 - 160/240  33917.5 ms
block 55/80 - 163/240  33923.7 ms
block 56/80 - 166/240  33930.8 ms
block 57/80 - 169/240  33912.7 ms
block 58/80 - 172/240  33915.4 ms
block 59/80 - 175/240  33910.6 ms
block 60/80 - 178/240  33878.0 ms
block 61/80 - 181/240  33864.8 ms
block 62/80 - 184/240  33875.7 ms
block 63/80 - 187/240  33884.9 ms
block 64/80 - 190/240  33878.4 ms
block 65/80 - 193/240  33861.2 ms
block 66/80 - 196/240  33859.7 ms
block 67/80 - 199/240  33872.9 ms
block 68/80 - 202/240  33870.8 ms
block 69/80 - 205/240  33871.9 ms
block 70/80 - 208/240  33865.8 ms
block 71/80 - 211/240  33879.5 ms
block 72/80 - 214/240  33854.6 ms
block 73/80 - 217/240  33843.8 ms
block 74/80 - 220/240  33868.5 ms
block 75/80 - 223/240  33863.2 ms
block 76/80 - 226/240  33861.5 ms
block 77/80 - 229/240  33874.3 ms
block 78/80 - 232/240  33861.6 ms
block 79/80 - 235/240  33865.9 ms
block 80/80 - 238/240  33869.7 ms
[44/128] elapsed=136.9m  avg=186.7s/prompt  eta=261.4m
block 1/80 - 1/240  30323.1 ms
block 2/80 - 4/240  30808.6 ms
block 3/80 - 7/240  31579.3 ms
block 4/80 - 10/240  32292.4 ms
block 5/80 - 13/240  33067.4 ms
block 6/80 - 16/240  33604.1 ms
block 7/80 - 19/240  33609.3 ms
block 8/80 - 22/240  33522.2 ms
block 9/80 - 25/240  33489.1 ms
block 10/80 - 28/240  33586.1 ms
block 11/80 - 31/240  33588.2 ms
block 12/80 - 34/240  33585.9 ms
block 13/80 - 37/240  33742.5 ms
block 14/80 - 40/240  33755.3 ms
block 15/80 - 43/240  33828.3 ms
block 16/80 - 46/240  33772.5 ms
block 17/80 - 49/240  33816.8 ms
block 18/80 - 52/240  33934.0 ms
block 19/80 - 55/240  33868.9 ms
block 20/80 - 58/240  33881.4 ms
block 21/80 - 61/240  33868.5 ms
block 22/80 - 64/240  33866.9 ms
block 23/80 - 67/240  33873.0 ms
block 24/80 - 70/240  33871.9 ms
block 25/80 - 73/240  33874.4 ms
block 26/80 - 76/240  33849.8 ms
block 27/80 - 79/240  33845.2 ms
block 28/80 - 82/240  33973.3 ms
block 29/80 - 85/240  33791.6 ms
block 30/80 - 88/240  33851.4 ms
block 31/80 - 91/240  33880.1 ms
block 32/80 - 94/240  33778.9 ms
block 33/80 - 97/240  33780.8 ms
block 34/80 - 100/240  33864.4 ms
block 35/80 - 103/240  33831.3 ms
block 36/80 - 106/240  33865.8 ms
block 37/80 - 109/240  33790.7 ms
block 38/80 - 112/240  33836.9 ms
block 39/80 - 115/240  33822.6 ms
block 40/80 - 118/240  33861.8 ms
block 41/80 - 121/240  33855.8 ms
block 42/80 - 124/240  33864.4 ms
block 43/80 - 127/240  33819.5 ms
block 44/80 - 130/240  33866.2 ms
block 45/80 - 133/240  33872.6 ms
block 46/80 - 136/240  33890.9 ms
block 47/80 - 139/240  33898.2 ms
block 48/80 - 142/240  33887.9 ms
block 49/80 - 145/240  33909.3 ms
block 50/80 - 148/240  33899.8 ms
block 51/80 - 151/240  33846.0 ms
block 52/80 - 154/240  33871.3 ms
block 53/80 - 157/240  33826.7 ms
block 54/80 - 160/240  33848.4 ms
block 55/80 - 163/240  33846.1 ms
block 56/80 - 166/240  33872.5 ms
block 57/80 - 169/240  33879.5 ms
block 58/80 - 172/240  33870.4 ms
block 59/80 - 175/240  33857.4 ms
block 60/80 - 178/240  33856.5 ms
block 61/80 - 181/240  33821.7 ms
block 62/80 - 184/240  33845.6 ms
block 63/80 - 187/240  33836.4 ms
block 64/80 - 190/240  33848.5 ms
block 65/80 - 193/240  33861.0 ms
block 66/80 - 196/240  33873.3 ms
block 67/80 - 199/240  33862.3 ms
block 68/80 - 202/240  33869.8 ms
block 69/80 - 205/240  33858.6 ms
block 70/80 - 208/240  33895.9 ms
block 71/80 - 211/240  33940.0 ms
block 72/80 - 214/240  33902.6 ms
block 73/80 - 217/240  33922.0 ms
block 74/80 - 220/240  33875.7 ms
block 75/80 - 223/240  33909.8 ms
block 76/80 - 226/240  33920.6 ms
block 77/80 - 229/240  33919.7 ms
block 78/80 - 232/240  33917.5 ms
block 79/80 - 235/240  33938.6 ms
block 80/80 - 238/240  33921.6 ms
[60/128] elapsed=181.9m  avg=181.9s/prompt  eta=206.2m
block 1/80 - 1/240  29203.6 ms
block 2/80 - 4/240  30531.5 ms
block 3/80 - 7/240  31578.7 ms
block 4/80 - 10/240  32290.7 ms
block 5/80 - 13/240  32896.5 ms
block 6/80 - 16/240  33602.8 ms
block 7/80 - 19/240  33613.8 ms
block 8/80 - 22/240  33612.8 ms
block 9/80 - 25/240  33626.2 ms
block 10/80 - 28/240  33613.8 ms
block 11/80 - 31/240  33592.1 ms
block 12/80 - 34/240  33592.0 ms
block 13/80 - 37/240  33761.4 ms
block 14/80 - 40/240  33772.0 ms
block 15/80 - 43/240  33776.3 ms
block 16/80 - 46/240  33784.4 ms
block 17/80 - 49/240  33779.2 ms
block 18/80 - 52/240  33815.0 ms
block 19/80 - 55/240  33809.7 ms
block 20/80 - 58/240  33821.4 ms
block 21/80 - 61/240  33818.0 ms
block 22/80 - 64/240  33825.4 ms
block 23/80 - 67/240  33807.0 ms
block 24/80 - 70/240  33823.6 ms
block 25/80 - 73/240  33771.5 ms
block 26/80 - 76/240  33789.8 ms
block 27/80 - 79/240  33848.1 ms
block 28/80 - 82/240  33833.2 ms
block 29/80 - 85/240  33780.8 ms
block 30/80 - 88/240  33862.9 ms
block 31/80 - 91/240  33844.5 ms
block 32/80 - 94/240  33877.9 ms
block 33/80 - 97/240  33877.6 ms
block 34/80 - 100/240  33868.0 ms
block 35/80 - 103/240  33849.0 ms
block 36/80 - 106/240  33819.2 ms
block 37/80 - 109/240  33875.5 ms
block 38/80 - 112/240  33816.9 ms
block 39/80 - 115/240  33884.4 ms
block 40/80 - 118/240  33884.1 ms
block 41/80 - 121/240  33867.1 ms
block 42/80 - 124/240  33877.9 ms
block 43/80 - 127/240  33836.2 ms
block 44/80 - 130/240  33861.6 ms
block 45/80 - 133/240  33879.9 ms
block 46/80 - 136/240  33876.3 ms
block 47/80 - 139/240  33876.8 ms
block 48/80 - 142/240  33878.8 ms
block 49/80 - 145/240  33879.5 ms
block 50/80 - 148/240  33888.0 ms
block 51/80 - 151/240  33887.6 ms
block 52/80 - 154/240  33845.0 ms
block 53/80 - 157/240  33825.2 ms
block 54/80 - 160/240  33877.7 ms
block 55/80 - 163/240  33881.2 ms
block 56/80 - 166/240  33888.5 ms
block 57/80 - 169/240  33845.2 ms
block 58/80 - 172/240  33897.3 ms
block 59/80 - 175/240  33892.7 ms
block 60/80 - 178/240  33877.9 ms
block 61/80 - 181/240  33896.2 ms
block 62/80 - 184/240  33887.5 ms
block 63/80 - 187/240  33892.8 ms
block 64/80 - 190/240  33884.8 ms
block 65/80 - 193/240  33883.3 ms
block 66/80 - 196/240  33854.8 ms
block 67/80 - 199/240  33907.9 ms
block 68/80 - 202/240  33888.6 ms
block 69/80 - 205/240  33892.2 ms
block 70/80 - 208/240  33874.2 ms
block 71/80 - 211/240  33854.6 ms
block 72/80 - 214/240  33888.1 ms
block 73/80 - 217/240  33877.9 ms
block 74/80 - 220/240  33888.7 ms
block 75/80 - 223/240  33894.9 ms
block 76/80 - 226/240  33884.3 ms
block 77/80 - 229/240  33887.0 ms
block 78/80 - 232/240  33889.9 ms
block 79/80 - 235/240  33872.8 ms
block 80/80 - 238/240  33880.5 ms
[76/128] elapsed=226.8m  avg=179.1s/prompt  eta=155.2m
block 1/80 - 1/240  29282.3 ms
block 2/80 - 4/240  30823.1 ms
block 3/80 - 7/240  31519.9 ms
block 4/80 - 10/240  32296.7 ms
block 5/80 - 13/240  32895.7 ms
block 6/80 - 16/240  33605.2 ms
block 7/80 - 19/240  33609.5 ms
block 8/80 - 22/240  33578.9 ms
block 9/80 - 25/240  33600.5 ms
block 10/80 - 28/240  33590.9 ms
block 11/80 - 31/240  33599.1 ms
block 12/80 - 34/240  33624.0 ms
block 13/80 - 37/240  33820.6 ms
block 14/80 - 40/240  33880.3 ms
block 15/80 - 43/240  33908.1 ms
block 16/80 - 46/240  33881.1 ms
block 17/80 - 49/240  33901.8 ms
block 18/80 - 52/240  33895.1 ms
block 19/80 - 55/240  33879.4 ms
block 20/80 - 58/240  33873.5 ms
block 21/80 - 61/240  33895.0 ms
block 22/80 - 64/240  33912.7 ms
block 23/80 - 67/240  33888.2 ms
block 24/80 - 70/240  33900.1 ms
block 25/80 - 73/240  33905.3 ms
block 26/80 - 76/240  33853.6 ms
block 27/80 - 79/240  33840.5 ms
block 28/80 - 82/240  33826.4 ms
block 29/80 - 85/240  33864.6 ms
block 30/80 - 88/240  33918.2 ms
block 31/80 - 91/240  33873.1 ms
block 32/80 - 94/240  33833.9 ms
block 33/80 - 97/240  33882.3 ms
block 34/80 - 100/240  33889.2 ms
block 35/80 - 103/240  33845.9 ms
block 36/80 - 106/240  33871.1 ms
block 37/80 - 109/240  33882.4 ms
block 38/80 - 112/240  33871.8 ms
block 39/80 - 115/240  33874.3 ms
block 40/80 - 118/240  33887.4 ms
block 41/80 - 121/240  33891.9 ms
block 42/80 - 124/240  33807.6 ms
block 43/80 - 127/240  33847.9 ms
block 44/80 - 130/240  33851.6 ms
block 45/80 - 133/240  33814.0 ms
block 46/80 - 136/240  33853.4 ms
block 47/80 - 139/240  33857.0 ms
block 48/80 - 142/240  33867.4 ms
block 49/80 - 145/240  33862.5 ms
block 50/80 - 148/240  33845.1 ms
block 51/80 - 151/240  33859.8 ms
block 52/80 - 154/240  33863.4 ms
block 53/80 - 157/240  33856.8 ms
block 54/80 - 160/240  33872.4 ms
block 55/80 - 163/240  33868.8 ms
block 56/80 - 166/240  33870.5 ms
block 57/80 - 169/240  33873.4 ms
block 58/80 - 172/240  33845.2 ms
block 59/80 - 175/240  33862.5 ms
block 60/80 - 178/240  33836.0 ms
block 61/80 - 181/240  33816.8 ms
block 62/80 - 184/240  33867.3 ms
block 63/80 - 187/240  33867.0 ms
block 64/80 - 190/240  33878.1 ms
block 65/80 - 193/240  33858.4 ms
block 66/80 - 196/240  33873.2 ms
block 67/80 - 199/240  33873.5 ms
block 68/80 - 202/240  33849.7 ms
block 69/80 - 205/240  33854.3 ms
block 70/80 - 208/240  33884.8 ms
block 71/80 - 211/240  33865.4 ms
block 72/80 - 214/240  33835.3 ms
block 73/80 - 217/240  33864.4 ms
block 74/80 - 220/240  33862.7 ms
block 75/80 - 223/240  33867.0 ms
block 76/80 - 226/240  33855.0 ms
block 77/80 - 229/240  33814.0 ms
block 78/80 - 232/240  33750.8 ms
block 79/80 - 235/240  33856.5 ms
block 80/80 - 238/240  33863.9 ms
[92/128] elapsed=271.8m  avg=177.2s/prompt  eta=106.3m
block 1/80 - 1/240  30223.5 ms
block 2/80 - 4/240  30410.0 ms
block 3/80 - 7/240  31363.3 ms
block 4/80 - 10/240  32602.4 ms
block 5/80 - 13/240  32947.9 ms
block 6/80 - 16/240  33628.3 ms
block 7/80 - 19/240  33627.9 ms
block 8/80 - 22/240  33757.4 ms
block 9/80 - 25/240  33752.2 ms
block 10/80 - 28/240  34088.5 ms
block 11/80 - 31/240  33783.8 ms
block 12/80 - 34/240  33816.4 ms
block 13/80 - 37/240  33850.0 ms
block 14/80 - 40/240  33772.3 ms
block 15/80 - 43/240  33781.7 ms
block 16/80 - 46/240  33772.2 ms
block 17/80 - 49/240  33852.4 ms
block 18/80 - 52/240  33873.1 ms
block 19/80 - 55/240  33879.6 ms
block 20/80 - 58/240  33849.5 ms
block 21/80 - 61/240  33882.8 ms
block 22/80 - 64/240  33877.5 ms
block 23/80 - 67/240  33863.7 ms
block 24/80 - 70/240  33893.2 ms
block 25/80 - 73/240  33867.6 ms
block 26/80 - 76/240  33815.1 ms
block 27/80 - 79/240  33800.1 ms
block 28/80 - 82/240  33881.9 ms
block 29/80 - 85/240  33858.8 ms
block 30/80 - 88/240  33880.7 ms
block 31/80 - 91/240  33866.4 ms
block 32/80 - 94/240  33873.4 ms
block 33/80 - 97/240  33871.5 ms
block 34/80 - 100/240  33856.2 ms
block 35/80 - 103/240  33880.4 ms
block 36/80 - 106/240  33954.6 ms
block 37/80 - 109/240  33846.5 ms
block 38/80 - 112/240  33846.9 ms
block 39/80 - 115/240  33878.3 ms
block 40/80 - 118/240  33844.2 ms
block 41/80 - 121/240  33782.9 ms
block 42/80 - 124/240  33849.9 ms
block 43/80 - 127/240  33865.7 ms
block 44/80 - 130/240  33870.7 ms
block 45/80 - 133/240  33858.9 ms
block 46/80 - 136/240  33874.4 ms
block 47/80 - 139/240  33864.9 ms
block 48/80 - 142/240  33861.7 ms
block 49/80 - 145/240  33874.9 ms
block 50/80 - 148/240  33843.3 ms
block 51/80 - 151/240  33833.9 ms
block 52/80 - 154/240  33866.6 ms
block 53/80 - 157/240  33865.7 ms
block 54/80 - 160/240  33879.2 ms
block 55/80 - 163/240  33856.8 ms
block 56/80 - 166/240  33859.1 ms
block 57/80 - 169/240  33880.0 ms
block 58/80 - 172/240  33886.3 ms
block 59/80 - 175/240  33873.0 ms
block 60/80 - 178/240  33858.6 ms
block 61/80 - 181/240  33874.4 ms
block 62/80 - 184/240  33862.5 ms
block 63/80 - 187/240  33870.2 ms
block 64/80 - 190/240  33876.4 ms
block 65/80 - 193/240  33862.3 ms
block 66/80 - 196/240  33862.6 ms
block 67/80 - 199/240  33890.9 ms
block 68/80 - 202/240  33858.9 ms
block 69/80 - 205/240  33897.6 ms
block 70/80 - 208/240  33876.8 ms
block 71/80 - 211/240  33876.4 ms
block 72/80 - 214/240  33861.5 ms
block 73/80 - 217/240  33864.1 ms
block 74/80 - 220/240  33880.5 ms
block 75/80 - 223/240  33874.2 ms
block 76/80 - 226/240  33860.5 ms
block 77/80 - 229/240  33883.6 ms
block 78/80 - 232/240  33869.8 ms
block 79/80 - 235/240  33884.6 ms
block 80/80 - 238/240  33844.6 ms
[108/128] elapsed=316.7m  avg=176.0s/prompt  eta=58.7m
block 1/80 - 1/240  29146.0 ms
block 2/80 - 4/240  30346.7 ms
block 3/80 - 7/240  31204.1 ms
block 4/80 - 10/240  32292.0 ms
block 5/80 - 13/240  32895.8 ms
block 6/80 - 16/240  33606.1 ms
block 7/80 - 19/240  33613.5 ms
block 8/80 - 22/240  33618.1 ms
block 9/80 - 25/240  33669.5 ms
block 10/80 - 28/240  33746.8 ms
block 11/80 - 31/240  33745.6 ms
block 12/80 - 34/240  33751.4 ms
block 13/80 - 37/240  33878.2 ms
block 14/80 - 40/240  33783.8 ms
block 15/80 - 43/240  33825.1 ms
block 16/80 - 46/240  33849.7 ms
block 17/80 - 49/240  33840.6 ms
block 18/80 - 52/240  33876.1 ms
block 19/80 - 55/240  33890.9 ms
block 20/80 - 58/240  33783.2 ms
block 21/80 - 61/240  33850.7 ms
block 22/80 - 64/240  33880.5 ms
block 23/80 - 67/240  33840.9 ms
block 24/80 - 70/240  33855.8 ms
block 25/80 - 73/240  33839.6 ms
block 26/80 - 76/240  33870.7 ms
block 27/80 - 79/240  33866.1 ms
block 28/80 - 82/240  33873.6 ms
block 29/80 - 85/240  33866.1 ms
block 30/80 - 88/240  33863.1 ms
block 31/80 - 91/240  33873.5 ms
block 32/80 - 94/240  33875.4 ms
block 33/80 - 97/240  33884.9 ms
block 34/80 - 100/240  33864.7 ms
block 35/80 - 103/240  33866.0 ms
block 36/80 - 106/240  33864.7 ms
block 37/80 - 109/240  33871.8 ms
block 38/80 - 112/240  33883.0 ms
block 39/80 - 115/240  33889.7 ms
block 40/80 - 118/240  33877.1 ms
block 41/80 - 121/240  33856.1 ms
block 42/80 - 124/240  33820.0 ms
block 43/80 - 127/240  33848.4 ms
block 44/80 - 130/240  33862.5 ms
block 45/80 - 133/240  33877.6 ms
block 46/80 - 136/240  33866.6 ms
block 47/80 - 139/240  33880.0 ms
block 48/80 - 142/240  33860.3 ms
block 49/80 - 145/240  33785.5 ms
block 50/80 - 148/240  33826.1 ms
block 51/80 - 151/240  33842.3 ms
block 52/80 - 154/240  33873.1 ms
block 53/80 - 157/240  33883.4 ms
block 54/80 - 160/240  33878.4 ms
block 55/80 - 163/240  33869.8 ms
block 56/80 - 166/240  33877.4 ms
block 57/80 - 169/240  33878.5 ms
block 58/80 - 172/240  33873.3 ms
block 59/80 - 175/240  33869.7 ms
block 60/80 - 178/240  33875.8 ms
block 61/80 - 181/240  33864.0 ms
block 62/80 - 184/240  33883.5 ms
block 63/80 - 187/240  33871.8 ms
block 64/80 - 190/240  33869.6 ms
block 65/80 - 193/240  33856.8 ms
block 66/80 - 196/240  33867.3 ms
block 67/80 - 199/240  33880.2 ms
block 68/80 - 202/240  33873.9 ms
block 69/80 - 205/240  33892.2 ms
block 70/80 - 208/240  33883.1 ms
block 71/80 - 211/240  33884.2 ms
block 72/80 - 214/240  33880.3 ms
block 73/80 - 217/240  33899.7 ms
block 74/80 - 220/240  33877.6 ms
block 75/80 - 223/240  33891.5 ms
block 76/80 - 226/240  33887.3 ms
block 77/80 - 229/240  33886.4 ms
block 78/80 - 232/240  33892.5 ms
block 79/80 - 235/240  33889.3 ms
block 80/80 - 238/240  33885.8 ms
[124/128] elapsed=361.7m  avg=175.0s/prompt  eta=11.7m
