Running on a single GPU (cuda); skipping NCCL initialization.
Free VRAM 93.9378662109375 GB
Loading CUDA extension (first run compiles ~60s; cached run ~3s)...
CUDA extension ready in 143.0s.
[CacheCompatibilityPolicy] recent=20:0 coverage=21:360 episode=22:0 coverage_policy=retrieval budget=9FFE read_budget=9FFE owner=HeadComposition
KV inference with 3 frames per block
Number of prompts: 128
Prompt index range: [0, 128)
Loading PyramidKV config from /apdcephfs_gy2/share_303214315/cedricnie/develop/training-free/runs/v182_structured_coverage/inputs/maps/all_coverage_retrieval.csv
block 1/80 - 1/240  265273.2 ms
block 2/80 - 4/240  16823.2 ms
block 3/80 - 7/240  17462.8 ms
block 4/80 - 10/240  17891.6 ms
block 5/80 - 13/240  18153.6 ms
block 6/80 - 16/240  18709.7 ms
block 7/80 - 19/240  18713.9 ms
block 8/80 - 22/240  18784.5 ms
block 9/80 - 25/240  18791.2 ms
block 10/80 - 28/240  18852.7 ms
block 11/80 - 31/240  18876.3 ms
block 12/80 - 34/240  18879.1 ms
block 13/80 - 37/240  19036.3 ms
block 14/80 - 40/240  19036.1 ms
block 15/80 - 43/240  19035.3 ms
block 16/80 - 46/240  19037.8 ms
block 17/80 - 49/240  19035.2 ms
block 18/80 - 52/240  19187.6 ms
block 19/80 - 55/240  19203.6 ms
block 20/80 - 58/240  19196.7 ms
block 21/80 - 61/240  19200.8 ms
block 22/80 - 64/240  19190.1 ms
block 23/80 - 67/240  19192.2 ms
block 24/80 - 70/240  19144.2 ms
block 25/80 - 73/240  19159.9 ms
block 26/80 - 76/240  19181.6 ms
block 27/80 - 79/240  19172.4 ms
block 28/80 - 82/240  19198.2 ms
block 29/80 - 85/240  19185.2 ms
block 30/80 - 88/240  19168.8 ms
block 31/80 - 91/240  19158.9 ms
block 32/80 - 94/240  19170.7 ms
block 33/80 - 97/240  19197.9 ms
block 34/80 - 100/240  19198.4 ms
block 35/80 - 103/240  19202.8 ms
block 36/80 - 106/240  19168.9 ms
block 37/80 - 109/240  19198.5 ms
block 38/80 - 112/240  19190.2 ms
block 39/80 - 115/240  19058.5 ms
block 40/80 - 118/240  19055.0 ms
block 41/80 - 121/240  19048.0 ms
block 42/80 - 124/240  19051.2 ms
block 43/80 - 127/240  19047.8 ms
block 44/80 - 130/240  19062.2 ms
block 45/80 - 133/240  19067.8 ms
block 46/80 - 136/240  19046.0 ms
block 47/80 - 139/240  19051.3 ms
block 48/80 - 142/240  19071.8 ms
block 49/80 - 145/240  19061.0 ms
block 50/80 - 148/240  19061.9 ms
block 51/80 - 151/240  19053.4 ms
block 52/80 - 154/240  19054.3 ms
block 53/80 - 157/240  19046.7 ms
block 54/80 - 160/240  19050.2 ms
block 55/80 - 163/240  19050.5 ms
block 56/80 - 166/240  19057.4 ms
block 57/80 - 169/240  19053.9 ms
block 58/80 - 172/240  19048.2 ms
block 59/80 - 175/240  19054.1 ms
block 60/80 - 178/240  19048.0 ms
block 61/80 - 181/240  19052.1 ms
block 62/80 - 184/240  19051.0 ms
block 63/80 - 187/240  19048.4 ms
block 64/80 - 190/240  19053.4 ms
block 65/80 - 193/240  19056.4 ms
block 66/80 - 196/240  19054.5 ms
block 67/80 - 199/240  19060.6 ms
block 68/80 - 202/240  19051.5 ms
block 69/80 - 205/240  19115.0 ms
block 70/80 - 208/240  19076.4 ms
block 71/80 - 211/240  19045.4 ms
block 72/80 - 214/240  19059.6 ms
block 73/80 - 217/240  19052.7 ms
block 74/80 - 220/240  19051.4 ms
block 75/80 - 223/240  19052.5 ms
block 76/80 - 226/240  19052.4 ms
block 77/80 - 229/240  19051.1 ms
block 78/80 - 232/240  19065.3 ms
block 79/80 - 235/240  19054.5 ms
block 80/80 - 238/240  19052.7 ms
[1/128] elapsed=29.7m  avg=1783.7s/prompt  eta=3775.5m
/apdcephfs_gy2/share_303214315/cedricnie/miniconda3/envs/longlive/lib/python3.10/site-packages/torchvision/io/_video_deprecation_warning.py:9: UserWarning: The video decoding and encoding capabilities of torchvision are deprecated from version 0.22 and will be removed in version 0.24. We recommend that you migrate to TorchCodec, where we'll consolidate the future decoding/encoding capabilities of PyTorch: https://github.com/pytorch/torchcodec
  warnings.warn(
block 1/80 - 1/240  17437.0 ms
block 2/80 - 4/240  16954.5 ms
block 3/80 - 7/240  17309.3 ms
block 4/80 - 10/240  17842.2 ms
block 5/80 - 13/240  18154.4 ms
block 6/80 - 16/240  18615.0 ms
block 7/80 - 19/240  18870.0 ms
block 8/80 - 22/240  18689.6 ms
block 9/80 - 25/240  18769.7 ms
block 10/80 - 28/240  18763.9 ms
block 11/80 - 31/240  18843.2 ms
block 12/80 - 34/240  18843.2 ms
block 13/80 - 37/240  19052.8 ms
block 14/80 - 40/240  19055.6 ms
block 15/80 - 43/240  19042.0 ms
block 16/80 - 46/240  19043.1 ms
block 17/80 - 49/240  19039.5 ms
block 18/80 - 52/240  19041.0 ms
block 19/80 - 55/240  19040.1 ms
block 20/80 - 58/240  19045.0 ms
block 21/80 - 61/240  19056.5 ms
block 22/80 - 64/240  19037.6 ms
block 23/80 - 67/240  19042.5 ms
block 24/80 - 70/240  19043.7 ms
block 25/80 - 73/240  19083.8 ms
block 26/80 - 76/240  19050.9 ms
block 27/80 - 79/240  19044.3 ms
block 28/80 - 82/240  19044.2 ms
block 29/80 - 85/240  19044.6 ms
block 30/80 - 88/240  19041.8 ms
block 31/80 - 91/240  19046.7 ms
block 32/80 - 94/240  19046.4 ms
block 33/80 - 97/240  19044.5 ms
block 34/80 - 100/240  19065.1 ms
block 35/80 - 103/240  19047.7 ms
block 36/80 - 106/240  19049.4 ms
block 37/80 - 109/240  19056.1 ms
block 38/80 - 112/240  19051.4 ms
block 39/80 - 115/240  19072.8 ms
block 40/80 - 118/240  19046.4 ms
block 41/80 - 121/240  19048.6 ms
block 42/80 - 124/240  19044.8 ms
block 43/80 - 127/240  19041.1 ms
block 44/80 - 130/240  19053.7 ms
block 45/80 - 133/240  19050.2 ms
block 46/80 - 136/240  19042.8 ms
block 47/80 - 139/240  19043.3 ms
block 48/80 - 142/240  19050.1 ms
block 49/80 - 145/240  19042.5 ms
block 50/80 - 148/240  19055.7 ms
block 51/80 - 151/240  19042.4 ms
block 52/80 - 154/240  19060.3 ms
block 53/80 - 157/240  19040.4 ms
block 54/80 - 160/240  19042.8 ms
block 55/80 - 163/240  19044.2 ms
block 56/80 - 166/240  19048.7 ms
block 57/80 - 169/240  19066.9 ms
block 58/80 - 172/240  19156.3 ms
block 59/80 - 175/240  19036.5 ms
block 60/80 - 178/240  19102.0 ms
block 61/80 - 181/240  19251.1 ms
block 62/80 - 184/240  19043.3 ms
block 63/80 - 187/240  19042.2 ms
block 64/80 - 190/240  19042.7 ms
block 65/80 - 193/240  19045.7 ms
block 66/80 - 196/240  19058.6 ms
block 67/80 - 199/240  19048.4 ms
block 68/80 - 202/240  19047.3 ms
block 69/80 - 205/240  19049.2 ms
block 70/80 - 208/240  19050.6 ms
block 71/80 - 211/240  19044.8 ms
block 72/80 - 214/240  19044.0 ms
block 73/80 - 217/240  19050.4 ms
block 74/80 - 220/240  19050.4 ms
block 75/80 - 223/240  19046.3 ms
block 76/80 - 226/240  19047.0 ms
block 77/80 - 229/240  19050.6 ms
block 78/80 - 232/240  19075.2 ms
block 79/80 - 235/240  19064.1 ms
block 80/80 - 238/240  19044.9 ms
[17/128] elapsed=55.0m  avg=194.1s/prompt  eta=359.1m
block 1/80 - 1/240  17150.5 ms
block 2/80 - 4/240  16957.7 ms
block 3/80 - 7/240  17311.7 ms
block 4/80 - 10/240  17846.7 ms
block 5/80 - 13/240  18151.3 ms
block 6/80 - 16/240  18617.7 ms
block 7/80 - 19/240  18687.4 ms
block 8/80 - 22/240  18691.7 ms
block 9/80 - 25/240  18764.8 ms
block 10/80 - 28/240  18772.2 ms
block 11/80 - 31/240  18842.6 ms
block 12/80 - 34/240  18835.2 ms
block 13/80 - 37/240  19037.6 ms
block 14/80 - 40/240  19046.3 ms
block 15/80 - 43/240  19045.8 ms
block 16/80 - 46/240  19057.9 ms
block 17/80 - 49/240  19041.9 ms
block 18/80 - 52/240  19050.8 ms
block 19/80 - 55/240  19044.2 ms
block 20/80 - 58/240  19050.3 ms
block 21/80 - 61/240  19050.2 ms
block 22/80 - 64/240  19046.5 ms
block 23/80 - 67/240  19052.6 ms
block 24/80 - 70/240  19048.4 ms
block 25/80 - 73/240  19045.6 ms
block 26/80 - 76/240  19046.0 ms
block 27/80 - 79/240  19047.1 ms
block 28/80 - 82/240  19043.8 ms
block 29/80 - 85/240  19045.5 ms
block 30/80 - 88/240  19056.2 ms
block 31/80 - 91/240  19049.7 ms
block 32/80 - 94/240  19044.2 ms
block 33/80 - 97/240  19049.9 ms
block 34/80 - 100/240  19062.8 ms
block 35/80 - 103/240  19042.7 ms
block 36/80 - 106/240  19043.5 ms
block 37/80 - 109/240  19046.5 ms
block 38/80 - 112/240  19043.6 ms
block 39/80 - 115/240  19044.3 ms
block 40/80 - 118/240  19054.5 ms
block 41/80 - 121/240  19057.5 ms
block 42/80 - 124/240  19048.4 ms
block 43/80 - 127/240  19051.4 ms
block 44/80 - 130/240  19047.3 ms
block 45/80 - 133/240  19039.2 ms
block 46/80 - 136/240  19055.5 ms
block 47/80 - 139/240  19049.9 ms
block 48/80 - 142/240  19045.2 ms
block 49/80 - 145/240  19043.4 ms
block 50/80 - 148/240  19037.0 ms
block 51/80 - 151/240  19055.3 ms
block 52/80 - 154/240  19038.9 ms
block 53/80 - 157/240  19045.0 ms
block 54/80 - 160/240  19043.8 ms
block 55/80 - 163/240  19050.8 ms
block 56/80 - 166/240  19047.3 ms
block 57/80 - 169/240  19049.7 ms
block 58/80 - 172/240  19045.1 ms
block 59/80 - 175/240  19052.9 ms
block 60/80 - 178/240  19050.4 ms
block 61/80 - 181/240  19060.9 ms
block 62/80 - 184/240  19059.7 ms
block 63/80 - 187/240  19050.1 ms
block 64/80 - 190/240  19058.9 ms
block 65/80 - 193/240  19049.0 ms
block 66/80 - 196/240  19049.3 ms
block 67/80 - 199/240  19052.6 ms
block 68/80 - 202/240  19051.3 ms
block 69/80 - 205/240  19054.5 ms
block 70/80 - 208/240  19045.0 ms
block 71/80 - 211/240  19053.7 ms
block 72/80 - 214/240  19051.4 ms
block 73/80 - 217/240  19183.4 ms
block 74/80 - 220/240  19217.4 ms
block 75/80 - 223/240  19214.0 ms
block 76/80 - 226/240  19210.7 ms
block 77/80 - 229/240  19202.9 ms
block 78/80 - 232/240  19207.5 ms
block 79/80 - 235/240  19200.0 ms
block 80/80 - 238/240  19216.7 ms
[33/128] elapsed=80.3m  avg=146.0s/prompt  eta=231.1m
block 1/80 - 1/240  17237.3 ms
block 2/80 - 4/240  17130.3 ms
block 3/80 - 7/240  17315.1 ms
block 4/80 - 10/240  17841.1 ms
block 5/80 - 13/240  18155.3 ms
block 6/80 - 16/240  18623.1 ms
block 7/80 - 19/240  18692.7 ms
block 8/80 - 22/240  18692.6 ms
block 9/80 - 25/240  18765.1 ms
block 10/80 - 28/240  18764.4 ms
block 11/80 - 31/240  18843.7 ms
block 12/80 - 34/240  18837.0 ms
block 13/80 - 37/240  19045.2 ms
block 14/80 - 40/240  19047.0 ms
block 15/80 - 43/240  19046.6 ms
block 16/80 - 46/240  19055.4 ms
block 17/80 - 49/240  19057.8 ms
block 18/80 - 52/240  19066.0 ms
block 19/80 - 55/240  19051.4 ms
block 20/80 - 58/240  19048.2 ms
block 21/80 - 61/240  19053.1 ms
block 22/80 - 64/240  19048.4 ms
block 23/80 - 67/240  19066.2 ms
block 24/80 - 70/240  19049.3 ms
block 25/80 - 73/240  19050.7 ms
block 26/80 - 76/240  19044.6 ms
block 27/80 - 79/240  19057.4 ms
block 28/80 - 82/240  19049.1 ms
block 29/80 - 85/240  19059.3 ms
block 30/80 - 88/240  19057.8 ms
block 31/80 - 91/240  19050.7 ms
block 32/80 - 94/240  19058.0 ms
block 33/80 - 97/240  19047.4 ms
block 34/80 - 100/240  19050.0 ms
block 35/80 - 103/240  19091.4 ms
block 36/80 - 106/240  19049.1 ms
block 37/80 - 109/240  19063.2 ms
block 38/80 - 112/240  19055.9 ms
block 39/80 - 115/240  19052.0 ms
block 40/80 - 118/240  19064.1 ms
block 41/80 - 121/240  19070.6 ms
block 42/80 - 124/240  19065.6 ms
block 43/80 - 127/240  19054.9 ms
block 44/80 - 130/240  19070.4 ms
block 45/80 - 133/240  19057.9 ms
block 46/80 - 136/240  19059.2 ms
block 47/80 - 139/240  19082.8 ms
block 48/80 - 142/240  19062.7 ms
block 49/80 - 145/240  19051.6 ms
block 50/80 - 148/240  19069.4 ms
block 51/80 - 151/240  19065.1 ms
block 52/80 - 154/240  19052.4 ms
block 53/80 - 157/240  19075.1 ms
block 54/80 - 160/240  19057.4 ms
block 55/80 - 163/240  19055.0 ms
block 56/80 - 166/240  19057.6 ms
block 57/80 - 169/240  19072.7 ms
block 58/80 - 172/240  19066.8 ms
block 59/80 - 175/240  19070.9 ms
block 60/80 - 178/240  19065.9 ms
block 61/80 - 181/240  19069.1 ms
block 62/80 - 184/240  19063.6 ms
block 63/80 - 187/240  19083.5 ms
block 64/80 - 190/240  19090.7 ms
block 65/80 - 193/240  19068.9 ms
block 66/80 - 196/240  19075.6 ms
block 67/80 - 199/240  19081.5 ms
block 68/80 - 202/240  19092.4 ms
block 69/80 - 205/240  19087.4 ms
block 70/80 - 208/240  19087.2 ms
block 71/80 - 211/240  19074.7 ms
block 72/80 - 214/240  19098.6 ms
block 73/80 - 217/240  19090.2 ms
block 74/80 - 220/240  19097.9 ms
block 75/80 - 223/240  19075.0 ms
block 76/80 - 226/240  19068.3 ms
block 77/80 - 229/240  19081.9 ms
block 78/80 - 232/240  19076.5 ms
block 79/80 - 235/240  19067.1 ms
block 80/80 - 238/240  19083.2 ms
[49/128] elapsed=105.6m  avg=129.3s/prompt  eta=170.2m
block 1/80 - 1/240  17550.1 ms
block 2/80 - 4/240  16964.6 ms
block 3/80 - 7/240  17309.1 ms
block 4/80 - 10/240  17848.1 ms
block 5/80 - 13/240  18159.8 ms
block 6/80 - 16/240  18633.8 ms
block 7/80 - 19/240  18686.2 ms
block 8/80 - 22/240  18699.4 ms
block 9/80 - 25/240  18768.5 ms
block 10/80 - 28/240  19065.6 ms
block 11/80 - 31/240  18843.3 ms
block 12/80 - 34/240  18843.8 ms
block 13/80 - 37/240  19049.7 ms
block 14/80 - 40/240  19048.7 ms
block 15/80 - 43/240  19053.6 ms
block 16/80 - 46/240  19043.8 ms
block 17/80 - 49/240  19047.7 ms
block 18/80 - 52/240  19075.1 ms
block 19/80 - 55/240  19060.2 ms
block 20/80 - 58/240  19048.2 ms
block 21/80 - 61/240  19042.5 ms
block 22/80 - 64/240  19042.9 ms
block 23/80 - 67/240  19049.5 ms
block 24/80 - 70/240  19050.5 ms
block 25/80 - 73/240  19052.3 ms
block 26/80 - 76/240  19053.1 ms
block 27/80 - 79/240  19047.9 ms
block 28/80 - 82/240  19046.1 ms
block 29/80 - 85/240  19045.3 ms
block 30/80 - 88/240  19042.6 ms
block 31/80 - 91/240  19048.5 ms
block 32/80 - 94/240  19047.7 ms
block 33/80 - 97/240  19042.1 ms
block 34/80 - 100/240  19045.7 ms
block 35/80 - 103/240  19042.7 ms
block 36/80 - 106/240  19047.9 ms
block 37/80 - 109/240  19047.0 ms
block 38/80 - 112/240  19047.1 ms
block 39/80 - 115/240  19050.7 ms
block 40/80 - 118/240  19051.9 ms
block 41/80 - 121/240  19069.7 ms
block 42/80 - 124/240  19051.9 ms
block 43/80 - 127/240  19098.3 ms
block 44/80 - 130/240  19048.4 ms
block 45/80 - 133/240  19058.9 ms
block 46/80 - 136/240  19066.5 ms
block 47/80 - 139/240  19057.4 ms
block 48/80 - 142/240  19054.7 ms
block 49/80 - 145/240  19060.0 ms
block 50/80 - 148/240  19056.0 ms
block 51/80 - 151/240  19131.5 ms
block 52/80 - 154/240  19074.6 ms
block 53/80 - 157/240  19055.7 ms
block 54/80 - 160/240  19047.5 ms
block 55/80 - 163/240  19051.5 ms
block 56/80 - 166/240  19056.0 ms
block 57/80 - 169/240  19063.3 ms
block 58/80 - 172/240  19065.3 ms
block 59/80 - 175/240  19066.9 ms
block 60/80 - 178/240  19083.8 ms
block 61/80 - 181/240  19087.1 ms
block 62/80 - 184/240  19191.1 ms
block 63/80 - 187/240  19200.4 ms
block 64/80 - 190/240  19204.1 ms
block 65/80 - 193/240  19201.4 ms
block 66/80 - 196/240  19211.8 ms
block 67/80 - 199/240  19196.3 ms
block 68/80 - 202/240  19173.3 ms
block 69/80 - 205/240  19184.5 ms
block 70/80 - 208/240  19185.6 ms
block 71/80 - 211/240  19212.1 ms
block 72/80 - 214/240  19213.1 ms
block 73/80 - 217/240  19200.1 ms
block 74/80 - 220/240  19173.3 ms
block 75/80 - 223/240  19156.4 ms
block 76/80 - 226/240  19158.9 ms
block 77/80 - 229/240  19212.5 ms
block 78/80 - 232/240  19257.2 ms
block 79/80 - 235/240  19135.5 ms
block 80/80 - 238/240  19124.6 ms
[65/128] elapsed=130.9m  avg=120.8s/prompt  eta=126.8m
block 1/80 - 1/240  17263.9 ms
block 2/80 - 4/240  16959.7 ms
block 3/80 - 7/240  17311.9 ms
block 4/80 - 10/240  17848.3 ms
block 5/80 - 13/240  18153.5 ms
block 6/80 - 16/240  18633.6 ms
block 7/80 - 19/240  18688.2 ms
block 8/80 - 22/240  18705.9 ms
block 9/80 - 25/240  18765.6 ms
block 10/80 - 28/240  18767.5 ms
block 11/80 - 31/240  18841.2 ms
block 12/80 - 34/240  18853.0 ms
block 13/80 - 37/240  19036.0 ms
block 14/80 - 40/240  19045.8 ms
block 15/80 - 43/240  19034.8 ms
block 16/80 - 46/240  19037.2 ms
block 17/80 - 49/240  19038.4 ms
block 18/80 - 52/240  19044.6 ms
block 19/80 - 55/240  19043.8 ms
block 20/80 - 58/240  19072.0 ms
block 21/80 - 61/240  19055.9 ms
block 22/80 - 64/240  19046.6 ms
block 23/80 - 67/240  19059.7 ms
block 24/80 - 70/240  19044.7 ms
block 25/80 - 73/240  19059.8 ms
block 26/80 - 76/240  19055.6 ms
block 27/80 - 79/240  19053.1 ms
block 28/80 - 82/240  19058.9 ms
block 29/80 - 85/240  19048.9 ms
block 30/80 - 88/240  19070.8 ms
block 31/80 - 91/240  19110.0 ms
block 32/80 - 94/240  19053.5 ms
block 33/80 - 97/240  19050.8 ms
block 34/80 - 100/240  19056.1 ms
block 35/80 - 103/240  19048.8 ms
block 36/80 - 106/240  19053.2 ms
block 37/80 - 109/240  19052.6 ms
block 38/80 - 112/240  19061.4 ms
block 39/80 - 115/240  19039.8 ms
block 40/80 - 118/240  19047.7 ms
block 41/80 - 121/240  19039.6 ms
block 42/80 - 124/240  19054.7 ms
block 43/80 - 127/240  19058.4 ms
block 44/80 - 130/240  19108.6 ms
block 45/80 - 133/240  19043.4 ms
block 46/80 - 136/240  19038.7 ms
block 47/80 - 139/240  19038.4 ms
block 48/80 - 142/240  19046.5 ms
block 49/80 - 145/240  19047.0 ms
block 50/80 - 148/240  19044.5 ms
block 51/80 - 151/240  19048.9 ms
block 52/80 - 154/240  19046.2 ms
block 53/80 - 157/240  19040.2 ms
block 54/80 - 160/240  19046.0 ms
block 55/80 - 163/240  19045.3 ms
block 56/80 - 166/240  19044.2 ms
block 57/80 - 169/240  19042.1 ms
block 58/80 - 172/240  19050.1 ms
block 59/80 - 175/240  19049.2 ms
block 60/80 - 178/240  19047.9 ms
block 61/80 - 181/240  19045.1 ms
block 62/80 - 184/240  19050.3 ms
block 63/80 - 187/240  19053.4 ms
block 64/80 - 190/240  19049.5 ms
block 65/80 - 193/240  19045.6 ms
block 66/80 - 196/240  19052.1 ms
block 67/80 - 199/240  19055.3 ms
block 68/80 - 202/240  19045.3 ms
block 69/80 - 205/240  19040.9 ms
block 70/80 - 208/240  19042.6 ms
block 71/80 - 211/240  19077.8 ms
block 72/80 - 214/240  19050.8 ms
block 73/80 - 217/240  19054.4 ms
block 74/80 - 220/240  19050.3 ms
block 75/80 - 223/240  19063.7 ms
block 76/80 - 226/240  19042.3 ms
block 77/80 - 229/240  19049.9 ms
block 78/80 - 232/240  19055.4 ms
block 79/80 - 235/240  19063.4 ms
block 80/80 - 238/240  19079.9 ms
[81/128] elapsed=156.1m  avg=115.7s/prompt  eta=90.6m
block 1/80 - 1/240  17831.9 ms
block 2/80 - 4/240  17101.2 ms
block 3/80 - 7/240  17390.8 ms
block 4/80 - 10/240  17860.5 ms
block 5/80 - 13/240  18193.0 ms
block 6/80 - 16/240  18908.6 ms
block 7/80 - 19/240  18796.1 ms
block 8/80 - 22/240  18754.9 ms
block 9/80 - 25/240  18785.6 ms
block 10/80 - 28/240  18843.2 ms
block 11/80 - 31/240  18950.0 ms
block 12/80 - 34/240  18889.7 ms
block 13/80 - 37/240  19028.6 ms
block 14/80 - 40/240  19044.1 ms
block 15/80 - 43/240  19054.6 ms
block 16/80 - 46/240  19044.3 ms
block 17/80 - 49/240  19044.9 ms
block 18/80 - 52/240  19055.9 ms
block 19/80 - 55/240  19045.1 ms
block 20/80 - 58/240  19038.8 ms
block 21/80 - 61/240  19103.0 ms
block 22/80 - 64/240  19046.7 ms
block 23/80 - 67/240  19101.7 ms
block 24/80 - 70/240  19110.2 ms
block 25/80 - 73/240  19040.2 ms
block 26/80 - 76/240  19056.9 ms
block 27/80 - 79/240  19036.7 ms
block 28/80 - 82/240  19021.2 ms
block 29/80 - 85/240  19054.0 ms
block 30/80 - 88/240  19045.7 ms
block 31/80 - 91/240  19045.7 ms
block 32/80 - 94/240  19045.9 ms
block 33/80 - 97/240  19051.3 ms
block 34/80 - 100/240  19049.7 ms
block 35/80 - 103/240  19061.0 ms
block 36/80 - 106/240  19060.2 ms
block 37/80 - 109/240  19056.4 ms
block 38/80 - 112/240  19055.4 ms
block 39/80 - 115/240  19050.6 ms
block 40/80 - 118/240  19075.5 ms
block 41/80 - 121/240  19057.4 ms
block 42/80 - 124/240  19066.4 ms
block 43/80 - 127/240  19055.0 ms
block 44/80 - 130/240  19052.1 ms
block 45/80 - 133/240  19067.5 ms
block 46/80 - 136/240  19051.8 ms
block 47/80 - 139/240  19046.4 ms
block 48/80 - 142/240  19055.2 ms
block 49/80 - 145/240  19048.5 ms
block 50/80 - 148/240  19052.7 ms
block 51/80 - 151/240  19051.6 ms
block 52/80 - 154/240  19049.6 ms
block 53/80 - 157/240  19057.7 ms
block 54/80 - 160/240  19050.5 ms
block 55/80 - 163/240  19048.6 ms
block 56/80 - 166/240  19037.7 ms
block 57/80 - 169/240  19042.0 ms
block 58/80 - 172/240  19046.5 ms
block 59/80 - 175/240  19052.2 ms
block 60/80 - 178/240  19052.8 ms
block 61/80 - 181/240  19052.5 ms
block 62/80 - 184/240  19057.3 ms
block 63/80 - 187/240  19055.7 ms
block 64/80 - 190/240  19049.7 ms
block 65/80 - 193/240  19102.4 ms
block 66/80 - 196/240  19119.8 ms
block 67/80 - 199/240  19128.8 ms
block 68/80 - 202/240  19115.9 ms
block 69/80 - 205/240  19123.2 ms
block 70/80 - 208/240  19053.3 ms
block 71/80 - 211/240  19055.7 ms
block 72/80 - 214/240  19083.1 ms
block 73/80 - 217/240  19056.8 ms
block 74/80 - 220/240  19051.6 ms
block 75/80 - 223/240  19112.8 ms
block 76/80 - 226/240  19106.4 ms
block 77/80 - 229/240  19111.2 ms
block 78/80 - 232/240  19071.2 ms
block 79/80 - 235/240  19102.3 ms
block 80/80 - 238/240  19062.3 ms
[97/128] elapsed=181.4m  avg=112.2s/prompt  eta=58.0m
block 1/80 - 1/240  17332.7 ms
block 2/80 - 4/240  16959.5 ms
block 3/80 - 7/240  17320.4 ms
block 4/80 - 10/240  17851.2 ms
block 5/80 - 13/240  18153.4 ms
block 6/80 - 16/240  18616.0 ms
block 7/80 - 19/240  18684.3 ms
block 8/80 - 22/240  18688.4 ms
block 9/80 - 25/240  18763.0 ms
block 10/80 - 28/240  18773.7 ms
block 11/80 - 31/240  18843.1 ms
block 12/80 - 34/240  18845.2 ms
block 13/80 - 37/240  19038.6 ms
block 14/80 - 40/240  19038.7 ms
block 15/80 - 43/240  19045.4 ms
block 16/80 - 46/240  19050.0 ms
block 17/80 - 49/240  19047.2 ms
block 18/80 - 52/240  19039.7 ms
block 19/80 - 55/240  19040.8 ms
block 20/80 - 58/240  19052.5 ms
block 21/80 - 61/240  19040.5 ms
block 22/80 - 64/240  19052.0 ms
block 23/80 - 67/240  19069.0 ms
block 24/80 - 70/240  19043.3 ms
block 25/80 - 73/240  19050.3 ms
block 26/80 - 76/240  19046.8 ms
block 27/80 - 79/240  19045.5 ms
block 28/80 - 82/240  19052.1 ms
block 29/80 - 85/240  19051.2 ms
block 30/80 - 88/240  19050.1 ms
block 31/80 - 91/240  19073.6 ms
block 32/80 - 94/240  19067.8 ms
block 33/80 - 97/240  19050.0 ms
block 34/80 - 100/240  19048.5 ms
block 35/80 - 103/240  19049.0 ms
block 36/80 - 106/240  19046.2 ms
block 37/80 - 109/240  19045.5 ms
block 38/80 - 112/240  19094.6 ms
block 39/80 - 115/240  19031.9 ms
block 40/80 - 118/240  19061.8 ms
block 41/80 - 121/240  19054.8 ms
block 42/80 - 124/240  19131.0 ms
block 43/80 - 127/240  19043.9 ms
block 44/80 - 130/240  19046.4 ms
block 45/80 - 133/240  19052.7 ms
block 46/80 - 136/240  19052.3 ms
block 47/80 - 139/240  19058.4 ms
block 48/80 - 142/240  19053.1 ms
block 49/80 - 145/240  19049.6 ms
block 50/80 - 148/240  19049.0 ms
block 51/80 - 151/240  19056.3 ms
block 52/80 - 154/240  19093.8 ms
block 53/80 - 157/240  19051.9 ms
block 54/80 - 160/240  19102.2 ms
block 55/80 - 163/240  19056.3 ms
block 56/80 - 166/240  19084.1 ms
block 57/80 - 169/240  19057.2 ms
block 58/80 - 172/240  19047.6 ms
block 59/80 - 175/240  19061.0 ms
block 60/80 - 178/240  19045.0 ms
block 61/80 - 181/240  19052.8 ms
block 62/80 - 184/240  19046.8 ms
block 63/80 - 187/240  19053.5 ms
block 64/80 - 190/240  19054.9 ms
block 65/80 - 193/240  19063.2 ms
block 66/80 - 196/240  19048.3 ms
block 67/80 - 199/240  19057.8 ms
block 68/80 - 202/240  19060.6 ms
block 69/80 - 205/240  19075.3 ms
block 70/80 - 208/240  19059.2 ms
block 71/80 - 211/240  19060.5 ms
block 72/80 - 214/240  19059.2 ms
block 73/80 - 217/240  19046.8 ms
block 74/80 - 220/240  19090.8 ms
block 75/80 - 223/240  19090.0 ms
block 76/80 - 226/240  19092.4 ms
block 77/80 - 229/240  19090.4 ms
block 78/80 - 232/240  19085.8 ms
block 79/80 - 235/240  19086.4 ms
block 80/80 - 238/240  19083.2 ms
[113/128] elapsed=206.7m  avg=109.8s/prompt  eta=27.4m
