Running on a single GPU (cuda); skipping NCCL initialization.
Free VRAM 93.9398193359375 GB
Loading CUDA extension (first run compiles ~60s; cached run ~3s)...
CUDA extension ready in 143.0s.
[CacheCompatibilityPolicy] recent=20:0 coverage=21:360 episode=22:0 coverage_policy=retrieval budget=9FFE read_budget=9FFE owner=HeadComposition
KV inference with 3 frames per block
Number of prompts: 128
Prompt index range: [0, 128)
Loading PyramidKV config from /apdcephfs_gy2/share_303214315/cedricnie/develop/training-free/runs/v182_structured_coverage/inputs/maps/all_coverage_retrieval.csv
block 1/80 - 1/240  265274.3 ms
block 2/80 - 4/240  16823.5 ms
block 3/80 - 7/240  17484.2 ms
block 4/80 - 10/240  17760.3 ms
block 5/80 - 13/240  18148.5 ms
block 6/80 - 16/240  18692.9 ms
block 7/80 - 19/240  18701.4 ms
block 8/80 - 22/240  18746.8 ms
block 9/80 - 25/240  18811.2 ms
block 10/80 - 28/240  18839.0 ms
block 11/80 - 31/240  18869.0 ms
block 12/80 - 34/240  18863.3 ms
block 13/80 - 37/240  19035.5 ms
block 14/80 - 40/240  19028.4 ms
block 15/80 - 43/240  19034.8 ms
block 16/80 - 46/240  19029.9 ms
block 17/80 - 49/240  19036.4 ms
block 18/80 - 52/240  19030.2 ms
block 19/80 - 55/240  19027.6 ms
block 20/80 - 58/240  19043.1 ms
block 21/80 - 61/240  19033.8 ms
block 22/80 - 64/240  19039.7 ms
block 23/80 - 67/240  19041.9 ms
block 24/80 - 70/240  19038.1 ms
block 25/80 - 73/240  19037.8 ms
block 26/80 - 76/240  19040.8 ms
block 27/80 - 79/240  19033.0 ms
block 28/80 - 82/240  19033.5 ms
block 29/80 - 85/240  19074.1 ms
block 30/80 - 88/240  19047.1 ms
block 31/80 - 91/240  19038.1 ms
block 32/80 - 94/240  19033.6 ms
block 33/80 - 97/240  19039.2 ms
block 34/80 - 100/240  19116.8 ms
block 35/80 - 103/240  18959.5 ms
block 36/80 - 106/240  19044.5 ms
block 37/80 - 109/240  19042.9 ms
block 38/80 - 112/240  19043.3 ms
block 39/80 - 115/240  19069.7 ms
block 40/80 - 118/240  19031.0 ms
block 41/80 - 121/240  19037.0 ms
block 42/80 - 124/240  19046.9 ms
block 43/80 - 127/240  19043.4 ms
block 44/80 - 130/240  19059.9 ms
block 45/80 - 133/240  19047.6 ms
block 46/80 - 136/240  19072.0 ms
block 47/80 - 139/240  19040.4 ms
block 48/80 - 142/240  19049.1 ms
block 49/80 - 145/240  19075.5 ms
block 50/80 - 148/240  19039.1 ms
block 51/80 - 151/240  19042.7 ms
block 52/80 - 154/240  19040.3 ms
block 53/80 - 157/240  19042.4 ms
block 54/80 - 160/240  19042.2 ms
block 55/80 - 163/240  19036.9 ms
block 56/80 - 166/240  19038.8 ms
block 57/80 - 169/240  19033.5 ms
block 58/80 - 172/240  19046.0 ms
block 59/80 - 175/240  19038.5 ms
block 60/80 - 178/240  19055.4 ms
block 61/80 - 181/240  19041.2 ms
block 62/80 - 184/240  19081.3 ms
block 63/80 - 187/240  19032.8 ms
block 64/80 - 190/240  19034.2 ms
block 65/80 - 193/240  19051.7 ms
block 66/80 - 196/240  19039.1 ms
block 67/80 - 199/240  19034.6 ms
block 68/80 - 202/240  19040.0 ms
block 69/80 - 205/240  19037.4 ms
block 70/80 - 208/240  19119.2 ms
block 71/80 - 211/240  19040.3 ms
block 72/80 - 214/240  19038.1 ms
block 73/80 - 217/240  19065.6 ms
block 74/80 - 220/240  19037.4 ms
block 75/80 - 223/240  19039.9 ms
block 76/80 - 226/240  19037.2 ms
block 77/80 - 229/240  19042.6 ms
block 78/80 - 232/240  19040.9 ms
block 79/80 - 235/240  19055.5 ms
block 80/80 - 238/240  19057.4 ms
[5/128] elapsed=29.7m  avg=356.1s/prompt  eta=730.1m
/apdcephfs_gy2/share_303214315/cedricnie/miniconda3/envs/longlive/lib/python3.10/site-packages/torchvision/io/_video_deprecation_warning.py:9: UserWarning: The video decoding and encoding capabilities of torchvision are deprecated from version 0.22 and will be removed in version 0.24. We recommend that you migrate to TorchCodec, where we'll consolidate the future decoding/encoding capabilities of PyTorch: https://github.com/pytorch/torchcodec
  warnings.warn(
block 1/80 - 1/240  17460.8 ms
block 2/80 - 4/240  16958.4 ms
block 3/80 - 7/240  17311.0 ms
block 4/80 - 10/240  17752.4 ms
block 5/80 - 13/240  18145.6 ms
block 6/80 - 16/240  18615.3 ms
block 7/80 - 19/240  18880.2 ms
block 8/80 - 22/240  18685.3 ms
block 9/80 - 25/240  18752.5 ms
block 10/80 - 28/240  18758.1 ms
block 11/80 - 31/240  18831.8 ms
block 12/80 - 34/240  18830.8 ms
block 13/80 - 37/240  19033.3 ms
block 14/80 - 40/240  19024.7 ms
block 15/80 - 43/240  19031.4 ms
block 16/80 - 46/240  19037.2 ms
block 17/80 - 49/240  19043.6 ms
block 18/80 - 52/240  19034.6 ms
block 19/80 - 55/240  19031.9 ms
block 20/80 - 58/240  19036.0 ms
block 21/80 - 61/240  19031.8 ms
block 22/80 - 64/240  19036.9 ms
block 23/80 - 67/240  19040.5 ms
block 24/80 - 70/240  19039.8 ms
block 25/80 - 73/240  19032.9 ms
block 26/80 - 76/240  19043.1 ms
block 27/80 - 79/240  19058.0 ms
block 28/80 - 82/240  19040.9 ms
block 29/80 - 85/240  19043.7 ms
block 30/80 - 88/240  19043.4 ms
block 31/80 - 91/240  19037.3 ms
block 32/80 - 94/240  19042.7 ms
block 33/80 - 97/240  19041.6 ms
block 34/80 - 100/240  19056.0 ms
block 35/80 - 103/240  19054.5 ms
block 36/80 - 106/240  19079.7 ms
block 37/80 - 109/240  19037.2 ms
block 38/80 - 112/240  19041.5 ms
block 39/80 - 115/240  19034.1 ms
block 40/80 - 118/240  19234.2 ms
block 41/80 - 121/240  19042.0 ms
block 42/80 - 124/240  19040.5 ms
block 43/80 - 127/240  19059.4 ms
block 44/80 - 130/240  19047.6 ms
block 45/80 - 133/240  19048.1 ms
block 46/80 - 136/240  19038.8 ms
block 47/80 - 139/240  19049.3 ms
block 48/80 - 142/240  19045.2 ms
block 49/80 - 145/240  19067.7 ms
block 50/80 - 148/240  19052.6 ms
block 51/80 - 151/240  19038.6 ms
block 52/80 - 154/240  19037.5 ms
block 53/80 - 157/240  19036.4 ms
block 54/80 - 160/240  19035.2 ms
block 55/80 - 163/240  19037.7 ms
block 56/80 - 166/240  19037.5 ms
block 57/80 - 169/240  19077.3 ms
block 58/80 - 172/240  19044.7 ms
block 59/80 - 175/240  19065.5 ms
block 60/80 - 178/240  19147.9 ms
block 61/80 - 181/240  19053.9 ms
block 62/80 - 184/240  19048.7 ms
block 63/80 - 187/240  19045.1 ms
block 64/80 - 190/240  19042.0 ms
block 65/80 - 193/240  19035.7 ms
block 66/80 - 196/240  19035.7 ms
block 67/80 - 199/240  19040.9 ms
block 68/80 - 202/240  19037.3 ms
block 69/80 - 205/240  19047.9 ms
block 70/80 - 208/240  19049.4 ms
block 71/80 - 211/240  19042.9 ms
block 72/80 - 214/240  19038.3 ms
block 73/80 - 217/240  19036.9 ms
block 74/80 - 220/240  19062.7 ms
block 75/80 - 223/240  19058.0 ms
block 76/80 - 226/240  19064.8 ms
block 77/80 - 229/240  19058.0 ms
block 78/80 - 232/240  19054.0 ms
block 79/80 - 235/240  19055.7 ms
block 80/80 - 238/240  19061.7 ms
[21/128] elapsed=55.0m  avg=157.0s/prompt  eta=280.0m
block 1/80 - 1/240  17245.0 ms
block 2/80 - 4/240  16949.3 ms
block 3/80 - 7/240  17306.0 ms
block 4/80 - 10/240  17749.4 ms
block 5/80 - 13/240  18148.7 ms
block 6/80 - 16/240  18607.8 ms
block 7/80 - 19/240  18676.8 ms
block 8/80 - 22/240  18679.5 ms
block 9/80 - 25/240  18755.9 ms
block 10/80 - 28/240  18759.0 ms
block 11/80 - 31/240  18831.5 ms
block 12/80 - 34/240  18842.4 ms
block 13/80 - 37/240  19038.3 ms
block 14/80 - 40/240  19040.2 ms
block 15/80 - 43/240  19041.3 ms
block 16/80 - 46/240  19040.8 ms
block 17/80 - 49/240  19034.6 ms
block 18/80 - 52/240  19036.5 ms
block 19/80 - 55/240  19034.5 ms
block 20/80 - 58/240  19037.0 ms
block 21/80 - 61/240  19039.5 ms
block 22/80 - 64/240  19041.0 ms
block 23/80 - 67/240  19040.8 ms
block 24/80 - 70/240  19054.2 ms
block 25/80 - 73/240  19037.6 ms
block 26/80 - 76/240  19042.4 ms
block 27/80 - 79/240  19051.4 ms
block 28/80 - 82/240  19039.2 ms
block 29/80 - 85/240  19043.4 ms
block 30/80 - 88/240  19057.1 ms
block 31/80 - 91/240  19038.5 ms
block 32/80 - 94/240  19038.9 ms
block 33/80 - 97/240  19045.9 ms
block 34/80 - 100/240  19042.2 ms
block 35/80 - 103/240  19045.9 ms
block 36/80 - 106/240  19045.4 ms
block 37/80 - 109/240  19043.9 ms
block 38/80 - 112/240  19040.9 ms
block 39/80 - 115/240  19053.9 ms
block 40/80 - 118/240  19051.7 ms
block 41/80 - 121/240  19049.3 ms
block 42/80 - 124/240  19044.1 ms
block 43/80 - 127/240  19060.2 ms
block 44/80 - 130/240  19056.1 ms
block 45/80 - 133/240  19056.8 ms
block 46/80 - 136/240  19053.8 ms
block 47/80 - 139/240  19073.3 ms
block 48/80 - 142/240  19062.5 ms
block 49/80 - 145/240  19054.7 ms
block 50/80 - 148/240  19081.1 ms
block 51/80 - 151/240  19050.8 ms
block 52/80 - 154/240  19055.7 ms
block 53/80 - 157/240  19053.4 ms
block 54/80 - 160/240  19054.6 ms
block 55/80 - 163/240  19048.2 ms
block 56/80 - 166/240  19050.7 ms
block 57/80 - 169/240  19052.8 ms
block 58/80 - 172/240  19044.1 ms
block 59/80 - 175/240  19039.4 ms
block 60/80 - 178/240  19057.9 ms
block 61/80 - 181/240  19048.1 ms
block 62/80 - 184/240  19061.5 ms
block 63/80 - 187/240  19041.9 ms
block 64/80 - 190/240  19044.0 ms
block 65/80 - 193/240  19051.6 ms
block 66/80 - 196/240  19057.4 ms
block 67/80 - 199/240  19046.5 ms
block 68/80 - 202/240  19043.9 ms
block 69/80 - 205/240  19045.3 ms
block 70/80 - 208/240  19042.2 ms
block 71/80 - 211/240  19039.9 ms
block 72/80 - 214/240  19045.3 ms
block 73/80 - 217/240  19041.3 ms
block 74/80 - 220/240  19044.8 ms
block 75/80 - 223/240  19047.3 ms
block 76/80 - 226/240  19047.9 ms
block 77/80 - 229/240  19058.6 ms
block 78/80 - 232/240  19042.2 ms
block 79/80 - 235/240  19052.3 ms
block 80/80 - 238/240  19042.9 ms
[37/128] elapsed=80.2m  avg=130.1s/prompt  eta=197.3m
block 1/80 - 1/240  17244.6 ms
block 2/80 - 4/240  17136.8 ms
block 3/80 - 7/240  17340.5 ms
block 4/80 - 10/240  17752.1 ms
block 5/80 - 13/240  18167.1 ms
block 6/80 - 16/240  18618.9 ms
block 7/80 - 19/240  18676.7 ms
block 8/80 - 22/240  18682.0 ms
block 9/80 - 25/240  18763.1 ms
block 10/80 - 28/240  18755.0 ms
block 11/80 - 31/240  18832.1 ms
block 12/80 - 34/240  18831.7 ms
block 13/80 - 37/240  19029.7 ms
block 14/80 - 40/240  19042.8 ms
block 15/80 - 43/240  19048.2 ms
block 16/80 - 46/240  19017.6 ms
block 17/80 - 49/240  19035.8 ms
block 18/80 - 52/240  19367.3 ms
block 19/80 - 55/240  19040.6 ms
block 20/80 - 58/240  19046.6 ms
block 21/80 - 61/240  19051.1 ms
block 22/80 - 64/240  19044.7 ms
block 23/80 - 67/240  19035.2 ms
block 24/80 - 70/240  19042.7 ms
block 25/80 - 73/240  19036.1 ms
block 26/80 - 76/240  19043.2 ms
block 27/80 - 79/240  19064.7 ms
block 28/80 - 82/240  19041.9 ms
block 29/80 - 85/240  19034.7 ms
block 30/80 - 88/240  19052.9 ms
block 31/80 - 91/240  19047.4 ms
block 32/80 - 94/240  19035.9 ms
block 33/80 - 97/240  19037.6 ms
block 34/80 - 100/240  19034.1 ms
block 35/80 - 103/240  19043.5 ms
block 36/80 - 106/240  19043.2 ms
block 37/80 - 109/240  19042.2 ms
block 38/80 - 112/240  19048.1 ms
block 39/80 - 115/240  19035.8 ms
block 40/80 - 118/240  19034.2 ms
block 41/80 - 121/240  19043.6 ms
block 42/80 - 124/240  19057.5 ms
block 43/80 - 127/240  19054.7 ms
block 44/80 - 130/240  19054.4 ms
block 45/80 - 133/240  19043.8 ms
block 46/80 - 136/240  19044.4 ms
block 47/80 - 139/240  19061.1 ms
block 48/80 - 142/240  19051.2 ms
block 49/80 - 145/240  19067.8 ms
block 50/80 - 148/240  19081.9 ms
block 51/80 - 151/240  19050.3 ms
block 52/80 - 154/240  19053.6 ms
block 53/80 - 157/240  19048.2 ms
block 54/80 - 160/240  19056.1 ms
block 55/80 - 163/240  19056.3 ms
block 56/80 - 166/240  19047.1 ms
block 57/80 - 169/240  19046.3 ms
block 58/80 - 172/240  19037.6 ms
block 59/80 - 175/240  19049.7 ms
block 60/80 - 178/240  19046.7 ms
block 61/80 - 181/240  19042.0 ms
block 62/80 - 184/240  19048.3 ms
block 63/80 - 187/240  19046.0 ms
block 64/80 - 190/240  19039.4 ms
block 65/80 - 193/240  19039.9 ms
block 66/80 - 196/240  19052.8 ms
block 67/80 - 199/240  19076.5 ms
block 68/80 - 202/240  19053.7 ms
block 69/80 - 205/240  19079.7 ms
block 70/80 - 208/240  19075.7 ms
block 71/80 - 211/240  19048.2 ms
block 72/80 - 214/240  19065.5 ms
block 73/80 - 217/240  19065.6 ms
block 74/80 - 220/240  19090.6 ms
block 75/80 - 223/240  19112.1 ms
block 76/80 - 226/240  19041.5 ms
block 77/80 - 229/240  19045.6 ms
block 78/80 - 232/240  19044.5 ms
block 79/80 - 235/240  19034.9 ms
block 80/80 - 238/240  19043.6 ms
[53/128] elapsed=105.5m  avg=119.4s/prompt  eta=149.2m
block 1/80 - 1/240  17098.2 ms
block 2/80 - 4/240  16956.0 ms
block 3/80 - 7/240  17305.1 ms
block 4/80 - 10/240  17753.9 ms
block 5/80 - 13/240  18146.0 ms
block 6/80 - 16/240  18612.1 ms
block 7/80 - 19/240  18676.1 ms
block 8/80 - 22/240  18680.2 ms
block 9/80 - 25/240  18756.3 ms
block 10/80 - 28/240  18763.3 ms
block 11/80 - 31/240  18832.0 ms
block 12/80 - 34/240  19127.7 ms
block 13/80 - 37/240  19034.0 ms
block 14/80 - 40/240  19028.6 ms
block 15/80 - 43/240  19035.3 ms
block 16/80 - 46/240  19030.1 ms
block 17/80 - 49/240  19031.1 ms
block 18/80 - 52/240  19033.0 ms
block 19/80 - 55/240  19037.6 ms
block 20/80 - 58/240  19039.0 ms
block 21/80 - 61/240  19068.4 ms
block 22/80 - 64/240  19071.2 ms
block 23/80 - 67/240  19050.0 ms
block 24/80 - 70/240  19060.8 ms
block 25/80 - 73/240  19037.1 ms
block 26/80 - 76/240  19042.3 ms
block 27/80 - 79/240  19045.1 ms
block 28/80 - 82/240  19036.7 ms
block 29/80 - 85/240  19051.8 ms
block 30/80 - 88/240  19041.5 ms
block 31/80 - 91/240  19046.8 ms
block 32/80 - 94/240  19037.0 ms
block 33/80 - 97/240  19041.3 ms
block 34/80 - 100/240  19054.6 ms
block 35/80 - 103/240  19059.8 ms
block 36/80 - 106/240  19066.4 ms
block 37/80 - 109/240  19076.6 ms
block 38/80 - 112/240  19037.9 ms
block 39/80 - 115/240  19067.1 ms
block 40/80 - 118/240  19087.1 ms
block 41/80 - 121/240  19040.7 ms
block 42/80 - 124/240  19047.8 ms
block 43/80 - 127/240  19058.4 ms
block 44/80 - 130/240  19048.3 ms
block 45/80 - 133/240  19049.7 ms
block 46/80 - 136/240  19053.7 ms
block 47/80 - 139/240  19077.9 ms
block 48/80 - 142/240  19035.9 ms
block 49/80 - 145/240  19047.6 ms
block 50/80 - 148/240  19046.0 ms
block 51/80 - 151/240  19049.0 ms
block 52/80 - 154/240  19045.7 ms
block 53/80 - 157/240  19039.0 ms
block 54/80 - 160/240  19058.7 ms
block 55/80 - 163/240  19060.5 ms
block 56/80 - 166/240  19057.8 ms
block 57/80 - 169/240  19043.6 ms
block 58/80 - 172/240  19046.2 ms
block 59/80 - 175/240  19052.7 ms
block 60/80 - 178/240  19050.7 ms
block 61/80 - 181/240  19076.6 ms
block 62/80 - 184/240  19081.1 ms
block 63/80 - 187/240  19057.4 ms
block 64/80 - 190/240  19042.6 ms
block 65/80 - 193/240  19045.2 ms
block 66/80 - 196/240  19067.4 ms
block 67/80 - 199/240  19050.2 ms
block 68/80 - 202/240  19049.1 ms
block 69/80 - 205/240  19040.2 ms
block 70/80 - 208/240  19043.4 ms
block 71/80 - 211/240  19066.5 ms
block 72/80 - 214/240  19054.7 ms
block 73/80 - 217/240  19052.3 ms
block 74/80 - 220/240  19066.4 ms
block 75/80 - 223/240  19061.1 ms
block 76/80 - 226/240  19047.6 ms
block 77/80 - 229/240  19051.2 ms
block 78/80 - 232/240  19051.3 ms
block 79/80 - 235/240  19056.6 ms
block 80/80 - 238/240  19046.1 ms
[69/128] elapsed=130.7m  avg=113.7s/prompt  eta=111.8m
block 1/80 - 1/240  17200.4 ms
block 2/80 - 4/240  16957.7 ms
block 3/80 - 7/240  17307.5 ms
block 4/80 - 10/240  17754.0 ms
block 5/80 - 13/240  18145.3 ms
block 6/80 - 16/240  18616.4 ms
block 7/80 - 19/240  18674.9 ms
block 8/80 - 22/240  18679.8 ms
block 9/80 - 25/240  18754.4 ms
block 10/80 - 28/240  18759.4 ms
block 11/80 - 31/240  18835.5 ms
block 12/80 - 34/240  18895.8 ms
block 13/80 - 37/240  19035.4 ms
block 14/80 - 40/240  19035.0 ms
block 15/80 - 43/240  19054.1 ms
block 16/80 - 46/240  19029.6 ms
block 17/80 - 49/240  19034.5 ms
block 18/80 - 52/240  19034.3 ms
block 19/80 - 55/240  19074.5 ms
block 20/80 - 58/240  19036.4 ms
block 21/80 - 61/240  19055.5 ms
block 22/80 - 64/240  19038.6 ms
block 23/80 - 67/240  19039.7 ms
block 24/80 - 70/240  19046.1 ms
block 25/80 - 73/240  19039.8 ms
block 26/80 - 76/240  19040.4 ms
block 27/80 - 79/240  19037.1 ms
block 28/80 - 82/240  19040.4 ms
block 29/80 - 85/240  19034.2 ms
block 30/80 - 88/240  19036.2 ms
block 31/80 - 91/240  19059.7 ms
block 32/80 - 94/240  19042.7 ms
block 33/80 - 97/240  19038.8 ms
block 34/80 - 100/240  19038.5 ms
block 35/80 - 103/240  19056.4 ms
block 36/80 - 106/240  19041.5 ms
block 37/80 - 109/240  19044.9 ms
block 38/80 - 112/240  19037.8 ms
block 39/80 - 115/240  19046.7 ms
block 40/80 - 118/240  19039.3 ms
block 41/80 - 121/240  19034.5 ms
block 42/80 - 124/240  19037.5 ms
block 43/80 - 127/240  19035.5 ms
block 44/80 - 130/240  19054.1 ms
block 45/80 - 133/240  19051.2 ms
block 46/80 - 136/240  19085.8 ms
block 47/80 - 139/240  19043.4 ms
block 48/80 - 142/240  19038.5 ms
block 49/80 - 145/240  19050.8 ms
block 50/80 - 148/240  19056.5 ms
block 51/80 - 151/240  19048.3 ms
block 52/80 - 154/240  19049.2 ms
block 53/80 - 157/240  19050.3 ms
block 54/80 - 160/240  19047.8 ms
block 55/80 - 163/240  19047.5 ms
block 56/80 - 166/240  19049.8 ms
block 57/80 - 169/240  19046.0 ms
block 58/80 - 172/240  19045.3 ms
block 59/80 - 175/240  19040.5 ms
block 60/80 - 178/240  19099.3 ms
block 61/80 - 181/240  19045.6 ms
block 62/80 - 184/240  19059.6 ms
block 63/80 - 187/240  19049.4 ms
block 64/80 - 190/240  19049.7 ms
block 65/80 - 193/240  19051.6 ms
block 66/80 - 196/240  19042.2 ms
block 67/80 - 199/240  19051.8 ms
block 68/80 - 202/240  19047.0 ms
block 69/80 - 205/240  19069.2 ms
block 70/80 - 208/240  19050.2 ms
block 71/80 - 211/240  19061.4 ms
block 72/80 - 214/240  19054.2 ms
block 73/80 - 217/240  19103.4 ms
block 74/80 - 220/240  19054.8 ms
block 75/80 - 223/240  19060.4 ms
block 76/80 - 226/240  19047.6 ms
block 77/80 - 229/240  19067.0 ms
block 78/80 - 232/240  19045.4 ms
block 79/80 - 235/240  19043.5 ms
block 80/80 - 238/240  19041.8 ms
[85/128] elapsed=156.0m  avg=110.1s/prompt  eta=78.9m
block 1/80 - 1/240  17685.9 ms
block 2/80 - 4/240  16987.2 ms
block 3/80 - 7/240  17325.7 ms
block 4/80 - 10/240  17771.8 ms
block 5/80 - 13/240  18163.7 ms
block 6/80 - 16/240  18731.5 ms
block 7/80 - 19/240  18691.9 ms
block 8/80 - 22/240  19105.4 ms
block 9/80 - 25/240  18799.9 ms
block 10/80 - 28/240  18889.3 ms
block 11/80 - 31/240  18874.7 ms
block 12/80 - 34/240  18890.9 ms
block 13/80 - 37/240  19042.5 ms
block 14/80 - 40/240  19030.0 ms
block 15/80 - 43/240  19032.6 ms
block 16/80 - 46/240  19037.7 ms
block 17/80 - 49/240  19066.0 ms
block 18/80 - 52/240  19037.7 ms
block 19/80 - 55/240  19067.4 ms
block 20/80 - 58/240  19047.2 ms
block 21/80 - 61/240  19025.4 ms
block 22/80 - 64/240  19047.5 ms
block 23/80 - 67/240  19033.4 ms
block 24/80 - 70/240  19041.0 ms
block 25/80 - 73/240  19021.9 ms
block 26/80 - 76/240  19022.6 ms
block 27/80 - 79/240  19020.9 ms
block 28/80 - 82/240  19058.4 ms
block 29/80 - 85/240  19027.9 ms
block 30/80 - 88/240  19023.9 ms
block 31/80 - 91/240  19024.6 ms
block 32/80 - 94/240  19050.5 ms
block 33/80 - 97/240  19049.9 ms
block 34/80 - 100/240  19022.7 ms
block 35/80 - 103/240  19071.1 ms
block 36/80 - 106/240  19041.7 ms
block 37/80 - 109/240  19047.8 ms
block 38/80 - 112/240  19043.6 ms
block 39/80 - 115/240  19044.3 ms
block 40/80 - 118/240  19037.9 ms
block 41/80 - 121/240  19044.6 ms
block 42/80 - 124/240  19065.9 ms
block 43/80 - 127/240  19089.4 ms
block 44/80 - 130/240  19040.7 ms
block 45/80 - 133/240  19050.8 ms
block 46/80 - 136/240  19048.5 ms
block 47/80 - 139/240  19047.5 ms
block 48/80 - 142/240  19047.3 ms
block 49/80 - 145/240  19050.5 ms
block 50/80 - 148/240  19040.9 ms
block 51/80 - 151/240  19040.4 ms
block 52/80 - 154/240  19203.7 ms
block 53/80 - 157/240  19039.1 ms
block 54/80 - 160/240  19037.3 ms
block 55/80 - 163/240  19044.9 ms
block 56/80 - 166/240  19049.4 ms
block 57/80 - 169/240  19044.0 ms
block 58/80 - 172/240  19058.7 ms
block 59/80 - 175/240  19040.4 ms
block 60/80 - 178/240  19048.0 ms
block 61/80 - 181/240  19053.5 ms
block 62/80 - 184/240  19046.5 ms
block 63/80 - 187/240  19053.4 ms
block 64/80 - 190/240  19036.7 ms
block 65/80 - 193/240  19038.0 ms
block 66/80 - 196/240  19048.1 ms
block 67/80 - 199/240  19054.2 ms
block 68/80 - 202/240  19057.8 ms
block 69/80 - 205/240  19042.0 ms
block 70/80 - 208/240  19041.4 ms
block 71/80 - 211/240  19042.7 ms
block 72/80 - 214/240  19043.7 ms
block 73/80 - 217/240  19048.2 ms
block 74/80 - 220/240  19040.0 ms
block 75/80 - 223/240  19050.0 ms
block 76/80 - 226/240  19043.8 ms
block 77/80 - 229/240  19050.5 ms
block 78/80 - 232/240  19051.0 ms
block 79/80 - 235/240  19060.2 ms
block 80/80 - 238/240  19044.7 ms
[101/128] elapsed=181.3m  avg=107.7s/prompt  eta=48.5m
block 1/80 - 1/240  17150.5 ms
block 2/80 - 4/240  16952.6 ms
block 3/80 - 7/240  17316.5 ms
block 4/80 - 10/240  17756.8 ms
block 5/80 - 13/240  18145.0 ms
block 6/80 - 16/240  18619.2 ms
block 7/80 - 19/240  18682.0 ms
block 8/80 - 22/240  18690.3 ms
block 9/80 - 25/240  18755.7 ms
block 10/80 - 28/240  18763.4 ms
block 11/80 - 31/240  18831.6 ms
block 12/80 - 34/240  18836.1 ms
block 13/80 - 37/240  19036.3 ms
block 14/80 - 40/240  19036.9 ms
block 15/80 - 43/240  19031.4 ms
block 16/80 - 46/240  19040.9 ms
block 17/80 - 49/240  19047.3 ms
block 18/80 - 52/240  19045.6 ms
block 19/80 - 55/240  19038.9 ms
block 20/80 - 58/240  19038.5 ms
block 21/80 - 61/240  19049.0 ms
block 22/80 - 64/240  19057.6 ms
block 23/80 - 67/240  19052.7 ms
block 24/80 - 70/240  19051.9 ms
block 25/80 - 73/240  19042.0 ms
block 26/80 - 76/240  19038.8 ms
block 27/80 - 79/240  19053.6 ms
block 28/80 - 82/240  19046.1 ms
block 29/80 - 85/240  19083.9 ms
block 30/80 - 88/240  19042.1 ms
block 31/80 - 91/240  19117.3 ms
block 32/80 - 94/240  19044.1 ms
block 33/80 - 97/240  19052.3 ms
block 34/80 - 100/240  19041.2 ms
block 35/80 - 103/240  19040.2 ms
block 36/80 - 106/240  19038.2 ms
block 37/80 - 109/240  19039.1 ms
block 38/80 - 112/240  19043.7 ms
block 39/80 - 115/240  19055.6 ms
block 40/80 - 118/240  19047.2 ms
block 41/80 - 121/240  19045.6 ms
block 42/80 - 124/240  19050.6 ms
block 43/80 - 127/240  19048.5 ms
block 44/80 - 130/240  19046.1 ms
block 45/80 - 133/240  19038.8 ms
block 46/80 - 136/240  19050.9 ms
block 47/80 - 139/240  19041.8 ms
block 48/80 - 142/240  19035.0 ms
block 49/80 - 145/240  19052.5 ms
block 50/80 - 148/240  19042.5 ms
block 51/80 - 151/240  19049.0 ms
block 52/80 - 154/240  19042.1 ms
block 53/80 - 157/240  19071.1 ms
block 54/80 - 160/240  19070.9 ms
block 55/80 - 163/240  19056.1 ms
block 56/80 - 166/240  19061.7 ms
block 57/80 - 169/240  19085.3 ms
block 58/80 - 172/240  19009.2 ms
block 59/80 - 175/240  19055.6 ms
block 60/80 - 178/240  19060.1 ms
block 61/80 - 181/240  19052.1 ms
block 62/80 - 184/240  19155.4 ms
block 63/80 - 187/240  19044.0 ms
block 64/80 - 190/240  19035.3 ms
block 65/80 - 193/240  19035.0 ms
block 66/80 - 196/240  19037.2 ms
block 67/80 - 199/240  19056.3 ms
block 68/80 - 202/240  19040.8 ms
block 69/80 - 205/240  19041.2 ms
block 70/80 - 208/240  19048.9 ms
block 71/80 - 211/240  19054.1 ms
block 72/80 - 214/240  19065.4 ms
block 73/80 - 217/240  19040.0 ms
block 74/80 - 220/240  19040.9 ms
block 75/80 - 223/240  19036.5 ms
block 76/80 - 226/240  19053.7 ms
block 77/80 - 229/240  19059.1 ms
block 78/80 - 232/240  19046.5 ms
block 79/80 - 235/240  19053.6 ms
block 80/80 - 238/240  19049.9 ms
[117/128] elapsed=206.5m  avg=105.9s/prompt  eta=19.4m
