Running on a single GPU (cuda); skipping NCCL initialization.
Free VRAM 93.14923095703125 GB
Loading CUDA extension (first run compiles ~60s; cached run ~3s)...
CUDA extension ready in 149.1s.
[CacheCompatibilityPolicy] recent=20:0 coverage=21:360 episode=22:0 coverage_policy=retrieval budget=9FFE read_budget=9FFE owner=HeadComposition
KV inference with 3 frames per block
Number of prompts: 128
Prompt index range: [0, 128)
Loading PyramidKV config from /apdcephfs_gy2/share_303214315/cedricnie/develop/training-free/runs/v182_structured_coverage/inputs/maps/all_coverage_retrieval.csv
block 1/80 - 1/240  156955.0 ms
block 2/80 - 4/240  30826.1 ms
block 3/80 - 7/240  31509.5 ms
block 4/80 - 10/240  32374.3 ms
block 5/80 - 13/240  32759.2 ms
block 6/80 - 16/240  33499.5 ms
block 7/80 - 19/240  33748.6 ms
block 8/80 - 22/240  33570.2 ms
block 9/80 - 25/240  33619.3 ms
block 10/80 - 28/240  33642.8 ms
block 11/80 - 31/240  33607.9 ms
block 12/80 - 34/240  33644.7 ms
block 13/80 - 37/240  33775.1 ms
block 14/80 - 40/240  33776.8 ms
block 15/80 - 43/240  33782.0 ms
block 16/80 - 46/240  33793.7 ms
block 17/80 - 49/240  33773.8 ms
block 18/80 - 52/240  33867.0 ms
block 19/80 - 55/240  33853.9 ms
block 20/80 - 58/240  33864.1 ms
block 21/80 - 61/240  33891.6 ms
block 22/80 - 64/240  33884.5 ms
block 23/80 - 67/240  33841.2 ms
block 24/80 - 70/240  33865.6 ms
block 25/80 - 73/240  33886.1 ms
block 26/80 - 76/240  33881.8 ms
block 27/80 - 79/240  33893.2 ms
block 28/80 - 82/240  33905.0 ms
block 29/80 - 85/240  33890.4 ms
block 30/80 - 88/240  33885.7 ms
block 31/80 - 91/240  33885.0 ms
block 32/80 - 94/240  33942.8 ms
block 33/80 - 97/240  33884.5 ms
block 34/80 - 100/240  33878.0 ms
block 35/80 - 103/240  33831.8 ms
block 36/80 - 106/240  33790.3 ms
block 37/80 - 109/240  33841.0 ms
block 38/80 - 112/240  33896.1 ms
block 39/80 - 115/240  33880.3 ms
block 40/80 - 118/240  33867.3 ms
block 41/80 - 121/240  33888.4 ms
block 42/80 - 124/240  33891.2 ms
block 43/80 - 127/240  33878.5 ms
block 44/80 - 130/240  33879.9 ms
block 45/80 - 133/240  33892.7 ms
block 46/80 - 136/240  33891.1 ms
block 47/80 - 139/240  33875.7 ms
block 48/80 - 142/240  33876.4 ms
block 49/80 - 145/240  33870.5 ms
block 50/80 - 148/240  33884.0 ms
block 51/80 - 151/240  33884.6 ms
block 52/80 - 154/240  33883.0 ms
block 53/80 - 157/240  33886.9 ms
block 54/80 - 160/240  33903.5 ms
block 55/80 - 163/240  33892.8 ms
block 56/80 - 166/240  33875.0 ms
block 57/80 - 169/240  33887.5 ms
block 58/80 - 172/240  33897.4 ms
block 59/80 - 175/240  33863.4 ms
block 60/80 - 178/240  33851.6 ms
block 61/80 - 181/240  33826.2 ms
block 62/80 - 184/240  33803.8 ms
block 63/80 - 187/240  33896.0 ms
block 64/80 - 190/240  33898.2 ms
block 65/80 - 193/240  33891.1 ms
block 66/80 - 196/240  33875.3 ms
block 67/80 - 199/240  33869.2 ms
block 68/80 - 202/240  33860.1 ms
block 69/80 - 205/240  33883.0 ms
block 70/80 - 208/240  33893.0 ms
block 71/80 - 211/240  33897.8 ms
block 72/80 - 214/240  33897.3 ms
block 73/80 - 217/240  33890.4 ms
block 74/80 - 220/240  33894.0 ms
block 75/80 - 223/240  33895.6 ms
block 76/80 - 226/240  33893.6 ms
block 77/80 - 229/240  33899.0 ms
block 78/80 - 232/240  33870.6 ms
block 79/80 - 235/240  33872.1 ms
block 80/80 - 238/240  33893.5 ms
/apdcephfs_gy2/share_303214315/cedricnie/miniconda3/envs/longlive/lib/python3.10/site-packages/torchvision/io/_video_deprecation_warning.py:9: UserWarning: The video decoding and encoding capabilities of torchvision are deprecated from version 0.22 and will be removed in version 0.24. We recommend that you migrate to TorchCodec, where we'll consolidate the future decoding/encoding capabilities of PyTorch: https://github.com/pytorch/torchcodec
  warnings.warn(
[10/128] elapsed=47.1m  avg=282.6s/prompt  eta=555.7m
block 1/80 - 1/240  29405.0 ms
block 2/80 - 4/240  30967.0 ms
block 3/80 - 7/240  31499.9 ms
block 4/80 - 10/240  32176.6 ms
block 5/80 - 13/240  32825.2 ms
block 6/80 - 16/240  33491.1 ms
block 7/80 - 19/240  33742.5 ms
block 8/80 - 22/240  33505.3 ms
block 9/80 - 25/240  33502.6 ms
block 10/80 - 28/240  33613.9 ms
block 11/80 - 31/240  33602.7 ms
block 12/80 - 34/240  33605.3 ms
block 13/80 - 37/240  33791.7 ms
block 14/80 - 40/240  33849.5 ms
block 15/80 - 43/240  33820.2 ms
block 16/80 - 46/240  33870.7 ms
block 17/80 - 49/240  33896.8 ms
block 18/80 - 52/240  33906.0 ms
block 19/80 - 55/240  33871.0 ms
block 20/80 - 58/240  33890.9 ms
block 21/80 - 61/240  33899.5 ms
block 22/80 - 64/240  33903.5 ms
block 23/80 - 67/240  33850.9 ms
block 24/80 - 70/240  33895.0 ms
block 25/80 - 73/240  33880.4 ms
block 26/80 - 76/240  33885.5 ms
block 27/80 - 79/240  33902.8 ms
block 28/80 - 82/240  33911.6 ms
block 29/80 - 85/240  33815.8 ms
block 30/80 - 88/240  33890.3 ms
block 31/80 - 91/240  33840.9 ms
block 32/80 - 94/240  33869.8 ms
block 33/80 - 97/240  33900.5 ms
block 34/80 - 100/240  33886.2 ms
block 35/80 - 103/240  33891.5 ms
block 36/80 - 106/240  33820.6 ms
block 37/80 - 109/240  33901.5 ms
block 38/80 - 112/240  33900.6 ms
block 39/80 - 115/240  33899.2 ms
block 40/80 - 118/240  33899.5 ms
block 41/80 - 121/240  33908.7 ms
block 42/80 - 124/240  33907.8 ms
block 43/80 - 127/240  33897.9 ms
block 44/80 - 130/240  33896.0 ms
block 45/80 - 133/240  33909.3 ms
block 46/80 - 136/240  33894.2 ms
block 47/80 - 139/240  33820.2 ms
block 48/80 - 142/240  33785.6 ms
block 49/80 - 145/240  33800.1 ms
block 50/80 - 148/240  33824.5 ms
block 51/80 - 151/240  33902.8 ms
block 52/80 - 154/240  33884.3 ms
block 53/80 - 157/240  33844.1 ms
block 54/80 - 160/240  33852.3 ms
block 55/80 - 163/240  33904.7 ms
block 56/80 - 166/240  33896.2 ms
block 57/80 - 169/240  33893.1 ms
block 58/80 - 172/240  33901.7 ms
block 59/80 - 175/240  33928.5 ms
block 60/80 - 178/240  33883.4 ms
block 61/80 - 181/240  33897.0 ms
block 62/80 - 184/240  33902.1 ms
block 63/80 - 187/240  33901.6 ms
block 64/80 - 190/240  33911.5 ms
block 65/80 - 193/240  33906.3 ms
block 66/80 - 196/240  33903.4 ms
block 67/80 - 199/240  33903.5 ms
block 68/80 - 202/240  33910.8 ms
block 69/80 - 205/240  33909.7 ms
block 70/80 - 208/240  33883.0 ms
block 71/80 - 211/240  33855.2 ms
block 72/80 - 214/240  33907.7 ms
block 73/80 - 217/240  33893.7 ms
block 74/80 - 220/240  33908.8 ms
block 75/80 - 223/240  33899.5 ms
block 76/80 - 226/240  33904.0 ms
block 77/80 - 229/240  33915.6 ms
block 78/80 - 232/240  33899.8 ms
block 79/80 - 235/240  33893.5 ms
block 80/80 - 238/240  33904.0 ms
[26/128] elapsed=92.1m  avg=212.5s/prompt  eta=361.2m
block 1/80 - 1/240  28583.8 ms
block 2/80 - 4/240  31056.1 ms
block 3/80 - 7/240  31575.4 ms
block 4/80 - 10/240  32397.5 ms
block 5/80 - 13/240  32859.0 ms
block 6/80 - 16/240  33561.6 ms
block 7/80 - 19/240  33497.5 ms
block 8/80 - 22/240  33492.8 ms
block 9/80 - 25/240  33590.2 ms
block 10/80 - 28/240  33622.8 ms
block 11/80 - 31/240  33619.4 ms
block 12/80 - 34/240  33641.0 ms
block 13/80 - 37/240  33807.6 ms
block 14/80 - 40/240  33806.2 ms
block 15/80 - 43/240  33823.9 ms
block 16/80 - 46/240  33815.4 ms
block 17/80 - 49/240  33809.1 ms
block 18/80 - 52/240  33810.6 ms
block 19/80 - 55/240  33875.3 ms
block 20/80 - 58/240  33869.1 ms
block 21/80 - 61/240  33865.1 ms
block 22/80 - 64/240  33874.7 ms
block 23/80 - 67/240  33853.2 ms
block 24/80 - 70/240  33885.9 ms
block 25/80 - 73/240  33905.7 ms
block 26/80 - 76/240  33905.5 ms
block 27/80 - 79/240  33868.5 ms
block 28/80 - 82/240  33863.2 ms
block 29/80 - 85/240  33876.0 ms
block 30/80 - 88/240  33893.1 ms
block 31/80 - 91/240  33854.4 ms
block 32/80 - 94/240  33809.9 ms
block 33/80 - 97/240  33846.4 ms
block 34/80 - 100/240  33863.4 ms
block 35/80 - 103/240  33852.7 ms
block 36/80 - 106/240  33875.0 ms
block 37/80 - 109/240  33912.0 ms
block 38/80 - 112/240  33906.3 ms
block 39/80 - 115/240  33854.6 ms
block 40/80 - 118/240  33882.1 ms
block 41/80 - 121/240  33848.7 ms
block 42/80 - 124/240  33892.3 ms
block 43/80 - 127/240  33913.7 ms
block 44/80 - 130/240  33852.7 ms
block 45/80 - 133/240  33873.4 ms
block 46/80 - 136/240  33958.6 ms
block 47/80 - 139/240  34013.1 ms
block 48/80 - 142/240  33868.1 ms
block 49/80 - 145/240  33895.8 ms
block 50/80 - 148/240  33884.0 ms
block 51/80 - 151/240  33913.2 ms
block 52/80 - 154/240  33908.0 ms
block 53/80 - 157/240  33911.1 ms
block 54/80 - 160/240  33888.5 ms
block 55/80 - 163/240  33921.2 ms
block 56/80 - 166/240  33928.2 ms
block 57/80 - 169/240  33919.5 ms
block 58/80 - 172/240  33904.8 ms
block 59/80 - 175/240  33830.5 ms
block 60/80 - 178/240  33895.6 ms
block 61/80 - 181/240  33862.9 ms
block 62/80 - 184/240  33847.7 ms
block 63/80 - 187/240  33855.7 ms
block 64/80 - 190/240  33843.2 ms
block 65/80 - 193/240  33897.8 ms
block 66/80 - 196/240  33899.1 ms
block 67/80 - 199/240  33920.0 ms
block 68/80 - 202/240  33916.8 ms
block 69/80 - 205/240  33879.7 ms
block 70/80 - 208/240  33881.0 ms
block 71/80 - 211/240  33831.4 ms
block 72/80 - 214/240  33861.5 ms
block 73/80 - 217/240  33914.5 ms
block 74/80 - 220/240  33894.7 ms
block 75/80 - 223/240  33977.4 ms
block 76/80 - 226/240  33882.1 ms
block 77/80 - 229/240  33932.2 ms
block 78/80 - 232/240  33883.4 ms
block 79/80 - 235/240  33867.8 ms
block 80/80 - 238/240  33929.6 ms
[42/128] elapsed=137.0m  avg=195.7s/prompt  eta=280.6m
block 1/80 - 1/240  28786.6 ms
block 2/80 - 4/240  31063.3 ms
block 3/80 - 7/240  31572.6 ms
block 4/80 - 10/240  32456.5 ms
block 5/80 - 13/240  32890.6 ms
block 6/80 - 16/240  33602.1 ms
block 7/80 - 19/240  33611.2 ms
block 8/80 - 22/240  33625.8 ms
block 9/80 - 25/240  33500.4 ms
block 10/80 - 28/240  33595.8 ms
block 11/80 - 31/240  33614.2 ms
block 12/80 - 34/240  33609.2 ms
block 13/80 - 37/240  33769.9 ms
block 14/80 - 40/240  33788.6 ms
block 15/80 - 43/240  33755.4 ms
block 16/80 - 46/240  33868.8 ms
block 17/80 - 49/240  33862.5 ms
block 18/80 - 52/240  33807.7 ms
block 19/80 - 55/240  33832.4 ms
block 20/80 - 58/240  33897.5 ms
block 21/80 - 61/240  33843.2 ms
block 22/80 - 64/240  33878.1 ms
block 23/80 - 67/240  33849.8 ms
block 24/80 - 70/240  33882.3 ms
block 25/80 - 73/240  33898.4 ms
block 26/80 - 76/240  33887.4 ms
block 27/80 - 79/240  33866.8 ms
block 28/80 - 82/240  33852.3 ms
block 29/80 - 85/240  33868.2 ms
block 30/80 - 88/240  33846.0 ms
block 31/80 - 91/240  33811.9 ms
block 32/80 - 94/240  33823.8 ms
block 33/80 - 97/240  33856.3 ms
block 34/80 - 100/240  33834.2 ms
block 35/80 - 103/240  33891.6 ms
block 36/80 - 106/240  33901.5 ms
block 37/80 - 109/240  33891.2 ms
block 38/80 - 112/240  33912.1 ms
block 39/80 - 115/240  33898.9 ms
block 40/80 - 118/240  33897.4 ms
block 41/80 - 121/240  33888.2 ms
block 42/80 - 124/240  33836.6 ms
block 43/80 - 127/240  33865.2 ms
block 44/80 - 130/240  33875.6 ms
block 45/80 - 133/240  33846.9 ms
block 46/80 - 136/240  33840.6 ms
block 47/80 - 139/240  33841.3 ms
block 48/80 - 142/240  33866.8 ms
block 49/80 - 145/240  33820.2 ms
block 50/80 - 148/240  33845.4 ms
block 51/80 - 151/240  33872.5 ms
block 52/80 - 154/240  33857.3 ms
block 53/80 - 157/240  33877.8 ms
block 54/80 - 160/240  33875.4 ms
block 55/80 - 163/240  33858.2 ms
block 56/80 - 166/240  33873.8 ms
block 57/80 - 169/240  33877.6 ms
block 58/80 - 172/240  33881.9 ms
block 59/80 - 175/240  33881.2 ms
block 60/80 - 178/240  33890.6 ms
block 61/80 - 181/240  33869.1 ms
block 62/80 - 184/240  33829.0 ms
block 63/80 - 187/240  33875.5 ms
block 64/80 - 190/240  33864.9 ms
block 65/80 - 193/240  33846.4 ms
block 66/80 - 196/240  33841.1 ms
block 67/80 - 199/240  33820.3 ms
block 68/80 - 202/240  33873.7 ms
block 69/80 - 205/240  33878.9 ms
block 70/80 - 208/240  33893.9 ms
block 71/80 - 211/240  33865.7 ms
block 72/80 - 214/240  33915.6 ms
block 73/80 - 217/240  33891.2 ms
block 74/80 - 220/240  33883.7 ms
block 75/80 - 223/240  33875.7 ms
block 76/80 - 226/240  33816.9 ms
block 77/80 - 229/240  33907.7 ms
block 78/80 - 232/240  33942.8 ms
block 79/80 - 235/240  33889.3 ms
block 80/80 - 238/240  33883.3 ms
[58/128] elapsed=182.0m  avg=188.2s/prompt  eta=219.6m
block 1/80 - 1/240  28462.8 ms
block 2/80 - 4/240  30617.6 ms
block 3/80 - 7/240  31583.9 ms
block 4/80 - 10/240  32459.6 ms
block 5/80 - 13/240  32891.0 ms
block 6/80 - 16/240  33608.0 ms
block 7/80 - 19/240  33606.8 ms
block 8/80 - 22/240  33615.6 ms
block 9/80 - 25/240  33728.0 ms
block 10/80 - 28/240  33745.0 ms
block 11/80 - 31/240  33652.4 ms
block 12/80 - 34/240  33625.2 ms
block 13/80 - 37/240  33780.0 ms
block 14/80 - 40/240  33784.8 ms
block 15/80 - 43/240  33782.4 ms
block 16/80 - 46/240  33830.0 ms
block 17/80 - 49/240  33818.9 ms
block 18/80 - 52/240  33823.2 ms
block 19/80 - 55/240  33813.9 ms
block 20/80 - 58/240  33894.9 ms
block 21/80 - 61/240  33871.2 ms
block 22/80 - 64/240  33843.7 ms
block 23/80 - 67/240  33828.4 ms
block 24/80 - 70/240  33871.1 ms
block 25/80 - 73/240  33898.0 ms
block 26/80 - 76/240  33890.6 ms
block 27/80 - 79/240  33901.9 ms
block 28/80 - 82/240  33881.9 ms
block 29/80 - 85/240  33899.5 ms
block 30/80 - 88/240  33894.0 ms
block 31/80 - 91/240  33881.9 ms
block 32/80 - 94/240  33893.2 ms
block 33/80 - 97/240  33898.9 ms
block 34/80 - 100/240  33877.2 ms
block 35/80 - 103/240  33871.8 ms
block 36/80 - 106/240  33894.9 ms
block 37/80 - 109/240  33874.3 ms
block 38/80 - 112/240  33809.8 ms
block 39/80 - 115/240  33856.1 ms
block 40/80 - 118/240  33887.5 ms
block 41/80 - 121/240  33886.8 ms
block 42/80 - 124/240  33894.4 ms
block 43/80 - 127/240  33891.6 ms
block 44/80 - 130/240  33894.6 ms
block 45/80 - 133/240  33904.6 ms
block 46/80 - 136/240  33882.4 ms
block 47/80 - 139/240  33853.6 ms
block 48/80 - 142/240  33851.8 ms
block 49/80 - 145/240  33841.7 ms
block 50/80 - 148/240  33884.2 ms
block 51/80 - 151/240  33896.1 ms
block 52/80 - 154/240  33897.5 ms
block 53/80 - 157/240  33916.2 ms
block 54/80 - 160/240  33904.2 ms
block 55/80 - 163/240  33884.9 ms
block 56/80 - 166/240  33884.8 ms
block 57/80 - 169/240  33885.1 ms
block 58/80 - 172/240  33828.4 ms
block 59/80 - 175/240  33850.4 ms
block 60/80 - 178/240  33876.4 ms
block 61/80 - 181/240  33891.1 ms
block 62/80 - 184/240  33903.5 ms
block 63/80 - 187/240  33890.4 ms
block 64/80 - 190/240  33900.8 ms
block 65/80 - 193/240  33882.5 ms
block 66/80 - 196/240  33881.5 ms
block 67/80 - 199/240  33886.4 ms
block 68/80 - 202/240  33870.0 ms
block 69/80 - 205/240  33905.3 ms
block 70/80 - 208/240  33891.8 ms
block 71/80 - 211/240  33883.8 ms
block 72/80 - 214/240  33895.7 ms
block 73/80 - 217/240  33874.1 ms
block 74/80 - 220/240  33896.7 ms
block 75/80 - 223/240  33894.0 ms
block 76/80 - 226/240  33895.3 ms
block 77/80 - 229/240  33888.6 ms
block 78/80 - 232/240  33890.2 ms
block 79/80 - 235/240  33912.1 ms
block 80/80 - 238/240  33871.2 ms
[74/128] elapsed=226.9m  avg=184.0s/prompt  eta=165.6m
block 1/80 - 1/240  28643.1 ms
block 2/80 - 4/240  30351.7 ms
block 3/80 - 7/240  31578.3 ms
block 4/80 - 10/240  32470.6 ms
block 5/80 - 13/240  32891.8 ms
block 6/80 - 16/240  33607.9 ms
block 7/80 - 19/240  33608.1 ms
block 8/80 - 22/240  33617.4 ms
block 9/80 - 25/240  33620.9 ms
block 10/80 - 28/240  33744.7 ms
block 11/80 - 31/240  33743.6 ms
block 12/80 - 34/240  33750.0 ms
block 13/80 - 37/240  33826.2 ms
block 14/80 - 40/240  33785.0 ms
block 15/80 - 43/240  33803.2 ms
block 16/80 - 46/240  33820.5 ms
block 17/80 - 49/240  33823.0 ms
block 18/80 - 52/240  33799.7 ms
block 19/80 - 55/240  33801.9 ms
block 20/80 - 58/240  33840.3 ms
block 21/80 - 61/240  33824.4 ms
block 22/80 - 64/240  33839.4 ms
block 23/80 - 67/240  33834.9 ms
block 24/80 - 70/240  33847.4 ms
block 25/80 - 73/240  33811.7 ms
block 26/80 - 76/240  33817.2 ms
block 27/80 - 79/240  33805.5 ms
block 28/80 - 82/240  33854.1 ms
block 29/80 - 85/240  33837.5 ms
block 30/80 - 88/240  33824.3 ms
block 31/80 - 91/240  33855.7 ms
block 32/80 - 94/240  33866.8 ms
block 33/80 - 97/240  33877.9 ms
block 34/80 - 100/240  33858.2 ms
block 35/80 - 103/240  33824.5 ms
block 36/80 - 106/240  33800.3 ms
block 37/80 - 109/240  33889.5 ms
block 38/80 - 112/240  33868.9 ms
block 39/80 - 115/240  33915.0 ms
block 40/80 - 118/240  33864.9 ms
block 41/80 - 121/240  33885.8 ms
block 42/80 - 124/240  33880.6 ms
block 43/80 - 127/240  33896.9 ms
block 44/80 - 130/240  33905.8 ms
block 45/80 - 133/240  33870.7 ms
block 46/80 - 136/240  33878.6 ms
block 47/80 - 139/240  33868.1 ms
block 48/80 - 142/240  33886.9 ms
block 49/80 - 145/240  33884.5 ms
block 50/80 - 148/240  33869.9 ms
block 51/80 - 151/240  33863.3 ms
block 52/80 - 154/240  33893.2 ms
block 53/80 - 157/240  33919.8 ms
block 54/80 - 160/240  33941.9 ms
block 55/80 - 163/240  33941.1 ms
block 56/80 - 166/240  33933.0 ms
block 57/80 - 169/240  33879.1 ms
block 58/80 - 172/240  33941.9 ms
block 59/80 - 175/240  33937.6 ms
block 60/80 - 178/240  33871.0 ms
block 61/80 - 181/240  33921.0 ms
block 62/80 - 184/240  33932.8 ms
block 63/80 - 187/240  33943.2 ms
block 64/80 - 190/240  33939.3 ms
block 65/80 - 193/240  33897.8 ms
block 66/80 - 196/240  33861.4 ms
block 67/80 - 199/240  33903.3 ms
block 68/80 - 202/240  33893.2 ms
block 69/80 - 205/240  33833.1 ms
block 70/80 - 208/240  33855.4 ms
block 71/80 - 211/240  33791.7 ms
block 72/80 - 214/240  33880.1 ms
block 73/80 - 217/240  33882.0 ms
block 74/80 - 220/240  33813.8 ms
block 75/80 - 223/240  33858.2 ms
block 76/80 - 226/240  33863.0 ms
block 77/80 - 229/240  33848.8 ms
block 78/80 - 232/240  33851.7 ms
block 79/80 - 235/240  33875.1 ms
block 80/80 - 238/240  33896.4 ms
[90/128] elapsed=271.9m  avg=181.2s/prompt  eta=114.8m
block 1/80 - 1/240  29861.2 ms
block 2/80 - 4/240  30534.3 ms
block 3/80 - 7/240  31503.5 ms
block 4/80 - 10/240  32333.0 ms
block 5/80 - 13/240  32903.8 ms
block 6/80 - 16/240  33635.2 ms
block 7/80 - 19/240  33621.2 ms
block 8/80 - 22/240  33677.2 ms
block 9/80 - 25/240  34036.0 ms
block 10/80 - 28/240  33744.4 ms
block 11/80 - 31/240  33921.6 ms
block 12/80 - 34/240  33804.0 ms
block 13/80 - 37/240  33901.7 ms
block 14/80 - 40/240  33875.5 ms
block 15/80 - 43/240  33788.1 ms
block 16/80 - 46/240  33788.0 ms
block 17/80 - 49/240  33797.3 ms
block 18/80 - 52/240  33802.6 ms
block 19/80 - 55/240  33791.2 ms
block 20/80 - 58/240  33813.5 ms
block 21/80 - 61/240  33791.6 ms
block 22/80 - 64/240  33837.0 ms
block 23/80 - 67/240  33830.2 ms
block 24/80 - 70/240  33833.0 ms
block 25/80 - 73/240  33873.2 ms
block 26/80 - 76/240  33852.6 ms
block 27/80 - 79/240  33814.5 ms
block 28/80 - 82/240  33819.8 ms
block 29/80 - 85/240  33883.5 ms
block 30/80 - 88/240  33857.5 ms
block 31/80 - 91/240  33874.7 ms
block 32/80 - 94/240  33827.1 ms
block 33/80 - 97/240  33886.5 ms
block 34/80 - 100/240  33856.2 ms
block 35/80 - 103/240  33879.0 ms
block 36/80 - 106/240  33885.9 ms
block 37/80 - 109/240  33847.5 ms
block 38/80 - 112/240  33888.4 ms
block 39/80 - 115/240  33887.5 ms
block 40/80 - 118/240  33887.6 ms
block 41/80 - 121/240  33873.3 ms
block 42/80 - 124/240  33887.1 ms
block 43/80 - 127/240  33900.7 ms
block 44/80 - 130/240  33906.4 ms
block 45/80 - 133/240  33900.9 ms
block 46/80 - 136/240  33969.6 ms
block 47/80 - 139/240  33884.8 ms
block 48/80 - 142/240  33893.5 ms
block 49/80 - 145/240  33888.1 ms
block 50/80 - 148/240  33851.6 ms
block 51/80 - 151/240  33832.2 ms
block 52/80 - 154/240  33839.8 ms
block 53/80 - 157/240  33821.2 ms
block 54/80 - 160/240  33848.1 ms
block 55/80 - 163/240  33875.4 ms
block 56/80 - 166/240  33902.3 ms
block 57/80 - 169/240  33863.2 ms
block 58/80 - 172/240  33847.8 ms
block 59/80 - 175/240  33866.1 ms
block 60/80 - 178/240  33894.1 ms
block 61/80 - 181/240  33903.3 ms
block 62/80 - 184/240  33888.6 ms
block 63/80 - 187/240  33879.6 ms
block 64/80 - 190/240  33892.3 ms
block 65/80 - 193/240  33895.2 ms
block 66/80 - 196/240  33869.2 ms
block 67/80 - 199/240  33885.0 ms
block 68/80 - 202/240  33909.0 ms
block 69/80 - 205/240  33902.1 ms
block 70/80 - 208/240  33898.5 ms
block 71/80 - 211/240  33885.6 ms
block 72/80 - 214/240  33883.5 ms
block 73/80 - 217/240  33888.9 ms
block 74/80 - 220/240  33893.5 ms
block 75/80 - 223/240  33890.0 ms
block 76/80 - 226/240  33877.4 ms
block 77/80 - 229/240  33881.1 ms
block 78/80 - 232/240  33899.2 ms
block 79/80 - 235/240  33881.9 ms
block 80/80 - 238/240  33890.2 ms
[106/128] elapsed=316.8m  avg=179.3s/prompt  eta=65.8m
block 1/80 - 1/240  28496.7 ms
block 2/80 - 4/240  30372.5 ms
block 3/80 - 7/240  31286.5 ms
block 4/80 - 10/240  32286.3 ms
block 5/80 - 13/240  32893.3 ms
block 6/80 - 16/240  33604.6 ms
block 7/80 - 19/240  33611.6 ms
block 8/80 - 22/240  33622.2 ms
block 9/80 - 25/240  33643.3 ms
block 10/80 - 28/240  33745.1 ms
block 11/80 - 31/240  33744.5 ms
block 12/80 - 34/240  33744.5 ms
block 13/80 - 37/240  33933.6 ms
block 14/80 - 40/240  33921.0 ms
block 15/80 - 43/240  33872.2 ms
block 16/80 - 46/240  33832.5 ms
block 17/80 - 49/240  33809.8 ms
block 18/80 - 52/240  33807.4 ms
block 19/80 - 55/240  33822.6 ms
block 20/80 - 58/240  33827.0 ms
block 21/80 - 61/240  33812.7 ms
block 22/80 - 64/240  33856.5 ms
block 23/80 - 67/240  33862.6 ms
block 24/80 - 70/240  33833.9 ms
block 25/80 - 73/240  33883.9 ms
block 26/80 - 76/240  33880.1 ms
block 27/80 - 79/240  33881.8 ms
block 28/80 - 82/240  33900.2 ms
block 29/80 - 85/240  33887.7 ms
block 30/80 - 88/240  33840.8 ms
block 31/80 - 91/240  33863.5 ms
block 32/80 - 94/240  33904.3 ms
block 33/80 - 97/240  33879.8 ms
block 34/80 - 100/240  33902.8 ms
block 35/80 - 103/240  33915.7 ms
block 36/80 - 106/240  33882.9 ms
block 37/80 - 109/240  33895.4 ms
block 38/80 - 112/240  33889.4 ms
block 39/80 - 115/240  33874.8 ms
block 40/80 - 118/240  33855.2 ms
block 41/80 - 121/240  33888.6 ms
block 42/80 - 124/240  33871.7 ms
block 43/80 - 127/240  33896.2 ms
block 44/80 - 130/240  33875.2 ms
block 45/80 - 133/240  33888.3 ms
block 46/80 - 136/240  33817.3 ms
block 47/80 - 139/240  33877.4 ms
block 48/80 - 142/240  33878.9 ms
block 49/80 - 145/240  33888.1 ms
block 50/80 - 148/240  33841.3 ms
block 51/80 - 151/240  33876.1 ms
block 52/80 - 154/240  33791.6 ms
block 53/80 - 157/240  33804.4 ms
block 54/80 - 160/240  33893.7 ms
block 55/80 - 163/240  33887.5 ms
block 56/80 - 166/240  33897.0 ms
block 57/80 - 169/240  33880.5 ms
block 58/80 - 172/240  33892.8 ms
block 59/80 - 175/240  33882.3 ms
block 60/80 - 178/240  33866.5 ms
block 61/80 - 181/240  33894.9 ms
block 62/80 - 184/240  33873.0 ms
block 63/80 - 187/240  33873.4 ms
block 64/80 - 190/240  33884.1 ms
block 65/80 - 193/240  33904.8 ms
block 66/80 - 196/240  33888.0 ms
block 67/80 - 199/240  33923.0 ms
block 68/80 - 202/240  33903.8 ms
block 69/80 - 205/240  33905.6 ms
block 70/80 - 208/240  33884.3 ms
block 71/80 - 211/240  33881.2 ms
block 72/80 - 214/240  33978.3 ms
block 73/80 - 217/240  33837.8 ms
block 74/80 - 220/240  33878.7 ms
block 75/80 - 223/240  33889.6 ms
block 76/80 - 226/240  33894.3 ms
block 77/80 - 229/240  33899.5 ms
block 78/80 - 232/240  33889.7 ms
block 79/80 - 235/240  33906.2 ms
block 80/80 - 238/240  33891.0 ms
[122/128] elapsed=361.8m  avg=177.9s/prompt  eta=17.8m
