Running on a single GPU (cuda); skipping NCCL initialization.
Free VRAM 93.9398193359375 GB
Loading CUDA extension (first run compiles ~60s; cached run ~3s)...
CUDA extension ready in 143.1s.
[CacheCompatibilityPolicy] recent=20:0 coverage=21:360 episode=22:0 coverage_policy=retrieval budget=9FFE read_budget=9FFE owner=HeadComposition
KV inference with 3 frames per block
Number of prompts: 128
Prompt index range: [0, 128)
Loading PyramidKV config from /apdcephfs_gy2/share_303214315/cedricnie/develop/training-free/runs/v182_structured_coverage/inputs/maps/all_coverage_retrieval.csv
block 1/80 - 1/240  265271.8 ms
block 2/80 - 4/240  16829.4 ms
block 3/80 - 7/240  17597.7 ms
block 4/80 - 10/240  17881.0 ms
block 5/80 - 13/240  18167.8 ms
block 6/80 - 16/240  18724.5 ms
block 7/80 - 19/240  18746.2 ms
block 8/80 - 22/240  18774.2 ms
block 9/80 - 25/240  18841.2 ms
block 10/80 - 28/240  18882.7 ms
block 11/80 - 31/240  18897.8 ms
block 12/80 - 34/240  18905.9 ms
block 13/80 - 37/240  19053.8 ms
block 14/80 - 40/240  19058.7 ms
block 15/80 - 43/240  19056.7 ms
block 16/80 - 46/240  19050.8 ms
block 17/80 - 49/240  19062.2 ms
block 18/80 - 52/240  19059.3 ms
block 19/80 - 55/240  19064.2 ms
block 20/80 - 58/240  19057.7 ms
block 21/80 - 61/240  19064.4 ms
block 22/80 - 64/240  19061.6 ms
block 23/80 - 67/240  19066.3 ms
block 24/80 - 70/240  19062.1 ms
block 25/80 - 73/240  19061.7 ms
block 26/80 - 76/240  19061.5 ms
block 27/80 - 79/240  19061.5 ms
block 28/80 - 82/240  19079.0 ms
block 29/80 - 85/240  19080.1 ms
block 30/80 - 88/240  19060.9 ms
block 31/80 - 91/240  19059.1 ms
block 32/80 - 94/240  19064.9 ms
block 33/80 - 97/240  19061.4 ms
block 34/80 - 100/240  19066.1 ms
block 35/80 - 103/240  19065.1 ms
block 36/80 - 106/240  19075.7 ms
block 37/80 - 109/240  19065.6 ms
block 38/80 - 112/240  19067.2 ms
block 39/80 - 115/240  19058.1 ms
block 40/80 - 118/240  19063.9 ms
block 41/80 - 121/240  19062.1 ms
block 42/80 - 124/240  19060.9 ms
block 43/80 - 127/240  19060.4 ms
block 44/80 - 130/240  19063.6 ms
block 45/80 - 133/240  19104.3 ms
block 46/80 - 136/240  19066.4 ms
block 47/80 - 139/240  19063.5 ms
block 48/80 - 142/240  19074.4 ms
block 49/80 - 145/240  19059.6 ms
block 50/80 - 148/240  19057.5 ms
block 51/80 - 151/240  19069.4 ms
block 52/80 - 154/240  19063.0 ms
block 53/80 - 157/240  19062.8 ms
block 54/80 - 160/240  19063.2 ms
block 55/80 - 163/240  19064.4 ms
block 56/80 - 166/240  19067.7 ms
block 57/80 - 169/240  19060.7 ms
block 58/80 - 172/240  19059.3 ms
block 59/80 - 175/240  19066.3 ms
block 60/80 - 178/240  19065.5 ms
block 61/80 - 181/240  19077.2 ms
block 62/80 - 184/240  19076.6 ms
block 63/80 - 187/240  19059.9 ms
block 64/80 - 190/240  19057.5 ms
block 65/80 - 193/240  19054.0 ms
block 66/80 - 196/240  19055.2 ms
block 67/80 - 199/240  19052.7 ms
block 68/80 - 202/240  19054.0 ms
block 69/80 - 205/240  19054.9 ms
block 70/80 - 208/240  19055.3 ms
block 71/80 - 211/240  19061.5 ms
block 72/80 - 214/240  19062.5 ms
block 73/80 - 217/240  19060.8 ms
block 74/80 - 220/240  19054.1 ms
block 75/80 - 223/240  19060.1 ms
block 76/80 - 226/240  19059.4 ms
block 77/80 - 229/240  19066.3 ms
block 78/80 - 232/240  19055.1 ms
block 79/80 - 235/240  19055.8 ms
block 80/80 - 238/240  19055.9 ms
[8/128] elapsed=29.7m  avg=222.8s/prompt  eta=445.5m
/apdcephfs_gy2/share_303214315/cedricnie/miniconda3/envs/longlive/lib/python3.10/site-packages/torchvision/io/_video_deprecation_warning.py:9: UserWarning: The video decoding and encoding capabilities of torchvision are deprecated from version 0.22 and will be removed in version 0.24. We recommend that you migrate to TorchCodec, where we'll consolidate the future decoding/encoding capabilities of PyTorch: https://github.com/pytorch/torchcodec
  warnings.warn(
block 1/80 - 1/240  17235.0 ms
block 2/80 - 4/240  16960.1 ms
block 3/80 - 7/240  17370.6 ms
block 4/80 - 10/240  17861.7 ms
block 5/80 - 13/240  18171.7 ms
block 6/80 - 16/240  18662.1 ms
block 7/80 - 19/240  18893.0 ms
block 8/80 - 22/240  18753.4 ms
block 9/80 - 25/240  18736.2 ms
block 10/80 - 28/240  18785.2 ms
block 11/80 - 31/240  18798.0 ms
block 12/80 - 34/240  18856.8 ms
block 13/80 - 37/240  19050.0 ms
block 14/80 - 40/240  19047.0 ms
block 15/80 - 43/240  19049.2 ms
block 16/80 - 46/240  19055.8 ms
block 17/80 - 49/240  19052.8 ms
block 18/80 - 52/240  19059.9 ms
block 19/80 - 55/240  19049.4 ms
block 20/80 - 58/240  19053.2 ms
block 21/80 - 61/240  19067.1 ms
block 22/80 - 64/240  19056.7 ms
block 23/80 - 67/240  19055.0 ms
block 24/80 - 70/240  19057.4 ms
block 25/80 - 73/240  19051.3 ms
block 26/80 - 76/240  19053.4 ms
block 27/80 - 79/240  19058.0 ms
block 28/80 - 82/240  19057.4 ms
block 29/80 - 85/240  19050.7 ms
block 30/80 - 88/240  19049.3 ms
block 31/80 - 91/240  19052.5 ms
block 32/80 - 94/240  19054.8 ms
block 33/80 - 97/240  19059.9 ms
block 34/80 - 100/240  19053.5 ms
block 35/80 - 103/240  19054.1 ms
block 36/80 - 106/240  19056.5 ms
block 37/80 - 109/240  19061.7 ms
block 38/80 - 112/240  19055.5 ms
block 39/80 - 115/240  19051.8 ms
block 40/80 - 118/240  19054.5 ms
block 41/80 - 121/240  19052.6 ms
block 42/80 - 124/240  19072.6 ms
block 43/80 - 127/240  19057.4 ms
block 44/80 - 130/240  19054.0 ms
block 45/80 - 133/240  19056.7 ms
block 46/80 - 136/240  19053.2 ms
block 47/80 - 139/240  19059.3 ms
block 48/80 - 142/240  19057.5 ms
block 49/80 - 145/240  19052.9 ms
block 50/80 - 148/240  19058.1 ms
block 51/80 - 151/240  19051.9 ms
block 52/80 - 154/240  19054.2 ms
block 53/80 - 157/240  19053.3 ms
block 54/80 - 160/240  19051.3 ms
block 55/80 - 163/240  19053.7 ms
block 56/80 - 166/240  19070.1 ms
block 57/80 - 169/240  19056.1 ms
block 58/80 - 172/240  19055.3 ms
block 59/80 - 175/240  19053.4 ms
block 60/80 - 178/240  19072.8 ms
block 61/80 - 181/240  19060.8 ms
block 62/80 - 184/240  19053.1 ms
block 63/80 - 187/240  19058.2 ms
block 64/80 - 190/240  19061.2 ms
block 65/80 - 193/240  19055.1 ms
block 66/80 - 196/240  19054.8 ms
block 67/80 - 199/240  19056.8 ms
block 68/80 - 202/240  19055.7 ms
block 69/80 - 205/240  19065.4 ms
block 70/80 - 208/240  19055.5 ms
block 71/80 - 211/240  19053.9 ms
block 72/80 - 214/240  19058.5 ms
block 73/80 - 217/240  19054.5 ms
block 74/80 - 220/240  19056.2 ms
block 75/80 - 223/240  19061.1 ms
block 76/80 - 226/240  19064.3 ms
block 77/80 - 229/240  19059.0 ms
block 78/80 - 232/240  19059.3 ms
block 79/80 - 235/240  19059.3 ms
block 80/80 - 238/240  19055.0 ms
[24/128] elapsed=55.0m  avg=137.4s/prompt  eta=238.2m
block 1/80 - 1/240  17245.8 ms
block 2/80 - 4/240  16963.2 ms
block 3/80 - 7/240  17320.1 ms
block 4/80 - 10/240  17857.7 ms
block 5/80 - 13/240  18168.5 ms
block 6/80 - 16/240  18637.0 ms
block 7/80 - 19/240  18706.7 ms
block 8/80 - 22/240  18709.5 ms
block 9/80 - 25/240  18733.3 ms
block 10/80 - 28/240  18782.1 ms
block 11/80 - 31/240  18797.7 ms
block 12/80 - 34/240  18852.8 ms
block 13/80 - 37/240  19053.3 ms
block 14/80 - 40/240  19054.4 ms
block 15/80 - 43/240  19050.4 ms
block 16/80 - 46/240  19050.2 ms
block 17/80 - 49/240  19053.5 ms
block 18/80 - 52/240  19053.0 ms
block 19/80 - 55/240  19051.4 ms
block 20/80 - 58/240  19051.0 ms
block 21/80 - 61/240  19186.2 ms
block 22/80 - 64/240  19051.1 ms
block 23/80 - 67/240  19049.5 ms
block 24/80 - 70/240  19050.0 ms
block 25/80 - 73/240  19051.4 ms
block 26/80 - 76/240  19051.8 ms
block 27/80 - 79/240  19055.3 ms
block 28/80 - 82/240  19053.5 ms
block 29/80 - 85/240  19051.0 ms
block 30/80 - 88/240  19076.5 ms
block 31/80 - 91/240  19062.3 ms
block 32/80 - 94/240  19054.3 ms
block 33/80 - 97/240  19053.3 ms
block 34/80 - 100/240  19052.3 ms
block 35/80 - 103/240  19054.9 ms
block 36/80 - 106/240  19053.4 ms
block 37/80 - 109/240  19064.5 ms
block 38/80 - 112/240  19053.8 ms
block 39/80 - 115/240  19056.1 ms
block 40/80 - 118/240  19062.6 ms
block 41/80 - 121/240  19052.4 ms
block 42/80 - 124/240  19073.8 ms
block 43/80 - 127/240  19036.7 ms
block 44/80 - 130/240  19060.7 ms
block 45/80 - 133/240  19058.4 ms
block 46/80 - 136/240  19055.4 ms
block 47/80 - 139/240  19054.7 ms
block 48/80 - 142/240  19056.1 ms
block 49/80 - 145/240  19062.2 ms
block 50/80 - 148/240  19069.1 ms
block 51/80 - 151/240  19060.7 ms
block 52/80 - 154/240  19066.2 ms
block 53/80 - 157/240  19060.2 ms
block 54/80 - 160/240  19061.9 ms
block 55/80 - 163/240  19055.5 ms
block 56/80 - 166/240  19055.2 ms
block 57/80 - 169/240  19048.1 ms
block 58/80 - 172/240  19053.9 ms
block 59/80 - 175/240  19053.3 ms
block 60/80 - 178/240  19062.4 ms
block 61/80 - 181/240  19063.4 ms
block 62/80 - 184/240  19053.9 ms
block 63/80 - 187/240  19054.7 ms
block 64/80 - 190/240  19054.1 ms
block 65/80 - 193/240  19053.9 ms
block 66/80 - 196/240  19056.8 ms
block 67/80 - 199/240  19055.4 ms
block 68/80 - 202/240  19070.3 ms
block 69/80 - 205/240  19061.9 ms
block 70/80 - 208/240  19058.9 ms
block 71/80 - 211/240  19058.7 ms
block 72/80 - 214/240  19052.5 ms
block 73/80 - 217/240  19056.7 ms
block 74/80 - 220/240  19075.4 ms
block 75/80 - 223/240  19056.6 ms
block 76/80 - 226/240  19058.4 ms
block 77/80 - 229/240  19061.7 ms
block 78/80 - 232/240  19060.4 ms
block 79/80 - 235/240  19061.4 ms
block 80/80 - 238/240  19056.2 ms
[40/128] elapsed=80.2m  avg=120.4s/prompt  eta=176.5m
block 1/80 - 1/240  17206.2 ms
block 2/80 - 4/240  17141.9 ms
block 3/80 - 7/240  17318.9 ms
block 4/80 - 10/240  17855.2 ms
block 5/80 - 13/240  18171.3 ms
block 6/80 - 16/240  18631.7 ms
block 7/80 - 19/240  18706.6 ms
block 8/80 - 22/240  18706.9 ms
block 9/80 - 25/240  18742.9 ms
block 10/80 - 28/240  18788.0 ms
block 11/80 - 31/240  18802.7 ms
block 12/80 - 34/240  18862.9 ms
block 13/80 - 37/240  19052.8 ms
block 14/80 - 40/240  19064.0 ms
block 15/80 - 43/240  19056.1 ms
block 16/80 - 46/240  19050.7 ms
block 17/80 - 49/240  19052.1 ms
block 18/80 - 52/240  19069.9 ms
block 19/80 - 55/240  19051.1 ms
block 20/80 - 58/240  19060.8 ms
block 21/80 - 61/240  19053.7 ms
block 22/80 - 64/240  19052.6 ms
block 23/80 - 67/240  19055.6 ms
block 24/80 - 70/240  19064.9 ms
block 25/80 - 73/240  19153.8 ms
block 26/80 - 76/240  19074.0 ms
block 27/80 - 79/240  19054.0 ms
block 28/80 - 82/240  19059.5 ms
block 29/80 - 85/240  19055.6 ms
block 30/80 - 88/240  19063.2 ms
block 31/80 - 91/240  19055.5 ms
block 32/80 - 94/240  19053.5 ms
block 33/80 - 97/240  19057.5 ms
block 34/80 - 100/240  19055.6 ms
block 35/80 - 103/240  19054.4 ms
block 36/80 - 106/240  19054.1 ms
block 37/80 - 109/240  19054.8 ms
block 38/80 - 112/240  19072.4 ms
block 39/80 - 115/240  19053.9 ms
block 40/80 - 118/240  19061.6 ms
block 41/80 - 121/240  19056.9 ms
block 42/80 - 124/240  19057.4 ms
block 43/80 - 127/240  19054.9 ms
block 44/80 - 130/240  19054.8 ms
block 45/80 - 133/240  19058.3 ms
block 46/80 - 136/240  19055.0 ms
block 47/80 - 139/240  19056.5 ms
block 48/80 - 142/240  19057.1 ms
block 49/80 - 145/240  19055.7 ms
block 50/80 - 148/240  19058.3 ms
block 51/80 - 151/240  19059.6 ms
block 52/80 - 154/240  19054.3 ms
block 53/80 - 157/240  19057.5 ms
block 54/80 - 160/240  19069.6 ms
block 55/80 - 163/240  19054.2 ms
block 56/80 - 166/240  19067.2 ms
block 57/80 - 169/240  19057.6 ms
block 58/80 - 172/240  19057.0 ms
block 59/80 - 175/240  19057.2 ms
block 60/80 - 178/240  19055.1 ms
block 61/80 - 181/240  19056.0 ms
block 62/80 - 184/240  19065.7 ms
block 63/80 - 187/240  19050.0 ms
block 64/80 - 190/240  19067.6 ms
block 65/80 - 193/240  19063.4 ms
block 66/80 - 196/240  19073.2 ms
block 67/80 - 199/240  19058.8 ms
block 68/80 - 202/240  19061.0 ms
block 69/80 - 205/240  19066.1 ms
block 70/80 - 208/240  19089.0 ms
block 71/80 - 211/240  19066.0 ms
block 72/80 - 214/240  19104.7 ms
block 73/80 - 217/240  19065.2 ms
block 74/80 - 220/240  19062.7 ms
block 75/80 - 223/240  19058.0 ms
block 76/80 - 226/240  19067.2 ms
block 77/80 - 229/240  19059.3 ms
block 78/80 - 232/240  19059.1 ms
block 79/80 - 235/240  19068.0 ms
block 80/80 - 238/240  19056.4 ms
[56/128] elapsed=105.5m  avg=113.1s/prompt  eta=135.7m
block 1/80 - 1/240  17155.6 ms
block 2/80 - 4/240  16965.8 ms
block 3/80 - 7/240  17319.3 ms
block 4/80 - 10/240  17857.7 ms
block 5/80 - 13/240  18168.2 ms
block 6/80 - 16/240  18639.8 ms
block 7/80 - 19/240  18703.6 ms
block 8/80 - 22/240  18709.4 ms
block 9/80 - 25/240  18778.3 ms
block 10/80 - 28/240  18982.9 ms
block 11/80 - 31/240  18808.0 ms
block 12/80 - 34/240  18853.3 ms
block 13/80 - 37/240  19055.5 ms
block 14/80 - 40/240  19066.4 ms
block 15/80 - 43/240  19053.9 ms
block 16/80 - 46/240  19061.1 ms
block 17/80 - 49/240  19055.6 ms
block 18/80 - 52/240  19054.4 ms
block 19/80 - 55/240  19055.3 ms
block 20/80 - 58/240  19055.7 ms
block 21/80 - 61/240  19056.3 ms
block 22/80 - 64/240  19053.4 ms
block 23/80 - 67/240  19052.9 ms
block 24/80 - 70/240  19056.0 ms
block 25/80 - 73/240  19061.4 ms
block 26/80 - 76/240  19056.8 ms
block 27/80 - 79/240  19054.7 ms
block 28/80 - 82/240  19054.8 ms
block 29/80 - 85/240  19055.5 ms
block 30/80 - 88/240  19053.5 ms
block 31/80 - 91/240  19063.9 ms
block 32/80 - 94/240  19054.8 ms
block 33/80 - 97/240  19148.9 ms
block 34/80 - 100/240  19057.8 ms
block 35/80 - 103/240  19058.7 ms
block 36/80 - 106/240  19055.5 ms
block 37/80 - 109/240  19063.1 ms
block 38/80 - 112/240  19055.9 ms
block 39/80 - 115/240  19059.6 ms
block 40/80 - 118/240  19057.8 ms
block 41/80 - 121/240  19058.3 ms
block 42/80 - 124/240  19056.4 ms
block 43/80 - 127/240  19058.7 ms
block 44/80 - 130/240  19058.2 ms
block 45/80 - 133/240  19058.8 ms
block 46/80 - 136/240  19067.3 ms
block 47/80 - 139/240  19063.1 ms
block 48/80 - 142/240  19081.0 ms
block 49/80 - 145/240  19063.7 ms
block 50/80 - 148/240  19060.7 ms
block 51/80 - 151/240  19132.9 ms
block 52/80 - 154/240  19068.2 ms
block 53/80 - 157/240  19073.2 ms
block 54/80 - 160/240  19067.4 ms
block 55/80 - 163/240  19057.1 ms
block 56/80 - 166/240  19058.3 ms
block 57/80 - 169/240  19057.4 ms
block 58/80 - 172/240  19121.5 ms
block 59/80 - 175/240  19066.0 ms
block 60/80 - 178/240  19059.0 ms
block 61/80 - 181/240  19078.0 ms
block 62/80 - 184/240  19061.9 ms
block 63/80 - 187/240  19084.1 ms
block 64/80 - 190/240  19067.2 ms
block 65/80 - 193/240  19061.1 ms
block 66/80 - 196/240  19059.5 ms
block 67/80 - 199/240  19063.8 ms
block 68/80 - 202/240  19061.5 ms
block 69/80 - 205/240  19062.6 ms
block 70/80 - 208/240  19061.3 ms
block 71/80 - 211/240  19062.5 ms
block 72/80 - 214/240  19059.3 ms
block 73/80 - 217/240  19059.5 ms
block 74/80 - 220/240  19059.2 ms
block 75/80 - 223/240  19059.0 ms
block 76/80 - 226/240  19067.6 ms
block 77/80 - 229/240  19061.7 ms
block 78/80 - 232/240  19062.8 ms
block 79/80 - 235/240  19121.7 ms
block 80/80 - 238/240  19062.1 ms
[72/128] elapsed=130.8m  avg=109.0s/prompt  eta=101.7m
block 1/80 - 1/240  17301.8 ms
block 2/80 - 4/240  16965.2 ms
block 3/80 - 7/240  17317.4 ms
block 4/80 - 10/240  17856.6 ms
block 5/80 - 13/240  18169.6 ms
block 6/80 - 16/240  18643.2 ms
block 7/80 - 19/240  18704.5 ms
block 8/80 - 22/240  18708.7 ms
block 9/80 - 25/240  18785.5 ms
block 10/80 - 28/240  18786.8 ms
block 11/80 - 31/240  18858.5 ms
block 12/80 - 34/240  18861.7 ms
block 13/80 - 37/240  19062.1 ms
block 14/80 - 40/240  19058.8 ms
block 15/80 - 43/240  19061.4 ms
block 16/80 - 46/240  19057.6 ms
block 17/80 - 49/240  19135.9 ms
block 18/80 - 52/240  19071.4 ms
block 19/80 - 55/240  19060.5 ms
block 20/80 - 58/240  19053.3 ms
block 21/80 - 61/240  19058.4 ms
block 22/80 - 64/240  19063.8 ms
block 23/80 - 67/240  19065.3 ms
block 24/80 - 70/240  19062.6 ms
block 25/80 - 73/240  19058.6 ms
block 26/80 - 76/240  19053.8 ms
block 27/80 - 79/240  19054.9 ms
block 28/80 - 82/240  19070.0 ms
block 29/80 - 85/240  19067.0 ms
block 30/80 - 88/240  19063.7 ms
block 31/80 - 91/240  19054.2 ms
block 32/80 - 94/240  19062.1 ms
block 33/80 - 97/240  19067.9 ms
block 34/80 - 100/240  19056.0 ms
block 35/80 - 103/240  19055.5 ms
block 36/80 - 106/240  19069.0 ms
block 37/80 - 109/240  19058.5 ms
block 38/80 - 112/240  19069.9 ms
block 39/80 - 115/240  19069.0 ms
block 40/80 - 118/240  19072.5 ms
block 41/80 - 121/240  19061.8 ms
block 42/80 - 124/240  19057.5 ms
block 43/80 - 127/240  19068.6 ms
block 44/80 - 130/240  19076.1 ms
block 45/80 - 133/240  19075.0 ms
block 46/80 - 136/240  19078.2 ms
block 47/80 - 139/240  19062.9 ms
block 48/80 - 142/240  19073.9 ms
block 49/80 - 145/240  19070.8 ms
block 50/80 - 148/240  19071.0 ms
block 51/80 - 151/240  19071.5 ms
block 52/80 - 154/240  19060.2 ms
block 53/80 - 157/240  19063.3 ms
block 54/80 - 160/240  19066.9 ms
block 55/80 - 163/240  19065.8 ms
block 56/80 - 166/240  19069.8 ms
block 57/80 - 169/240  19063.4 ms
block 58/80 - 172/240  19066.5 ms
block 59/80 - 175/240  19063.9 ms
block 60/80 - 178/240  19068.8 ms
block 61/80 - 181/240  19073.3 ms
block 62/80 - 184/240  19065.0 ms
block 63/80 - 187/240  19072.7 ms
block 64/80 - 190/240  19072.0 ms
block 65/80 - 193/240  19263.7 ms
block 66/80 - 196/240  19070.3 ms
block 67/80 - 199/240  19060.5 ms
block 68/80 - 202/240  19067.5 ms
block 69/80 - 205/240  19066.8 ms
block 70/80 - 208/240  19063.5 ms
block 71/80 - 211/240  19067.1 ms
block 72/80 - 214/240  19068.9 ms
block 73/80 - 217/240  19067.2 ms
block 74/80 - 220/240  19077.6 ms
block 75/80 - 223/240  19066.0 ms
block 76/80 - 226/240  19068.3 ms
block 77/80 - 229/240  19073.7 ms
block 78/80 - 232/240  19075.0 ms
block 79/80 - 235/240  19069.1 ms
block 80/80 - 238/240  19085.2 ms
[88/128] elapsed=156.1m  avg=106.4s/prompt  eta=70.9m
block 1/80 - 1/240  17951.8 ms
block 2/80 - 4/240  17022.4 ms
block 3/80 - 7/240  17380.1 ms
block 4/80 - 10/240  18005.2 ms
block 5/80 - 13/240  18184.1 ms
block 6/80 - 16/240  18749.3 ms
block 7/80 - 19/240  18764.3 ms
block 8/80 - 22/240  18810.8 ms
block 9/80 - 25/240  18786.5 ms
block 10/80 - 28/240  18840.3 ms
block 11/80 - 31/240  18860.2 ms
block 12/80 - 34/240  18943.0 ms
block 13/80 - 37/240  19055.9 ms
block 14/80 - 40/240  19058.2 ms
block 15/80 - 43/240  19058.8 ms
block 16/80 - 46/240  19062.0 ms
block 17/80 - 49/240  19068.9 ms
block 18/80 - 52/240  19062.3 ms
block 19/80 - 55/240  19066.0 ms
block 20/80 - 58/240  19053.1 ms
block 21/80 - 61/240  19126.7 ms
block 22/80 - 64/240  19238.0 ms
block 23/80 - 67/240  19057.1 ms
block 24/80 - 70/240  19134.3 ms
block 25/80 - 73/240  19054.6 ms
block 26/80 - 76/240  19054.7 ms
block 27/80 - 79/240  19065.5 ms
block 28/80 - 82/240  19132.0 ms
block 29/80 - 85/240  19065.5 ms
block 30/80 - 88/240  19051.7 ms
block 31/80 - 91/240  19119.4 ms
block 32/80 - 94/240  19068.2 ms
block 33/80 - 97/240  19066.2 ms
block 34/80 - 100/240  19060.3 ms
block 35/80 - 103/240  19059.4 ms
block 36/80 - 106/240  19055.7 ms
block 37/80 - 109/240  19060.4 ms
block 38/80 - 112/240  19067.7 ms
block 39/80 - 115/240  19067.2 ms
block 40/80 - 118/240  19057.1 ms
block 41/80 - 121/240  19066.3 ms
block 42/80 - 124/240  19061.1 ms
block 43/80 - 127/240  19155.3 ms
block 44/80 - 130/240  19069.4 ms
block 45/80 - 133/240  19065.3 ms
block 46/80 - 136/240  19065.5 ms
block 47/80 - 139/240  19063.6 ms
block 48/80 - 142/240  19058.7 ms
block 49/80 - 145/240  19065.4 ms
block 50/80 - 148/240  19062.8 ms
block 51/80 - 151/240  19058.6 ms
block 52/80 - 154/240  19055.0 ms
block 53/80 - 157/240  19059.3 ms
block 54/80 - 160/240  19063.1 ms
block 55/80 - 163/240  19060.8 ms
block 56/80 - 166/240  19080.7 ms
block 57/80 - 169/240  19117.4 ms
block 58/80 - 172/240  19055.9 ms
block 59/80 - 175/240  19057.1 ms
block 60/80 - 178/240  19063.8 ms
block 61/80 - 181/240  19059.3 ms
block 62/80 - 184/240  19070.7 ms
block 63/80 - 187/240  19054.7 ms
block 64/80 - 190/240  19061.2 ms
block 65/80 - 193/240  19063.0 ms
block 66/80 - 196/240  19103.2 ms
block 67/80 - 199/240  19104.9 ms
block 68/80 - 202/240  19068.2 ms
block 69/80 - 205/240  19057.4 ms
block 70/80 - 208/240  19071.9 ms
block 71/80 - 211/240  19072.9 ms
block 72/80 - 214/240  19066.4 ms
block 73/80 - 217/240  19071.9 ms
block 74/80 - 220/240  19065.7 ms
block 75/80 - 223/240  19075.0 ms
block 76/80 - 226/240  19070.8 ms
block 77/80 - 229/240  19071.7 ms
block 78/80 - 232/240  19068.1 ms
block 79/80 - 235/240  19070.1 ms
block 80/80 - 238/240  19064.3 ms
[104/128] elapsed=181.4m  avg=104.7s/prompt  eta=41.9m
block 1/80 - 1/240  17223.9 ms
block 2/80 - 4/240  16971.8 ms
block 3/80 - 7/240  17317.8 ms
block 4/80 - 10/240  17855.3 ms
block 5/80 - 13/240  18170.9 ms
block 6/80 - 16/240  18640.0 ms
block 7/80 - 19/240  18715.0 ms
block 8/80 - 22/240  18710.1 ms
block 9/80 - 25/240  18782.0 ms
block 10/80 - 28/240  18783.3 ms
block 11/80 - 31/240  19148.9 ms
block 12/80 - 34/240  18857.1 ms
block 13/80 - 37/240  19064.7 ms
block 14/80 - 40/240  19059.0 ms
block 15/80 - 43/240  19072.7 ms
block 16/80 - 46/240  19065.9 ms
block 17/80 - 49/240  19060.1 ms
block 18/80 - 52/240  19067.5 ms
block 19/80 - 55/240  19056.4 ms
block 20/80 - 58/240  19056.1 ms
block 21/80 - 61/240  19086.2 ms
block 22/80 - 64/240  19058.2 ms
block 23/80 - 67/240  19059.4 ms
block 24/80 - 70/240  19059.3 ms
block 25/80 - 73/240  19056.7 ms
block 26/80 - 76/240  19065.9 ms
block 27/80 - 79/240  19061.9 ms
block 28/80 - 82/240  19056.1 ms
block 29/80 - 85/240  19057.0 ms
block 30/80 - 88/240  19056.0 ms
block 31/80 - 91/240  19061.4 ms
block 32/80 - 94/240  19069.8 ms
block 33/80 - 97/240  19057.6 ms
block 34/80 - 100/240  19056.6 ms
block 35/80 - 103/240  19055.0 ms
block 36/80 - 106/240  19057.0 ms
block 37/80 - 109/240  19055.7 ms
block 38/80 - 112/240  19089.8 ms
block 39/80 - 115/240  19054.4 ms
block 40/80 - 118/240  19054.3 ms
block 41/80 - 121/240  19069.5 ms
block 42/80 - 124/240  19078.5 ms
block 43/80 - 127/240  19057.7 ms
block 44/80 - 130/240  19057.6 ms
block 45/80 - 133/240  19063.1 ms
block 46/80 - 136/240  19059.0 ms
block 47/80 - 139/240  19055.6 ms
block 48/80 - 142/240  19064.3 ms
block 49/80 - 145/240  19055.5 ms
block 50/80 - 148/240  19057.3 ms
block 51/80 - 151/240  19063.6 ms
block 52/80 - 154/240  19088.1 ms
block 53/80 - 157/240  19059.9 ms
block 54/80 - 160/240  19066.9 ms
block 55/80 - 163/240  19056.4 ms
block 56/80 - 166/240  19056.1 ms
block 57/80 - 169/240  19053.4 ms
block 58/80 - 172/240  19056.8 ms
block 59/80 - 175/240  19054.1 ms
block 60/80 - 178/240  19056.5 ms
block 61/80 - 181/240  19053.7 ms
block 62/80 - 184/240  19064.7 ms
block 63/80 - 187/240  19063.1 ms
block 64/80 - 190/240  19058.7 ms
block 65/80 - 193/240  19057.0 ms
block 66/80 - 196/240  19203.8 ms
block 67/80 - 199/240  19073.7 ms
block 68/80 - 202/240  19055.2 ms
block 69/80 - 205/240  19055.9 ms
block 70/80 - 208/240  19057.6 ms
block 71/80 - 211/240  19065.9 ms
block 72/80 - 214/240  19061.8 ms
block 73/80 - 217/240  19054.8 ms
block 74/80 - 220/240  19056.9 ms
block 75/80 - 223/240  19066.8 ms
block 76/80 - 226/240  19060.0 ms
block 77/80 - 229/240  19054.4 ms
block 78/80 - 232/240  19056.7 ms
block 79/80 - 235/240  19056.6 ms
block 80/80 - 238/240  19054.3 ms
[120/128] elapsed=206.7m  avg=103.3s/prompt  eta=13.8m
