Running on a single GPU (cuda); skipping NCCL initialization.
Free VRAM 93.14923095703125 GB
Loading CUDA extension (first run compiles ~60s; cached run ~3s)...
CUDA extension ready in 149.1s.
[CacheCompatibilityPolicy] recent=20:0 coverage=21:360 episode=22:0 coverage_policy=retrieval budget=9FFE read_budget=9FFE owner=HeadComposition
KV inference with 3 frames per block
Number of prompts: 128
Prompt index range: [0, 128)
Loading PyramidKV config from /apdcephfs_gy2/share_303214315/cedricnie/develop/training-free/runs/v182_structured_coverage/inputs/maps/all_coverage_retrieval.csv
block 1/80 - 1/240  156969.0 ms
block 2/80 - 4/240  30907.5 ms
block 3/80 - 7/240  31794.6 ms
block 4/80 - 10/240  32400.3 ms
block 5/80 - 13/240  32933.8 ms
block 6/80 - 16/240  33786.3 ms
block 7/80 - 19/240  34016.9 ms
block 8/80 - 22/240  33749.0 ms
block 9/80 - 25/240  33822.9 ms
block 10/80 - 28/240  33822.3 ms
block 11/80 - 31/240  33880.9 ms
block 12/80 - 34/240  33794.5 ms
block 13/80 - 37/240  33922.2 ms
block 14/80 - 40/240  33927.1 ms
block 15/80 - 43/240  33932.3 ms
block 16/80 - 46/240  33927.3 ms
block 17/80 - 49/240  33936.8 ms
block 18/80 - 52/240  33949.3 ms
block 19/80 - 55/240  33936.0 ms
block 20/80 - 58/240  33926.4 ms
block 21/80 - 61/240  33936.0 ms
block 22/80 - 64/240  33935.2 ms
block 23/80 - 67/240  33927.2 ms
block 24/80 - 70/240  33935.3 ms
block 25/80 - 73/240  33937.3 ms
block 26/80 - 76/240  33927.3 ms
block 27/80 - 79/240  33958.2 ms
block 28/80 - 82/240  33936.0 ms
block 29/80 - 85/240  33928.6 ms
block 30/80 - 88/240  33932.5 ms
block 31/80 - 91/240  33936.7 ms
block 32/80 - 94/240  33950.2 ms
block 33/80 - 97/240  33946.7 ms
block 34/80 - 100/240  33936.8 ms
block 35/80 - 103/240  33937.4 ms
block 36/80 - 106/240  33932.4 ms
block 37/80 - 109/240  33931.9 ms
block 38/80 - 112/240  33927.5 ms
block 39/80 - 115/240  33946.6 ms
block 40/80 - 118/240  33941.1 ms
block 41/80 - 121/240  33936.7 ms
block 42/80 - 124/240  33927.8 ms
block 43/80 - 127/240  33932.3 ms
block 44/80 - 130/240  33932.8 ms
block 45/80 - 133/240  33936.4 ms
block 46/80 - 136/240  33932.7 ms
block 47/80 - 139/240  33937.2 ms
block 48/80 - 142/240  33932.1 ms
block 49/80 - 145/240  33936.9 ms
block 50/80 - 148/240  33945.3 ms
block 51/80 - 151/240  33937.7 ms
block 52/80 - 154/240  33941.4 ms
block 53/80 - 157/240  33936.8 ms
block 54/80 - 160/240  33935.8 ms
block 55/80 - 163/240  33933.5 ms
block 56/80 - 166/240  33931.4 ms
block 57/80 - 169/240  33935.7 ms
block 58/80 - 172/240  33932.0 ms
block 59/80 - 175/240  33926.0 ms
block 60/80 - 178/240  33936.1 ms
block 61/80 - 181/240  33928.3 ms
block 62/80 - 184/240  33940.2 ms
block 63/80 - 187/240  33936.6 ms
block 64/80 - 190/240  33927.1 ms
block 65/80 - 193/240  33942.0 ms
block 66/80 - 196/240  33944.6 ms
block 67/80 - 199/240  33945.5 ms
block 68/80 - 202/240  33927.5 ms
block 69/80 - 205/240  33931.1 ms
block 70/80 - 208/240  33932.4 ms
block 71/80 - 211/240  33937.9 ms
block 72/80 - 214/240  33932.6 ms
block 73/80 - 217/240  33931.6 ms
block 74/80 - 220/240  33931.6 ms
block 75/80 - 223/240  33941.2 ms
block 76/80 - 226/240  33912.2 ms
block 77/80 - 229/240  33935.7 ms
block 78/80 - 232/240  33935.7 ms
block 79/80 - 235/240  33928.6 ms
block 80/80 - 238/240  33945.9 ms
/apdcephfs_gy2/share_303214315/cedricnie/miniconda3/envs/longlive/lib/python3.10/site-packages/torchvision/io/_video_deprecation_warning.py:9: UserWarning: The video decoding and encoding capabilities of torchvision are deprecated from version 0.22 and will be removed in version 0.24. We recommend that you migrate to TorchCodec, where we'll consolidate the future decoding/encoding capabilities of PyTorch: https://github.com/pytorch/torchcodec
  warnings.warn(
[15/128] elapsed=47.2m  avg=188.8s/prompt  eta=355.6m
block 1/80 - 1/240  29235.3 ms
block 2/80 - 4/240  31181.6 ms
block 3/80 - 7/240  31859.5 ms
block 4/80 - 10/240  32334.4 ms
block 5/80 - 13/240  32925.4 ms
block 6/80 - 16/240  33654.9 ms
block 7/80 - 19/240  33949.1 ms
block 8/80 - 22/240  33736.5 ms
block 9/80 - 25/240  33787.2 ms
block 10/80 - 28/240  33777.9 ms
block 11/80 - 31/240  33780.3 ms
block 12/80 - 34/240  33794.9 ms
block 13/80 - 37/240  33946.8 ms
block 14/80 - 40/240  33971.0 ms
block 15/80 - 43/240  33979.1 ms
block 16/80 - 46/240  34125.2 ms
block 17/80 - 49/240  34030.2 ms
block 18/80 - 52/240  34031.1 ms
block 19/80 - 55/240  34035.4 ms
block 20/80 - 58/240  34068.0 ms
block 21/80 - 61/240  34038.8 ms
block 22/80 - 64/240  34037.9 ms
block 23/80 - 67/240  34032.4 ms
block 24/80 - 70/240  34019.9 ms
block 25/80 - 73/240  33983.6 ms
block 26/80 - 76/240  34026.1 ms
block 27/80 - 79/240  34065.4 ms
block 28/80 - 82/240  34066.8 ms
block 29/80 - 85/240  34056.5 ms
block 30/80 - 88/240  34058.1 ms
block 31/80 - 91/240  34041.8 ms
block 32/80 - 94/240  33955.6 ms
block 33/80 - 97/240  33945.8 ms
block 34/80 - 100/240  34065.6 ms
block 35/80 - 103/240  34065.1 ms
block 36/80 - 106/240  34065.5 ms
block 37/80 - 109/240  34066.4 ms
block 38/80 - 112/240  34066.2 ms
block 39/80 - 115/240  34057.0 ms
block 40/80 - 118/240  34065.2 ms
block 41/80 - 121/240  34065.3 ms
block 42/80 - 124/240  34165.4 ms
block 43/80 - 127/240  34141.4 ms
block 44/80 - 130/240  34066.3 ms
block 45/80 - 133/240  34065.4 ms
block 46/80 - 136/240  34067.4 ms
block 47/80 - 139/240  34065.9 ms
block 48/80 - 142/240  34065.8 ms
block 49/80 - 145/240  34066.2 ms
block 50/80 - 148/240  34041.6 ms
block 51/80 - 151/240  34061.2 ms
block 52/80 - 154/240  34065.3 ms
block 53/80 - 157/240  34066.1 ms
block 54/80 - 160/240  34066.0 ms
block 55/80 - 163/240  34037.1 ms
block 56/80 - 166/240  34064.9 ms
block 57/80 - 169/240  34075.3 ms
block 58/80 - 172/240  34070.7 ms
block 59/80 - 175/240  34065.8 ms
block 60/80 - 178/240  34059.8 ms
block 61/80 - 181/240  34064.4 ms
block 62/80 - 184/240  34079.9 ms
block 63/80 - 187/240  34065.7 ms
block 64/80 - 190/240  34064.9 ms
block 65/80 - 193/240  34065.4 ms
block 66/80 - 196/240  34066.0 ms
block 67/80 - 199/240  34065.7 ms
block 68/80 - 202/240  34064.0 ms
block 69/80 - 205/240  34065.4 ms
block 70/80 - 208/240  34070.2 ms
block 71/80 - 211/240  34065.4 ms
block 72/80 - 214/240  34065.0 ms
block 73/80 - 217/240  34064.9 ms
block 74/80 - 220/240  34066.2 ms
block 75/80 - 223/240  34065.3 ms
block 76/80 - 226/240  34064.9 ms
block 77/80 - 229/240  34066.0 ms
block 78/80 - 232/240  34066.3 ms
block 79/80 - 235/240  34060.3 ms
block 80/80 - 238/240  34052.6 ms
[31/128] elapsed=92.4m  avg=178.8s/prompt  eta=289.1m
block 1/80 - 1/240  29203.2 ms
block 2/80 - 4/240  31205.4 ms
block 3/80 - 7/240  31866.8 ms
block 4/80 - 10/240  32317.4 ms
block 5/80 - 13/240  32929.8 ms
block 6/80 - 16/240  33645.5 ms
block 7/80 - 19/240  33699.5 ms
block 8/80 - 22/240  33736.7 ms
block 9/80 - 25/240  33778.8 ms
block 10/80 - 28/240  33776.7 ms
block 11/80 - 31/240  33777.3 ms
block 12/80 - 34/240  33791.1 ms
block 13/80 - 37/240  33928.8 ms
block 14/80 - 40/240  33941.4 ms
block 15/80 - 43/240  34028.9 ms
block 16/80 - 46/240  33965.4 ms
block 17/80 - 49/240  34063.0 ms
block 18/80 - 52/240  34033.7 ms
block 19/80 - 55/240  34010.0 ms
block 20/80 - 58/240  33932.5 ms
block 21/80 - 61/240  34053.2 ms
block 22/80 - 64/240  34051.7 ms
block 23/80 - 67/240  34028.6 ms
block 24/80 - 70/240  34056.7 ms
block 25/80 - 73/240  34057.3 ms
block 26/80 - 76/240  34033.8 ms
block 27/80 - 79/240  34056.7 ms
block 28/80 - 82/240  34042.2 ms
block 29/80 - 85/240  34007.0 ms
block 30/80 - 88/240  34061.9 ms
block 31/80 - 91/240  34070.3 ms
block 32/80 - 94/240  34060.8 ms
block 33/80 - 97/240  34010.5 ms
block 34/80 - 100/240  34019.8 ms
block 35/80 - 103/240  34051.0 ms
block 36/80 - 106/240  34065.5 ms
block 37/80 - 109/240  34066.2 ms
block 38/80 - 112/240  34065.2 ms
block 39/80 - 115/240  34034.0 ms
block 40/80 - 118/240  34064.9 ms
block 41/80 - 121/240  33993.6 ms
block 42/80 - 124/240  33955.9 ms
block 43/80 - 127/240  34020.8 ms
block 44/80 - 130/240  33952.0 ms
block 45/80 - 133/240  34043.7 ms
block 46/80 - 136/240  34066.3 ms
block 47/80 - 139/240  34061.1 ms
block 48/80 - 142/240  34061.5 ms
block 49/80 - 145/240  34065.9 ms
block 50/80 - 148/240  34010.9 ms
block 51/80 - 151/240  33933.2 ms
block 52/80 - 154/240  34056.1 ms
block 53/80 - 157/240  34037.7 ms
block 54/80 - 160/240  34070.4 ms
block 55/80 - 163/240  34065.6 ms
block 56/80 - 166/240  34065.8 ms
block 57/80 - 169/240  34060.9 ms
block 58/80 - 172/240  34014.3 ms
block 59/80 - 175/240  34065.5 ms
block 60/80 - 178/240  34015.5 ms
block 61/80 - 181/240  34061.1 ms
block 62/80 - 184/240  34065.9 ms
block 63/80 - 187/240  34056.3 ms
block 64/80 - 190/240  34033.4 ms
block 65/80 - 193/240  34061.9 ms
block 66/80 - 196/240  34034.5 ms
block 67/80 - 199/240  34010.5 ms
block 68/80 - 202/240  33972.9 ms
block 69/80 - 205/240  33984.1 ms
block 70/80 - 208/240  34065.4 ms
block 71/80 - 211/240  34078.3 ms
block 72/80 - 214/240  34065.7 ms
block 73/80 - 217/240  34043.4 ms
block 74/80 - 220/240  34024.7 ms
block 75/80 - 223/240  34028.9 ms
block 76/80 - 226/240  34005.3 ms
block 77/80 - 229/240  33946.7 ms
block 78/80 - 232/240  33927.0 ms
block 79/80 - 235/240  34051.3 ms
block 80/80 - 238/240  34038.0 ms
[47/128] elapsed=137.6m  avg=175.6s/prompt  eta=237.1m
block 1/80 - 1/240  29361.1 ms
block 2/80 - 4/240  31200.5 ms
block 3/80 - 7/240  31687.8 ms
block 4/80 - 10/240  32576.9 ms
block 5/80 - 13/240  32925.1 ms
block 6/80 - 16/240  33646.5 ms
block 7/80 - 19/240  33699.0 ms
block 8/80 - 22/240  33713.4 ms
block 9/80 - 25/240  33778.6 ms
block 10/80 - 28/240  33777.0 ms
block 11/80 - 31/240  33776.2 ms
block 12/80 - 34/240  33800.1 ms
block 13/80 - 37/240  33953.0 ms
block 14/80 - 40/240  33969.5 ms
block 15/80 - 43/240  33997.7 ms
block 16/80 - 46/240  33974.5 ms
block 17/80 - 49/240  34047.8 ms
block 18/80 - 52/240  34015.5 ms
block 19/80 - 55/240  34020.2 ms
block 20/80 - 58/240  33955.8 ms
block 21/80 - 61/240  33982.6 ms
block 22/80 - 64/240  34036.4 ms
block 23/80 - 67/240  34031.3 ms
block 24/80 - 70/240  33947.1 ms
block 25/80 - 73/240  34056.2 ms
block 26/80 - 76/240  33992.9 ms
block 27/80 - 79/240  33973.6 ms
block 28/80 - 82/240  34057.8 ms
block 29/80 - 85/240  34111.5 ms
block 30/80 - 88/240  34028.3 ms
block 31/80 - 91/240  34071.0 ms
block 32/80 - 94/240  34007.2 ms
block 33/80 - 97/240  34074.8 ms
block 34/80 - 100/240  33993.0 ms
block 35/80 - 103/240  34065.6 ms
block 36/80 - 106/240  34065.4 ms
block 37/80 - 109/240  34066.6 ms
block 38/80 - 112/240  34065.9 ms
block 39/80 - 115/240  34061.9 ms
block 40/80 - 118/240  34066.4 ms
block 41/80 - 121/240  34038.8 ms
block 42/80 - 124/240  34058.7 ms
block 43/80 - 127/240  34011.6 ms
block 44/80 - 130/240  33984.0 ms
block 45/80 - 133/240  34011.7 ms
block 46/80 - 136/240  33937.6 ms
block 47/80 - 139/240  33988.1 ms
block 48/80 - 142/240  33983.7 ms
block 49/80 - 145/240  34037.6 ms
block 50/80 - 148/240  34019.9 ms
block 51/80 - 151/240  34037.8 ms
block 52/80 - 154/240  34057.0 ms
block 53/80 - 157/240  34001.9 ms
block 54/80 - 160/240  34034.4 ms
block 55/80 - 163/240  34038.9 ms
block 56/80 - 166/240  34044.1 ms
block 57/80 - 169/240  34011.0 ms
block 58/80 - 172/240  34010.9 ms
block 59/80 - 175/240  34047.4 ms
block 60/80 - 178/240  34039.2 ms
block 61/80 - 181/240  33973.7 ms
block 62/80 - 184/240  34037.8 ms
block 63/80 - 187/240  34025.0 ms
block 64/80 - 190/240  34033.9 ms
block 65/80 - 193/240  34032.8 ms
block 66/80 - 196/240  34024.3 ms
block 67/80 - 199/240  34033.0 ms
block 68/80 - 202/240  34047.6 ms
block 69/80 - 205/240  34009.7 ms
block 70/80 - 208/240  33974.4 ms
block 71/80 - 211/240  34061.8 ms
block 72/80 - 214/240  34033.5 ms
block 73/80 - 217/240  34019.6 ms
block 74/80 - 220/240  34023.6 ms
block 75/80 - 223/240  34060.3 ms
block 76/80 - 226/240  34088.5 ms
block 77/80 - 229/240  34069.5 ms
block 78/80 - 232/240  34060.0 ms
block 79/80 - 235/240  34050.9 ms
block 80/80 - 238/240  34066.0 ms
[63/128] elapsed=182.7m  avg=174.0s/prompt  eta=188.5m
block 1/80 - 1/240  29273.1 ms
block 2/80 - 4/240  31201.1 ms
block 3/80 - 7/240  31761.1 ms
block 4/80 - 10/240  32316.6 ms
block 5/80 - 13/240  32934.5 ms
block 6/80 - 16/240  33650.6 ms
block 7/80 - 19/240  33696.7 ms
block 8/80 - 22/240  33735.0 ms
block 9/80 - 25/240  33778.0 ms
block 10/80 - 28/240  33777.7 ms
block 11/80 - 31/240  33777.2 ms
block 12/80 - 34/240  33813.5 ms
block 13/80 - 37/240  33933.3 ms
block 14/80 - 40/240  33937.2 ms
block 15/80 - 43/240  34016.6 ms
block 16/80 - 46/240  33986.8 ms
block 17/80 - 49/240  34005.8 ms
block 18/80 - 52/240  34088.5 ms
block 19/80 - 55/240  34024.7 ms
block 20/80 - 58/240  34066.3 ms
block 21/80 - 61/240  34001.9 ms
block 22/80 - 64/240  34056.3 ms
block 23/80 - 67/240  34038.3 ms
block 24/80 - 70/240  34028.8 ms
block 25/80 - 73/240  34029.3 ms
block 26/80 - 76/240  33983.7 ms
block 27/80 - 79/240  34006.5 ms
block 28/80 - 82/240  34015.4 ms
block 29/80 - 85/240  34052.4 ms
block 30/80 - 88/240  33992.7 ms
block 31/80 - 91/240  34071.8 ms
block 32/80 - 94/240  34066.5 ms
block 33/80 - 97/240  34061.3 ms
block 34/80 - 100/240  34066.3 ms
block 35/80 - 103/240  34061.8 ms
block 36/80 - 106/240  34066.2 ms
block 37/80 - 109/240  34052.8 ms
block 38/80 - 112/240  34052.4 ms
block 39/80 - 115/240  34011.1 ms
block 40/80 - 118/240  33964.4 ms
block 41/80 - 121/240  33978.8 ms
block 42/80 - 124/240  34069.6 ms
block 43/80 - 127/240  34018.4 ms
block 44/80 - 130/240  33996.8 ms
block 45/80 - 133/240  34002.0 ms
block 46/80 - 136/240  34065.3 ms
block 47/80 - 139/240  34066.8 ms
block 48/80 - 142/240  34065.1 ms
block 49/80 - 145/240  34065.2 ms
block 50/80 - 148/240  34065.4 ms
block 51/80 - 151/240  34060.8 ms
block 52/80 - 154/240  34065.2 ms
block 53/80 - 157/240  34028.6 ms
block 54/80 - 160/240  33974.1 ms
block 55/80 - 163/240  33979.2 ms
block 56/80 - 166/240  34037.4 ms
block 57/80 - 169/240  34065.2 ms
block 58/80 - 172/240  34065.7 ms
block 59/80 - 175/240  34066.2 ms
block 60/80 - 178/240  34034.4 ms
block 61/80 - 181/240  34006.4 ms
block 62/80 - 184/240  34024.0 ms
block 63/80 - 187/240  34057.1 ms
block 64/80 - 190/240  33978.6 ms
block 65/80 - 193/240  34065.2 ms
block 66/80 - 196/240  34070.1 ms
block 67/80 - 199/240  34030.5 ms
block 68/80 - 202/240  33992.7 ms
block 69/80 - 205/240  34057.7 ms
block 70/80 - 208/240  34062.1 ms
block 71/80 - 211/240  33984.0 ms
block 72/80 - 214/240  33974.7 ms
block 73/80 - 217/240  34062.1 ms
block 74/80 - 220/240  34056.6 ms
block 75/80 - 223/240  33988.4 ms
block 76/80 - 226/240  33992.4 ms
block 77/80 - 229/240  34070.2 ms
block 78/80 - 232/240  34069.7 ms
block 79/80 - 235/240  34065.9 ms
block 80/80 - 238/240  33959.9 ms
[79/128] elapsed=227.9m  avg=173.1s/prompt  eta=141.3m
block 1/80 - 1/240  29410.0 ms
block 2/80 - 4/240  31192.6 ms
block 3/80 - 7/240  31788.5 ms
block 4/80 - 10/240  32318.0 ms
block 5/80 - 13/240  32930.8 ms
block 6/80 - 16/240  33644.1 ms
block 7/80 - 19/240  33644.6 ms
block 8/80 - 22/240  33709.2 ms
block 9/80 - 25/240  33723.1 ms
block 10/80 - 28/240  33778.9 ms
block 11/80 - 31/240  33776.5 ms
block 12/80 - 34/240  33776.6 ms
block 13/80 - 37/240  33928.2 ms
block 14/80 - 40/240  33928.1 ms
block 15/80 - 43/240  33937.9 ms
block 16/80 - 46/240  33933.3 ms
block 17/80 - 49/240  33941.3 ms
block 18/80 - 52/240  33928.3 ms
block 19/80 - 55/240  33933.2 ms
block 20/80 - 58/240  33937.3 ms
block 21/80 - 61/240  33928.3 ms
block 22/80 - 64/240  34034.3 ms
block 23/80 - 67/240  34055.8 ms
block 24/80 - 70/240  33966.0 ms
block 25/80 - 73/240  34043.9 ms
block 26/80 - 76/240  34001.8 ms
block 27/80 - 79/240  34042.6 ms
block 28/80 - 82/240  34061.7 ms
block 29/80 - 85/240  33993.0 ms
block 30/80 - 88/240  33993.3 ms
block 31/80 - 91/240  33978.9 ms
block 32/80 - 94/240  34007.2 ms
block 33/80 - 97/240  33974.3 ms
block 34/80 - 100/240  34006.9 ms
block 35/80 - 103/240  34028.8 ms
block 36/80 - 106/240  33941.4 ms
block 37/80 - 109/240  34028.6 ms
block 38/80 - 112/240  34025.2 ms
block 39/80 - 115/240  33969.0 ms
block 40/80 - 118/240  33973.4 ms
block 41/80 - 121/240  33954.7 ms
block 42/80 - 124/240  34020.0 ms
block 43/80 - 127/240  34051.7 ms
block 44/80 - 130/240  34029.0 ms
block 45/80 - 133/240  34029.5 ms
block 46/80 - 136/240  34001.5 ms
block 47/80 - 139/240  34010.8 ms
block 48/80 - 142/240  34033.3 ms
block 49/80 - 145/240  33964.3 ms
block 50/80 - 148/240  34033.6 ms
block 51/80 - 151/240  33955.2 ms
block 52/80 - 154/240  34051.3 ms
block 53/80 - 157/240  34047.8 ms
block 54/80 - 160/240  34047.9 ms
block 55/80 - 163/240  34020.3 ms
block 56/80 - 166/240  34047.1 ms
block 57/80 - 169/240  34060.3 ms
block 58/80 - 172/240  34067.6 ms
block 59/80 - 175/240  33997.5 ms
block 60/80 - 178/240  34047.5 ms
block 61/80 - 181/240  34065.3 ms
block 62/80 - 184/240  34066.0 ms
block 63/80 - 187/240  34065.8 ms
block 64/80 - 190/240  34043.2 ms
block 65/80 - 193/240  34010.8 ms
block 66/80 - 196/240  33987.9 ms
block 67/80 - 199/240  34028.7 ms
block 68/80 - 202/240  34065.6 ms
block 69/80 - 205/240  34062.4 ms
block 70/80 - 208/240  34040.0 ms
block 71/80 - 211/240  34006.8 ms
block 72/80 - 214/240  34007.2 ms
block 73/80 - 217/240  33983.7 ms
block 74/80 - 220/240  34058.1 ms
block 75/80 - 223/240  34047.7 ms
block 76/80 - 226/240  34028.9 ms
block 77/80 - 229/240  34060.5 ms
block 78/80 - 232/240  34065.4 ms
block 79/80 - 235/240  34019.4 ms
block 80/80 - 238/240  34028.9 ms
[95/128] elapsed=273.0m  avg=172.4s/prompt  eta=94.8m
block 1/80 - 1/240  29633.3 ms
block 2/80 - 4/240  31241.2 ms
block 3/80 - 7/240  31926.1 ms
block 4/80 - 10/240  32428.1 ms
block 5/80 - 13/240  33007.2 ms
block 6/80 - 16/240  33790.4 ms
block 7/80 - 19/240  33809.1 ms
block 8/80 - 22/240  33818.8 ms
block 9/80 - 25/240  34244.7 ms
block 10/80 - 28/240  33776.4 ms
block 11/80 - 31/240  33808.5 ms
block 12/80 - 34/240  33817.0 ms
block 13/80 - 37/240  33942.1 ms
block 14/80 - 40/240  33988.0 ms
block 15/80 - 43/240  34043.2 ms
block 16/80 - 46/240  34014.7 ms
block 17/80 - 49/240  33947.3 ms
block 18/80 - 52/240  33987.7 ms
block 19/80 - 55/240  34057.0 ms
block 20/80 - 58/240  34033.6 ms
block 21/80 - 61/240  34052.1 ms
block 22/80 - 64/240  34064.7 ms
block 23/80 - 67/240  34065.6 ms
block 24/80 - 70/240  34038.6 ms
block 25/80 - 73/240  33964.6 ms
block 26/80 - 76/240  33926.2 ms
block 27/80 - 79/240  33991.5 ms
block 28/80 - 82/240  33927.3 ms
block 29/80 - 85/240  33995.9 ms
block 30/80 - 88/240  33930.8 ms
block 31/80 - 91/240  33931.5 ms
block 32/80 - 94/240  33986.5 ms
block 33/80 - 97/240  33932.5 ms
block 34/80 - 100/240  33936.3 ms
block 35/80 - 103/240  33945.4 ms
block 36/80 - 106/240  33935.7 ms
block 37/80 - 109/240  33927.7 ms
block 38/80 - 112/240  33927.4 ms
block 39/80 - 115/240  33935.9 ms
block 40/80 - 118/240  33926.6 ms
block 41/80 - 121/240  33954.4 ms
block 42/80 - 124/240  33927.7 ms
block 43/80 - 127/240  33945.8 ms
block 44/80 - 130/240  33977.4 ms
block 45/80 - 133/240  33931.9 ms
block 46/80 - 136/240  33930.4 ms
block 47/80 - 139/240  33925.6 ms
block 48/80 - 142/240  33935.4 ms
block 49/80 - 145/240  33986.5 ms
block 50/80 - 148/240  33931.1 ms
block 51/80 - 151/240  33943.9 ms
block 52/80 - 154/240  33941.7 ms
block 53/80 - 157/240  33931.1 ms
block 54/80 - 160/240  33941.3 ms
block 55/80 - 163/240  34087.5 ms
block 56/80 - 166/240  33927.2 ms
block 57/80 - 169/240  33932.7 ms
block 58/80 - 172/240  33931.9 ms
block 59/80 - 175/240  33927.5 ms
block 60/80 - 178/240  33941.5 ms
block 61/80 - 181/240  33987.8 ms
block 62/80 - 184/240  33937.1 ms
block 63/80 - 187/240  33932.6 ms
block 64/80 - 190/240  33945.7 ms
block 65/80 - 193/240  33946.7 ms
block 66/80 - 196/240  33926.4 ms
block 67/80 - 199/240  33936.5 ms
block 68/80 - 202/240  33931.0 ms
block 69/80 - 205/240  33927.2 ms
block 70/80 - 208/240  33935.7 ms
block 71/80 - 211/240  33932.4 ms
block 72/80 - 214/240  33968.1 ms
block 73/80 - 217/240  33927.3 ms
block 74/80 - 220/240  33930.1 ms
block 75/80 - 223/240  33982.2 ms
block 76/80 - 226/240  33964.5 ms
block 77/80 - 229/240  33941.8 ms
block 78/80 - 232/240  33936.0 ms
block 79/80 - 235/240  33927.8 ms
block 80/80 - 238/240  33968.8 ms
[111/128] elapsed=318.1m  avg=172.0s/prompt  eta=48.7m
block 1/80 - 1/240  29213.4 ms
block 2/80 - 4/240  31196.9 ms
block 3/80 - 7/240  31767.3 ms
block 4/80 - 10/240  32317.9 ms
block 5/80 - 13/240  32935.3 ms
block 6/80 - 16/240  33682.8 ms
block 7/80 - 19/240  33741.8 ms
block 8/80 - 22/240  33747.1 ms
block 9/80 - 25/240  33778.2 ms
block 10/80 - 28/240  33783.1 ms
block 11/80 - 31/240  33799.8 ms
block 12/80 - 34/240  33790.8 ms
block 13/80 - 37/240  34034.7 ms
block 14/80 - 40/240  33957.0 ms
block 15/80 - 43/240  33984.2 ms
block 16/80 - 46/240  33970.7 ms
block 17/80 - 49/240  34007.1 ms
block 18/80 - 52/240  33961.0 ms
block 19/80 - 55/240  33937.2 ms
block 20/80 - 58/240  33960.4 ms
block 21/80 - 61/240  33964.9 ms
block 22/80 - 64/240  33978.9 ms
block 23/80 - 67/240  33978.1 ms
block 24/80 - 70/240  33960.5 ms
block 25/80 - 73/240  33987.3 ms
block 26/80 - 76/240  33982.8 ms
block 27/80 - 79/240  34052.1 ms
block 28/80 - 82/240  34039.4 ms
block 29/80 - 85/240  34033.5 ms
block 30/80 - 88/240  34043.9 ms
block 31/80 - 91/240  34061.5 ms
block 32/80 - 94/240  34038.7 ms
block 33/80 - 97/240  33996.9 ms
block 34/80 - 100/240  34048.0 ms
block 35/80 - 103/240  34065.2 ms
block 36/80 - 106/240  34029.3 ms
block 37/80 - 109/240  33983.1 ms
block 38/80 - 112/240  34003.6 ms
block 39/80 - 115/240  34000.9 ms
block 40/80 - 118/240  33928.3 ms
block 41/80 - 121/240  33960.1 ms
block 42/80 - 124/240  34001.8 ms
block 43/80 - 127/240  33945.8 ms
block 44/80 - 130/240  33997.9 ms
block 45/80 - 133/240  34056.5 ms
block 46/80 - 136/240  34057.0 ms
block 47/80 - 139/240  34065.5 ms
block 48/80 - 142/240  34067.0 ms
block 49/80 - 145/240  34065.9 ms
block 50/80 - 148/240  34065.5 ms
block 51/80 - 151/240  34066.3 ms
block 52/80 - 154/240  33994.5 ms
block 53/80 - 157/240  34020.2 ms
block 54/80 - 160/240  34061.9 ms
block 55/80 - 163/240  34061.6 ms
block 56/80 - 166/240  34066.6 ms
block 57/80 - 169/240  34038.4 ms
block 58/80 - 172/240  34016.6 ms
block 59/80 - 175/240  33983.5 ms
block 60/80 - 178/240  33952.2 ms
block 61/80 - 181/240  33983.6 ms
block 62/80 - 184/240  34042.0 ms
block 63/80 - 187/240  34011.7 ms
block 64/80 - 190/240  33983.5 ms
block 65/80 - 193/240  33996.8 ms
block 66/80 - 196/240  34051.8 ms
block 67/80 - 199/240  34011.9 ms
block 68/80 - 202/240  34062.3 ms
block 69/80 - 205/240  34057.0 ms
block 70/80 - 208/240  34007.2 ms
block 71/80 - 211/240  33988.9 ms
block 72/80 - 214/240  33988.4 ms
block 73/80 - 217/240  34048.4 ms
block 74/80 - 220/240  34052.2 ms
block 75/80 - 223/240  34037.2 ms
block 76/80 - 226/240  34038.2 ms
block 77/80 - 229/240  34010.7 ms
block 78/80 - 232/240  34066.1 ms
block 79/80 - 235/240  34048.1 ms
block 80/80 - 238/240  34038.1 ms
[127/128] elapsed=363.3m  avg=171.6s/prompt  eta=2.9m
