Running on a single GPU (cuda); skipping NCCL initialization.
Free VRAM 93.14923095703125 GB
Loading CUDA extension (first run compiles ~60s; cached run ~3s)...
CUDA extension ready in 149.1s.
[CacheCompatibilityPolicy] recent=20:0 coverage=21:360 episode=22:0 coverage_policy=retrieval budget=9FFE read_budget=9FFE owner=HeadComposition
KV inference with 3 frames per block
Number of prompts: 128
Prompt index range: [0, 128)
Loading PyramidKV config from /apdcephfs_gy2/share_303214315/cedricnie/develop/training-free/runs/v182_structured_coverage/inputs/maps/all_coverage_retrieval.csv
block 1/80 - 1/240  156460.5 ms
block 2/80 - 4/240  30481.2 ms
block 3/80 - 7/240  31190.3 ms
block 4/80 - 10/240  31915.4 ms
block 5/80 - 13/240  32495.2 ms
block 6/80 - 16/240  33310.5 ms
block 7/80 - 19/240  33484.1 ms
block 8/80 - 22/240  33315.1 ms
block 9/80 - 25/240  33378.5 ms
block 10/80 - 28/240  33346.6 ms
block 11/80 - 31/240  33393.2 ms
block 12/80 - 34/240  33399.6 ms
block 13/80 - 37/240  33485.6 ms
block 14/80 - 40/240  33549.6 ms
block 15/80 - 43/240  33546.1 ms
block 16/80 - 46/240  33544.4 ms
block 17/80 - 49/240  33525.2 ms
block 18/80 - 52/240  33563.6 ms
block 19/80 - 55/240  33584.8 ms
block 20/80 - 58/240  33596.7 ms
block 21/80 - 61/240  33576.8 ms
block 22/80 - 64/240  33594.0 ms
block 23/80 - 67/240  33595.2 ms
block 24/80 - 70/240  33582.2 ms
block 25/80 - 73/240  33580.3 ms
block 26/80 - 76/240  33598.3 ms
block 27/80 - 79/240  33597.9 ms
block 28/80 - 82/240  33616.8 ms
block 29/80 - 85/240  33597.6 ms
block 30/80 - 88/240  33572.3 ms
block 31/80 - 91/240  33609.6 ms
block 32/80 - 94/240  33602.0 ms
block 33/80 - 97/240  33605.8 ms
block 34/80 - 100/240  33602.5 ms
block 35/80 - 103/240  33597.4 ms
block 36/80 - 106/240  33607.6 ms
block 37/80 - 109/240  33592.9 ms
block 38/80 - 112/240  33622.8 ms
block 39/80 - 115/240  33592.1 ms
block 40/80 - 118/240  33606.8 ms
block 41/80 - 121/240  33603.4 ms
block 42/80 - 124/240  33597.1 ms
block 43/80 - 127/240  33606.9 ms
block 44/80 - 130/240  33592.0 ms
block 45/80 - 133/240  33614.3 ms
block 46/80 - 136/240  33606.2 ms
block 47/80 - 139/240  33608.4 ms
block 48/80 - 142/240  33604.8 ms
block 49/80 - 145/240  33595.5 ms
block 50/80 - 148/240  33621.8 ms
block 51/80 - 151/240  33594.2 ms
block 52/80 - 154/240  33614.5 ms
block 53/80 - 157/240  33603.4 ms
block 54/80 - 160/240  33621.3 ms
block 55/80 - 163/240  33610.0 ms
block 56/80 - 166/240  33627.6 ms
block 57/80 - 169/240  33621.5 ms
block 58/80 - 172/240  33622.7 ms
block 59/80 - 175/240  33627.9 ms
block 60/80 - 178/240  33657.9 ms
block 61/80 - 181/240  33625.0 ms
block 62/80 - 184/240  33635.1 ms
block 63/80 - 187/240  33638.1 ms
block 64/80 - 190/240  33619.1 ms
block 65/80 - 193/240  33638.4 ms
block 66/80 - 196/240  33621.5 ms
block 67/80 - 199/240  33636.8 ms
block 68/80 - 202/240  33627.6 ms
block 69/80 - 205/240  33623.2 ms
block 70/80 - 208/240  33621.3 ms
block 71/80 - 211/240  33636.2 ms
block 72/80 - 214/240  33628.9 ms
block 73/80 - 217/240  33646.9 ms
block 74/80 - 220/240  33658.5 ms
block 75/80 - 223/240  33651.9 ms
block 76/80 - 226/240  33660.2 ms
block 77/80 - 229/240  33665.0 ms
block 78/80 - 232/240  33667.8 ms
block 79/80 - 235/240  33629.8 ms
block 80/80 - 238/240  33596.4 ms
/apdcephfs_gy2/share_303214315/cedricnie/miniconda3/envs/longlive/lib/python3.10/site-packages/torchvision/io/_video_deprecation_warning.py:9: UserWarning: The video decoding and encoding capabilities of torchvision are deprecated from version 0.22 and will be removed in version 0.24. We recommend that you migrate to TorchCodec, where we'll consolidate the future decoding/encoding capabilities of PyTorch: https://github.com/pytorch/torchcodec
  warnings.warn(
[9/128] elapsed=46.7m  avg=311.6s/prompt  eta=617.9m
block 1/80 - 1/240  28123.2 ms
block 2/80 - 4/240  30895.3 ms
block 3/80 - 7/240  31308.8 ms
block 4/80 - 10/240  31983.8 ms
block 5/80 - 13/240  32601.1 ms
block 6/80 - 16/240  33331.7 ms
block 7/80 - 19/240  33416.6 ms
block 8/80 - 22/240  33269.3 ms
block 9/80 - 25/240  33301.0 ms
block 10/80 - 28/240  33415.2 ms
block 11/80 - 31/240  33411.5 ms
block 12/80 - 34/240  33441.9 ms
block 13/80 - 37/240  33570.7 ms
block 14/80 - 40/240  33603.0 ms
block 15/80 - 43/240  33603.8 ms
block 16/80 - 46/240  33493.6 ms
block 17/80 - 49/240  33527.9 ms
block 18/80 - 52/240  33524.4 ms
block 19/80 - 55/240  33503.7 ms
block 20/80 - 58/240  33489.9 ms
block 21/80 - 61/240  33492.1 ms
block 22/80 - 64/240  33536.5 ms
block 23/80 - 67/240  33501.6 ms
block 24/80 - 70/240  33536.8 ms
block 25/80 - 73/240  33520.8 ms
block 26/80 - 76/240  33545.6 ms
block 27/80 - 79/240  33576.5 ms
block 28/80 - 82/240  33551.4 ms
block 29/80 - 85/240  33548.5 ms
block 30/80 - 88/240  33569.4 ms
block 31/80 - 91/240  33586.4 ms
block 32/80 - 94/240  33572.2 ms
block 33/80 - 97/240  33570.3 ms
block 34/80 - 100/240  33554.0 ms
block 35/80 - 103/240  33552.1 ms
block 36/80 - 106/240  33580.9 ms
block 37/80 - 109/240  33590.3 ms
block 38/80 - 112/240  33554.7 ms
block 39/80 - 115/240  33598.4 ms
block 40/80 - 118/240  33597.1 ms
block 41/80 - 121/240  33614.3 ms
block 42/80 - 124/240  33596.9 ms
block 43/80 - 127/240  33610.2 ms
block 44/80 - 130/240  33620.8 ms
block 45/80 - 133/240  33560.9 ms
block 46/80 - 136/240  33538.5 ms
block 47/80 - 139/240  33565.2 ms
block 48/80 - 142/240  33532.7 ms
block 49/80 - 145/240  33603.6 ms
block 50/80 - 148/240  33604.3 ms
block 51/80 - 151/240  33604.8 ms
block 52/80 - 154/240  33619.5 ms
block 53/80 - 157/240  33605.4 ms
block 54/80 - 160/240  33620.3 ms
block 55/80 - 163/240  33578.8 ms
block 56/80 - 166/240  33553.5 ms
block 57/80 - 169/240  33667.5 ms
block 58/80 - 172/240  33705.9 ms
block 59/80 - 175/240  33605.7 ms
block 60/80 - 178/240  33611.6 ms
block 61/80 - 181/240  33556.3 ms
block 62/80 - 184/240  33603.6 ms
block 63/80 - 187/240  33593.9 ms
block 64/80 - 190/240  33614.6 ms
block 65/80 - 193/240  33619.1 ms
block 66/80 - 196/240  33610.1 ms
block 67/80 - 199/240  33602.1 ms
block 68/80 - 202/240  33616.0 ms
block 69/80 - 205/240  33614.6 ms
block 70/80 - 208/240  33631.5 ms
block 71/80 - 211/240  33652.0 ms
block 72/80 - 214/240  33635.2 ms
block 73/80 - 217/240  33646.9 ms
block 74/80 - 220/240  33639.4 ms
block 75/80 - 223/240  33599.3 ms
block 76/80 - 226/240  33641.7 ms
block 77/80 - 229/240  33623.4 ms
block 78/80 - 232/240  33627.7 ms
block 79/80 - 235/240  33646.0 ms
block 80/80 - 238/240  33636.8 ms
[25/128] elapsed=91.3m  avg=219.2s/prompt  eta=376.2m
block 1/80 - 1/240  29811.6 ms
block 2/80 - 4/240  30345.1 ms
block 3/80 - 7/240  31404.5 ms
block 4/80 - 10/240  32447.2 ms
block 5/80 - 13/240  32714.0 ms
block 6/80 - 16/240  33278.8 ms
block 7/80 - 19/240  33283.6 ms
block 8/80 - 22/240  33337.5 ms
block 9/80 - 25/240  33347.2 ms
block 10/80 - 28/240  33410.0 ms
block 11/80 - 31/240  33377.8 ms
block 12/80 - 34/240  33330.2 ms
block 13/80 - 37/240  33487.1 ms
block 14/80 - 40/240  33503.4 ms
block 15/80 - 43/240  33507.2 ms
block 16/80 - 46/240  33534.1 ms
block 17/80 - 49/240  33518.0 ms
block 18/80 - 52/240  33544.8 ms
block 19/80 - 55/240  33525.3 ms
block 20/80 - 58/240  33592.0 ms
block 21/80 - 61/240  33550.1 ms
block 22/80 - 64/240  33562.8 ms
block 23/80 - 67/240  33541.3 ms
block 24/80 - 70/240  33589.2 ms
block 25/80 - 73/240  33620.7 ms
block 26/80 - 76/240  33621.8 ms
block 27/80 - 79/240  33602.7 ms
block 28/80 - 82/240  33607.4 ms
block 29/80 - 85/240  33589.3 ms
block 30/80 - 88/240  33580.0 ms
block 31/80 - 91/240  33610.3 ms
block 32/80 - 94/240  33612.9 ms
block 33/80 - 97/240  33622.1 ms
block 34/80 - 100/240  33624.3 ms
block 35/80 - 103/240  33622.4 ms
block 36/80 - 106/240  33607.4 ms
block 37/80 - 109/240  33625.1 ms
block 38/80 - 112/240  33630.9 ms
block 39/80 - 115/240  33597.4 ms
block 40/80 - 118/240  33583.7 ms
block 41/80 - 121/240  33616.1 ms
block 42/80 - 124/240  33617.4 ms
block 43/80 - 127/240  33632.1 ms
block 44/80 - 130/240  33612.6 ms
block 45/80 - 133/240  33603.3 ms
block 46/80 - 136/240  33615.9 ms
block 47/80 - 139/240  33621.4 ms
block 48/80 - 142/240  33632.5 ms
block 49/80 - 145/240  33622.7 ms
block 50/80 - 148/240  33622.5 ms
block 51/80 - 151/240  33628.8 ms
block 52/80 - 154/240  33625.1 ms
block 53/80 - 157/240  33618.8 ms
block 54/80 - 160/240  33616.1 ms
block 55/80 - 163/240  33621.3 ms
block 56/80 - 166/240  33618.8 ms
block 57/80 - 169/240  33626.3 ms
block 58/80 - 172/240  33625.8 ms
block 59/80 - 175/240  33627.2 ms
block 60/80 - 178/240  33625.9 ms
block 61/80 - 181/240  33615.9 ms
block 62/80 - 184/240  33630.3 ms
block 63/80 - 187/240  33622.8 ms
block 64/80 - 190/240  33625.8 ms
block 65/80 - 193/240  33619.3 ms
block 66/80 - 196/240  33627.7 ms
block 67/80 - 199/240  33627.7 ms
block 68/80 - 202/240  33611.5 ms
block 69/80 - 205/240  33623.3 ms
block 70/80 - 208/240  33633.8 ms
block 71/80 - 211/240  33620.4 ms
block 72/80 - 214/240  33640.0 ms
block 73/80 - 217/240  33643.1 ms
block 74/80 - 220/240  33654.1 ms
block 75/80 - 223/240  33652.2 ms
block 76/80 - 226/240  33656.7 ms
block 77/80 - 229/240  33646.9 ms
block 78/80 - 232/240  33612.7 ms
block 79/80 - 235/240  33593.4 ms
block 80/80 - 238/240  33661.7 ms
[41/128] elapsed=135.9m  avg=198.9s/prompt  eta=288.5m
block 1/80 - 1/240  28279.3 ms
block 2/80 - 4/240  30548.4 ms
block 3/80 - 7/240  30999.0 ms
block 4/80 - 10/240  32124.8 ms
block 5/80 - 13/240  32898.6 ms
block 6/80 - 16/240  33607.0 ms
block 7/80 - 19/240  33564.3 ms
block 8/80 - 22/240  33274.5 ms
block 9/80 - 25/240  33328.0 ms
block 10/80 - 28/240  33363.5 ms
block 11/80 - 31/240  33304.6 ms
block 12/80 - 34/240  33314.7 ms
block 13/80 - 37/240  33487.0 ms
block 14/80 - 40/240  33498.0 ms
block 15/80 - 43/240  33475.4 ms
block 16/80 - 46/240  33488.9 ms
block 17/80 - 49/240  33519.3 ms
block 18/80 - 52/240  33573.0 ms
block 19/80 - 55/240  33535.7 ms
block 20/80 - 58/240  33526.9 ms
block 21/80 - 61/240  33501.1 ms
block 22/80 - 64/240  33546.6 ms
block 23/80 - 67/240  33514.9 ms
block 24/80 - 70/240  33551.1 ms
block 25/80 - 73/240  33569.0 ms
block 26/80 - 76/240  33578.9 ms
block 27/80 - 79/240  33595.3 ms
block 28/80 - 82/240  33557.5 ms
block 29/80 - 85/240  33605.9 ms
block 30/80 - 88/240  33569.0 ms
block 31/80 - 91/240  33542.7 ms
block 32/80 - 94/240  33558.7 ms
block 33/80 - 97/240  33573.9 ms
block 34/80 - 100/240  33595.7 ms
block 35/80 - 103/240  33592.2 ms
block 36/80 - 106/240  33590.7 ms
block 37/80 - 109/240  33567.7 ms
block 38/80 - 112/240  33567.0 ms
block 39/80 - 115/240  33614.0 ms
block 40/80 - 118/240  33612.5 ms
block 41/80 - 121/240  33608.6 ms
block 42/80 - 124/240  33615.4 ms
block 43/80 - 127/240  33575.3 ms
block 44/80 - 130/240  33587.9 ms
block 45/80 - 133/240  33587.5 ms
block 46/80 - 136/240  33542.5 ms
block 47/80 - 139/240  33547.8 ms
block 48/80 - 142/240  33613.1 ms
block 49/80 - 145/240  33601.7 ms
block 50/80 - 148/240  33539.7 ms
block 51/80 - 151/240  33578.5 ms
block 52/80 - 154/240  33609.8 ms
block 53/80 - 157/240  33612.7 ms
block 54/80 - 160/240  33570.6 ms
block 55/80 - 163/240  33598.6 ms
block 56/80 - 166/240  33599.1 ms
block 57/80 - 169/240  33612.2 ms
block 58/80 - 172/240  33614.0 ms
block 59/80 - 175/240  33596.3 ms
block 60/80 - 178/240  33604.8 ms
block 61/80 - 181/240  33610.6 ms
block 62/80 - 184/240  33583.9 ms
block 63/80 - 187/240  33566.1 ms
block 64/80 - 190/240  33582.1 ms
block 65/80 - 193/240  33576.6 ms
block 66/80 - 196/240  33549.6 ms
block 67/80 - 199/240  33526.5 ms
block 68/80 - 202/240  33635.5 ms
block 69/80 - 205/240  33634.6 ms
block 70/80 - 208/240  33612.3 ms
block 71/80 - 211/240  33643.9 ms
block 72/80 - 214/240  33588.7 ms
block 73/80 - 217/240  33627.2 ms
block 74/80 - 220/240  33630.7 ms
block 75/80 - 223/240  33584.1 ms
block 76/80 - 226/240  33619.3 ms
block 77/80 - 229/240  33602.1 ms
block 78/80 - 232/240  33602.9 ms
block 79/80 - 235/240  33606.7 ms
block 80/80 - 238/240  33568.0 ms
[57/128] elapsed=180.5m  avg=190.0s/prompt  eta=224.8m
block 1/80 - 1/240  28623.2 ms
block 2/80 - 4/240  30220.6 ms
block 3/80 - 7/240  30847.1 ms
block 4/80 - 10/240  31661.8 ms
block 5/80 - 13/240  32701.7 ms
block 6/80 - 16/240  33607.6 ms
block 7/80 - 19/240  33619.8 ms
block 8/80 - 22/240  33680.7 ms
block 9/80 - 25/240  33649.1 ms
block 10/80 - 28/240  33324.5 ms
block 11/80 - 31/240  33316.9 ms
block 12/80 - 34/240  33337.5 ms
block 13/80 - 37/240  33505.7 ms
block 14/80 - 40/240  33580.0 ms
block 15/80 - 43/240  33553.0 ms
block 16/80 - 46/240  33556.3 ms
block 17/80 - 49/240  33594.8 ms
block 18/80 - 52/240  33567.7 ms
block 19/80 - 55/240  33564.2 ms
block 20/80 - 58/240  33580.8 ms
block 21/80 - 61/240  33601.9 ms
block 22/80 - 64/240  33575.1 ms
block 23/80 - 67/240  33543.6 ms
block 24/80 - 70/240  33582.7 ms
block 25/80 - 73/240  33565.1 ms
block 26/80 - 76/240  33552.4 ms
block 27/80 - 79/240  33587.7 ms
block 28/80 - 82/240  33609.7 ms
block 29/80 - 85/240  33604.8 ms
block 30/80 - 88/240  33582.4 ms
block 31/80 - 91/240  33543.0 ms
block 32/80 - 94/240  33607.7 ms
block 33/80 - 97/240  33605.8 ms
block 34/80 - 100/240  33603.4 ms
block 35/80 - 103/240  33602.8 ms
block 36/80 - 106/240  33599.0 ms
block 37/80 - 109/240  33583.0 ms
block 38/80 - 112/240  33616.3 ms
block 39/80 - 115/240  33611.3 ms
block 40/80 - 118/240  33598.5 ms
block 41/80 - 121/240  33606.0 ms
block 42/80 - 124/240  33614.2 ms
block 43/80 - 127/240  33607.0 ms
block 44/80 - 130/240  33615.7 ms
block 45/80 - 133/240  33592.2 ms
block 46/80 - 136/240  33564.1 ms
block 47/80 - 139/240  33566.0 ms
block 48/80 - 142/240  33571.6 ms
block 49/80 - 145/240  33575.6 ms
block 50/80 - 148/240  33572.7 ms
block 51/80 - 151/240  33562.6 ms
block 52/80 - 154/240  33581.3 ms
block 53/80 - 157/240  33567.5 ms
block 54/80 - 160/240  33563.6 ms
block 55/80 - 163/240  33577.5 ms
block 56/80 - 166/240  33564.9 ms
block 57/80 - 169/240  33611.0 ms
block 58/80 - 172/240  33614.8 ms
block 59/80 - 175/240  33595.3 ms
block 60/80 - 178/240  33621.6 ms
block 61/80 - 181/240  33579.9 ms
block 62/80 - 184/240  33562.4 ms
block 63/80 - 187/240  33602.4 ms
block 64/80 - 190/240  33614.7 ms
block 65/80 - 193/240  33617.5 ms
block 66/80 - 196/240  33613.4 ms
block 67/80 - 199/240  33630.8 ms
block 68/80 - 202/240  33637.4 ms
block 69/80 - 205/240  33636.5 ms
block 70/80 - 208/240  33619.3 ms
block 71/80 - 211/240  33644.8 ms
block 72/80 - 214/240  33645.3 ms
block 73/80 - 217/240  33644.4 ms
block 74/80 - 220/240  33641.9 ms
block 75/80 - 223/240  33647.8 ms
block 76/80 - 226/240  33633.5 ms
block 77/80 - 229/240  33644.6 ms
block 78/80 - 232/240  33640.2 ms
block 79/80 - 235/240  33644.0 ms
block 80/80 - 238/240  33643.1 ms
[73/128] elapsed=225.1m  avg=185.0s/prompt  eta=169.6m
block 1/80 - 1/240  28878.6 ms
block 2/80 - 4/240  30189.0 ms
block 3/80 - 7/240  30832.2 ms
block 4/80 - 10/240  31669.8 ms
block 5/80 - 13/240  32381.4 ms
block 6/80 - 16/240  33430.7 ms
block 7/80 - 19/240  33610.8 ms
block 8/80 - 22/240  33679.9 ms
block 9/80 - 25/240  33744.7 ms
block 10/80 - 28/240  33742.2 ms
block 11/80 - 31/240  33359.9 ms
block 12/80 - 34/240  33331.6 ms
block 13/80 - 37/240  33506.7 ms
block 14/80 - 40/240  33519.0 ms
block 15/80 - 43/240  33548.6 ms
block 16/80 - 46/240  33589.7 ms
block 17/80 - 49/240  33568.8 ms
block 18/80 - 52/240  33595.0 ms
block 19/80 - 55/240  33538.9 ms
block 20/80 - 58/240  33548.1 ms
block 21/80 - 61/240  33579.3 ms
block 22/80 - 64/240  33601.0 ms
block 23/80 - 67/240  33589.8 ms
block 24/80 - 70/240  33611.3 ms
block 25/80 - 73/240  33596.7 ms
block 26/80 - 76/240  33608.6 ms
block 27/80 - 79/240  33608.0 ms
block 28/80 - 82/240  33603.6 ms
block 29/80 - 85/240  33590.2 ms
block 30/80 - 88/240  33601.6 ms
block 31/80 - 91/240  33615.5 ms
block 32/80 - 94/240  33608.1 ms
block 33/80 - 97/240  33611.9 ms
block 34/80 - 100/240  33625.2 ms
block 35/80 - 103/240  33606.8 ms
block 36/80 - 106/240  33607.4 ms
block 37/80 - 109/240  33608.4 ms
block 38/80 - 112/240  33585.7 ms
block 39/80 - 115/240  33551.6 ms
block 40/80 - 118/240  33600.8 ms
block 41/80 - 121/240  33605.1 ms
block 42/80 - 124/240  33598.8 ms
block 43/80 - 127/240  33607.0 ms
block 44/80 - 130/240  33614.8 ms
block 45/80 - 133/240  33612.9 ms
block 46/80 - 136/240  33596.3 ms
block 47/80 - 139/240  33594.9 ms
block 48/80 - 142/240  33667.8 ms
block 49/80 - 145/240  33612.8 ms
block 50/80 - 148/240  33616.4 ms
block 51/80 - 151/240  33615.8 ms
block 52/80 - 154/240  33632.4 ms
block 53/80 - 157/240  33610.8 ms
block 54/80 - 160/240  33605.8 ms
block 55/80 - 163/240  33589.3 ms
block 56/80 - 166/240  33598.8 ms
block 57/80 - 169/240  33606.6 ms
block 58/80 - 172/240  33604.9 ms
block 59/80 - 175/240  33595.9 ms
block 60/80 - 178/240  33598.0 ms
block 61/80 - 181/240  33608.4 ms
block 62/80 - 184/240  33611.8 ms
block 63/80 - 187/240  33595.9 ms
block 64/80 - 190/240  33593.0 ms
block 65/80 - 193/240  33621.3 ms
block 66/80 - 196/240  33612.8 ms
block 67/80 - 199/240  33617.8 ms
block 68/80 - 202/240  33621.5 ms
block 69/80 - 205/240  33563.3 ms
block 70/80 - 208/240  33571.6 ms
block 71/80 - 211/240  33618.0 ms
block 72/80 - 214/240  33639.0 ms
block 73/80 - 217/240  33638.3 ms
block 74/80 - 220/240  33643.5 ms
block 75/80 - 223/240  33656.8 ms
block 76/80 - 226/240  33641.2 ms
block 77/80 - 229/240  33629.5 ms
block 78/80 - 232/240  33620.2 ms
block 79/80 - 235/240  33642.1 ms
block 80/80 - 238/240  33646.9 ms
[89/128] elapsed=269.7m  avg=181.8s/prompt  eta=118.2m
block 1/80 - 1/240  28862.3 ms
block 2/80 - 4/240  30487.7 ms
block 3/80 - 7/240  30890.8 ms
block 4/80 - 10/240  31766.4 ms
block 5/80 - 13/240  32404.7 ms
block 6/80 - 16/240  33557.1 ms
block 7/80 - 19/240  33573.4 ms
block 8/80 - 22/240  33771.5 ms
block 9/80 - 25/240  34035.0 ms
block 10/80 - 28/240  33780.7 ms
block 11/80 - 31/240  33760.1 ms
block 12/80 - 34/240  33461.8 ms
block 13/80 - 37/240  33509.9 ms
block 14/80 - 40/240  33504.2 ms
block 15/80 - 43/240  33535.8 ms
block 16/80 - 46/240  33569.6 ms
block 17/80 - 49/240  33518.9 ms
block 18/80 - 52/240  33548.6 ms
block 19/80 - 55/240  33552.3 ms
block 20/80 - 58/240  33594.6 ms
block 21/80 - 61/240  33583.7 ms
block 22/80 - 64/240  33582.0 ms
block 23/80 - 67/240  33562.8 ms
block 24/80 - 70/240  33569.4 ms
block 25/80 - 73/240  33571.6 ms
block 26/80 - 76/240  33582.1 ms
block 27/80 - 79/240  33607.4 ms
block 28/80 - 82/240  33614.5 ms
block 29/80 - 85/240  33598.8 ms
block 30/80 - 88/240  33606.8 ms
block 31/80 - 91/240  33609.5 ms
block 32/80 - 94/240  33580.4 ms
block 33/80 - 97/240  33597.8 ms
block 34/80 - 100/240  33609.0 ms
block 35/80 - 103/240  33596.1 ms
block 36/80 - 106/240  33597.9 ms
block 37/80 - 109/240  33575.5 ms
block 38/80 - 112/240  33591.5 ms
block 39/80 - 115/240  33608.0 ms
block 40/80 - 118/240  33578.1 ms
block 41/80 - 121/240  33548.1 ms
block 42/80 - 124/240  33575.9 ms
block 43/80 - 127/240  33573.6 ms
block 44/80 - 130/240  33576.0 ms
block 45/80 - 133/240  33590.7 ms
block 46/80 - 136/240  33614.9 ms
block 47/80 - 139/240  33600.7 ms
block 48/80 - 142/240  33608.0 ms
block 49/80 - 145/240  33579.2 ms
block 50/80 - 148/240  33569.6 ms
block 51/80 - 151/240  33588.7 ms
block 52/80 - 154/240  33600.8 ms
block 53/80 - 157/240  33548.0 ms
block 54/80 - 160/240  33533.8 ms
block 55/80 - 163/240  33537.5 ms
block 56/80 - 166/240  33589.4 ms
block 57/80 - 169/240  33618.8 ms
block 58/80 - 172/240  33612.0 ms
block 59/80 - 175/240  33605.8 ms
block 60/80 - 178/240  33611.0 ms
block 61/80 - 181/240  33596.4 ms
block 62/80 - 184/240  33622.0 ms
block 63/80 - 187/240  33616.0 ms
block 64/80 - 190/240  33574.0 ms
block 65/80 - 193/240  33526.8 ms
block 66/80 - 196/240  33549.8 ms
block 67/80 - 199/240  33610.7 ms
block 68/80 - 202/240  33610.2 ms
block 69/80 - 205/240  33598.6 ms
block 70/80 - 208/240  33630.3 ms
block 71/80 - 211/240  33597.4 ms
block 72/80 - 214/240  33619.5 ms
block 73/80 - 217/240  33608.6 ms
block 74/80 - 220/240  33588.8 ms
block 75/80 - 223/240  33607.5 ms
block 76/80 - 226/240  33612.6 ms
block 77/80 - 229/240  33619.9 ms
block 78/80 - 232/240  33596.6 ms
block 79/80 - 235/240  33625.2 ms
block 80/80 - 238/240  33590.5 ms
[105/128] elapsed=314.3m  avg=179.6s/prompt  eta=68.8m
block 1/80 - 1/240  28221.1 ms
block 2/80 - 4/240  30660.8 ms
block 3/80 - 7/240  30834.2 ms
block 4/80 - 10/240  31637.8 ms
block 5/80 - 13/240  32374.7 ms
block 6/80 - 16/240  33206.1 ms
block 7/80 - 19/240  33262.0 ms
block 8/80 - 22/240  33526.4 ms
block 9/80 - 25/240  33745.1 ms
block 10/80 - 28/240  33743.3 ms
block 11/80 - 31/240  33743.0 ms
block 12/80 - 34/240  33572.4 ms
block 13/80 - 37/240  33568.5 ms
block 14/80 - 40/240  33550.1 ms
block 15/80 - 43/240  33576.9 ms
block 16/80 - 46/240  33579.3 ms
block 17/80 - 49/240  33573.1 ms
block 18/80 - 52/240  33594.6 ms
block 19/80 - 55/240  33530.5 ms
block 20/80 - 58/240  33536.2 ms
block 21/80 - 61/240  33558.5 ms
block 22/80 - 64/240  33528.5 ms
block 23/80 - 67/240  33508.6 ms
block 24/80 - 70/240  33535.4 ms
block 25/80 - 73/240  33585.0 ms
block 26/80 - 76/240  33533.3 ms
block 27/80 - 79/240  33540.5 ms
block 28/80 - 82/240  33542.9 ms
block 29/80 - 85/240  33544.9 ms
block 30/80 - 88/240  33593.4 ms
block 31/80 - 91/240  33542.7 ms
block 32/80 - 94/240  33588.8 ms
block 33/80 - 97/240  33555.7 ms
block 34/80 - 100/240  33542.3 ms
block 35/80 - 103/240  33550.8 ms
block 36/80 - 106/240  33608.8 ms
block 37/80 - 109/240  33604.3 ms
block 38/80 - 112/240  33607.0 ms
block 39/80 - 115/240  33595.5 ms
block 40/80 - 118/240  33604.8 ms
block 41/80 - 121/240  33598.7 ms
block 42/80 - 124/240  33611.4 ms
block 43/80 - 127/240  33590.2 ms
block 44/80 - 130/240  33605.9 ms
block 45/80 - 133/240  33607.0 ms
block 46/80 - 136/240  33610.4 ms
block 47/80 - 139/240  33554.9 ms
block 48/80 - 142/240  33505.0 ms
block 49/80 - 145/240  33640.7 ms
block 50/80 - 148/240  33597.8 ms
block 51/80 - 151/240  33595.9 ms
block 52/80 - 154/240  33616.5 ms
block 53/80 - 157/240  33569.1 ms
block 54/80 - 160/240  33595.0 ms
block 55/80 - 163/240  33600.0 ms
block 56/80 - 166/240  33613.0 ms
block 57/80 - 169/240  33622.4 ms
block 58/80 - 172/240  33584.0 ms
block 59/80 - 175/240  33590.7 ms
block 60/80 - 178/240  33594.6 ms
block 61/80 - 181/240  33603.9 ms
block 62/80 - 184/240  33616.6 ms
block 63/80 - 187/240  33601.2 ms
block 64/80 - 190/240  33626.6 ms
block 65/80 - 193/240  33614.2 ms
block 66/80 - 196/240  33618.0 ms
block 67/80 - 199/240  33603.2 ms
block 68/80 - 202/240  33581.2 ms
block 69/80 - 205/240  33599.3 ms
block 70/80 - 208/240  33558.5 ms
block 71/80 - 211/240  33603.6 ms
block 72/80 - 214/240  33601.8 ms
block 73/80 - 217/240  33609.2 ms
block 74/80 - 220/240  33610.4 ms
block 75/80 - 223/240  33613.1 ms
block 76/80 - 226/240  33611.0 ms
block 77/80 - 229/240  33613.2 ms
block 78/80 - 232/240  33624.9 ms
block 79/80 - 235/240  33625.9 ms
block 80/80 - 238/240  33636.7 ms
[121/128] elapsed=358.9m  avg=177.9s/prompt  eta=20.8m
