Running on a single GPU (cuda); skipping NCCL initialization.
Free VRAM 93.14923095703125 GB
Loading CUDA extension (first run compiles ~60s; cached run ~3s)...
CUDA extension ready in 149.1s.
[CacheCompatibilityPolicy] recent=20:0 coverage=21:360 episode=22:0 coverage_policy=retrieval budget=9FFE read_budget=9FFE owner=HeadComposition
KV inference with 3 frames per block
Number of prompts: 128
Prompt index range: [0, 128)
Loading PyramidKV config from /apdcephfs_gy2/share_303214315/cedricnie/develop/training-free/runs/v182_structured_coverage/inputs/maps/all_coverage_retrieval.csv
block 1/80 - 1/240  156976.3 ms
block 2/80 - 4/240  30840.7 ms
block 3/80 - 7/240  31400.0 ms
block 4/80 - 10/240  32339.0 ms
block 5/80 - 13/240  32731.2 ms
block 6/80 - 16/240  33478.1 ms
block 7/80 - 19/240  33678.8 ms
block 8/80 - 22/240  33550.5 ms
block 9/80 - 25/240  33606.4 ms
block 10/80 - 28/240  33561.7 ms
block 11/80 - 31/240  33552.9 ms
block 12/80 - 34/240  33613.5 ms
block 13/80 - 37/240  33708.2 ms
block 14/80 - 40/240  33764.7 ms
block 15/80 - 43/240  33721.3 ms
block 16/80 - 46/240  33714.6 ms
block 17/80 - 49/240  33723.8 ms
block 18/80 - 52/240  33727.6 ms
block 19/80 - 55/240  33734.2 ms
block 20/80 - 58/240  33730.5 ms
block 21/80 - 61/240  33713.8 ms
block 22/80 - 64/240  33716.1 ms
block 23/80 - 67/240  33722.6 ms
block 24/80 - 70/240  33743.1 ms
block 25/80 - 73/240  33716.0 ms
block 26/80 - 76/240  33741.4 ms
block 27/80 - 79/240  33753.6 ms
block 28/80 - 82/240  33764.7 ms
block 29/80 - 85/240  33788.3 ms
block 30/80 - 88/240  33755.1 ms
block 31/80 - 91/240  33762.9 ms
block 32/80 - 94/240  33759.7 ms
block 33/80 - 97/240  33763.4 ms
block 34/80 - 100/240  33785.9 ms
block 35/80 - 103/240  33783.1 ms
block 36/80 - 106/240  33765.8 ms
block 37/80 - 109/240  33794.1 ms
block 38/80 - 112/240  33798.8 ms
block 39/80 - 115/240  33823.1 ms
block 40/80 - 118/240  33808.0 ms
block 41/80 - 121/240  33835.9 ms
block 42/80 - 124/240  33817.0 ms
block 43/80 - 127/240  33825.7 ms
block 44/80 - 130/240  33798.2 ms
block 45/80 - 133/240  33830.1 ms
block 46/80 - 136/240  33813.6 ms
block 47/80 - 139/240  33822.8 ms
block 48/80 - 142/240  33841.6 ms
block 49/80 - 145/240  33826.6 ms
block 50/80 - 148/240  33830.6 ms
block 51/80 - 151/240  33823.7 ms
block 52/80 - 154/240  33811.5 ms
block 53/80 - 157/240  33786.6 ms
block 54/80 - 160/240  33822.2 ms
block 55/80 - 163/240  33816.4 ms
block 56/80 - 166/240  33822.7 ms
block 57/80 - 169/240  33802.0 ms
block 58/80 - 172/240  33826.0 ms
block 59/80 - 175/240  33799.1 ms
block 60/80 - 178/240  33802.0 ms
block 61/80 - 181/240  33823.4 ms
block 62/80 - 184/240  33814.4 ms
block 63/80 - 187/240  33833.3 ms
block 64/80 - 190/240  33799.6 ms
block 65/80 - 193/240  33792.5 ms
block 66/80 - 196/240  33773.1 ms
block 67/80 - 199/240  33744.2 ms
block 68/80 - 202/240  33790.5 ms
block 69/80 - 205/240  33705.1 ms
block 70/80 - 208/240  33725.7 ms
block 71/80 - 211/240  33750.3 ms
block 72/80 - 214/240  33726.2 ms
block 73/80 - 217/240  33728.9 ms
block 74/80 - 220/240  33727.4 ms
block 75/80 - 223/240  33734.4 ms
block 76/80 - 226/240  33745.9 ms
block 77/80 - 229/240  33728.2 ms
block 78/80 - 232/240  33746.8 ms
block 79/80 - 235/240  33750.4 ms
block 80/80 - 238/240  33745.5 ms
/apdcephfs_gy2/share_303214315/cedricnie/miniconda3/envs/longlive/lib/python3.10/site-packages/torchvision/io/_video_deprecation_warning.py:9: UserWarning: The video decoding and encoding capabilities of torchvision are deprecated from version 0.22 and will be removed in version 0.24. We recommend that you migrate to TorchCodec, where we'll consolidate the future decoding/encoding capabilities of PyTorch: https://github.com/pytorch/torchcodec
  warnings.warn(
[14/128] elapsed=47.0m  avg=201.3s/prompt  eta=382.5m
block 1/80 - 1/240  28760.9 ms
block 2/80 - 4/240  30955.3 ms
block 3/80 - 7/240  31463.8 ms
block 4/80 - 10/240  32333.7 ms
block 5/80 - 13/240  32766.7 ms
block 6/80 - 16/240  33475.1 ms
block 7/80 - 19/240  33643.4 ms
block 8/80 - 22/240  33564.1 ms
block 9/80 - 25/240  33562.4 ms
block 10/80 - 28/240  33569.0 ms
block 11/80 - 31/240  33590.4 ms
block 12/80 - 34/240  33629.3 ms
block 13/80 - 37/240  33835.1 ms
block 14/80 - 40/240  33860.1 ms
block 15/80 - 43/240  33841.1 ms
block 16/80 - 46/240  33853.1 ms
block 17/80 - 49/240  33760.8 ms
block 18/80 - 52/240  33804.8 ms
block 19/80 - 55/240  33755.9 ms
block 20/80 - 58/240  33747.8 ms
block 21/80 - 61/240  33779.2 ms
block 22/80 - 64/240  33776.1 ms
block 23/80 - 67/240  33757.4 ms
block 24/80 - 70/240  33773.7 ms
block 25/80 - 73/240  33790.7 ms
block 26/80 - 76/240  33743.3 ms
block 27/80 - 79/240  33803.3 ms
block 28/80 - 82/240  33788.3 ms
block 29/80 - 85/240  33796.4 ms
block 30/80 - 88/240  33787.4 ms
block 31/80 - 91/240  33798.8 ms
block 32/80 - 94/240  33773.7 ms
block 33/80 - 97/240  33811.9 ms
block 34/80 - 100/240  33823.2 ms
block 35/80 - 103/240  33822.4 ms
block 36/80 - 106/240  33829.4 ms
block 37/80 - 109/240  33768.0 ms
block 38/80 - 112/240  33830.1 ms
block 39/80 - 115/240  33841.2 ms
block 40/80 - 118/240  33837.6 ms
block 41/80 - 121/240  33844.5 ms
block 42/80 - 124/240  33828.6 ms
block 43/80 - 127/240  33837.3 ms
block 44/80 - 130/240  33848.1 ms
block 45/80 - 133/240  33847.0 ms
block 46/80 - 136/240  33834.3 ms
block 47/80 - 139/240  33812.3 ms
block 48/80 - 142/240  33828.1 ms
block 49/80 - 145/240  33832.3 ms
block 50/80 - 148/240  33832.4 ms
block 51/80 - 151/240  33840.8 ms
block 52/80 - 154/240  33865.1 ms
block 53/80 - 157/240  33859.6 ms
block 54/80 - 160/240  33866.8 ms
block 55/80 - 163/240  33867.3 ms
block 56/80 - 166/240  33858.4 ms
block 57/80 - 169/240  33863.1 ms
block 58/80 - 172/240  33829.4 ms
block 59/80 - 175/240  33835.7 ms
block 60/80 - 178/240  33860.7 ms
block 61/80 - 181/240  33912.9 ms
block 62/80 - 184/240  33820.0 ms
block 63/80 - 187/240  33854.3 ms
block 64/80 - 190/240  33813.5 ms
block 65/80 - 193/240  33858.6 ms
block 66/80 - 196/240  33850.0 ms
block 67/80 - 199/240  33848.9 ms
block 68/80 - 202/240  33841.3 ms
block 69/80 - 205/240  33839.7 ms
block 70/80 - 208/240  33847.4 ms
block 71/80 - 211/240  33804.7 ms
block 72/80 - 214/240  33782.3 ms
block 73/80 - 217/240  33834.5 ms
block 74/80 - 220/240  33865.9 ms
block 75/80 - 223/240  33782.9 ms
block 76/80 - 226/240  33792.6 ms
block 77/80 - 229/240  33851.5 ms
block 78/80 - 232/240  33861.1 ms
block 79/80 - 235/240  33871.4 ms
block 80/80 - 238/240  33863.8 ms
[30/128] elapsed=91.9m  avg=183.7s/prompt  eta=300.1m
block 1/80 - 1/240  29014.1 ms
block 2/80 - 4/240  30900.3 ms
block 3/80 - 7/240  31568.7 ms
block 4/80 - 10/240  32450.8 ms
block 5/80 - 13/240  32828.1 ms
block 6/80 - 16/240  33445.8 ms
block 7/80 - 19/240  33479.8 ms
block 8/80 - 22/240  33493.7 ms
block 9/80 - 25/240  33600.4 ms
block 10/80 - 28/240  33603.3 ms
block 11/80 - 31/240  33595.6 ms
block 12/80 - 34/240  33566.8 ms
block 13/80 - 37/240  33689.2 ms
block 14/80 - 40/240  33769.6 ms
block 15/80 - 43/240  33730.2 ms
block 16/80 - 46/240  33755.1 ms
block 17/80 - 49/240  33756.9 ms
block 18/80 - 52/240  33752.5 ms
block 19/80 - 55/240  33745.3 ms
block 20/80 - 58/240  33737.8 ms
block 21/80 - 61/240  33764.7 ms
block 22/80 - 64/240  33737.5 ms
block 23/80 - 67/240  33743.6 ms
block 24/80 - 70/240  33773.6 ms
block 25/80 - 73/240  33768.4 ms
block 26/80 - 76/240  33829.7 ms
block 27/80 - 79/240  33781.4 ms
block 28/80 - 82/240  33773.0 ms
block 29/80 - 85/240  33808.7 ms
block 30/80 - 88/240  33826.5 ms
block 31/80 - 91/240  33801.1 ms
block 32/80 - 94/240  33826.0 ms
block 33/80 - 97/240  33806.2 ms
block 34/80 - 100/240  33805.4 ms
block 35/80 - 103/240  33793.9 ms
block 36/80 - 106/240  33803.9 ms
block 37/80 - 109/240  33782.5 ms
block 38/80 - 112/240  33818.7 ms
block 39/80 - 115/240  33839.5 ms
block 40/80 - 118/240  33836.3 ms
block 41/80 - 121/240  33835.1 ms
block 42/80 - 124/240  33825.9 ms
block 43/80 - 127/240  33833.2 ms
block 44/80 - 130/240  33841.4 ms
block 45/80 - 133/240  33807.9 ms
block 46/80 - 136/240  33803.8 ms
block 47/80 - 139/240  33831.8 ms
block 48/80 - 142/240  33833.0 ms
block 49/80 - 145/240  33842.7 ms
block 50/80 - 148/240  33847.5 ms
block 51/80 - 151/240  33843.1 ms
block 52/80 - 154/240  33830.2 ms
block 53/80 - 157/240  33846.7 ms
block 54/80 - 160/240  33845.2 ms
block 55/80 - 163/240  33849.9 ms
block 56/80 - 166/240  33781.6 ms
block 57/80 - 169/240  33804.2 ms
block 58/80 - 172/240  33833.3 ms
block 59/80 - 175/240  33807.4 ms
block 60/80 - 178/240  33759.3 ms
block 61/80 - 181/240  33847.0 ms
block 62/80 - 184/240  33806.1 ms
block 63/80 - 187/240  33845.1 ms
block 64/80 - 190/240  33850.8 ms
block 65/80 - 193/240  33850.1 ms
block 66/80 - 196/240  33850.3 ms
block 67/80 - 199/240  33866.2 ms
block 68/80 - 202/240  33842.6 ms
block 69/80 - 205/240  33831.7 ms
block 70/80 - 208/240  33833.1 ms
block 71/80 - 211/240  33840.0 ms
block 72/80 - 214/240  33835.3 ms
block 73/80 - 217/240  33850.6 ms
block 74/80 - 220/240  33848.7 ms
block 75/80 - 223/240  33844.8 ms
block 76/80 - 226/240  33805.6 ms
block 77/80 - 229/240  33849.5 ms
block 78/80 - 232/240  33834.9 ms
block 79/80 - 235/240  33806.9 ms
block 80/80 - 238/240  33848.9 ms
[46/128] elapsed=136.7m  avg=178.4s/prompt  eta=243.8m
block 1/80 - 1/240  28418.8 ms
block 2/80 - 4/240  30506.6 ms
block 3/80 - 7/240  31563.9 ms
block 4/80 - 10/240  32462.4 ms
block 5/80 - 13/240  33060.9 ms
block 6/80 - 16/240  33602.2 ms
block 7/80 - 19/240  33601.2 ms
block 8/80 - 22/240  33601.9 ms
block 9/80 - 25/240  33643.2 ms
block 10/80 - 28/240  33556.6 ms
block 11/80 - 31/240  33558.1 ms
block 12/80 - 34/240  33585.8 ms
block 13/80 - 37/240  33741.5 ms
block 14/80 - 40/240  33740.9 ms
block 15/80 - 43/240  33744.1 ms
block 16/80 - 46/240  33754.7 ms
block 17/80 - 49/240  33768.2 ms
block 18/80 - 52/240  33764.3 ms
block 19/80 - 55/240  33740.6 ms
block 20/80 - 58/240  33779.4 ms
block 21/80 - 61/240  33782.9 ms
block 22/80 - 64/240  33789.3 ms
block 23/80 - 67/240  33795.4 ms
block 24/80 - 70/240  33774.8 ms
block 25/80 - 73/240  33844.5 ms
block 26/80 - 76/240  33825.7 ms
block 27/80 - 79/240  33797.3 ms
block 28/80 - 82/240  33780.5 ms
block 29/80 - 85/240  33802.4 ms
block 30/80 - 88/240  33834.9 ms
block 31/80 - 91/240  33814.0 ms
block 32/80 - 94/240  33843.7 ms
block 33/80 - 97/240  33837.5 ms
block 34/80 - 100/240  33834.9 ms
block 35/80 - 103/240  33857.8 ms
block 36/80 - 106/240  33858.1 ms
block 37/80 - 109/240  33797.3 ms
block 38/80 - 112/240  33831.8 ms
block 39/80 - 115/240  33850.4 ms
block 40/80 - 118/240  33844.4 ms
block 41/80 - 121/240  33847.9 ms
block 42/80 - 124/240  33831.6 ms
block 43/80 - 127/240  33828.6 ms
block 44/80 - 130/240  33847.0 ms
block 45/80 - 133/240  33851.9 ms
block 46/80 - 136/240  33850.4 ms
block 47/80 - 139/240  33840.6 ms
block 48/80 - 142/240  33842.4 ms
block 49/80 - 145/240  33850.9 ms
block 50/80 - 148/240  33833.4 ms
block 51/80 - 151/240  33796.9 ms
block 52/80 - 154/240  33838.0 ms
block 53/80 - 157/240  33842.8 ms
block 54/80 - 160/240  33868.4 ms
block 55/80 - 163/240  33861.0 ms
block 56/80 - 166/240  33776.0 ms
block 57/80 - 169/240  33776.6 ms
block 58/80 - 172/240  33771.4 ms
block 59/80 - 175/240  33831.8 ms
block 60/80 - 178/240  33859.1 ms
block 61/80 - 181/240  33858.6 ms
block 62/80 - 184/240  33861.4 ms
block 63/80 - 187/240  33831.9 ms
block 64/80 - 190/240  33817.0 ms
block 65/80 - 193/240  33839.5 ms
block 66/80 - 196/240  33826.0 ms
block 67/80 - 199/240  33792.7 ms
block 68/80 - 202/240  33810.7 ms
block 69/80 - 205/240  33780.5 ms
block 70/80 - 208/240  33827.8 ms
block 71/80 - 211/240  33862.0 ms
block 72/80 - 214/240  33820.9 ms
block 73/80 - 217/240  33819.9 ms
block 74/80 - 220/240  33775.0 ms
block 75/80 - 223/240  33856.9 ms
block 76/80 - 226/240  33852.4 ms
block 77/80 - 229/240  33812.0 ms
block 78/80 - 232/240  33852.8 ms
block 79/80 - 235/240  33796.6 ms
block 80/80 - 238/240  33878.3 ms
[62/128] elapsed=181.6m  avg=175.8s/prompt  eta=193.3m
block 1/80 - 1/240  28940.6 ms
block 2/80 - 4/240  30299.1 ms
block 3/80 - 7/240  31460.4 ms
block 4/80 - 10/240  32278.1 ms
block 5/80 - 13/240  32883.3 ms
block 6/80 - 16/240  33601.5 ms
block 7/80 - 19/240  33602.3 ms
block 8/80 - 22/240  33610.2 ms
block 9/80 - 25/240  33717.4 ms
block 10/80 - 28/240  33733.3 ms
block 11/80 - 31/240  33598.9 ms
block 12/80 - 34/240  33568.7 ms
block 13/80 - 37/240  33693.1 ms
block 14/80 - 40/240  33720.0 ms
block 15/80 - 43/240  33723.6 ms
block 16/80 - 46/240  33699.3 ms
block 17/80 - 49/240  33699.9 ms
block 18/80 - 52/240  33753.1 ms
block 19/80 - 55/240  33754.2 ms
block 20/80 - 58/240  33835.6 ms
block 21/80 - 61/240  33765.9 ms
block 22/80 - 64/240  33792.8 ms
block 23/80 - 67/240  33764.9 ms
block 24/80 - 70/240  33796.9 ms
block 25/80 - 73/240  33777.5 ms
block 26/80 - 76/240  33825.6 ms
block 27/80 - 79/240  33779.8 ms
block 28/80 - 82/240  33752.4 ms
block 29/80 - 85/240  33750.6 ms
block 30/80 - 88/240  33807.1 ms
block 31/80 - 91/240  33808.5 ms
block 32/80 - 94/240  33786.2 ms
block 33/80 - 97/240  33803.4 ms
block 34/80 - 100/240  33787.1 ms
block 35/80 - 103/240  33774.2 ms
block 36/80 - 106/240  33796.8 ms
block 37/80 - 109/240  33798.0 ms
block 38/80 - 112/240  33793.0 ms
block 39/80 - 115/240  33806.9 ms
block 40/80 - 118/240  33760.3 ms
block 41/80 - 121/240  33812.6 ms
block 42/80 - 124/240  33824.8 ms
block 43/80 - 127/240  33795.1 ms
block 44/80 - 130/240  33813.8 ms
block 45/80 - 133/240  33808.9 ms
block 46/80 - 136/240  33777.0 ms
block 47/80 - 139/240  33839.0 ms
block 48/80 - 142/240  33843.8 ms
block 49/80 - 145/240  33826.9 ms
block 50/80 - 148/240  33820.3 ms
block 51/80 - 151/240  33800.7 ms
block 52/80 - 154/240  33798.8 ms
block 53/80 - 157/240  33802.5 ms
block 54/80 - 160/240  33842.9 ms
block 55/80 - 163/240  33847.5 ms
block 56/80 - 166/240  33844.1 ms
block 57/80 - 169/240  33829.3 ms
block 58/80 - 172/240  33803.7 ms
block 59/80 - 175/240  33781.9 ms
block 60/80 - 178/240  33844.6 ms
block 61/80 - 181/240  33850.0 ms
block 62/80 - 184/240  33748.9 ms
block 63/80 - 187/240  33757.1 ms
block 64/80 - 190/240  33742.4 ms
block 65/80 - 193/240  33750.0 ms
block 66/80 - 196/240  33746.3 ms
block 67/80 - 199/240  33748.3 ms
block 68/80 - 202/240  33775.7 ms
block 69/80 - 205/240  33770.7 ms
block 70/80 - 208/240  33768.6 ms
block 71/80 - 211/240  33736.7 ms
block 72/80 - 214/240  33778.2 ms
block 73/80 - 217/240  33761.5 ms
block 74/80 - 220/240  33738.6 ms
block 75/80 - 223/240  33731.6 ms
block 76/80 - 226/240  33745.5 ms
block 77/80 - 229/240  33762.1 ms
block 78/80 - 232/240  33854.6 ms
block 79/80 - 235/240  33769.1 ms
block 80/80 - 238/240  33776.6 ms
[78/128] elapsed=226.5m  avg=174.2s/prompt  eta=145.2m
block 1/80 - 1/240  28681.5 ms
block 2/80 - 4/240  30333.3 ms
block 3/80 - 7/240  31137.6 ms
block 4/80 - 10/240  32277.0 ms
block 5/80 - 13/240  32882.7 ms
block 6/80 - 16/240  33600.6 ms
block 7/80 - 19/240  33601.4 ms
block 8/80 - 22/240  33606.3 ms
block 9/80 - 25/240  33600.7 ms
block 10/80 - 28/240  33739.7 ms
block 11/80 - 31/240  33734.3 ms
block 12/80 - 34/240  33734.3 ms
block 13/80 - 37/240  33756.0 ms
block 14/80 - 40/240  33734.9 ms
block 15/80 - 43/240  33725.3 ms
block 16/80 - 46/240  33742.0 ms
block 17/80 - 49/240  33738.7 ms
block 18/80 - 52/240  33740.1 ms
block 19/80 - 55/240  33747.7 ms
block 20/80 - 58/240  33749.0 ms
block 21/80 - 61/240  33731.2 ms
block 22/80 - 64/240  33765.2 ms
block 23/80 - 67/240  33739.4 ms
block 24/80 - 70/240  33740.9 ms
block 25/80 - 73/240  33755.0 ms
block 26/80 - 76/240  33768.5 ms
block 27/80 - 79/240  33752.0 ms
block 28/80 - 82/240  33737.9 ms
block 29/80 - 85/240  33784.3 ms
block 30/80 - 88/240  33752.7 ms
block 31/80 - 91/240  33744.3 ms
block 32/80 - 94/240  33757.7 ms
block 33/80 - 97/240  33761.1 ms
block 34/80 - 100/240  33762.7 ms
block 35/80 - 103/240  33801.2 ms
block 36/80 - 106/240  33768.1 ms
block 37/80 - 109/240  33766.8 ms
block 38/80 - 112/240  33763.9 ms
block 39/80 - 115/240  33771.7 ms
block 40/80 - 118/240  33774.9 ms
block 41/80 - 121/240  33764.8 ms
block 42/80 - 124/240  33770.9 ms
block 43/80 - 127/240  33744.2 ms
block 44/80 - 130/240  33748.4 ms
block 45/80 - 133/240  33748.3 ms
block 46/80 - 136/240  33776.8 ms
block 47/80 - 139/240  33739.8 ms
block 48/80 - 142/240  33749.0 ms
block 49/80 - 145/240  33752.2 ms
block 50/80 - 148/240  33764.7 ms
block 51/80 - 151/240  33747.2 ms
block 52/80 - 154/240  33760.2 ms
block 53/80 - 157/240  33765.3 ms
block 54/80 - 160/240  33750.2 ms
block 55/80 - 163/240  33756.1 ms
block 56/80 - 166/240  33745.5 ms
block 57/80 - 169/240  33761.3 ms
block 58/80 - 172/240  33760.2 ms
block 59/80 - 175/240  33742.6 ms
block 60/80 - 178/240  33751.6 ms
block 61/80 - 181/240  33759.1 ms
block 62/80 - 184/240  33777.2 ms
block 63/80 - 187/240  33793.5 ms
block 64/80 - 190/240  33804.5 ms
block 65/80 - 193/240  33803.1 ms
block 66/80 - 196/240  33798.4 ms
block 67/80 - 199/240  33805.4 ms
block 68/80 - 202/240  33788.9 ms
block 69/80 - 205/240  33781.4 ms
block 70/80 - 208/240  33807.9 ms
block 71/80 - 211/240  33755.4 ms
block 72/80 - 214/240  33739.5 ms
block 73/80 - 217/240  33708.0 ms
block 74/80 - 220/240  33727.9 ms
block 75/80 - 223/240  33748.7 ms
block 76/80 - 226/240  33781.1 ms
block 77/80 - 229/240  33726.1 ms
block 78/80 - 232/240  33755.6 ms
block 79/80 - 235/240  33738.9 ms
block 80/80 - 238/240  33768.6 ms
[94/128] elapsed=271.3m  avg=173.2s/prompt  eta=98.1m
block 1/80 - 1/240  32543.5 ms
block 2/80 - 4/240  30210.3 ms
block 3/80 - 7/240  31240.7 ms
block 4/80 - 10/240  32326.6 ms
block 5/80 - 13/240  33061.2 ms
block 6/80 - 16/240  33785.0 ms
block 7/80 - 19/240  33854.3 ms
block 8/80 - 22/240  33931.1 ms
block 9/80 - 25/240  33941.4 ms
block 10/80 - 28/240  34345.0 ms
block 11/80 - 31/240  34110.3 ms
block 12/80 - 34/240  34377.7 ms
block 13/80 - 37/240  34272.6 ms
block 14/80 - 40/240  34210.4 ms
block 15/80 - 43/240  34179.8 ms
block 16/80 - 46/240  34204.6 ms
block 17/80 - 49/240  34229.6 ms
block 18/80 - 52/240  34257.2 ms
block 19/80 - 55/240  34261.6 ms
block 20/80 - 58/240  34244.1 ms
block 21/80 - 61/240  34135.7 ms
block 22/80 - 64/240  34245.0 ms
block 23/80 - 67/240  34255.5 ms
block 24/80 - 70/240  34242.9 ms
block 25/80 - 73/240  34327.7 ms
block 26/80 - 76/240  34313.3 ms
block 27/80 - 79/240  34310.4 ms
block 28/80 - 82/240  34287.2 ms
block 29/80 - 85/240  34243.0 ms
block 30/80 - 88/240  34252.4 ms
block 31/80 - 91/240  34319.9 ms
block 32/80 - 94/240  34308.5 ms
block 33/80 - 97/240  34283.8 ms
block 34/80 - 100/240  33785.2 ms
block 35/80 - 103/240  33747.0 ms
block 36/80 - 106/240  33743.7 ms
block 37/80 - 109/240  33750.9 ms
block 38/80 - 112/240  33748.2 ms
block 39/80 - 115/240  33789.0 ms
block 40/80 - 118/240  33742.5 ms
block 41/80 - 121/240  33753.5 ms
block 42/80 - 124/240  33747.4 ms
block 43/80 - 127/240  33738.6 ms
block 44/80 - 130/240  33743.1 ms
block 45/80 - 133/240  33751.9 ms
block 46/80 - 136/240  33796.0 ms
block 47/80 - 139/240  33749.6 ms
block 48/80 - 142/240  33739.0 ms
block 49/80 - 145/240  33781.9 ms
block 50/80 - 148/240  33775.7 ms
block 51/80 - 151/240  33776.0 ms
block 52/80 - 154/240  33804.6 ms
block 53/80 - 157/240  33782.8 ms
block 54/80 - 160/240  33900.3 ms
block 55/80 - 163/240  33812.7 ms
block 56/80 - 166/240  33768.0 ms
block 57/80 - 169/240  33782.0 ms
block 58/80 - 172/240  33817.2 ms
block 59/80 - 175/240  33788.3 ms
block 60/80 - 178/240  33762.9 ms
block 61/80 - 181/240  33750.6 ms
block 62/80 - 184/240  33708.8 ms
block 63/80 - 187/240  33697.2 ms
block 64/80 - 190/240  33743.9 ms
block 65/80 - 193/240  33723.4 ms
block 66/80 - 196/240  33715.1 ms
block 67/80 - 199/240  33738.2 ms
block 68/80 - 202/240  33697.7 ms
block 69/80 - 205/240  33710.2 ms
block 70/80 - 208/240  33716.8 ms
block 71/80 - 211/240  33722.6 ms
block 72/80 - 214/240  33749.6 ms
block 73/80 - 217/240  33740.3 ms
block 74/80 - 220/240  33734.5 ms
block 75/80 - 223/240  33713.8 ms
block 76/80 - 226/240  33730.9 ms
block 77/80 - 229/240  33738.9 ms
block 78/80 - 232/240  33732.8 ms
block 79/80 - 235/240  33726.4 ms
block 80/80 - 238/240  33752.6 ms
[110/128] elapsed=316.4m  avg=172.6s/prompt  eta=51.8m
block 1/80 - 1/240  29343.3 ms
block 2/80 - 4/240  30314.4 ms
block 3/80 - 7/240  31064.7 ms
block 4/80 - 10/240  32079.3 ms
block 5/80 - 13/240  32882.7 ms
block 6/80 - 16/240  33600.7 ms
block 7/80 - 19/240  33598.5 ms
block 8/80 - 22/240  33606.8 ms
block 9/80 - 25/240  33606.5 ms
block 10/80 - 28/240  33735.7 ms
block 11/80 - 31/240  33734.0 ms
block 12/80 - 34/240  33743.3 ms
block 13/80 - 37/240  33885.1 ms
block 14/80 - 40/240  33850.6 ms
block 15/80 - 43/240  33740.7 ms
block 16/80 - 46/240  33736.9 ms
block 17/80 - 49/240  33748.7 ms
block 18/80 - 52/240  33716.5 ms
block 19/80 - 55/240  33746.5 ms
block 20/80 - 58/240  33739.1 ms
block 21/80 - 61/240  33760.7 ms
block 22/80 - 64/240  33765.0 ms
block 23/80 - 67/240  33752.7 ms
block 24/80 - 70/240  33744.2 ms
block 25/80 - 73/240  33741.9 ms
block 26/80 - 76/240  33728.9 ms
block 27/80 - 79/240  33727.4 ms
block 28/80 - 82/240  33731.4 ms
block 29/80 - 85/240  33751.0 ms
block 30/80 - 88/240  33748.9 ms
block 31/80 - 91/240  33899.0 ms
block 32/80 - 94/240  33764.3 ms
block 33/80 - 97/240  33759.5 ms
block 34/80 - 100/240  33745.8 ms
block 35/80 - 103/240  33741.4 ms
block 36/80 - 106/240  33750.3 ms
block 37/80 - 109/240  33745.5 ms
block 38/80 - 112/240  33764.3 ms
block 39/80 - 115/240  33799.7 ms
block 40/80 - 118/240  33734.4 ms
block 41/80 - 121/240  33725.0 ms
block 42/80 - 124/240  33796.8 ms
block 43/80 - 127/240  33748.1 ms
block 44/80 - 130/240  33754.1 ms
block 45/80 - 133/240  33758.5 ms
block 46/80 - 136/240  33764.2 ms
block 47/80 - 139/240  33751.8 ms
block 48/80 - 142/240  33749.5 ms
block 49/80 - 145/240  33762.5 ms
block 50/80 - 148/240  33748.5 ms
block 51/80 - 151/240  33746.9 ms
block 52/80 - 154/240  33747.5 ms
block 53/80 - 157/240  33764.3 ms
block 54/80 - 160/240  33758.7 ms
block 55/80 - 163/240  33760.0 ms
block 56/80 - 166/240  33743.6 ms
block 57/80 - 169/240  33758.0 ms
block 58/80 - 172/240  33774.6 ms
block 59/80 - 175/240  33754.6 ms
block 60/80 - 178/240  33747.3 ms
block 61/80 - 181/240  33758.5 ms
block 62/80 - 184/240  33755.3 ms
block 63/80 - 187/240  33753.5 ms
block 64/80 - 190/240  33769.9 ms
block 65/80 - 193/240  33746.7 ms
block 66/80 - 196/240  33747.4 ms
block 67/80 - 199/240  33758.5 ms
block 68/80 - 202/240  33786.6 ms
block 69/80 - 205/240  33755.7 ms
block 70/80 - 208/240  33757.8 ms
block 71/80 - 211/240  33772.4 ms
block 72/80 - 214/240  33760.2 ms
block 73/80 - 217/240  33764.1 ms
block 74/80 - 220/240  33760.7 ms
block 75/80 - 223/240  33774.5 ms
block 76/80 - 226/240  33771.9 ms
block 77/80 - 229/240  33791.0 ms
block 78/80 - 232/240  33775.4 ms
block 79/80 - 235/240  33748.4 ms
block 80/80 - 238/240  33774.8 ms
[126/128] elapsed=361.2m  avg=172.0s/prompt  eta=5.7m
