{
  "calibration_clipped_layer_count": 0,
  "calibration_degenerate_layer_count": 0,
  "calibration_max_relative_error": 0.028773490339517593,
  "calibration_refinement_bound_hit_count": 0,
  "calibration_refinement_steps": 8,
  "calibration_scale_max": 20.310935974121094,
  "calibration_scale_min": 0.03170933574438095,
  "claim_boundary": "The scalar branch is an independent confirmation of the v150 low-tail observation. The signed branch tests a v145-discovered scene-specific policy-preference map. Neither branch measures trajectory-level video quality.",
  "context_integrity": {
    "noisy_t1000": false,
    "noisy_t250": false,
    "noisy_t500": false,
    "noisy_t750": false
  },
  "contexts": [
    "noisy_t1000",
    "noisy_t750",
    "noisy_t500",
    "noisy_t250"
  ],
  "downstream_observation_count": 8448,
  "families": {
    "scalar": {
      "confirmed_contexts": [],
      "leverage_contexts": [],
      "random_positive_counts": {
        "noisy_t1000": {
          "high_over_random": 5,
          "random_over_low": 8
        },
        "noisy_t250": {
          "high_over_random": 6,
          "random_over_low": 8
        },
        "noisy_t500": {
          "high_over_random": 5,
          "random_over_low": 8
        },
        "noisy_t750": {
          "high_over_random": 5,
          "random_over_low": 8
        }
      },
      "specificity_contexts": [],
      "susceptibility_contexts": []
    },
    "signed": {
      "confirmed_contexts": [],
      "leverage_contexts": [],
      "random_positive_counts": {
        "noisy_t1000": {
          "high_over_random": 8,
          "random_over_low": 8
        },
        "noisy_t250": {
          "high_over_random": 8,
          "random_over_low": 8
        },
        "noisy_t500": {
          "high_over_random": 8,
          "random_over_low": 8
        },
        "noisy_t750": {
          "high_over_random": 8,
          "random_over_low": 8
        }
      },
      "specificity_contexts": [],
      "susceptibility_contexts": []
    }
  },
  "gates": {
    "g0_native_replay": true,
    "g1_scalar_low_tail_susceptibility": false,
    "g2_scalar_policy_leverage": false,
    "g3_scalar_intervention_specificity": false,
    "g4_scalar_candidate_confirmed": false,
    "g5_signed_source_screen": true,
    "g6_signed_group_effect": {
      "leverage": false,
      "susceptibility": false
    },
    "g7_signed_intervention_specificity": false,
    "g8_signed_candidate_confirmed": false
  },
  "intact_contexts": [],
  "invalid_contexts": [
    "noisy_t1000",
    "noisy_t250",
    "noisy_t500",
    "noisy_t750"
  ],
  "minimum_random_positive_maps": 6,
  "native_replay_max_relative_rms": 0.0,
  "native_replay_pass": true,
  "probe_context_count": 128,
  "probe_context_integrity_pass_count": 63,
  "probe_context_integrity_pass_rate": 0.4921875,
  "probe_plan": "/apdcephfs_gy2/share_303214315/cedricnie/develop/training-free/runs/v151_signed_policy_low_tail/inputs/v151_probe_plan.json",
  "probe_plan_sha256": "93fffd7aa45545e6320c106cdd5eeeab930f31b8fdfd1cfee6a4c3673bfb9bc6",
  "profile_count": 64,
  "prompt_count": 32,
  "seed_replicates": [
    0,
    1
  ],
  "source": {
    "map_diagnostics": {
      "random_head_usage_by_layer": {
        "0": [
          2,
          2,
          2,
          3,
          3,
          3,
          3,
          3,
          2,
          3,
          3,
          3
        ],
        "1": [
          2,
          3,
          2,
          2,
          3,
          3,
          3,
          3,
          3,
          3,
          2,
          3
        ],
        "10": [
          3,
          3,
          2,
          3,
          2,
          3,
          2,
          3,
          3,
          3,
          2,
          3
        ],
        "11": [
          3,
          2,
          3,
          3,
          3,
          3,
          2,
          2,
          3,
          3,
          3,
          2
        ],
        "12": [
          3,
          2,
          3,
          3,
          2,
          2,
          3,
          3,
          3,
          3,
          3,
          2
        ],
        "13": [
          2,
          3,
          2,
          3,
          3,
          3,
          2,
          3,
          3,
          3,
          3,
          2
        ],
        "14": [
          3,
          3,
          3,
          2,
          2,
          2,
          3,
          3,
          3,
          2,
          3,
          3
        ],
        "15": [
          3,
          3,
          3,
          2,
          3,
          3,
          2,
          2,
          3,
          3,
          2,
          3
        ],
        "16": [
          3,
          3,
          2,
          2,
          3,
          3,
          3,
          3,
          2,
          3,
          2,
          3
        ],
        "17": [
          3,
          2,
          2,
          2,
          3,
          3,
          3,
          3,
          3,
          2,
          3,
          3
        ],
        "18": [
          2,
          3,
          3,
          2,
          3,
          3,
          3,
          3,
          3,
          2,
          2,
          3
        ],
        "19": [
          3,
          3,
          3,
          2,
          3,
          3,
          3,
          2,
          2,
          2,
          3,
          3
        ],
        "2": [
          3,
          3,
          2,
          2,
          2,
          3,
          3,
          3,
          3,
          3,
          2,
          3
        ],
        "20": [
          2,
          3,
          3,
          3,
          2,
          3,
          2,
          3,
          3,
          3,
          3,
          2
        ],
        "21": [
          3,
          2,
          3,
          3,
          3,
          2,
          3,
          3,
          2,
          3,
          2,
          3
        ],
        "22": [
          3,
          3,
          2,
          3,
          3,
          2,
          3,
          2,
          3,
          3,
          2,
          3
        ],
        "23": [
          3,
          3,
          2,
          3,
          3,
          3,
          3,
          3,
          2,
          3,
          2,
          2
        ],
        "24": [
          3,
          3,
          3,
          3,
          3,
          2,
          2,
          3,
          3,
          3,
          2,
          2
        ],
        "25": [
          2,
          3,
          3,
          3,
          3,
          2,
          3,
          2,
          2,
          3,
          3,
          3
        ],
        "26": [
          2,
          3,
          3,
          2,
          3,
          2,
          3,
          3,
          3,
          3,
          2,
          3
        ],
        "27": [
          3,
          3,
          3,
          3,
          2,
          3,
          3,
          2,
          3,
          3,
          2,
          2
        ],
        "28": [
          3,
          3,
          2,
          3,
          3,
          3,
          2,
          3,
          2,
          3,
          2,
          3
        ],
        "29": [
          3,
          3,
          3,
          3,
          3,
          2,
          2,
          3,
          3,
          3,
          2,
          2
        ],
        "3": [
          2,
          2,
          2,
          3,
          3,
          3,
          3,
          3,
          3,
          2,
          3,
          3
        ],
        "4": [
          3,
          2,
          3,
          3,
          2,
          3,
          3,
          3,
          3,
          2,
          2,
          3
        ],
        "5": [
          2,
          3,
          3,
          3,
          2,
          2,
          3,
          3,
          3,
          3,
          2,
          3
        ],
        "6": [
          3,
          3,
          2,
          3,
          3,
          2,
          2,
          3,
          3,
          3,
          3,
          2
        ],
        "7": [
          3,
          3,
          2,
          3,
          3,
          2,
          2,
          3,
          3,
          2,
          3,
          3
        ],
        "8": [
          3,
          3,
          2,
          2,
          3,
          3,
          3,
          2,
          3,
          2,
          3,
          3
        ],
        "9": [
          3,
          2,
          3,
          3,
          2,
          3,
          3,
          2,
          3,
          3,
          2,
          3
        ]
      },
      "random_usage_max": 3,
      "random_usage_min": 2,
      "scalar_signed_high_overlap": {
        "intersection": 76,
        "jaccard": 0.4634146341463415
      },
      "scalar_signed_low_overlap": {
        "intersection": 80,
        "jaccard": 0.5
      }
    },
    "scalar_axis": {
      "axis": "policy_shift",
      "factor": "full_semantic",
      "layer_residual_family_split_spearman": 0.8823666334873983,
      "layer_residual_seed_replicate_spearman": 0.8919294644763205,
      "reproducibility_screen_pass": true,
      "score_column": "all_policy_shift_mean"
    },
    "scalar_hypothesis_origin": "post-hoc v150 low-tail observation",
    "scalar_score": "v145 full_semantic/all_policy_shift_mean",
    "selection_rule": "all fixed maps are frozen before holdout generation; random maps are balanced and forbidden from matching either partition",
    "signed_axis": {
      "contrast": "uniform_vs_recent",
      "current_frame": 117,
      "factor": "scene",
      "mode": "noisy",
      "nominal_timestep": 500,
      "score": "mean absolute signed log-error-ratio response"
    },
    "signed_map_sha256": "9e9d3cfd1d8a3b3b337037bb364c27ba694260329a6ecdcb9f305250051aa5a5",
    "signed_source_screen_pass": true,
    "v145_analysis_dir": "/apdcephfs_gy2/share_303214315/cedricnie/develop/training-free/runs/v145_crossed_seed_head_profile/analysis",
    "v150_excluded_prompt_indices": [
      0,
      1,
      3,
      4,
      7,
      13,
      15,
      17,
      24,
      27,
      31,
      33,
      36,
      43,
      45,
      47,
      52,
      56,
      61,
      67,
      75,
      77,
      81,
      84,
      87,
      93,
      99,
      100,
      102,
      107,
      109,
      124
    ],
    "v150_suite_metadata": "/apdcephfs_gy2/share_303214315/cedricnie/develop/training-free/docs/results/v150_policy_group_confirmation/suite_metadata.json"
  },
  "suite": "v151_signed_policy_low_tail_core",
  "thresholds": {
    "maximum_accepted_calibration_scale": 50.0,
    "maximum_calibration_relative_error": 0.02,
    "minimum_accepted_calibration_scale": 0.005,
    "minimum_median_effect_log_ratio": 0.04879016416943205,
    "minimum_median_effect_ratio": 1.05,
    "minimum_positive_fraction": 0.65,
    "minimum_seed_replicate_spearman": 0.3
  },
  "version": 1
}
