Running on a single GPU (cuda); skipping NCCL initialization.
Free VRAM 94.37335205078125 GB
Loading CUDA extension (first run compiles ~60s; cached run ~3s)...
CUDA extension ready in 9.2s.
[CacheCompatibilityPolicy] recent=20:360 coverage=21:0 episode=22:0 coverage_policy=reservoir budget=9FFE read_budget=9FFE owner=HeadComposition
KV inference with 3 frames per block
Number of prompts: 128
Prompt index range: [0, 128)
Loading PyramidKV config from /apdcephfs_gy2/share_303214315/cedricnie/develop/training-free/runs/v181_rccp_long_stress/inputs/maps/all_recent.csv
block 1/80 - 1/240  254298.8 ms
block 2/80 - 4/240   5246.2 ms
block 3/80 - 7/240   6982.3 ms
block 4/80 - 10/240   6440.1 ms
block 5/80 - 13/240   6445.9 ms
block 6/80 - 16/240   6405.8 ms
block 7/80 - 19/240   6422.1 ms
block 8/80 - 22/240   6433.8 ms
block 9/80 - 25/240   6422.2 ms
block 10/80 - 28/240   6386.9 ms
block 11/80 - 31/240   6390.7 ms
block 12/80 - 34/240   6623.8 ms
block 13/80 - 37/240   6407.5 ms
block 14/80 - 40/240   6402.3 ms
block 15/80 - 43/240   6388.9 ms
block 16/80 - 46/240   6378.9 ms
block 17/80 - 49/240   6392.8 ms
block 18/80 - 52/240   6419.9 ms
block 19/80 - 55/240   6411.9 ms
block 20/80 - 58/240   6405.5 ms
block 21/80 - 61/240   6404.8 ms
block 22/80 - 64/240   6380.2 ms
block 23/80 - 67/240   6395.2 ms
block 24/80 - 70/240   6414.1 ms
block 25/80 - 73/240   6385.4 ms
block 26/80 - 76/240   6418.5 ms
block 27/80 - 79/240   6407.0 ms
block 28/80 - 82/240   6498.3 ms
block 29/80 - 85/240   6408.2 ms
block 30/80 - 88/240   6378.2 ms
block 31/80 - 91/240   6337.5 ms
block 32/80 - 94/240   6379.9 ms
block 33/80 - 97/240   6407.6 ms
block 34/80 - 100/240   6405.9 ms
block 35/80 - 103/240   6375.4 ms
block 36/80 - 106/240   6375.1 ms
block 37/80 - 109/240   6458.5 ms
block 38/80 - 112/240   6440.1 ms
block 39/80 - 115/240   6401.2 ms
block 40/80 - 118/240   6386.3 ms
block 41/80 - 121/240   6433.4 ms
block 42/80 - 124/240   6405.6 ms
block 43/80 - 127/240   6437.3 ms
block 44/80 - 130/240   6406.8 ms
block 45/80 - 133/240   6384.9 ms
block 46/80 - 136/240   6409.3 ms
block 47/80 - 139/240   6437.2 ms
block 48/80 - 142/240   6347.1 ms
block 49/80 - 145/240   6366.2 ms
block 50/80 - 148/240   6396.0 ms
block 51/80 - 151/240   6391.1 ms
block 52/80 - 154/240   6626.8 ms
block 53/80 - 157/240   6558.4 ms
block 54/80 - 160/240   6450.2 ms
block 55/80 - 163/240   6550.7 ms
block 56/80 - 166/240   6443.2 ms
block 57/80 - 169/240   5972.2 ms
block 58/80 - 172/240   6663.3 ms
block 59/80 - 175/240   6441.4 ms
block 60/80 - 178/240   6411.2 ms
block 61/80 - 181/240   6424.2 ms
block 62/80 - 184/240   6409.0 ms
block 63/80 - 187/240   6418.3 ms
block 64/80 - 190/240   6372.6 ms
block 65/80 - 193/240   6410.5 ms
block 66/80 - 196/240   6427.2 ms
block 67/80 - 199/240   6385.1 ms
block 68/80 - 202/240   6391.1 ms
block 69/80 - 205/240   6469.7 ms
block 70/80 - 208/240   6384.1 ms
block 71/80 - 211/240   6408.4 ms
block 72/80 - 214/240   6390.4 ms
block 73/80 - 217/240   6360.7 ms
block 74/80 - 220/240   6380.7 ms
block 75/80 - 223/240   6393.2 ms
block 76/80 - 226/240   6385.2 ms
block 77/80 - 229/240   6417.6 ms
block 78/80 - 232/240   6396.6 ms
block 79/80 - 235/240   5272.6 ms
block 80/80 - 238/240   3293.1 ms
/apdcephfs_gy2/share_303214315/cedricnie/miniconda3/envs/longlive/lib/python3.10/site-packages/torchvision/io/_video_deprecation_warning.py:9: UserWarning: The video decoding and encoding capabilities of torchvision are deprecated from version 0.22 and will be removed in version 0.24. We recommend that you migrate to TorchCodec, where we'll consolidate the future decoding/encoding capabilities of PyTorch: https://github.com/pytorch/torchcodec
  warnings.warn(
[7/128] elapsed=12.9m  avg=110.7s/prompt  eta=223.3m
block 1/80 - 1/240   4384.1 ms
block 2/80 - 4/240   8521.7 ms
block 3/80 - 7/240   6366.6 ms
block 4/80 - 10/240   6374.8 ms
block 5/80 - 13/240   6413.5 ms
block 6/80 - 16/240   6339.7 ms
block 7/80 - 19/240   6386.6 ms
block 8/80 - 22/240   6395.7 ms
block 9/80 - 25/240   6391.7 ms
block 10/80 - 28/240   6536.0 ms
block 11/80 - 31/240   6561.3 ms
block 12/80 - 34/240   6556.2 ms
block 13/80 - 37/240   6544.7 ms
block 14/80 - 40/240   6331.5 ms
block 15/80 - 43/240   6523.6 ms
block 16/80 - 46/240   6361.4 ms
block 17/80 - 49/240   6387.8 ms
block 18/80 - 52/240   6393.1 ms
block 19/80 - 55/240   6370.2 ms
block 20/80 - 58/240   6394.6 ms
block 21/80 - 61/240   6419.9 ms
block 22/80 - 64/240   6405.9 ms
block 23/80 - 67/240   6423.0 ms
block 24/80 - 70/240   6393.7 ms
block 25/80 - 73/240   6403.4 ms
block 26/80 - 76/240   6453.2 ms
block 27/80 - 79/240   6409.3 ms
block 28/80 - 82/240   6398.4 ms
block 29/80 - 85/240   6412.1 ms
block 30/80 - 88/240   6410.5 ms
block 31/80 - 91/240   6395.3 ms
block 32/80 - 94/240   6391.5 ms
block 33/80 - 97/240   6425.1 ms
block 34/80 - 100/240   6381.7 ms
block 35/80 - 103/240   6388.5 ms
block 36/80 - 106/240   6411.8 ms
block 37/80 - 109/240   6409.4 ms
block 38/80 - 112/240   6360.0 ms
block 39/80 - 115/240   6370.4 ms
block 40/80 - 118/240   6392.6 ms
block 41/80 - 121/240   6400.2 ms
block 42/80 - 124/240   6451.1 ms
block 43/80 - 127/240   6385.5 ms
block 44/80 - 130/240   6417.1 ms
block 45/80 - 133/240   6400.9 ms
block 46/80 - 136/240   6394.1 ms
block 47/80 - 139/240   6398.5 ms
block 48/80 - 142/240   6420.9 ms
block 49/80 - 145/240   6372.8 ms
block 50/80 - 148/240   6409.7 ms
block 51/80 - 151/240   6410.7 ms
block 52/80 - 154/240   6429.5 ms
block 53/80 - 157/240   6386.9 ms
block 54/80 - 160/240   6407.8 ms
block 55/80 - 163/240   6378.8 ms
block 56/80 - 166/240   6403.8 ms
block 57/80 - 169/240   6405.4 ms
block 58/80 - 172/240   6408.2 ms
block 59/80 - 175/240   6408.9 ms
block 60/80 - 178/240   6396.3 ms
block 61/80 - 181/240   6448.4 ms
block 62/80 - 184/240   6408.3 ms
block 63/80 - 187/240   6390.3 ms
block 64/80 - 190/240   6388.7 ms
block 65/80 - 193/240   6385.2 ms
block 66/80 - 196/240   6412.2 ms
block 67/80 - 199/240   6383.8 ms
block 68/80 - 202/240   6380.3 ms
block 69/80 - 205/240   6372.2 ms
block 70/80 - 208/240   6411.6 ms
block 71/80 - 211/240   6389.2 ms
block 72/80 - 214/240   6367.7 ms
block 73/80 - 217/240   6299.0 ms
block 74/80 - 220/240   6409.2 ms
block 75/80 - 223/240   6378.8 ms
block 76/80 - 226/240   6412.1 ms
block 77/80 - 229/240   6404.1 ms
block 78/80 - 232/240   4051.7 ms
block 79/80 - 235/240   3452.1 ms
block 80/80 - 238/240   3323.1 ms
[15/128] elapsed=21.3m  avg=85.4s/prompt  eta=160.8m
block 1/80 - 1/240   9216.6 ms
block 2/80 - 4/240   5926.2 ms
block 3/80 - 7/240   6426.2 ms
block 4/80 - 10/240   6473.9 ms
block 5/80 - 13/240   6563.9 ms
block 6/80 - 16/240   6557.7 ms
block 7/80 - 19/240   6558.0 ms
block 8/80 - 22/240   6421.3 ms
block 9/80 - 25/240   6413.4 ms
block 10/80 - 28/240   6469.5 ms
block 11/80 - 31/240   6391.6 ms
block 12/80 - 34/240   6410.7 ms
block 13/80 - 37/240   6395.2 ms
block 14/80 - 40/240   6391.9 ms
block 15/80 - 43/240   6393.6 ms
block 16/80 - 46/240   6390.3 ms
block 17/80 - 49/240   6388.2 ms
block 18/80 - 52/240   6412.3 ms
block 19/80 - 55/240   6436.2 ms
block 20/80 - 58/240   6432.3 ms
block 21/80 - 61/240   6394.5 ms
block 22/80 - 64/240   6413.0 ms
block 23/80 - 67/240   6411.9 ms
block 24/80 - 70/240   6394.3 ms
block 25/80 - 73/240   6407.7 ms
block 26/80 - 76/240   6416.7 ms
block 27/80 - 79/240   6423.9 ms
block 28/80 - 82/240   6428.7 ms
block 29/80 - 85/240   6419.1 ms
block 30/80 - 88/240   6415.5 ms
block 31/80 - 91/240   6415.1 ms
block 32/80 - 94/240   6395.9 ms
block 33/80 - 97/240   6393.6 ms
block 34/80 - 100/240   6396.1 ms
block 35/80 - 103/240   6407.1 ms
block 36/80 - 106/240   6413.6 ms
block 37/80 - 109/240   6414.0 ms
block 38/80 - 112/240   6447.3 ms
block 39/80 - 115/240   6413.7 ms
block 40/80 - 118/240   6405.5 ms
block 41/80 - 121/240   6386.9 ms
block 42/80 - 124/240   6414.9 ms
block 43/80 - 127/240   6413.8 ms
block 44/80 - 130/240   6413.1 ms
block 45/80 - 133/240   6401.7 ms
block 46/80 - 136/240   6387.7 ms
block 47/80 - 139/240   6414.5 ms
block 48/80 - 142/240   6445.0 ms
block 49/80 - 145/240   6410.7 ms
block 50/80 - 148/240   6391.7 ms
block 51/80 - 151/240   6390.2 ms
block 52/80 - 154/240   6397.0 ms
block 53/80 - 157/240   6394.9 ms
block 54/80 - 160/240   6414.1 ms
block 55/80 - 163/240   6388.0 ms
block 56/80 - 166/240   6399.4 ms
block 57/80 - 169/240   6497.1 ms
block 58/80 - 172/240   6400.6 ms
block 59/80 - 175/240   6397.5 ms
block 60/80 - 178/240   6430.9 ms
block 61/80 - 181/240   6412.8 ms
block 62/80 - 184/240   6417.9 ms
block 63/80 - 187/240   6601.5 ms
block 64/80 - 190/240   6598.5 ms
block 65/80 - 193/240   6557.9 ms
block 66/80 - 196/240   6515.5 ms
block 67/80 - 199/240   6367.7 ms
block 68/80 - 202/240   6377.5 ms
block 69/80 - 205/240   6411.2 ms
block 70/80 - 208/240   6382.3 ms
block 71/80 - 211/240   6405.2 ms
block 72/80 - 214/240   6392.3 ms
block 73/80 - 217/240   6395.0 ms
block 74/80 - 220/240   6393.3 ms
block 75/80 - 223/240   6429.2 ms
block 76/80 - 226/240   6054.1 ms
block 77/80 - 229/240   3409.5 ms
block 78/80 - 232/240   3296.2 ms
block 79/80 - 235/240   4656.2 ms
block 80/80 - 238/240   6295.2 ms
[23/128] elapsed=29.8m  avg=77.8s/prompt  eta=136.2m
block 1/80 - 1/240   9875.3 ms
block 2/80 - 4/240   6060.0 ms
block 3/80 - 7/240   6391.1 ms
block 4/80 - 10/240   6401.3 ms
block 5/80 - 13/240   6378.5 ms
block 6/80 - 16/240   6378.7 ms
block 7/80 - 19/240   6408.4 ms
block 8/80 - 22/240   6427.7 ms
block 9/80 - 25/240   6404.8 ms
block 10/80 - 28/240   6395.0 ms
block 11/80 - 31/240   6365.2 ms
block 12/80 - 34/240   6440.3 ms
block 13/80 - 37/240   6425.3 ms
block 14/80 - 40/240   6421.7 ms
block 15/80 - 43/240   6427.1 ms
block 16/80 - 46/240   6403.6 ms
block 17/80 - 49/240   6428.2 ms
block 18/80 - 52/240   6402.1 ms
block 19/80 - 55/240   6401.0 ms
block 20/80 - 58/240   6400.7 ms
block 21/80 - 61/240   6402.8 ms
block 22/80 - 64/240   6419.8 ms
block 23/80 - 67/240   6423.7 ms
block 24/80 - 70/240   6451.8 ms
block 25/80 - 73/240   6473.1 ms
block 26/80 - 76/240   6386.0 ms
block 27/80 - 79/240   6438.3 ms
block 28/80 - 82/240   6421.1 ms
block 29/80 - 85/240   6403.4 ms
block 30/80 - 88/240   6384.3 ms
block 31/80 - 91/240   6419.4 ms
block 32/80 - 94/240   6410.1 ms
block 33/80 - 97/240   6640.9 ms
block 34/80 - 100/240   6761.9 ms
block 35/80 - 103/240   6512.2 ms
block 36/80 - 106/240   6400.6 ms
block 37/80 - 109/240   6410.3 ms
block 38/80 - 112/240   6469.9 ms
block 39/80 - 115/240   6417.7 ms
block 40/80 - 118/240   6384.2 ms
block 41/80 - 121/240   6420.6 ms
block 42/80 - 124/240   6393.9 ms
block 43/80 - 127/240   6409.6 ms
block 44/80 - 130/240   6404.4 ms
block 45/80 - 133/240   6413.3 ms
block 46/80 - 136/240   6416.5 ms
block 47/80 - 139/240   6430.0 ms
block 48/80 - 142/240   6399.3 ms
block 49/80 - 145/240   6401.7 ms
block 50/80 - 148/240   6414.2 ms
block 51/80 - 151/240   6382.7 ms
block 52/80 - 154/240   6407.6 ms
block 53/80 - 157/240   6403.2 ms
block 54/80 - 160/240   6416.9 ms
block 55/80 - 163/240   6398.4 ms
block 56/80 - 166/240   6398.2 ms
block 57/80 - 169/240   6461.4 ms
block 58/80 - 172/240   6419.6 ms
block 59/80 - 175/240   6402.6 ms
block 60/80 - 178/240   6403.2 ms
block 61/80 - 181/240   6423.4 ms
block 62/80 - 184/240   6425.7 ms
block 63/80 - 187/240   6411.9 ms
block 64/80 - 190/240   6390.2 ms
block 65/80 - 193/240   6403.9 ms
block 66/80 - 196/240   6470.2 ms
block 67/80 - 199/240   6393.3 ms
block 68/80 - 202/240   6400.3 ms
block 69/80 - 205/240   6400.8 ms
block 70/80 - 208/240   6400.1 ms
block 71/80 - 211/240   6388.6 ms
block 72/80 - 214/240   6425.3 ms
block 73/80 - 217/240   6411.0 ms
block 74/80 - 220/240   6405.1 ms
block 75/80 - 223/240   3555.3 ms
block 76/80 - 226/240   2982.8 ms
block 77/80 - 229/240   2479.8 ms
block 78/80 - 232/240   2464.1 ms
block 79/80 - 235/240   2468.1 ms
block 80/80 - 238/240   2465.9 ms
[31/128] elapsed=38.1m  avg=73.7s/prompt  eta=119.2m
block 1/80 - 1/240   1832.0 ms
block 2/80 - 4/240   2365.1 ms
block 3/80 - 7/240   2760.9 ms
block 4/80 - 10/240   2764.4 ms
block 5/80 - 13/240   2464.5 ms
block 6/80 - 16/240   2465.7 ms
block 7/80 - 19/240   2466.1 ms
block 8/80 - 22/240   2462.5 ms
block 9/80 - 25/240   2462.1 ms
block 10/80 - 28/240   2465.5 ms
block 11/80 - 31/240   2463.8 ms
block 12/80 - 34/240   2465.0 ms
block 13/80 - 37/240   2475.7 ms
block 14/80 - 40/240   2478.4 ms
block 15/80 - 43/240   2480.3 ms
block 16/80 - 46/240   2479.5 ms
block 17/80 - 49/240   2478.1 ms
block 18/80 - 52/240   2476.9 ms
block 19/80 - 55/240   2477.6 ms
block 20/80 - 58/240   2495.6 ms
block 21/80 - 61/240   2499.4 ms
block 22/80 - 64/240   2507.0 ms
block 23/80 - 67/240   2450.3 ms
block 24/80 - 70/240   2478.0 ms
block 25/80 - 73/240   2486.6 ms
block 26/80 - 76/240   2477.8 ms
block 27/80 - 79/240   2479.8 ms
block 28/80 - 82/240   2478.3 ms
block 29/80 - 85/240   2477.8 ms
block 30/80 - 88/240   2481.7 ms
block 31/80 - 91/240   2481.0 ms
block 32/80 - 94/240   2480.9 ms
block 33/80 - 97/240   2470.6 ms
block 34/80 - 100/240   2476.9 ms
block 35/80 - 103/240   2477.3 ms
block 36/80 - 106/240   2476.7 ms
block 37/80 - 109/240   2478.3 ms
block 38/80 - 112/240   2478.2 ms
block 39/80 - 115/240   2475.5 ms
block 40/80 - 118/240   2476.3 ms
block 41/80 - 121/240   2477.2 ms
block 42/80 - 124/240   2477.4 ms
block 43/80 - 127/240   2478.2 ms
block 44/80 - 130/240   2479.1 ms
block 45/80 - 133/240   2514.1 ms
block 46/80 - 136/240   2478.0 ms
block 47/80 - 139/240   2480.9 ms
block 48/80 - 142/240   2486.9 ms
block 49/80 - 145/240   2479.0 ms
block 50/80 - 148/240   2478.1 ms
block 51/80 - 151/240   2475.5 ms
block 52/80 - 154/240   2478.8 ms
block 53/80 - 157/240   2475.4 ms
block 54/80 - 160/240   2476.9 ms
block 55/80 - 163/240   2483.6 ms
block 56/80 - 166/240   2478.9 ms
block 57/80 - 169/240   2487.3 ms
block 58/80 - 172/240   2471.0 ms
block 59/80 - 175/240   2478.0 ms
block 60/80 - 178/240   2479.4 ms
block 61/80 - 181/240   2478.0 ms
block 62/80 - 184/240   2478.8 ms
block 63/80 - 187/240   2477.3 ms
block 64/80 - 190/240   2478.2 ms
block 65/80 - 193/240   2474.9 ms
block 66/80 - 196/240   2478.1 ms
block 67/80 - 199/240   2476.8 ms
block 68/80 - 202/240   2477.1 ms
block 69/80 - 205/240   2522.1 ms
block 70/80 - 208/240   2477.8 ms
block 71/80 - 211/240   2482.3 ms
block 72/80 - 214/240   2480.0 ms
block 73/80 - 217/240   2484.0 ms
block 74/80 - 220/240   2490.7 ms
block 75/80 - 223/240   2484.1 ms
block 76/80 - 226/240   2481.0 ms
block 77/80 - 229/240   2483.5 ms
block 78/80 - 232/240   2482.6 ms
block 79/80 - 235/240   2485.0 ms
block 80/80 - 238/240   2483.8 ms
[39/128] elapsed=41.4m  avg=63.7s/prompt  eta=94.5m
block 1/80 - 1/240   3347.0 ms
block 2/80 - 4/240   2264.9 ms
block 3/80 - 7/240   2673.4 ms
block 4/80 - 10/240   2610.4 ms
block 5/80 - 13/240   2574.2 ms
block 6/80 - 16/240   2366.2 ms
block 7/80 - 19/240   2469.9 ms
block 8/80 - 22/240   2470.7 ms
block 9/80 - 25/240   2474.0 ms
block 10/80 - 28/240   2472.9 ms
block 11/80 - 31/240   2470.4 ms
block 12/80 - 34/240   2482.2 ms
block 13/80 - 37/240   2499.5 ms
block 14/80 - 40/240   2474.2 ms
block 15/80 - 43/240   2470.6 ms
block 16/80 - 46/240   2469.2 ms
block 17/80 - 49/240   2474.8 ms
block 18/80 - 52/240   2471.0 ms
block 19/80 - 55/240   2472.4 ms
block 20/80 - 58/240   2471.9 ms
block 21/80 - 61/240   2472.7 ms
block 22/80 - 64/240   2471.4 ms
block 23/80 - 67/240   2471.8 ms
block 24/80 - 70/240   2469.3 ms
block 25/80 - 73/240   2480.8 ms
block 26/80 - 76/240   2485.4 ms
block 27/80 - 79/240   2482.9 ms
block 28/80 - 82/240   2483.4 ms
block 29/80 - 85/240   2483.4 ms
block 30/80 - 88/240   2485.4 ms
block 31/80 - 91/240   2488.4 ms
block 32/80 - 94/240   2484.6 ms
block 33/80 - 97/240   2482.3 ms
block 34/80 - 100/240   2488.7 ms
block 35/80 - 103/240   2483.1 ms
block 36/80 - 106/240   2484.7 ms
block 37/80 - 109/240   2532.0 ms
block 38/80 - 112/240   2482.2 ms
block 39/80 - 115/240   2483.7 ms
block 40/80 - 118/240   2483.0 ms
block 41/80 - 121/240   2485.8 ms
block 42/80 - 124/240   2483.2 ms
block 43/80 - 127/240   2483.0 ms
block 44/80 - 130/240   2496.9 ms
block 45/80 - 133/240   2483.2 ms
block 46/80 - 136/240   2483.9 ms
block 47/80 - 139/240   2482.1 ms
block 48/80 - 142/240   2483.7 ms
block 49/80 - 145/240   2483.2 ms
block 50/80 - 148/240   2478.8 ms
block 51/80 - 151/240   2484.7 ms
block 52/80 - 154/240   2483.8 ms
block 53/80 - 157/240   2484.6 ms
block 54/80 - 160/240   2483.6 ms
block 55/80 - 163/240   2483.0 ms
block 56/80 - 166/240   2483.1 ms
block 57/80 - 169/240   2480.7 ms
block 58/80 - 172/240   2484.0 ms
block 59/80 - 175/240   2482.2 ms
block 60/80 - 178/240   2483.0 ms
block 61/80 - 181/240   2521.6 ms
block 62/80 - 184/240   2484.3 ms
block 63/80 - 187/240   2482.6 ms
block 64/80 - 190/240   2484.1 ms
block 65/80 - 193/240   2481.6 ms
block 66/80 - 196/240   2483.7 ms
block 67/80 - 199/240   2482.5 ms
block 68/80 - 202/240   2485.8 ms
block 69/80 - 205/240   2483.6 ms
block 70/80 - 208/240   2483.7 ms
block 71/80 - 211/240   2480.8 ms
block 72/80 - 214/240   2482.0 ms
block 73/80 - 217/240   2481.6 ms
block 74/80 - 220/240   2481.5 ms
block 75/80 - 223/240   2485.3 ms
block 76/80 - 226/240   2484.4 ms
block 77/80 - 229/240   2483.1 ms
block 78/80 - 232/240   2483.3 ms
block 79/80 - 235/240   2482.9 ms
block 80/80 - 238/240   2483.5 ms
[47/128] elapsed=44.7m  avg=57.1s/prompt  eta=77.1m
block 1/80 - 1/240   2052.3 ms
block 2/80 - 4/240   2598.9 ms
block 3/80 - 7/240   2778.6 ms
block 4/80 - 10/240   2719.2 ms
block 5/80 - 13/240   2533.2 ms
block 6/80 - 16/240   2483.9 ms
block 7/80 - 19/240   2484.9 ms
block 8/80 - 22/240   2482.7 ms
block 9/80 - 25/240   2485.4 ms
block 10/80 - 28/240   2483.5 ms
block 11/80 - 31/240   2485.0 ms
block 12/80 - 34/240   2482.3 ms
block 13/80 - 37/240   2482.8 ms
block 14/80 - 40/240   2482.3 ms
block 15/80 - 43/240   2483.5 ms
block 16/80 - 46/240   2500.0 ms
block 17/80 - 49/240   2478.9 ms
block 18/80 - 52/240   2484.9 ms
block 19/80 - 55/240   2486.1 ms
block 20/80 - 58/240   2481.1 ms
block 21/80 - 61/240   2485.2 ms
block 22/80 - 64/240   2507.2 ms
block 23/80 - 67/240   2488.1 ms
block 24/80 - 70/240   2483.6 ms
block 25/80 - 73/240   2484.5 ms
block 26/80 - 76/240   2488.4 ms
block 27/80 - 79/240   2485.3 ms
block 28/80 - 82/240   2487.7 ms
block 29/80 - 85/240   2529.7 ms
block 30/80 - 88/240   2483.4 ms
block 31/80 - 91/240   2482.7 ms
block 32/80 - 94/240   2483.2 ms
block 33/80 - 97/240   2484.9 ms
block 34/80 - 100/240   2483.7 ms
block 35/80 - 103/240   2483.4 ms
block 36/80 - 106/240   2484.3 ms
block 37/80 - 109/240   2481.9 ms
block 38/80 - 112/240   2483.3 ms
block 39/80 - 115/240   2487.9 ms
block 40/80 - 118/240   2490.9 ms
block 41/80 - 121/240   2484.4 ms
block 42/80 - 124/240   2477.5 ms
block 43/80 - 127/240   2482.3 ms
block 44/80 - 130/240   2483.3 ms
block 45/80 - 133/240   2483.1 ms
block 46/80 - 136/240   2483.6 ms
block 47/80 - 139/240   2484.6 ms
block 48/80 - 142/240   2483.7 ms
block 49/80 - 145/240   2487.8 ms
block 50/80 - 148/240   2482.0 ms
block 51/80 - 151/240   2486.2 ms
block 52/80 - 154/240   2482.4 ms
block 53/80 - 157/240   2508.2 ms
block 54/80 - 160/240   2495.6 ms
block 55/80 - 163/240   2484.2 ms
block 56/80 - 166/240   2481.4 ms
block 57/80 - 169/240   2486.4 ms
block 58/80 - 172/240   2483.2 ms
block 59/80 - 175/240   2484.8 ms
block 60/80 - 178/240   2482.2 ms
block 61/80 - 181/240   2482.7 ms
block 62/80 - 184/240   2483.0 ms
block 63/80 - 187/240   2484.9 ms
block 64/80 - 190/240   2483.3 ms
block 65/80 - 193/240   2485.6 ms
block 66/80 - 196/240   2500.0 ms
block 67/80 - 199/240   2455.8 ms
block 68/80 - 202/240   2485.0 ms
block 69/80 - 205/240   2487.0 ms
block 70/80 - 208/240   2483.1 ms
block 71/80 - 211/240   2484.0 ms
block 72/80 - 214/240   2480.4 ms
block 73/80 - 217/240   2484.8 ms
block 74/80 - 220/240   2483.5 ms
block 75/80 - 223/240   2484.5 ms
block 76/80 - 226/240   2484.0 ms
block 77/80 - 229/240   2496.1 ms
block 78/80 - 232/240   2498.5 ms
block 79/80 - 235/240   2482.1 ms
block 80/80 - 238/240   2483.1 ms
[55/128] elapsed=48.1m  avg=52.4s/prompt  eta=63.8m
block 1/80 - 1/240   1867.8 ms
block 2/80 - 4/240   2560.4 ms
block 3/80 - 7/240   2725.2 ms
block 4/80 - 10/240   2764.5 ms
block 5/80 - 13/240   2483.4 ms
block 6/80 - 16/240   2485.2 ms
block 7/80 - 19/240   2489.2 ms
block 8/80 - 22/240   2487.5 ms
block 9/80 - 25/240   2482.0 ms
block 10/80 - 28/240   2481.4 ms
block 11/80 - 31/240   2484.5 ms
block 12/80 - 34/240   2482.9 ms
block 13/80 - 37/240   2483.8 ms
block 14/80 - 40/240   2482.3 ms
block 15/80 - 43/240   2482.6 ms
block 16/80 - 46/240   2486.7 ms
block 17/80 - 49/240   2484.7 ms
block 18/80 - 52/240   2482.1 ms
block 19/80 - 55/240   2483.3 ms
block 20/80 - 58/240   2484.4 ms
block 21/80 - 61/240   2501.2 ms
block 22/80 - 64/240   2498.5 ms
block 23/80 - 67/240   2485.2 ms
block 24/80 - 70/240   2485.3 ms
block 25/80 - 73/240   2483.9 ms
block 26/80 - 76/240   2486.4 ms
block 27/80 - 79/240   2484.4 ms
block 28/80 - 82/240   2482.0 ms
block 29/80 - 85/240   2482.3 ms
block 30/80 - 88/240   2482.4 ms
block 31/80 - 91/240   2483.2 ms
block 32/80 - 94/240   2482.0 ms
block 33/80 - 97/240   2484.8 ms
block 34/80 - 100/240   2474.2 ms
block 35/80 - 103/240   2482.8 ms
block 36/80 - 106/240   2484.8 ms
block 37/80 - 109/240   2483.4 ms
block 38/80 - 112/240   2485.0 ms
block 39/80 - 115/240   2484.6 ms
block 40/80 - 118/240   2483.5 ms
block 41/80 - 121/240   2488.6 ms
block 42/80 - 124/240   2482.8 ms
block 43/80 - 127/240   2485.7 ms
block 44/80 - 130/240   2483.4 ms
block 45/80 - 133/240   2489.1 ms
block 46/80 - 136/240   2517.2 ms
block 47/80 - 139/240   2484.3 ms
block 48/80 - 142/240   2485.2 ms
block 49/80 - 145/240   2483.9 ms
block 50/80 - 148/240   2484.3 ms
block 51/80 - 151/240   2484.9 ms
block 52/80 - 154/240   2484.8 ms
block 53/80 - 157/240   2483.9 ms
block 54/80 - 160/240   2483.3 ms
block 55/80 - 163/240   2484.5 ms
block 56/80 - 166/240   2484.3 ms
block 57/80 - 169/240   2641.1 ms
block 58/80 - 172/240   2325.8 ms
block 59/80 - 175/240   2484.6 ms
block 60/80 - 178/240   2483.8 ms
block 61/80 - 181/240   2483.5 ms
block 62/80 - 184/240   2487.0 ms
block 63/80 - 187/240   2679.7 ms
block 64/80 - 190/240   2485.5 ms
block 65/80 - 193/240   2483.8 ms
block 66/80 - 196/240   2483.8 ms
block 67/80 - 199/240   2483.6 ms
block 68/80 - 202/240   2483.1 ms
block 69/80 - 205/240   2484.6 ms
block 70/80 - 208/240   2542.0 ms
block 71/80 - 211/240   2488.5 ms
block 72/80 - 214/240   2500.0 ms
block 73/80 - 217/240   2482.7 ms
block 74/80 - 220/240   2484.2 ms
block 75/80 - 223/240   2484.2 ms
block 76/80 - 226/240   2484.7 ms
block 77/80 - 229/240   2481.9 ms
block 78/80 - 232/240   2483.7 ms
block 79/80 - 235/240   2483.5 ms
block 80/80 - 238/240   2486.2 ms
[63/128] elapsed=51.4m  avg=48.9s/prompt  eta=53.0m
block 1/80 - 1/240   2911.5 ms
block 2/80 - 4/240   2611.3 ms
block 3/80 - 7/240   2774.7 ms
block 4/80 - 10/240   2589.7 ms
block 5/80 - 13/240   2487.0 ms
block 6/80 - 16/240   2482.4 ms
block 7/80 - 19/240   2493.3 ms
block 8/80 - 22/240   2522.3 ms
block 9/80 - 25/240   2483.3 ms
block 10/80 - 28/240   2487.0 ms
block 11/80 - 31/240   2484.9 ms
block 12/80 - 34/240   2484.5 ms
block 13/80 - 37/240   2514.3 ms
block 14/80 - 40/240   2489.7 ms
block 15/80 - 43/240   2485.9 ms
block 16/80 - 46/240   2483.4 ms
block 17/80 - 49/240   2487.1 ms
block 18/80 - 52/240   2484.4 ms
block 19/80 - 55/240   2488.5 ms
block 20/80 - 58/240   2494.1 ms
block 21/80 - 61/240   2484.8 ms
block 22/80 - 64/240   2484.9 ms
block 23/80 - 67/240   2485.7 ms
block 24/80 - 70/240   2484.1 ms
block 25/80 - 73/240   2478.2 ms
block 26/80 - 76/240   2482.5 ms
block 27/80 - 79/240   2483.3 ms
block 28/80 - 82/240   2482.8 ms
block 29/80 - 85/240   2482.5 ms
block 30/80 - 88/240   2483.1 ms
block 31/80 - 91/240   2484.5 ms
block 32/80 - 94/240   2482.7 ms
block 33/80 - 97/240   2482.1 ms
block 34/80 - 100/240   2483.4 ms
block 35/80 - 103/240   2484.2 ms
block 36/80 - 106/240   2482.4 ms
block 37/80 - 109/240   2504.3 ms
block 38/80 - 112/240   2498.6 ms
block 39/80 - 115/240   2486.3 ms
block 40/80 - 118/240   2482.9 ms
block 41/80 - 121/240   2484.7 ms
block 42/80 - 124/240   2483.3 ms
block 43/80 - 127/240   2499.7 ms
block 44/80 - 130/240   2484.9 ms
block 45/80 - 133/240   2483.0 ms
block 46/80 - 136/240   2486.1 ms
block 47/80 - 139/240   2482.6 ms
block 48/80 - 142/240   2483.7 ms
block 49/80 - 145/240   2482.1 ms
block 50/80 - 148/240   2486.2 ms
block 51/80 - 151/240   2484.4 ms
block 52/80 - 154/240   2485.1 ms
block 53/80 - 157/240   2483.9 ms
block 54/80 - 160/240   2482.5 ms
block 55/80 - 163/240   2484.5 ms
block 56/80 - 166/240   2481.5 ms
block 57/80 - 169/240   2485.9 ms
block 58/80 - 172/240   2483.9 ms
block 59/80 - 175/240   2483.0 ms
block 60/80 - 178/240   2482.2 ms
block 61/80 - 181/240   2487.6 ms
block 62/80 - 184/240   2517.4 ms
block 63/80 - 187/240   2483.7 ms
block 64/80 - 190/240   2482.7 ms
block 65/80 - 193/240   2484.1 ms
block 66/80 - 196/240   2482.3 ms
block 67/80 - 199/240   2483.4 ms
block 68/80 - 202/240   2481.4 ms
block 69/80 - 205/240   2483.5 ms
block 70/80 - 208/240   2482.7 ms
block 71/80 - 211/240   2483.0 ms
block 72/80 - 214/240   2481.3 ms
block 73/80 - 217/240   2484.3 ms
block 74/80 - 220/240   2476.4 ms
block 75/80 - 223/240   2486.6 ms
block 76/80 - 226/240   2484.3 ms
block 77/80 - 229/240   2486.4 ms
block 78/80 - 232/240   2483.5 ms
block 79/80 - 235/240   2485.7 ms
block 80/80 - 238/240   2484.0 ms
[71/128] elapsed=54.7m  avg=46.3s/prompt  eta=43.9m
block 1/80 - 1/240   2061.5 ms
block 2/80 - 4/240   2650.6 ms
block 3/80 - 7/240   2783.5 ms
block 4/80 - 10/240   2697.0 ms
block 5/80 - 13/240   2482.6 ms
block 6/80 - 16/240   2481.9 ms
block 7/80 - 19/240   2483.3 ms
block 8/80 - 22/240   2483.6 ms
block 9/80 - 25/240   2480.8 ms
block 10/80 - 28/240   2535.3 ms
block 11/80 - 31/240   2487.1 ms
block 12/80 - 34/240   2493.3 ms
block 13/80 - 37/240   2481.9 ms
block 14/80 - 40/240   2485.5 ms
block 15/80 - 43/240   2486.0 ms
block 16/80 - 46/240   2483.8 ms
block 17/80 - 49/240   2479.7 ms
block 18/80 - 52/240   2485.4 ms
block 19/80 - 55/240   2482.6 ms
block 20/80 - 58/240   2488.3 ms
block 21/80 - 61/240   2492.0 ms
block 22/80 - 64/240   2482.7 ms
block 23/80 - 67/240   2483.6 ms
block 24/80 - 70/240   2483.2 ms
block 25/80 - 73/240   2484.4 ms
block 26/80 - 76/240   2482.7 ms
block 27/80 - 79/240   2483.1 ms
block 28/80 - 82/240   2483.9 ms
block 29/80 - 85/240   2485.1 ms
block 30/80 - 88/240   2484.8 ms
block 31/80 - 91/240   2485.6 ms
block 32/80 - 94/240   2485.9 ms
block 33/80 - 97/240   2486.1 ms
block 34/80 - 100/240   2527.4 ms
block 35/80 - 103/240   2495.4 ms
block 36/80 - 106/240   2484.5 ms
block 37/80 - 109/240   2483.2 ms
block 38/80 - 112/240   2480.7 ms
block 39/80 - 115/240   2484.4 ms
block 40/80 - 118/240   2481.3 ms
block 41/80 - 121/240   2483.2 ms
block 42/80 - 124/240   2476.1 ms
block 43/80 - 127/240   2483.7 ms
block 44/80 - 130/240   2484.7 ms
block 45/80 - 133/240   2486.0 ms
block 46/80 - 136/240   2481.1 ms
block 47/80 - 139/240   2484.2 ms
block 48/80 - 142/240   2483.3 ms
block 49/80 - 145/240   2484.6 ms
block 50/80 - 148/240   2482.1 ms
block 51/80 - 151/240   2483.3 ms
block 52/80 - 154/240   2483.1 ms
block 53/80 - 157/240   2485.1 ms
block 54/80 - 160/240   2487.9 ms
block 55/80 - 163/240   2485.8 ms
block 56/80 - 166/240   2485.7 ms
block 57/80 - 169/240   2484.1 ms
block 58/80 - 172/240   2513.1 ms
block 59/80 - 175/240   2492.8 ms
block 60/80 - 178/240   2485.1 ms
block 61/80 - 181/240   2483.9 ms
block 62/80 - 184/240   2495.4 ms
block 63/80 - 187/240   2501.9 ms
block 64/80 - 190/240   2487.4 ms
block 65/80 - 193/240   2483.9 ms
block 66/80 - 196/240   2474.0 ms
block 67/80 - 199/240   2482.5 ms
block 68/80 - 202/240   2483.2 ms
block 69/80 - 205/240   2482.7 ms
block 70/80 - 208/240   2487.2 ms
block 71/80 - 211/240   2486.7 ms
block 72/80 - 214/240   2485.0 ms
block 73/80 - 217/240   2484.2 ms
block 74/80 - 220/240   2482.1 ms
block 75/80 - 223/240   2482.8 ms
block 76/80 - 226/240   2484.9 ms
block 77/80 - 229/240   2484.8 ms
block 78/80 - 232/240   2482.3 ms
block 79/80 - 235/240   2485.2 ms
block 80/80 - 238/240   2502.0 ms
[79/128] elapsed=58.1m  avg=44.1s/prompt  eta=36.0m
block 1/80 - 1/240   2056.8 ms
block 2/80 - 4/240   2628.0 ms
block 3/80 - 7/240   2768.5 ms
block 4/80 - 10/240   2713.5 ms
block 5/80 - 13/240   2485.0 ms
block 6/80 - 16/240   2484.8 ms
block 7/80 - 19/240   2483.9 ms
block 8/80 - 22/240   2489.1 ms
block 9/80 - 25/240   2471.5 ms
block 10/80 - 28/240   2487.4 ms
block 11/80 - 31/240   2483.5 ms
block 12/80 - 34/240   2483.3 ms
block 13/80 - 37/240   2484.1 ms
block 14/80 - 40/240   2483.7 ms
block 15/80 - 43/240   2484.8 ms
block 16/80 - 46/240   2485.0 ms
block 17/80 - 49/240   2483.3 ms
block 18/80 - 52/240   2484.7 ms
block 19/80 - 55/240   2483.9 ms
block 20/80 - 58/240   2483.3 ms
block 21/80 - 61/240   2483.1 ms
block 22/80 - 64/240   2484.8 ms
block 23/80 - 67/240   2483.4 ms
block 24/80 - 70/240   2484.5 ms
block 25/80 - 73/240   2483.5 ms
block 26/80 - 76/240   2511.4 ms
block 27/80 - 79/240   2491.8 ms
block 28/80 - 82/240   2482.0 ms
block 29/80 - 85/240   2483.6 ms
block 30/80 - 88/240   2482.3 ms
block 31/80 - 91/240   2484.2 ms
block 32/80 - 94/240   2480.6 ms
block 33/80 - 97/240   2478.0 ms
block 34/80 - 100/240   2485.6 ms
block 35/80 - 103/240   2484.6 ms
block 36/80 - 106/240   2483.4 ms
block 37/80 - 109/240   2482.7 ms
block 38/80 - 112/240   2487.1 ms
block 39/80 - 115/240   2483.0 ms
block 40/80 - 118/240   2483.0 ms
block 41/80 - 121/240   2484.3 ms
block 42/80 - 124/240   2482.7 ms
block 43/80 - 127/240   2481.1 ms
block 44/80 - 130/240   2480.2 ms
block 45/80 - 133/240   2479.8 ms
block 46/80 - 136/240   2479.7 ms
block 47/80 - 139/240   2478.2 ms
block 48/80 - 142/240   2479.8 ms
block 49/80 - 145/240   2477.9 ms
block 50/80 - 148/240   2491.6 ms
block 51/80 - 151/240   2505.0 ms
block 52/80 - 154/240   2479.2 ms
block 53/80 - 157/240   2480.0 ms
block 54/80 - 160/240   2479.0 ms
block 55/80 - 163/240   2486.7 ms
block 56/80 - 166/240   2490.9 ms
block 57/80 - 169/240   2624.5 ms
block 58/80 - 172/240   2336.6 ms
block 59/80 - 175/240   2480.2 ms
block 60/80 - 178/240   2482.9 ms
block 61/80 - 181/240   2490.0 ms
block 62/80 - 184/240   2482.1 ms
block 63/80 - 187/240   2479.1 ms
block 64/80 - 190/240   2477.6 ms
block 65/80 - 193/240   2478.5 ms
block 66/80 - 196/240   2478.3 ms
block 67/80 - 199/240   2479.1 ms
block 68/80 - 202/240   2477.0 ms
block 69/80 - 205/240   2479.7 ms
block 70/80 - 208/240   2478.7 ms
block 71/80 - 211/240   2478.7 ms
block 72/80 - 214/240   2477.6 ms
block 73/80 - 217/240   2477.2 ms
block 74/80 - 220/240   2481.2 ms
block 75/80 - 223/240   2517.1 ms
block 76/80 - 226/240   2494.2 ms
block 77/80 - 229/240   2478.7 ms
block 78/80 - 232/240   2489.0 ms
block 79/80 - 235/240   2480.3 ms
block 80/80 - 238/240   2477.4 ms
[87/128] elapsed=61.4m  avg=42.3s/prompt  eta=28.9m
block 1/80 - 1/240   3062.1 ms
block 2/80 - 4/240   2287.9 ms
block 3/80 - 7/240   2712.3 ms
block 4/80 - 10/240   2920.6 ms
block 5/80 - 13/240   2446.7 ms
block 6/80 - 16/240   2480.6 ms
block 7/80 - 19/240   2480.3 ms
block 8/80 - 22/240   2478.1 ms
block 9/80 - 25/240   2477.9 ms
block 10/80 - 28/240   2478.8 ms
block 11/80 - 31/240   2481.3 ms
block 12/80 - 34/240   2480.1 ms
block 13/80 - 37/240   2476.7 ms
block 14/80 - 40/240   2476.7 ms
block 15/80 - 43/240   2478.1 ms
block 16/80 - 46/240   2477.2 ms
block 17/80 - 49/240   2476.9 ms
block 18/80 - 52/240   2500.9 ms
block 19/80 - 55/240   2492.8 ms
block 20/80 - 58/240   2478.1 ms
block 21/80 - 61/240   2478.9 ms
block 22/80 - 64/240   2483.4 ms
block 23/80 - 67/240   2470.2 ms
block 24/80 - 70/240   2477.3 ms
block 25/80 - 73/240   2477.7 ms
block 26/80 - 76/240   2481.4 ms
block 27/80 - 79/240   2478.9 ms
block 28/80 - 82/240   2476.8 ms
block 29/80 - 85/240   2479.9 ms
block 30/80 - 88/240   2479.0 ms
block 31/80 - 91/240   2478.9 ms
block 32/80 - 94/240   2478.2 ms
block 33/80 - 97/240   2477.4 ms
block 34/80 - 100/240   2479.6 ms
block 35/80 - 103/240   2476.3 ms
block 36/80 - 106/240   2476.0 ms
block 37/80 - 109/240   2478.5 ms
block 38/80 - 112/240   2477.8 ms
block 39/80 - 115/240   2478.3 ms
block 40/80 - 118/240   2484.8 ms
block 41/80 - 121/240   2477.2 ms
block 42/80 - 124/240   2489.1 ms
block 43/80 - 127/240   2511.5 ms
block 44/80 - 130/240   2478.1 ms
block 45/80 - 133/240   2477.9 ms
block 46/80 - 136/240   2491.4 ms
block 47/80 - 139/240   2463.3 ms
block 48/80 - 142/240   2476.3 ms
block 49/80 - 145/240   2473.8 ms
block 50/80 - 148/240   2478.7 ms
block 51/80 - 151/240   2477.8 ms
block 52/80 - 154/240   2477.0 ms
block 53/80 - 157/240   2476.5 ms
block 54/80 - 160/240   2476.6 ms
block 55/80 - 163/240   2478.8 ms
block 56/80 - 166/240   2477.9 ms
block 57/80 - 169/240   2478.2 ms
block 58/80 - 172/240   2479.6 ms
block 59/80 - 175/240   2483.3 ms
block 60/80 - 178/240   2480.0 ms
block 61/80 - 181/240   2482.8 ms
block 62/80 - 184/240   2482.0 ms
block 63/80 - 187/240   2483.5 ms
block 64/80 - 190/240   2480.9 ms
block 65/80 - 193/240   2480.1 ms
block 66/80 - 196/240   2483.7 ms
block 67/80 - 199/240   2526.7 ms
block 68/80 - 202/240   2483.3 ms
block 69/80 - 205/240   2484.5 ms
block 70/80 - 208/240   2481.6 ms
block 71/80 - 211/240   2486.9 ms
block 72/80 - 214/240   2485.1 ms
block 73/80 - 217/240   2479.1 ms
block 74/80 - 220/240   2485.5 ms
block 75/80 - 223/240   2484.2 ms
block 76/80 - 226/240   2482.3 ms
block 77/80 - 229/240   2482.7 ms
block 78/80 - 232/240   2487.5 ms
block 79/80 - 235/240   2481.9 ms
block 80/80 - 238/240   2484.9 ms
[95/128] elapsed=64.7m  avg=40.9s/prompt  eta=22.5m
block 1/80 - 1/240   2234.5 ms
block 2/80 - 4/240   2417.0 ms
block 3/80 - 7/240   2676.7 ms
block 4/80 - 10/240   2665.6 ms
block 5/80 - 13/240   2518.4 ms
block 6/80 - 16/240   2482.6 ms
block 7/80 - 19/240   2485.1 ms
block 8/80 - 22/240   2483.4 ms
block 9/80 - 25/240   2483.8 ms
block 10/80 - 28/240   2478.7 ms
block 11/80 - 31/240   2514.7 ms
block 12/80 - 34/240   2475.8 ms
block 13/80 - 37/240   2475.7 ms
block 14/80 - 40/240   2478.7 ms
block 15/80 - 43/240   2479.0 ms
block 16/80 - 46/240   2478.0 ms
block 17/80 - 49/240   2475.4 ms
block 18/80 - 52/240   2480.8 ms
block 19/80 - 55/240   2479.4 ms
block 20/80 - 58/240   2478.2 ms
block 21/80 - 61/240   2479.6 ms
block 22/80 - 64/240   2477.9 ms
block 23/80 - 67/240   2478.6 ms
block 24/80 - 70/240   2477.3 ms
block 25/80 - 73/240   2479.4 ms
block 26/80 - 76/240   2500.2 ms
block 27/80 - 79/240   2493.8 ms
block 28/80 - 82/240   2479.8 ms
block 29/80 - 85/240   2477.9 ms
block 30/80 - 88/240   2476.0 ms
block 31/80 - 91/240   2478.1 ms
block 32/80 - 94/240   2478.5 ms
block 33/80 - 97/240   2476.8 ms
block 34/80 - 100/240   2477.7 ms
block 35/80 - 103/240   2511.2 ms
block 36/80 - 106/240   2476.4 ms
block 37/80 - 109/240   2478.1 ms
block 38/80 - 112/240   2476.4 ms
block 39/80 - 115/240   2476.9 ms
block 40/80 - 118/240   2477.9 ms
block 41/80 - 121/240   2480.8 ms
block 42/80 - 124/240   2481.3 ms
block 43/80 - 127/240   2479.3 ms
block 44/80 - 130/240   2481.9 ms
block 45/80 - 133/240   2479.0 ms
block 46/80 - 136/240   2477.3 ms
block 47/80 - 139/240   2478.9 ms
block 48/80 - 142/240   2474.9 ms
block 49/80 - 145/240   2478.3 ms
block 50/80 - 148/240   2480.1 ms
block 51/80 - 151/240   2477.4 ms
block 52/80 - 154/240   2477.0 ms
block 53/80 - 157/240   2477.6 ms
block 54/80 - 160/240   2477.7 ms
block 55/80 - 163/240   2476.5 ms
block 56/80 - 166/240   2476.2 ms
block 57/80 - 169/240   2477.8 ms
block 58/80 - 172/240   2476.7 ms
block 59/80 - 175/240   2501.2 ms
block 60/80 - 178/240   2491.5 ms
block 61/80 - 181/240   2477.4 ms
block 62/80 - 184/240   2478.3 ms
block 63/80 - 187/240   2476.0 ms
block 64/80 - 190/240   2477.0 ms
block 65/80 - 193/240   2477.6 ms
block 66/80 - 196/240   2477.7 ms
block 67/80 - 199/240   2477.3 ms
block 68/80 - 202/240   2480.4 ms
block 69/80 - 205/240   2476.9 ms
block 70/80 - 208/240   2477.4 ms
block 71/80 - 211/240   2478.4 ms
block 72/80 - 214/240   2477.1 ms
block 73/80 - 217/240   2477.4 ms
block 74/80 - 220/240   2492.4 ms
block 75/80 - 223/240   2478.1 ms
block 76/80 - 226/240   2478.2 ms
block 77/80 - 229/240   2477.4 ms
block 78/80 - 232/240   2478.5 ms
block 79/80 - 235/240   2479.9 ms
block 80/80 - 238/240   2478.0 ms
[103/128] elapsed=68.1m  avg=39.6s/prompt  eta=16.5m
block 1/80 - 1/240   1902.5 ms
block 2/80 - 4/240   2491.0 ms
block 3/80 - 7/240   2748.0 ms
block 4/80 - 10/240   2940.0 ms
block 5/80 - 13/240   2477.5 ms
block 6/80 - 16/240   2479.0 ms
block 7/80 - 19/240   2478.8 ms
block 8/80 - 22/240   2478.0 ms
block 9/80 - 25/240   2476.8 ms
block 10/80 - 28/240   2475.1 ms
block 11/80 - 31/240   2477.5 ms
block 12/80 - 34/240   2479.8 ms
block 13/80 - 37/240   2475.8 ms
block 14/80 - 40/240   2476.9 ms
block 15/80 - 43/240   2479.4 ms
block 16/80 - 46/240   2482.3 ms
block 17/80 - 49/240   2479.7 ms
block 18/80 - 52/240   2477.9 ms
block 19/80 - 55/240   2479.8 ms
block 20/80 - 58/240   2478.0 ms
block 21/80 - 61/240   2480.9 ms
block 22/80 - 64/240   2482.9 ms
block 23/80 - 67/240   2481.4 ms
block 24/80 - 70/240   2479.5 ms
block 25/80 - 73/240   2483.6 ms
block 26/80 - 76/240   2482.3 ms
block 27/80 - 79/240   2482.8 ms
block 28/80 - 82/240   2509.8 ms
block 29/80 - 85/240   2494.7 ms
block 30/80 - 88/240  15746.1 ms
block 31/80 - 91/240  17733.7 ms
block 32/80 - 94/240  17735.5 ms
block 33/80 - 97/240  17734.5 ms
block 34/80 - 100/240  17732.5 ms
block 35/80 - 103/240  17733.4 ms
block 36/80 - 106/240  17733.7 ms
block 37/80 - 109/240  17733.8 ms
block 38/80 - 112/240  17733.6 ms
block 39/80 - 115/240  17733.9 ms
block 40/80 - 118/240  17734.6 ms
block 41/80 - 121/240  17731.3 ms
block 42/80 - 124/240  17734.4 ms
block 43/80 - 127/240  17734.4 ms
block 44/80 - 130/240  17733.3 ms
block 45/80 - 133/240  17734.3 ms
block 46/80 - 136/240  17733.8 ms
block 47/80 - 139/240  17733.2 ms
block 48/80 - 142/240  17734.6 ms
block 49/80 - 145/240  17734.6 ms
block 50/80 - 148/240  17734.4 ms
block 51/80 - 151/240  17734.5 ms
block 52/80 - 154/240  17734.5 ms
block 53/80 - 157/240  17734.8 ms
block 54/80 - 160/240  17733.9 ms
block 55/80 - 163/240  17733.2 ms
block 56/80 - 166/240  17734.9 ms
block 57/80 - 169/240  17734.1 ms
block 58/80 - 172/240  17734.9 ms
block 59/80 - 175/240  17734.0 ms
block 60/80 - 178/240  17736.3 ms
block 61/80 - 181/240  17731.3 ms
block 62/80 - 184/240  17734.8 ms
block 63/80 - 187/240  17734.2 ms
block 64/80 - 190/240  17734.0 ms
block 65/80 - 193/240  17734.4 ms
block 66/80 - 196/240  17732.5 ms
block 67/80 - 199/240  17734.4 ms
block 68/80 - 202/240  17734.7 ms
block 69/80 - 205/240  17734.2 ms
block 70/80 - 208/240  17734.2 ms
block 71/80 - 211/240  17738.3 ms
block 72/80 - 214/240  17729.8 ms
block 73/80 - 217/240  17734.3 ms
block 74/80 - 220/240  17734.6 ms
block 75/80 - 223/240  17734.9 ms
block 76/80 - 226/240  17735.0 ms
block 77/80 - 229/240  17646.9 ms
block 78/80 - 232/240  17733.6 ms
block 79/80 - 235/240  17733.8 ms
block 80/80 - 238/240  17734.2 ms
[111/128] elapsed=84.3m  avg=45.6s/prompt  eta=12.9m
block 1/80 - 1/240  17588.9 ms
block 2/80 - 4/240  17128.4 ms
block 3/80 - 7/240  17727.7 ms
block 4/80 - 10/240  17734.3 ms
block 5/80 - 13/240  17735.8 ms
block 6/80 - 16/240  16577.9 ms
block 7/80 - 19/240  17734.9 ms
block 8/80 - 22/240  17734.3 ms
block 9/80 - 25/240  17735.2 ms
block 10/80 - 28/240  17734.6 ms
block 11/80 - 31/240  17732.4 ms
block 12/80 - 34/240  17734.1 ms
block 13/80 - 37/240  17736.9 ms
block 14/80 - 40/240  17736.7 ms
block 15/80 - 43/240  17736.6 ms
block 16/80 - 46/240  17733.9 ms
block 17/80 - 49/240  17733.6 ms
block 18/80 - 52/240  17733.8 ms
block 19/80 - 55/240  17734.7 ms
block 20/80 - 58/240  17732.0 ms
block 21/80 - 61/240  17734.5 ms
block 22/80 - 64/240  17733.9 ms
block 23/80 - 67/240  17734.1 ms
block 24/80 - 70/240  17733.5 ms
block 25/80 - 73/240  17734.5 ms
block 26/80 - 76/240  17733.4 ms
block 27/80 - 79/240  17734.4 ms
block 28/80 - 82/240  17734.2 ms
block 29/80 - 85/240  17734.5 ms
block 30/80 - 88/240  17731.8 ms
block 31/80 - 91/240  17734.8 ms
block 32/80 - 94/240  17734.3 ms
block 33/80 - 97/240  17732.2 ms
block 34/80 - 100/240  17734.7 ms
block 35/80 - 103/240  17734.7 ms
block 36/80 - 106/240  17735.1 ms
block 37/80 - 109/240  17734.5 ms
block 38/80 - 112/240  17734.9 ms
block 39/80 - 115/240  17735.0 ms
block 40/80 - 118/240  17733.5 ms
block 41/80 - 121/240  17736.2 ms
block 42/80 - 124/240  17734.3 ms
block 43/80 - 127/240  17734.4 ms
block 44/80 - 130/240  17646.6 ms
block 45/80 - 133/240  17734.9 ms
block 46/80 - 136/240  17733.8 ms
block 47/80 - 139/240  17731.8 ms
block 48/80 - 142/240  17735.6 ms
block 49/80 - 145/240  17734.7 ms
block 50/80 - 148/240  17734.1 ms
block 51/80 - 151/240  17735.0 ms
block 52/80 - 154/240  17733.8 ms
block 53/80 - 157/240  17734.8 ms
block 54/80 - 160/240  17735.5 ms
block 55/80 - 163/240  17736.1 ms
block 56/80 - 166/240  17734.2 ms
block 57/80 - 169/240  17734.2 ms
block 58/80 - 172/240  17733.5 ms
block 59/80 - 175/240  17733.8 ms
block 60/80 - 178/240  17734.0 ms
block 61/80 - 181/240  17735.5 ms
block 62/80 - 184/240  17734.8 ms
block 63/80 - 187/240  17734.8 ms
block 64/80 - 190/240  17728.1 ms
block 65/80 - 193/240  17734.8 ms
block 66/80 - 196/240  17732.1 ms
block 67/80 - 199/240  17734.8 ms
block 68/80 - 202/240  17734.0 ms
block 69/80 - 205/240  17734.5 ms
block 70/80 - 208/240  17735.0 ms
block 71/80 - 211/240  17734.9 ms
block 72/80 - 214/240  17735.4 ms
block 73/80 - 217/240  17735.8 ms
block 74/80 - 220/240  17735.4 ms
block 75/80 - 223/240  17734.5 ms
block 76/80 - 226/240  17734.6 ms
block 77/80 - 229/240  17734.3 ms
block 78/80 - 232/240  17734.1 ms
block 79/80 - 235/240  16541.5 ms
block 80/80 - 238/240  12134.1 ms
[119/128] elapsed=107.8m  avg=54.4s/prompt  eta=8.2m
block 1/80 - 1/240  17739.4 ms
block 2/80 - 4/240  17129.2 ms
block 3/80 - 7/240  17639.8 ms
block 4/80 - 10/240  17735.6 ms
block 5/80 - 13/240  17734.3 ms
block 6/80 - 16/240  17736.4 ms
block 7/80 - 19/240  17734.0 ms
block 8/80 - 22/240  17735.0 ms
block 9/80 - 25/240  17931.9 ms
block 10/80 - 28/240  21181.8 ms
block 11/80 - 31/240  20746.0 ms
block 12/80 - 34/240  21032.2 ms
block 13/80 - 37/240  20961.2 ms
block 14/80 - 40/240  20960.7 ms
block 15/80 - 43/240  20959.7 ms
block 16/80 - 46/240  20971.3 ms
block 17/80 - 49/240  20946.8 ms
block 18/80 - 52/240  20958.4 ms
block 19/80 - 55/240  20947.6 ms
block 20/80 - 58/240  20943.1 ms
block 21/80 - 61/240  20943.3 ms
block 22/80 - 64/240  20955.3 ms
block 23/80 - 67/240  20848.3 ms
block 24/80 - 70/240  20949.4 ms
block 25/80 - 73/240  20947.0 ms
block 26/80 - 76/240  20943.8 ms
block 27/80 - 79/240  20944.2 ms
block 28/80 - 82/240  20954.8 ms
block 29/80 - 85/240  20955.2 ms
block 30/80 - 88/240  20944.2 ms
block 31/80 - 91/240  20943.7 ms
block 32/80 - 94/240  20947.7 ms
block 33/80 - 97/240  20948.3 ms
block 34/80 - 100/240  20944.0 ms
block 35/80 - 103/240  20957.8 ms
block 36/80 - 106/240  20943.3 ms
block 37/80 - 109/240  20955.6 ms
block 38/80 - 112/240  20954.2 ms
block 39/80 - 115/240  20943.7 ms
block 40/80 - 118/240  20952.8 ms
block 41/80 - 121/240  20957.5 ms
block 42/80 - 124/240  20955.0 ms
block 43/80 - 127/240  20953.9 ms
block 44/80 - 130/240  20943.4 ms
block 45/80 - 133/240  20942.9 ms
block 46/80 - 136/240  20941.7 ms
block 47/80 - 139/240  20954.9 ms
block 48/80 - 142/240  20954.9 ms
block 49/80 - 145/240  20954.5 ms
block 50/80 - 148/240  20954.7 ms
block 51/80 - 151/240  20943.2 ms
block 52/80 - 154/240  20955.6 ms
block 53/80 - 157/240  20954.6 ms
block 54/80 - 160/240  20954.9 ms
block 55/80 - 163/240  20955.6 ms
block 56/80 - 166/240  20942.2 ms
block 57/80 - 169/240  20953.7 ms
block 58/80 - 172/240  20943.0 ms
block 59/80 - 175/240  20955.5 ms
block 60/80 - 178/240  20850.7 ms
block 61/80 - 181/240  20942.8 ms
block 62/80 - 184/240  20955.2 ms
block 63/80 - 187/240  20954.0 ms
block 64/80 - 190/240  20953.2 ms
block 65/80 - 193/240  20954.0 ms
block 66/80 - 196/240  20947.2 ms
block 67/80 - 199/240  20835.6 ms
block 68/80 - 202/240  20950.3 ms
block 69/80 - 205/240  20948.6 ms
block 70/80 - 208/240  20955.3 ms
block 71/80 - 211/240  20954.4 ms
block 72/80 - 214/240  20943.0 ms
block 73/80 - 217/240  20954.2 ms
block 74/80 - 220/240  20942.9 ms
block 75/80 - 223/240  20943.0 ms
block 76/80 - 226/240  20959.5 ms
block 77/80 - 229/240  20950.3 ms
block 78/80 - 232/240  20954.6 ms
block 79/80 - 235/240  20942.0 ms
block 80/80 - 238/240  20943.4 ms
[127/128] elapsed=135.3m  avg=63.9s/prompt  eta=1.1m
