Running on a single GPU (cuda); skipping NCCL initialization.
Free VRAM 94.37335205078125 GB
Loading CUDA extension (first run compiles ~60s; cached run ~3s)...
CUDA extension ready in 9.2s.
[CacheCompatibilityPolicy] recent=20:360 coverage=21:0 episode=22:0 coverage_policy=reservoir budget=9FFE read_budget=9FFE owner=HeadComposition
KV inference with 3 frames per block
Number of prompts: 128
Prompt index range: [0, 128)
Loading PyramidKV config from /apdcephfs_gy2/share_303214315/cedricnie/develop/training-free/runs/v181_rccp_long_stress/inputs/maps/all_recent.csv
block 1/80 - 1/240  254291.3 ms
block 2/80 - 4/240   5334.6 ms
block 3/80 - 7/240   6229.2 ms
block 4/80 - 10/240   6327.5 ms
block 5/80 - 13/240   6266.7 ms
block 6/80 - 16/240   6347.6 ms
block 7/80 - 19/240   6357.4 ms
block 8/80 - 22/240   6343.8 ms
block 9/80 - 25/240   6310.4 ms
block 10/80 - 28/240   6345.7 ms
block 11/80 - 31/240   6324.8 ms
block 12/80 - 34/240   6341.9 ms
block 13/80 - 37/240   6326.1 ms
block 14/80 - 40/240   6314.8 ms
block 15/80 - 43/240   6333.3 ms
block 16/80 - 46/240   6314.0 ms
block 17/80 - 49/240   6338.8 ms
block 18/80 - 52/240   6338.1 ms
block 19/80 - 55/240   6326.6 ms
block 20/80 - 58/240   6317.0 ms
block 21/80 - 61/240   6339.0 ms
block 22/80 - 64/240   6275.0 ms
block 23/80 - 67/240   6607.8 ms
block 24/80 - 70/240   6601.6 ms
block 25/80 - 73/240   6186.1 ms
block 26/80 - 76/240   6324.4 ms
block 27/80 - 79/240   6306.6 ms
block 28/80 - 82/240   6307.1 ms
block 29/80 - 85/240   6328.6 ms
block 30/80 - 88/240   6329.3 ms
block 31/80 - 91/240   6334.2 ms
block 32/80 - 94/240   6320.9 ms
block 33/80 - 97/240   6311.0 ms
block 34/80 - 100/240   6340.8 ms
block 35/80 - 103/240   6314.7 ms
block 36/80 - 106/240   6322.9 ms
block 37/80 - 109/240   6349.8 ms
block 38/80 - 112/240   6315.8 ms
block 39/80 - 115/240   6353.7 ms
block 40/80 - 118/240   6325.7 ms
block 41/80 - 121/240   6301.0 ms
block 42/80 - 124/240   6325.0 ms
block 43/80 - 127/240   6310.7 ms
block 44/80 - 130/240   6327.6 ms
block 45/80 - 133/240   6334.4 ms
block 46/80 - 136/240   6320.9 ms
block 47/80 - 139/240   6336.9 ms
block 48/80 - 142/240   6318.7 ms
block 49/80 - 145/240   6327.8 ms
block 50/80 - 148/240   6332.8 ms
block 51/80 - 151/240   6299.9 ms
block 52/80 - 154/240   6338.6 ms
block 53/80 - 157/240   6335.8 ms
block 54/80 - 160/240   6356.8 ms
block 55/80 - 163/240   6267.2 ms
block 56/80 - 166/240   6316.5 ms
block 57/80 - 169/240   6344.9 ms
block 58/80 - 172/240   6327.7 ms
block 59/80 - 175/240   6321.5 ms
block 60/80 - 178/240   6319.0 ms
block 61/80 - 181/240   6340.8 ms
block 62/80 - 184/240   6333.8 ms
block 63/80 - 187/240   6327.9 ms
block 64/80 - 190/240   6318.0 ms
block 65/80 - 193/240   6314.4 ms
block 66/80 - 196/240   6333.4 ms
block 67/80 - 199/240   6338.1 ms
block 68/80 - 202/240   6339.1 ms
block 69/80 - 205/240   6324.1 ms
block 70/80 - 208/240   6327.3 ms
block 71/80 - 211/240   6324.4 ms
block 72/80 - 214/240   6318.7 ms
block 73/80 - 217/240   6296.2 ms
block 74/80 - 220/240   6332.1 ms
block 75/80 - 223/240   6339.5 ms
block 76/80 - 226/240   6361.4 ms
block 77/80 - 229/240   6321.8 ms
block 78/80 - 232/240   6351.8 ms
block 79/80 - 235/240   6329.0 ms
block 80/80 - 238/240   6309.4 ms
/apdcephfs_gy2/share_303214315/cedricnie/miniconda3/envs/longlive/lib/python3.10/site-packages/torchvision/io/_video_deprecation_warning.py:9: UserWarning: The video decoding and encoding capabilities of torchvision are deprecated from version 0.22 and will be removed in version 0.24. We recommend that you migrate to TorchCodec, where we'll consolidate the future decoding/encoding capabilities of PyTorch: https://github.com/pytorch/torchcodec
  warnings.warn(
[8/128] elapsed=12.9m  avg=96.5s/prompt  eta=193.0m
block 1/80 - 1/240   3704.6 ms
block 2/80 - 4/240   3942.6 ms
block 3/80 - 7/240   3751.5 ms
block 4/80 - 10/240   6178.6 ms
block 5/80 - 13/240   6328.0 ms
block 6/80 - 16/240   6427.2 ms
block 7/80 - 19/240   6365.2 ms
block 8/80 - 22/240   6331.8 ms
block 9/80 - 25/240   6345.4 ms
block 10/80 - 28/240   6346.1 ms
block 11/80 - 31/240   6321.9 ms
block 12/80 - 34/240   6347.2 ms
block 13/80 - 37/240   6348.5 ms
block 14/80 - 40/240   6436.4 ms
block 15/80 - 43/240   6318.4 ms
block 16/80 - 46/240   6330.7 ms
block 17/80 - 49/240   6346.2 ms
block 18/80 - 52/240   6336.8 ms
block 19/80 - 55/240   6331.6 ms
block 20/80 - 58/240   6320.5 ms
block 21/80 - 61/240   6318.9 ms
block 22/80 - 64/240   6305.5 ms
block 23/80 - 67/240   6320.8 ms
block 24/80 - 70/240   6320.0 ms
block 25/80 - 73/240   6341.4 ms
block 26/80 - 76/240   6321.2 ms
block 27/80 - 79/240   6323.4 ms
block 28/80 - 82/240   6332.7 ms
block 29/80 - 85/240   6330.2 ms
block 30/80 - 88/240   6336.0 ms
block 31/80 - 91/240   6330.4 ms
block 32/80 - 94/240   6337.3 ms
block 33/80 - 97/240   6335.7 ms
block 34/80 - 100/240   6334.8 ms
block 35/80 - 103/240   6341.7 ms
block 36/80 - 106/240   6317.2 ms
block 37/80 - 109/240   6332.5 ms
block 38/80 - 112/240   6305.1 ms
block 39/80 - 115/240   6333.2 ms
block 40/80 - 118/240   6332.5 ms
block 41/80 - 121/240   6320.8 ms
block 42/80 - 124/240   6330.9 ms
block 43/80 - 127/240   6314.2 ms
block 44/80 - 130/240   6333.6 ms
block 45/80 - 133/240   6331.2 ms
block 46/80 - 136/240   6335.9 ms
block 47/80 - 139/240   6323.1 ms
block 48/80 - 142/240   6331.5 ms
block 49/80 - 145/240   6333.7 ms
block 50/80 - 148/240   6338.0 ms
block 51/80 - 151/240   6335.5 ms
block 52/80 - 154/240   6319.3 ms
block 53/80 - 157/240   6310.0 ms
block 54/80 - 160/240   6345.9 ms
block 55/80 - 163/240   6318.4 ms
block 56/80 - 166/240   6320.1 ms
block 57/80 - 169/240   6330.5 ms
block 58/80 - 172/240   6323.5 ms
block 59/80 - 175/240   6324.9 ms
block 60/80 - 178/240   6327.8 ms
block 61/80 - 181/240   6314.6 ms
block 62/80 - 184/240   6319.6 ms
block 63/80 - 187/240   6321.4 ms
block 64/80 - 190/240   6328.8 ms
block 65/80 - 193/240   6325.9 ms
block 66/80 - 196/240   6333.6 ms
block 67/80 - 199/240   6169.4 ms
block 68/80 - 202/240   6172.1 ms
block 69/80 - 205/240   6254.1 ms
block 70/80 - 208/240   6174.7 ms
block 71/80 - 211/240   6267.1 ms
block 72/80 - 214/240   6335.1 ms
block 73/80 - 217/240   6358.2 ms
block 74/80 - 220/240   6320.5 ms
block 75/80 - 223/240   6341.0 ms
block 76/80 - 226/240   6339.2 ms
block 77/80 - 229/240   6316.3 ms
block 78/80 - 232/240   6342.2 ms
block 79/80 - 235/240   6334.6 ms
block 80/80 - 238/240   6339.0 ms
[16/128] elapsed=21.2m  avg=79.5s/prompt  eta=148.3m
block 1/80 - 1/240   7669.8 ms
block 2/80 - 4/240   3071.9 ms
block 3/80 - 7/240   3524.4 ms
block 4/80 - 10/240   4034.8 ms
block 5/80 - 13/240   6108.7 ms
block 6/80 - 16/240   6331.8 ms
block 7/80 - 19/240   6330.6 ms
block 8/80 - 22/240   6330.3 ms
block 9/80 - 25/240   6333.9 ms
block 10/80 - 28/240   6330.3 ms
block 11/80 - 31/240   6294.9 ms
block 12/80 - 34/240   6335.0 ms
block 13/80 - 37/240   6365.2 ms
block 14/80 - 40/240   6333.2 ms
block 15/80 - 43/240   6282.1 ms
block 16/80 - 46/240   6180.6 ms
block 17/80 - 49/240   6177.8 ms
block 18/80 - 52/240   6113.3 ms
block 19/80 - 55/240   6335.7 ms
block 20/80 - 58/240   6342.4 ms
block 21/80 - 61/240   6334.6 ms
block 22/80 - 64/240   6333.3 ms
block 23/80 - 67/240   6339.1 ms
block 24/80 - 70/240   6324.9 ms
block 25/80 - 73/240   6333.7 ms
block 26/80 - 76/240   6332.6 ms
block 27/80 - 79/240   6327.6 ms
block 28/80 - 82/240   6345.7 ms
block 29/80 - 85/240   6344.0 ms
block 30/80 - 88/240   6349.1 ms
block 31/80 - 91/240   6325.1 ms
block 32/80 - 94/240   6390.0 ms
block 33/80 - 97/240   6337.8 ms
block 34/80 - 100/240   6323.6 ms
block 35/80 - 103/240   6327.3 ms
block 36/80 - 106/240   6332.1 ms
block 37/80 - 109/240   6352.1 ms
block 38/80 - 112/240   6321.5 ms
block 39/80 - 115/240   6345.3 ms
block 40/80 - 118/240   6335.7 ms
block 41/80 - 121/240   6349.4 ms
block 42/80 - 124/240   6362.1 ms
block 43/80 - 127/240   6327.2 ms
block 44/80 - 130/240   6332.6 ms
block 45/80 - 133/240   6330.7 ms
block 46/80 - 136/240   6330.3 ms
block 47/80 - 139/240   6328.2 ms
block 48/80 - 142/240   6345.6 ms
block 49/80 - 145/240   6329.6 ms
block 50/80 - 148/240   6326.3 ms
block 51/80 - 151/240   6370.2 ms
block 52/80 - 154/240   6329.7 ms
block 53/80 - 157/240   6334.3 ms
block 54/80 - 160/240   6341.4 ms
block 55/80 - 163/240   6334.2 ms
block 56/80 - 166/240   6333.1 ms
block 57/80 - 169/240   6326.0 ms
block 58/80 - 172/240   6333.8 ms
block 59/80 - 175/240   6331.8 ms
block 60/80 - 178/240   6343.5 ms
block 61/80 - 181/240   6369.2 ms
block 62/80 - 184/240   6326.4 ms
block 63/80 - 187/240   6331.6 ms
block 64/80 - 190/240   6325.6 ms
block 65/80 - 193/240   6347.5 ms
block 66/80 - 196/240   6350.2 ms
block 67/80 - 199/240   6331.1 ms
block 68/80 - 202/240   6331.0 ms
block 69/80 - 205/240   6331.3 ms
block 70/80 - 208/240   6367.0 ms
block 71/80 - 211/240   6346.9 ms
block 72/80 - 214/240   6328.9 ms
block 73/80 - 217/240   6329.1 ms
block 74/80 - 220/240   6339.0 ms
block 75/80 - 223/240   6327.3 ms
block 76/80 - 226/240   6335.3 ms
block 77/80 - 229/240   6324.7 ms
block 78/80 - 232/240   6331.7 ms
block 79/80 - 235/240   6353.4 ms
block 80/80 - 238/240   6356.4 ms
[24/128] elapsed=29.5m  avg=73.8s/prompt  eta=127.9m
block 1/80 - 1/240   9758.7 ms
block 2/80 - 4/240   5464.5 ms
block 3/80 - 7/240   3022.2 ms
block 4/80 - 10/240   3101.0 ms
block 5/80 - 13/240   3276.9 ms
block 6/80 - 16/240   4909.0 ms
block 7/80 - 19/240   6166.3 ms
block 8/80 - 22/240   6340.9 ms
block 9/80 - 25/240   6348.9 ms
block 10/80 - 28/240   6333.0 ms
block 11/80 - 31/240   6355.5 ms
block 12/80 - 34/240   6392.2 ms
block 13/80 - 37/240   6306.9 ms
block 14/80 - 40/240   6353.0 ms
block 15/80 - 43/240   6333.1 ms
block 16/80 - 46/240   6327.7 ms
block 17/80 - 49/240   6324.9 ms
block 18/80 - 52/240   6346.4 ms
block 19/80 - 55/240   6345.9 ms
block 20/80 - 58/240   6324.6 ms
block 21/80 - 61/240   6323.4 ms
block 22/80 - 64/240   6341.5 ms
block 23/80 - 67/240   6325.7 ms
block 24/80 - 70/240   6341.6 ms
block 25/80 - 73/240   6354.8 ms
block 26/80 - 76/240   6326.0 ms
block 27/80 - 79/240   6333.6 ms
block 28/80 - 82/240   6336.0 ms
block 29/80 - 85/240   6340.6 ms
block 30/80 - 88/240   6388.1 ms
block 31/80 - 91/240   6339.3 ms
block 32/80 - 94/240   6327.7 ms
block 33/80 - 97/240   6333.8 ms
block 34/80 - 100/240   6329.9 ms
block 35/80 - 103/240   6335.0 ms
block 36/80 - 106/240   6334.8 ms
block 37/80 - 109/240   6308.7 ms
block 38/80 - 112/240   6326.8 ms
block 39/80 - 115/240   6331.4 ms
block 40/80 - 118/240   6329.7 ms
block 41/80 - 121/240   6329.8 ms
block 42/80 - 124/240   6339.1 ms
block 43/80 - 127/240   6363.9 ms
block 44/80 - 130/240   6341.9 ms
block 45/80 - 133/240   6333.3 ms
block 46/80 - 136/240   6332.1 ms
block 47/80 - 139/240   6331.9 ms
block 48/80 - 142/240   6331.4 ms
block 49/80 - 145/240   6345.8 ms
block 50/80 - 148/240   6316.7 ms
block 51/80 - 151/240   6344.1 ms
block 52/80 - 154/240   6286.9 ms
block 53/80 - 157/240   6260.3 ms
block 54/80 - 160/240   6219.4 ms
block 55/80 - 163/240   6234.0 ms
block 56/80 - 166/240   6271.4 ms
block 57/80 - 169/240   6193.8 ms
block 58/80 - 172/240   6320.0 ms
block 59/80 - 175/240   6342.6 ms
block 60/80 - 178/240   6331.4 ms
block 61/80 - 181/240   6329.4 ms
block 62/80 - 184/240   6377.7 ms
block 63/80 - 187/240   6321.7 ms
block 64/80 - 190/240   6336.4 ms
block 65/80 - 193/240   6290.8 ms
block 66/80 - 196/240   6341.0 ms
block 67/80 - 199/240   6476.7 ms
block 68/80 - 202/240   6327.6 ms
block 69/80 - 205/240   6320.4 ms
block 70/80 - 208/240   6324.5 ms
block 71/80 - 211/240   6335.5 ms
block 72/80 - 214/240   6347.3 ms
block 73/80 - 217/240   6342.3 ms
block 74/80 - 220/240   6346.8 ms
block 75/80 - 223/240   6340.1 ms
block 76/80 - 226/240   6341.0 ms
block 77/80 - 229/240   6324.2 ms
block 78/80 - 232/240   6329.2 ms
block 79/80 - 235/240   6318.1 ms
block 80/80 - 238/240   6320.8 ms
Traceback (most recent call last):
  File "/apdcephfs_gy2/share_303214315/cedricnie/develop/training-free/third_party/Pyramid-Forcing/inference.py", line 1675, in <module>
    video, latents = pipeline.inference(
  File "/apdcephfs_gy2/share_303214315/cedricnie/develop/training-free/third_party/Pyramid-Forcing/pipeline/causal_inference.py", line 982, in inference
    video = (video * 0.5 + 0.5).clamp(0, 1)
torch.OutOfMemoryError: CUDA out of memory. Tried to allocate 4.27 GiB. GPU 0 has a total capacity of 95.00 GiB of which 3.93 GiB is free. Process 1104480 has 58.82 GiB memory in use. Process 1104621 has 32.23 GiB memory in use. Of the allocated memory 31.07 GiB is allocated by PyTorch, and 668.54 MiB is reserved by PyTorch but unallocated. If reserved but unallocated memory is large try setting PYTORCH_ALLOC_CONF=expandable_segments:True to avoid fragmentation.  See documentation for Memory Management  (https://pytorch.org/docs/stable/notes/cuda.html#environment-variables)
