Running on a single GPU (cuda); skipping NCCL initialization.
Free VRAM 94.3734130859375 GB
Loading CUDA extension (first run compiles ~60s; cached run ~3s)...
CUDA extension ready in 144.2s.
[CacheCompatibilityPolicy] recent=20:355 coverage=21:5 episode=22:0 budget=9FFE owner=HeadComposition
KV inference with 3 frames per block
Number of prompts: 128
Prompt index range: [0, 128)
Loading PyramidKV config from /apdcephfs_gy2/share_303214315/cedricnie/develop/training-free/runs/v180_rccp_fresh128/inputs/maps/rccp_matched.csv
block 1/40 - 1/120  263416.4 ms
block 2/40 - 4/120   5292.0 ms
block 3/40 - 7/120   6377.5 ms
block 4/40 - 10/120   6245.8 ms
block 5/40 - 13/120   6265.1 ms
block 6/40 - 16/120   6234.4 ms
block 7/40 - 19/120   6190.2 ms
block 8/40 - 22/120   6111.6 ms
block 9/40 - 25/120   6232.5 ms
block 10/40 - 28/120   6198.1 ms
block 11/40 - 31/120   6305.5 ms
block 12/40 - 34/120   6247.7 ms
block 13/40 - 37/120   6285.7 ms
block 14/40 - 40/120   6244.6 ms
block 15/40 - 43/120   6206.1 ms
block 16/40 - 46/120   6256.7 ms
block 17/40 - 49/120   6240.7 ms
block 18/40 - 52/120   6179.9 ms
block 19/40 - 55/120   6228.8 ms
block 20/40 - 58/120   6154.8 ms
block 21/40 - 61/120   6215.3 ms
block 22/40 - 64/120   6255.1 ms
block 23/40 - 67/120   6253.5 ms
block 24/40 - 70/120   6179.6 ms
block 25/40 - 73/120   6165.9 ms
block 26/40 - 76/120   6225.9 ms
block 27/40 - 79/120   6161.4 ms
block 28/40 - 82/120   6276.8 ms
block 29/40 - 85/120   6195.8 ms
block 30/40 - 88/120   6292.6 ms
block 31/40 - 91/120   6280.8 ms
block 32/40 - 94/120   6242.2 ms
block 33/40 - 97/120   5922.3 ms
block 34/40 - 100/120   6232.9 ms
block 35/40 - 103/120   6063.3 ms
block 36/40 - 106/120   6207.4 ms
block 37/40 - 109/120   6177.7 ms
block 38/40 - 112/120   6238.7 ms
block 39/40 - 115/120   6190.0 ms
block 40/40 - 118/120   6233.0 ms
/apdcephfs_gy2/share_303214315/cedricnie/miniconda3/envs/longlive/lib/python3.10/site-packages/torchvision/io/_video_deprecation_warning.py:9: UserWarning: The video decoding and encoding capabilities of torchvision are deprecated from version 0.22 and will be removed in version 0.24. We recommend that you migrate to TorchCodec, where we'll consolidate the future decoding/encoding capabilities of PyTorch: https://github.com/pytorch/torchcodec
  warnings.warn(
[12/128] elapsed=8.4m  avg=42.2s/prompt  eta=81.6m
block 1/40 - 1/120   5418.3 ms
block 2/40 - 4/120   2855.3 ms
block 3/40 - 7/120   5256.2 ms
block 4/40 - 10/120   5986.1 ms
block 5/40 - 13/120   6146.0 ms
block 6/40 - 16/120   6222.7 ms
block 7/40 - 19/120   6212.2 ms
block 8/40 - 22/120   6255.1 ms
block 9/40 - 25/120   6236.0 ms
block 10/40 - 28/120   6241.0 ms
block 11/40 - 31/120   6273.7 ms
block 12/40 - 34/120   6188.1 ms
block 13/40 - 37/120   5583.0 ms
block 14/40 - 40/120   6254.2 ms
block 15/40 - 43/120   6171.5 ms
block 16/40 - 46/120   6282.0 ms
block 17/40 - 49/120   6280.7 ms
block 18/40 - 52/120   6287.8 ms
block 19/40 - 55/120   6189.2 ms
block 20/40 - 58/120   6179.9 ms
block 21/40 - 61/120   6235.6 ms
block 22/40 - 64/120   6142.8 ms
block 23/40 - 67/120   6144.7 ms
block 24/40 - 70/120   6190.5 ms
block 25/40 - 73/120   6131.3 ms
block 26/40 - 76/120   6227.6 ms
block 27/40 - 79/120   6128.8 ms
block 28/40 - 82/120   6299.8 ms
block 29/40 - 85/120   6304.3 ms
block 30/40 - 88/120   6208.4 ms
block 31/40 - 91/120   6255.7 ms
block 32/40 - 94/120   6274.5 ms
block 33/40 - 97/120   6188.5 ms
block 34/40 - 100/120   6198.5 ms
block 35/40 - 103/120   6252.3 ms
block 36/40 - 106/120   6259.2 ms
block 37/40 - 109/120   6173.2 ms
block 38/40 - 112/120   5957.0 ms
block 39/40 - 115/120   5924.7 ms
block 40/40 - 118/120   6207.2 ms
[28/128] elapsed=12.5m  avg=26.8s/prompt  eta=44.6m
block 1/40 - 1/120   6919.1 ms
block 2/40 - 4/120   5856.6 ms
block 3/40 - 7/120   4198.7 ms
block 4/40 - 10/120   3541.7 ms
block 5/40 - 13/120   5673.4 ms
block 6/40 - 16/120   6166.8 ms
block 7/40 - 19/120   6133.1 ms
block 8/40 - 22/120   6245.3 ms
block 9/40 - 25/120   6139.2 ms
block 10/40 - 28/120   6249.2 ms
block 11/40 - 31/120   6262.7 ms
block 12/40 - 34/120   6147.2 ms
block 13/40 - 37/120   6207.8 ms
block 14/40 - 40/120   6186.1 ms
block 15/40 - 43/120   6184.9 ms
block 16/40 - 46/120   6136.7 ms
block 17/40 - 49/120   5974.1 ms
block 18/40 - 52/120   6123.5 ms
block 19/40 - 55/120   5958.2 ms
block 20/40 - 58/120   6116.9 ms
block 21/40 - 61/120   6242.6 ms
block 22/40 - 64/120   6092.2 ms
block 23/40 - 67/120   6127.8 ms
block 24/40 - 70/120   6225.4 ms
block 25/40 - 73/120   6253.4 ms
block 26/40 - 76/120   6143.8 ms
block 27/40 - 79/120   6200.3 ms
block 28/40 - 82/120   6259.0 ms
block 29/40 - 85/120   6207.8 ms
block 30/40 - 88/120   6386.1 ms
block 31/40 - 91/120   6244.1 ms
block 32/40 - 94/120   6179.3 ms
block 33/40 - 97/120   6282.1 ms
block 34/40 - 100/120   6265.4 ms
block 35/40 - 103/120   6153.3 ms
block 36/40 - 106/120   6245.2 ms
block 37/40 - 109/120   6117.6 ms
block 38/40 - 112/120   6190.0 ms
block 39/40 - 115/120   6234.5 ms
block 40/40 - 118/120   6239.4 ms
[44/128] elapsed=16.6m  avg=22.6s/prompt  eta=31.6m
block 1/40 - 1/120   7284.8 ms
block 2/40 - 4/120   5890.6 ms
block 3/40 - 7/120   6241.3 ms
block 4/40 - 10/120   5870.1 ms
block 5/40 - 13/120   3363.9 ms
block 6/40 - 16/120   5179.4 ms
block 7/40 - 19/120   5977.6 ms
block 8/40 - 22/120   6210.4 ms
block 9/40 - 25/120   6166.7 ms
block 10/40 - 28/120   6164.6 ms
block 11/40 - 31/120   5569.3 ms
block 12/40 - 34/120   6201.7 ms
block 13/40 - 37/120   6125.4 ms
block 14/40 - 40/120   6206.0 ms
block 15/40 - 43/120   6151.4 ms
block 16/40 - 46/120   6322.3 ms
block 17/40 - 49/120   6092.9 ms
block 18/40 - 52/120   6144.8 ms
block 19/40 - 55/120   6081.1 ms
block 20/40 - 58/120   6053.5 ms
block 21/40 - 61/120   6256.7 ms
block 22/40 - 64/120   6216.1 ms
block 23/40 - 67/120   6189.1 ms
block 24/40 - 70/120   6273.6 ms
block 25/40 - 73/120   6317.7 ms
block 26/40 - 76/120   6167.9 ms
block 27/40 - 79/120   6172.2 ms
block 28/40 - 82/120   6190.1 ms
block 29/40 - 85/120   6106.8 ms
block 30/40 - 88/120   6088.7 ms
block 31/40 - 91/120   6278.5 ms
block 32/40 - 94/120   5589.1 ms
block 33/40 - 97/120   6119.6 ms
block 34/40 - 100/120   6220.5 ms
block 35/40 - 103/120   6231.1 ms
block 36/40 - 106/120   6287.4 ms
block 37/40 - 109/120   6285.9 ms
block 38/40 - 112/120   6257.5 ms
block 39/40 - 115/120   6234.6 ms
block 40/40 - 118/120   6370.7 ms
[60/128] elapsed=20.6m  avg=20.6s/prompt  eta=23.4m
block 1/40 - 1/120   7156.7 ms
block 2/40 - 4/120   5880.5 ms
block 3/40 - 7/120   6217.5 ms
block 4/40 - 10/120   6213.3 ms
block 5/40 - 13/120   6175.3 ms
block 6/40 - 16/120   4959.5 ms
block 7/40 - 19/120   3421.2 ms
block 8/40 - 22/120   5691.1 ms
block 9/40 - 25/120   6200.2 ms
block 10/40 - 28/120   6140.5 ms
block 11/40 - 31/120   6216.5 ms
block 12/40 - 34/120   6109.8 ms
block 13/40 - 37/120   6183.6 ms
block 14/40 - 40/120   6255.6 ms
block 15/40 - 43/120   6177.0 ms
block 16/40 - 46/120   6355.6 ms
block 17/40 - 49/120   6245.1 ms
block 18/40 - 52/120   6213.6 ms
block 19/40 - 55/120   6041.3 ms
block 20/40 - 58/120   6188.4 ms
block 21/40 - 61/120   6283.1 ms
block 22/40 - 64/120   6105.7 ms
block 23/40 - 67/120   5968.3 ms
block 24/40 - 70/120   6318.7 ms
block 25/40 - 73/120   6107.6 ms
block 26/40 - 76/120   6138.8 ms
block 27/40 - 79/120   6209.1 ms
block 28/40 - 82/120   6226.3 ms
block 29/40 - 85/120   6264.1 ms
block 30/40 - 88/120   6299.6 ms
block 31/40 - 91/120   6159.3 ms
block 32/40 - 94/120   6192.4 ms
block 33/40 - 97/120   6259.2 ms
block 34/40 - 100/120   6226.3 ms
block 35/40 - 103/120   6172.0 ms
block 36/40 - 106/120   6206.2 ms
block 37/40 - 109/120   6238.9 ms
block 38/40 - 112/120   6208.6 ms
block 39/40 - 115/120   6230.2 ms
block 40/40 - 118/120   6327.9 ms
[76/128] elapsed=24.7m  avg=19.5s/prompt  eta=16.9m
block 1/40 - 1/120   7814.3 ms
block 2/40 - 4/120   5606.3 ms
block 3/40 - 7/120   5853.5 ms
block 4/40 - 10/120   6170.3 ms
block 5/40 - 13/120   6093.8 ms
block 6/40 - 16/120   6186.5 ms
block 7/40 - 19/120   5988.6 ms
block 8/40 - 22/120   3441.4 ms
block 9/40 - 25/120   5356.0 ms
block 10/40 - 28/120   6089.1 ms
block 11/40 - 31/120   6257.5 ms
block 12/40 - 34/120   6190.1 ms
block 13/40 - 37/120   6145.6 ms
block 14/40 - 40/120   6199.6 ms
block 15/40 - 43/120   6208.1 ms
block 16/40 - 46/120   6258.7 ms
block 17/40 - 49/120   5843.4 ms
block 18/40 - 52/120   5842.3 ms
block 19/40 - 55/120   6308.9 ms
block 20/40 - 58/120   6239.4 ms
block 21/40 - 61/120   6292.6 ms
block 22/40 - 64/120   6186.7 ms
block 23/40 - 67/120   6203.5 ms
block 24/40 - 70/120   6276.3 ms
block 25/40 - 73/120   6205.1 ms
block 26/40 - 76/120   6128.6 ms
block 27/40 - 79/120   6224.2 ms
block 28/40 - 82/120   6177.0 ms
block 29/40 - 85/120   6156.9 ms
block 30/40 - 88/120   6250.0 ms
block 31/40 - 91/120   6075.1 ms
block 32/40 - 94/120   6152.8 ms
block 33/40 - 97/120   6224.3 ms
block 34/40 - 100/120   6231.0 ms
block 35/40 - 103/120   6285.7 ms
block 36/40 - 106/120   6205.0 ms
block 37/40 - 109/120   6262.2 ms
block 38/40 - 112/120   6376.8 ms
block 39/40 - 115/120   6195.7 ms
block 40/40 - 118/120   6226.3 ms
[92/128] elapsed=28.8m  avg=18.8s/prompt  eta=11.3m
block 1/40 - 1/120   7375.5 ms
block 2/40 - 4/120   5844.7 ms
block 3/40 - 7/120   6002.2 ms
block 4/40 - 10/120   6180.9 ms
block 5/40 - 13/120   6277.5 ms
block 6/40 - 16/120   6211.4 ms
block 7/40 - 19/120   5925.6 ms
block 8/40 - 22/120   6135.4 ms
block 9/40 - 25/120   3839.1 ms
block 10/40 - 28/120   4218.0 ms
block 11/40 - 31/120   5868.0 ms
block 12/40 - 34/120   6263.9 ms
block 13/40 - 37/120   6139.3 ms
block 14/40 - 40/120   6412.3 ms
block 15/40 - 43/120   6237.8 ms
block 16/40 - 46/120   6244.6 ms
block 17/40 - 49/120   6185.0 ms
block 18/40 - 52/120   6210.9 ms
block 19/40 - 55/120   6240.9 ms
block 20/40 - 58/120   6253.8 ms
block 21/40 - 61/120   6304.2 ms
block 22/40 - 64/120   6270.0 ms
block 23/40 - 67/120   6253.3 ms
block 24/40 - 70/120   6281.1 ms
block 25/40 - 73/120   6349.6 ms
block 26/40 - 76/120   6125.6 ms
block 27/40 - 79/120   6150.7 ms
block 28/40 - 82/120   6071.8 ms
block 29/40 - 85/120   6265.1 ms
block 30/40 - 88/120   6238.7 ms
block 31/40 - 91/120   6162.3 ms
block 32/40 - 94/120   6157.1 ms
block 33/40 - 97/120   6220.3 ms
block 34/40 - 100/120   6275.4 ms
block 35/40 - 103/120   6134.7 ms
block 36/40 - 106/120   6224.9 ms
block 37/40 - 109/120   6156.1 ms
block 38/40 - 112/120   6209.3 ms
block 39/40 - 115/120   6183.5 ms
block 40/40 - 118/120   6254.6 ms
[108/128] elapsed=32.9m  avg=18.3s/prompt  eta=6.1m
block 1/40 - 1/120   7395.2 ms
block 2/40 - 4/120   5882.9 ms
block 3/40 - 7/120   6456.4 ms
block 4/40 - 10/120   6139.8 ms
block 5/40 - 13/120   6212.5 ms
block 6/40 - 16/120   6277.8 ms
block 7/40 - 19/120   6333.9 ms
block 8/40 - 22/120   6274.0 ms
block 9/40 - 25/120   5776.0 ms
block 10/40 - 28/120   3695.2 ms
block 11/40 - 31/120   4319.9 ms
block 12/40 - 34/120   5812.1 ms
block 13/40 - 37/120   6206.2 ms
block 14/40 - 40/120   6226.0 ms
block 15/40 - 43/120   6252.4 ms
block 16/40 - 46/120   6217.9 ms
block 17/40 - 49/120   6108.1 ms
block 18/40 - 52/120   6246.4 ms
block 19/40 - 55/120   6170.5 ms
block 20/40 - 58/120   6231.1 ms
block 21/40 - 61/120   6241.2 ms
block 22/40 - 64/120   6169.1 ms
block 23/40 - 67/120   6170.0 ms
block 24/40 - 70/120   6147.6 ms
block 25/40 - 73/120   6119.4 ms
block 26/40 - 76/120   6264.9 ms
block 27/40 - 79/120   6187.5 ms
block 28/40 - 82/120   6280.0 ms
block 29/40 - 85/120   6236.8 ms
block 30/40 - 88/120   6282.6 ms
block 31/40 - 91/120   6232.6 ms
block 32/40 - 94/120   6206.5 ms
block 33/40 - 97/120   6207.3 ms
block 34/40 - 100/120   6227.6 ms
block 35/40 - 103/120   6211.1 ms
block 36/40 - 106/120   6182.1 ms
block 37/40 - 109/120   6263.6 ms
block 38/40 - 112/120   5861.8 ms
block 39/40 - 115/120   5885.2 ms
block 40/40 - 118/120   6262.4 ms
[124/128] elapsed=37.0m  avg=17.9s/prompt  eta=1.2m
