Running on a single GPU (cuda); skipping NCCL initialization.
Free VRAM 94.670654296875 GB
Loading CUDA extension (first run compiles ~60s; cached run ~3s)...
CUDA extension ready in 144.5s.
[CacheCompatibilityPolicy] recent=20:355 coverage=21:5 episode=22:0 budget=9FFE owner=HeadComposition
KV inference with 3 frames per block
Number of prompts: 128
Prompt index range: [0, 128)
Loading PyramidKV config from /apdcephfs_gy2/share_303214315/cedricnie/develop/training-free/runs/v180_rccp_fresh128/inputs/maps/rccp_matched.csv
block 1/40 - 1/120  262640.4 ms
block 2/40 - 4/120   5502.6 ms
block 3/40 - 7/120   6135.7 ms
block 4/40 - 10/120   6403.8 ms
block 5/40 - 13/120   6622.0 ms
block 6/40 - 16/120   6429.3 ms
block 7/40 - 19/120   6455.6 ms
block 8/40 - 22/120   6508.2 ms
block 9/40 - 25/120   6405.5 ms
block 10/40 - 28/120   6463.6 ms
block 11/40 - 31/120   6342.5 ms
block 12/40 - 34/120   6411.1 ms
block 13/40 - 37/120   6375.0 ms
block 14/40 - 40/120   6392.6 ms
block 15/40 - 43/120   6348.8 ms
block 16/40 - 46/120   6393.2 ms
block 17/40 - 49/120   6394.9 ms
block 18/40 - 52/120   6385.7 ms
block 19/40 - 55/120   6439.5 ms
block 20/40 - 58/120   6445.9 ms
block 21/40 - 61/120   6374.6 ms
block 22/40 - 64/120   6318.8 ms
block 23/40 - 67/120   6413.7 ms
block 24/40 - 70/120   6437.9 ms
block 25/40 - 73/120   6405.5 ms
block 26/40 - 76/120   6456.5 ms
block 27/40 - 79/120   6371.0 ms
block 28/40 - 82/120   6398.7 ms
block 29/40 - 85/120   6301.2 ms
block 30/40 - 88/120   6351.0 ms
block 31/40 - 91/120   6390.3 ms
block 32/40 - 94/120   6479.8 ms
block 33/40 - 97/120   6421.9 ms
block 34/40 - 100/120   6608.9 ms
block 35/40 - 103/120   6624.2 ms
block 36/40 - 106/120   6416.3 ms
block 37/40 - 109/120   6398.0 ms
block 38/40 - 112/120   6427.4 ms
block 39/40 - 115/120   5787.6 ms
block 40/40 - 118/120   3424.4 ms
[4/128] elapsed=8.5m  avg=127.4s/prompt  eta=263.3m
/apdcephfs_gy2/share_303214315/cedricnie/miniconda3/envs/longlive/lib/python3.10/site-packages/torchvision/io/_video_deprecation_warning.py:9: UserWarning: The video decoding and encoding capabilities of torchvision are deprecated from version 0.22 and will be removed in version 0.24. We recommend that you migrate to TorchCodec, where we'll consolidate the future decoding/encoding capabilities of PyTorch: https://github.com/pytorch/torchcodec
  warnings.warn(
block 1/40 - 1/120   6634.8 ms
block 2/40 - 4/120   6058.1 ms
block 3/40 - 7/120   6470.5 ms
block 4/40 - 10/120   6410.8 ms
block 5/40 - 13/120   6449.9 ms
block 6/40 - 16/120   6434.3 ms
block 7/40 - 19/120   6438.7 ms
block 8/40 - 22/120   6475.1 ms
block 9/40 - 25/120   6407.7 ms
block 10/40 - 28/120   6413.8 ms
block 11/40 - 31/120   7145.7 ms
block 12/40 - 34/120   6401.6 ms
block 13/40 - 37/120   6453.6 ms
block 14/40 - 40/120   6371.8 ms
block 15/40 - 43/120   6349.7 ms
block 16/40 - 46/120   6402.4 ms
block 17/40 - 49/120   6469.6 ms
block 18/40 - 52/120   6503.2 ms
block 19/40 - 55/120   6470.2 ms
block 20/40 - 58/120   6443.0 ms
block 21/40 - 61/120   6464.7 ms
block 22/40 - 64/120   6516.8 ms
block 23/40 - 67/120   6401.2 ms
block 24/40 - 70/120   6455.7 ms
block 25/40 - 73/120   6383.5 ms
block 26/40 - 76/120   6335.1 ms
block 27/40 - 79/120   6425.6 ms
block 28/40 - 82/120   6340.7 ms
block 29/40 - 85/120   6307.3 ms
block 30/40 - 88/120   6427.3 ms
block 31/40 - 91/120   6430.6 ms
block 32/40 - 94/120   6389.9 ms
block 33/40 - 97/120   6352.5 ms
block 34/40 - 100/120   6454.2 ms
block 35/40 - 103/120   6497.5 ms
block 36/40 - 106/120   6988.9 ms
block 37/40 - 109/120   6243.1 ms
block 38/40 - 112/120   3318.7 ms
block 39/40 - 115/120   4996.8 ms
block 40/40 - 118/120   6218.0 ms
[20/128] elapsed=12.7m  avg=38.2s/prompt  eta=68.7m
block 1/40 - 1/120   7474.9 ms
block 2/40 - 4/120   6021.5 ms
block 3/40 - 7/120   6355.8 ms
block 4/40 - 10/120   6409.9 ms
block 5/40 - 13/120   6373.6 ms
block 6/40 - 16/120   6467.0 ms
block 7/40 - 19/120   6309.6 ms
block 8/40 - 22/120   6411.5 ms
block 9/40 - 25/120   6436.8 ms
block 10/40 - 28/120   6459.1 ms
block 11/40 - 31/120   6413.6 ms
block 12/40 - 34/120   6465.8 ms
block 13/40 - 37/120   6571.6 ms
block 14/40 - 40/120   6413.6 ms
block 15/40 - 43/120   6664.8 ms
block 16/40 - 46/120   6668.4 ms
block 17/40 - 49/120   6437.7 ms
block 18/40 - 52/120   6484.9 ms
block 19/40 - 55/120   6447.4 ms
block 20/40 - 58/120   6422.4 ms
block 21/40 - 61/120   6400.6 ms
block 22/40 - 64/120   6396.0 ms
block 23/40 - 67/120   6393.4 ms
block 24/40 - 70/120   6345.7 ms
block 25/40 - 73/120   6333.4 ms
block 26/40 - 76/120   6285.1 ms
block 27/40 - 79/120   6363.7 ms
block 28/40 - 82/120   6307.5 ms
block 29/40 - 85/120   6335.1 ms
block 30/40 - 88/120   6418.1 ms
block 31/40 - 91/120   6389.1 ms
block 32/40 - 94/120   6390.8 ms
block 33/40 - 97/120   6476.9 ms
block 34/40 - 100/120   6380.4 ms
block 35/40 - 103/120   6373.6 ms
block 36/40 - 106/120   4790.5 ms
block 37/40 - 109/120   3713.2 ms
block 38/40 - 112/120   5897.8 ms
block 39/40 - 115/120   6306.7 ms
block 40/40 - 118/120   6432.2 ms
[36/128] elapsed=17.0m  avg=28.3s/prompt  eta=43.3m
block 1/40 - 1/120   7252.0 ms
block 2/40 - 4/120   6056.7 ms
block 3/40 - 7/120   6378.8 ms
block 4/40 - 10/120   6441.6 ms
block 5/40 - 13/120   6456.9 ms
block 6/40 - 16/120   7004.7 ms
block 7/40 - 19/120   6573.7 ms
block 8/40 - 22/120   6446.4 ms
block 9/40 - 25/120   6389.4 ms
block 10/40 - 28/120   6456.0 ms
block 11/40 - 31/120   6250.9 ms
block 12/40 - 34/120   6524.6 ms
block 13/40 - 37/120   6459.3 ms
block 14/40 - 40/120   6426.8 ms
block 15/40 - 43/120   6517.5 ms
block 16/40 - 46/120   6442.5 ms
block 17/40 - 49/120   6343.8 ms
block 18/40 - 52/120   6361.6 ms
block 19/40 - 55/120   6317.4 ms
block 20/40 - 58/120   6340.5 ms
block 21/40 - 61/120   6446.9 ms
block 22/40 - 64/120   6438.2 ms
block 23/40 - 67/120   6476.3 ms
block 24/40 - 70/120   6474.6 ms
block 25/40 - 73/120   6426.5 ms
block 26/40 - 76/120   6830.4 ms
block 27/40 - 79/120   6744.5 ms
block 28/40 - 82/120   6414.0 ms
block 29/40 - 85/120   6394.3 ms
block 30/40 - 88/120   6309.3 ms
block 31/40 - 91/120   6334.0 ms
block 32/40 - 94/120   6335.2 ms
block 33/40 - 97/120   6375.3 ms
block 34/40 - 100/120   5889.0 ms
block 35/40 - 103/120   3321.3 ms
block 36/40 - 106/120   5357.6 ms
block 37/40 - 109/120   6232.6 ms
block 38/40 - 112/120   6413.7 ms
block 39/40 - 115/120   6381.9 ms
block 40/40 - 118/120   6410.1 ms
[52/128] elapsed=21.2m  avg=24.5s/prompt  eta=31.0m
block 1/40 - 1/120   7429.3 ms
block 2/40 - 4/120   5839.4 ms
block 3/40 - 7/120   6381.2 ms
block 4/40 - 10/120   6491.1 ms
block 5/40 - 13/120   6399.3 ms
block 6/40 - 16/120   6453.6 ms
block 7/40 - 19/120   6419.2 ms
block 8/40 - 22/120   6446.6 ms
block 9/40 - 25/120   6285.0 ms
block 10/40 - 28/120   6296.8 ms
block 11/40 - 31/120   6398.9 ms
block 12/40 - 34/120   6543.7 ms
block 13/40 - 37/120   6444.5 ms
block 14/40 - 40/120   6344.8 ms
block 15/40 - 43/120   6387.4 ms
block 16/40 - 46/120   6638.0 ms
block 17/40 - 49/120   6291.3 ms
block 18/40 - 52/120   6653.9 ms
block 19/40 - 55/120   6599.5 ms
block 20/40 - 58/120   6401.5 ms
block 21/40 - 61/120   6437.0 ms
block 22/40 - 64/120   6354.8 ms
block 23/40 - 67/120   6413.0 ms
block 24/40 - 70/120   6485.6 ms
block 25/40 - 73/120   6400.2 ms
block 26/40 - 76/120   6337.8 ms
block 27/40 - 79/120   6419.1 ms
block 28/40 - 82/120   6408.6 ms
block 29/40 - 85/120   6348.8 ms
block 30/40 - 88/120   6395.5 ms
block 31/40 - 91/120   6476.1 ms
block 32/40 - 94/120   6339.4 ms
block 33/40 - 97/120   5067.4 ms
block 34/40 - 100/120   3454.2 ms
block 35/40 - 103/120   5679.4 ms
block 36/40 - 106/120   6493.1 ms
block 37/40 - 109/120   6426.9 ms
block 38/40 - 112/120   6494.7 ms
block 39/40 - 115/120   6397.6 ms
block 40/40 - 118/120   6473.0 ms
[68/128] elapsed=25.4m  avg=22.4s/prompt  eta=22.4m
block 1/40 - 1/120   6907.7 ms
block 2/40 - 4/120   6019.3 ms
block 3/40 - 7/120   6351.7 ms
block 4/40 - 10/120   6404.8 ms
block 5/40 - 13/120   6451.0 ms
block 6/40 - 16/120   6415.8 ms
block 7/40 - 19/120   6392.5 ms
block 8/40 - 22/120   6355.1 ms
block 9/40 - 25/120   6572.0 ms
block 10/40 - 28/120   6996.4 ms
block 11/40 - 31/120   6274.5 ms
block 12/40 - 34/120   6381.7 ms
block 13/40 - 37/120   6294.8 ms
block 14/40 - 40/120   6437.0 ms
block 15/40 - 43/120   6369.1 ms
block 16/40 - 46/120   6327.7 ms
block 17/40 - 49/120   6437.2 ms
block 18/40 - 52/120   6434.8 ms
block 19/40 - 55/120   6396.6 ms
block 20/40 - 58/120   6481.8 ms
block 21/40 - 61/120   6445.4 ms
block 22/40 - 64/120   6371.6 ms
block 23/40 - 67/120   6530.4 ms
block 24/40 - 70/120   6410.7 ms
block 25/40 - 73/120   6396.5 ms
block 26/40 - 76/120   6360.4 ms
block 27/40 - 79/120   6383.6 ms
block 28/40 - 82/120   6270.1 ms
block 29/40 - 85/120   6262.5 ms
block 30/40 - 88/120   6316.8 ms
block 31/40 - 91/120   6423.2 ms
block 32/40 - 94/120   4655.0 ms
block 33/40 - 97/120   3840.3 ms
block 34/40 - 100/120   5886.0 ms
block 35/40 - 103/120   6429.9 ms
block 36/40 - 106/120   6381.7 ms
block 37/40 - 109/120   6276.0 ms
block 38/40 - 112/120   6444.9 ms
block 39/40 - 115/120   6479.7 ms
block 40/40 - 118/120   6477.2 ms
[84/128] elapsed=29.6m  avg=21.2s/prompt  eta=15.5m
block 1/40 - 1/120   7281.1 ms
block 2/40 - 4/120   6157.0 ms
block 3/40 - 7/120   6305.3 ms
block 4/40 - 10/120   6462.4 ms
block 5/40 - 13/120   6122.7 ms
block 6/40 - 16/120   6374.0 ms
block 7/40 - 19/120   6340.1 ms
block 8/40 - 22/120   6422.3 ms
block 9/40 - 25/120   6408.5 ms
block 10/40 - 28/120   6357.1 ms
block 11/40 - 31/120   6377.6 ms
block 12/40 - 34/120   6330.8 ms
block 13/40 - 37/120   6287.7 ms
block 14/40 - 40/120   6349.4 ms
block 15/40 - 43/120   6319.2 ms
block 16/40 - 46/120   6215.7 ms
block 17/40 - 49/120   6465.7 ms
block 18/40 - 52/120   6467.5 ms
block 19/40 - 55/120   6502.1 ms
block 20/40 - 58/120   6346.4 ms
block 21/40 - 61/120   6439.7 ms
block 22/40 - 64/120   6444.6 ms
block 23/40 - 67/120   6423.0 ms
block 24/40 - 70/120   6312.0 ms
block 25/40 - 73/120   6434.8 ms
block 26/40 - 76/120   6370.9 ms
block 27/40 - 79/120   6422.1 ms
block 28/40 - 82/120   6410.1 ms
block 29/40 - 85/120   6419.3 ms
block 30/40 - 88/120   6388.1 ms
block 31/40 - 91/120   4242.3 ms
block 32/40 - 94/120   4013.5 ms
block 33/40 - 97/120   5916.1 ms
block 34/40 - 100/120   6236.3 ms
block 35/40 - 103/120   6355.7 ms
block 36/40 - 106/120   6390.2 ms
block 37/40 - 109/120   6323.5 ms
block 38/40 - 112/120   6222.5 ms
block 39/40 - 115/120   6359.3 ms
block 40/40 - 118/120   6659.6 ms
[100/128] elapsed=33.8m  avg=20.3s/prompt  eta=9.5m
block 1/40 - 1/120   7271.1 ms
block 2/40 - 4/120   6195.6 ms
block 3/40 - 7/120   6385.2 ms
block 4/40 - 10/120   6408.5 ms
block 5/40 - 13/120   6368.6 ms
block 6/40 - 16/120   6404.3 ms
block 7/40 - 19/120   6494.2 ms
block 8/40 - 22/120   6322.9 ms
block 9/40 - 25/120   6447.9 ms
block 10/40 - 28/120   6407.8 ms
block 11/40 - 31/120   6378.9 ms
block 12/40 - 34/120   6452.0 ms
block 13/40 - 37/120   6431.3 ms
block 14/40 - 40/120   6408.5 ms
block 15/40 - 43/120   6426.8 ms
block 16/40 - 46/120   6401.8 ms
block 17/40 - 49/120   6345.2 ms
block 18/40 - 52/120   6371.4 ms
block 19/40 - 55/120   6380.7 ms
block 20/40 - 58/120   6385.8 ms
block 21/40 - 61/120   6367.7 ms
block 22/40 - 64/120   6417.0 ms
block 23/40 - 67/120   6387.7 ms
block 24/40 - 70/120   6412.7 ms
block 25/40 - 73/120   6398.9 ms
block 26/40 - 76/120   6334.2 ms
block 27/40 - 79/120   6552.8 ms
block 28/40 - 82/120   7007.2 ms
block 29/40 - 85/120   6182.7 ms
block 30/40 - 88/120   2461.5 ms
block 31/40 - 91/120   2459.3 ms
block 32/40 - 94/120   2494.0 ms
block 33/40 - 97/120   2463.0 ms
block 34/40 - 100/120   2460.2 ms
block 35/40 - 103/120   2460.8 ms
block 36/40 - 106/120   2885.0 ms
block 37/40 - 109/120   2164.6 ms
block 38/40 - 112/120   2459.7 ms
block 39/40 - 115/120   2481.6 ms
block 40/40 - 118/120   2458.5 ms
[116/128] elapsed=37.4m  avg=19.3s/prompt  eta=3.9m
