Running on a single GPU (cuda); skipping NCCL initialization.
Free VRAM 94.6710205078125 GB
Loading CUDA extension (first run compiles ~60s; cached run ~3s)...
CUDA extension ready in 145.1s.
[CacheCompatibilityPolicy] recent=20:355 coverage=21:5 episode=22:0 budget=9FFE owner=HeadComposition
KV inference with 3 frames per block
Number of prompts: 128
Prompt index range: [0, 128)
Loading PyramidKV config from /apdcephfs_gy2/share_303214315/cedricnie/develop/training-free/runs/v180_rccp_fresh128/inputs/maps/rccp_matched.csv
block 1/40 - 1/120  262583.3 ms
block 2/40 - 4/120   5373.7 ms
block 3/40 - 7/120   6151.4 ms
block 4/40 - 10/120   6192.0 ms
block 5/40 - 13/120   6302.3 ms
block 6/40 - 16/120   6350.7 ms
block 7/40 - 19/120   6295.1 ms
block 8/40 - 22/120   6325.4 ms
block 9/40 - 25/120   6357.5 ms
block 10/40 - 28/120   6304.5 ms
block 11/40 - 31/120   6308.1 ms
block 12/40 - 34/120   6343.4 ms
block 13/40 - 37/120   6345.4 ms
block 14/40 - 40/120   6347.5 ms
block 15/40 - 43/120   6348.1 ms
block 16/40 - 46/120   6354.7 ms
block 17/40 - 49/120   6289.8 ms
block 18/40 - 52/120   6333.1 ms
block 19/40 - 55/120   6341.8 ms
block 20/40 - 58/120   6404.5 ms
block 21/40 - 61/120   6324.4 ms
block 22/40 - 64/120   6407.1 ms
block 23/40 - 67/120   6285.9 ms
block 24/40 - 70/120   6345.9 ms
block 25/40 - 73/120   6264.9 ms
block 26/40 - 76/120   6203.6 ms
block 27/40 - 79/120   6364.8 ms
block 28/40 - 82/120   6353.5 ms
block 29/40 - 85/120   6330.6 ms
block 30/40 - 88/120   6346.3 ms
block 31/40 - 91/120   6251.6 ms
block 32/40 - 94/120   6366.2 ms
block 33/40 - 97/120   6343.7 ms
block 34/40 - 100/120   6165.5 ms
block 35/40 - 103/120   6313.1 ms
block 36/40 - 106/120   6281.1 ms
block 37/40 - 109/120   6279.1 ms
block 38/40 - 112/120   6315.3 ms
block 39/40 - 115/120   6384.1 ms
block 40/40 - 118/120   6318.5 ms
/apdcephfs_gy2/share_303214315/cedricnie/miniconda3/envs/longlive/lib/python3.10/site-packages/torchvision/io/_video_deprecation_warning.py:9: UserWarning: The video decoding and encoding capabilities of torchvision are deprecated from version 0.22 and will be removed in version 0.24. We recommend that you migrate to TorchCodec, where we'll consolidate the future decoding/encoding capabilities of PyTorch: https://github.com/pytorch/torchcodec
  warnings.warn(
[9/128] elapsed=8.5m  avg=56.6s/prompt  eta=112.2m
block 1/40 - 1/120   3781.5 ms
block 2/40 - 4/120   4664.5 ms
block 3/40 - 7/120   6189.5 ms
block 4/40 - 10/120   6274.1 ms
block 5/40 - 13/120   6263.4 ms
block 6/40 - 16/120   6332.8 ms
block 7/40 - 19/120   6326.3 ms
block 8/40 - 22/120   6292.2 ms
block 9/40 - 25/120   6377.8 ms
block 10/40 - 28/120   6248.5 ms
block 11/40 - 31/120   6311.3 ms
block 12/40 - 34/120   6297.7 ms
block 13/40 - 37/120   6367.2 ms
block 14/40 - 40/120   6319.8 ms
block 15/40 - 43/120   6317.2 ms
block 16/40 - 46/120   6348.2 ms
block 17/40 - 49/120   6268.8 ms
block 18/40 - 52/120   6311.7 ms
block 19/40 - 55/120   6317.3 ms
block 20/40 - 58/120   6250.5 ms
block 21/40 - 61/120   6285.6 ms
block 22/40 - 64/120   6328.7 ms
block 23/40 - 67/120   6341.5 ms
block 24/40 - 70/120   6164.5 ms
block 25/40 - 73/120   6296.0 ms
block 26/40 - 76/120   6338.6 ms
block 27/40 - 79/120   6309.8 ms
block 28/40 - 82/120   6313.7 ms
block 29/40 - 85/120   6361.5 ms
block 30/40 - 88/120   6297.5 ms
block 31/40 - 91/120   6349.7 ms
block 32/40 - 94/120   6316.6 ms
block 33/40 - 97/120   6300.6 ms
block 34/40 - 100/120   6305.0 ms
block 35/40 - 103/120   6367.7 ms
block 36/40 - 106/120   6294.2 ms
block 37/40 - 109/120   5950.2 ms
block 38/40 - 112/120   6265.6 ms
block 39/40 - 115/120   6253.2 ms
block 40/40 - 118/120   6172.4 ms
[25/128] elapsed=12.6m  avg=30.3s/prompt  eta=52.1m
block 1/40 - 1/120   4763.8 ms
block 2/40 - 4/120   2870.8 ms
block 3/40 - 7/120   5731.0 ms
block 4/40 - 10/120   6201.7 ms
block 5/40 - 13/120   6218.4 ms
block 6/40 - 16/120   6373.2 ms
block 7/40 - 19/120   6394.5 ms
block 8/40 - 22/120   6357.1 ms
block 9/40 - 25/120   6339.4 ms
block 10/40 - 28/120   6288.8 ms
block 11/40 - 31/120   6317.2 ms
block 12/40 - 34/120   6294.2 ms
block 13/40 - 37/120   6306.4 ms
block 14/40 - 40/120   6321.1 ms
block 15/40 - 43/120   6257.8 ms
block 16/40 - 46/120   6212.9 ms
block 17/40 - 49/120   6191.2 ms
block 18/40 - 52/120   6244.4 ms
block 19/40 - 55/120   6201.3 ms
block 20/40 - 58/120   6255.5 ms
block 21/40 - 61/120   6290.7 ms
block 22/40 - 64/120   6315.6 ms
block 23/40 - 67/120   6242.6 ms
block 24/40 - 70/120   6265.3 ms
block 25/40 - 73/120   6324.0 ms
block 26/40 - 76/120   6259.9 ms
block 27/40 - 79/120   6303.4 ms
block 28/40 - 82/120   6291.1 ms
block 29/40 - 85/120   6411.4 ms
block 30/40 - 88/120   6271.8 ms
block 31/40 - 91/120   6350.5 ms
block 32/40 - 94/120   6287.2 ms
block 33/40 - 97/120   6344.6 ms
block 34/40 - 100/120   6302.9 ms
block 35/40 - 103/120   6280.3 ms
block 36/40 - 106/120   6261.1 ms
block 37/40 - 109/120   6348.2 ms
block 38/40 - 112/120   6340.3 ms
block 39/40 - 115/120   6334.6 ms
block 40/40 - 118/120   6283.5 ms
[41/128] elapsed=16.8m  avg=24.5s/prompt  eta=35.6m
block 1/40 - 1/120   7134.4 ms
block 2/40 - 4/120   3012.8 ms
block 3/40 - 7/120   4971.1 ms
block 4/40 - 10/120   6064.5 ms
block 5/40 - 13/120   6307.0 ms
block 6/40 - 16/120   6265.5 ms
block 7/40 - 19/120   6062.6 ms
block 8/40 - 22/120   6301.9 ms
block 9/40 - 25/120   6177.0 ms
block 10/40 - 28/120   6817.3 ms
block 11/40 - 31/120   6339.6 ms
block 12/40 - 34/120   6351.0 ms
block 13/40 - 37/120   6335.7 ms
block 14/40 - 40/120   6311.8 ms
block 15/40 - 43/120   5961.2 ms
block 16/40 - 46/120   6533.5 ms
block 17/40 - 49/120   6155.5 ms
block 18/40 - 52/120   6286.0 ms
block 19/40 - 55/120   6503.5 ms
block 20/40 - 58/120   6239.7 ms
block 21/40 - 61/120   6054.8 ms
block 22/40 - 64/120   6238.8 ms
block 23/40 - 67/120   6196.2 ms
block 24/40 - 70/120   6337.0 ms
block 25/40 - 73/120   6303.0 ms
block 26/40 - 76/120   6296.5 ms
block 27/40 - 79/120   6300.6 ms
block 28/40 - 82/120   6356.5 ms
block 29/40 - 85/120   6279.5 ms
block 30/40 - 88/120   6347.0 ms
block 31/40 - 91/120   6329.7 ms
block 32/40 - 94/120   6339.3 ms
block 33/40 - 97/120   6294.2 ms
block 34/40 - 100/120   6288.6 ms
block 35/40 - 103/120   6400.2 ms
block 36/40 - 106/120   6320.6 ms
block 37/40 - 109/120   6352.6 ms
block 38/40 - 112/120   6356.2 ms
block 39/40 - 115/120   6261.9 ms
block 40/40 - 118/120   6324.2 ms
[57/128] elapsed=20.9m  avg=22.0s/prompt  eta=26.0m
block 1/40 - 1/120   7054.6 ms
block 2/40 - 4/120   4349.4 ms
block 3/40 - 7/120   3316.2 ms
block 4/40 - 10/120   5585.4 ms
block 5/40 - 13/120   6170.6 ms
block 6/40 - 16/120   6318.6 ms
block 7/40 - 19/120   6290.4 ms
block 8/40 - 22/120   6399.4 ms
block 9/40 - 25/120   6293.8 ms
block 10/40 - 28/120   6413.4 ms
block 11/40 - 31/120   6317.0 ms
block 12/40 - 34/120   6415.7 ms
block 13/40 - 37/120   6432.2 ms
block 14/40 - 40/120   6332.6 ms
block 15/40 - 43/120   6313.4 ms
block 16/40 - 46/120   6337.1 ms
block 17/40 - 49/120   6337.5 ms
block 18/40 - 52/120   6306.7 ms
block 19/40 - 55/120   6343.6 ms
block 20/40 - 58/120   6359.9 ms
block 21/40 - 61/120   6359.5 ms
block 22/40 - 64/120   6299.2 ms
block 23/40 - 67/120   6325.4 ms
block 24/40 - 70/120   6349.3 ms
block 25/40 - 73/120   6343.2 ms
block 26/40 - 76/120   6341.9 ms
block 27/40 - 79/120   6222.0 ms
block 28/40 - 82/120   6392.1 ms
block 29/40 - 85/120   6332.7 ms
block 30/40 - 88/120   6453.3 ms
block 31/40 - 91/120   6293.2 ms
block 32/40 - 94/120   6233.4 ms
block 33/40 - 97/120   6348.4 ms
block 34/40 - 100/120   6322.3 ms
block 35/40 - 103/120   6314.0 ms
block 36/40 - 106/120   6406.5 ms
block 37/40 - 109/120   6361.1 ms
block 38/40 - 112/120   6337.6 ms
block 39/40 - 115/120   6335.0 ms
block 40/40 - 118/120   6345.3 ms
[73/128] elapsed=25.1m  avg=20.6s/prompt  eta=18.9m
block 1/40 - 1/120   7780.8 ms
block 2/40 - 4/120   4184.3 ms
block 3/40 - 7/120   3342.3 ms
block 4/40 - 10/120   5715.9 ms
block 5/40 - 13/120   6164.7 ms
block 6/40 - 16/120   6310.0 ms
block 7/40 - 19/120   6329.5 ms
block 8/40 - 22/120   6200.6 ms
block 9/40 - 25/120   6376.1 ms
block 10/40 - 28/120   6368.2 ms
block 11/40 - 31/120   6335.9 ms
block 12/40 - 34/120   6385.5 ms
block 13/40 - 37/120   6301.0 ms
block 14/40 - 40/120   6299.6 ms
block 15/40 - 43/120   6334.5 ms
block 16/40 - 46/120   6331.0 ms
block 17/40 - 49/120   6412.2 ms
block 18/40 - 52/120   6380.6 ms
block 19/40 - 55/120   6288.7 ms
block 20/40 - 58/120   6342.1 ms
block 21/40 - 61/120   6314.9 ms
block 22/40 - 64/120   6328.3 ms
block 23/40 - 67/120   6204.2 ms
block 24/40 - 70/120   6288.3 ms
block 25/40 - 73/120   6236.6 ms
block 26/40 - 76/120   6269.8 ms
block 27/40 - 79/120   6316.3 ms
block 28/40 - 82/120   6298.2 ms
block 29/40 - 85/120   6320.2 ms
block 30/40 - 88/120   6269.9 ms
block 31/40 - 91/120   6351.1 ms
block 32/40 - 94/120   6336.4 ms
block 33/40 - 97/120   6075.3 ms
block 34/40 - 100/120   6254.8 ms
block 35/40 - 103/120   6314.5 ms
block 36/40 - 106/120   6234.8 ms
block 37/40 - 109/120   6356.1 ms
block 38/40 - 112/120   6295.0 ms
block 39/40 - 115/120   6138.5 ms
block 40/40 - 118/120   6333.5 ms
[89/128] elapsed=29.2m  avg=19.7s/prompt  eta=12.8m
block 1/40 - 1/120   7411.4 ms
block 2/40 - 4/120   5593.9 ms
block 3/40 - 7/120   3619.3 ms
block 4/40 - 10/120   4766.9 ms
block 5/40 - 13/120   6078.3 ms
block 6/40 - 16/120   5817.0 ms
block 7/40 - 19/120   6124.0 ms
block 8/40 - 22/120   6382.6 ms
block 9/40 - 25/120   6310.8 ms
block 10/40 - 28/120   6339.5 ms
block 11/40 - 31/120   6332.8 ms
block 12/40 - 34/120   6303.8 ms
block 13/40 - 37/120   6189.6 ms
block 14/40 - 40/120   6313.6 ms
block 15/40 - 43/120   6253.4 ms
block 16/40 - 46/120   6335.5 ms
block 17/40 - 49/120   6265.0 ms
block 18/40 - 52/120   6362.9 ms
block 19/40 - 55/120   6313.2 ms
block 20/40 - 58/120   6328.6 ms
block 21/40 - 61/120   6302.6 ms
block 22/40 - 64/120   6368.0 ms
block 23/40 - 67/120   6279.2 ms
block 24/40 - 70/120   6275.4 ms
block 25/40 - 73/120   6356.0 ms
block 26/40 - 76/120   6272.6 ms
block 27/40 - 79/120   6297.9 ms
block 28/40 - 82/120   6289.3 ms
block 29/40 - 85/120   6337.7 ms
block 30/40 - 88/120   6273.1 ms
block 31/40 - 91/120   6196.8 ms
block 32/40 - 94/120   6315.3 ms
block 33/40 - 97/120   6392.7 ms
block 34/40 - 100/120   6326.2 ms
block 35/40 - 103/120   6294.7 ms
block 36/40 - 106/120   6252.6 ms
block 37/40 - 109/120   6324.2 ms
block 38/40 - 112/120   6314.7 ms
block 39/40 - 115/120   6281.9 ms
block 40/40 - 118/120   6293.1 ms
[105/128] elapsed=33.3m  avg=19.1s/prompt  eta=7.3m
block 1/40 - 1/120   7863.1 ms
block 2/40 - 4/120   5623.1 ms
block 3/40 - 7/120   5012.6 ms
block 4/40 - 10/120   3403.3 ms
block 5/40 - 13/120   5759.0 ms
block 6/40 - 16/120   6271.7 ms
block 7/40 - 19/120   6297.9 ms
block 8/40 - 22/120   6275.5 ms
block 9/40 - 25/120   6300.4 ms
block 10/40 - 28/120   6296.4 ms
block 11/40 - 31/120   6279.7 ms
block 12/40 - 34/120   6234.5 ms
block 13/40 - 37/120   6310.4 ms
block 14/40 - 40/120   6276.8 ms
block 15/40 - 43/120   6264.2 ms
block 16/40 - 46/120   6182.0 ms
block 17/40 - 49/120   6336.8 ms
block 18/40 - 52/120   6319.4 ms
block 19/40 - 55/120   6153.0 ms
block 20/40 - 58/120   6306.0 ms
block 21/40 - 61/120   6208.2 ms
block 22/40 - 64/120   6313.4 ms
block 23/40 - 67/120   6281.3 ms
block 24/40 - 70/120   6310.1 ms
block 25/40 - 73/120   6322.1 ms
block 26/40 - 76/120   6355.9 ms
block 27/40 - 79/120   6295.0 ms
block 28/40 - 82/120   6356.1 ms
block 29/40 - 85/120   6273.8 ms
block 30/40 - 88/120   6339.4 ms
block 31/40 - 91/120   6330.8 ms
block 32/40 - 94/120   6349.1 ms
block 33/40 - 97/120   6258.8 ms
block 34/40 - 100/120   6299.8 ms
block 35/40 - 103/120   6299.2 ms
block 36/40 - 106/120   6247.6 ms
block 37/40 - 109/120   6459.0 ms
block 38/40 - 112/120   6358.7 ms
block 39/40 - 115/120   6292.6 ms
block 40/40 - 118/120   6327.9 ms
[121/128] elapsed=37.5m  avg=18.6s/prompt  eta=2.2m
