Running on a single GPU (cuda); skipping NCCL initialization.
Free VRAM 94.3734130859375 GB
Loading CUDA extension (first run compiles ~60s; cached run ~3s)...
CUDA extension ready in 144.2s.
[CacheCompatibilityPolicy] recent=20:355 coverage=21:5 episode=22:0 budget=9FFE owner=HeadComposition
KV inference with 3 frames per block
Number of prompts: 128
Prompt index range: [0, 128)
Loading PyramidKV config from /apdcephfs_gy2/share_303214315/cedricnie/develop/training-free/runs/v180_rccp_fresh128/inputs/maps/rccp_matched.csv
block 1/40 - 1/120  262885.5 ms
block 2/40 - 4/120   5269.3 ms
block 3/40 - 7/120   6533.8 ms
block 4/40 - 10/120   6648.0 ms
block 5/40 - 13/120   6519.0 ms
block 6/40 - 16/120   6379.2 ms
block 7/40 - 19/120   6395.8 ms
block 8/40 - 22/120   6347.4 ms
block 9/40 - 25/120   6369.1 ms
block 10/40 - 28/120   6423.3 ms
block 11/40 - 31/120   6374.3 ms
block 12/40 - 34/120   6340.3 ms
block 13/40 - 37/120   6360.3 ms
block 14/40 - 40/120   6365.8 ms
block 15/40 - 43/120   6364.4 ms
block 16/40 - 46/120   6318.1 ms
block 17/40 - 49/120   6393.1 ms
block 18/40 - 52/120   6353.7 ms
block 19/40 - 55/120   6331.8 ms
block 20/40 - 58/120   6310.2 ms
block 21/40 - 61/120   6372.2 ms
block 22/40 - 64/120   6227.1 ms
block 23/40 - 67/120   6386.9 ms
block 24/40 - 70/120   6339.4 ms
block 25/40 - 73/120   6418.0 ms
block 26/40 - 76/120   6422.8 ms
block 27/40 - 79/120   6347.3 ms
block 28/40 - 82/120   6348.0 ms
block 29/40 - 85/120   6389.0 ms
block 30/40 - 88/120   6371.6 ms
block 31/40 - 91/120   6393.6 ms
block 32/40 - 94/120   6334.9 ms
block 33/40 - 97/120   6363.4 ms
block 34/40 - 100/120   6491.0 ms
block 35/40 - 103/120   6392.8 ms
block 36/40 - 106/120   6407.1 ms
block 37/40 - 109/120   6386.6 ms
block 38/40 - 112/120   6347.8 ms
block 39/40 - 115/120   6406.4 ms
block 40/40 - 118/120   5411.0 ms
[1/128] elapsed=8.5m  avg=511.2s/prompt  eta=1082.1m
/apdcephfs_gy2/share_303214315/cedricnie/miniconda3/envs/longlive/lib/python3.10/site-packages/torchvision/io/_video_deprecation_warning.py:9: UserWarning: The video decoding and encoding capabilities of torchvision are deprecated from version 0.22 and will be removed in version 0.24. We recommend that you migrate to TorchCodec, where we'll consolidate the future decoding/encoding capabilities of PyTorch: https://github.com/pytorch/torchcodec
  warnings.warn(
block 1/40 - 1/120   4093.7 ms
block 2/40 - 4/120   6078.9 ms
block 3/40 - 7/120   6380.6 ms
block 4/40 - 10/120   6383.4 ms
block 5/40 - 13/120   6439.0 ms
block 6/40 - 16/120   6395.4 ms
block 7/40 - 19/120   6424.2 ms
block 8/40 - 22/120   6396.4 ms
block 9/40 - 25/120   6362.3 ms
block 10/40 - 28/120   6418.6 ms
block 11/40 - 31/120   6385.2 ms
block 12/40 - 34/120   6279.4 ms
block 13/40 - 37/120   6374.7 ms
block 14/40 - 40/120   6347.9 ms
block 15/40 - 43/120   6279.1 ms
block 16/40 - 46/120   6389.8 ms
block 17/40 - 49/120   6370.7 ms
block 18/40 - 52/120   6402.7 ms
block 19/40 - 55/120   6388.9 ms
block 20/40 - 58/120   6369.2 ms
block 21/40 - 61/120   6321.6 ms
block 22/40 - 64/120   6381.1 ms
block 23/40 - 67/120   6458.0 ms
block 24/40 - 70/120   6383.4 ms
block 25/40 - 73/120   6385.6 ms
block 26/40 - 76/120   6375.9 ms
block 27/40 - 79/120   6450.4 ms
block 28/40 - 82/120   6302.8 ms
block 29/40 - 85/120   6376.1 ms
block 30/40 - 88/120   6315.1 ms
block 31/40 - 91/120   6345.8 ms
block 32/40 - 94/120   6341.4 ms
block 33/40 - 97/120   6377.4 ms
block 34/40 - 100/120   6304.9 ms
block 35/40 - 103/120   6401.0 ms
block 36/40 - 106/120   6543.5 ms
block 37/40 - 109/120   6472.5 ms
block 38/40 - 112/120   6446.1 ms
block 39/40 - 115/120   6598.3 ms
block 40/40 - 118/120   3412.2 ms
[17/128] elapsed=12.7m  avg=44.8s/prompt  eta=82.9m
block 1/40 - 1/120   6551.6 ms
block 2/40 - 4/120   5976.5 ms
block 3/40 - 7/120   6428.4 ms
block 4/40 - 10/120   6388.7 ms
block 5/40 - 13/120   6199.8 ms
block 6/40 - 16/120   6326.5 ms
block 7/40 - 19/120   6299.2 ms
block 8/40 - 22/120   6339.1 ms
block 9/40 - 25/120   6408.3 ms
block 10/40 - 28/120   6413.8 ms
block 11/40 - 31/120   6372.8 ms
block 12/40 - 34/120   6379.4 ms
block 13/40 - 37/120   6441.1 ms
block 14/40 - 40/120   6332.9 ms
block 15/40 - 43/120   6474.6 ms
block 16/40 - 46/120   6487.8 ms
block 17/40 - 49/120   6430.0 ms
block 18/40 - 52/120   6424.4 ms
block 19/40 - 55/120   6395.3 ms
block 20/40 - 58/120   6346.5 ms
block 21/40 - 61/120   6396.0 ms
block 22/40 - 64/120   6412.9 ms
block 23/40 - 67/120   6312.8 ms
block 24/40 - 70/120   6442.3 ms
block 25/40 - 73/120   6321.7 ms
block 26/40 - 76/120   6402.5 ms
block 27/40 - 79/120   6328.6 ms
block 28/40 - 82/120   6353.1 ms
block 29/40 - 85/120   6301.8 ms
block 30/40 - 88/120   6402.3 ms
block 31/40 - 91/120   6376.2 ms
block 32/40 - 94/120   6338.5 ms
block 33/40 - 97/120   6411.9 ms
block 34/40 - 100/120   6361.4 ms
block 35/40 - 103/120   6315.3 ms
block 36/40 - 106/120   6303.6 ms
block 37/40 - 109/120   6402.7 ms
block 38/40 - 112/120   6371.4 ms
block 39/40 - 115/120   4018.8 ms
block 40/40 - 118/120   3625.4 ms
[33/128] elapsed=16.9m  avg=30.7s/prompt  eta=48.6m
block 1/40 - 1/120   6752.2 ms
block 2/40 - 4/120   6020.6 ms
block 3/40 - 7/120   6339.7 ms
block 4/40 - 10/120   6420.3 ms
block 5/40 - 13/120   6407.4 ms
block 6/40 - 16/120   6398.7 ms
block 7/40 - 19/120   6541.5 ms
block 8/40 - 22/120   6022.5 ms
block 9/40 - 25/120   6357.0 ms
block 10/40 - 28/120   6318.8 ms
block 11/40 - 31/120   6336.4 ms
block 12/40 - 34/120   6376.4 ms
block 13/40 - 37/120   6521.1 ms
block 14/40 - 40/120   6193.4 ms
block 15/40 - 43/120   6498.9 ms
block 16/40 - 46/120   6474.3 ms
block 17/40 - 49/120   6125.7 ms
block 18/40 - 52/120   6432.8 ms
block 19/40 - 55/120   6634.6 ms
block 20/40 - 58/120   6668.2 ms
block 21/40 - 61/120   6462.1 ms
block 22/40 - 64/120   6333.7 ms
block 23/40 - 67/120   6372.9 ms
block 24/40 - 70/120   6391.0 ms
block 25/40 - 73/120   6373.8 ms
block 26/40 - 76/120   6402.5 ms
block 27/40 - 79/120   6332.2 ms
block 28/40 - 82/120   6349.1 ms
block 29/40 - 85/120   6348.6 ms
block 30/40 - 88/120   6369.4 ms
block 31/40 - 91/120   6344.4 ms
block 32/40 - 94/120   6368.9 ms
block 33/40 - 97/120   6253.4 ms
block 34/40 - 100/120   6386.1 ms
block 35/40 - 103/120   6316.9 ms
block 36/40 - 106/120   6359.6 ms
block 37/40 - 109/120   6429.1 ms
block 38/40 - 112/120   5891.4 ms
block 39/40 - 115/120   3318.6 ms
block 40/40 - 118/120   5564.5 ms
[49/128] elapsed=21.1m  avg=25.8s/prompt  eta=34.0m
block 1/40 - 1/120   7550.6 ms
block 2/40 - 4/120   6041.0 ms
block 3/40 - 7/120   6340.8 ms
block 4/40 - 10/120   6371.4 ms
block 5/40 - 13/120   6340.9 ms
block 6/40 - 16/120   6353.5 ms
block 7/40 - 19/120   6366.7 ms
block 8/40 - 22/120   6291.6 ms
block 9/40 - 25/120   6283.2 ms
block 10/40 - 28/120   6209.3 ms
block 11/40 - 31/120   6277.3 ms
block 12/40 - 34/120   6380.4 ms
block 13/40 - 37/120   6370.8 ms
block 14/40 - 40/120   6348.5 ms
block 15/40 - 43/120   6384.9 ms
block 16/40 - 46/120   6339.1 ms
block 17/40 - 49/120   6331.2 ms
block 18/40 - 52/120   6286.4 ms
block 19/40 - 55/120   6337.8 ms
block 20/40 - 58/120   6361.8 ms
block 21/40 - 61/120   6363.0 ms
block 22/40 - 64/120   6342.6 ms
block 23/40 - 67/120   6326.2 ms
block 24/40 - 70/120   6448.3 ms
block 25/40 - 73/120   6335.2 ms
block 26/40 - 76/120   6304.2 ms
block 27/40 - 79/120   6371.2 ms
block 28/40 - 82/120   6211.6 ms
block 29/40 - 85/120   6379.6 ms
block 30/40 - 88/120   6294.3 ms
block 31/40 - 91/120   6421.0 ms
block 32/40 - 94/120   6365.1 ms
block 33/40 - 97/120   6266.2 ms
block 34/40 - 100/120   6345.9 ms
block 35/40 - 103/120   6365.7 ms
block 36/40 - 106/120   6317.8 ms
block 37/40 - 109/120   6314.7 ms
block 38/40 - 112/120   5174.5 ms
block 39/40 - 115/120   3200.5 ms
block 40/40 - 118/120   5476.5 ms
[65/128] elapsed=25.3m  avg=23.3s/prompt  eta=24.5m
block 1/40 - 1/120   7335.1 ms
block 2/40 - 4/120   6019.6 ms
block 3/40 - 7/120   6363.3 ms
block 4/40 - 10/120   6356.3 ms
block 5/40 - 13/120   6337.3 ms
block 6/40 - 16/120   6374.9 ms
block 7/40 - 19/120   6337.7 ms
block 8/40 - 22/120   6297.6 ms
block 9/40 - 25/120   6330.2 ms
block 10/40 - 28/120   6286.8 ms
block 11/40 - 31/120   6352.6 ms
block 12/40 - 34/120   6352.4 ms
block 13/40 - 37/120   6392.4 ms
block 14/40 - 40/120   6295.9 ms
block 15/40 - 43/120   6176.8 ms
block 16/40 - 46/120   6390.5 ms
block 17/40 - 49/120   6337.3 ms
block 18/40 - 52/120   6385.2 ms
block 19/40 - 55/120   6389.0 ms
block 20/40 - 58/120   6373.6 ms
block 21/40 - 61/120   6426.1 ms
block 22/40 - 64/120   6419.8 ms
block 23/40 - 67/120   6416.2 ms
block 24/40 - 70/120   6389.3 ms
block 25/40 - 73/120   6395.3 ms
block 26/40 - 76/120   6374.0 ms
block 27/40 - 79/120   6369.2 ms
block 28/40 - 82/120   6368.6 ms
block 29/40 - 85/120   6302.2 ms
block 30/40 - 88/120   6527.0 ms
block 31/40 - 91/120   6436.0 ms
block 32/40 - 94/120   6379.7 ms
block 33/40 - 97/120   6433.7 ms
block 34/40 - 100/120   6344.6 ms
block 35/40 - 103/120   6363.3 ms
block 36/40 - 106/120   6390.6 ms
block 37/40 - 109/120   6332.8 ms
block 38/40 - 112/120   3986.7 ms
block 39/40 - 115/120   4140.2 ms
block 40/40 - 118/120   6043.6 ms
[81/128] elapsed=29.4m  avg=21.8s/prompt  eta=17.1m
block 1/40 - 1/120   6830.4 ms
block 2/40 - 4/120   6013.6 ms
block 3/40 - 7/120   6609.0 ms
block 4/40 - 10/120   6657.9 ms
block 5/40 - 13/120   6275.5 ms
block 6/40 - 16/120   6417.2 ms
block 7/40 - 19/120   6341.4 ms
block 8/40 - 22/120   6434.2 ms
block 9/40 - 25/120   6501.0 ms
block 10/40 - 28/120   6439.3 ms
block 11/40 - 31/120   6377.9 ms
block 12/40 - 34/120   6423.8 ms
block 13/40 - 37/120   6414.7 ms
block 14/40 - 40/120   6408.8 ms
block 15/40 - 43/120   6308.1 ms
block 16/40 - 46/120   6380.7 ms
block 17/40 - 49/120   6359.6 ms
block 18/40 - 52/120   6372.2 ms
block 19/40 - 55/120   6299.3 ms
block 20/40 - 58/120   6422.0 ms
block 21/40 - 61/120   6363.9 ms
block 22/40 - 64/120   6342.4 ms
block 23/40 - 67/120   6415.1 ms
block 24/40 - 70/120   6336.8 ms
block 25/40 - 73/120   6388.5 ms
block 26/40 - 76/120   6352.3 ms
block 27/40 - 79/120   6417.9 ms
block 28/40 - 82/120   6439.6 ms
block 29/40 - 85/120   6380.3 ms
block 30/40 - 88/120   6259.6 ms
block 31/40 - 91/120   6357.3 ms
block 32/40 - 94/120   6450.4 ms
block 33/40 - 97/120   6363.4 ms
block 34/40 - 100/120   6362.3 ms
block 35/40 - 103/120   6381.7 ms
block 36/40 - 106/120   6381.9 ms
block 37/40 - 109/120   5266.8 ms
block 38/40 - 112/120   3329.1 ms
block 39/40 - 115/120   5627.1 ms
block 40/40 - 118/120   6223.9 ms
[97/128] elapsed=33.6m  avg=20.8s/prompt  eta=10.7m
block 1/40 - 1/120   7465.4 ms
block 2/40 - 4/120   5985.1 ms
block 3/40 - 7/120   6333.0 ms
block 4/40 - 10/120   6355.2 ms
block 5/40 - 13/120   6376.4 ms
block 6/40 - 16/120   6392.9 ms
block 7/40 - 19/120   6399.6 ms
block 8/40 - 22/120   6424.3 ms
block 9/40 - 25/120   6432.8 ms
block 10/40 - 28/120   6380.6 ms
block 11/40 - 31/120   6422.7 ms
block 12/40 - 34/120   6493.4 ms
block 13/40 - 37/120   6367.0 ms
block 14/40 - 40/120   6293.1 ms
block 15/40 - 43/120   6495.8 ms
block 16/40 - 46/120   6370.1 ms
block 17/40 - 49/120   6443.0 ms
block 18/40 - 52/120   6381.6 ms
block 19/40 - 55/120   6422.8 ms
block 20/40 - 58/120   6277.1 ms
block 21/40 - 61/120   6411.9 ms
block 22/40 - 64/120   6323.4 ms
block 23/40 - 67/120   6396.1 ms
block 24/40 - 70/120   6342.8 ms
block 25/40 - 73/120   6385.9 ms
block 26/40 - 76/120   6321.9 ms
block 27/40 - 79/120   6319.6 ms
block 28/40 - 82/120   6312.1 ms
block 29/40 - 85/120   6391.6 ms
block 30/40 - 88/120   6432.9 ms
block 31/40 - 91/120   6386.4 ms
block 32/40 - 94/120   6355.7 ms
block 33/40 - 97/120   6277.6 ms
block 34/40 - 100/120   6309.7 ms
block 35/40 - 103/120   6345.8 ms
block 36/40 - 106/120   6360.3 ms
block 37/40 - 109/120   3297.2 ms
block 38/40 - 112/120   2460.3 ms
block 39/40 - 115/120   2459.8 ms
block 40/40 - 118/120   2459.1 ms
[113/128] elapsed=37.7m  avg=20.0s/prompt  eta=5.0m
