Running on a single GPU (cuda); skipping NCCL initialization.
Free VRAM 94.6546630859375 GB
Loading CUDA extension (first run compiles ~60s; cached run ~3s)...
CUDA extension ready in 145.4s.
[CacheCompatibilityPolicy] recent=20:355 coverage=21:5 episode=22:0 budget=9FFE owner=HeadComposition
KV inference with 3 frames per block
Number of prompts: 128
Prompt index range: [0, 128)
Loading PyramidKV config from /apdcephfs_gy2/share_303214315/cedricnie/develop/training-free/runs/v180_rccp_fresh128/inputs/maps/rccp_matched.csv
block 1/40 - 1/120  262436.9 ms
block 2/40 - 4/120   5732.6 ms
block 3/40 - 7/120   6339.7 ms
block 4/40 - 10/120   6384.4 ms
block 5/40 - 13/120   6330.6 ms
block 6/40 - 16/120   5939.9 ms
block 7/40 - 19/120   6360.8 ms
block 8/40 - 22/120   6584.0 ms
block 9/40 - 25/120   6325.5 ms
block 10/40 - 28/120   6323.0 ms
block 11/40 - 31/120   6646.6 ms
block 12/40 - 34/120   6317.0 ms
block 13/40 - 37/120   6915.8 ms
block 14/40 - 40/120   6286.4 ms
block 15/40 - 43/120   6337.1 ms
block 16/40 - 46/120   6067.8 ms
block 17/40 - 49/120   6455.5 ms
block 18/40 - 52/120   6465.2 ms
block 19/40 - 55/120   6345.0 ms
block 20/40 - 58/120   6909.7 ms
block 21/40 - 61/120   6231.9 ms
block 22/40 - 64/120   6559.6 ms
block 23/40 - 67/120   6605.3 ms
block 24/40 - 70/120   6485.3 ms
block 25/40 - 73/120   6432.8 ms
block 26/40 - 76/120   6545.5 ms
block 27/40 - 79/120   6285.4 ms
block 28/40 - 82/120   6530.6 ms
block 29/40 - 85/120   6330.3 ms
block 30/40 - 88/120   6512.4 ms
block 31/40 - 91/120   6335.8 ms
block 32/40 - 94/120   6564.5 ms
block 33/40 - 97/120   6262.8 ms
block 34/40 - 100/120   6426.7 ms
block 35/40 - 103/120   6573.4 ms
block 36/40 - 106/120   6381.2 ms
block 37/40 - 109/120   6449.8 ms
block 38/40 - 112/120   6429.2 ms
block 39/40 - 115/120   6441.4 ms
block 40/40 - 118/120   6318.6 ms
/apdcephfs_gy2/share_303214315/cedricnie/miniconda3/envs/longlive/lib/python3.10/site-packages/torchvision/io/_video_deprecation_warning.py:9: UserWarning: The video decoding and encoding capabilities of torchvision are deprecated from version 0.22 and will be removed in version 0.24. We recommend that you migrate to TorchCodec, where we'll consolidate the future decoding/encoding capabilities of PyTorch: https://github.com/pytorch/torchcodec
  warnings.warn(
[11/128] elapsed=8.6m  avg=46.7s/prompt  eta=91.0m
block 1/40 - 1/120   4094.2 ms
block 2/40 - 4/120   5852.6 ms
block 3/40 - 7/120   6450.2 ms
block 4/40 - 10/120   6268.8 ms
block 5/40 - 13/120   6333.5 ms
block 6/40 - 16/120   6349.7 ms
block 7/40 - 19/120   6376.2 ms
block 8/40 - 22/120   6419.3 ms
block 9/40 - 25/120   6367.3 ms
block 10/40 - 28/120   6251.8 ms
block 11/40 - 31/120   6395.8 ms
block 12/40 - 34/120   6327.2 ms
block 13/40 - 37/120   6435.1 ms
block 14/40 - 40/120   6373.2 ms
block 15/40 - 43/120   6321.3 ms
block 16/40 - 46/120   6375.1 ms
block 17/40 - 49/120   6451.2 ms
block 18/40 - 52/120   6503.6 ms
block 19/40 - 55/120   6381.1 ms
block 20/40 - 58/120   6398.7 ms
block 21/40 - 61/120   6349.7 ms
block 22/40 - 64/120   6099.4 ms
block 23/40 - 67/120   6128.6 ms
block 24/40 - 70/120   6629.1 ms
block 25/40 - 73/120   6602.0 ms
block 26/40 - 76/120   6514.4 ms
block 27/40 - 79/120   6281.5 ms
block 28/40 - 82/120   6425.8 ms
block 29/40 - 85/120   5788.8 ms
block 30/40 - 88/120   6368.0 ms
block 31/40 - 91/120   6092.9 ms
block 32/40 - 94/120   6378.7 ms
block 33/40 - 97/120   6437.8 ms
block 34/40 - 100/120   6406.0 ms
block 35/40 - 103/120   6430.6 ms
block 36/40 - 106/120   6427.3 ms
block 37/40 - 109/120   6459.1 ms
block 38/40 - 112/120   6323.2 ms
block 39/40 - 115/120   6343.5 ms
block 40/40 - 118/120   6313.3 ms
[27/128] elapsed=12.8m  avg=28.4s/prompt  eta=47.8m
block 1/40 - 1/120   3779.1 ms
block 2/40 - 4/120   4333.7 ms
block 3/40 - 7/120   6284.5 ms
block 4/40 - 10/120   6440.7 ms
block 5/40 - 13/120   6461.8 ms
block 6/40 - 16/120   6483.8 ms
block 7/40 - 19/120   6504.7 ms
block 8/40 - 22/120   6485.9 ms
block 9/40 - 25/120   6454.2 ms
block 10/40 - 28/120   6374.4 ms
block 11/40 - 31/120   6337.7 ms
block 12/40 - 34/120   6402.7 ms
block 13/40 - 37/120   6551.1 ms
block 14/40 - 40/120   6141.0 ms
block 15/40 - 43/120   6408.0 ms
block 16/40 - 46/120   6347.2 ms
block 17/40 - 49/120   6477.0 ms
block 18/40 - 52/120   6415.8 ms
block 19/40 - 55/120   6420.0 ms
block 20/40 - 58/120   6417.5 ms
block 21/40 - 61/120   6458.5 ms
block 22/40 - 64/120   6415.0 ms
block 23/40 - 67/120   6422.8 ms
block 24/40 - 70/120   6399.7 ms
block 25/40 - 73/120   6384.4 ms
block 26/40 - 76/120   6425.0 ms
block 27/40 - 79/120   6499.1 ms
block 28/40 - 82/120   6481.3 ms
block 29/40 - 85/120   6374.9 ms
block 30/40 - 88/120   6419.6 ms
block 31/40 - 91/120   6354.2 ms
block 32/40 - 94/120   6374.9 ms
block 33/40 - 97/120   6263.6 ms
block 34/40 - 100/120   6406.4 ms
block 35/40 - 103/120   6413.7 ms
block 36/40 - 106/120   6564.7 ms
block 37/40 - 109/120   6492.9 ms
block 38/40 - 112/120   6451.7 ms
block 39/40 - 115/120   6386.8 ms
block 40/40 - 118/120   6241.7 ms
[43/128] elapsed=17.0m  avg=23.7s/prompt  eta=33.6m
block 1/40 - 1/120   4373.0 ms
block 2/40 - 4/120   3690.4 ms
block 3/40 - 7/120   6156.2 ms
block 4/40 - 10/120   6356.3 ms
block 5/40 - 13/120   6394.2 ms
block 6/40 - 16/120   6341.2 ms
block 7/40 - 19/120   6139.3 ms
block 8/40 - 22/120   5918.1 ms
block 9/40 - 25/120   6394.5 ms
block 10/40 - 28/120   6366.2 ms
block 11/40 - 31/120   6285.0 ms
block 12/40 - 34/120   6408.6 ms
block 13/40 - 37/120   6384.5 ms
block 14/40 - 40/120   6322.4 ms
block 15/40 - 43/120   6330.5 ms
block 16/40 - 46/120   6487.5 ms
block 17/40 - 49/120   6368.5 ms
block 18/40 - 52/120   6431.9 ms
block 19/40 - 55/120   6398.2 ms
block 20/40 - 58/120   6267.2 ms
block 21/40 - 61/120   6407.1 ms
block 22/40 - 64/120   6382.0 ms
block 23/40 - 67/120   6380.9 ms
block 24/40 - 70/120   6464.3 ms
block 25/40 - 73/120   6501.9 ms
block 26/40 - 76/120   6419.3 ms
block 27/40 - 79/120   6371.1 ms
block 28/40 - 82/120   6412.9 ms
block 29/40 - 85/120   6412.5 ms
block 30/40 - 88/120   6307.8 ms
block 31/40 - 91/120   6386.4 ms
block 32/40 - 94/120   6445.4 ms
block 33/40 - 97/120   6384.7 ms
block 34/40 - 100/120   6377.6 ms
block 35/40 - 103/120   6509.2 ms
block 36/40 - 106/120   6430.7 ms
block 37/40 - 109/120   6347.2 ms
block 38/40 - 112/120   6421.8 ms
block 39/40 - 115/120   6430.7 ms
block 40/40 - 118/120   6404.7 ms
[59/128] elapsed=21.2m  avg=21.5s/prompt  eta=24.7m
block 1/40 - 1/120   6201.7 ms
block 2/40 - 4/120   2538.2 ms
block 3/40 - 7/120   5313.9 ms
block 4/40 - 10/120   6238.5 ms
block 5/40 - 13/120   6328.4 ms
block 6/40 - 16/120   6365.7 ms
block 7/40 - 19/120   6451.7 ms
block 8/40 - 22/120   6435.8 ms
block 9/40 - 25/120   6283.9 ms
block 10/40 - 28/120   6388.4 ms
block 11/40 - 31/120   6454.3 ms
block 12/40 - 34/120   6314.5 ms
block 13/40 - 37/120   6263.1 ms
block 14/40 - 40/120   6362.1 ms
block 15/40 - 43/120   6433.9 ms
block 16/40 - 46/120   6406.4 ms
block 17/40 - 49/120   6422.7 ms
block 18/40 - 52/120   6385.3 ms
block 19/40 - 55/120   6382.3 ms
block 20/40 - 58/120   6386.2 ms
block 21/40 - 61/120   6390.5 ms
block 22/40 - 64/120   6381.2 ms
block 23/40 - 67/120   6333.2 ms
block 24/40 - 70/120   6402.5 ms
block 25/40 - 73/120   6373.7 ms
block 26/40 - 76/120   6352.1 ms
block 27/40 - 79/120   6479.8 ms
block 28/40 - 82/120   6506.3 ms
block 29/40 - 85/120   6444.9 ms
block 30/40 - 88/120   6403.3 ms
block 31/40 - 91/120   6426.3 ms
block 32/40 - 94/120   6434.1 ms
block 33/40 - 97/120   6437.0 ms
block 34/40 - 100/120   6321.7 ms
block 35/40 - 103/120   6425.3 ms
block 36/40 - 106/120   6415.8 ms
block 37/40 - 109/120   6432.3 ms
block 38/40 - 112/120   6327.3 ms
block 39/40 - 115/120   6429.8 ms
block 40/40 - 118/120   6410.9 ms
[75/128] elapsed=25.3m  avg=20.3s/prompt  eta=17.9m
block 1/40 - 1/120   7207.6 ms
block 2/40 - 4/120   3003.6 ms
block 3/40 - 7/120   4229.1 ms
block 4/40 - 10/120   6764.1 ms
block 5/40 - 13/120   6425.5 ms
block 6/40 - 16/120   6377.4 ms
block 7/40 - 19/120   6212.6 ms
block 8/40 - 22/120   6651.0 ms
block 9/40 - 25/120   6468.3 ms
block 10/40 - 28/120   6338.1 ms
block 11/40 - 31/120   6380.9 ms
block 12/40 - 34/120   6409.6 ms
block 13/40 - 37/120   6433.9 ms
block 14/40 - 40/120   6454.9 ms
block 15/40 - 43/120   6485.5 ms
block 16/40 - 46/120   6351.2 ms
block 17/40 - 49/120   6478.4 ms
block 18/40 - 52/120   6485.9 ms
block 19/40 - 55/120   6368.7 ms
block 20/40 - 58/120   6415.5 ms
block 21/40 - 61/120   6455.0 ms
block 22/40 - 64/120   6438.0 ms
block 23/40 - 67/120   6387.3 ms
block 24/40 - 70/120   6408.4 ms
block 25/40 - 73/120   6425.6 ms
block 26/40 - 76/120   6497.0 ms
block 27/40 - 79/120   6475.6 ms
block 28/40 - 82/120   6454.3 ms
block 29/40 - 85/120   6495.9 ms
block 30/40 - 88/120   6447.5 ms
block 31/40 - 91/120   6438.3 ms
block 32/40 - 94/120   6484.8 ms
block 33/40 - 97/120   6527.9 ms
block 34/40 - 100/120   6562.3 ms
block 35/40 - 103/120   6422.5 ms
block 36/40 - 106/120   6354.5 ms
block 37/40 - 109/120   6415.7 ms
block 38/40 - 112/120   6460.3 ms
block 39/40 - 115/120   6355.6 ms
block 40/40 - 118/120   6485.5 ms
[91/128] elapsed=29.6m  avg=19.5s/prompt  eta=12.0m
block 1/40 - 1/120   6758.4 ms
block 2/40 - 4/120   2663.4 ms
block 3/40 - 7/120   6007.4 ms
block 4/40 - 10/120   6401.5 ms
block 5/40 - 13/120   6344.2 ms
block 6/40 - 16/120   6490.9 ms
block 7/40 - 19/120   6526.8 ms
block 8/40 - 22/120   6472.8 ms
block 9/40 - 25/120   6485.1 ms
block 10/40 - 28/120   6341.5 ms
block 11/40 - 31/120   6325.5 ms
block 12/40 - 34/120   6436.3 ms
block 13/40 - 37/120   6493.0 ms
block 14/40 - 40/120   6408.7 ms
block 15/40 - 43/120   6463.3 ms
block 16/40 - 46/120   6371.7 ms
block 17/40 - 49/120   6403.7 ms
block 18/40 - 52/120   6397.9 ms
block 19/40 - 55/120   6440.0 ms
block 20/40 - 58/120   6380.3 ms
block 21/40 - 61/120   6423.0 ms
block 22/40 - 64/120   6470.7 ms
block 23/40 - 67/120   6417.0 ms
block 24/40 - 70/120   6400.1 ms
block 25/40 - 73/120   6529.8 ms
block 26/40 - 76/120   6429.3 ms
block 27/40 - 79/120   6447.7 ms
block 28/40 - 82/120   6430.5 ms
block 29/40 - 85/120   6425.5 ms
block 30/40 - 88/120   6454.8 ms
block 31/40 - 91/120   6458.6 ms
block 32/40 - 94/120   6431.9 ms
block 33/40 - 97/120   6479.1 ms
block 34/40 - 100/120   6537.1 ms
block 35/40 - 103/120   6323.3 ms
block 36/40 - 106/120   6388.6 ms
block 37/40 - 109/120   6539.0 ms
block 38/40 - 112/120   6526.6 ms
block 39/40 - 115/120   6493.7 ms
block 40/40 - 118/120   6998.2 ms
[107/128] elapsed=33.8m  avg=19.0s/prompt  eta=6.6m
block 1/40 - 1/120   6022.8 ms
block 2/40 - 4/120   3566.1 ms
block 3/40 - 7/120   6287.2 ms
block 4/40 - 10/120   6498.7 ms
block 5/40 - 13/120   6474.1 ms
block 6/40 - 16/120   6436.2 ms
block 7/40 - 19/120   6385.2 ms
block 8/40 - 22/120   6388.6 ms
block 9/40 - 25/120   6414.3 ms
block 10/40 - 28/120   6445.2 ms
block 11/40 - 31/120   6420.0 ms
block 12/40 - 34/120   6442.1 ms
block 13/40 - 37/120   6378.8 ms
block 14/40 - 40/120   6402.0 ms
block 15/40 - 43/120   6433.7 ms
block 16/40 - 46/120   6554.8 ms
block 17/40 - 49/120   6480.7 ms
block 18/40 - 52/120   6541.5 ms
block 19/40 - 55/120   6422.7 ms
block 20/40 - 58/120   6543.6 ms
block 21/40 - 61/120   6448.4 ms
block 22/40 - 64/120   6435.7 ms
block 23/40 - 67/120   6360.4 ms
block 24/40 - 70/120   6318.7 ms
block 25/40 - 73/120   6423.7 ms
block 26/40 - 76/120   6460.9 ms
block 27/40 - 79/120   6417.8 ms
block 28/40 - 82/120   6436.2 ms
block 29/40 - 85/120   6453.1 ms
block 30/40 - 88/120   6414.8 ms
block 31/40 - 91/120   6333.0 ms
block 32/40 - 94/120   6480.6 ms
block 33/40 - 97/120   6470.8 ms
block 34/40 - 100/120   6414.3 ms
block 35/40 - 103/120   6438.8 ms
block 36/40 - 106/120   6444.7 ms
block 37/40 - 109/120   6409.6 ms
block 38/40 - 112/120   6451.5 ms
block 39/40 - 115/120   6490.9 ms
block 40/40 - 118/120   6515.0 ms
[123/128] elapsed=38.1m  avg=18.6s/prompt  eta=1.5m
