Running on a single GPU (cuda); skipping NCCL initialization.
Free VRAM 94.6116943359375 GB
Loading CUDA extension (first run compiles ~60s; cached run ~3s)...
CUDA extension ready in 144.2s.
[CacheCompatibilityPolicy] recent=20:355 coverage=21:5 episode=22:0 budget=9FFE owner=HeadComposition
KV inference with 3 frames per block
Number of prompts: 128
Prompt index range: [0, 128)
Loading PyramidKV config from /apdcephfs_gy2/share_303214315/cedricnie/develop/training-free/runs/v180_rccp_fresh128/inputs/maps/rccp_matched.csv
block 1/40 - 1/120  262745.4 ms
block 2/40 - 4/120   5601.4 ms
block 3/40 - 7/120   6367.7 ms
block 4/40 - 10/120   6320.6 ms
block 5/40 - 13/120   6163.0 ms
block 6/40 - 16/120   6423.2 ms
block 7/40 - 19/120   6458.6 ms
block 8/40 - 22/120   6407.8 ms
block 9/40 - 25/120   6434.2 ms
block 10/40 - 28/120   6424.3 ms
block 11/40 - 31/120   6418.7 ms
block 12/40 - 34/120   6362.4 ms
block 13/40 - 37/120   6392.3 ms
block 14/40 - 40/120   6381.5 ms
block 15/40 - 43/120   6423.2 ms
block 16/40 - 46/120   6357.0 ms
block 17/40 - 49/120   6370.9 ms
block 18/40 - 52/120   6306.1 ms
block 19/40 - 55/120   6381.9 ms
block 20/40 - 58/120   6382.5 ms
block 21/40 - 61/120   6458.8 ms
block 22/40 - 64/120   6399.8 ms
block 23/40 - 67/120   6355.9 ms
block 24/40 - 70/120   6365.0 ms
block 25/40 - 73/120   6324.9 ms
block 26/40 - 76/120   6398.8 ms
block 27/40 - 79/120   6353.1 ms
block 28/40 - 82/120   6425.2 ms
block 29/40 - 85/120   6366.3 ms
block 30/40 - 88/120   6404.6 ms
block 31/40 - 91/120   6354.3 ms
block 32/40 - 94/120   6365.7 ms
block 33/40 - 97/120   6428.4 ms
block 34/40 - 100/120   6372.6 ms
block 35/40 - 103/120   6401.4 ms
block 36/40 - 106/120   6375.8 ms
block 37/40 - 109/120   6695.6 ms
block 38/40 - 112/120   6675.8 ms
block 39/40 - 115/120   6237.5 ms
block 40/40 - 118/120   3270.8 ms
[5/128] elapsed=8.5m  avg=101.9s/prompt  eta=208.9m
/apdcephfs_gy2/share_303214315/cedricnie/miniconda3/envs/longlive/lib/python3.10/site-packages/torchvision/io/_video_deprecation_warning.py:9: UserWarning: The video decoding and encoding capabilities of torchvision are deprecated from version 0.22 and will be removed in version 0.24. We recommend that you migrate to TorchCodec, where we'll consolidate the future decoding/encoding capabilities of PyTorch: https://github.com/pytorch/torchcodec
  warnings.warn(
block 1/40 - 1/120   6893.7 ms
block 2/40 - 4/120   5952.6 ms
block 3/40 - 7/120   6343.3 ms
block 4/40 - 10/120   6447.1 ms
block 5/40 - 13/120   6407.4 ms
block 6/40 - 16/120   6355.1 ms
block 7/40 - 19/120   6367.4 ms
block 8/40 - 22/120   6396.4 ms
block 9/40 - 25/120   6405.2 ms
block 10/40 - 28/120   6430.9 ms
block 11/40 - 31/120   6402.2 ms
block 12/40 - 34/120   6603.2 ms
block 13/40 - 37/120   6535.1 ms
block 14/40 - 40/120   6583.5 ms
block 15/40 - 43/120   6414.0 ms
block 16/40 - 46/120   6372.8 ms
block 17/40 - 49/120   6440.6 ms
block 18/40 - 52/120   6424.2 ms
block 19/40 - 55/120   6509.4 ms
block 20/40 - 58/120   6353.8 ms
block 21/40 - 61/120   6371.4 ms
block 22/40 - 64/120   6377.0 ms
block 23/40 - 67/120   6343.2 ms
block 24/40 - 70/120   6393.3 ms
block 25/40 - 73/120   6421.2 ms
block 26/40 - 76/120   6388.4 ms
block 27/40 - 79/120   6291.4 ms
block 28/40 - 82/120   6371.6 ms
block 29/40 - 85/120   6393.1 ms
block 30/40 - 88/120   6451.8 ms
block 31/40 - 91/120   6426.3 ms
block 32/40 - 94/120   6352.6 ms
block 33/40 - 97/120   6406.1 ms
block 34/40 - 100/120   6371.2 ms
block 35/40 - 103/120   6361.5 ms
block 36/40 - 106/120   6385.7 ms
block 37/40 - 109/120   6385.3 ms
block 38/40 - 112/120   4129.1 ms
block 39/40 - 115/120   3564.0 ms
block 40/40 - 118/120   5812.6 ms
[21/128] elapsed=12.7m  avg=36.2s/prompt  eta=64.6m
block 1/40 - 1/120   7451.5 ms
block 2/40 - 4/120   5953.2 ms
block 3/40 - 7/120   6365.7 ms
block 4/40 - 10/120   6339.7 ms
block 5/40 - 13/120   6324.6 ms
block 6/40 - 16/120   6641.7 ms
block 7/40 - 19/120   6697.7 ms
block 8/40 - 22/120   6512.3 ms
block 9/40 - 25/120   6337.2 ms
block 10/40 - 28/120   6308.0 ms
block 11/40 - 31/120   6333.4 ms
block 12/40 - 34/120   6379.6 ms
block 13/40 - 37/120   6411.2 ms
block 14/40 - 40/120   6347.7 ms
block 15/40 - 43/120   6441.5 ms
block 16/40 - 46/120   6324.6 ms
block 17/40 - 49/120   6488.9 ms
block 18/40 - 52/120   6326.7 ms
block 19/40 - 55/120   6413.4 ms
block 20/40 - 58/120   6414.5 ms
block 21/40 - 61/120   6397.0 ms
block 22/40 - 64/120   6376.0 ms
block 23/40 - 67/120   6397.2 ms
block 24/40 - 70/120   6399.0 ms
block 25/40 - 73/120   6393.2 ms
block 26/40 - 76/120   6370.4 ms
block 27/40 - 79/120   6285.1 ms
block 28/40 - 82/120   6306.5 ms
block 29/40 - 85/120   6430.4 ms
block 30/40 - 88/120   6351.8 ms
block 31/40 - 91/120   6410.2 ms
block 32/40 - 94/120   6351.1 ms
block 33/40 - 97/120   6424.3 ms
block 34/40 - 100/120   6334.2 ms
block 35/40 - 103/120   6327.3 ms
block 36/40 - 106/120   6348.2 ms
block 37/40 - 109/120   4303.1 ms
block 38/40 - 112/120   3680.1 ms
block 39/40 - 115/120   5868.2 ms
block 40/40 - 118/120   6290.2 ms
[37/128] elapsed=16.9m  avg=27.4s/prompt  eta=41.5m
block 1/40 - 1/120   7545.8 ms
block 2/40 - 4/120   6043.9 ms
block 3/40 - 7/120   6308.2 ms
block 4/40 - 10/120   7075.5 ms
block 5/40 - 13/120   6347.3 ms
block 6/40 - 16/120   6361.9 ms
block 7/40 - 19/120   6359.6 ms
block 8/40 - 22/120   6380.2 ms
block 9/40 - 25/120   6257.7 ms
block 10/40 - 28/120   6322.2 ms
block 11/40 - 31/120   6458.8 ms
block 12/40 - 34/120   6422.5 ms
block 13/40 - 37/120   6409.9 ms
block 14/40 - 40/120   6267.4 ms
block 15/40 - 43/120   6425.5 ms
block 16/40 - 46/120   6501.4 ms
block 17/40 - 49/120   6384.5 ms
block 18/40 - 52/120   6357.2 ms
block 19/40 - 55/120   6371.9 ms
block 20/40 - 58/120   6386.1 ms
block 21/40 - 61/120   6398.7 ms
block 22/40 - 64/120   6363.7 ms
block 23/40 - 67/120   6361.2 ms
block 24/40 - 70/120   6315.6 ms
block 25/40 - 73/120   6399.0 ms
block 26/40 - 76/120   6374.8 ms
block 27/40 - 79/120   6530.2 ms
block 28/40 - 82/120   6338.3 ms
block 29/40 - 85/120   6344.9 ms
block 30/40 - 88/120   6387.3 ms
block 31/40 - 91/120   6295.7 ms
block 32/40 - 94/120   6374.3 ms
block 33/40 - 97/120   6365.9 ms
block 34/40 - 100/120   6308.5 ms
block 35/40 - 103/120   6533.3 ms
block 36/40 - 106/120   3882.1 ms
block 37/40 - 109/120   4113.2 ms
block 38/40 - 112/120   6274.5 ms
block 39/40 - 115/120   6754.4 ms
block 40/40 - 118/120   6311.5 ms
[53/128] elapsed=21.1m  avg=23.9s/prompt  eta=29.9m
block 1/40 - 1/120   7749.1 ms
block 2/40 - 4/120   5922.3 ms
block 3/40 - 7/120   6354.1 ms
block 4/40 - 10/120   6366.3 ms
block 5/40 - 13/120   6371.5 ms
block 6/40 - 16/120   6408.3 ms
block 7/40 - 19/120   6331.3 ms
block 8/40 - 22/120   6373.1 ms
block 9/40 - 25/120   6371.1 ms
block 10/40 - 28/120   6394.6 ms
block 11/40 - 31/120   6411.6 ms
block 12/40 - 34/120   6410.6 ms
block 13/40 - 37/120   6365.8 ms
block 14/40 - 40/120   6335.2 ms
block 15/40 - 43/120   6417.4 ms
block 16/40 - 46/120   6415.4 ms
block 17/40 - 49/120   6319.8 ms
block 18/40 - 52/120   6409.5 ms
block 19/40 - 55/120   6491.4 ms
block 20/40 - 58/120   6333.0 ms
block 21/40 - 61/120   6954.4 ms
block 22/40 - 64/120   6691.3 ms
block 23/40 - 67/120   6319.6 ms
block 24/40 - 70/120   6393.7 ms
block 25/40 - 73/120   6429.4 ms
block 26/40 - 76/120   6377.6 ms
block 27/40 - 79/120   6372.5 ms
block 28/40 - 82/120   6387.5 ms
block 29/40 - 85/120   6370.4 ms
block 30/40 - 88/120   6358.9 ms
block 31/40 - 91/120   6400.3 ms
block 32/40 - 94/120   6362.9 ms
block 33/40 - 97/120   6400.8 ms
block 34/40 - 100/120   5260.8 ms
block 35/40 - 103/120   3199.0 ms
block 36/40 - 106/120   5598.6 ms
block 37/40 - 109/120   6197.9 ms
block 38/40 - 112/120   6438.4 ms
block 39/40 - 115/120   6387.9 ms
block 40/40 - 118/120   6345.3 ms
[69/128] elapsed=25.3m  avg=22.0s/prompt  eta=21.6m
block 1/40 - 1/120   7214.0 ms
block 2/40 - 4/120   5924.7 ms
block 3/40 - 7/120   6383.4 ms
block 4/40 - 10/120   6400.1 ms
block 5/40 - 13/120   6328.2 ms
block 6/40 - 16/120   6384.4 ms
block 7/40 - 19/120   6324.4 ms
block 8/40 - 22/120   6353.1 ms
block 9/40 - 25/120   6310.6 ms
block 10/40 - 28/120   6338.5 ms
block 11/40 - 31/120   6388.1 ms
block 12/40 - 34/120   6383.4 ms
block 13/40 - 37/120   6350.7 ms
block 14/40 - 40/120   6393.7 ms
block 15/40 - 43/120   6360.7 ms
block 16/40 - 46/120   6239.2 ms
block 17/40 - 49/120   6272.2 ms
block 18/40 - 52/120   6301.4 ms
block 19/40 - 55/120   6357.3 ms
block 20/40 - 58/120   6368.7 ms
block 21/40 - 61/120   6447.5 ms
block 22/40 - 64/120   6365.7 ms
block 23/40 - 67/120   6256.4 ms
block 24/40 - 70/120   6360.4 ms
block 25/40 - 73/120   6367.0 ms
block 26/40 - 76/120   6303.2 ms
block 27/40 - 79/120   6297.3 ms
block 28/40 - 82/120   6367.1 ms
block 29/40 - 85/120   7049.0 ms
block 30/40 - 88/120   6467.1 ms
block 31/40 - 91/120   6349.4 ms
block 32/40 - 94/120   6310.6 ms
block 33/40 - 97/120   6109.8 ms
block 34/40 - 100/120   3401.8 ms
block 35/40 - 103/120   5531.8 ms
block 36/40 - 106/120   6064.5 ms
block 37/40 - 109/120   6353.3 ms
block 38/40 - 112/120   6361.1 ms
block 39/40 - 115/120   6381.7 ms
block 40/40 - 118/120   6341.8 ms
[85/128] elapsed=29.5m  avg=20.8s/prompt  eta=14.9m
block 1/40 - 1/120   7363.9 ms
block 2/40 - 4/120   5971.4 ms
block 3/40 - 7/120   6328.9 ms
block 4/40 - 10/120   6339.1 ms
block 5/40 - 13/120   6351.5 ms
block 6/40 - 16/120   6301.9 ms
block 7/40 - 19/120   6252.8 ms
block 8/40 - 22/120   6290.0 ms
block 9/40 - 25/120   6322.4 ms
block 10/40 - 28/120   6220.2 ms
block 11/40 - 31/120   6268.8 ms
block 12/40 - 34/120   6369.0 ms
block 13/40 - 37/120   6330.0 ms
block 14/40 - 40/120   6394.3 ms
block 15/40 - 43/120   6279.4 ms
block 16/40 - 46/120   6399.1 ms
block 17/40 - 49/120   6327.8 ms
block 18/40 - 52/120   6253.7 ms
block 19/40 - 55/120   6343.5 ms
block 20/40 - 58/120   6300.2 ms
block 21/40 - 61/120   6408.9 ms
block 22/40 - 64/120   6357.1 ms
block 23/40 - 67/120   6316.2 ms
block 24/40 - 70/120   6379.5 ms
block 25/40 - 73/120   6338.9 ms
block 26/40 - 76/120   6335.7 ms
block 27/40 - 79/120   6313.5 ms
block 28/40 - 82/120   6391.7 ms
block 29/40 - 85/120   6328.6 ms
block 30/40 - 88/120   6332.7 ms
block 31/40 - 91/120   6405.8 ms
block 32/40 - 94/120   6362.1 ms
block 33/40 - 97/120   4244.7 ms
block 34/40 - 100/120   3906.0 ms
block 35/40 - 103/120   5740.7 ms
block 36/40 - 106/120   6261.2 ms
block 37/40 - 109/120   6270.7 ms
block 38/40 - 112/120   6267.1 ms
block 39/40 - 115/120   6405.9 ms
block 40/40 - 118/120   6231.8 ms
[101/128] elapsed=33.7m  avg=20.0s/prompt  eta=9.0m
block 1/40 - 1/120   7182.1 ms
block 2/40 - 4/120   5876.5 ms
block 3/40 - 7/120   6337.0 ms
block 4/40 - 10/120   6334.1 ms
block 5/40 - 13/120   6393.7 ms
block 6/40 - 16/120   6336.5 ms
block 7/40 - 19/120   6332.7 ms
block 8/40 - 22/120   6345.3 ms
block 9/40 - 25/120   6317.2 ms
block 10/40 - 28/120   6378.2 ms
block 11/40 - 31/120   6346.8 ms
block 12/40 - 34/120   6373.9 ms
block 13/40 - 37/120   6297.5 ms
block 14/40 - 40/120   6238.0 ms
block 15/40 - 43/120   6208.6 ms
block 16/40 - 46/120   6301.0 ms
block 17/40 - 49/120   6333.9 ms
block 18/40 - 52/120   6243.1 ms
block 19/40 - 55/120   6220.6 ms
block 20/40 - 58/120   6348.5 ms
block 21/40 - 61/120   6303.8 ms
block 22/40 - 64/120   6329.5 ms
block 23/40 - 67/120   6304.1 ms
block 24/40 - 70/120   6294.4 ms
block 25/40 - 73/120   6374.5 ms
block 26/40 - 76/120   6344.2 ms
block 27/40 - 79/120   6320.9 ms
block 28/40 - 82/120   6320.9 ms
block 29/40 - 85/120   6509.0 ms
block 30/40 - 88/120   6760.6 ms
block 31/40 - 91/120   6487.0 ms
block 32/40 - 94/120   6175.3 ms
block 33/40 - 97/120   2474.3 ms
block 34/40 - 100/120   2462.1 ms
block 35/40 - 103/120   2460.6 ms
block 36/40 - 106/120   2481.4 ms
block 37/40 - 109/120   2461.3 ms
block 38/40 - 112/120   2461.6 ms
block 39/40 - 115/120   2460.2 ms
block 40/40 - 118/120   2473.6 ms
[117/128] elapsed=37.4m  avg=19.2s/prompt  eta=3.5m
