Running on a single GPU (cuda); skipping NCCL initialization.
Free VRAM 94.671142578125 GB
Loading CUDA extension (first run compiles ~60s; cached run ~3s)...
CUDA extension ready in 144.8s.
[CacheCompatibilityPolicy] recent=20:355 coverage=21:5 episode=22:0 budget=9FFE owner=HeadComposition
KV inference with 3 frames per block
Number of prompts: 128
Prompt index range: [0, 128)
Loading PyramidKV config from /apdcephfs_gy2/share_303214315/cedricnie/develop/training-free/runs/v180_rccp_fresh128/inputs/maps/rccp_matched.csv
block 1/40 - 1/120  262586.9 ms
block 2/40 - 4/120   5521.7 ms
block 3/40 - 7/120   6579.5 ms
block 4/40 - 10/120   6427.6 ms
block 5/40 - 13/120   6433.5 ms
block 6/40 - 16/120   6392.2 ms
block 7/40 - 19/120   6359.2 ms
block 8/40 - 22/120   6441.8 ms
block 9/40 - 25/120   6402.6 ms
block 10/40 - 28/120   6510.2 ms
block 11/40 - 31/120   6455.0 ms
block 12/40 - 34/120   6376.1 ms
block 13/40 - 37/120   6457.5 ms
block 14/40 - 40/120   6429.3 ms
block 15/40 - 43/120   6413.2 ms
block 16/40 - 46/120   6458.7 ms
block 17/40 - 49/120   6409.7 ms
block 18/40 - 52/120   6384.5 ms
block 19/40 - 55/120   6472.4 ms
block 20/40 - 58/120   6412.6 ms
block 21/40 - 61/120   6420.7 ms
block 22/40 - 64/120   6480.5 ms
block 23/40 - 67/120   6455.1 ms
block 24/40 - 70/120   6446.5 ms
block 25/40 - 73/120   6425.8 ms
block 26/40 - 76/120   6691.4 ms
block 27/40 - 79/120   6703.1 ms
block 28/40 - 82/120   6416.5 ms
block 29/40 - 85/120   6457.3 ms
block 30/40 - 88/120   6410.3 ms
block 31/40 - 91/120   6412.4 ms
block 32/40 - 94/120   6431.5 ms
block 33/40 - 97/120   6477.7 ms
block 34/40 - 100/120   6336.5 ms
block 35/40 - 103/120   6415.9 ms
block 36/40 - 106/120   6417.5 ms
block 37/40 - 109/120   6406.4 ms
block 38/40 - 112/120   6447.7 ms
block 39/40 - 115/120   5312.6 ms
block 40/40 - 118/120   3402.8 ms
[2/128] elapsed=8.5m  avg=255.1s/prompt  eta=535.7m
/apdcephfs_gy2/share_303214315/cedricnie/miniconda3/envs/longlive/lib/python3.10/site-packages/torchvision/io/_video_deprecation_warning.py:9: UserWarning: The video decoding and encoding capabilities of torchvision are deprecated from version 0.22 and will be removed in version 0.24. We recommend that you migrate to TorchCodec, where we'll consolidate the future decoding/encoding capabilities of PyTorch: https://github.com/pytorch/torchcodec
  warnings.warn(
block 1/40 - 1/120   7494.9 ms
block 2/40 - 4/120   5853.6 ms
block 3/40 - 7/120   6464.0 ms
block 4/40 - 10/120   7098.3 ms
block 5/40 - 13/120   6443.2 ms
block 6/40 - 16/120   6426.7 ms
block 7/40 - 19/120   6415.2 ms
block 8/40 - 22/120   6444.7 ms
block 9/40 - 25/120   6483.7 ms
block 10/40 - 28/120   6387.0 ms
block 11/40 - 31/120   6350.5 ms
block 12/40 - 34/120   6271.3 ms
block 13/40 - 37/120   6352.0 ms
block 14/40 - 40/120   6424.7 ms
block 15/40 - 43/120   6461.1 ms
block 16/40 - 46/120   6433.3 ms
block 17/40 - 49/120   6478.9 ms
block 18/40 - 52/120   6493.9 ms
block 19/40 - 55/120   6392.2 ms
block 20/40 - 58/120   6428.4 ms
block 21/40 - 61/120   6406.2 ms
block 22/40 - 64/120   6368.6 ms
block 23/40 - 67/120   6449.4 ms
block 24/40 - 70/120   6411.6 ms
block 25/40 - 73/120   6388.7 ms
block 26/40 - 76/120   6382.2 ms
block 27/40 - 79/120   6465.7 ms
block 28/40 - 82/120   6415.4 ms
block 29/40 - 85/120   6427.8 ms
block 30/40 - 88/120   6672.7 ms
block 31/40 - 91/120   6907.5 ms
block 32/40 - 94/120   6476.3 ms
block 33/40 - 97/120   6344.5 ms
block 34/40 - 100/120   6474.2 ms
block 35/40 - 103/120   6399.4 ms
block 36/40 - 106/120   6441.7 ms
block 37/40 - 109/120   5724.7 ms
block 38/40 - 112/120   3422.5 ms
block 39/40 - 115/120   5100.2 ms
block 40/40 - 118/120   6220.6 ms
[18/128] elapsed=12.7m  avg=42.5s/prompt  eta=77.9m
block 1/40 - 1/120   7483.7 ms
block 2/40 - 4/120   6016.7 ms
block 3/40 - 7/120   6398.1 ms
block 4/40 - 10/120   6405.9 ms
block 5/40 - 13/120   6363.9 ms
block 6/40 - 16/120   6421.3 ms
block 7/40 - 19/120   6392.9 ms
block 8/40 - 22/120   6395.6 ms
block 9/40 - 25/120   6369.5 ms
block 10/40 - 28/120   6307.9 ms
block 11/40 - 31/120   6420.8 ms
block 12/40 - 34/120   6406.2 ms
block 13/40 - 37/120   6581.6 ms
block 14/40 - 40/120   6493.0 ms
block 15/40 - 43/120   6397.8 ms
block 16/40 - 46/120   6330.3 ms
block 17/40 - 49/120   6387.0 ms
block 18/40 - 52/120   6402.1 ms
block 19/40 - 55/120   6596.8 ms
block 20/40 - 58/120   6080.1 ms
block 21/40 - 61/120   6345.2 ms
block 22/40 - 64/120   6644.4 ms
block 23/40 - 67/120   6515.1 ms
block 24/40 - 70/120   6770.1 ms
block 25/40 - 73/120   5943.6 ms
block 26/40 - 76/120   6637.0 ms
block 27/40 - 79/120   6412.2 ms
block 28/40 - 82/120   6441.6 ms
block 29/40 - 85/120   6446.8 ms
block 30/40 - 88/120   6430.1 ms
block 31/40 - 91/120   6346.5 ms
block 32/40 - 94/120   6380.2 ms
block 33/40 - 97/120   6424.1 ms
block 34/40 - 100/120   6371.8 ms
block 35/40 - 103/120   6393.3 ms
block 36/40 - 106/120   5678.9 ms
block 37/40 - 109/120   3460.0 ms
block 38/40 - 112/120   5631.7 ms
block 39/40 - 115/120   6206.5 ms
block 40/40 - 118/120   6407.2 ms
[34/128] elapsed=17.0m  avg=29.9s/prompt  eta=46.9m
block 1/40 - 1/120   7339.8 ms
block 2/40 - 4/120   6024.8 ms
block 3/40 - 7/120   6399.2 ms
block 4/40 - 10/120   6399.5 ms
block 5/40 - 13/120   6371.0 ms
block 6/40 - 16/120   6551.8 ms
block 7/40 - 19/120   6490.3 ms
block 8/40 - 22/120   6399.8 ms
block 9/40 - 25/120   6353.0 ms
block 10/40 - 28/120   6376.7 ms
block 11/40 - 31/120   6372.6 ms
block 12/40 - 34/120   6380.2 ms
block 13/40 - 37/120   6801.3 ms
block 14/40 - 40/120   6566.0 ms
block 15/40 - 43/120   6715.2 ms
block 16/40 - 46/120   6459.9 ms
block 17/40 - 49/120   6417.1 ms
block 18/40 - 52/120   6354.1 ms
block 19/40 - 55/120   6395.6 ms
block 20/40 - 58/120   6403.5 ms
block 21/40 - 61/120   6417.8 ms
block 22/40 - 64/120   6585.4 ms
block 23/40 - 67/120   6412.7 ms
block 24/40 - 70/120   6369.4 ms
block 25/40 - 73/120   6496.7 ms
block 26/40 - 76/120   6385.6 ms
block 27/40 - 79/120   6353.7 ms
block 28/40 - 82/120   6394.4 ms
block 29/40 - 85/120   6479.4 ms
block 30/40 - 88/120   6392.3 ms
block 31/40 - 91/120   6393.3 ms
block 32/40 - 94/120   6376.0 ms
block 33/40 - 97/120   6263.2 ms
block 34/40 - 100/120   6313.3 ms
block 35/40 - 103/120   5002.6 ms
block 36/40 - 106/120   3518.0 ms
block 37/40 - 109/120   5830.9 ms
block 38/40 - 112/120   6461.2 ms
block 39/40 - 115/120   6419.2 ms
block 40/40 - 118/120   6422.8 ms
[50/128] elapsed=21.2m  avg=25.4s/prompt  eta=33.1m
block 1/40 - 1/120   7262.1 ms
block 2/40 - 4/120   5909.3 ms
block 3/40 - 7/120   6398.5 ms
block 4/40 - 10/120   6454.6 ms
block 5/40 - 13/120   6300.9 ms
block 6/40 - 16/120   6352.7 ms
block 7/40 - 19/120   6339.8 ms
block 8/40 - 22/120   6422.3 ms
block 9/40 - 25/120   6466.5 ms
block 10/40 - 28/120   7434.5 ms
block 11/40 - 31/120   6367.6 ms
block 12/40 - 34/120   6467.4 ms
block 13/40 - 37/120   6435.1 ms
block 14/40 - 40/120   6558.5 ms
block 15/40 - 43/120   6431.4 ms
block 16/40 - 46/120   6384.2 ms
block 17/40 - 49/120   6397.5 ms
block 18/40 - 52/120   6395.0 ms
block 19/40 - 55/120   6419.3 ms
block 20/40 - 58/120   6379.7 ms
block 21/40 - 61/120   6377.8 ms
block 22/40 - 64/120   6347.3 ms
block 23/40 - 67/120   6433.7 ms
block 24/40 - 70/120   6397.8 ms
block 25/40 - 73/120   6427.5 ms
block 26/40 - 76/120   6296.1 ms
block 27/40 - 79/120   6241.0 ms
block 28/40 - 82/120   6402.5 ms
block 29/40 - 85/120   6457.1 ms
block 30/40 - 88/120   6505.2 ms
block 31/40 - 91/120   6479.4 ms
block 32/40 - 94/120   6462.4 ms
block 33/40 - 97/120   6687.9 ms
block 34/40 - 100/120   3886.5 ms
block 35/40 - 103/120   4218.0 ms
block 36/40 - 106/120   5871.6 ms
block 37/40 - 109/120   6777.6 ms
block 38/40 - 112/120   6517.1 ms
block 39/40 - 115/120   6606.6 ms
block 40/40 - 118/120   6392.7 ms
[66/128] elapsed=25.4m  avg=23.1s/prompt  eta=23.9m
block 1/40 - 1/120   7447.4 ms
block 2/40 - 4/120   6078.0 ms
block 3/40 - 7/120   6418.1 ms
block 4/40 - 10/120   6467.3 ms
block 5/40 - 13/120   6426.5 ms
block 6/40 - 16/120   6354.2 ms
block 7/40 - 19/120   6445.0 ms
block 8/40 - 22/120   6447.3 ms
block 9/40 - 25/120   6406.1 ms
block 10/40 - 28/120   6372.9 ms
block 11/40 - 31/120   6435.2 ms
block 12/40 - 34/120   6509.4 ms
block 13/40 - 37/120   6395.2 ms
block 14/40 - 40/120   6432.5 ms
block 15/40 - 43/120   6408.5 ms
block 16/40 - 46/120   6430.9 ms
block 17/40 - 49/120   6425.4 ms
block 18/40 - 52/120   6420.2 ms
block 19/40 - 55/120   6446.0 ms
block 20/40 - 58/120   6418.3 ms
block 21/40 - 61/120   6414.7 ms
block 22/40 - 64/120   6401.2 ms
block 23/40 - 67/120   6428.1 ms
block 24/40 - 70/120   6753.0 ms
block 25/40 - 73/120   6649.8 ms
block 26/40 - 76/120   6448.9 ms
block 27/40 - 79/120   6381.4 ms
block 28/40 - 82/120   6344.1 ms
block 29/40 - 85/120   6401.6 ms
block 30/40 - 88/120   6389.3 ms
block 31/40 - 91/120   6377.1 ms
block 32/40 - 94/120   6113.4 ms
block 33/40 - 97/120   3484.0 ms
block 34/40 - 100/120   5528.7 ms
block 35/40 - 103/120   6221.9 ms
block 36/40 - 106/120   6402.5 ms
block 37/40 - 109/120   6419.0 ms
block 38/40 - 112/120   6515.0 ms
block 39/40 - 115/120   6486.2 ms
block 40/40 - 118/120   6549.7 ms
[82/128] elapsed=29.7m  avg=21.7s/prompt  eta=16.7m
block 1/40 - 1/120   7140.3 ms
block 2/40 - 4/120   6071.4 ms
block 3/40 - 7/120   6324.2 ms
block 4/40 - 10/120   6361.7 ms
block 5/40 - 13/120   6306.2 ms
block 6/40 - 16/120   6367.1 ms
block 7/40 - 19/120   6462.4 ms
block 8/40 - 22/120   6407.4 ms
block 9/40 - 25/120   6402.5 ms
block 10/40 - 28/120   6396.6 ms
block 11/40 - 31/120   6397.1 ms
block 12/40 - 34/120   6398.2 ms
block 13/40 - 37/120   6403.5 ms
block 14/40 - 40/120   6414.0 ms
block 15/40 - 43/120   6444.2 ms
block 16/40 - 46/120   6419.8 ms
block 17/40 - 49/120   6408.1 ms
block 18/40 - 52/120   7140.9 ms
block 19/40 - 55/120   6353.3 ms
block 20/40 - 58/120   6396.4 ms
block 21/40 - 61/120   6377.0 ms
block 22/40 - 64/120   6469.9 ms
block 23/40 - 67/120   6367.2 ms
block 24/40 - 70/120   6378.6 ms
block 25/40 - 73/120   6462.3 ms
block 26/40 - 76/120   6448.2 ms
block 27/40 - 79/120   6400.9 ms
block 28/40 - 82/120   6403.1 ms
block 29/40 - 85/120   6426.4 ms
block 30/40 - 88/120   6457.8 ms
block 31/40 - 91/120   5369.8 ms
block 32/40 - 94/120   3402.6 ms
block 33/40 - 97/120   5523.9 ms
block 34/40 - 100/120   6324.4 ms
block 35/40 - 103/120   6451.8 ms
block 36/40 - 106/120   6859.3 ms
block 37/40 - 109/120   6066.3 ms
block 38/40 - 112/120   6417.9 ms
block 39/40 - 115/120   6319.4 ms
block 40/40 - 118/120   6457.2 ms
[98/128] elapsed=33.9m  avg=20.8s/prompt  eta=10.4m
block 1/40 - 1/120   7092.0 ms
block 2/40 - 4/120   6041.3 ms
block 3/40 - 7/120   6467.7 ms
block 4/40 - 10/120   6383.9 ms
block 5/40 - 13/120   6426.8 ms
block 6/40 - 16/120   6425.0 ms
block 7/40 - 19/120   6402.5 ms
block 8/40 - 22/120   6376.9 ms
block 9/40 - 25/120   6468.8 ms
block 10/40 - 28/120   6498.3 ms
block 11/40 - 31/120   6412.5 ms
block 12/40 - 34/120   6772.5 ms
block 13/40 - 37/120   6603.8 ms
block 14/40 - 40/120   6210.1 ms
block 15/40 - 43/120   6634.6 ms
block 16/40 - 46/120   6486.5 ms
block 17/40 - 49/120   6392.3 ms
block 18/40 - 52/120   6247.7 ms
block 19/40 - 55/120   6451.0 ms
block 20/40 - 58/120   6334.7 ms
block 21/40 - 61/120   6396.7 ms
block 22/40 - 64/120   6402.3 ms
block 23/40 - 67/120   6393.6 ms
block 24/40 - 70/120   6406.6 ms
block 25/40 - 73/120   6345.1 ms
block 26/40 - 76/120   6503.7 ms
block 27/40 - 79/120   6411.7 ms
block 28/40 - 82/120   6455.3 ms
block 29/40 - 85/120   6397.5 ms
block 30/40 - 88/120   4836.7 ms
block 31/40 - 91/120   2484.7 ms
block 32/40 - 94/120   2495.4 ms
block 33/40 - 97/120   2494.3 ms
block 34/40 - 100/120   2482.8 ms
block 35/40 - 103/120   2483.3 ms
block 36/40 - 106/120   2538.4 ms
block 37/40 - 109/120   2431.8 ms
block 38/40 - 112/120   2499.7 ms
block 39/40 - 115/120   2473.4 ms
block 40/40 - 118/120   2480.5 ms
[114/128] elapsed=37.5m  avg=19.8s/prompt  eta=4.6m
