Running on a single GPU (cuda); skipping NCCL initialization.
Free VRAM 94.6702880859375 GB
Loading CUDA extension (first run compiles ~60s; cached run ~3s)...
CUDA extension ready in 148.7s.
[CacheCompatibilityPolicy] recent=20:355 coverage=21:5 episode=22:0 coverage_policy=reservoir budget=9FFE read_budget=9FFE owner=HeadComposition
KV inference with 3 frames per block
Number of prompts: 128
Prompt index range: [0, 128)
Loading PyramidKV config from /apdcephfs_gy2/share_303214315/cedricnie/develop/training-free/runs/v181_rccp_long_stress/inputs/maps/rccp_matched.csv
block 1/80 - 1/240  262267.8 ms
block 2/80 - 4/240   5528.3 ms
block 3/80 - 7/240   6404.8 ms
block 4/80 - 10/240   6499.4 ms
block 5/80 - 13/240   6405.1 ms
block 6/80 - 16/240   6385.4 ms
block 7/80 - 19/240   6371.8 ms
block 8/80 - 22/240   6385.9 ms
block 9/80 - 25/240   6360.9 ms
block 10/80 - 28/240   6363.7 ms
block 11/80 - 31/240   6361.3 ms
block 12/80 - 34/240   6301.6 ms
block 13/80 - 37/240   6356.5 ms
block 14/80 - 40/240   6351.6 ms
block 15/80 - 43/240   6361.7 ms
block 16/80 - 46/240   6358.3 ms
block 17/80 - 49/240   6359.7 ms
block 18/80 - 52/240   6354.8 ms
block 19/80 - 55/240   6354.6 ms
block 20/80 - 58/240   6358.4 ms
block 21/80 - 61/240   6345.5 ms
block 22/80 - 64/240   6362.7 ms
block 23/80 - 67/240   6375.2 ms
block 24/80 - 70/240   6409.2 ms
block 25/80 - 73/240   6355.8 ms
block 26/80 - 76/240   6336.2 ms
block 27/80 - 79/240   6313.8 ms
block 28/80 - 82/240   6343.2 ms
block 29/80 - 85/240   6350.9 ms
block 30/80 - 88/240   6354.1 ms
block 31/80 - 91/240   6373.9 ms
block 32/80 - 94/240   6356.4 ms
block 33/80 - 97/240   6351.1 ms
block 34/80 - 100/240   6368.7 ms
block 35/80 - 103/240   6330.8 ms
block 36/80 - 106/240   6360.6 ms
block 37/80 - 109/240   6334.5 ms
block 38/80 - 112/240   6355.5 ms
block 39/80 - 115/240   6361.9 ms
block 40/80 - 118/240   6348.5 ms
block 41/80 - 121/240   6357.1 ms
block 42/80 - 124/240   6358.9 ms
block 43/80 - 127/240   6375.5 ms
block 44/80 - 130/240   6357.5 ms
block 45/80 - 133/240   6338.3 ms
block 46/80 - 136/240   6341.6 ms
block 47/80 - 139/240   6354.0 ms
block 48/80 - 142/240   6357.0 ms
block 49/80 - 145/240   6338.7 ms
block 50/80 - 148/240   6390.3 ms
block 51/80 - 151/240   6344.3 ms
block 52/80 - 154/240   6375.8 ms
block 53/80 - 157/240   6373.0 ms
block 54/80 - 160/240   6357.0 ms
block 55/80 - 163/240   6388.0 ms
block 56/80 - 166/240   6112.7 ms
block 57/80 - 169/240   6358.7 ms
block 58/80 - 172/240   6358.4 ms
block 59/80 - 175/240   6371.0 ms
block 60/80 - 178/240   6361.9 ms
block 61/80 - 181/240   6357.2 ms
block 62/80 - 184/240   6390.9 ms
block 63/80 - 187/240   6358.5 ms
block 64/80 - 190/240   6362.2 ms
block 65/80 - 193/240   6358.9 ms
block 66/80 - 196/240   6357.0 ms
block 67/80 - 199/240   6374.6 ms
block 68/80 - 202/240   6359.5 ms
block 69/80 - 205/240   6354.7 ms
block 70/80 - 208/240   6358.1 ms
block 71/80 - 211/240   6371.9 ms
block 72/80 - 214/240   6342.4 ms
block 73/80 - 217/240   6349.7 ms
block 74/80 - 220/240   6356.7 ms
block 75/80 - 223/240   6341.0 ms
block 76/80 - 226/240   6360.8 ms
block 77/80 - 229/240   6356.7 ms
block 78/80 - 232/240   6344.5 ms
block 79/80 - 235/240   6362.0 ms
block 80/80 - 238/240   5290.1 ms
[8/128] elapsed=12.7m  avg=95.5s/prompt  eta=191.1m
/apdcephfs_gy2/share_303214315/cedricnie/miniconda3/envs/longlive/lib/python3.10/site-packages/torchvision/io/_video_deprecation_warning.py:9: UserWarning: The video decoding and encoding capabilities of torchvision are deprecated from version 0.22 and will be removed in version 0.24. We recommend that you migrate to TorchCodec, where we'll consolidate the future decoding/encoding capabilities of PyTorch: https://github.com/pytorch/torchcodec
  warnings.warn(
block 1/80 - 1/240   4555.3 ms
block 2/80 - 4/240   7373.6 ms
block 3/80 - 7/240   6333.3 ms
block 4/80 - 10/240   6384.7 ms
block 5/80 - 13/240   6359.9 ms
block 6/80 - 16/240   6341.3 ms
block 7/80 - 19/240   6337.9 ms
block 8/80 - 22/240   6339.2 ms
block 9/80 - 25/240   6333.8 ms
block 10/80 - 28/240   6360.3 ms
block 11/80 - 31/240   6357.0 ms
block 12/80 - 34/240   6339.8 ms
block 13/80 - 37/240   6334.4 ms
block 14/80 - 40/240   6333.5 ms
block 15/80 - 43/240   6356.4 ms
block 16/80 - 46/240   6333.1 ms
block 17/80 - 49/240   6343.0 ms
block 18/80 - 52/240   6338.3 ms
block 19/80 - 55/240   6355.3 ms
block 20/80 - 58/240   6354.5 ms
block 21/80 - 61/240   6337.7 ms
block 22/80 - 64/240   6359.8 ms
block 23/80 - 67/240   6333.4 ms
block 24/80 - 70/240   6334.1 ms
block 25/80 - 73/240   6353.1 ms
block 26/80 - 76/240   6332.8 ms
block 27/80 - 79/240   6378.6 ms
block 28/80 - 82/240   6340.9 ms
block 29/80 - 85/240   6346.1 ms
block 30/80 - 88/240   6365.4 ms
block 31/80 - 91/240   6333.6 ms
block 32/80 - 94/240   6333.7 ms
block 33/80 - 97/240   6333.3 ms
block 34/80 - 100/240   6333.3 ms
block 35/80 - 103/240   6355.6 ms
block 36/80 - 106/240   6319.8 ms
block 37/80 - 109/240   6357.4 ms
block 38/80 - 112/240   6342.3 ms
block 39/80 - 115/240   6354.7 ms
block 40/80 - 118/240   6336.8 ms
block 41/80 - 121/240   6360.5 ms
block 42/80 - 124/240   6338.1 ms
block 43/80 - 127/240   6330.6 ms
block 44/80 - 130/240   6340.1 ms
block 45/80 - 133/240   6334.7 ms
block 46/80 - 136/240   6339.8 ms
block 47/80 - 139/240   6328.9 ms
block 48/80 - 142/240   6377.9 ms
block 49/80 - 145/240   6334.1 ms
block 50/80 - 148/240   6357.6 ms
block 51/80 - 151/240   6338.5 ms
block 52/80 - 154/240   6355.5 ms
block 53/80 - 157/240   6337.7 ms
block 54/80 - 160/240   6338.8 ms
block 55/80 - 163/240   6332.6 ms
block 56/80 - 166/240   6341.6 ms
block 57/80 - 169/240   6369.2 ms
block 58/80 - 172/240   6330.5 ms
block 59/80 - 175/240   6335.0 ms
block 60/80 - 178/240   6355.0 ms
block 61/80 - 181/240   6359.2 ms
block 62/80 - 184/240   6334.9 ms
block 63/80 - 187/240   6332.4 ms
block 64/80 - 190/240   6348.8 ms
block 65/80 - 193/240   6315.6 ms
block 66/80 - 196/240   6329.4 ms
block 67/80 - 199/240   6368.4 ms
block 68/80 - 202/240   6336.5 ms
block 69/80 - 205/240   6356.7 ms
block 70/80 - 208/240   6351.2 ms
block 71/80 - 211/240   6371.3 ms
block 72/80 - 214/240   6330.7 ms
block 73/80 - 217/240   6359.1 ms
block 74/80 - 220/240   6335.7 ms
block 75/80 - 223/240   6333.7 ms
block 76/80 - 226/240   6351.0 ms
block 77/80 - 229/240   6354.7 ms
block 78/80 - 232/240   6356.7 ms
block 79/80 - 235/240   5091.2 ms
block 80/80 - 238/240   3248.3 ms
[24/128] elapsed=21.1m  avg=52.8s/prompt  eta=91.6m
block 1/80 - 1/240   4346.4 ms
block 2/80 - 4/240   7806.2 ms
block 3/80 - 7/240   6340.6 ms
block 4/80 - 10/240   6342.8 ms
block 5/80 - 13/240   6331.8 ms
block 6/80 - 16/240   6268.7 ms
block 7/80 - 19/240   6300.5 ms
block 8/80 - 22/240   6356.3 ms
block 9/80 - 25/240   6357.3 ms
block 10/80 - 28/240   6331.6 ms
block 11/80 - 31/240   6355.7 ms
block 12/80 - 34/240   6320.9 ms
block 13/80 - 37/240   6339.8 ms
block 14/80 - 40/240   6338.1 ms
block 15/80 - 43/240   6357.0 ms
block 16/80 - 46/240   6346.3 ms
block 17/80 - 49/240   6295.0 ms
block 18/80 - 52/240   6337.3 ms
block 19/80 - 55/240   6334.3 ms
block 20/80 - 58/240   6337.2 ms
block 21/80 - 61/240   6330.3 ms
block 22/80 - 64/240   6345.5 ms
block 23/80 - 67/240   6332.7 ms
block 24/80 - 70/240   6333.8 ms
block 25/80 - 73/240   6353.8 ms
block 26/80 - 76/240   6348.1 ms
block 27/80 - 79/240   6331.5 ms
block 28/80 - 82/240   6333.9 ms
block 29/80 - 85/240   6361.1 ms
block 30/80 - 88/240   6337.8 ms
block 31/80 - 91/240   6334.0 ms
block 32/80 - 94/240   6342.2 ms
block 33/80 - 97/240   6337.2 ms
block 34/80 - 100/240   6340.6 ms
block 35/80 - 103/240   6354.7 ms
block 36/80 - 106/240   6339.8 ms
block 37/80 - 109/240   6337.1 ms
block 38/80 - 112/240   6337.8 ms
block 39/80 - 115/240   6356.3 ms
block 40/80 - 118/240   6336.4 ms
block 41/80 - 121/240   6337.2 ms
block 42/80 - 124/240   6356.7 ms
block 43/80 - 127/240   6339.1 ms
block 44/80 - 130/240   6360.9 ms
block 45/80 - 133/240   6095.7 ms
block 46/80 - 136/240   6354.5 ms
block 47/80 - 139/240   6314.3 ms
block 48/80 - 142/240   6296.1 ms
block 49/80 - 145/240   6427.3 ms
block 50/80 - 148/240   6413.2 ms
block 51/80 - 151/240   6340.3 ms
block 52/80 - 154/240   6350.1 ms
block 53/80 - 157/240   6338.8 ms
block 54/80 - 160/240   6400.2 ms
block 55/80 - 163/240   6336.1 ms
block 56/80 - 166/240   6319.2 ms
block 57/80 - 169/240   6344.2 ms
block 58/80 - 172/240   6332.2 ms
block 59/80 - 175/240   6340.7 ms
block 60/80 - 178/240   6339.4 ms
block 61/80 - 181/240   6348.7 ms
block 62/80 - 184/240   6353.6 ms
block 63/80 - 187/240   6383.1 ms
block 64/80 - 190/240   6369.8 ms
block 65/80 - 193/240   6334.6 ms
block 66/80 - 196/240   6333.9 ms
block 67/80 - 199/240   6359.4 ms
block 68/80 - 202/240   6336.6 ms
block 69/80 - 205/240   6335.3 ms
block 70/80 - 208/240   6328.3 ms
block 71/80 - 211/240   6332.9 ms
block 72/80 - 214/240   6362.9 ms
block 73/80 - 217/240   6368.1 ms
block 74/80 - 220/240   6356.3 ms
block 75/80 - 223/240   6342.1 ms
block 76/80 - 226/240   6338.8 ms
block 77/80 - 229/240   6310.9 ms
block 78/80 - 232/240   6306.5 ms
block 79/80 - 235/240   5084.7 ms
block 80/80 - 238/240   3351.5 ms
[40/128] elapsed=29.5m  avg=44.3s/prompt  eta=64.9m
block 1/80 - 1/240   4553.4 ms
block 2/80 - 4/240   7933.4 ms
block 3/80 - 7/240   6346.8 ms
block 4/80 - 10/240   6353.1 ms
block 5/80 - 13/240   6381.6 ms
block 6/80 - 16/240   6332.2 ms
block 7/80 - 19/240   6352.0 ms
block 8/80 - 22/240   6337.0 ms
block 9/80 - 25/240   6345.4 ms
block 10/80 - 28/240   6371.0 ms
block 11/80 - 31/240   6330.2 ms
block 12/80 - 34/240   6358.0 ms
block 13/80 - 37/240   6372.1 ms
block 14/80 - 40/240   6357.5 ms
block 15/80 - 43/240   6352.7 ms
block 16/80 - 46/240   6350.7 ms
block 17/80 - 49/240   6340.1 ms
block 18/80 - 52/240   6337.2 ms
block 19/80 - 55/240   6327.0 ms
block 20/80 - 58/240   6338.4 ms
block 21/80 - 61/240   6329.2 ms
block 22/80 - 64/240   6396.4 ms
block 23/80 - 67/240   6300.3 ms
block 24/80 - 70/240   6338.2 ms
block 25/80 - 73/240   6344.9 ms
block 26/80 - 76/240   6339.1 ms
block 27/80 - 79/240   6415.6 ms
block 28/80 - 82/240   6359.6 ms
block 29/80 - 85/240   5845.6 ms
block 30/80 - 88/240   6333.7 ms
block 31/80 - 91/240   6388.6 ms
block 32/80 - 94/240   6346.7 ms
block 33/80 - 97/240   6346.9 ms
block 34/80 - 100/240   6333.2 ms
block 35/80 - 103/240   6356.5 ms
block 36/80 - 106/240   6335.5 ms
block 37/80 - 109/240   6331.6 ms
block 38/80 - 112/240   6356.2 ms
block 39/80 - 115/240   6345.7 ms
block 40/80 - 118/240   6335.9 ms
block 41/80 - 121/240   6388.4 ms
block 42/80 - 124/240   6354.4 ms
block 43/80 - 127/240   6328.5 ms
block 44/80 - 130/240   6365.0 ms
block 45/80 - 133/240   6329.2 ms
block 46/80 - 136/240   6354.2 ms
block 47/80 - 139/240   6342.3 ms
block 48/80 - 142/240   6351.5 ms
block 49/80 - 145/240   6332.1 ms
block 50/80 - 148/240   6378.1 ms
block 51/80 - 151/240   6369.9 ms
block 52/80 - 154/240   6354.3 ms
block 53/80 - 157/240   6347.2 ms
block 54/80 - 160/240   6331.1 ms
block 55/80 - 163/240   6355.3 ms
block 56/80 - 166/240   6332.5 ms
block 57/80 - 169/240   6352.7 ms
block 58/80 - 172/240   6342.7 ms
block 59/80 - 175/240   6333.8 ms
block 60/80 - 178/240   6391.8 ms
block 61/80 - 181/240   6332.3 ms
block 62/80 - 184/240   6326.8 ms
block 63/80 - 187/240   6330.4 ms
block 64/80 - 190/240   6378.5 ms
block 65/80 - 193/240   6368.2 ms
block 66/80 - 196/240   6358.2 ms
block 67/80 - 199/240   6357.1 ms
block 68/80 - 202/240   6332.4 ms
block 69/80 - 205/240   6402.6 ms
block 70/80 - 208/240   6382.0 ms
block 71/80 - 211/240   6331.3 ms
block 72/80 - 214/240   6497.7 ms
block 73/80 - 217/240   6363.5 ms
block 74/80 - 220/240   6350.2 ms
block 75/80 - 223/240   6354.9 ms
block 76/80 - 226/240   6354.6 ms
block 77/80 - 229/240   6328.1 ms
block 78/80 - 232/240   6357.2 ms
block 79/80 - 235/240   3598.1 ms
block 80/80 - 238/240   2467.1 ms
[56/128] elapsed=37.9m  avg=40.6s/prompt  eta=48.7m
block 1/80 - 1/240   1852.3 ms
block 2/80 - 4/240   2611.8 ms
block 3/80 - 7/240   2726.0 ms
block 4/80 - 10/240   2648.1 ms
block 5/80 - 13/240   2461.9 ms
block 6/80 - 16/240   2458.8 ms
block 7/80 - 19/240   2458.8 ms
block 8/80 - 22/240   2460.1 ms
block 9/80 - 25/240   2459.4 ms
block 10/80 - 28/240   2459.4 ms
block 11/80 - 31/240   2459.7 ms
block 12/80 - 34/240   2465.9 ms
block 13/80 - 37/240   2457.9 ms
block 14/80 - 40/240   2459.2 ms
block 15/80 - 43/240   2460.4 ms
block 16/80 - 46/240   2459.3 ms
block 17/80 - 49/240   2459.6 ms
block 18/80 - 52/240   2460.2 ms
block 19/80 - 55/240   2459.6 ms
block 20/80 - 58/240   2459.9 ms
block 21/80 - 61/240   2460.8 ms
block 22/80 - 64/240   2476.4 ms
block 23/80 - 67/240   2458.9 ms
block 24/80 - 70/240   2476.4 ms
block 25/80 - 73/240   2460.3 ms
block 26/80 - 76/240   2459.4 ms
block 27/80 - 79/240   2460.5 ms
block 28/80 - 82/240   2459.6 ms
block 29/80 - 85/240   2459.6 ms
block 30/80 - 88/240   2459.5 ms
block 31/80 - 91/240   2459.2 ms
block 32/80 - 94/240   2460.1 ms
block 33/80 - 97/240   2457.9 ms
block 34/80 - 100/240   2458.2 ms
block 35/80 - 103/240   2471.0 ms
block 36/80 - 106/240   2458.0 ms
block 37/80 - 109/240   2468.7 ms
block 38/80 - 112/240   2458.1 ms
block 39/80 - 115/240   2461.6 ms
block 40/80 - 118/240   2469.5 ms
block 41/80 - 121/240   2458.5 ms
block 42/80 - 124/240   2457.5 ms
block 43/80 - 127/240   2458.6 ms
block 44/80 - 130/240   2459.8 ms
block 45/80 - 133/240   2460.3 ms
block 46/80 - 136/240   2460.9 ms
block 47/80 - 139/240   2483.5 ms
block 48/80 - 142/240   2486.6 ms
block 49/80 - 145/240   2460.7 ms
block 50/80 - 148/240   2459.1 ms
block 51/80 - 151/240   2458.1 ms
block 52/80 - 154/240   2459.6 ms
block 53/80 - 157/240   2459.7 ms
block 54/80 - 160/240   2458.8 ms
block 55/80 - 163/240   2457.7 ms
block 56/80 - 166/240   2462.0 ms
block 57/80 - 169/240   2459.4 ms
block 58/80 - 172/240   2460.8 ms
block 59/80 - 175/240   2462.1 ms
block 60/80 - 178/240   2462.2 ms
block 61/80 - 181/240   2461.7 ms
block 62/80 - 184/240   2466.2 ms
block 63/80 - 187/240   2460.8 ms
block 64/80 - 190/240   2462.8 ms
block 65/80 - 193/240   2462.0 ms
block 66/80 - 196/240   2480.0 ms
block 67/80 - 199/240   2441.3 ms
block 68/80 - 202/240   2473.3 ms
block 69/80 - 205/240   2463.2 ms
block 70/80 - 208/240   2489.5 ms
block 71/80 - 211/240   2518.1 ms
block 72/80 - 214/240   2484.7 ms
block 73/80 - 217/240   2461.6 ms
block 74/80 - 220/240   2460.4 ms
block 75/80 - 223/240   2462.3 ms
block 76/80 - 226/240   2460.6 ms
block 77/80 - 229/240   2461.9 ms
block 78/80 - 232/240   2462.7 ms
block 79/80 - 235/240   2463.7 ms
block 80/80 - 238/240   2461.6 ms
[72/128] elapsed=41.2m  avg=34.3s/prompt  eta=32.0m
block 1/80 - 1/240   2007.2 ms
block 2/80 - 4/240   2523.4 ms
block 3/80 - 7/240   2692.7 ms
block 4/80 - 10/240   2674.0 ms
block 5/80 - 13/240   2456.4 ms
block 6/80 - 16/240   2458.3 ms
block 7/80 - 19/240   2457.9 ms
block 8/80 - 22/240   2450.7 ms
block 9/80 - 25/240   2457.3 ms
block 10/80 - 28/240   2464.9 ms
block 11/80 - 31/240   2467.6 ms
block 12/80 - 34/240   2467.0 ms
block 13/80 - 37/240   2465.0 ms
block 14/80 - 40/240   2457.9 ms
block 15/80 - 43/240   2474.5 ms
block 16/80 - 46/240   2457.2 ms
block 17/80 - 49/240   2469.2 ms
block 18/80 - 52/240   2463.8 ms
block 19/80 - 55/240   2471.1 ms
block 20/80 - 58/240   2479.9 ms
block 21/80 - 61/240   2457.8 ms
block 22/80 - 64/240   2456.1 ms
block 23/80 - 67/240   2457.6 ms
block 24/80 - 70/240   2470.9 ms
block 25/80 - 73/240   2457.8 ms
block 26/80 - 76/240   2457.2 ms
block 27/80 - 79/240   2457.2 ms
block 28/80 - 82/240   2457.5 ms
block 29/80 - 85/240   2480.8 ms
block 30/80 - 88/240   2458.4 ms
block 31/80 - 91/240   2458.8 ms
block 32/80 - 94/240   2457.9 ms
block 33/80 - 97/240   2449.4 ms
block 34/80 - 100/240   2459.2 ms
block 35/80 - 103/240   2457.6 ms
block 36/80 - 106/240   2458.5 ms
block 37/80 - 109/240   2456.4 ms
block 38/80 - 112/240   2459.1 ms
block 39/80 - 115/240   2486.5 ms
block 40/80 - 118/240   2506.0 ms
block 41/80 - 121/240   2496.7 ms
block 42/80 - 124/240   2515.9 ms
block 43/80 - 127/240   2458.7 ms
block 44/80 - 130/240   2461.3 ms
block 45/80 - 133/240   2458.7 ms
block 46/80 - 136/240   2467.2 ms
block 47/80 - 139/240   2455.9 ms
block 48/80 - 142/240   2458.4 ms
block 49/80 - 145/240   2456.5 ms
block 50/80 - 148/240   2456.4 ms
block 51/80 - 151/240   2459.8 ms
block 52/80 - 154/240   2529.3 ms
block 53/80 - 157/240   2457.5 ms
block 54/80 - 160/240   2457.3 ms
block 55/80 - 163/240   2456.5 ms
block 56/80 - 166/240   2457.5 ms
block 57/80 - 169/240   2453.5 ms
block 58/80 - 172/240   2459.1 ms
block 59/80 - 175/240   2457.6 ms
block 60/80 - 178/240   2459.3 ms
block 61/80 - 181/240   2458.4 ms
block 62/80 - 184/240   2458.4 ms
block 63/80 - 187/240   2470.2 ms
block 64/80 - 190/240   2485.1 ms
block 65/80 - 193/240   2458.9 ms
block 66/80 - 196/240   2457.0 ms
block 67/80 - 199/240   2460.0 ms
block 68/80 - 202/240   2459.0 ms
block 69/80 - 205/240   2459.3 ms
block 70/80 - 208/240   2467.2 ms
block 71/80 - 211/240   2491.6 ms
block 72/80 - 214/240   2455.8 ms
block 73/80 - 217/240   2457.7 ms
block 74/80 - 220/240   2461.8 ms
block 75/80 - 223/240   2457.9 ms
block 76/80 - 226/240   2468.0 ms
block 77/80 - 229/240   2462.6 ms
block 78/80 - 232/240   2459.7 ms
block 79/80 - 235/240   2461.9 ms
block 80/80 - 238/240   2457.5 ms
[88/128] elapsed=44.5m  avg=30.3s/prompt  eta=20.2m
block 1/80 - 1/240   2003.8 ms
block 2/80 - 4/240   2410.9 ms
block 3/80 - 7/240   2680.5 ms
block 4/80 - 10/240   2683.9 ms
block 5/80 - 13/240   2461.7 ms
block 6/80 - 16/240   2463.3 ms
block 7/80 - 19/240   2461.6 ms
block 8/80 - 22/240   2463.2 ms
block 9/80 - 25/240   2479.1 ms
block 10/80 - 28/240   2464.5 ms
block 11/80 - 31/240   2464.1 ms
block 12/80 - 34/240   2463.1 ms
block 13/80 - 37/240   2466.3 ms
block 14/80 - 40/240   2485.4 ms
block 15/80 - 43/240   2490.5 ms
block 16/80 - 46/240   2462.8 ms
block 17/80 - 49/240   2463.2 ms
block 18/80 - 52/240   2465.0 ms
block 19/80 - 55/240   2473.4 ms
block 20/80 - 58/240   2454.7 ms
block 21/80 - 61/240   2465.2 ms
block 22/80 - 64/240   2467.1 ms
block 23/80 - 67/240   2465.1 ms
block 24/80 - 70/240   2472.9 ms
block 25/80 - 73/240   2458.4 ms
block 26/80 - 76/240   2466.7 ms
block 27/80 - 79/240   2464.9 ms
block 28/80 - 82/240   2466.8 ms
block 29/80 - 85/240   2465.2 ms
block 30/80 - 88/240   2463.5 ms
block 31/80 - 91/240   2466.6 ms
block 32/80 - 94/240   2462.8 ms
block 33/80 - 97/240   2461.1 ms
block 34/80 - 100/240   2465.1 ms
block 35/80 - 103/240   2462.5 ms
block 36/80 - 106/240   2465.4 ms
block 37/80 - 109/240   2464.7 ms
block 38/80 - 112/240   2488.3 ms
block 39/80 - 115/240   2474.8 ms
block 40/80 - 118/240   2487.2 ms
block 41/80 - 121/240   2486.8 ms
block 42/80 - 124/240   2472.8 ms
block 43/80 - 127/240   2466.2 ms
block 44/80 - 130/240   2466.0 ms
block 45/80 - 133/240   2472.2 ms
block 46/80 - 136/240   2467.8 ms
block 47/80 - 139/240   2468.6 ms
block 48/80 - 142/240   2464.2 ms
block 49/80 - 145/240   2465.6 ms
block 50/80 - 148/240   2462.5 ms
block 51/80 - 151/240   2465.0 ms
block 52/80 - 154/240   2460.9 ms
block 53/80 - 157/240   2466.6 ms
block 54/80 - 160/240   2475.8 ms
block 55/80 - 163/240   2459.8 ms
block 56/80 - 166/240   2462.8 ms
block 57/80 - 169/240   2468.6 ms
block 58/80 - 172/240   2460.3 ms
block 59/80 - 175/240   2468.4 ms
block 60/80 - 178/240   2466.8 ms
block 61/80 - 181/240   2462.1 ms
block 62/80 - 184/240   2474.3 ms
block 63/80 - 187/240   2465.3 ms
block 64/80 - 190/240   2486.5 ms
block 65/80 - 193/240   2463.9 ms
block 66/80 - 196/240   2444.0 ms
block 67/80 - 199/240   2463.5 ms
block 68/80 - 202/240   2461.1 ms
block 69/80 - 205/240   2475.7 ms
block 70/80 - 208/240   2462.7 ms
block 71/80 - 211/240   2462.3 ms
block 72/80 - 214/240   2462.7 ms
block 73/80 - 217/240   2461.4 ms
block 74/80 - 220/240   2455.6 ms
block 75/80 - 223/240   2464.5 ms
block 76/80 - 226/240   2463.6 ms
block 77/80 - 229/240   2462.9 ms
block 78/80 - 232/240   2465.5 ms
block 79/80 - 235/240   2461.9 ms
block 80/80 - 238/240   2500.9 ms
[104/128] elapsed=47.8m  avg=27.6s/prompt  eta=11.0m
block 1/80 - 1/240   1832.9 ms
block 2/80 - 4/240   2395.6 ms
block 3/80 - 7/240   3014.4 ms
block 4/80 - 10/240   2683.2 ms
block 5/80 - 13/240   2462.9 ms
block 6/80 - 16/240   2467.3 ms
block 7/80 - 19/240   2474.6 ms
block 8/80 - 22/240   2490.6 ms
block 9/80 - 25/240   2462.0 ms
block 10/80 - 28/240   2461.6 ms
block 11/80 - 31/240   2465.7 ms
block 12/80 - 34/240   2463.4 ms
block 13/80 - 37/240   2464.4 ms
block 14/80 - 40/240   2466.3 ms
block 15/80 - 43/240   2465.7 ms
block 16/80 - 46/240   2465.9 ms
block 17/80 - 49/240   2463.7 ms
block 18/80 - 52/240   2461.3 ms
block 19/80 - 55/240   2465.9 ms
block 20/80 - 58/240   2464.7 ms
block 21/80 - 61/240   2466.2 ms
block 22/80 - 64/240   2466.4 ms
block 23/80 - 67/240   2463.5 ms
block 24/80 - 70/240   2466.3 ms
block 25/80 - 73/240   2481.2 ms
block 26/80 - 76/240   2483.1 ms
block 27/80 - 79/240   2472.7 ms
block 28/80 - 82/240   2463.5 ms
block 29/80 - 85/240   2463.3 ms
block 30/80 - 88/240   2463.8 ms
block 31/80 - 91/240   2501.7 ms
block 32/80 - 94/240   2493.2 ms
block 33/80 - 97/240   2494.4 ms
block 34/80 - 100/240   2462.5 ms
block 35/80 - 103/240   2465.2 ms
block 36/80 - 106/240   2464.0 ms
block 37/80 - 109/240   2466.5 ms
block 38/80 - 112/240   2464.2 ms
block 39/80 - 115/240   2465.3 ms
block 40/80 - 118/240   2464.0 ms
block 41/80 - 121/240   2466.8 ms
block 42/80 - 124/240   2519.8 ms
block 43/80 - 127/240   2414.6 ms
block 44/80 - 130/240   2461.8 ms
block 45/80 - 133/240   2461.8 ms
block 46/80 - 136/240   2495.3 ms
block 47/80 - 139/240   2451.6 ms
block 48/80 - 142/240   2465.6 ms
block 49/80 - 145/240   2464.4 ms
block 50/80 - 148/240   2464.0 ms
block 51/80 - 151/240   2463.3 ms
block 52/80 - 154/240   2463.0 ms
block 53/80 - 157/240   2478.2 ms
block 54/80 - 160/240   2468.3 ms
block 55/80 - 163/240   2477.7 ms
block 56/80 - 166/240   2463.1 ms
block 57/80 - 169/240   2478.3 ms
block 58/80 - 172/240   2463.0 ms
block 59/80 - 175/240   2464.1 ms
block 60/80 - 178/240   2460.9 ms
block 61/80 - 181/240   2462.9 ms
block 62/80 - 184/240   2468.7 ms
block 63/80 - 187/240   2715.7 ms
block 64/80 - 190/240   2463.1 ms
block 65/80 - 193/240   2464.0 ms
block 66/80 - 196/240   2460.2 ms
block 67/80 - 199/240   2464.9 ms
block 68/80 - 202/240   2464.1 ms
block 69/80 - 205/240   2464.2 ms
block 70/80 - 208/240   2478.2 ms
block 71/80 - 211/240   2519.2 ms
block 72/80 - 214/240   2474.7 ms
block 73/80 - 217/240   2464.1 ms
block 74/80 - 220/240   2464.8 ms
block 75/80 - 223/240   2463.5 ms
block 76/80 - 226/240   2463.8 ms
block 77/80 - 229/240   2466.6 ms
block 78/80 - 232/240   2463.5 ms
block 79/80 - 235/240   2464.6 ms
block 80/80 - 238/240   2476.8 ms
[120/128] elapsed=51.1m  avg=25.5s/prompt  eta=3.4m
