Running on a single GPU (cuda); skipping NCCL initialization.
Free VRAM 94.3734130859375 GB
Loading CUDA extension (first run compiles ~60s; cached run ~3s)...
CUDA extension ready in 147.7s.
[CacheCompatibilityPolicy] recent=20:355 coverage=21:5 episode=22:0 coverage_policy=reservoir budget=9FFE read_budget=9FFE owner=HeadComposition
KV inference with 3 frames per block
Number of prompts: 128
Prompt index range: [0, 128)
Loading PyramidKV config from /apdcephfs_gy2/share_303214315/cedricnie/develop/training-free/runs/v181_rccp_long_stress/inputs/maps/rccp_matched.csv
block 1/80 - 1/240  261822.1 ms
block 2/80 - 4/240   5168.8 ms
block 3/80 - 7/240   6459.6 ms
block 4/80 - 10/240   6634.8 ms
block 5/80 - 13/240   6690.4 ms
block 6/80 - 16/240   6432.8 ms
block 7/80 - 19/240   6800.5 ms
block 8/80 - 22/240   6498.7 ms
block 9/80 - 25/240   6422.7 ms
block 10/80 - 28/240   6407.2 ms
block 11/80 - 31/240   6425.5 ms
block 12/80 - 34/240   6445.5 ms
block 13/80 - 37/240   6451.7 ms
block 14/80 - 40/240   6447.1 ms
block 15/80 - 43/240   6459.7 ms
block 16/80 - 46/240   6461.6 ms
block 17/80 - 49/240   6411.2 ms
block 18/80 - 52/240   6426.2 ms
block 19/80 - 55/240   6454.7 ms
block 20/80 - 58/240   6461.5 ms
block 21/80 - 61/240   6464.0 ms
block 22/80 - 64/240   6476.3 ms
block 23/80 - 67/240   6494.0 ms
block 24/80 - 70/240   6462.5 ms
block 25/80 - 73/240   6443.9 ms
block 26/80 - 76/240   6460.7 ms
block 27/80 - 79/240   6404.7 ms
block 28/80 - 82/240   6419.1 ms
block 29/80 - 85/240   6424.1 ms
block 30/80 - 88/240   6446.2 ms
block 31/80 - 91/240   6447.2 ms
block 32/80 - 94/240   6427.0 ms
block 33/80 - 97/240   6402.7 ms
block 34/80 - 100/240   6445.4 ms
block 35/80 - 103/240   6425.1 ms
block 36/80 - 106/240   6404.1 ms
block 37/80 - 109/240   6427.5 ms
block 38/80 - 112/240   6404.8 ms
block 39/80 - 115/240   6444.7 ms
block 40/80 - 118/240   6447.6 ms
block 41/80 - 121/240   6458.7 ms
block 42/80 - 124/240   6490.4 ms
block 43/80 - 127/240   6460.3 ms
block 44/80 - 130/240   6464.6 ms
block 45/80 - 133/240   6441.2 ms
block 46/80 - 136/240   6466.3 ms
block 47/80 - 139/240   6422.6 ms
block 48/80 - 142/240   6462.4 ms
block 49/80 - 145/240   6477.3 ms
block 50/80 - 148/240   6424.0 ms
block 51/80 - 151/240   6420.4 ms
block 52/80 - 154/240   6464.1 ms
block 53/80 - 157/240   6440.0 ms
block 54/80 - 160/240   6406.3 ms
block 55/80 - 163/240   6406.9 ms
block 56/80 - 166/240   6459.4 ms
block 57/80 - 169/240   6443.6 ms
block 58/80 - 172/240   6463.1 ms
block 59/80 - 175/240   6404.5 ms
block 60/80 - 178/240   6430.4 ms
block 61/80 - 181/240   6428.0 ms
block 62/80 - 184/240   6421.5 ms
block 63/80 - 187/240   6425.8 ms
block 64/80 - 190/240   6436.2 ms
block 65/80 - 193/240   6458.2 ms
block 66/80 - 196/240   6457.6 ms
block 67/80 - 199/240   6490.9 ms
block 68/80 - 202/240   6419.9 ms
block 69/80 - 205/240   6444.9 ms
block 70/80 - 208/240   6475.5 ms
block 71/80 - 211/240   6464.3 ms
block 72/80 - 214/240   6445.5 ms
block 73/80 - 217/240   6460.4 ms
block 74/80 - 220/240   6427.6 ms
block 75/80 - 223/240   6440.2 ms
block 76/80 - 226/240   6461.3 ms
block 77/80 - 229/240   6444.8 ms
block 78/80 - 232/240   6466.7 ms
block 79/80 - 235/240   6438.9 ms
block 80/80 - 238/240   4065.6 ms
[4/128] elapsed=12.8m  avg=192.5s/prompt  eta=397.8m
/apdcephfs_gy2/share_303214315/cedricnie/miniconda3/envs/longlive/lib/python3.10/site-packages/torchvision/io/_video_deprecation_warning.py:9: UserWarning: The video decoding and encoding capabilities of torchvision are deprecated from version 0.22 and will be removed in version 0.24. We recommend that you migrate to TorchCodec, where we'll consolidate the future decoding/encoding capabilities of PyTorch: https://github.com/pytorch/torchcodec
  warnings.warn(
block 1/80 - 1/240   5109.1 ms
block 2/80 - 4/240   7405.3 ms
block 3/80 - 7/240   6463.0 ms
block 4/80 - 10/240   6460.6 ms
block 5/80 - 13/240   6440.1 ms
block 6/80 - 16/240   6461.1 ms
block 7/80 - 19/240   6438.9 ms
block 8/80 - 22/240   6516.6 ms
block 9/80 - 25/240   6459.6 ms
block 10/80 - 28/240   6132.4 ms
block 11/80 - 31/240   5976.3 ms
block 12/80 - 34/240   6441.2 ms
block 13/80 - 37/240   6424.1 ms
block 14/80 - 40/240   6419.6 ms
block 15/80 - 43/240   6423.9 ms
block 16/80 - 46/240   6387.3 ms
block 17/80 - 49/240   6400.7 ms
block 18/80 - 52/240   6415.2 ms
block 19/80 - 55/240   6433.7 ms
block 20/80 - 58/240   6430.8 ms
block 21/80 - 61/240   6439.8 ms
block 22/80 - 64/240   6426.2 ms
block 23/80 - 67/240   6463.4 ms
block 24/80 - 70/240   6437.0 ms
block 25/80 - 73/240   6446.1 ms
block 26/80 - 76/240   6442.5 ms
block 27/80 - 79/240   6507.1 ms
block 28/80 - 82/240   6459.5 ms
block 29/80 - 85/240   6459.3 ms
block 30/80 - 88/240   6441.0 ms
block 31/80 - 91/240   6460.6 ms
block 32/80 - 94/240   6446.8 ms
block 33/80 - 97/240   6473.5 ms
block 34/80 - 100/240   6455.9 ms
block 35/80 - 103/240   6363.1 ms
block 36/80 - 106/240   6441.1 ms
block 37/80 - 109/240   6448.2 ms
block 38/80 - 112/240   6448.2 ms
block 39/80 - 115/240   6400.9 ms
block 40/80 - 118/240   6423.7 ms
block 41/80 - 121/240   6422.7 ms
block 42/80 - 124/240   6401.1 ms
block 43/80 - 127/240   6456.4 ms
block 44/80 - 130/240   6468.2 ms
block 45/80 - 133/240   6368.1 ms
block 46/80 - 136/240   6410.7 ms
block 47/80 - 139/240   6404.2 ms
block 48/80 - 142/240   6419.5 ms
block 49/80 - 145/240   6521.0 ms
block 50/80 - 148/240   6686.1 ms
block 51/80 - 151/240   6780.1 ms
block 52/80 - 154/240   6567.1 ms
block 53/80 - 157/240   6458.2 ms
block 54/80 - 160/240   6462.8 ms
block 55/80 - 163/240   6470.1 ms
block 56/80 - 166/240   6461.9 ms
block 57/80 - 169/240   6461.1 ms
block 58/80 - 172/240   6441.8 ms
block 59/80 - 175/240   6437.7 ms
block 60/80 - 178/240   6440.1 ms
block 61/80 - 181/240   6460.6 ms
block 62/80 - 184/240   6433.5 ms
block 63/80 - 187/240   6439.4 ms
block 64/80 - 190/240   6429.8 ms
block 65/80 - 193/240   6426.4 ms
block 66/80 - 196/240   6459.6 ms
block 67/80 - 199/240   6458.4 ms
block 68/80 - 202/240   6441.0 ms
block 69/80 - 205/240   6420.8 ms
block 70/80 - 208/240   6275.5 ms
block 71/80 - 211/240   6262.4 ms
block 72/80 - 214/240   6358.6 ms
block 73/80 - 217/240   6425.7 ms
block 74/80 - 220/240   6507.2 ms
block 75/80 - 223/240   6469.2 ms
block 76/80 - 226/240   6441.0 ms
block 77/80 - 229/240   6464.2 ms
block 78/80 - 232/240   5654.3 ms
block 79/80 - 235/240   3304.8 ms
block 80/80 - 238/240   3294.1 ms
[20/128] elapsed=21.3m  avg=63.9s/prompt  eta=115.1m
block 1/80 - 1/240   9112.6 ms
block 2/80 - 4/240   6130.6 ms
block 3/80 - 7/240   6462.1 ms
block 4/80 - 10/240   6493.8 ms
block 5/80 - 13/240   6464.0 ms
block 6/80 - 16/240   6443.8 ms
block 7/80 - 19/240   6445.1 ms
block 8/80 - 22/240   6466.2 ms
block 9/80 - 25/240   6433.3 ms
block 10/80 - 28/240   6429.9 ms
block 11/80 - 31/240   6477.0 ms
block 12/80 - 34/240   6439.1 ms
block 13/80 - 37/240   6453.3 ms
block 14/80 - 40/240   6405.7 ms
block 15/80 - 43/240   6429.5 ms
block 16/80 - 46/240   6463.7 ms
block 17/80 - 49/240   6476.2 ms
block 18/80 - 52/240   6490.8 ms
block 19/80 - 55/240   6482.0 ms
block 20/80 - 58/240   6485.9 ms
block 21/80 - 61/240   6482.5 ms
block 22/80 - 64/240   6644.1 ms
block 23/80 - 67/240   6812.3 ms
block 24/80 - 70/240   6715.8 ms
block 25/80 - 73/240   6527.3 ms
block 26/80 - 76/240   6486.6 ms
block 27/80 - 79/240   6463.1 ms
block 28/80 - 82/240   6457.7 ms
block 29/80 - 85/240   6439.1 ms
block 30/80 - 88/240   6478.4 ms
block 31/80 - 91/240   6485.6 ms
block 32/80 - 94/240   6469.4 ms
block 33/80 - 97/240   6499.0 ms
block 34/80 - 100/240   6484.1 ms
block 35/80 - 103/240   6485.7 ms
block 36/80 - 106/240   6474.7 ms
block 37/80 - 109/240   6484.5 ms
block 38/80 - 112/240   6439.6 ms
block 39/80 - 115/240   6469.0 ms
block 40/80 - 118/240   6460.8 ms
block 41/80 - 121/240   6360.7 ms
block 42/80 - 124/240   6448.4 ms
block 43/80 - 127/240   6472.3 ms
block 44/80 - 130/240   6485.2 ms
block 45/80 - 133/240   6483.4 ms
block 46/80 - 136/240   6485.4 ms
block 47/80 - 139/240   6494.0 ms
block 48/80 - 142/240   6497.0 ms
block 49/80 - 145/240   6483.3 ms
block 50/80 - 148/240   6467.6 ms
block 51/80 - 151/240   6473.9 ms
block 52/80 - 154/240   6484.7 ms
block 53/80 - 157/240   6417.6 ms
block 54/80 - 160/240   6470.6 ms
block 55/80 - 163/240   6479.1 ms
block 56/80 - 166/240   6483.8 ms
block 57/80 - 169/240   6467.9 ms
block 58/80 - 172/240   6468.8 ms
block 59/80 - 175/240   6505.5 ms
block 60/80 - 178/240   6486.9 ms
block 61/80 - 181/240   6490.4 ms
block 62/80 - 184/240   6485.2 ms
block 63/80 - 187/240   6485.7 ms
block 64/80 - 190/240   6486.8 ms
block 65/80 - 193/240   6492.4 ms
block 66/80 - 196/240   6473.8 ms
block 67/80 - 199/240   6474.1 ms
block 68/80 - 202/240   6464.5 ms
block 69/80 - 205/240   6464.8 ms
block 70/80 - 208/240   6530.6 ms
block 71/80 - 211/240   6803.1 ms
block 72/80 - 214/240   6806.4 ms
block 73/80 - 217/240   6514.7 ms
block 74/80 - 220/240   6457.6 ms
block 75/80 - 223/240   6457.3 ms
block 76/80 - 226/240   6261.2 ms
block 77/80 - 229/240   3371.7 ms
block 78/80 - 232/240   3364.0 ms
block 79/80 - 235/240   4851.4 ms
block 80/80 - 238/240   6350.6 ms
[36/128] elapsed=29.9m  avg=49.8s/prompt  eta=76.4m
block 1/80 - 1/240   9661.2 ms
block 2/80 - 4/240   6111.5 ms
block 3/80 - 7/240   6479.6 ms
block 4/80 - 10/240   6479.0 ms
block 5/80 - 13/240   6297.3 ms
block 6/80 - 16/240   6476.3 ms
block 7/80 - 19/240   6447.8 ms
block 8/80 - 22/240   6503.6 ms
block 9/80 - 25/240   6479.1 ms
block 10/80 - 28/240   6479.6 ms
block 11/80 - 31/240   6464.5 ms
block 12/80 - 34/240   6460.4 ms
block 13/80 - 37/240   6480.4 ms
block 14/80 - 40/240   6482.6 ms
block 15/80 - 43/240   6479.6 ms
block 16/80 - 46/240   6482.4 ms
block 17/80 - 49/240   6480.6 ms
block 18/80 - 52/240   6478.6 ms
block 19/80 - 55/240   6481.9 ms
block 20/80 - 58/240   6482.9 ms
block 21/80 - 61/240   6481.8 ms
block 22/80 - 64/240   6478.4 ms
block 23/80 - 67/240   6490.5 ms
block 24/80 - 70/240   6476.5 ms
block 25/80 - 73/240   6480.6 ms
block 26/80 - 76/240   6527.3 ms
block 27/80 - 79/240   6478.7 ms
block 28/80 - 82/240   6489.0 ms
block 29/80 - 85/240   6474.0 ms
block 30/80 - 88/240   6480.0 ms
block 31/80 - 91/240   6479.4 ms
block 32/80 - 94/240   6491.3 ms
block 33/80 - 97/240   6481.5 ms
block 34/80 - 100/240   6605.7 ms
block 35/80 - 103/240   6797.3 ms
block 36/80 - 106/240   6749.5 ms
block 37/80 - 109/240   6462.3 ms
block 38/80 - 112/240   6480.4 ms
block 39/80 - 115/240   6479.5 ms
block 40/80 - 118/240   6480.8 ms
block 41/80 - 121/240   6482.7 ms
block 42/80 - 124/240   6505.4 ms
block 43/80 - 127/240   6484.2 ms
block 44/80 - 130/240   6477.3 ms
block 45/80 - 133/240   6503.1 ms
block 46/80 - 136/240   6483.5 ms
block 47/80 - 139/240   6478.3 ms
block 48/80 - 142/240   6482.1 ms
block 49/80 - 145/240   6483.0 ms
block 50/80 - 148/240   6481.7 ms
block 51/80 - 151/240   6502.8 ms
block 52/80 - 154/240   6477.8 ms
block 53/80 - 157/240   6338.3 ms
block 54/80 - 160/240   6246.2 ms
block 55/80 - 163/240   6480.8 ms
block 56/80 - 166/240   6480.9 ms
block 57/80 - 169/240   6478.9 ms
block 58/80 - 172/240   6481.9 ms
block 59/80 - 175/240   6481.5 ms
block 60/80 - 178/240   6487.5 ms
block 61/80 - 181/240   6482.9 ms
block 62/80 - 184/240   6452.2 ms
block 63/80 - 187/240   6460.0 ms
block 64/80 - 190/240   6478.7 ms
block 65/80 - 193/240   6479.3 ms
block 66/80 - 196/240   6480.4 ms
block 67/80 - 199/240   6493.2 ms
block 68/80 - 202/240   6493.4 ms
block 69/80 - 205/240   6481.1 ms
block 70/80 - 208/240   6477.5 ms
block 71/80 - 211/240   6539.6 ms
block 72/80 - 214/240   6497.6 ms
block 73/80 - 217/240   6455.6 ms
block 74/80 - 220/240   6475.9 ms
block 75/80 - 223/240   3361.9 ms
block 76/80 - 226/240   2462.0 ms
block 77/80 - 229/240   2465.8 ms
block 78/80 - 232/240   2472.2 ms
block 79/80 - 235/240   2465.8 ms
block 80/80 - 238/240   2469.2 ms
[52/128] elapsed=38.2m  avg=44.1s/prompt  eta=55.8m
block 1/80 - 1/240   2006.3 ms
block 2/80 - 4/240   2321.5 ms
block 3/80 - 7/240   2706.7 ms
block 4/80 - 10/240   2717.6 ms
block 5/80 - 13/240   2465.8 ms
block 6/80 - 16/240   2465.9 ms
block 7/80 - 19/240   2470.1 ms
block 8/80 - 22/240   2466.5 ms
block 9/80 - 25/240   2485.3 ms
block 10/80 - 28/240   2487.3 ms
block 11/80 - 31/240   2474.0 ms
block 12/80 - 34/240   2468.9 ms
block 13/80 - 37/240   2493.4 ms
block 14/80 - 40/240   2467.0 ms
block 15/80 - 43/240   2467.7 ms
block 16/80 - 46/240   2468.0 ms
block 17/80 - 49/240   2467.7 ms
block 18/80 - 52/240   2468.3 ms
block 19/80 - 55/240   2467.9 ms
block 20/80 - 58/240   2469.6 ms
block 21/80 - 61/240   2474.4 ms
block 22/80 - 64/240   2469.5 ms
block 23/80 - 67/240   2469.3 ms
block 24/80 - 70/240   2468.6 ms
block 25/80 - 73/240   2469.1 ms
block 26/80 - 76/240   2470.8 ms
block 27/80 - 79/240   2468.8 ms
block 28/80 - 82/240   2468.3 ms
block 29/80 - 85/240   2472.4 ms
block 30/80 - 88/240   2479.4 ms
block 31/80 - 91/240   2469.4 ms
block 32/80 - 94/240   2468.7 ms
block 33/80 - 97/240   2469.4 ms
block 34/80 - 100/240   2469.5 ms
block 35/80 - 103/240   2470.2 ms
block 36/80 - 106/240   2492.0 ms
block 37/80 - 109/240   2466.2 ms
block 38/80 - 112/240   2467.2 ms
block 39/80 - 115/240   2468.8 ms
block 40/80 - 118/240   2468.0 ms
block 41/80 - 121/240   2471.3 ms
block 42/80 - 124/240   2469.3 ms
block 43/80 - 127/240   2473.5 ms
block 44/80 - 130/240   2470.2 ms
block 45/80 - 133/240   2468.6 ms
block 46/80 - 136/240   2469.2 ms
block 47/80 - 139/240   2469.4 ms
block 48/80 - 142/240   2469.3 ms
block 49/80 - 145/240   2469.9 ms
block 50/80 - 148/240   2468.8 ms
block 51/80 - 151/240   2468.7 ms
block 52/80 - 154/240   2469.2 ms
block 53/80 - 157/240   2485.6 ms
block 54/80 - 160/240   2491.1 ms
block 55/80 - 163/240   2476.1 ms
block 56/80 - 166/240   2467.3 ms
block 57/80 - 169/240   2491.0 ms
block 58/80 - 172/240   2445.7 ms
block 59/80 - 175/240   2467.5 ms
block 60/80 - 178/240   2467.3 ms
block 61/80 - 181/240   2477.8 ms
block 62/80 - 184/240   2487.2 ms
block 63/80 - 187/240   2469.1 ms
block 64/80 - 190/240   2469.0 ms
block 65/80 - 193/240   2470.4 ms
block 66/80 - 196/240   2472.0 ms
block 67/80 - 199/240   2473.4 ms
block 68/80 - 202/240   2470.4 ms
block 69/80 - 205/240   2466.7 ms
block 70/80 - 208/240   2472.4 ms
block 71/80 - 211/240   2470.1 ms
block 72/80 - 214/240   2470.2 ms
block 73/80 - 217/240   2471.3 ms
block 74/80 - 220/240   2471.0 ms
block 75/80 - 223/240   2470.2 ms
block 76/80 - 226/240   2472.5 ms
block 77/80 - 229/240   2469.8 ms
block 78/80 - 232/240   2471.2 ms
block 79/80 - 235/240   2470.0 ms
block 80/80 - 238/240   2483.5 ms
[68/128] elapsed=41.5m  avg=36.6s/prompt  eta=36.6m
block 1/80 - 1/240   2034.6 ms
block 2/80 - 4/240   2370.5 ms
block 3/80 - 7/240   2661.8 ms
block 4/80 - 10/240   2687.6 ms
block 5/80 - 13/240   2470.5 ms
block 6/80 - 16/240   2501.8 ms
block 7/80 - 19/240   2468.9 ms
block 8/80 - 22/240   2470.1 ms
block 9/80 - 25/240   2466.1 ms
block 10/80 - 28/240   2467.9 ms
block 11/80 - 31/240   2467.4 ms
block 12/80 - 34/240   2467.1 ms
block 13/80 - 37/240   2468.4 ms
block 14/80 - 40/240   2466.1 ms
block 15/80 - 43/240   2473.2 ms
block 16/80 - 46/240   2471.3 ms
block 17/80 - 49/240   2470.6 ms
block 18/80 - 52/240   2468.5 ms
block 19/80 - 55/240   2470.4 ms
block 20/80 - 58/240   2469.9 ms
block 21/80 - 61/240   2470.6 ms
block 22/80 - 64/240   2471.6 ms
block 23/80 - 67/240   2470.5 ms
block 24/80 - 70/240   2467.3 ms
block 25/80 - 73/240   2470.8 ms
block 26/80 - 76/240   2471.6 ms
block 27/80 - 79/240   2515.1 ms
block 28/80 - 82/240   2474.3 ms
block 29/80 - 85/240   2471.2 ms
block 30/80 - 88/240   2476.4 ms
block 31/80 - 91/240   2482.5 ms
block 32/80 - 94/240   2486.1 ms
block 33/80 - 97/240   2466.8 ms
block 34/80 - 100/240   2466.0 ms
block 35/80 - 103/240   2467.1 ms
block 36/80 - 106/240   2466.8 ms
block 37/80 - 109/240   2469.4 ms
block 38/80 - 112/240   2490.5 ms
block 39/80 - 115/240   2447.5 ms
block 40/80 - 118/240   2504.4 ms
block 41/80 - 121/240   2499.6 ms
block 42/80 - 124/240   2494.5 ms
block 43/80 - 127/240   2483.9 ms
block 44/80 - 130/240   2467.9 ms
block 45/80 - 133/240   2467.4 ms
block 46/80 - 136/240   2465.7 ms
block 47/80 - 139/240   2472.0 ms
block 48/80 - 142/240   2468.9 ms
block 49/80 - 145/240   2473.6 ms
block 50/80 - 148/240   2473.3 ms
block 51/80 - 151/240   2470.8 ms
block 52/80 - 154/240   2468.8 ms
block 53/80 - 157/240   2467.7 ms
block 54/80 - 160/240   2483.5 ms
block 55/80 - 163/240   2495.6 ms
block 56/80 - 166/240   2497.5 ms
block 57/80 - 169/240   2468.2 ms
block 58/80 - 172/240   2469.7 ms
block 59/80 - 175/240   2469.8 ms
block 60/80 - 178/240   2495.8 ms
block 61/80 - 181/240   2470.8 ms
block 62/80 - 184/240   2469.3 ms
block 63/80 - 187/240   2467.2 ms
block 64/80 - 190/240   2466.3 ms
block 65/80 - 193/240   2467.4 ms
block 66/80 - 196/240   2470.3 ms
block 67/80 - 199/240   2472.2 ms
block 68/80 - 202/240   2471.8 ms
block 69/80 - 205/240   2469.4 ms
block 70/80 - 208/240   2470.8 ms
block 71/80 - 211/240   2470.7 ms
block 72/80 - 214/240   2471.5 ms
block 73/80 - 217/240   2463.8 ms
block 74/80 - 220/240   2469.0 ms
block 75/80 - 223/240   2467.1 ms
block 76/80 - 226/240   2466.9 ms
block 77/80 - 229/240   2478.6 ms
block 78/80 - 232/240   2466.3 ms
block 79/80 - 235/240   2464.9 ms
block 80/80 - 238/240   2466.0 ms
[84/128] elapsed=44.8m  avg=32.0s/prompt  eta=23.5m
block 1/80 - 1/240   2126.0 ms
block 2/80 - 4/240   2511.2 ms
block 3/80 - 7/240   2755.5 ms
block 4/80 - 10/240   2670.7 ms
block 5/80 - 13/240   2465.1 ms
block 6/80 - 16/240   2465.2 ms
block 7/80 - 19/240   2465.1 ms
block 8/80 - 22/240   2465.9 ms
block 9/80 - 25/240   2478.4 ms
block 10/80 - 28/240   2464.7 ms
block 11/80 - 31/240   2465.8 ms
block 12/80 - 34/240   2466.6 ms
block 13/80 - 37/240   2466.8 ms
block 14/80 - 40/240   2465.6 ms
block 15/80 - 43/240   2463.1 ms
block 16/80 - 46/240   2463.9 ms
block 17/80 - 49/240   2456.9 ms
block 18/80 - 52/240   2473.9 ms
block 19/80 - 55/240   2486.2 ms
block 20/80 - 58/240   2465.7 ms
block 21/80 - 61/240   2467.0 ms
block 22/80 - 64/240   2465.4 ms
block 23/80 - 67/240   2465.5 ms
block 24/80 - 70/240   2464.7 ms
block 25/80 - 73/240   2464.7 ms
block 26/80 - 76/240   2465.3 ms
block 27/80 - 79/240   2467.2 ms
block 28/80 - 82/240   2489.9 ms
block 29/80 - 85/240   2467.4 ms
block 30/80 - 88/240   2472.7 ms
block 31/80 - 91/240   2463.9 ms
block 32/80 - 94/240   2467.3 ms
block 33/80 - 97/240   2468.7 ms
block 34/80 - 100/240   2468.3 ms
block 35/80 - 103/240   2466.0 ms
block 36/80 - 106/240   2466.5 ms
block 37/80 - 109/240   2468.8 ms
block 38/80 - 112/240   2469.1 ms
block 39/80 - 115/240   2465.4 ms
block 40/80 - 118/240   2466.6 ms
block 41/80 - 121/240   2460.8 ms
block 42/80 - 124/240   2475.1 ms
block 43/80 - 127/240   2464.2 ms
block 44/80 - 130/240   2464.3 ms
block 45/80 - 133/240   2465.4 ms
block 46/80 - 136/240   2464.8 ms
block 47/80 - 139/240   2462.8 ms
block 48/80 - 142/240   2463.8 ms
block 49/80 - 145/240   2465.3 ms
block 50/80 - 148/240   2465.5 ms
block 51/80 - 151/240   2464.2 ms
block 52/80 - 154/240   2469.8 ms
block 53/80 - 157/240   2477.1 ms
block 54/80 - 160/240   2468.8 ms
block 55/80 - 163/240   2464.9 ms
block 56/80 - 166/240   2467.3 ms
block 57/80 - 169/240   2468.2 ms
block 58/80 - 172/240   2444.9 ms
block 59/80 - 175/240   2465.7 ms
block 60/80 - 178/240   2467.8 ms
block 61/80 - 181/240   2467.3 ms
block 62/80 - 184/240   2476.1 ms
block 63/80 - 187/240   2465.6 ms
block 64/80 - 190/240   2469.8 ms
block 65/80 - 193/240   2463.5 ms
block 66/80 - 196/240   2467.6 ms
block 67/80 - 199/240   2468.3 ms
block 68/80 - 202/240   2466.4 ms
block 69/80 - 205/240   2465.0 ms
block 70/80 - 208/240   2472.7 ms
block 71/80 - 211/240   2465.8 ms
block 72/80 - 214/240   2468.0 ms
block 73/80 - 217/240   2464.8 ms
block 74/80 - 220/240   2465.7 ms
block 75/80 - 223/240   2464.2 ms
block 76/80 - 226/240   2464.5 ms
block 77/80 - 229/240   2494.8 ms
block 78/80 - 232/240   2465.4 ms
block 79/80 - 235/240   2464.0 ms
block 80/80 - 238/240   2464.0 ms
[100/128] elapsed=48.1m  avg=28.9s/prompt  eta=13.5m
block 1/80 - 1/240   1816.2 ms
block 2/80 - 4/240   2413.1 ms
block 3/80 - 7/240   2705.1 ms
block 4/80 - 10/240   2717.3 ms
block 5/80 - 13/240   2467.0 ms
block 6/80 - 16/240   2466.4 ms
block 7/80 - 19/240   2467.1 ms
block 8/80 - 22/240   2468.5 ms
block 9/80 - 25/240   2462.3 ms
block 10/80 - 28/240   2457.4 ms
block 11/80 - 31/240   2467.8 ms
block 12/80 - 34/240   2465.4 ms
block 13/80 - 37/240   2465.5 ms
block 14/80 - 40/240   2466.0 ms
block 15/80 - 43/240   2465.4 ms
block 16/80 - 46/240   2477.1 ms
block 17/80 - 49/240   2465.7 ms
block 18/80 - 52/240   2465.4 ms
block 19/80 - 55/240   2467.0 ms
block 20/80 - 58/240   2464.0 ms
block 21/80 - 61/240   2481.5 ms
block 22/80 - 64/240   2465.6 ms
block 23/80 - 67/240   2464.8 ms
block 24/80 - 70/240   2476.6 ms
block 25/80 - 73/240   2465.0 ms
block 26/80 - 76/240   2469.9 ms
block 27/80 - 79/240   2464.7 ms
block 28/80 - 82/240   2466.0 ms
block 29/80 - 85/240   2464.5 ms
block 30/80 - 88/240   2466.1 ms
block 31/80 - 91/240   2466.3 ms
block 32/80 - 94/240   2466.4 ms
block 33/80 - 97/240   2469.7 ms
block 34/80 - 100/240   2466.9 ms
block 35/80 - 103/240   2485.3 ms
block 36/80 - 106/240   2484.4 ms
block 37/80 - 109/240   2447.0 ms
block 38/80 - 112/240   2467.9 ms
block 39/80 - 115/240   2464.2 ms
block 40/80 - 118/240   2463.7 ms
block 41/80 - 121/240   2465.6 ms
block 42/80 - 124/240   2464.9 ms
block 43/80 - 127/240   2465.3 ms
block 44/80 - 130/240   2465.2 ms
block 45/80 - 133/240   2464.1 ms
block 46/80 - 136/240   2479.1 ms
block 47/80 - 139/240   2465.0 ms
block 48/80 - 142/240   2463.7 ms
block 49/80 - 145/240   2463.6 ms
block 50/80 - 148/240   2464.5 ms
block 51/80 - 151/240   2464.3 ms
block 52/80 - 154/240   2464.6 ms
block 53/80 - 157/240   2466.0 ms
block 54/80 - 160/240   2466.8 ms
block 55/80 - 163/240   2465.8 ms
block 56/80 - 166/240   2478.0 ms
block 57/80 - 169/240   2509.5 ms
block 58/80 - 172/240   2448.7 ms
block 59/80 - 175/240   2466.8 ms
block 60/80 - 178/240   2466.6 ms
block 61/80 - 181/240   2467.8 ms
block 62/80 - 184/240   2466.8 ms
block 63/80 - 187/240   2662.7 ms
block 64/80 - 190/240   2466.1 ms
block 65/80 - 193/240   2465.8 ms
block 66/80 - 196/240   2465.4 ms
block 67/80 - 199/240   2466.3 ms
block 68/80 - 202/240   2465.4 ms
block 69/80 - 205/240   2486.9 ms
block 70/80 - 208/240   2492.1 ms
block 71/80 - 211/240   2465.0 ms
block 72/80 - 214/240   2464.7 ms
block 73/80 - 217/240   2464.8 ms
block 74/80 - 220/240   2466.6 ms
block 75/80 - 223/240   2464.3 ms
block 76/80 - 226/240   2465.6 ms
block 77/80 - 229/240   2465.8 ms
block 78/80 - 232/240   2466.2 ms
block 79/80 - 235/240   2470.3 ms
block 80/80 - 238/240   2465.8 ms
[116/128] elapsed=51.4m  avg=26.6s/prompt  eta=5.3m
