Running on a single GPU (cuda); skipping NCCL initialization.
Free VRAM 94.67034912109375 GB
Loading CUDA extension (first run compiles ~60s; cached run ~3s)...
CUDA extension ready in 148.4s.
[CacheCompatibilityPolicy] recent=20:355 coverage=21:5 episode=22:0 coverage_policy=reservoir budget=9FFE read_budget=9FFE owner=HeadComposition
KV inference with 3 frames per block
Number of prompts: 128
Prompt index range: [0, 128)
Loading PyramidKV config from /apdcephfs_gy2/share_303214315/cedricnie/develop/training-free/runs/v181_rccp_long_stress/inputs/maps/rccp_matched.csv
block 1/80 - 1/240  262636.1 ms
block 2/80 - 4/240   5170.9 ms
block 3/80 - 7/240   6381.6 ms
block 4/80 - 10/240   6488.5 ms
block 5/80 - 13/240   6554.7 ms
block 6/80 - 16/240   6620.4 ms
block 7/80 - 19/240   6519.8 ms
block 8/80 - 22/240   6364.2 ms
block 9/80 - 25/240   6367.0 ms
block 10/80 - 28/240   6386.0 ms
block 11/80 - 31/240   6381.4 ms
block 12/80 - 34/240   6372.8 ms
block 13/80 - 37/240   6368.3 ms
block 14/80 - 40/240   6391.1 ms
block 15/80 - 43/240   6409.9 ms
block 16/80 - 46/240   6364.5 ms
block 17/80 - 49/240   6359.9 ms
block 18/80 - 52/240   6357.4 ms
block 19/80 - 55/240   6360.0 ms
block 20/80 - 58/240   6366.6 ms
block 21/80 - 61/240   6359.9 ms
block 22/80 - 64/240   6364.8 ms
block 23/80 - 67/240   6368.7 ms
block 24/80 - 70/240   6390.6 ms
block 25/80 - 73/240   6373.8 ms
block 26/80 - 76/240   6360.3 ms
block 27/80 - 79/240   6362.7 ms
block 28/80 - 82/240   6374.9 ms
block 29/80 - 85/240   6390.9 ms
block 30/80 - 88/240   6344.6 ms
block 31/80 - 91/240   6375.6 ms
block 32/80 - 94/240   6360.6 ms
block 33/80 - 97/240   6403.7 ms
block 34/80 - 100/240   6401.5 ms
block 35/80 - 103/240   6383.5 ms
block 36/80 - 106/240   6390.4 ms
block 37/80 - 109/240   6384.8 ms
block 38/80 - 112/240   6393.7 ms
block 39/80 - 115/240   6385.8 ms
block 40/80 - 118/240   6376.2 ms
block 41/80 - 121/240   6374.0 ms
block 42/80 - 124/240   6374.9 ms
block 43/80 - 127/240   6412.9 ms
block 44/80 - 130/240   6374.6 ms
block 45/80 - 133/240   6391.2 ms
block 46/80 - 136/240   6376.2 ms
block 47/80 - 139/240   6394.2 ms
block 48/80 - 142/240   6403.4 ms
block 49/80 - 145/240   6374.3 ms
block 50/80 - 148/240   6374.4 ms
block 51/80 - 151/240   6381.9 ms
block 52/80 - 154/240   6460.8 ms
block 53/80 - 157/240   6376.0 ms
block 54/80 - 160/240   6378.8 ms
block 55/80 - 163/240   6409.8 ms
block 56/80 - 166/240   6606.3 ms
block 57/80 - 169/240   6627.6 ms
block 58/80 - 172/240   6539.1 ms
block 59/80 - 175/240   6380.3 ms
block 60/80 - 178/240   6375.2 ms
block 61/80 - 181/240   6376.9 ms
block 62/80 - 184/240   6392.7 ms
block 63/80 - 187/240   6375.6 ms
block 64/80 - 190/240   6408.2 ms
block 65/80 - 193/240   6379.2 ms
block 66/80 - 196/240   6374.0 ms
block 67/80 - 199/240   6413.5 ms
block 68/80 - 202/240   6350.0 ms
block 69/80 - 205/240   6373.4 ms
block 70/80 - 208/240   6375.2 ms
block 71/80 - 211/240   6413.5 ms
block 72/80 - 214/240   6361.1 ms
block 73/80 - 217/240   6376.2 ms
block 74/80 - 220/240   6394.0 ms
block 75/80 - 223/240   6388.4 ms
block 76/80 - 226/240   6374.6 ms
block 77/80 - 229/240   6117.2 ms
block 78/80 - 232/240   6380.9 ms
block 79/80 - 235/240   5276.7 ms
block 80/80 - 238/240   3400.7 ms
/apdcephfs_gy2/share_303214315/cedricnie/miniconda3/envs/longlive/lib/python3.10/site-packages/torchvision/io/_video_deprecation_warning.py:9: UserWarning: The video decoding and encoding capabilities of torchvision are deprecated from version 0.22 and will be removed in version 0.24. We recommend that you migrate to TorchCodec, where we'll consolidate the future decoding/encoding capabilities of PyTorch: https://github.com/pytorch/torchcodec
  warnings.warn(
[15/128] elapsed=12.7m  avg=51.0s/prompt  eta=96.0m
block 1/80 - 1/240   6397.5 ms
block 2/80 - 4/240   7622.9 ms
block 3/80 - 7/240   6397.0 ms
block 4/80 - 10/240   6391.9 ms
block 5/80 - 13/240   6391.4 ms
block 6/80 - 16/240   6392.9 ms
block 7/80 - 19/240   6376.5 ms
block 8/80 - 22/240   6401.9 ms
block 9/80 - 25/240   6388.0 ms
block 10/80 - 28/240   6423.6 ms
block 11/80 - 31/240   6381.1 ms
block 12/80 - 34/240   6386.1 ms
block 13/80 - 37/240   6382.2 ms
block 14/80 - 40/240   6388.8 ms
block 15/80 - 43/240   6376.8 ms
block 16/80 - 46/240   6388.5 ms
block 17/80 - 49/240   6377.0 ms
block 18/80 - 52/240   6375.2 ms
block 19/80 - 55/240   6401.6 ms
block 20/80 - 58/240   6385.5 ms
block 21/80 - 61/240   6377.1 ms
block 22/80 - 64/240   6361.9 ms
block 23/80 - 67/240   6447.3 ms
block 24/80 - 70/240   6617.2 ms
block 25/80 - 73/240   6617.1 ms
block 26/80 - 76/240   6535.6 ms
block 27/80 - 79/240   6378.2 ms
block 28/80 - 82/240   6378.8 ms
block 29/80 - 85/240   6437.1 ms
block 30/80 - 88/240   6378.6 ms
block 31/80 - 91/240   6390.9 ms
block 32/80 - 94/240   6378.3 ms
block 33/80 - 97/240   6385.7 ms
block 34/80 - 100/240   6377.7 ms
block 35/80 - 103/240   6424.4 ms
block 36/80 - 106/240   6344.1 ms
block 37/80 - 109/240   6391.2 ms
block 38/80 - 112/240   6457.2 ms
block 39/80 - 115/240   6376.4 ms
block 40/80 - 118/240   6382.7 ms
block 41/80 - 121/240   6380.6 ms
block 42/80 - 124/240   6375.0 ms
block 43/80 - 127/240   6389.3 ms
block 44/80 - 130/240   6379.3 ms
block 45/80 - 133/240   6394.3 ms
block 46/80 - 136/240   6388.3 ms
block 47/80 - 139/240   6385.0 ms
block 48/80 - 142/240   6443.5 ms
block 49/80 - 145/240   6377.8 ms
block 50/80 - 148/240   6376.5 ms
block 51/80 - 151/240   6374.2 ms
block 52/80 - 154/240   6392.8 ms
block 53/80 - 157/240   6390.6 ms
block 54/80 - 160/240   6391.2 ms
block 55/80 - 163/240   6379.4 ms
block 56/80 - 166/240   6389.8 ms
block 57/80 - 169/240   6425.7 ms
block 58/80 - 172/240   6378.3 ms
block 59/80 - 175/240   6375.4 ms
block 60/80 - 178/240   6376.8 ms
block 61/80 - 181/240   6392.4 ms
block 62/80 - 184/240   6392.6 ms
block 63/80 - 187/240   6378.0 ms
block 64/80 - 190/240   6375.7 ms
block 65/80 - 193/240   6379.8 ms
block 66/80 - 196/240   6636.6 ms
block 67/80 - 199/240   6805.1 ms
block 68/80 - 202/240   6454.6 ms
block 69/80 - 205/240   6376.1 ms
block 70/80 - 208/240   6397.6 ms
block 71/80 - 211/240   6392.5 ms
block 72/80 - 214/240   6372.0 ms
block 73/80 - 217/240   6380.9 ms
block 74/80 - 220/240   6372.4 ms
block 75/80 - 223/240   6413.0 ms
block 76/80 - 226/240   5707.0 ms
block 77/80 - 229/240   3273.4 ms
block 78/80 - 232/240   3370.9 ms
block 79/80 - 235/240   4517.7 ms
block 80/80 - 238/240   6223.6 ms
Traceback (most recent call last):
  File "/apdcephfs_gy2/share_303214315/cedricnie/develop/training-free/third_party/Pyramid-Forcing/inference.py", line 1675, in <module>
    video, latents = pipeline.inference(
  File "/apdcephfs_gy2/share_303214315/cedricnie/develop/training-free/third_party/Pyramid-Forcing/pipeline/causal_inference.py", line 982, in inference
    video = (video * 0.5 + 0.5).clamp(0, 1)
torch.OutOfMemoryError: CUDA out of memory. Tried to allocate 4.27 GiB. GPU 0 has a total capacity of 95.00 GiB of which 394.38 MiB is free. Process 240594 has 36.56 GiB memory in use. Process 253673 has 58.04 GiB memory in use. Of the allocated memory 35.33 GiB is allocated by PyTorch, and 732.21 MiB is reserved by PyTorch but unallocated. If reserved but unallocated memory is large try setting PYTORCH_ALLOC_CONF=expandable_segments:True to avoid fragmentation.  See documentation for Memory Management  (https://pytorch.org/docs/stable/notes/cuda.html#environment-variables)
