Running on a single GPU (cuda); skipping NCCL initialization.
Free VRAM 94.68743896484375 GB
Loading CUDA extension (first run compiles ~60s; cached run ~3s)...
CUDA extension ready in 148.8s.
[CacheCompatibilityPolicy] recent=20:355 coverage=21:5 episode=22:0 coverage_policy=reservoir budget=9FFE read_budget=9FFE owner=HeadComposition
KV inference with 3 frames per block
Number of prompts: 128
Prompt index range: [0, 128)
Loading PyramidKV config from /apdcephfs_gy2/share_303214315/cedricnie/develop/training-free/runs/v181_rccp_long_stress/inputs/maps/rccp_matched.csv
block 1/80 - 1/240  262044.8 ms
block 2/80 - 4/240   5825.4 ms
block 3/80 - 7/240   6228.8 ms
block 4/80 - 10/240   6237.8 ms
block 5/80 - 13/240   6182.3 ms
block 6/80 - 16/240   6428.2 ms
block 7/80 - 19/240   6293.8 ms
block 8/80 - 22/240   6380.9 ms
block 9/80 - 25/240   6396.5 ms
block 10/80 - 28/240   6406.0 ms
block 11/80 - 31/240   6388.2 ms
block 12/80 - 34/240   6378.0 ms
block 13/80 - 37/240   6377.5 ms
block 14/80 - 40/240   6372.0 ms
block 15/80 - 43/240   6366.4 ms
block 16/80 - 46/240   6371.4 ms
block 17/80 - 49/240   6410.3 ms
block 18/80 - 52/240   6392.6 ms
block 19/80 - 55/240   6356.3 ms
block 20/80 - 58/240   6356.3 ms
block 21/80 - 61/240   6350.8 ms
block 22/80 - 64/240   6354.7 ms
block 23/80 - 67/240   6395.4 ms
block 24/80 - 70/240   6361.1 ms
block 25/80 - 73/240   6365.8 ms
block 26/80 - 76/240   6359.9 ms
block 27/80 - 79/240   6399.9 ms
block 28/80 - 82/240   6407.3 ms
block 29/80 - 85/240   6374.7 ms
block 30/80 - 88/240   6397.8 ms
block 31/80 - 91/240   6363.5 ms
block 32/80 - 94/240   6396.0 ms
block 33/80 - 97/240   6413.7 ms
block 34/80 - 100/240   6404.1 ms
block 35/80 - 103/240   6393.1 ms
block 36/80 - 106/240   6385.0 ms
block 37/80 - 109/240   6407.0 ms
block 38/80 - 112/240   6419.6 ms
block 39/80 - 115/240   6361.9 ms
block 40/80 - 118/240   6379.0 ms
block 41/80 - 121/240   6377.0 ms
block 42/80 - 124/240   6385.3 ms
block 43/80 - 127/240   6355.2 ms
block 44/80 - 130/240   6373.0 ms
block 45/80 - 133/240   6359.7 ms
block 46/80 - 136/240   6380.1 ms
block 47/80 - 139/240   6376.4 ms
block 48/80 - 142/240   6375.1 ms
block 49/80 - 145/240   6342.4 ms
block 50/80 - 148/240   6381.6 ms
block 51/80 - 151/240   6363.8 ms
block 52/80 - 154/240   6402.5 ms
block 53/80 - 157/240   6358.8 ms
block 54/80 - 160/240   6387.7 ms
block 55/80 - 163/240   6406.8 ms
block 56/80 - 166/240   6369.9 ms
block 57/80 - 169/240   6396.6 ms
block 58/80 - 172/240   6361.6 ms
block 59/80 - 175/240   6380.7 ms
block 60/80 - 178/240   6383.5 ms
block 61/80 - 181/240   6437.4 ms
block 62/80 - 184/240   6379.4 ms
block 63/80 - 187/240   6399.2 ms
block 64/80 - 190/240   6397.6 ms
block 65/80 - 193/240   6358.3 ms
block 66/80 - 196/240   6355.9 ms
block 67/80 - 199/240   6347.4 ms
block 68/80 - 202/240   6347.9 ms
block 69/80 - 205/240   6372.3 ms
block 70/80 - 208/240   6392.8 ms
block 71/80 - 211/240   6361.0 ms
block 72/80 - 214/240   6363.9 ms
block 73/80 - 217/240   6369.9 ms
block 74/80 - 220/240   6377.7 ms
block 75/80 - 223/240   6385.3 ms
block 76/80 - 226/240   6371.7 ms
block 77/80 - 229/240   6362.4 ms
block 78/80 - 232/240   6378.9 ms
block 79/80 - 235/240   6362.9 ms
block 80/80 - 238/240   6440.6 ms
/apdcephfs_gy2/share_303214315/cedricnie/miniconda3/envs/longlive/lib/python3.10/site-packages/torchvision/io/_video_deprecation_warning.py:9: UserWarning: The video decoding and encoding capabilities of torchvision are deprecated from version 0.22 and will be removed in version 0.24. We recommend that you migrate to TorchCodec, where we'll consolidate the future decoding/encoding capabilities of PyTorch: https://github.com/pytorch/torchcodec
  warnings.warn(
[12/128] elapsed=12.8m  avg=63.9s/prompt  eta=123.5m
block 1/80 - 1/240   4101.7 ms
block 2/80 - 4/240   3940.6 ms
block 3/80 - 7/240   4044.1 ms
block 4/80 - 10/240   6075.1 ms
block 5/80 - 13/240   6338.5 ms
block 6/80 - 16/240   6358.7 ms
block 7/80 - 19/240   6374.6 ms
block 8/80 - 22/240   6368.2 ms
block 9/80 - 25/240   6356.6 ms
block 10/80 - 28/240   6323.8 ms
block 11/80 - 31/240   6362.3 ms
block 12/80 - 34/240   6624.3 ms
block 13/80 - 37/240   6612.3 ms
block 14/80 - 40/240   6403.2 ms
block 15/80 - 43/240   6377.4 ms
block 16/80 - 46/240   6402.5 ms
block 17/80 - 49/240   6403.2 ms
block 18/80 - 52/240   6416.2 ms
block 19/80 - 55/240   6375.7 ms
block 20/80 - 58/240   6414.4 ms
block 21/80 - 61/240   6402.7 ms
block 22/80 - 64/240   6361.7 ms
block 23/80 - 67/240   6377.2 ms
block 24/80 - 70/240   6390.9 ms
block 25/80 - 73/240   6375.6 ms
block 26/80 - 76/240   6362.8 ms
block 27/80 - 79/240   6372.0 ms
block 28/80 - 82/240   6363.6 ms
block 29/80 - 85/240   6381.6 ms
block 30/80 - 88/240   6364.3 ms
block 31/80 - 91/240   6351.4 ms
block 32/80 - 94/240   6375.1 ms
block 33/80 - 97/240   6364.9 ms
block 34/80 - 100/240   6362.5 ms
block 35/80 - 103/240   6349.2 ms
block 36/80 - 106/240   6390.0 ms
block 37/80 - 109/240   6404.3 ms
block 38/80 - 112/240   6383.6 ms
block 39/80 - 115/240   6377.7 ms
block 40/80 - 118/240   6369.6 ms
block 41/80 - 121/240   6401.6 ms
block 42/80 - 124/240   6390.3 ms
block 43/80 - 127/240   6387.7 ms
block 44/80 - 130/240   6401.2 ms
block 45/80 - 133/240   6359.9 ms
block 46/80 - 136/240   6234.8 ms
block 47/80 - 139/240   6569.1 ms
block 48/80 - 142/240   6443.0 ms
block 49/80 - 145/240   6404.5 ms
block 50/80 - 148/240   6387.2 ms
block 51/80 - 151/240   6119.1 ms
block 52/80 - 154/240   6135.1 ms
block 53/80 - 157/240   6207.6 ms
block 54/80 - 160/240   6363.6 ms
block 55/80 - 163/240   6353.8 ms
block 56/80 - 166/240   6362.6 ms
block 57/80 - 169/240   6403.4 ms
block 58/80 - 172/240   6362.4 ms
block 59/80 - 175/240   6358.7 ms
block 60/80 - 178/240   6375.1 ms
block 61/80 - 181/240   6361.0 ms
block 62/80 - 184/240   6375.1 ms
block 63/80 - 187/240   6372.7 ms
block 64/80 - 190/240   6373.8 ms
block 65/80 - 193/240   6391.5 ms
block 66/80 - 196/240   6366.9 ms
block 67/80 - 199/240   6409.0 ms
block 68/80 - 202/240   6364.3 ms
block 69/80 - 205/240   6356.7 ms
block 70/80 - 208/240   6389.3 ms
block 71/80 - 211/240   6373.0 ms
block 72/80 - 214/240   6470.3 ms
block 73/80 - 217/240   6507.7 ms
block 74/80 - 220/240   6437.2 ms
block 75/80 - 223/240   6374.0 ms
block 76/80 - 226/240   6389.8 ms
block 77/80 - 229/240   6347.1 ms
block 78/80 - 232/240   6368.9 ms
block 79/80 - 235/240   6354.8 ms
block 80/80 - 238/240   6366.6 ms
[28/128] elapsed=21.2m  avg=45.4s/prompt  eta=75.6m
block 1/80 - 1/240   8254.2 ms
block 2/80 - 4/240   3133.4 ms
block 3/80 - 7/240   3380.2 ms
block 4/80 - 10/240   4660.6 ms
block 5/80 - 13/240   6184.9 ms
block 6/80 - 16/240   6401.2 ms
block 7/80 - 19/240   6368.4 ms
block 8/80 - 22/240   6363.3 ms
block 9/80 - 25/240   6390.6 ms
block 10/80 - 28/240   6368.5 ms
block 11/80 - 31/240   6365.9 ms
block 12/80 - 34/240   6398.6 ms
block 13/80 - 37/240   6397.4 ms
block 14/80 - 40/240   6356.3 ms
block 15/80 - 43/240   6374.8 ms
block 16/80 - 46/240   6433.8 ms
block 17/80 - 49/240   6410.1 ms
block 18/80 - 52/240   6375.1 ms
block 19/80 - 55/240   6381.7 ms
block 20/80 - 58/240   6361.3 ms
block 21/80 - 61/240   6362.2 ms
block 22/80 - 64/240   6349.6 ms
block 23/80 - 67/240   6351.8 ms
block 24/80 - 70/240   6352.1 ms
block 25/80 - 73/240   6093.9 ms
block 26/80 - 76/240   6056.5 ms
block 27/80 - 79/240   6383.6 ms
block 28/80 - 82/240   6320.2 ms
block 29/80 - 85/240   6356.7 ms
block 30/80 - 88/240   6397.3 ms
block 31/80 - 91/240   6379.7 ms
block 32/80 - 94/240   6417.5 ms
block 33/80 - 97/240   6378.5 ms
block 34/80 - 100/240   6395.5 ms
block 35/80 - 103/240   6392.6 ms
block 36/80 - 106/240   6361.6 ms
block 37/80 - 109/240   6384.3 ms
block 38/80 - 112/240   6382.1 ms
block 39/80 - 115/240   6378.0 ms
block 40/80 - 118/240   6380.6 ms
block 41/80 - 121/240   6390.9 ms
block 42/80 - 124/240   6404.3 ms
block 43/80 - 127/240   6400.5 ms
block 44/80 - 130/240   6439.7 ms
block 45/80 - 133/240   6434.9 ms
block 46/80 - 136/240   6388.0 ms
block 47/80 - 139/240   6349.7 ms
block 48/80 - 142/240   6349.4 ms
block 49/80 - 145/240   6354.1 ms
block 50/80 - 148/240   6350.7 ms
block 51/80 - 151/240   6356.6 ms
block 52/80 - 154/240   6330.0 ms
block 53/80 - 157/240   6350.7 ms
block 54/80 - 160/240   6368.8 ms
block 55/80 - 163/240   6339.8 ms
block 56/80 - 166/240   6355.9 ms
block 57/80 - 169/240   6393.6 ms
block 58/80 - 172/240   6359.7 ms
block 59/80 - 175/240   6340.3 ms
block 60/80 - 178/240   6367.3 ms
block 61/80 - 181/240   6368.7 ms
block 62/80 - 184/240   6366.5 ms
block 63/80 - 187/240   6368.9 ms
block 64/80 - 190/240   6343.0 ms
block 65/80 - 193/240   6362.5 ms
block 66/80 - 196/240   6342.0 ms
block 67/80 - 199/240   6352.2 ms
block 68/80 - 202/240   6362.4 ms
block 69/80 - 205/240   6359.1 ms
block 70/80 - 208/240   6374.9 ms
block 71/80 - 211/240   6340.2 ms
block 72/80 - 214/240   6365.9 ms
block 73/80 - 217/240   6362.4 ms
block 74/80 - 220/240   6136.5 ms
block 75/80 - 223/240   6045.4 ms
block 76/80 - 226/240   6285.1 ms
block 77/80 - 229/240   6352.7 ms
block 78/80 - 232/240   6350.0 ms
block 79/80 - 235/240   6362.0 ms
block 80/80 - 238/240   6364.9 ms
[44/128] elapsed=29.6m  avg=40.3s/prompt  eta=56.4m
block 1/80 - 1/240   9418.2 ms
block 2/80 - 4/240   5932.0 ms
block 3/80 - 7/240   5029.6 ms
block 4/80 - 10/240   3404.3 ms
block 5/80 - 13/240   3490.1 ms
block 6/80 - 16/240   5715.9 ms
block 7/80 - 19/240   6272.5 ms
block 8/80 - 22/240   6349.4 ms
block 9/80 - 25/240   6468.0 ms
block 10/80 - 28/240   6340.5 ms
block 11/80 - 31/240   6380.8 ms
block 12/80 - 34/240   6369.0 ms
block 13/80 - 37/240   6345.4 ms
block 14/80 - 40/240   6345.8 ms
block 15/80 - 43/240   6369.3 ms
block 16/80 - 46/240   6348.3 ms
block 17/80 - 49/240   6355.4 ms
block 18/80 - 52/240   6347.7 ms
block 19/80 - 55/240   6347.8 ms
block 20/80 - 58/240   6345.2 ms
block 21/80 - 61/240   6345.2 ms
block 22/80 - 64/240   6348.7 ms
block 23/80 - 67/240   6346.8 ms
block 24/80 - 70/240   6351.6 ms
block 25/80 - 73/240   6343.8 ms
block 26/80 - 76/240   6347.9 ms
block 27/80 - 79/240   6351.5 ms
block 28/80 - 82/240   6324.7 ms
block 29/80 - 85/240   6335.7 ms
block 30/80 - 88/240   6348.7 ms
block 31/80 - 91/240   6366.3 ms
block 32/80 - 94/240   6348.0 ms
block 33/80 - 97/240   6319.8 ms
block 34/80 - 100/240   6332.2 ms
block 35/80 - 103/240   6345.5 ms
block 36/80 - 106/240   6353.4 ms
block 37/80 - 109/240   6317.2 ms
block 38/80 - 112/240   6359.4 ms
block 39/80 - 115/240   6053.7 ms
block 40/80 - 118/240   6041.7 ms
block 41/80 - 121/240   6353.2 ms
block 42/80 - 124/240   6364.0 ms
block 43/80 - 127/240   6346.6 ms
block 44/80 - 130/240   6345.4 ms
block 45/80 - 133/240   6346.9 ms
block 46/80 - 136/240   6348.8 ms
block 47/80 - 139/240   6319.3 ms
block 48/80 - 142/240   6334.7 ms
block 49/80 - 145/240   6347.9 ms
block 50/80 - 148/240   6381.6 ms
block 51/80 - 151/240   6334.0 ms
block 52/80 - 154/240   6345.6 ms
block 53/80 - 157/240   6347.3 ms
block 54/80 - 160/240   6347.2 ms
block 55/80 - 163/240   6345.7 ms
block 56/80 - 166/240   6344.8 ms
block 57/80 - 169/240   6308.0 ms
block 58/80 - 172/240   6344.6 ms
block 59/80 - 175/240   6603.9 ms
block 60/80 - 178/240   6349.0 ms
block 61/80 - 181/240   6347.2 ms
block 62/80 - 184/240   6349.4 ms
block 63/80 - 187/240   6347.5 ms
block 64/80 - 190/240   6348.8 ms
block 65/80 - 193/240   6346.3 ms
block 66/80 - 196/240   6354.5 ms
block 67/80 - 199/240   6353.8 ms
block 68/80 - 202/240   6374.9 ms
block 69/80 - 205/240   6363.0 ms
block 70/80 - 208/240   6346.7 ms
block 71/80 - 211/240   6345.0 ms
block 72/80 - 214/240   6347.7 ms
block 73/80 - 217/240   6335.1 ms
block 74/80 - 220/240   6316.4 ms
block 75/80 - 223/240   6347.7 ms
block 76/80 - 226/240   6322.5 ms
block 77/80 - 229/240   6271.9 ms
block 78/80 - 232/240   6332.3 ms
block 79/80 - 235/240   6336.0 ms
block 80/80 - 238/240   6301.8 ms
Traceback (most recent call last):
  File "/apdcephfs_gy2/share_303214315/cedricnie/develop/training-free/third_party/Pyramid-Forcing/inference.py", line 1675, in <module>
    video, latents = pipeline.inference(
  File "/apdcephfs_gy2/share_303214315/cedricnie/develop/training-free/third_party/Pyramid-Forcing/pipeline/causal_inference.py", line 982, in inference
    video = (video * 0.5 + 0.5).clamp(0, 1)
torch.OutOfMemoryError: CUDA out of memory. Tried to allocate 4.27 GiB. GPU 0 has a total capacity of 95.00 GiB of which 3.92 GiB is free. Process 254862 has 58.82 GiB memory in use. Process 235979 has 32.24 GiB memory in use. Of the allocated memory 31.06 GiB is allocated by PyTorch, and 686.00 MiB is reserved by PyTorch but unallocated. If reserved but unallocated memory is large try setting PYTORCH_ALLOC_CONF=expandable_segments:True to avoid fragmentation.  See documentation for Memory Management  (https://pytorch.org/docs/stable/notes/cuda.html#environment-variables)
