Running on a single GPU (cuda); skipping NCCL initialization.
Free VRAM 94.68353271484375 GB
Loading CUDA extension (first run compiles ~60s; cached run ~3s)...
CUDA extension ready in 148.8s.
[CacheCompatibilityPolicy] recent=20:355 coverage=21:5 episode=22:0 coverage_policy=reservoir budget=9FFE read_budget=9FFE owner=HeadComposition
KV inference with 3 frames per block
Number of prompts: 128
Prompt index range: [0, 128)
Loading PyramidKV config from /apdcephfs_gy2/share_303214315/cedricnie/develop/training-free/runs/v181_rccp_long_stress/inputs/maps/rccp_matched.csv
block 1/80 - 1/240  261905.7 ms
block 2/80 - 4/240   5474.0 ms
block 3/80 - 7/240   5976.7 ms
block 4/80 - 10/240   6294.0 ms
block 5/80 - 13/240   6299.0 ms
block 6/80 - 16/240   6269.6 ms
block 7/80 - 19/240   6280.8 ms
block 8/80 - 22/240   6280.0 ms
block 9/80 - 25/240   6265.4 ms
block 10/80 - 28/240   6224.3 ms
block 11/80 - 31/240   6257.6 ms
block 12/80 - 34/240   6273.0 ms
block 13/80 - 37/240   6300.7 ms
block 14/80 - 40/240   6299.4 ms
block 15/80 - 43/240   6268.7 ms
block 16/80 - 46/240   6286.2 ms
block 17/80 - 49/240   6272.1 ms
block 18/80 - 52/240   6272.4 ms
block 19/80 - 55/240   6274.6 ms
block 20/80 - 58/240   6275.2 ms
block 21/80 - 61/240   6252.2 ms
block 22/80 - 64/240   6273.3 ms
block 23/80 - 67/240   6270.0 ms
block 24/80 - 70/240   5904.4 ms
block 25/80 - 73/240   6040.8 ms
block 26/80 - 76/240   6275.7 ms
block 27/80 - 79/240   6281.1 ms
block 28/80 - 82/240   6269.0 ms
block 29/80 - 85/240   6282.9 ms
block 30/80 - 88/240   6270.2 ms
block 31/80 - 91/240   6296.3 ms
block 32/80 - 94/240   6269.1 ms
block 33/80 - 97/240   6272.2 ms
block 34/80 - 100/240   6320.9 ms
block 35/80 - 103/240   6291.9 ms
block 36/80 - 106/240   6287.7 ms
block 37/80 - 109/240   6274.9 ms
block 38/80 - 112/240   6261.7 ms
block 39/80 - 115/240   6289.4 ms
block 40/80 - 118/240   6257.0 ms
block 41/80 - 121/240   6289.4 ms
block 42/80 - 124/240   6276.1 ms
block 43/80 - 127/240   6295.7 ms
block 44/80 - 130/240   6294.5 ms
block 45/80 - 133/240   6291.8 ms
block 46/80 - 136/240   6268.2 ms
block 47/80 - 139/240   6296.3 ms
block 48/80 - 142/240   5998.2 ms
block 49/80 - 145/240   5963.2 ms
block 50/80 - 148/240   6306.4 ms
block 51/80 - 151/240   6291.1 ms
block 52/80 - 154/240   6291.2 ms
block 53/80 - 157/240   6252.7 ms
block 54/80 - 160/240   6306.8 ms
block 55/80 - 163/240   6287.3 ms
block 56/80 - 166/240   6277.3 ms
block 57/80 - 169/240   6299.3 ms
block 58/80 - 172/240   6271.8 ms
block 59/80 - 175/240   6267.8 ms
block 60/80 - 178/240   6272.2 ms
block 61/80 - 181/240   6262.6 ms
block 62/80 - 184/240   6337.3 ms
block 63/80 - 187/240   6284.8 ms
block 64/80 - 190/240   6271.6 ms
block 65/80 - 193/240   6271.0 ms
block 66/80 - 196/240   6290.6 ms
block 67/80 - 199/240   6306.2 ms
block 68/80 - 202/240   6300.2 ms
block 69/80 - 205/240   6284.5 ms
block 70/80 - 208/240   6297.4 ms
block 71/80 - 211/240   6252.3 ms
block 72/80 - 214/240   6320.6 ms
block 73/80 - 217/240   5759.4 ms
block 74/80 - 220/240   6200.4 ms
block 75/80 - 223/240   6274.8 ms
block 76/80 - 226/240   6276.6 ms
block 77/80 - 229/240   6264.7 ms
block 78/80 - 232/240   6275.0 ms
block 79/80 - 235/240   6273.5 ms
block 80/80 - 238/240   6284.5 ms
/apdcephfs_gy2/share_303214315/cedricnie/miniconda3/envs/longlive/lib/python3.10/site-packages/torchvision/io/_video_deprecation_warning.py:9: UserWarning: The video decoding and encoding capabilities of torchvision are deprecated from version 0.22 and will be removed in version 0.24. We recommend that you migrate to TorchCodec, where we'll consolidate the future decoding/encoding capabilities of PyTorch: https://github.com/pytorch/torchcodec
  warnings.warn(
[10/128] elapsed=12.6m  avg=75.7s/prompt  eta=148.8m
block 1/80 - 1/240   9538.5 ms
block 2/80 - 4/240   3844.1 ms
block 3/80 - 7/240   3467.0 ms
block 4/80 - 10/240   3376.8 ms
block 5/80 - 13/240   4446.2 ms
block 6/80 - 16/240   6055.2 ms
block 7/80 - 19/240   6269.3 ms
block 8/80 - 22/240   6279.7 ms
block 9/80 - 25/240   6269.1 ms
block 10/80 - 28/240   6102.6 ms
block 11/80 - 31/240   5883.1 ms
block 12/80 - 34/240   6320.8 ms
block 13/80 - 37/240   6246.0 ms
block 14/80 - 40/240   6269.4 ms
block 15/80 - 43/240   6272.9 ms
block 16/80 - 46/240   6272.5 ms
block 17/80 - 49/240   6282.1 ms
block 18/80 - 52/240   6271.0 ms
block 19/80 - 55/240   6274.8 ms
block 20/80 - 58/240   6282.3 ms
block 21/80 - 61/240   6266.8 ms
block 22/80 - 64/240   6326.2 ms
block 23/80 - 67/240   6278.6 ms
block 24/80 - 70/240   6276.0 ms
block 25/80 - 73/240   6268.9 ms
block 26/80 - 76/240   6239.6 ms
block 27/80 - 79/240   6281.9 ms
block 28/80 - 82/240   6265.6 ms
block 29/80 - 85/240   6258.7 ms
block 30/80 - 88/240   6277.6 ms
block 31/80 - 91/240   6315.5 ms
block 32/80 - 94/240   6283.0 ms
block 33/80 - 97/240   5922.8 ms
block 34/80 - 100/240   6044.0 ms
block 35/80 - 103/240   6280.7 ms
block 36/80 - 106/240   6265.8 ms
block 37/80 - 109/240   6268.8 ms
block 38/80 - 112/240   6298.2 ms
block 39/80 - 115/240   6306.4 ms
block 40/80 - 118/240   6288.7 ms
block 41/80 - 121/240   6306.9 ms
block 42/80 - 124/240   6272.6 ms
block 43/80 - 127/240   6291.8 ms
block 44/80 - 130/240   6274.1 ms
block 45/80 - 133/240   6271.6 ms
block 46/80 - 136/240   6277.5 ms
block 47/80 - 139/240   6242.7 ms
block 48/80 - 142/240   6270.0 ms
block 49/80 - 145/240   6275.3 ms
block 50/80 - 148/240   6244.9 ms
block 51/80 - 151/240   6312.6 ms
block 52/80 - 154/240   6268.0 ms
block 53/80 - 157/240   6270.5 ms
block 54/80 - 160/240   6270.1 ms
block 55/80 - 163/240   6211.2 ms
block 56/80 - 166/240   5730.0 ms
block 57/80 - 169/240   6278.6 ms
block 58/80 - 172/240   6268.0 ms
block 59/80 - 175/240   6272.1 ms
block 60/80 - 178/240   6333.1 ms
block 61/80 - 181/240   6275.9 ms
block 62/80 - 184/240   6271.4 ms
block 63/80 - 187/240   6273.4 ms
block 64/80 - 190/240   6276.9 ms
block 65/80 - 193/240   6270.7 ms
block 66/80 - 196/240   6268.8 ms
block 67/80 - 199/240   6278.9 ms
block 68/80 - 202/240   6269.4 ms
block 69/80 - 205/240   6241.3 ms
block 70/80 - 208/240   6331.8 ms
block 71/80 - 211/240   6279.1 ms
block 72/80 - 214/240   6264.1 ms
block 73/80 - 217/240   6262.5 ms
block 74/80 - 220/240   6276.5 ms
block 75/80 - 223/240   6258.8 ms
block 76/80 - 226/240   6298.8 ms
block 77/80 - 229/240   6287.6 ms
block 78/80 - 232/240   5879.1 ms
block 79/80 - 235/240   6090.0 ms
block 80/80 - 238/240   6314.2 ms
[26/128] elapsed=20.9m  avg=48.1s/prompt  eta=81.8m
block 1/80 - 1/240  10094.0 ms
block 2/80 - 4/240   5756.0 ms
block 3/80 - 7/240   5835.5 ms
block 4/80 - 10/240   6273.0 ms
block 5/80 - 13/240   6253.7 ms
block 6/80 - 16/240   3589.2 ms
block 7/80 - 19/240   2497.7 ms
block 8/80 - 22/240   2500.2 ms
block 9/80 - 25/240   2505.2 ms
block 10/80 - 28/240   2500.1 ms
block 11/80 - 31/240   2501.6 ms
block 12/80 - 34/240   2541.0 ms
block 13/80 - 37/240   2503.9 ms
block 14/80 - 40/240   2501.6 ms
block 15/80 - 43/240   2506.0 ms
block 16/80 - 46/240   2502.8 ms
block 17/80 - 49/240   2501.6 ms
block 18/80 - 52/240   2503.2 ms
block 19/80 - 55/240   2502.7 ms
block 20/80 - 58/240   2506.9 ms
block 21/80 - 61/240   2503.2 ms
block 22/80 - 64/240   2521.8 ms
block 23/80 - 67/240   2489.5 ms
block 24/80 - 70/240   2503.2 ms
block 25/80 - 73/240   2502.9 ms
block 26/80 - 76/240   2503.3 ms
block 27/80 - 79/240   2505.5 ms
block 28/80 - 82/240   2505.7 ms
block 29/80 - 85/240   2505.1 ms
block 30/80 - 88/240   2503.9 ms
block 31/80 - 91/240   2504.4 ms
block 32/80 - 94/240   2503.3 ms
block 33/80 - 97/240   2505.0 ms
block 34/80 - 100/240   2505.3 ms
block 35/80 - 103/240   2504.1 ms
block 36/80 - 106/240   2540.6 ms
block 37/80 - 109/240   2503.0 ms
block 38/80 - 112/240   2502.7 ms
block 39/80 - 115/240   2504.4 ms
block 40/80 - 118/240   2503.2 ms
block 41/80 - 121/240   2504.6 ms
block 42/80 - 124/240   2503.2 ms
block 43/80 - 127/240   2502.7 ms
block 44/80 - 130/240   2504.2 ms
block 45/80 - 133/240   2502.9 ms
block 46/80 - 136/240   2510.8 ms
block 47/80 - 139/240   2500.8 ms
block 48/80 - 142/240   2503.9 ms
block 49/80 - 145/240   2503.4 ms
block 50/80 - 148/240   2503.0 ms
block 51/80 - 151/240   2503.4 ms
block 52/80 - 154/240   2502.7 ms
block 53/80 - 157/240   2502.9 ms
block 54/80 - 160/240   2502.6 ms
block 55/80 - 163/240   2503.5 ms
block 56/80 - 166/240   2502.7 ms
block 57/80 - 169/240   2505.4 ms
block 58/80 - 172/240   2506.1 ms
block 59/80 - 175/240   2503.2 ms
block 60/80 - 178/240   2548.7 ms
block 61/80 - 181/240   2503.2 ms
block 62/80 - 184/240   2502.7 ms
block 63/80 - 187/240   2503.5 ms
block 64/80 - 190/240   2502.7 ms
block 65/80 - 193/240   2504.3 ms
block 66/80 - 196/240   2517.0 ms
block 67/80 - 199/240   2493.9 ms
block 68/80 - 202/240   2502.5 ms
block 69/80 - 205/240   2502.9 ms
block 70/80 - 208/240   2504.4 ms
block 71/80 - 211/240   2503.0 ms
block 72/80 - 214/240   2503.6 ms
block 73/80 - 217/240   2503.8 ms
block 74/80 - 220/240   2503.7 ms
block 75/80 - 223/240   2503.8 ms
block 76/80 - 226/240   2504.3 ms
block 77/80 - 229/240   2502.9 ms
block 78/80 - 232/240   2502.9 ms
block 79/80 - 235/240   2505.4 ms
block 80/80 - 238/240   2503.1 ms
[42/128] elapsed=24.6m  avg=35.1s/prompt  eta=50.3m
block 1/80 - 1/240   1779.2 ms
block 2/80 - 4/240   2366.4 ms
block 3/80 - 7/240   2626.4 ms
block 4/80 - 10/240   2716.7 ms
block 5/80 - 13/240   2502.1 ms
block 6/80 - 16/240   2503.5 ms
block 7/80 - 19/240   2503.9 ms
block 8/80 - 22/240   2505.6 ms
block 9/80 - 25/240   2503.9 ms
block 10/80 - 28/240   2504.1 ms
block 11/80 - 31/240   2506.8 ms
block 12/80 - 34/240   2505.2 ms
block 13/80 - 37/240   2505.8 ms
block 14/80 - 40/240   2504.7 ms
block 15/80 - 43/240   2503.9 ms
block 16/80 - 46/240   2521.9 ms
block 17/80 - 49/240   2504.0 ms
block 18/80 - 52/240   2504.0 ms
block 19/80 - 55/240   2502.8 ms
block 20/80 - 58/240   2504.6 ms
block 21/80 - 61/240   2503.6 ms
block 22/80 - 64/240   2504.7 ms
block 23/80 - 67/240   2504.3 ms
block 24/80 - 70/240   2503.8 ms
block 25/80 - 73/240   2503.5 ms
block 26/80 - 76/240   2504.3 ms
block 27/80 - 79/240   2503.0 ms
block 28/80 - 82/240   2544.9 ms
block 29/80 - 85/240   2502.0 ms
block 30/80 - 88/240   2503.4 ms
block 31/80 - 91/240   2502.2 ms
block 32/80 - 94/240   2504.1 ms
block 33/80 - 97/240   2503.0 ms
block 34/80 - 100/240   2503.0 ms
block 35/80 - 103/240   2502.9 ms
block 36/80 - 106/240   2506.1 ms
block 37/80 - 109/240   2503.3 ms
block 38/80 - 112/240   2505.0 ms
block 39/80 - 115/240   2502.4 ms
block 40/80 - 118/240   2502.1 ms
block 41/80 - 121/240   2503.9 ms
block 42/80 - 124/240   2512.5 ms
block 43/80 - 127/240   2496.1 ms
block 44/80 - 130/240   2514.0 ms
block 45/80 - 133/240   2529.0 ms
block 46/80 - 136/240   2504.5 ms
block 47/80 - 139/240   2504.1 ms
block 48/80 - 142/240   2502.9 ms
block 49/80 - 145/240   2502.9 ms
block 50/80 - 148/240   2501.6 ms
block 51/80 - 151/240   2504.2 ms
block 52/80 - 154/240   2539.3 ms
block 53/80 - 157/240   2508.3 ms
block 54/80 - 160/240   2502.7 ms
block 55/80 - 163/240   2501.5 ms
block 56/80 - 166/240   2502.8 ms
block 57/80 - 169/240   2502.6 ms
block 58/80 - 172/240   2512.9 ms
block 59/80 - 175/240   2503.3 ms
block 60/80 - 178/240   2503.8 ms
block 61/80 - 181/240   2504.4 ms
block 62/80 - 184/240   2506.1 ms
block 63/80 - 187/240   2504.2 ms
block 64/80 - 190/240   2503.3 ms
block 65/80 - 193/240   2504.7 ms
block 66/80 - 196/240   2504.6 ms
block 67/80 - 199/240   2502.2 ms
block 68/80 - 202/240   2503.4 ms
block 69/80 - 205/240   2503.1 ms
block 70/80 - 208/240   2503.1 ms
block 71/80 - 211/240   2502.7 ms
block 72/80 - 214/240   2504.5 ms
block 73/80 - 217/240   2503.0 ms
block 74/80 - 220/240   2503.9 ms
block 75/80 - 223/240   2504.3 ms
block 76/80 - 226/240   2540.8 ms
block 77/80 - 229/240   2502.3 ms
block 78/80 - 232/240   2502.7 ms
block 79/80 - 235/240   2503.0 ms
block 80/80 - 238/240   2503.3 ms
[58/128] elapsed=27.9m  avg=28.9s/prompt  eta=33.7m
block 1/80 - 1/240   1800.5 ms
block 2/80 - 4/240   2443.5 ms
block 3/80 - 7/240   2724.0 ms
block 4/80 - 10/240   2620.4 ms
block 5/80 - 13/240   2502.3 ms
block 6/80 - 16/240   2504.6 ms
block 7/80 - 19/240   2502.8 ms
block 8/80 - 22/240   2506.0 ms
block 9/80 - 25/240   2513.0 ms
block 10/80 - 28/240   2501.9 ms
block 11/80 - 31/240   2516.2 ms
block 12/80 - 34/240   2504.0 ms
block 13/80 - 37/240   2502.7 ms
block 14/80 - 40/240   2502.8 ms
block 15/80 - 43/240   2502.4 ms
block 16/80 - 46/240   2503.8 ms
block 17/80 - 49/240   2501.8 ms
block 18/80 - 52/240   2502.9 ms
block 19/80 - 55/240   2506.6 ms
block 20/80 - 58/240   2559.4 ms
block 21/80 - 61/240   2536.2 ms
block 22/80 - 64/240   2505.3 ms
block 23/80 - 67/240   2502.8 ms
block 24/80 - 70/240   2501.7 ms
block 25/80 - 73/240   2502.8 ms
block 26/80 - 76/240   2508.3 ms
block 27/80 - 79/240   2502.3 ms
block 28/80 - 82/240   2502.0 ms
block 29/80 - 85/240   2506.7 ms
block 30/80 - 88/240   2503.0 ms
block 31/80 - 91/240   2503.2 ms
block 32/80 - 94/240   2502.6 ms
block 33/80 - 97/240   2502.0 ms
block 34/80 - 100/240   2503.3 ms
block 35/80 - 103/240   2501.9 ms
block 36/80 - 106/240   2501.2 ms
block 37/80 - 109/240   2503.3 ms
block 38/80 - 112/240   2502.2 ms
block 39/80 - 115/240   2502.5 ms
block 40/80 - 118/240   2501.8 ms
block 41/80 - 121/240   2503.5 ms
block 42/80 - 124/240   2503.6 ms
block 43/80 - 127/240   2505.6 ms
block 44/80 - 130/240   2528.9 ms
block 45/80 - 133/240   2502.6 ms
block 46/80 - 136/240   2502.5 ms
block 47/80 - 139/240   2539.8 ms
block 48/80 - 142/240   2500.8 ms
block 49/80 - 145/240   2501.5 ms
block 50/80 - 148/240   2507.2 ms
block 51/80 - 151/240   2501.3 ms
block 52/80 - 154/240   2501.0 ms
block 53/80 - 157/240   2500.5 ms
block 54/80 - 160/240   2500.8 ms
block 55/80 - 163/240   2500.4 ms
block 56/80 - 166/240   2501.6 ms
block 57/80 - 169/240   2502.7 ms
block 58/80 - 172/240   2503.6 ms
block 59/80 - 175/240   2504.5 ms
block 60/80 - 178/240   2501.9 ms
block 61/80 - 181/240   2502.1 ms
block 62/80 - 184/240   2502.8 ms
block 63/80 - 187/240   2501.6 ms
block 64/80 - 190/240   2502.8 ms
block 65/80 - 193/240   2503.2 ms
block 66/80 - 196/240   2503.6 ms
block 67/80 - 199/240   2515.9 ms
block 68/80 - 202/240   2531.5 ms
block 69/80 - 205/240   2503.9 ms
block 70/80 - 208/240   2503.3 ms
block 71/80 - 211/240   2502.9 ms
block 72/80 - 214/240   2503.1 ms
block 73/80 - 217/240   2500.8 ms
block 74/80 - 220/240   2502.1 ms
block 75/80 - 223/240   2502.6 ms
block 76/80 - 226/240   2503.8 ms
block 77/80 - 229/240   2501.8 ms
block 78/80 - 232/240   2502.7 ms
block 79/80 - 235/240   2504.7 ms
block 80/80 - 238/240   2501.7 ms
[74/128] elapsed=31.3m  avg=25.4s/prompt  eta=22.8m
block 1/80 - 1/240   1942.8 ms
block 2/80 - 4/240   2466.4 ms
block 3/80 - 7/240   2648.1 ms
block 4/80 - 10/240   2677.7 ms
block 5/80 - 13/240   2497.7 ms
block 6/80 - 16/240   2503.7 ms
block 7/80 - 19/240   2504.9 ms
block 8/80 - 22/240   2504.4 ms
block 9/80 - 25/240   2503.8 ms
block 10/80 - 28/240   2504.8 ms
block 11/80 - 31/240   2521.2 ms
block 12/80 - 34/240   2522.1 ms
block 13/80 - 37/240   2503.6 ms
block 14/80 - 40/240   2502.9 ms
block 15/80 - 43/240   2503.9 ms
block 16/80 - 46/240   2504.5 ms
block 17/80 - 49/240   2504.8 ms
block 18/80 - 52/240   2504.0 ms
block 19/80 - 55/240   2504.8 ms
block 20/80 - 58/240   2503.2 ms
block 21/80 - 61/240   2503.3 ms
block 22/80 - 64/240   2504.4 ms
block 23/80 - 67/240   2512.6 ms
block 24/80 - 70/240   2502.5 ms
block 25/80 - 73/240   2502.3 ms
block 26/80 - 76/240   2503.3 ms
block 27/80 - 79/240   2502.8 ms
block 28/80 - 82/240   2503.6 ms
block 29/80 - 85/240   2501.4 ms
block 30/80 - 88/240   2501.3 ms
block 31/80 - 91/240   2502.5 ms
block 32/80 - 94/240   2504.8 ms
block 33/80 - 97/240   2503.5 ms
block 34/80 - 100/240   2504.2 ms
block 35/80 - 103/240   2514.7 ms
block 36/80 - 106/240   2515.3 ms
block 37/80 - 109/240   2501.8 ms
block 38/80 - 112/240   2501.6 ms
block 39/80 - 115/240   2502.8 ms
block 40/80 - 118/240   2502.7 ms
block 41/80 - 121/240   2502.4 ms
block 42/80 - 124/240   2503.0 ms
block 43/80 - 127/240   2504.3 ms
block 44/80 - 130/240   2505.2 ms
block 45/80 - 133/240   2504.4 ms
block 46/80 - 136/240   2503.1 ms
block 47/80 - 139/240   2501.2 ms
block 48/80 - 142/240   2502.3 ms
block 49/80 - 145/240   2501.1 ms
block 50/80 - 148/240   2500.7 ms
block 51/80 - 151/240   2504.2 ms
block 52/80 - 154/240   2503.9 ms
block 53/80 - 157/240   2502.9 ms
block 54/80 - 160/240   2503.0 ms
block 55/80 - 163/240   2503.1 ms
block 56/80 - 166/240   2502.3 ms
block 57/80 - 169/240   2501.7 ms
block 58/80 - 172/240   2502.6 ms
block 59/80 - 175/240   2521.4 ms
block 60/80 - 178/240   2517.3 ms
block 61/80 - 181/240   2501.2 ms
block 62/80 - 184/240   2501.0 ms
block 63/80 - 187/240   2502.2 ms
block 64/80 - 190/240   2502.9 ms
block 65/80 - 193/240   2501.9 ms
block 66/80 - 196/240   2504.5 ms
block 67/80 - 199/240   2500.8 ms
block 68/80 - 202/240   2502.6 ms
block 69/80 - 205/240   2502.2 ms
block 70/80 - 208/240   2507.4 ms
block 71/80 - 211/240   2502.8 ms
block 72/80 - 214/240   2501.1 ms
block 73/80 - 217/240   2500.6 ms
block 74/80 - 220/240   2502.1 ms
block 75/80 - 223/240   2504.8 ms
block 76/80 - 226/240   2502.5 ms
block 77/80 - 229/240   2502.6 ms
block 78/80 - 232/240   2503.1 ms
block 79/80 - 235/240   2504.3 ms
block 80/80 - 238/240   2502.1 ms
[90/128] elapsed=34.6m  avg=23.1s/prompt  eta=14.6m
block 1/80 - 1/240   1771.7 ms
block 2/80 - 4/240   2792.3 ms
block 3/80 - 7/240   2721.6 ms
block 4/80 - 10/240   3019.8 ms
block 5/80 - 13/240   2330.3 ms
block 6/80 - 16/240   2457.3 ms
block 7/80 - 19/240   2519.1 ms
block 8/80 - 22/240   2503.1 ms
block 9/80 - 25/240   2503.8 ms
block 10/80 - 28/240   2504.0 ms
block 11/80 - 31/240   2503.6 ms
block 12/80 - 34/240   2504.4 ms
block 13/80 - 37/240   2504.0 ms
block 14/80 - 40/240   2503.6 ms
block 15/80 - 43/240   2503.4 ms
block 16/80 - 46/240   2504.7 ms
block 17/80 - 49/240   2503.4 ms
block 18/80 - 52/240   2502.1 ms
block 19/80 - 55/240   2501.8 ms
block 20/80 - 58/240   2501.1 ms
block 21/80 - 61/240   2501.0 ms
block 22/80 - 64/240   2503.8 ms
block 23/80 - 67/240   2502.2 ms
block 24/80 - 70/240   2502.5 ms
block 25/80 - 73/240   2501.2 ms
block 26/80 - 76/240   2502.1 ms
block 27/80 - 79/240   2536.1 ms
block 28/80 - 82/240   2501.8 ms
block 29/80 - 85/240   2500.9 ms
block 30/80 - 88/240   2501.8 ms
block 31/80 - 91/240   2501.3 ms
block 32/80 - 94/240   2500.3 ms
block 33/80 - 97/240   2501.6 ms
block 34/80 - 100/240   2504.3 ms
block 35/80 - 103/240   2501.1 ms
block 36/80 - 106/240   2501.9 ms
block 37/80 - 109/240   2502.2 ms
block 38/80 - 112/240   2503.2 ms
block 39/80 - 115/240   2502.3 ms
block 40/80 - 118/240   2501.9 ms
block 41/80 - 121/240   2502.5 ms
block 42/80 - 124/240   2502.3 ms
block 43/80 - 127/240   2504.1 ms
block 44/80 - 130/240   2505.3 ms
block 45/80 - 133/240   2503.2 ms
block 46/80 - 136/240   2504.0 ms
block 47/80 - 139/240   2506.7 ms
block 48/80 - 142/240   2521.2 ms
block 49/80 - 145/240   2527.1 ms
block 50/80 - 148/240   2503.7 ms
block 51/80 - 151/240   2547.0 ms
block 52/80 - 154/240   2503.8 ms
block 53/80 - 157/240   2519.6 ms
block 54/80 - 160/240   2503.1 ms
block 55/80 - 163/240   2503.2 ms
block 56/80 - 166/240   2501.7 ms
block 57/80 - 169/240   2501.6 ms
block 58/80 - 172/240   2502.5 ms
block 59/80 - 175/240   2505.1 ms
block 60/80 - 178/240   2502.9 ms
block 61/80 - 181/240   2501.9 ms
block 62/80 - 184/240   2502.7 ms
block 63/80 - 187/240   2503.2 ms
block 64/80 - 190/240   2503.2 ms
block 65/80 - 193/240   2503.7 ms
block 66/80 - 196/240   2503.5 ms
block 67/80 - 199/240   2507.5 ms
block 68/80 - 202/240   2504.5 ms
block 69/80 - 205/240   2502.5 ms
block 70/80 - 208/240   2502.4 ms
block 71/80 - 211/240   2502.6 ms
block 72/80 - 214/240   2502.0 ms
block 73/80 - 217/240   2502.0 ms
block 74/80 - 220/240   2500.8 ms
block 75/80 - 223/240   2541.1 ms
block 76/80 - 226/240   2501.9 ms
block 77/80 - 229/240   2501.9 ms
block 78/80 - 232/240   2501.8 ms
block 79/80 - 235/240   2506.5 ms
block 80/80 - 238/240   2503.5 ms
[106/128] elapsed=38.0m  avg=21.5s/prompt  eta=7.9m
block 1/80 - 1/240   2494.0 ms
block 2/80 - 4/240   2317.9 ms
block 3/80 - 7/240   2755.3 ms
block 4/80 - 10/240   2612.4 ms
block 5/80 - 13/240   2505.2 ms
block 6/80 - 16/240   2502.3 ms
block 7/80 - 19/240   2503.2 ms
block 8/80 - 22/240   2501.6 ms
block 9/80 - 25/240   2501.9 ms
block 10/80 - 28/240   2501.8 ms
block 11/80 - 31/240   2506.5 ms
block 12/80 - 34/240   2504.5 ms
block 13/80 - 37/240   2501.6 ms
block 14/80 - 40/240   2503.7 ms
block 15/80 - 43/240   2504.6 ms
block 16/80 - 46/240   2502.9 ms
block 17/80 - 49/240   2504.7 ms
block 18/80 - 52/240   2516.0 ms
block 19/80 - 55/240   2527.4 ms
block 20/80 - 58/240   2501.4 ms
block 21/80 - 61/240   2501.1 ms
block 22/80 - 64/240   2502.8 ms
block 23/80 - 67/240   2505.2 ms
block 24/80 - 70/240   2505.4 ms
block 25/80 - 73/240   2503.7 ms
block 26/80 - 76/240   2502.4 ms
block 27/80 - 79/240   2502.0 ms
block 28/80 - 82/240   2501.3 ms
block 29/80 - 85/240   2500.1 ms
block 30/80 - 88/240   2504.0 ms
block 31/80 - 91/240   2502.0 ms
block 32/80 - 94/240   2500.6 ms
block 33/80 - 97/240   2503.1 ms
block 34/80 - 100/240   2501.9 ms
block 35/80 - 103/240   2501.1 ms
block 36/80 - 106/240   2502.6 ms
block 37/80 - 109/240   2510.2 ms
block 38/80 - 112/240   2505.9 ms
block 39/80 - 115/240   2502.9 ms
block 40/80 - 118/240   2501.2 ms
block 41/80 - 121/240   2503.7 ms
block 42/80 - 124/240   2510.7 ms
block 43/80 - 127/240   2523.8 ms
block 44/80 - 130/240   2504.2 ms
block 45/80 - 133/240   2502.1 ms
block 46/80 - 136/240   2501.7 ms
block 47/80 - 139/240   2500.8 ms
block 48/80 - 142/240   2501.0 ms
block 49/80 - 145/240   2501.5 ms
block 50/80 - 148/240   2503.0 ms
block 51/80 - 151/240   2501.7 ms
block 52/80 - 154/240   2501.8 ms
block 53/80 - 157/240   2503.8 ms
block 54/80 - 160/240   2503.3 ms
block 55/80 - 163/240   2504.0 ms
block 56/80 - 166/240   2507.8 ms
block 57/80 - 169/240   2502.1 ms
block 58/80 - 172/240   2518.8 ms
block 59/80 - 175/240   2504.3 ms
block 60/80 - 178/240   2503.8 ms
block 61/80 - 181/240   2505.0 ms
block 62/80 - 184/240   2537.0 ms
block 63/80 - 187/240   2517.5 ms
block 64/80 - 190/240   2506.1 ms
block 65/80 - 193/240   2503.6 ms
block 66/80 - 196/240   2510.6 ms
block 67/80 - 199/240   2530.4 ms
block 68/80 - 202/240   2503.2 ms
block 69/80 - 205/240   2504.7 ms
block 70/80 - 208/240   2505.6 ms
block 71/80 - 211/240   2508.0 ms
block 72/80 - 214/240   2510.2 ms
block 73/80 - 217/240   2504.0 ms
block 74/80 - 220/240   2503.4 ms
block 75/80 - 223/240   2508.5 ms
block 76/80 - 226/240   2514.8 ms
block 77/80 - 229/240   2517.5 ms
block 78/80 - 232/240   2515.0 ms
block 79/80 - 235/240   2515.5 ms
block 80/80 - 238/240   2504.0 ms
[122/128] elapsed=41.3m  avg=20.3s/prompt  eta=2.0m
