Running on a single GPU (cuda); skipping NCCL initialization.
Free VRAM 94.3734130859375 GB
Loading CUDA extension (first run compiles ~60s; cached run ~3s)...
CUDA extension ready in 148.0s.
[CacheCompatibilityPolicy] recent=20:355 coverage=21:5 episode=22:0 coverage_policy=reservoir budget=9FFE read_budget=9FFE owner=HeadComposition
KV inference with 3 frames per block
Number of prompts: 128
Prompt index range: [0, 128)
Loading PyramidKV config from /apdcephfs_gy2/share_303214315/cedricnie/develop/training-free/runs/v181_rccp_long_stress/inputs/maps/rccp_matched.csv
block 1/80 - 1/240  261574.3 ms
block 2/80 - 4/240   5266.3 ms
block 3/80 - 7/240   6446.8 ms
block 4/80 - 10/240   6396.1 ms
block 5/80 - 13/240   6386.4 ms
block 6/80 - 16/240   6342.3 ms
block 7/80 - 19/240   6400.4 ms
block 8/80 - 22/240   6387.7 ms
block 9/80 - 25/240   6399.5 ms
block 10/80 - 28/240   6387.7 ms
block 11/80 - 31/240   6391.1 ms
block 12/80 - 34/240   6390.9 ms
block 13/80 - 37/240   6390.0 ms
block 14/80 - 40/240   6387.7 ms
block 15/80 - 43/240   6377.2 ms
block 16/80 - 46/240   6373.1 ms
block 17/80 - 49/240   6357.5 ms
block 18/80 - 52/240   6376.9 ms
block 19/80 - 55/240   6401.0 ms
block 20/80 - 58/240   6376.1 ms
block 21/80 - 61/240   6376.4 ms
block 22/80 - 64/240   6376.6 ms
block 23/80 - 67/240   6380.5 ms
block 24/80 - 70/240   6372.2 ms
block 25/80 - 73/240   6375.2 ms
block 26/80 - 76/240   6374.4 ms
block 27/80 - 79/240   6405.8 ms
block 28/80 - 82/240   6398.8 ms
block 29/80 - 85/240   6317.0 ms
block 30/80 - 88/240   6370.1 ms
block 31/80 - 91/240   6372.4 ms
block 32/80 - 94/240   6372.2 ms
block 33/80 - 97/240   6373.9 ms
block 34/80 - 100/240   6379.1 ms
block 35/80 - 103/240   6381.8 ms
block 36/80 - 106/240   6370.8 ms
block 37/80 - 109/240   6377.3 ms
block 38/80 - 112/240   6377.1 ms
block 39/80 - 115/240   6380.8 ms
block 40/80 - 118/240   6391.4 ms
block 41/80 - 121/240   6376.6 ms
block 42/80 - 124/240   6407.9 ms
block 43/80 - 127/240   6374.4 ms
block 44/80 - 130/240   6371.9 ms
block 45/80 - 133/240   6374.3 ms
block 46/80 - 136/240   6372.1 ms
block 47/80 - 139/240   6373.1 ms
block 48/80 - 142/240   6373.7 ms
block 49/80 - 145/240   6383.1 ms
block 50/80 - 148/240   6357.8 ms
block 51/80 - 151/240   6316.8 ms
block 52/80 - 154/240   6366.1 ms
block 53/80 - 157/240   6379.4 ms
block 54/80 - 160/240   6371.3 ms
block 55/80 - 163/240   6371.9 ms
block 56/80 - 166/240   6352.2 ms
block 57/80 - 169/240   6392.6 ms
block 58/80 - 172/240   6373.8 ms
block 59/80 - 175/240   6368.7 ms
block 60/80 - 178/240   6366.7 ms
block 61/80 - 181/240   6373.6 ms
block 62/80 - 184/240   6352.2 ms
block 63/80 - 187/240   6393.6 ms
block 64/80 - 190/240   6372.8 ms
block 65/80 - 193/240   6368.3 ms
block 66/80 - 196/240   6380.1 ms
block 67/80 - 199/240   6379.5 ms
block 68/80 - 202/240   6387.4 ms
block 69/80 - 205/240   6371.9 ms
block 70/80 - 208/240   6368.4 ms
block 71/80 - 211/240   6385.0 ms
block 72/80 - 214/240   6374.0 ms
block 73/80 - 217/240   6370.2 ms
block 74/80 - 220/240   6372.6 ms
block 75/80 - 223/240   6324.6 ms
block 76/80 - 226/240   6219.2 ms
block 77/80 - 229/240   6252.7 ms
block 78/80 - 232/240   6290.6 ms
block 79/80 - 235/240   6229.1 ms
block 80/80 - 238/240   6345.3 ms
/apdcephfs_gy2/share_303214315/cedricnie/miniconda3/envs/longlive/lib/python3.10/site-packages/torchvision/io/_video_deprecation_warning.py:9: UserWarning: The video decoding and encoding capabilities of torchvision are deprecated from version 0.22 and will be removed in version 0.24. We recommend that you migrate to TorchCodec, where we'll consolidate the future decoding/encoding capabilities of PyTorch: https://github.com/pytorch/torchcodec
  warnings.warn(
[9/128] elapsed=12.8m  avg=85.1s/prompt  eta=168.7m
block 1/80 - 1/240   4411.5 ms
block 2/80 - 4/240   3746.9 ms
block 3/80 - 7/240   4186.2 ms
block 4/80 - 10/240   4677.9 ms
block 5/80 - 13/240   6305.0 ms
block 6/80 - 16/240   6378.0 ms
block 7/80 - 19/240   6376.9 ms
block 8/80 - 22/240   6335.4 ms
block 9/80 - 25/240   6374.1 ms
block 10/80 - 28/240   6395.8 ms
block 11/80 - 31/240   6367.3 ms
block 12/80 - 34/240   6360.8 ms
block 13/80 - 37/240   6376.8 ms
block 14/80 - 40/240   6379.5 ms
block 15/80 - 43/240   6371.3 ms
block 16/80 - 46/240   6374.0 ms
block 17/80 - 49/240   6374.2 ms
block 18/80 - 52/240   6373.3 ms
block 19/80 - 55/240   6377.3 ms
block 20/80 - 58/240   6374.8 ms
block 21/80 - 61/240   6371.7 ms
block 22/80 - 64/240   6375.6 ms
block 23/80 - 67/240   6373.4 ms
block 24/80 - 70/240   6372.9 ms
block 25/80 - 73/240   6391.6 ms
block 26/80 - 76/240   6372.2 ms
block 27/80 - 79/240   6371.3 ms
block 28/80 - 82/240   6374.0 ms
block 29/80 - 85/240   6402.2 ms
block 30/80 - 88/240   6351.3 ms
block 31/80 - 91/240   6371.5 ms
block 32/80 - 94/240   6370.3 ms
block 33/80 - 97/240   6370.2 ms
block 34/80 - 100/240   6375.2 ms
block 35/80 - 103/240   6375.9 ms
block 36/80 - 106/240   6401.5 ms
block 37/80 - 109/240   6376.1 ms
block 38/80 - 112/240   6372.4 ms
block 39/80 - 115/240   6396.0 ms
block 40/80 - 118/240   6378.2 ms
block 41/80 - 121/240   6372.6 ms
block 42/80 - 124/240   6373.3 ms
block 43/80 - 127/240   6365.6 ms
block 44/80 - 130/240   6368.5 ms
block 45/80 - 133/240   6393.3 ms
block 46/80 - 136/240   6406.7 ms
block 47/80 - 139/240   6371.7 ms
block 48/80 - 142/240   6358.5 ms
block 49/80 - 145/240   6394.9 ms
block 50/80 - 148/240   6370.8 ms
block 51/80 - 151/240   6370.1 ms
block 52/80 - 154/240   6392.3 ms
block 53/80 - 157/240   6373.8 ms
block 54/80 - 160/240   6391.0 ms
block 55/80 - 163/240   6373.8 ms
block 56/80 - 166/240   6370.7 ms
block 57/80 - 169/240   6378.8 ms
block 58/80 - 172/240   6378.7 ms
block 59/80 - 175/240   6372.8 ms
block 60/80 - 178/240   6389.7 ms
block 61/80 - 181/240   6375.6 ms
block 62/80 - 184/240   6372.3 ms
block 63/80 - 187/240   6389.8 ms
block 64/80 - 190/240   6374.2 ms
block 65/80 - 193/240   6371.5 ms
block 66/80 - 196/240   6371.1 ms
block 67/80 - 199/240   6399.4 ms
block 68/80 - 202/240   6350.2 ms
block 69/80 - 205/240   6369.6 ms
block 70/80 - 208/240   6386.9 ms
block 71/80 - 211/240   6370.9 ms
block 72/80 - 214/240   6400.1 ms
block 73/80 - 217/240   6375.2 ms
block 74/80 - 220/240   6184.5 ms
block 75/80 - 223/240   6374.8 ms
block 76/80 - 226/240   6028.2 ms
block 77/80 - 229/240   6131.5 ms
block 78/80 - 232/240   6230.6 ms
block 79/80 - 235/240   6380.4 ms
block 80/80 - 238/240   6372.9 ms
[25/128] elapsed=21.1m  avg=50.7s/prompt  eta=87.0m
block 1/80 - 1/240   9365.8 ms
block 2/80 - 4/240   3350.3 ms
block 3/80 - 7/240   2456.8 ms
block 4/80 - 10/240   2469.4 ms
block 5/80 - 13/240   2466.1 ms
block 6/80 - 16/240   2468.5 ms
block 7/80 - 19/240   2467.4 ms
block 8/80 - 22/240   2467.8 ms
block 9/80 - 25/240   2467.7 ms
block 10/80 - 28/240   2469.6 ms
block 11/80 - 31/240   2487.6 ms
block 12/80 - 34/240   2465.4 ms
block 13/80 - 37/240   2466.7 ms
block 14/80 - 40/240   2470.2 ms
block 15/80 - 43/240   2467.5 ms
block 16/80 - 46/240   2467.6 ms
block 17/80 - 49/240   2472.4 ms
block 18/80 - 52/240   2467.1 ms
block 19/80 - 55/240   2469.2 ms
block 20/80 - 58/240   2477.1 ms
block 21/80 - 61/240   2469.4 ms
block 22/80 - 64/240   2472.5 ms
block 23/80 - 67/240   2461.3 ms
block 24/80 - 70/240   2465.4 ms
block 25/80 - 73/240   2465.1 ms
block 26/80 - 76/240   2466.0 ms
block 27/80 - 79/240   2467.8 ms
block 28/80 - 82/240   2468.3 ms
block 29/80 - 85/240   2467.5 ms
block 30/80 - 88/240   2466.6 ms
block 31/80 - 91/240   2470.1 ms
block 32/80 - 94/240   2464.8 ms
block 33/80 - 97/240   2465.4 ms
block 34/80 - 100/240   2481.4 ms
block 35/80 - 103/240   2494.6 ms
block 36/80 - 106/240   2465.8 ms
block 37/80 - 109/240   2467.5 ms
block 38/80 - 112/240   2466.0 ms
block 39/80 - 115/240   2466.8 ms
block 40/80 - 118/240   2466.7 ms
block 41/80 - 121/240   2481.4 ms
block 42/80 - 124/240   2465.2 ms
block 43/80 - 127/240   2465.5 ms
block 44/80 - 130/240   2465.5 ms
block 45/80 - 133/240   2465.8 ms
block 46/80 - 136/240   2467.4 ms
block 47/80 - 139/240   2470.3 ms
block 48/80 - 142/240   2467.4 ms
block 49/80 - 145/240   2468.6 ms
block 50/80 - 148/240   2465.9 ms
block 51/80 - 151/240   2465.9 ms
block 52/80 - 154/240   2466.7 ms
block 53/80 - 157/240   2466.2 ms
block 54/80 - 160/240   2474.9 ms
block 55/80 - 163/240   2466.8 ms
block 56/80 - 166/240   2467.1 ms
block 57/80 - 169/240   2467.7 ms
block 58/80 - 172/240   2466.9 ms
block 59/80 - 175/240   2475.7 ms
block 60/80 - 178/240   2467.1 ms
block 61/80 - 181/240   2469.1 ms
block 62/80 - 184/240   2466.3 ms
block 63/80 - 187/240   2466.1 ms
block 64/80 - 190/240   2465.3 ms
block 65/80 - 193/240   2467.4 ms
block 66/80 - 196/240   2465.6 ms
block 67/80 - 199/240   2467.2 ms
block 68/80 - 202/240   2467.6 ms
block 69/80 - 205/240   2466.9 ms
block 70/80 - 208/240   2466.9 ms
block 71/80 - 211/240   2467.5 ms
block 72/80 - 214/240   2467.0 ms
block 73/80 - 217/240   2467.5 ms
block 74/80 - 220/240   2468.9 ms
block 75/80 - 223/240   2468.7 ms
block 76/80 - 226/240   2468.1 ms
block 77/80 - 229/240   2466.4 ms
block 78/80 - 232/240   2467.7 ms
block 79/80 - 235/240   2468.9 ms
block 80/80 - 238/240   2468.3 ms
[41/128] elapsed=24.6m  avg=35.9s/prompt  eta=52.1m
block 1/80 - 1/240   1743.3 ms
block 2/80 - 4/240   2272.3 ms
block 3/80 - 7/240   2695.6 ms
block 4/80 - 10/240   2758.5 ms
block 5/80 - 13/240   2467.2 ms
block 6/80 - 16/240   2467.7 ms
block 7/80 - 19/240   2468.2 ms
block 8/80 - 22/240   2465.7 ms
block 9/80 - 25/240   2468.3 ms
block 10/80 - 28/240   2468.4 ms
block 11/80 - 31/240   2470.6 ms
block 12/80 - 34/240   2467.2 ms
block 13/80 - 37/240   2466.2 ms
block 14/80 - 40/240   2466.0 ms
block 15/80 - 43/240   2468.0 ms
block 16/80 - 46/240   2466.8 ms
block 17/80 - 49/240   2466.8 ms
block 18/80 - 52/240   2469.1 ms
block 19/80 - 55/240   2467.9 ms
block 20/80 - 58/240   2470.1 ms
block 21/80 - 61/240   2467.1 ms
block 22/80 - 64/240   2475.0 ms
block 23/80 - 67/240   2461.2 ms
block 24/80 - 70/240   2468.0 ms
block 25/80 - 73/240   2468.9 ms
block 26/80 - 76/240   2470.3 ms
block 27/80 - 79/240   2468.3 ms
block 28/80 - 82/240   2491.2 ms
block 29/80 - 85/240   2466.5 ms
block 30/80 - 88/240   2468.4 ms
block 31/80 - 91/240   2465.9 ms
block 32/80 - 94/240   2466.7 ms
block 33/80 - 97/240   2470.8 ms
block 34/80 - 100/240   2475.7 ms
block 35/80 - 103/240   2466.5 ms
block 36/80 - 106/240   2467.5 ms
block 37/80 - 109/240   2467.7 ms
block 38/80 - 112/240   2466.3 ms
block 39/80 - 115/240   2466.6 ms
block 40/80 - 118/240   2467.6 ms
block 41/80 - 121/240   2494.9 ms
block 42/80 - 124/240   2466.9 ms
block 43/80 - 127/240   2466.5 ms
block 44/80 - 130/240   2468.0 ms
block 45/80 - 133/240   2469.7 ms
block 46/80 - 136/240   2480.4 ms
block 47/80 - 139/240   2480.3 ms
block 48/80 - 142/240   2468.1 ms
block 49/80 - 145/240   2467.2 ms
block 50/80 - 148/240   2472.2 ms
block 51/80 - 151/240   2465.6 ms
block 52/80 - 154/240   2513.5 ms
block 53/80 - 157/240   2468.8 ms
block 54/80 - 160/240   2466.8 ms
block 55/80 - 163/240   2471.9 ms
block 56/80 - 166/240   2466.3 ms
block 57/80 - 169/240   2466.6 ms
block 58/80 - 172/240   2467.3 ms
block 59/80 - 175/240   2466.3 ms
block 60/80 - 178/240   2466.1 ms
block 61/80 - 181/240   2479.7 ms
block 62/80 - 184/240   2467.2 ms
block 63/80 - 187/240   2468.3 ms
block 64/80 - 190/240   2468.4 ms
block 65/80 - 193/240   2467.1 ms
block 66/80 - 196/240   2468.7 ms
block 67/80 - 199/240   2477.4 ms
block 68/80 - 202/240   2468.0 ms
block 69/80 - 205/240   2466.2 ms
block 70/80 - 208/240   2466.4 ms
block 71/80 - 211/240   2490.1 ms
block 72/80 - 214/240   2467.0 ms
block 73/80 - 217/240   2466.5 ms
block 74/80 - 220/240   2470.4 ms
block 75/80 - 223/240   2471.9 ms
block 76/80 - 226/240   2468.6 ms
block 77/80 - 229/240   2479.1 ms
block 78/80 - 232/240   2468.8 ms
block 79/80 - 235/240   2470.2 ms
block 80/80 - 238/240   2468.1 ms
[57/128] elapsed=27.9m  avg=29.3s/prompt  eta=34.7m
block 1/80 - 1/240   2068.9 ms
block 2/80 - 4/240   2489.2 ms
block 3/80 - 7/240   2709.9 ms
block 4/80 - 10/240   2624.7 ms
block 5/80 - 13/240   2469.8 ms
block 6/80 - 16/240   2471.5 ms
block 7/80 - 19/240   2473.3 ms
block 8/80 - 22/240   2471.7 ms
block 9/80 - 25/240   2470.8 ms
block 10/80 - 28/240   2489.2 ms
block 11/80 - 31/240   2471.6 ms
block 12/80 - 34/240   2469.9 ms
block 13/80 - 37/240   2467.8 ms
block 14/80 - 40/240   2468.7 ms
block 15/80 - 43/240   2465.4 ms
block 16/80 - 46/240   2467.6 ms
block 17/80 - 49/240   2466.6 ms
block 18/80 - 52/240   2465.4 ms
block 19/80 - 55/240   2470.4 ms
block 20/80 - 58/240   2469.2 ms
block 21/80 - 61/240   2479.2 ms
block 22/80 - 64/240   2467.0 ms
block 23/80 - 67/240   2468.2 ms
block 24/80 - 70/240   2466.8 ms
block 25/80 - 73/240   2468.1 ms
block 26/80 - 76/240   2466.4 ms
block 27/80 - 79/240   2469.2 ms
block 28/80 - 82/240   2467.2 ms
block 29/80 - 85/240   2470.0 ms
block 30/80 - 88/240   2469.8 ms
block 31/80 - 91/240   2470.3 ms
block 32/80 - 94/240   2466.9 ms
block 33/80 - 97/240   2466.1 ms
block 34/80 - 100/240   2465.9 ms
block 35/80 - 103/240   2468.2 ms
block 36/80 - 106/240   2472.5 ms
block 37/80 - 109/240   2472.8 ms
block 38/80 - 112/240   2470.1 ms
block 39/80 - 115/240   2472.1 ms
block 40/80 - 118/240   2479.1 ms
block 41/80 - 121/240   2470.5 ms
block 42/80 - 124/240   2470.6 ms
block 43/80 - 127/240   2470.8 ms
block 44/80 - 130/240   2469.9 ms
block 45/80 - 133/240   2493.1 ms
block 46/80 - 136/240   2470.5 ms
block 47/80 - 139/240   2472.0 ms
block 48/80 - 142/240   2473.5 ms
block 49/80 - 145/240   2473.0 ms
block 50/80 - 148/240   2471.0 ms
block 51/80 - 151/240   2471.5 ms
block 52/80 - 154/240   2470.4 ms
block 53/80 - 157/240   2469.0 ms
block 54/80 - 160/240   2466.6 ms
block 55/80 - 163/240   2468.4 ms
block 56/80 - 166/240   2471.1 ms
block 57/80 - 169/240   2472.7 ms
block 58/80 - 172/240   2469.3 ms
block 59/80 - 175/240   2468.7 ms
block 60/80 - 178/240   2471.1 ms
block 61/80 - 181/240   2470.0 ms
block 62/80 - 184/240   2466.3 ms
block 63/80 - 187/240   2466.2 ms
block 64/80 - 190/240   2469.2 ms
block 65/80 - 193/240   2468.1 ms
block 66/80 - 196/240   2472.9 ms
block 67/80 - 199/240   2468.3 ms
block 68/80 - 202/240   2469.2 ms
block 69/80 - 205/240   2494.5 ms
block 70/80 - 208/240   2469.6 ms
block 71/80 - 211/240   2469.6 ms
block 72/80 - 214/240   2468.4 ms
block 73/80 - 217/240   2477.0 ms
block 74/80 - 220/240   2474.8 ms
block 75/80 - 223/240   2472.3 ms
block 76/80 - 226/240   2470.9 ms
block 77/80 - 229/240   2477.6 ms
block 78/80 - 232/240   2493.3 ms
block 79/80 - 235/240   2467.9 ms
block 80/80 - 238/240   2468.2 ms
[73/128] elapsed=31.2m  avg=25.6s/prompt  eta=23.5m
block 1/80 - 1/240   2150.5 ms
block 2/80 - 4/240   2772.1 ms
block 3/80 - 7/240   2993.8 ms
block 4/80 - 10/240   2825.4 ms
block 5/80 - 13/240   2468.6 ms
block 6/80 - 16/240   2465.3 ms
block 7/80 - 19/240   2480.6 ms
block 8/80 - 22/240   2465.9 ms
block 9/80 - 25/240   2509.0 ms
block 10/80 - 28/240   2478.6 ms
block 11/80 - 31/240   2470.0 ms
block 12/80 - 34/240   2481.9 ms
block 13/80 - 37/240   2495.4 ms
block 14/80 - 40/240   2466.4 ms
block 15/80 - 43/240   2467.6 ms
block 16/80 - 46/240   2466.4 ms
block 17/80 - 49/240   2467.1 ms
block 18/80 - 52/240   2465.8 ms
block 19/80 - 55/240   2470.0 ms
block 20/80 - 58/240   2473.7 ms
block 21/80 - 61/240   2479.5 ms
block 22/80 - 64/240   2479.8 ms
block 23/80 - 67/240   2466.1 ms
block 24/80 - 70/240   2466.9 ms
block 25/80 - 73/240   2470.2 ms
block 26/80 - 76/240   2466.2 ms
block 27/80 - 79/240   2469.0 ms
block 28/80 - 82/240   2467.6 ms
block 29/80 - 85/240   2464.5 ms
block 30/80 - 88/240   2466.3 ms
block 31/80 - 91/240   2466.1 ms
block 32/80 - 94/240   2464.5 ms
block 33/80 - 97/240   2465.1 ms
block 34/80 - 100/240   2464.5 ms
block 35/80 - 103/240   2464.8 ms
block 36/80 - 106/240   2465.4 ms
block 37/80 - 109/240   2493.3 ms
block 38/80 - 112/240   2466.6 ms
block 39/80 - 115/240   2463.8 ms
block 40/80 - 118/240   2463.8 ms
block 41/80 - 121/240   2464.4 ms
block 42/80 - 124/240   2462.8 ms
block 43/80 - 127/240   2469.6 ms
block 44/80 - 130/240   2463.0 ms
block 45/80 - 133/240   2464.1 ms
block 46/80 - 136/240   2465.7 ms
block 47/80 - 139/240   2466.6 ms
block 48/80 - 142/240   2466.1 ms
block 49/80 - 145/240   2466.3 ms
block 50/80 - 148/240   2465.2 ms
block 51/80 - 151/240   2468.8 ms
block 52/80 - 154/240   2464.6 ms
block 53/80 - 157/240   2465.0 ms
block 54/80 - 160/240   2467.7 ms
block 55/80 - 163/240   2464.4 ms
block 56/80 - 166/240   2465.4 ms
block 57/80 - 169/240   2472.3 ms
block 58/80 - 172/240   2464.9 ms
block 59/80 - 175/240   2489.9 ms
block 60/80 - 178/240   2465.1 ms
block 61/80 - 181/240   2465.9 ms
block 62/80 - 184/240   2478.4 ms
block 63/80 - 187/240   2484.9 ms
block 64/80 - 190/240   2487.8 ms
block 65/80 - 193/240   2470.5 ms
block 66/80 - 196/240   2469.0 ms
block 67/80 - 199/240   2465.2 ms
block 68/80 - 202/240   2464.4 ms
block 69/80 - 205/240   2467.2 ms
block 70/80 - 208/240   2465.0 ms
block 71/80 - 211/240   2464.8 ms
block 72/80 - 214/240   2463.9 ms
block 73/80 - 217/240   2465.0 ms
block 74/80 - 220/240   2465.9 ms
block 75/80 - 223/240   2479.3 ms
block 76/80 - 226/240   2465.9 ms
block 77/80 - 229/240   2464.3 ms
block 78/80 - 232/240   2473.4 ms
block 79/80 - 235/240   2465.2 ms
block 80/80 - 238/240   2466.8 ms
[89/128] elapsed=34.5m  avg=23.2s/prompt  eta=15.1m
block 1/80 - 1/240   1931.9 ms
block 2/80 - 4/240   2429.4 ms
block 3/80 - 7/240   2673.9 ms
block 4/80 - 10/240   3071.6 ms
block 5/80 - 13/240   2164.3 ms
block 6/80 - 16/240   2481.0 ms
block 7/80 - 19/240   2467.6 ms
block 8/80 - 22/240   2464.6 ms
block 9/80 - 25/240   2463.3 ms
block 10/80 - 28/240   2463.7 ms
block 11/80 - 31/240   2464.1 ms
block 12/80 - 34/240   2465.5 ms
block 13/80 - 37/240   2465.2 ms
block 14/80 - 40/240   2465.2 ms
block 15/80 - 43/240   2464.7 ms
block 16/80 - 46/240   2464.7 ms
block 17/80 - 49/240   2465.6 ms
block 18/80 - 52/240   2466.6 ms
block 19/80 - 55/240   2464.5 ms
block 20/80 - 58/240   2464.3 ms
block 21/80 - 61/240   2475.2 ms
block 22/80 - 64/240   2465.4 ms
block 23/80 - 67/240   2464.3 ms
block 24/80 - 70/240   2464.0 ms
block 25/80 - 73/240   2465.3 ms
block 26/80 - 76/240   2467.0 ms
block 27/80 - 79/240   2464.7 ms
block 28/80 - 82/240   2467.5 ms
block 29/80 - 85/240   2502.1 ms
block 30/80 - 88/240   2460.0 ms
block 31/80 - 91/240   2468.8 ms
block 32/80 - 94/240   2487.0 ms
block 33/80 - 97/240   2464.4 ms
block 34/80 - 100/240   2464.3 ms
block 35/80 - 103/240   2463.7 ms
block 36/80 - 106/240   2468.9 ms
block 37/80 - 109/240   2468.8 ms
block 38/80 - 112/240   2464.7 ms
block 39/80 - 115/240   2466.0 ms
block 40/80 - 118/240   2465.2 ms
block 41/80 - 121/240   2464.3 ms
block 42/80 - 124/240   2465.0 ms
block 43/80 - 127/240   2465.7 ms
block 44/80 - 130/240   2466.5 ms
block 45/80 - 133/240   2465.5 ms
block 46/80 - 136/240   2465.6 ms
block 47/80 - 139/240   2467.8 ms
block 48/80 - 142/240   2465.8 ms
block 49/80 - 145/240   2472.2 ms
block 50/80 - 148/240   2464.6 ms
block 51/80 - 151/240   2464.3 ms
block 52/80 - 154/240   2464.4 ms
block 53/80 - 157/240   2467.2 ms
block 54/80 - 160/240   2477.4 ms
block 55/80 - 163/240   2465.9 ms
block 56/80 - 166/240   2467.7 ms
block 57/80 - 169/240   2462.5 ms
block 58/80 - 172/240   2464.7 ms
block 59/80 - 175/240   2466.6 ms
block 60/80 - 178/240   2464.9 ms
block 61/80 - 181/240   2465.9 ms
block 62/80 - 184/240   2464.6 ms
block 63/80 - 187/240   2467.3 ms
block 64/80 - 190/240   2465.5 ms
block 65/80 - 193/240   2464.7 ms
block 66/80 - 196/240   2465.4 ms
block 67/80 - 199/240   2479.8 ms
block 68/80 - 202/240   2476.8 ms
block 69/80 - 205/240   2463.8 ms
block 70/80 - 208/240   2464.4 ms
block 71/80 - 211/240   2465.2 ms
block 72/80 - 214/240   2466.7 ms
block 73/80 - 217/240   2470.4 ms
block 74/80 - 220/240   2465.5 ms
block 75/80 - 223/240   2464.2 ms
block 76/80 - 226/240   2463.5 ms
block 77/80 - 229/240   2478.2 ms
block 78/80 - 232/240   2484.2 ms
block 79/80 - 235/240   2499.5 ms
block 80/80 - 238/240   2477.6 ms
[105/128] elapsed=37.8m  avg=21.6s/prompt  eta=8.3m
block 1/80 - 1/240   1831.9 ms
block 2/80 - 4/240   2339.1 ms
block 3/80 - 7/240   2612.5 ms
block 4/80 - 10/240   2586.4 ms
block 5/80 - 13/240   2502.2 ms
block 6/80 - 16/240   2462.1 ms
block 7/80 - 19/240   2464.0 ms
block 8/80 - 22/240   2464.6 ms
block 9/80 - 25/240   2464.2 ms
block 10/80 - 28/240   2463.0 ms
block 11/80 - 31/240   2467.3 ms
block 12/80 - 34/240   2466.9 ms
block 13/80 - 37/240   2530.1 ms
block 14/80 - 40/240   2501.3 ms
block 15/80 - 43/240   2463.5 ms
block 16/80 - 46/240   2464.0 ms
block 17/80 - 49/240   2463.0 ms
block 18/80 - 52/240   2463.1 ms
block 19/80 - 55/240   2465.3 ms
block 20/80 - 58/240   2465.1 ms
block 21/80 - 61/240   2463.3 ms
block 22/80 - 64/240   2464.1 ms
block 23/80 - 67/240   2487.6 ms
block 24/80 - 70/240   2463.3 ms
block 25/80 - 73/240   2464.6 ms
block 26/80 - 76/240   2465.8 ms
block 27/80 - 79/240   2464.3 ms
block 28/80 - 82/240   2464.5 ms
block 29/80 - 85/240   2464.2 ms
block 30/80 - 88/240   2464.2 ms
block 31/80 - 91/240   2465.3 ms
block 32/80 - 94/240   2464.1 ms
block 33/80 - 97/240   2465.2 ms
block 34/80 - 100/240   2464.9 ms
block 35/80 - 103/240   2465.2 ms
block 36/80 - 106/240   2465.9 ms
block 37/80 - 109/240   2464.7 ms
block 38/80 - 112/240   2464.5 ms
block 39/80 - 115/240   2467.2 ms
block 40/80 - 118/240   2464.9 ms
block 41/80 - 121/240   2463.8 ms
block 42/80 - 124/240   2463.7 ms
block 43/80 - 127/240   2464.0 ms
block 44/80 - 130/240   2466.1 ms
block 45/80 - 133/240   2464.3 ms
block 46/80 - 136/240   2480.4 ms
block 47/80 - 139/240   2485.6 ms
block 48/80 - 142/240   2471.9 ms
block 49/80 - 145/240   2472.6 ms
block 50/80 - 148/240   2472.4 ms
block 51/80 - 151/240   2472.8 ms
block 52/80 - 154/240   2473.7 ms
block 53/80 - 157/240   2473.8 ms
block 54/80 - 160/240   2471.2 ms
block 55/80 - 163/240   2471.3 ms
block 56/80 - 166/240   2471.3 ms
block 57/80 - 169/240   2471.1 ms
block 58/80 - 172/240   2472.4 ms
block 59/80 - 175/240   2474.3 ms
block 60/80 - 178/240   2473.9 ms
block 61/80 - 181/240   2471.1 ms
block 62/80 - 184/240   2470.6 ms
block 63/80 - 187/240   2473.0 ms
block 64/80 - 190/240   2473.8 ms
block 65/80 - 193/240   2472.4 ms
block 66/80 - 196/240   2532.9 ms
block 67/80 - 199/240   2420.6 ms
block 68/80 - 202/240   2483.8 ms
block 69/80 - 205/240   2471.2 ms
block 70/80 - 208/240   2474.0 ms
block 71/80 - 211/240   2484.3 ms
block 72/80 - 214/240   2480.2 ms
block 73/80 - 217/240   2471.6 ms
block 74/80 - 220/240   2473.0 ms
block 75/80 - 223/240   2473.9 ms
block 76/80 - 226/240   2475.4 ms
block 77/80 - 229/240   2474.7 ms
block 78/80 - 232/240   2474.8 ms
block 79/80 - 235/240   2474.2 ms
block 80/80 - 238/240   2477.9 ms
[121/128] elapsed=41.1m  avg=20.4s/prompt  eta=2.4m
