Running on a single GPU (cuda); skipping NCCL initialization.
Free VRAM 93.9398193359375 GB
Loading CUDA extension (first run compiles ~60s; cached run ~3s)...
CUDA extension ready in 8.7s.
[CacheCompatibilityPolicy] recent=20:355 coverage=21:5 episode=22:0 coverage_policy=reservoir budget=9FFE read_budget=9FFE owner=HeadComposition
KV inference with 3 frames per block
Number of prompts: 128
Prompt index range: [0, 128)
[skip] prompt 4 already has output, skipping
[skip] prompt 12 already has output, skipping
[skip] prompt 20 already has output, skipping
Loading PyramidKV config from /apdcephfs_gy2/share_303214315/cedricnie/develop/training-free/runs/v181_rccp_long_stress/inputs/maps/rccp_matched.csv
block 1/80 - 1/240  242925.4 ms
block 2/80 - 4/240  16855.9 ms
block 3/80 - 7/240  17600.2 ms
block 4/80 - 10/240  17695.6 ms
block 5/80 - 13/240  17694.9 ms
block 6/80 - 16/240  17695.2 ms
block 7/80 - 19/240  17697.6 ms
block 8/80 - 22/240  17694.0 ms
block 9/80 - 25/240  17694.8 ms
block 10/80 - 28/240  17695.2 ms
block 11/80 - 31/240  17695.1 ms
block 12/80 - 34/240  17695.0 ms
block 13/80 - 37/240  17695.8 ms
block 14/80 - 40/240  17694.6 ms
block 15/80 - 43/240  17695.1 ms
block 16/80 - 46/240  17694.5 ms
block 17/80 - 49/240  17695.6 ms
block 18/80 - 52/240  17695.1 ms
block 19/80 - 55/240  17693.1 ms
block 20/80 - 58/240  17694.4 ms
block 21/80 - 61/240  17695.0 ms
block 22/80 - 64/240  17694.5 ms
block 23/80 - 67/240  17693.6 ms
block 24/80 - 70/240  17694.8 ms
block 25/80 - 73/240  17694.7 ms
block 26/80 - 76/240  17694.6 ms
block 27/80 - 79/240  17694.1 ms
block 28/80 - 82/240  17694.7 ms
block 29/80 - 85/240  17694.8 ms
block 30/80 - 88/240  17694.7 ms
block 31/80 - 91/240  17694.3 ms
block 32/80 - 94/240  17696.3 ms
block 33/80 - 97/240  17694.8 ms
block 34/80 - 100/240  17695.1 ms
block 35/80 - 103/240  17693.7 ms
block 36/80 - 106/240  17695.6 ms
block 37/80 - 109/240  17693.9 ms
block 38/80 - 112/240  17694.5 ms
block 39/80 - 115/240  17691.8 ms
block 40/80 - 118/240  17695.0 ms
block 41/80 - 121/240  17694.4 ms
block 42/80 - 124/240  17695.2 ms
block 43/80 - 127/240  17695.1 ms
block 44/80 - 130/240  17694.4 ms
block 45/80 - 133/240  17695.0 ms
block 46/80 - 136/240  17697.5 ms
block 47/80 - 139/240  17694.0 ms
block 48/80 - 142/240  17694.4 ms
block 49/80 - 145/240  17694.5 ms
block 50/80 - 148/240  17708.6 ms
block 51/80 - 151/240  17681.4 ms
block 52/80 - 154/240  17695.9 ms
block 53/80 - 157/240  17693.7 ms
block 54/80 - 160/240  17694.7 ms
block 55/80 - 163/240  17695.7 ms
block 56/80 - 166/240  17696.9 ms
block 57/80 - 169/240  17697.3 ms
block 58/80 - 172/240  17695.0 ms
block 59/80 - 175/240  17697.3 ms
block 60/80 - 178/240  17694.7 ms
block 61/80 - 181/240  17695.3 ms
block 62/80 - 184/240  17695.1 ms
block 63/80 - 187/240  17695.8 ms
block 64/80 - 190/240  17695.6 ms
block 65/80 - 193/240  17695.9 ms
block 66/80 - 196/240  17694.6 ms
block 67/80 - 199/240  17695.0 ms
block 68/80 - 202/240  17695.0 ms
block 69/80 - 205/240  17698.3 ms
block 70/80 - 208/240  17692.9 ms
block 71/80 - 211/240  17695.0 ms
block 72/80 - 214/240  17695.4 ms
block 73/80 - 217/240  17697.5 ms
block 74/80 - 220/240  17695.5 ms
block 75/80 - 223/240  17696.1 ms
block 76/80 - 226/240  17694.3 ms
block 77/80 - 229/240  17696.6 ms
block 78/80 - 232/240  17694.6 ms
block 79/80 - 235/240  17694.8 ms
block 80/80 - 238/240  17695.2 ms
[29/128] elapsed=27.7m  avg=57.2s/prompt  eta=94.4m
/apdcephfs_gy2/share_303214315/cedricnie/miniconda3/envs/longlive/lib/python3.10/site-packages/torchvision/io/_video_deprecation_warning.py:9: UserWarning: The video decoding and encoding capabilities of torchvision are deprecated from version 0.22 and will be removed in version 0.24. We recommend that you migrate to TorchCodec, where we'll consolidate the future decoding/encoding capabilities of PyTorch: https://github.com/pytorch/torchcodec
  warnings.warn(
[skip] prompt 36 already has output, skipping
block 1/80 - 1/240  17411.1 ms
block 2/80 - 4/240  17057.7 ms
block 3/80 - 7/240  17686.1 ms
block 4/80 - 10/240  17695.1 ms
block 5/80 - 13/240  17695.1 ms
block 6/80 - 16/240  17694.7 ms
block 7/80 - 19/240  17695.9 ms
block 8/80 - 22/240  17693.8 ms
block 9/80 - 25/240  17694.5 ms
block 10/80 - 28/240  17694.5 ms
block 11/80 - 31/240  17695.6 ms
block 12/80 - 34/240  17694.8 ms
block 13/80 - 37/240  17692.1 ms
block 14/80 - 40/240  17695.9 ms
block 15/80 - 43/240  17694.6 ms
block 16/80 - 46/240  17695.1 ms
block 17/80 - 49/240  17694.7 ms
block 18/80 - 52/240  17695.3 ms
block 19/80 - 55/240  17695.0 ms
block 20/80 - 58/240  17695.4 ms
block 21/80 - 61/240  17694.7 ms
block 22/80 - 64/240  17694.5 ms
block 23/80 - 67/240  17695.2 ms
block 24/80 - 70/240  17695.9 ms
block 25/80 - 73/240  17694.1 ms
block 26/80 - 76/240  17695.3 ms
block 27/80 - 79/240  17695.7 ms
block 28/80 - 82/240  17695.3 ms
block 29/80 - 85/240  17695.7 ms
block 30/80 - 88/240  17693.8 ms
block 31/80 - 91/240  17694.9 ms
block 32/80 - 94/240  17695.0 ms
block 33/80 - 97/240  17694.9 ms
block 34/80 - 100/240  17694.7 ms
block 35/80 - 103/240  17694.8 ms
block 36/80 - 106/240  17693.8 ms
block 37/80 - 109/240  17693.9 ms
block 38/80 - 112/240  17696.9 ms
block 39/80 - 115/240  17695.3 ms
block 40/80 - 118/240  17694.6 ms
block 41/80 - 121/240  17694.9 ms
block 42/80 - 124/240  17693.6 ms
block 43/80 - 127/240  17761.4 ms
block 44/80 - 130/240  17694.9 ms
block 45/80 - 133/240  17694.7 ms
block 46/80 - 136/240  17695.0 ms
block 47/80 - 139/240  17696.1 ms
block 48/80 - 142/240  17693.9 ms
block 49/80 - 145/240  17695.0 ms
block 50/80 - 148/240  17695.2 ms
block 51/80 - 151/240  17694.3 ms
block 52/80 - 154/240  17695.1 ms
block 53/80 - 157/240  17696.4 ms
block 54/80 - 160/240  17695.0 ms
block 55/80 - 163/240  17694.8 ms
block 56/80 - 166/240  17694.7 ms
block 57/80 - 169/240  17722.6 ms
block 58/80 - 172/240  17755.6 ms
block 59/80 - 175/240  17695.6 ms
block 60/80 - 178/240  17695.2 ms
block 61/80 - 181/240  17693.6 ms
block 62/80 - 184/240  17694.5 ms
block 63/80 - 187/240  17694.2 ms
block 64/80 - 190/240  17695.1 ms
block 65/80 - 193/240  17698.3 ms
block 66/80 - 196/240  17694.9 ms
block 67/80 - 199/240  17694.1 ms
block 68/80 - 202/240  17694.8 ms
block 69/80 - 205/240  17694.9 ms
block 70/80 - 208/240  17696.3 ms
block 71/80 - 211/240  17695.8 ms
block 72/80 - 214/240  17694.2 ms
block 73/80 - 217/240  17694.8 ms
block 74/80 - 220/240  17695.0 ms
block 75/80 - 223/240  17695.5 ms
block 76/80 - 226/240  17695.1 ms
block 77/80 - 229/240  17694.4 ms
block 78/80 - 232/240  17692.0 ms
block 79/80 - 235/240  17695.6 ms
block 80/80 - 238/240  17694.9 ms
[45/128] elapsed=51.3m  avg=68.3s/prompt  eta=94.6m
[skip] prompt 52 already has output, skipping
block 1/80 - 1/240  17262.9 ms
block 2/80 - 4/240  17057.4 ms
block 3/80 - 7/240  17686.5 ms
block 4/80 - 10/240  17695.2 ms
block 5/80 - 13/240  17694.2 ms
block 6/80 - 16/240  17693.7 ms
block 7/80 - 19/240  17697.4 ms
block 8/80 - 22/240  17696.2 ms
block 9/80 - 25/240  17695.3 ms
block 10/80 - 28/240  17694.3 ms
block 11/80 - 31/240  17695.0 ms
block 12/80 - 34/240  17694.8 ms
block 13/80 - 37/240  17696.2 ms
block 14/80 - 40/240  17694.4 ms
block 15/80 - 43/240  17694.0 ms
block 16/80 - 46/240  17694.9 ms
block 17/80 - 49/240  17694.7 ms
block 18/80 - 52/240  17693.2 ms
block 19/80 - 55/240  17693.6 ms
block 20/80 - 58/240  17695.2 ms
block 21/80 - 61/240  17694.1 ms
block 22/80 - 64/240  17696.0 ms
block 23/80 - 67/240  17697.6 ms
block 24/80 - 70/240  17695.2 ms
block 25/80 - 73/240  17694.2 ms
block 26/80 - 76/240  17694.9 ms
block 27/80 - 79/240  17694.4 ms
block 28/80 - 82/240  17694.2 ms
block 29/80 - 85/240  17695.2 ms
block 30/80 - 88/240  17694.4 ms
block 31/80 - 91/240  17694.3 ms
block 32/80 - 94/240  17696.0 ms
block 33/80 - 97/240  17694.1 ms
block 34/80 - 100/240  17695.0 ms
block 35/80 - 103/240  17695.4 ms
block 36/80 - 106/240  17695.3 ms
block 37/80 - 109/240  17694.2 ms
block 38/80 - 112/240  17694.8 ms
block 39/80 - 115/240  17695.8 ms
block 40/80 - 118/240  17697.2 ms
block 41/80 - 121/240  17694.7 ms
block 42/80 - 124/240  17694.6 ms
block 43/80 - 127/240  17693.9 ms
block 44/80 - 130/240  17693.0 ms
block 45/80 - 133/240  17694.1 ms
block 46/80 - 136/240  17694.6 ms
block 47/80 - 139/240  17694.9 ms
block 48/80 - 142/240  17693.9 ms
block 49/80 - 145/240  17694.2 ms
block 50/80 - 148/240  17694.4 ms
block 51/80 - 151/240  17697.4 ms
block 52/80 - 154/240  17694.0 ms
block 53/80 - 157/240  17732.0 ms
block 54/80 - 160/240  17759.4 ms
block 55/80 - 163/240  17695.4 ms
block 56/80 - 166/240  17694.9 ms
block 57/80 - 169/240  17758.7 ms
block 58/80 - 172/240  17760.6 ms
block 59/80 - 175/240  17759.0 ms
block 60/80 - 178/240  17694.3 ms
block 61/80 - 181/240  17693.7 ms
block 62/80 - 184/240  17694.7 ms
block 63/80 - 187/240  17759.3 ms
block 64/80 - 190/240  17694.4 ms
block 65/80 - 193/240  17696.9 ms
block 66/80 - 196/240  17694.6 ms
block 67/80 - 199/240  17758.7 ms
block 68/80 - 202/240  17758.3 ms
block 69/80 - 205/240  17696.5 ms
block 70/80 - 208/240  17694.9 ms
block 71/80 - 211/240  17760.2 ms
block 72/80 - 214/240  17759.1 ms
block 73/80 - 217/240  17694.4 ms
block 74/80 - 220/240  17694.8 ms
block 75/80 - 223/240  17757.9 ms
block 76/80 - 226/240  17694.0 ms
block 77/80 - 229/240  17696.0 ms
block 78/80 - 232/240  17695.7 ms
block 79/80 - 235/240  17693.9 ms
block 80/80 - 238/240  17696.5 ms
[61/128] elapsed=74.9m  avg=73.6s/prompt  eta=82.2m
[skip] prompt 68 already has output, skipping
block 1/80 - 1/240  17257.8 ms
block 2/80 - 4/240  17057.7 ms
block 3/80 - 7/240  17599.6 ms
block 4/80 - 10/240  17692.7 ms
block 5/80 - 13/240  17694.0 ms
block 6/80 - 16/240  17695.3 ms
block 7/80 - 19/240  17694.8 ms
block 8/80 - 22/240  17694.6 ms
block 9/80 - 25/240  17695.7 ms
block 10/80 - 28/240  17694.7 ms
block 11/80 - 31/240  17693.9 ms
block 12/80 - 34/240  17694.9 ms
block 13/80 - 37/240  17692.4 ms
block 14/80 - 40/240  17694.0 ms
block 15/80 - 43/240  17694.8 ms
block 16/80 - 46/240  17695.1 ms
block 17/80 - 49/240  17695.8 ms
block 18/80 - 52/240  17694.4 ms
block 19/80 - 55/240  17692.6 ms
block 20/80 - 58/240  17692.3 ms
block 21/80 - 61/240  17693.5 ms
block 22/80 - 64/240  17697.4 ms
block 23/80 - 67/240  17696.8 ms
block 24/80 - 70/240  17694.9 ms
block 25/80 - 73/240  17693.8 ms
block 26/80 - 76/240  17693.6 ms
block 27/80 - 79/240  17692.2 ms
block 28/80 - 82/240  17692.6 ms
block 29/80 - 85/240  17695.5 ms
block 30/80 - 88/240  17694.9 ms
block 31/80 - 91/240  17692.9 ms
block 32/80 - 94/240  17694.4 ms
block 33/80 - 97/240  17694.8 ms
block 34/80 - 100/240  17694.4 ms
block 35/80 - 103/240  17692.1 ms
block 36/80 - 106/240  17694.3 ms
block 37/80 - 109/240  17691.3 ms
block 38/80 - 112/240  17691.3 ms
block 39/80 - 115/240  17692.3 ms
block 40/80 - 118/240  17692.2 ms
block 41/80 - 121/240  17693.0 ms
block 42/80 - 124/240  17691.5 ms
block 43/80 - 127/240  17696.4 ms
block 44/80 - 130/240  17696.9 ms
block 45/80 - 133/240  17694.0 ms
block 46/80 - 136/240  17695.5 ms
block 47/80 - 139/240  17694.7 ms
block 48/80 - 142/240  17695.1 ms
block 49/80 - 145/240  17696.6 ms
block 50/80 - 148/240  17695.4 ms
block 51/80 - 151/240  17694.8 ms
block 52/80 - 154/240  17692.5 ms
block 53/80 - 157/240  17692.0 ms
block 54/80 - 160/240  17695.6 ms
block 55/80 - 163/240  17693.4 ms
block 56/80 - 166/240  17694.6 ms
block 57/80 - 169/240  17692.4 ms
block 58/80 - 172/240  17695.0 ms
block 59/80 - 175/240  17697.0 ms
block 60/80 - 178/240  17696.9 ms
block 61/80 - 181/240  17691.2 ms
block 62/80 - 184/240  17694.3 ms
block 63/80 - 187/240  17694.5 ms
block 64/80 - 190/240  17691.2 ms
block 65/80 - 193/240  17695.0 ms
block 66/80 - 196/240  17695.4 ms
block 67/80 - 199/240  17694.0 ms
block 68/80 - 202/240  17694.4 ms
block 69/80 - 205/240  17692.8 ms
block 70/80 - 208/240  17692.6 ms
block 71/80 - 211/240  17694.5 ms
block 72/80 - 214/240  17694.2 ms
block 73/80 - 217/240  17692.3 ms
block 74/80 - 220/240  17695.2 ms
block 75/80 - 223/240  17693.0 ms
block 76/80 - 226/240  17695.3 ms
block 77/80 - 229/240  17755.9 ms
block 78/80 - 232/240  17694.7 ms
block 79/80 - 235/240  17694.1 ms
block 80/80 - 238/240  17695.5 ms
[77/128] elapsed=98.5m  avg=76.7s/prompt  eta=65.2m
[skip] prompt 84 already has output, skipping
block 1/80 - 1/240  17346.4 ms
block 2/80 - 4/240  17056.9 ms
block 3/80 - 7/240  17685.6 ms
block 4/80 - 10/240  17695.2 ms
block 5/80 - 13/240  17695.4 ms
block 6/80 - 16/240  17694.1 ms
block 7/80 - 19/240  17694.1 ms
block 8/80 - 22/240  17696.2 ms
block 9/80 - 25/240  17694.4 ms
block 10/80 - 28/240  17694.0 ms
block 11/80 - 31/240  17694.9 ms
block 12/80 - 34/240  17694.9 ms
block 13/80 - 37/240  17694.8 ms
block 14/80 - 40/240  17694.1 ms
block 15/80 - 43/240  17695.0 ms
block 16/80 - 46/240  17695.6 ms
block 17/80 - 49/240  17697.8 ms
block 18/80 - 52/240  17695.3 ms
block 19/80 - 55/240  17694.4 ms
block 20/80 - 58/240  17693.9 ms
block 21/80 - 61/240  17694.1 ms
block 22/80 - 64/240  17715.3 ms
block 23/80 - 67/240  17674.4 ms
block 24/80 - 70/240  17694.7 ms
block 25/80 - 73/240  17697.9 ms
block 26/80 - 76/240  17697.5 ms
block 27/80 - 79/240  17694.9 ms
block 28/80 - 82/240  17696.8 ms
block 29/80 - 85/240  17697.0 ms
block 30/80 - 88/240  17698.5 ms
block 31/80 - 91/240  17697.3 ms
block 32/80 - 94/240  17694.6 ms
block 33/80 - 97/240  17697.6 ms
block 34/80 - 100/240  17695.2 ms
block 35/80 - 103/240  17694.2 ms
block 36/80 - 106/240  17697.0 ms
block 37/80 - 109/240  17694.9 ms
block 38/80 - 112/240  17694.5 ms
block 39/80 - 115/240  17694.7 ms
block 40/80 - 118/240  17694.6 ms
block 41/80 - 121/240  17695.4 ms
block 42/80 - 124/240  17697.2 ms
block 43/80 - 127/240  17695.1 ms
block 44/80 - 130/240  17696.0 ms
block 45/80 - 133/240  17695.2 ms
block 46/80 - 136/240  17694.8 ms
block 47/80 - 139/240  17697.2 ms
block 48/80 - 142/240  17697.5 ms
block 49/80 - 145/240  17697.4 ms
block 50/80 - 148/240  17697.3 ms
block 51/80 - 151/240  17694.9 ms
block 52/80 - 154/240  17694.3 ms
block 53/80 - 157/240  17694.8 ms
block 54/80 - 160/240  17694.7 ms
block 55/80 - 163/240  17695.0 ms
block 56/80 - 166/240  17695.6 ms
block 57/80 - 169/240  17695.3 ms
block 58/80 - 172/240  17694.6 ms
block 59/80 - 175/240  17691.7 ms
block 60/80 - 178/240  17695.0 ms
block 61/80 - 181/240  17695.3 ms
block 62/80 - 184/240  17694.7 ms
block 63/80 - 187/240  17697.2 ms
block 64/80 - 190/240  17693.5 ms
block 65/80 - 193/240  17695.3 ms
block 66/80 - 196/240  17737.9 ms
block 67/80 - 199/240  17743.5 ms
block 68/80 - 202/240  17693.9 ms
block 69/80 - 205/240  17694.3 ms
block 70/80 - 208/240  17697.1 ms
block 71/80 - 211/240  17694.8 ms
block 72/80 - 214/240  17695.4 ms
block 73/80 - 217/240  17696.3 ms
block 74/80 - 220/240  17692.9 ms
block 75/80 - 223/240  17695.7 ms
block 76/80 - 226/240  17694.6 ms
block 77/80 - 229/240  17695.0 ms
block 78/80 - 232/240  17697.4 ms
block 79/80 - 235/240  17695.1 ms
block 80/80 - 238/240  17695.1 ms
[93/128] elapsed=122.1m  avg=78.8s/prompt  eta=45.9m
[skip] prompt 100 already has output, skipping
block 1/80 - 1/240  17152.1 ms
block 2/80 - 4/240  17061.2 ms
block 3/80 - 7/240  17686.1 ms
block 4/80 - 10/240  17696.1 ms
block 5/80 - 13/240  17694.2 ms
block 6/80 - 16/240  17692.6 ms
block 7/80 - 19/240  17695.1 ms
block 8/80 - 22/240  17693.9 ms
block 9/80 - 25/240  17692.3 ms
block 10/80 - 28/240  17693.8 ms
block 11/80 - 31/240  17694.9 ms
block 12/80 - 34/240  17695.3 ms
block 13/80 - 37/240  17691.8 ms
block 14/80 - 40/240  17694.3 ms
block 15/80 - 43/240  17694.3 ms
block 16/80 - 46/240  17695.4 ms
block 17/80 - 49/240  17694.7 ms
block 18/80 - 52/240  17694.9 ms
block 19/80 - 55/240  17694.5 ms
block 20/80 - 58/240  17695.7 ms
block 21/80 - 61/240  17692.8 ms
block 22/80 - 64/240  17694.7 ms
block 23/80 - 67/240  17694.7 ms
block 24/80 - 70/240  17695.3 ms
block 25/80 - 73/240  17695.7 ms
block 26/80 - 76/240  17694.8 ms
block 27/80 - 79/240  17694.3 ms
block 28/80 - 82/240  17694.0 ms
block 29/80 - 85/240  17691.9 ms
block 30/80 - 88/240  17695.2 ms
block 31/80 - 91/240  17694.8 ms
block 32/80 - 94/240  17759.2 ms
block 33/80 - 97/240  17758.5 ms
block 34/80 - 100/240  17692.1 ms
block 35/80 - 103/240  17693.0 ms
block 36/80 - 106/240  17694.3 ms
block 37/80 - 109/240  17758.5 ms
block 38/80 - 112/240  17691.7 ms
block 39/80 - 115/240  17694.5 ms
block 40/80 - 118/240  17693.9 ms
block 41/80 - 121/240  17758.0 ms
block 42/80 - 124/240  17758.5 ms
block 43/80 - 127/240  17691.1 ms
block 44/80 - 130/240  17696.6 ms
block 45/80 - 133/240  17696.9 ms
block 46/80 - 136/240  17758.3 ms
block 47/80 - 139/240  17695.0 ms
block 48/80 - 142/240  17757.6 ms
block 49/80 - 145/240  17694.7 ms
block 50/80 - 148/240  17695.1 ms
block 51/80 - 151/240  17694.8 ms
block 52/80 - 154/240  17691.2 ms
block 53/80 - 157/240  17690.1 ms
block 54/80 - 160/240  17695.7 ms
block 55/80 - 163/240  17694.4 ms
block 56/80 - 166/240  17694.8 ms
block 57/80 - 169/240  17704.4 ms
block 58/80 - 172/240  17686.1 ms
block 59/80 - 175/240  17695.0 ms
block 60/80 - 178/240  17694.9 ms
block 61/80 - 181/240  17694.2 ms
block 62/80 - 184/240  17693.0 ms
block 63/80 - 187/240  17695.6 ms
block 64/80 - 190/240  17694.3 ms
block 65/80 - 193/240  17692.5 ms
block 66/80 - 196/240  17694.7 ms
block 67/80 - 199/240  17694.7 ms
block 68/80 - 202/240  17692.8 ms
block 69/80 - 205/240  17695.9 ms
block 70/80 - 208/240  17694.8 ms
block 71/80 - 211/240  17693.0 ms
block 72/80 - 214/240  17694.6 ms
block 73/80 - 217/240  17694.4 ms
block 74/80 - 220/240  17694.0 ms
block 75/80 - 223/240  17695.9 ms
block 76/80 - 226/240  17694.5 ms
block 77/80 - 229/240  17695.3 ms
block 78/80 - 232/240  17691.5 ms
block 79/80 - 235/240  17694.8 ms
block 80/80 - 238/240  17694.0 ms
[109/128] elapsed=145.7m  avg=80.2s/prompt  eta=25.4m
[skip] prompt 116 already has output, skipping
block 1/80 - 1/240  18094.3 ms
block 2/80 - 4/240  16663.0 ms
block 3/80 - 7/240  17686.4 ms
block 4/80 - 10/240  17694.5 ms
block 5/80 - 13/240  17694.4 ms
block 6/80 - 16/240  17695.0 ms
block 7/80 - 19/240  17695.8 ms
block 8/80 - 22/240  17696.3 ms
block 9/80 - 25/240  17693.5 ms
block 10/80 - 28/240  17695.4 ms
block 11/80 - 31/240  17695.1 ms
block 12/80 - 34/240  17695.0 ms
block 13/80 - 37/240  17694.7 ms
block 14/80 - 40/240  17697.2 ms
block 15/80 - 43/240  17695.6 ms
block 16/80 - 46/240  17695.7 ms
block 17/80 - 49/240  17697.2 ms
block 18/80 - 52/240  17695.0 ms
block 19/80 - 55/240  17694.4 ms
block 20/80 - 58/240  17695.3 ms
block 21/80 - 61/240  17694.6 ms
block 22/80 - 64/240  17691.8 ms
block 23/80 - 67/240  17695.8 ms
block 24/80 - 70/240  17696.4 ms
block 25/80 - 73/240  17695.1 ms
block 26/80 - 76/240  17695.5 ms
block 27/80 - 79/240  17694.5 ms
block 28/80 - 82/240  17694.5 ms
block 29/80 - 85/240  17695.9 ms
block 30/80 - 88/240  17697.3 ms
block 31/80 - 91/240  17695.3 ms
block 32/80 - 94/240  17696.9 ms
block 33/80 - 97/240  17694.2 ms
block 34/80 - 100/240  17695.0 ms
block 35/80 - 103/240  17695.4 ms
block 36/80 - 106/240  17694.6 ms
block 37/80 - 109/240  17694.3 ms
block 38/80 - 112/240  17694.0 ms
block 39/80 - 115/240  17693.9 ms
block 40/80 - 118/240  17694.4 ms
block 41/80 - 121/240  17695.9 ms
block 42/80 - 124/240  17694.7 ms
block 43/80 - 127/240  17693.8 ms
block 44/80 - 130/240  17694.6 ms
block 45/80 - 133/240  17695.5 ms
block 46/80 - 136/240  17694.3 ms
block 47/80 - 139/240  17693.6 ms
block 48/80 - 142/240  17694.5 ms
block 49/80 - 145/240  17695.1 ms
block 50/80 - 148/240  17694.9 ms
block 51/80 - 151/240  17693.1 ms
block 52/80 - 154/240  17698.3 ms
block 53/80 - 157/240  17694.9 ms
block 54/80 - 160/240  17694.3 ms
block 55/80 - 163/240  17694.8 ms
block 56/80 - 166/240  17693.8 ms
block 57/80 - 169/240  17696.1 ms
block 58/80 - 172/240  17695.3 ms
block 59/80 - 175/240  17694.2 ms
block 60/80 - 178/240  17695.0 ms
block 61/80 - 181/240  17695.2 ms
block 62/80 - 184/240  17693.3 ms
block 63/80 - 187/240  17694.8 ms
block 64/80 - 190/240  17695.9 ms
block 65/80 - 193/240  17694.0 ms
block 66/80 - 196/240  17694.2 ms
block 67/80 - 199/240  17694.9 ms
block 68/80 - 202/240  17694.8 ms
block 69/80 - 205/240  17691.6 ms
block 70/80 - 208/240  17694.6 ms
block 71/80 - 211/240  17692.0 ms
block 72/80 - 214/240  17694.7 ms
block 73/80 - 217/240  17694.8 ms
block 74/80 - 220/240  17694.5 ms
block 75/80 - 223/240  17693.7 ms
block 76/80 - 226/240  17694.7 ms
block 77/80 - 229/240  17696.5 ms
block 78/80 - 232/240  17693.9 ms
block 79/80 - 235/240  17689.7 ms
block 80/80 - 238/240  17693.6 ms
[125/128] elapsed=169.3m  avg=81.3s/prompt  eta=4.1m
