Running on a single GPU (cuda); skipping NCCL initialization.
Free VRAM 94.6873779296875 GB
Loading CUDA extension (first run compiles ~60s; cached run ~3s)...
CUDA extension ready in 139.6s.
[CacheCompatibilityPolicy] recent=20:355 coverage=21:5 episode=22:0 coverage_policy=reservoir budget=9FFE read_budget=9FFE owner=HeadComposition
KV inference with 3 frames per block
Number of prompts: 128
Prompt index range: [0, 128)
[skip] prompt 5 already has output, skipping
[skip] prompt 21 already has output, skipping
[skip] prompt 37 already has output, skipping
Loading PyramidKV config from /apdcephfs_gy2/share_303214315/cedricnie/develop/training-free/runs/v181_rccp_long_stress/inputs/maps/rccp_matched.csv
block 1/80 - 1/240  175611.7 ms
block 2/80 - 4/240  16885.0 ms
block 3/80 - 7/240  17593.2 ms
block 4/80 - 10/240  17657.1 ms
block 5/80 - 13/240  17597.2 ms
block 6/80 - 16/240  17682.1 ms
block 7/80 - 19/240  17684.9 ms
block 8/80 - 22/240  17684.5 ms
block 9/80 - 25/240  17625.5 ms
block 10/80 - 28/240  17657.4 ms
block 11/80 - 31/240  17684.3 ms
block 12/80 - 34/240  17597.2 ms
block 13/80 - 37/240  17683.7 ms
block 14/80 - 40/240  17657.2 ms
block 15/80 - 43/240  17684.3 ms
block 16/80 - 46/240  17594.4 ms
block 17/80 - 49/240  17599.0 ms
block 18/80 - 52/240  17595.9 ms
block 19/80 - 55/240  17596.6 ms
block 20/80 - 58/240  17595.8 ms
block 21/80 - 61/240  17595.6 ms
block 22/80 - 64/240  17596.5 ms
block 23/80 - 67/240  17683.2 ms
block 24/80 - 70/240  17681.6 ms
block 25/80 - 73/240  17680.9 ms
block 26/80 - 76/240  17595.4 ms
block 27/80 - 79/240  17710.9 ms
block 28/80 - 82/240  17657.9 ms
block 29/80 - 85/240  17599.0 ms
block 30/80 - 88/240  17681.7 ms
block 31/80 - 91/240  17684.4 ms
block 32/80 - 94/240  17681.4 ms
block 33/80 - 97/240  17684.0 ms
block 34/80 - 100/240  17596.2 ms
block 35/80 - 103/240  17681.3 ms
block 36/80 - 106/240  17597.1 ms
block 37/80 - 109/240  17597.2 ms
block 38/80 - 112/240  17683.0 ms
block 39/80 - 115/240  17682.1 ms
block 40/80 - 118/240  17595.7 ms
block 41/80 - 121/240  17655.9 ms
block 42/80 - 124/240  17684.2 ms
block 43/80 - 127/240  17684.6 ms
block 44/80 - 130/240  17681.0 ms
block 45/80 - 133/240  17687.7 ms
block 46/80 - 136/240  17598.6 ms
block 47/80 - 139/240  17683.2 ms
block 48/80 - 142/240  17681.5 ms
block 49/80 - 145/240  17596.6 ms
block 50/80 - 148/240  17596.3 ms
block 51/80 - 151/240  17687.0 ms
block 52/80 - 154/240  17596.2 ms
block 53/80 - 157/240  17597.8 ms
block 54/80 - 160/240  17601.5 ms
block 55/80 - 163/240  17661.0 ms
block 56/80 - 166/240  17654.9 ms
block 57/80 - 169/240  17681.1 ms
block 58/80 - 172/240  17685.3 ms
block 59/80 - 175/240  17686.4 ms
block 60/80 - 178/240  17681.5 ms
block 61/80 - 181/240  17681.6 ms
block 62/80 - 184/240  17596.6 ms
block 63/80 - 187/240  17683.0 ms
block 64/80 - 190/240  17684.8 ms
block 65/80 - 193/240  17681.3 ms
block 66/80 - 196/240  17681.5 ms
block 67/80 - 199/240  17684.0 ms
block 68/80 - 202/240  17681.9 ms
block 69/80 - 205/240  17682.3 ms
block 70/80 - 208/240  17683.3 ms
block 71/80 - 211/240  17681.4 ms
block 72/80 - 214/240  17681.0 ms
block 73/80 - 217/240  17595.5 ms
block 74/80 - 220/240  17681.2 ms
block 75/80 - 223/240  17681.8 ms
block 76/80 - 226/240  17681.3 ms
block 77/80 - 229/240  17597.6 ms
block 78/80 - 232/240  17685.7 ms
block 79/80 - 235/240  17683.5 ms
block 80/80 - 238/240  17595.6 ms
[54/128] elapsed=26.2m  avg=29.1s/prompt  eta=35.9m
/apdcephfs_gy2/share_303214315/cedricnie/miniconda3/envs/longlive/lib/python3.10/site-packages/torchvision/io/_video_deprecation_warning.py:9: UserWarning: The video decoding and encoding capabilities of torchvision are deprecated from version 0.22 and will be removed in version 0.24. We recommend that you migrate to TorchCodec, where we'll consolidate the future decoding/encoding capabilities of PyTorch: https://github.com/pytorch/torchcodec
  warnings.warn(
block 1/80 - 1/240  17404.6 ms
block 2/80 - 4/240  17043.9 ms
block 3/80 - 7/240  17591.8 ms
block 4/80 - 10/240  17655.7 ms
block 5/80 - 13/240  17681.7 ms
block 6/80 - 16/240  17684.0 ms
block 7/80 - 19/240  17686.5 ms
block 8/80 - 22/240  17681.8 ms
block 9/80 - 25/240  17681.7 ms
block 10/80 - 28/240  17684.8 ms
block 11/80 - 31/240  17684.5 ms
block 12/80 - 34/240  17684.4 ms
block 13/80 - 37/240  17683.6 ms
block 14/80 - 40/240  17683.5 ms
block 15/80 - 43/240  17684.8 ms
block 16/80 - 46/240  17684.9 ms
block 17/80 - 49/240  17682.4 ms
block 18/80 - 52/240  17599.8 ms
block 19/80 - 55/240  17685.4 ms
block 20/80 - 58/240  17621.3 ms
block 21/80 - 61/240  17682.1 ms
block 22/80 - 64/240  17596.4 ms
block 23/80 - 67/240  17685.1 ms
block 24/80 - 70/240  17596.2 ms
block 25/80 - 73/240  17682.1 ms
block 26/80 - 76/240  17681.0 ms
block 27/80 - 79/240  17684.8 ms
block 28/80 - 82/240  17685.0 ms
block 29/80 - 85/240  17668.0 ms
block 30/80 - 88/240  17682.2 ms
block 31/80 - 91/240  17682.3 ms
block 32/80 - 94/240  17597.0 ms
block 33/80 - 97/240  17596.5 ms
block 34/80 - 100/240  17684.8 ms
block 35/80 - 103/240  17597.5 ms
block 36/80 - 106/240  17685.1 ms
block 37/80 - 109/240  17681.5 ms
block 38/80 - 112/240  17682.3 ms
block 39/80 - 115/240  17597.0 ms
block 40/80 - 118/240  17684.6 ms
block 41/80 - 121/240  17685.3 ms
block 42/80 - 124/240  17686.2 ms
block 43/80 - 127/240  17594.4 ms
block 44/80 - 130/240  17681.9 ms
block 45/80 - 133/240  17681.9 ms
block 46/80 - 136/240  17681.9 ms
block 47/80 - 139/240  17682.3 ms
block 48/80 - 142/240  17682.4 ms
block 49/80 - 145/240  17597.1 ms
block 50/80 - 148/240  17670.6 ms
block 51/80 - 151/240  17681.9 ms
block 52/80 - 154/240  17597.5 ms
block 53/80 - 157/240  17597.3 ms
block 54/80 - 160/240  17681.7 ms
block 55/80 - 163/240  17597.9 ms
block 56/80 - 166/240  17684.7 ms
block 57/80 - 169/240  17677.9 ms
block 58/80 - 172/240  17683.0 ms
block 59/80 - 175/240  17681.6 ms
block 60/80 - 178/240  17684.3 ms
block 61/80 - 181/240  17681.3 ms
block 62/80 - 184/240  17681.4 ms
block 63/80 - 187/240  17595.9 ms
block 64/80 - 190/240  17681.4 ms
block 65/80 - 193/240  17684.6 ms
block 66/80 - 196/240  17597.3 ms
block 67/80 - 199/240  17597.1 ms
block 68/80 - 202/240  17597.5 ms
block 69/80 - 205/240  17682.3 ms
block 70/80 - 208/240  17597.1 ms
block 71/80 - 211/240  17682.4 ms
block 72/80 - 214/240  17665.8 ms
block 73/80 - 217/240  17596.7 ms
block 74/80 - 220/240  17597.2 ms
block 75/80 - 223/240  17682.1 ms
block 76/80 - 226/240  17681.8 ms
block 77/80 - 229/240  17684.7 ms
block 78/80 - 232/240  17597.3 ms
block 79/80 - 235/240  17684.7 ms
block 80/80 - 238/240  17684.5 ms
[70/128] elapsed=49.7m  avg=42.6s/prompt  eta=41.2m
block 1/80 - 1/240  17343.9 ms
block 2/80 - 4/240  17042.6 ms
block 3/80 - 7/240  17592.5 ms
block 4/80 - 10/240  17682.0 ms
block 5/80 - 13/240  17684.8 ms
block 6/80 - 16/240  17681.2 ms
block 7/80 - 19/240  17683.6 ms
block 8/80 - 22/240  17682.1 ms
block 9/80 - 25/240  17684.1 ms
block 10/80 - 28/240  17685.7 ms
block 11/80 - 31/240  17685.6 ms
block 12/80 - 34/240  17684.8 ms
block 13/80 - 37/240  17596.8 ms
block 14/80 - 40/240  17682.1 ms
block 15/80 - 43/240  17681.8 ms
block 16/80 - 46/240  17681.5 ms
block 17/80 - 49/240  17674.2 ms
block 18/80 - 52/240  17683.5 ms
block 19/80 - 55/240  17684.4 ms
block 20/80 - 58/240  17596.2 ms
block 21/80 - 61/240  17682.5 ms
block 22/80 - 64/240  17596.7 ms
block 23/80 - 67/240  17688.3 ms
block 24/80 - 70/240  17597.7 ms
block 25/80 - 73/240  17596.9 ms
block 26/80 - 76/240  17685.2 ms
block 27/80 - 79/240  17665.6 ms
block 28/80 - 82/240  17597.1 ms
block 29/80 - 85/240  17685.6 ms
block 30/80 - 88/240  17682.2 ms
block 31/80 - 91/240  17596.6 ms
block 32/80 - 94/240  17682.0 ms
block 33/80 - 97/240  17596.3 ms
block 34/80 - 100/240  17596.9 ms
block 35/80 - 103/240  17598.0 ms
block 36/80 - 106/240  17681.9 ms
block 37/80 - 109/240  17682.0 ms
block 38/80 - 112/240  17597.4 ms
block 39/80 - 115/240  17684.9 ms
block 40/80 - 118/240  17684.6 ms
block 41/80 - 121/240  17682.4 ms
block 42/80 - 124/240  17661.3 ms
block 43/80 - 127/240  17656.9 ms
block 44/80 - 130/240  17684.1 ms
block 45/80 - 133/240  17596.6 ms
block 46/80 - 136/240  17682.2 ms
block 47/80 - 139/240  17684.9 ms
block 48/80 - 142/240  17681.4 ms
block 49/80 - 145/240  17596.7 ms
block 50/80 - 148/240  17682.2 ms
block 51/80 - 151/240  17684.1 ms
block 52/80 - 154/240  17684.2 ms
block 53/80 - 157/240  17684.2 ms
block 54/80 - 160/240  17684.9 ms
block 55/80 - 163/240  17683.8 ms
block 56/80 - 166/240  17683.0 ms
block 57/80 - 169/240  17806.5 ms
block 58/80 - 172/240  17560.2 ms
block 59/80 - 175/240  17597.2 ms
block 60/80 - 178/240  17681.6 ms
block 61/80 - 181/240  17681.8 ms
block 62/80 - 184/240  17597.6 ms
block 63/80 - 187/240  17597.9 ms
block 64/80 - 190/240  17658.4 ms
block 65/80 - 193/240  17597.0 ms
block 66/80 - 196/240  17683.1 ms
block 67/80 - 199/240  17684.0 ms
block 68/80 - 202/240  17684.5 ms
block 69/80 - 205/240  17685.1 ms
block 70/80 - 208/240  17596.1 ms
block 71/80 - 211/240  17598.0 ms
block 72/80 - 214/240  17598.2 ms
block 73/80 - 217/240  17657.3 ms
block 74/80 - 220/240  17681.6 ms
block 75/80 - 223/240  17656.0 ms
block 76/80 - 226/240  17682.4 ms
block 77/80 - 229/240  17684.3 ms
block 78/80 - 232/240  17684.0 ms
block 79/80 - 235/240  17597.4 ms
block 80/80 - 238/240  17596.9 ms
[86/128] elapsed=73.3m  avg=51.1s/prompt  eta=35.8m
block 1/80 - 1/240  17300.2 ms
block 2/80 - 4/240  17042.4 ms
block 3/80 - 7/240  17592.6 ms
block 4/80 - 10/240  17666.3 ms
block 5/80 - 13/240  17681.7 ms
block 6/80 - 16/240  17597.0 ms
block 7/80 - 19/240  17683.9 ms
block 8/80 - 22/240  17684.3 ms
block 9/80 - 25/240  17683.9 ms
block 10/80 - 28/240  17599.4 ms
block 11/80 - 31/240  17682.8 ms
block 12/80 - 34/240  17597.2 ms
block 13/80 - 37/240  17596.4 ms
block 14/80 - 40/240  17597.1 ms
block 15/80 - 43/240  17597.3 ms
block 16/80 - 46/240  17685.4 ms
block 17/80 - 49/240  17682.6 ms
block 18/80 - 52/240  17597.4 ms
block 19/80 - 55/240  17684.4 ms
block 20/80 - 58/240  17597.2 ms
block 21/80 - 61/240  17669.6 ms
block 22/80 - 64/240  17684.1 ms
block 23/80 - 67/240  17682.7 ms
block 24/80 - 70/240  17682.6 ms
block 25/80 - 73/240  17597.0 ms
block 26/80 - 76/240  17596.1 ms
block 27/80 - 79/240  17596.2 ms
block 28/80 - 82/240  17598.0 ms
block 29/80 - 85/240  17597.5 ms
block 30/80 - 88/240  17681.8 ms
block 31/80 - 91/240  17681.6 ms
block 32/80 - 94/240  17681.9 ms
block 33/80 - 97/240  17681.9 ms
block 34/80 - 100/240  17684.4 ms
block 35/80 - 103/240  17682.7 ms
block 36/80 - 106/240  17684.6 ms
block 37/80 - 109/240  17598.0 ms
block 38/80 - 112/240  17682.0 ms
block 39/80 - 115/240  17682.5 ms
block 40/80 - 118/240  17681.1 ms
block 41/80 - 121/240  17684.6 ms
block 42/80 - 124/240  17682.2 ms
block 43/80 - 127/240  17595.8 ms
block 44/80 - 130/240  17681.5 ms
block 45/80 - 133/240  17597.3 ms
block 46/80 - 136/240  17682.2 ms
block 47/80 - 139/240  17661.0 ms
block 48/80 - 142/240  17597.3 ms
block 49/80 - 145/240  17681.3 ms
block 50/80 - 148/240  17681.7 ms
block 51/80 - 151/240  17596.4 ms
block 52/80 - 154/240  17682.2 ms
block 53/80 - 157/240  17680.6 ms
block 54/80 - 160/240  17682.3 ms
block 55/80 - 163/240  17681.6 ms
block 56/80 - 166/240  17656.7 ms
block 57/80 - 169/240  17596.7 ms
block 58/80 - 172/240  17681.2 ms
block 59/80 - 175/240  17597.1 ms
block 60/80 - 178/240  17684.0 ms
block 61/80 - 181/240  17683.6 ms
block 62/80 - 184/240  17597.7 ms
block 63/80 - 187/240  17597.1 ms
block 64/80 - 190/240  17681.2 ms
block 65/80 - 193/240  17658.1 ms
block 66/80 - 196/240  17684.3 ms
block 67/80 - 199/240  17684.7 ms
block 68/80 - 202/240  17681.7 ms
block 69/80 - 205/240  17685.7 ms
block 70/80 - 208/240  17682.5 ms
block 71/80 - 211/240  17681.1 ms
block 72/80 - 214/240  17597.4 ms
block 73/80 - 217/240  17681.6 ms
block 74/80 - 220/240  17681.8 ms
block 75/80 - 223/240  17685.1 ms
block 76/80 - 226/240  17685.5 ms
block 77/80 - 229/240  17681.3 ms
block 78/80 - 232/240  17680.2 ms
block 79/80 - 235/240  17682.4 ms
block 80/80 - 238/240  17644.8 ms
[102/128] elapsed=96.8m  avg=57.0s/prompt  eta=24.7m
block 1/80 - 1/240  19073.5 ms
block 2/80 - 4/240  17032.5 ms
block 3/80 - 7/240  17595.9 ms
block 4/80 - 10/240  17686.0 ms
block 5/80 - 13/240  17686.1 ms
block 6/80 - 16/240  17685.6 ms
block 7/80 - 19/240  17685.6 ms
block 8/80 - 22/240  17686.0 ms
block 9/80 - 25/240  17686.6 ms
block 10/80 - 28/240  17686.2 ms
block 11/80 - 31/240  17685.7 ms
block 12/80 - 34/240  17686.7 ms
block 13/80 - 37/240  17687.1 ms
block 14/80 - 40/240  17686.2 ms
block 15/80 - 43/240  17686.2 ms
block 16/80 - 46/240  17686.3 ms
block 17/80 - 49/240  17686.0 ms
block 18/80 - 52/240  17686.4 ms
block 19/80 - 55/240  17686.1 ms
block 20/80 - 58/240  17685.7 ms
block 21/80 - 61/240  17685.7 ms
block 22/80 - 64/240  17685.0 ms
block 23/80 - 67/240  17685.7 ms
block 24/80 - 70/240  17685.8 ms
block 25/80 - 73/240  17685.0 ms
block 26/80 - 76/240  17686.2 ms
block 27/80 - 79/240  17686.4 ms
block 28/80 - 82/240  17686.3 ms
block 29/80 - 85/240  17685.6 ms
block 30/80 - 88/240  17686.1 ms
block 31/80 - 91/240  17685.7 ms
block 32/80 - 94/240  17686.5 ms
block 33/80 - 97/240  17688.4 ms
block 34/80 - 100/240  17686.3 ms
block 35/80 - 103/240  17685.9 ms
block 36/80 - 106/240  17686.5 ms
block 37/80 - 109/240  17686.6 ms
block 38/80 - 112/240  17686.0 ms
block 39/80 - 115/240  17687.0 ms
block 40/80 - 118/240  17686.4 ms
block 41/80 - 121/240  17686.9 ms
block 42/80 - 124/240  17685.8 ms
block 43/80 - 127/240  17686.8 ms
block 44/80 - 130/240  17686.0 ms
block 45/80 - 133/240  17686.8 ms
block 46/80 - 136/240  17688.8 ms
block 47/80 - 139/240  17686.6 ms
block 48/80 - 142/240  17685.3 ms
block 49/80 - 145/240  17685.6 ms
block 50/80 - 148/240  17685.3 ms
block 51/80 - 151/240  17686.2 ms
block 52/80 - 154/240  17684.5 ms
block 53/80 - 157/240  17687.2 ms
block 54/80 - 160/240  17685.3 ms
block 55/80 - 163/240  17685.6 ms
block 56/80 - 166/240  17685.9 ms
block 57/80 - 169/240  17685.6 ms
block 58/80 - 172/240  17686.0 ms
block 59/80 - 175/240  17685.3 ms
block 60/80 - 178/240  17686.0 ms
block 61/80 - 181/240  17686.4 ms
block 62/80 - 184/240  17685.9 ms
block 63/80 - 187/240  17686.0 ms
block 64/80 - 190/240  17686.3 ms
block 65/80 - 193/240  17686.5 ms
block 66/80 - 196/240  17685.6 ms
block 67/80 - 199/240  17685.8 ms
block 68/80 - 202/240  17685.8 ms
block 69/80 - 205/240  17686.1 ms
block 70/80 - 208/240  17686.7 ms
block 71/80 - 211/240  17685.6 ms
block 72/80 - 214/240  17688.2 ms
block 73/80 - 217/240  17686.3 ms
block 74/80 - 220/240  17686.6 ms
block 75/80 - 223/240  17685.9 ms
block 76/80 - 226/240  17685.6 ms
block 77/80 - 229/240  17686.3 ms
block 78/80 - 232/240  17687.9 ms
block 79/80 - 235/240  17686.1 ms
block 80/80 - 238/240  17687.5 ms
[118/128] elapsed=120.5m  avg=61.2s/prompt  eta=10.2m
