Running on a single GPU (cuda); skipping NCCL initialization.
Free VRAM 94.6566162109375 GB
Loading CUDA extension (first run compiles ~60s; cached run ~3s)...
CUDA extension ready in 148.1s.
[CacheCompatibilityPolicy] recent=20:355 coverage=21:5 episode=22:0 coverage_policy=reservoir budget=9FFE read_budget=9FFE owner=HeadComposition
KV inference with 3 frames per block
Number of prompts: 128
Prompt index range: [0, 128)
Loading PyramidKV config from /apdcephfs_gy2/share_303214315/cedricnie/develop/training-free/runs/v181_rccp_long_stress/inputs/maps/rccp_matched.csv
block 1/80 - 1/240  262380.1 ms
block 2/80 - 4/240   5540.0 ms
block 3/80 - 7/240   6452.9 ms
block 4/80 - 10/240   6559.4 ms
block 5/80 - 13/240   6453.9 ms
block 6/80 - 16/240   6474.0 ms
block 7/80 - 19/240   6436.5 ms
block 8/80 - 22/240   6454.5 ms
block 9/80 - 25/240   6442.7 ms
block 10/80 - 28/240   6445.2 ms
block 11/80 - 31/240   6458.3 ms
block 12/80 - 34/240   6454.1 ms
block 13/80 - 37/240   6455.0 ms
block 14/80 - 40/240   6424.9 ms
block 15/80 - 43/240   6440.9 ms
block 16/80 - 46/240   6442.8 ms
block 17/80 - 49/240   6458.3 ms
block 18/80 - 52/240   6447.3 ms
block 19/80 - 55/240   6432.0 ms
block 20/80 - 58/240   6441.2 ms
block 21/80 - 61/240   6444.9 ms
block 22/80 - 64/240   6444.3 ms
block 23/80 - 67/240   6447.0 ms
block 24/80 - 70/240   6453.6 ms
block 25/80 - 73/240   6426.7 ms
block 26/80 - 76/240   6440.9 ms
block 27/80 - 79/240   6414.6 ms
block 28/80 - 82/240   6435.7 ms
block 29/80 - 85/240   6469.6 ms
block 30/80 - 88/240   6438.8 ms
block 31/80 - 91/240   6448.5 ms
block 32/80 - 94/240   6430.4 ms
block 33/80 - 97/240   6440.8 ms
block 34/80 - 100/240   6448.9 ms
block 35/80 - 103/240   6444.1 ms
block 36/80 - 106/240   6437.7 ms
block 37/80 - 109/240   6445.8 ms
block 38/80 - 112/240   6447.0 ms
block 39/80 - 115/240   6444.0 ms
block 40/80 - 118/240   6424.9 ms
block 41/80 - 121/240   6456.1 ms
block 42/80 - 124/240   6426.9 ms
block 43/80 - 127/240   6439.8 ms
block 44/80 - 130/240   6442.3 ms
block 45/80 - 133/240   6436.1 ms
block 46/80 - 136/240   6441.2 ms
block 47/80 - 139/240   6441.0 ms
block 48/80 - 142/240   6438.8 ms
block 49/80 - 145/240   6438.4 ms
block 50/80 - 148/240   6434.9 ms
block 51/80 - 151/240   6512.6 ms
block 52/80 - 154/240   6444.0 ms
block 53/80 - 157/240   6440.6 ms
block 54/80 - 160/240   6455.4 ms
block 55/80 - 163/240   6435.3 ms
block 56/80 - 166/240   6439.2 ms
block 57/80 - 169/240   6427.2 ms
block 58/80 - 172/240   6453.6 ms
block 59/80 - 175/240   6445.5 ms
block 60/80 - 178/240   6477.1 ms
block 61/80 - 181/240   6452.7 ms
block 62/80 - 184/240   6443.1 ms
block 63/80 - 187/240   6422.7 ms
block 64/80 - 190/240   6438.8 ms
block 65/80 - 193/240   6437.6 ms
block 66/80 - 196/240   6436.6 ms
block 67/80 - 199/240   6423.2 ms
block 68/80 - 202/240   6435.7 ms
block 69/80 - 205/240   6454.1 ms
block 70/80 - 208/240   6436.7 ms
block 71/80 - 211/240   6440.3 ms
block 72/80 - 214/240   6436.6 ms
block 73/80 - 217/240   6437.2 ms
block 74/80 - 220/240   6442.8 ms
block 75/80 - 223/240   6440.4 ms
block 76/80 - 226/240   6554.4 ms
block 77/80 - 229/240   6537.8 ms
block 78/80 - 232/240   6609.2 ms
block 79/80 - 235/240   6706.5 ms
block 80/80 - 238/240   3298.7 ms
[1/128] elapsed=12.8m  avg=770.0s/prompt  eta=1629.8m
/apdcephfs_gy2/share_303214315/cedricnie/miniconda3/envs/longlive/lib/python3.10/site-packages/torchvision/io/_video_deprecation_warning.py:9: UserWarning: The video decoding and encoding capabilities of torchvision are deprecated from version 0.22 and will be removed in version 0.24. We recommend that you migrate to TorchCodec, where we'll consolidate the future decoding/encoding capabilities of PyTorch: https://github.com/pytorch/torchcodec
  warnings.warn(
block 1/80 - 1/240   5448.7 ms
block 2/80 - 4/240   7841.5 ms
block 3/80 - 7/240   6543.8 ms
block 4/80 - 10/240   6599.6 ms
block 5/80 - 13/240   6458.7 ms
block 6/80 - 16/240   6467.4 ms
block 7/80 - 19/240   6442.4 ms
block 8/80 - 22/240   6462.7 ms
block 9/80 - 25/240   6452.4 ms
block 10/80 - 28/240   6442.6 ms
block 11/80 - 31/240   6443.8 ms
block 12/80 - 34/240   6445.8 ms
block 13/80 - 37/240   6440.7 ms
block 14/80 - 40/240   6439.8 ms
block 15/80 - 43/240   6440.9 ms
block 16/80 - 46/240   6440.0 ms
block 17/80 - 49/240   6439.4 ms
block 18/80 - 52/240   6448.2 ms
block 19/80 - 55/240   6450.6 ms
block 20/80 - 58/240   6428.5 ms
block 21/80 - 61/240   6441.6 ms
block 22/80 - 64/240   6440.2 ms
block 23/80 - 67/240   6423.4 ms
block 24/80 - 70/240   6439.6 ms
block 25/80 - 73/240   6438.8 ms
block 26/80 - 76/240   6440.4 ms
block 27/80 - 79/240   6467.0 ms
block 28/80 - 82/240   6454.4 ms
block 29/80 - 85/240   6435.9 ms
block 30/80 - 88/240   6436.9 ms
block 31/80 - 91/240   6437.5 ms
block 32/80 - 94/240   6442.0 ms
block 33/80 - 97/240   6445.7 ms
block 34/80 - 100/240   6434.9 ms
block 35/80 - 103/240   6440.5 ms
block 36/80 - 106/240   6475.1 ms
block 37/80 - 109/240   6427.8 ms
block 38/80 - 112/240   6445.9 ms
block 39/80 - 115/240   6438.3 ms
block 40/80 - 118/240   6439.4 ms
block 41/80 - 121/240   6459.5 ms
block 42/80 - 124/240   6440.8 ms
block 43/80 - 127/240   6428.5 ms
block 44/80 - 130/240   6405.8 ms
block 45/80 - 133/240   6457.3 ms
block 46/80 - 136/240   6438.0 ms
block 47/80 - 139/240   6430.1 ms
block 48/80 - 142/240   6434.4 ms
block 49/80 - 145/240   6439.9 ms
block 50/80 - 148/240   6427.3 ms
block 51/80 - 151/240   6438.8 ms
block 52/80 - 154/240   6425.2 ms
block 53/80 - 157/240   6437.0 ms
block 54/80 - 160/240   6440.1 ms
block 55/80 - 163/240   6450.8 ms
block 56/80 - 166/240   6438.7 ms
block 57/80 - 169/240   6437.2 ms
block 58/80 - 172/240   6429.7 ms
block 59/80 - 175/240   6436.0 ms
block 60/80 - 178/240   6440.6 ms
block 61/80 - 181/240   6424.1 ms
block 62/80 - 184/240   6439.0 ms
block 63/80 - 187/240   6438.8 ms
block 64/80 - 190/240   6485.9 ms
block 65/80 - 193/240   6435.9 ms
block 66/80 - 196/240   6446.1 ms
block 67/80 - 199/240   6424.5 ms
block 68/80 - 202/240   6444.4 ms
block 69/80 - 205/240   6425.1 ms
block 70/80 - 208/240   6424.7 ms
block 71/80 - 211/240   6553.9 ms
block 72/80 - 214/240   6457.7 ms
block 73/80 - 217/240   6548.8 ms
block 74/80 - 220/240   6688.3 ms
block 75/80 - 223/240   6691.6 ms
block 76/80 - 226/240   6540.0 ms
block 77/80 - 229/240   6358.3 ms
block 78/80 - 232/240   3445.0 ms
block 79/80 - 235/240   3531.0 ms
block 80/80 - 238/240   4195.7 ms
Traceback (most recent call last):
  File "/apdcephfs_gy2/share_303214315/cedricnie/develop/training-free/third_party/Pyramid-Forcing/inference.py", line 1675, in <module>
    video, latents = pipeline.inference(
  File "/apdcephfs_gy2/share_303214315/cedricnie/develop/training-free/third_party/Pyramid-Forcing/pipeline/causal_inference.py", line 982, in inference
    video = (video * 0.5 + 0.5).clamp(0, 1)
torch.OutOfMemoryError: CUDA out of memory. Tried to allocate 4.27 GiB. GPU 0 has a total capacity of 95.00 GiB of which 456.38 MiB is free. Process 256701 has 36.56 GiB memory in use. Process 240657 has 57.98 GiB memory in use. Of the allocated memory 35.33 GiB is allocated by PyTorch, and 732.21 MiB is reserved by PyTorch but unallocated. If reserved but unallocated memory is large try setting PYTORCH_ALLOC_CONF=expandable_segments:True to avoid fragmentation.  See documentation for Memory Management  (https://pytorch.org/docs/stable/notes/cuda.html#environment-variables)
