Running on a single GPU (cuda); skipping NCCL initialization.
Free VRAM 94.68743896484375 GB
Loading CUDA extension (first run compiles ~60s; cached run ~3s)...
CUDA extension ready in 148.7s.
[CacheCompatibilityPolicy] recent=20:355 coverage=21:5 episode=22:0 coverage_policy=reservoir budget=9FFE read_budget=9FFE owner=HeadComposition
KV inference with 3 frames per block
Number of prompts: 128
Prompt index range: [0, 128)
Loading PyramidKV config from /apdcephfs_gy2/share_303214315/cedricnie/develop/training-free/runs/v181_rccp_long_stress/inputs/maps/rccp_matched.csv
block 1/80 - 1/240  262027.7 ms
block 2/80 - 4/240   5334.2 ms
block 3/80 - 7/240   6560.7 ms
block 4/80 - 10/240   6588.2 ms
block 5/80 - 13/240   6579.9 ms
block 6/80 - 16/240   6492.0 ms
block 7/80 - 19/240   6383.8 ms
block 8/80 - 22/240   6397.2 ms
block 9/80 - 25/240   6390.5 ms
block 10/80 - 28/240   6377.9 ms
block 11/80 - 31/240   6385.1 ms
block 12/80 - 34/240   6379.8 ms
block 13/80 - 37/240   6364.8 ms
block 14/80 - 40/240   6436.4 ms
block 15/80 - 43/240   6385.9 ms
block 16/80 - 46/240   6377.0 ms
block 17/80 - 49/240   6379.4 ms
block 18/80 - 52/240   6383.8 ms
block 19/80 - 55/240   6389.0 ms
block 20/80 - 58/240   6386.9 ms
block 21/80 - 61/240   6368.9 ms
block 22/80 - 64/240   6382.1 ms
block 23/80 - 67/240   6425.7 ms
block 24/80 - 70/240   6385.4 ms
block 25/80 - 73/240   6382.7 ms
block 26/80 - 76/240   6385.3 ms
block 27/80 - 79/240   6409.0 ms
block 28/80 - 82/240   6348.1 ms
block 29/80 - 85/240   6366.9 ms
block 30/80 - 88/240   6381.2 ms
block 31/80 - 91/240   6379.9 ms
block 32/80 - 94/240   6382.3 ms
block 33/80 - 97/240   6468.3 ms
block 34/80 - 100/240   6380.5 ms
block 35/80 - 103/240   6397.8 ms
block 36/80 - 106/240   6394.7 ms
block 37/80 - 109/240   6399.3 ms
block 38/80 - 112/240   6364.6 ms
block 39/80 - 115/240   6396.2 ms
block 40/80 - 118/240   6379.1 ms
block 41/80 - 121/240   6398.4 ms
block 42/80 - 124/240   6425.9 ms
block 43/80 - 127/240   6387.3 ms
block 44/80 - 130/240   6363.3 ms
block 45/80 - 133/240   6386.9 ms
block 46/80 - 136/240   6382.1 ms
block 47/80 - 139/240   6375.3 ms
block 48/80 - 142/240   6370.3 ms
block 49/80 - 145/240   6390.0 ms
block 50/80 - 148/240   6377.5 ms
block 51/80 - 151/240   6387.7 ms
block 52/80 - 154/240   6393.7 ms
block 53/80 - 157/240   6381.1 ms
block 54/80 - 160/240   6380.1 ms
block 55/80 - 163/240   6376.1 ms
block 56/80 - 166/240   6383.3 ms
block 57/80 - 169/240   6379.4 ms
block 58/80 - 172/240   6384.0 ms
block 59/80 - 175/240   6395.6 ms
block 60/80 - 178/240   6388.7 ms
block 61/80 - 181/240   6450.2 ms
block 62/80 - 184/240   6390.3 ms
block 63/80 - 187/240   6381.0 ms
block 64/80 - 190/240   6388.9 ms
block 65/80 - 193/240   6386.9 ms
block 66/80 - 196/240   6386.7 ms
block 67/80 - 199/240   6382.4 ms
block 68/80 - 202/240   6387.6 ms
block 69/80 - 205/240   6389.9 ms
block 70/80 - 208/240   6415.8 ms
block 71/80 - 211/240   6405.8 ms
block 72/80 - 214/240   6384.9 ms
block 73/80 - 217/240   6386.5 ms
block 74/80 - 220/240   6366.2 ms
block 75/80 - 223/240   6370.6 ms
block 76/80 - 226/240   6374.0 ms
block 77/80 - 229/240   6435.5 ms
block 78/80 - 232/240   6544.1 ms
block 79/80 - 235/240   6482.3 ms
block 80/80 - 238/240   3598.4 ms
/apdcephfs_gy2/share_303214315/cedricnie/miniconda3/envs/longlive/lib/python3.10/site-packages/torchvision/io/_video_deprecation_warning.py:9: UserWarning: The video decoding and encoding capabilities of torchvision are deprecated from version 0.22 and will be removed in version 0.24. We recommend that you migrate to TorchCodec, where we'll consolidate the future decoding/encoding capabilities of PyTorch: https://github.com/pytorch/torchcodec
  warnings.warn(
[11/128] elapsed=12.8m  avg=69.6s/prompt  eta=135.7m
block 1/80 - 1/240   4382.9 ms
block 2/80 - 4/240   7805.5 ms
block 3/80 - 7/240   6346.2 ms
block 4/80 - 10/240   6385.9 ms
block 5/80 - 13/240   6376.6 ms
block 6/80 - 16/240   6384.6 ms
block 7/80 - 19/240   6383.1 ms
block 8/80 - 22/240   6334.3 ms
block 9/80 - 25/240   6354.6 ms
block 10/80 - 28/240   6370.9 ms
block 11/80 - 31/240   6337.8 ms
block 12/80 - 34/240   6357.8 ms
block 13/80 - 37/240   6353.3 ms
block 14/80 - 40/240   6358.7 ms
block 15/80 - 43/240   6355.9 ms
block 16/80 - 46/240   6334.0 ms
block 17/80 - 49/240   6356.7 ms
block 18/80 - 52/240   6352.7 ms
block 19/80 - 55/240   6391.1 ms
block 20/80 - 58/240   6336.6 ms
block 21/80 - 61/240   6315.0 ms
block 22/80 - 64/240   6355.9 ms
block 23/80 - 67/240   6355.1 ms
block 24/80 - 70/240   6357.0 ms
block 25/80 - 73/240   6356.9 ms
block 26/80 - 76/240   6376.7 ms
block 27/80 - 79/240   6369.3 ms
block 28/80 - 82/240   6362.4 ms
block 29/80 - 85/240   6362.4 ms
block 30/80 - 88/240   6355.8 ms
block 31/80 - 91/240   6356.0 ms
block 32/80 - 94/240   6374.9 ms
block 33/80 - 97/240   6372.4 ms
block 34/80 - 100/240   6391.8 ms
block 35/80 - 103/240   6403.5 ms
block 36/80 - 106/240   6346.8 ms
block 37/80 - 109/240   6413.6 ms
block 38/80 - 112/240   6359.4 ms
block 39/80 - 115/240   6376.2 ms
block 40/80 - 118/240   6374.8 ms
block 41/80 - 121/240   6359.3 ms
block 42/80 - 124/240   6340.1 ms
block 43/80 - 127/240   6370.0 ms
block 44/80 - 130/240   6332.5 ms
block 45/80 - 133/240   6362.9 ms
block 46/80 - 136/240   6355.9 ms
block 47/80 - 139/240   6412.2 ms
block 48/80 - 142/240   6375.0 ms
block 49/80 - 145/240   6370.2 ms
block 50/80 - 148/240   6372.7 ms
block 51/80 - 151/240   6354.3 ms
block 52/80 - 154/240   6352.8 ms
block 53/80 - 157/240   6357.7 ms
block 54/80 - 160/240   6373.3 ms
block 55/80 - 163/240   6372.4 ms
block 56/80 - 166/240   6353.2 ms
block 57/80 - 169/240   6406.1 ms
block 58/80 - 172/240   6367.7 ms
block 59/80 - 175/240   6371.1 ms
block 60/80 - 178/240   6354.9 ms
block 61/80 - 181/240   6360.1 ms
block 62/80 - 184/240   6360.0 ms
block 63/80 - 187/240   6355.9 ms
block 64/80 - 190/240   6398.3 ms
block 65/80 - 193/240   6356.9 ms
block 66/80 - 196/240   6275.7 ms
block 67/80 - 199/240   6370.9 ms
block 68/80 - 202/240   6365.3 ms
block 69/80 - 205/240   6375.6 ms
block 70/80 - 208/240   6351.0 ms
block 71/80 - 211/240   6353.3 ms
block 72/80 - 214/240   6356.9 ms
block 73/80 - 217/240   6412.1 ms
block 74/80 - 220/240   6353.4 ms
block 75/80 - 223/240   6370.0 ms
block 76/80 - 226/240   6377.9 ms
block 77/80 - 229/240   6369.6 ms
block 78/80 - 232/240   6385.5 ms
block 79/80 - 235/240   4459.9 ms
block 80/80 - 238/240   3521.1 ms
[27/128] elapsed=21.2m  avg=47.1s/prompt  eta=79.2m
block 1/80 - 1/240   5108.0 ms
block 2/80 - 4/240   7361.0 ms
block 3/80 - 7/240   6388.3 ms
block 4/80 - 10/240   6374.5 ms
block 5/80 - 13/240   6372.4 ms
block 6/80 - 16/240   6408.2 ms
block 7/80 - 19/240   6415.5 ms
block 8/80 - 22/240   6457.2 ms
block 9/80 - 25/240   6543.3 ms
block 10/80 - 28/240   6258.3 ms
block 11/80 - 31/240   6451.2 ms
block 12/80 - 34/240   6460.7 ms
block 13/80 - 37/240   6458.5 ms
block 14/80 - 40/240   6594.1 ms
block 15/80 - 43/240   6427.1 ms
block 16/80 - 46/240   6389.4 ms
block 17/80 - 49/240   6386.9 ms
block 18/80 - 52/240   6374.1 ms
block 19/80 - 55/240   6388.3 ms
block 20/80 - 58/240   6380.0 ms
block 21/80 - 61/240   6385.6 ms
block 22/80 - 64/240   6389.1 ms
block 23/80 - 67/240   6379.3 ms
block 24/80 - 70/240   6380.7 ms
block 25/80 - 73/240   6390.9 ms
block 26/80 - 76/240   6384.4 ms
block 27/80 - 79/240   6382.9 ms
block 28/80 - 82/240   6384.5 ms
block 29/80 - 85/240   6388.7 ms
block 30/80 - 88/240   6388.4 ms
block 31/80 - 91/240   6399.8 ms
block 32/80 - 94/240   6369.3 ms
block 33/80 - 97/240   6384.7 ms
block 34/80 - 100/240   6445.1 ms
block 35/80 - 103/240   6394.4 ms
block 36/80 - 106/240   6382.9 ms
block 37/80 - 109/240   6385.8 ms
block 38/80 - 112/240   6377.9 ms
block 39/80 - 115/240   6382.0 ms
block 40/80 - 118/240   6389.3 ms
block 41/80 - 121/240   6386.8 ms
block 42/80 - 124/240   6389.6 ms
block 43/80 - 127/240   6432.0 ms
block 44/80 - 130/240   6377.4 ms
block 45/80 - 133/240   6364.3 ms
block 46/80 - 136/240   6367.5 ms
block 47/80 - 139/240   6387.7 ms
block 48/80 - 142/240   6381.7 ms
block 49/80 - 145/240   6380.7 ms
block 50/80 - 148/240   6405.0 ms
block 51/80 - 151/240   6404.9 ms
block 52/80 - 154/240   6408.6 ms
block 53/80 - 157/240   6437.5 ms
block 54/80 - 160/240   6383.2 ms
block 55/80 - 163/240   6375.7 ms
block 56/80 - 166/240   6400.1 ms
block 57/80 - 169/240   6377.4 ms
block 58/80 - 172/240   6372.6 ms
block 59/80 - 175/240   6368.1 ms
block 60/80 - 178/240   6346.3 ms
block 61/80 - 181/240   6375.7 ms
block 62/80 - 184/240   6389.9 ms
block 63/80 - 187/240   6309.6 ms
block 64/80 - 190/240   6367.9 ms
block 65/80 - 193/240   6367.2 ms
block 66/80 - 196/240   6379.6 ms
block 67/80 - 199/240   6385.3 ms
block 68/80 - 202/240   6390.4 ms
block 69/80 - 205/240   6384.0 ms
block 70/80 - 208/240   6376.5 ms
block 71/80 - 211/240   6397.3 ms
block 72/80 - 214/240   6401.6 ms
block 73/80 - 217/240   6402.1 ms
block 74/80 - 220/240   6372.6 ms
block 75/80 - 223/240   6386.9 ms
block 76/80 - 226/240   6386.7 ms
block 77/80 - 229/240   6388.2 ms
block 78/80 - 232/240   4514.3 ms
block 79/80 - 235/240   3283.5 ms
block 80/80 - 238/240   3385.9 ms
[43/128] elapsed=29.6m  avg=41.3s/prompt  eta=58.5m
block 1/80 - 1/240   9268.7 ms
block 2/80 - 4/240   6051.3 ms
block 3/80 - 7/240   6321.6 ms
block 4/80 - 10/240   6368.2 ms
block 5/80 - 13/240   6384.6 ms
block 6/80 - 16/240   6374.5 ms
block 7/80 - 19/240   6382.3 ms
block 8/80 - 22/240   6380.0 ms
block 9/80 - 25/240   6421.6 ms
block 10/80 - 28/240   6387.9 ms
block 11/80 - 31/240   6432.8 ms
block 12/80 - 34/240   6386.0 ms
block 13/80 - 37/240   6483.2 ms
block 14/80 - 40/240   6362.2 ms
block 15/80 - 43/240   6394.5 ms
block 16/80 - 46/240   6502.2 ms
block 17/80 - 49/240   6263.6 ms
block 18/80 - 52/240   6540.6 ms
block 19/80 - 55/240   6542.9 ms
block 20/80 - 58/240   6585.6 ms
block 21/80 - 61/240   6435.2 ms
block 22/80 - 64/240   6407.6 ms
block 23/80 - 67/240   6381.7 ms
block 24/80 - 70/240   6366.3 ms
block 25/80 - 73/240   6380.6 ms
block 26/80 - 76/240   6390.8 ms
block 27/80 - 79/240   6362.7 ms
block 28/80 - 82/240   6411.3 ms
block 29/80 - 85/240   6365.9 ms
block 30/80 - 88/240   6460.5 ms
block 31/80 - 91/240   6373.1 ms
block 32/80 - 94/240   6392.0 ms
block 33/80 - 97/240   6386.7 ms
block 34/80 - 100/240   6379.6 ms
block 35/80 - 103/240   6382.8 ms
block 36/80 - 106/240   6399.5 ms
block 37/80 - 109/240   6355.8 ms
block 38/80 - 112/240   6380.8 ms
block 39/80 - 115/240   6397.9 ms
block 40/80 - 118/240   6378.8 ms
block 41/80 - 121/240   6381.9 ms
block 42/80 - 124/240   6402.2 ms
block 43/80 - 127/240   6397.1 ms
block 44/80 - 130/240   6366.6 ms
block 45/80 - 133/240   6359.3 ms
block 46/80 - 136/240   6372.7 ms
block 47/80 - 139/240   6382.0 ms
block 48/80 - 142/240   6385.1 ms
block 49/80 - 145/240   6411.0 ms
block 50/80 - 148/240   6401.0 ms
block 51/80 - 151/240   6398.0 ms
block 52/80 - 154/240   6369.3 ms
block 53/80 - 157/240   6378.0 ms
block 54/80 - 160/240   6375.9 ms
block 55/80 - 163/240   6382.3 ms
block 56/80 - 166/240   6346.0 ms
block 57/80 - 169/240   6306.0 ms
block 58/80 - 172/240   6389.0 ms
block 59/80 - 175/240   6375.5 ms
block 60/80 - 178/240   6380.0 ms
block 61/80 - 181/240   6385.7 ms
block 62/80 - 184/240   6370.7 ms
block 63/80 - 187/240   6372.1 ms
block 64/80 - 190/240   6373.3 ms
block 65/80 - 193/240   6399.4 ms
block 66/80 - 196/240   6373.6 ms
block 67/80 - 199/240   6413.4 ms
block 68/80 - 202/240   6373.3 ms
block 69/80 - 205/240   6388.1 ms
block 70/80 - 208/240   6371.9 ms
block 71/80 - 211/240   6382.9 ms
block 72/80 - 214/240   6385.9 ms
block 73/80 - 217/240   6369.1 ms
block 74/80 - 220/240   6390.1 ms
block 75/80 - 223/240   6373.1 ms
block 76/80 - 226/240   6379.7 ms
block 77/80 - 229/240   4117.7 ms
block 78/80 - 232/240   2460.9 ms
block 79/80 - 235/240   2461.0 ms
block 80/80 - 238/240   2460.4 ms
[59/128] elapsed=37.9m  avg=38.6s/prompt  eta=44.3m
block 1/80 - 1/240   2049.4 ms
block 2/80 - 4/240   2545.0 ms
block 3/80 - 7/240   2766.5 ms
block 4/80 - 10/240   2579.2 ms
block 5/80 - 13/240   2466.8 ms
block 6/80 - 16/240   2468.8 ms
block 7/80 - 19/240   2469.8 ms
block 8/80 - 22/240   2476.2 ms
block 9/80 - 25/240   2477.2 ms
block 10/80 - 28/240   2469.5 ms
block 11/80 - 31/240   2468.0 ms
block 12/80 - 34/240   2470.0 ms
block 13/80 - 37/240   2529.7 ms
block 14/80 - 40/240   2508.5 ms
block 15/80 - 43/240   2487.6 ms
block 16/80 - 46/240   2472.8 ms
block 17/80 - 49/240   2469.1 ms
block 18/80 - 52/240   2483.8 ms
block 19/80 - 55/240   2469.2 ms
block 20/80 - 58/240   2482.1 ms
block 21/80 - 61/240   2489.6 ms
block 22/80 - 64/240   2467.7 ms
block 23/80 - 67/240   2467.3 ms
block 24/80 - 70/240   2469.1 ms
block 25/80 - 73/240   2469.5 ms
block 26/80 - 76/240   2469.8 ms
block 27/80 - 79/240   2471.2 ms
block 28/80 - 82/240   2469.8 ms
block 29/80 - 85/240   2471.2 ms
block 30/80 - 88/240   2468.0 ms
block 31/80 - 91/240   2467.4 ms
block 32/80 - 94/240   2469.4 ms
block 33/80 - 97/240   2468.7 ms
block 34/80 - 100/240   2467.8 ms
block 35/80 - 103/240   2466.9 ms
block 36/80 - 106/240   2467.4 ms
block 37/80 - 109/240   2468.1 ms
block 38/80 - 112/240   2466.2 ms
block 39/80 - 115/240   2467.5 ms
block 40/80 - 118/240   2466.6 ms
block 41/80 - 121/240   2466.8 ms
block 42/80 - 124/240   2466.4 ms
block 43/80 - 127/240   2472.9 ms
block 44/80 - 130/240   2469.9 ms
block 45/80 - 133/240   2507.8 ms
block 46/80 - 136/240   2468.6 ms
block 47/80 - 139/240   2469.4 ms
block 48/80 - 142/240   2471.9 ms
block 49/80 - 145/240   2468.2 ms
block 50/80 - 148/240   2466.9 ms
block 51/80 - 151/240   2467.5 ms
block 52/80 - 154/240   2467.8 ms
block 53/80 - 157/240   2492.0 ms
block 54/80 - 160/240   2466.9 ms
block 55/80 - 163/240   2469.8 ms
block 56/80 - 166/240   2469.8 ms
block 57/80 - 169/240   2469.7 ms
block 58/80 - 172/240   2469.6 ms
block 59/80 - 175/240   2470.4 ms
block 60/80 - 178/240   2470.7 ms
block 61/80 - 181/240   2477.1 ms
block 62/80 - 184/240   2472.1 ms
block 63/80 - 187/240   2470.2 ms
block 64/80 - 190/240   2471.9 ms
block 65/80 - 193/240   2470.5 ms
block 66/80 - 196/240   2470.4 ms
block 67/80 - 199/240   2483.3 ms
block 68/80 - 202/240   2489.2 ms
block 69/80 - 205/240   2507.4 ms
block 70/80 - 208/240   2470.0 ms
block 71/80 - 211/240   2517.8 ms
block 72/80 - 214/240   2518.0 ms
block 73/80 - 217/240   2524.3 ms
block 74/80 - 220/240   2527.9 ms
block 75/80 - 223/240   2511.1 ms
block 76/80 - 226/240   2511.0 ms
block 77/80 - 229/240   2514.5 ms
block 78/80 - 232/240   2520.0 ms
block 79/80 - 235/240   2527.4 ms
block 80/80 - 238/240   2493.6 ms
[75/128] elapsed=41.2m  avg=33.0s/prompt  eta=29.1m
block 1/80 - 1/240   2141.2 ms
block 2/80 - 4/240   2674.8 ms
block 3/80 - 7/240   2817.5 ms
block 4/80 - 10/240   2668.6 ms
block 5/80 - 13/240   2476.4 ms
block 6/80 - 16/240   2462.2 ms
block 7/80 - 19/240   2469.1 ms
block 8/80 - 22/240   2467.9 ms
block 9/80 - 25/240   2469.3 ms
block 10/80 - 28/240   2472.8 ms
block 11/80 - 31/240   2473.0 ms
block 12/80 - 34/240   2471.7 ms
block 13/80 - 37/240   2505.6 ms
block 14/80 - 40/240   2470.9 ms
block 15/80 - 43/240   2481.0 ms
block 16/80 - 46/240   2490.6 ms
block 17/80 - 49/240   2482.6 ms
block 18/80 - 52/240   2469.3 ms
block 19/80 - 55/240   2468.6 ms
block 20/80 - 58/240   2471.4 ms
block 21/80 - 61/240   2470.8 ms
block 22/80 - 64/240   2471.7 ms
block 23/80 - 67/240   2472.5 ms
block 24/80 - 70/240   2470.5 ms
block 25/80 - 73/240   2472.8 ms
block 26/80 - 76/240   2467.8 ms
block 27/80 - 79/240   2471.4 ms
block 28/80 - 82/240   2479.9 ms
block 29/80 - 85/240   2472.0 ms
block 30/80 - 88/240   2490.0 ms
block 31/80 - 91/240   2510.4 ms
block 32/80 - 94/240   2520.0 ms
block 33/80 - 97/240   2474.5 ms
block 34/80 - 100/240   2472.4 ms
block 35/80 - 103/240   2471.4 ms
block 36/80 - 106/240   2471.8 ms
block 37/80 - 109/240   2490.6 ms
block 38/80 - 112/240   2504.4 ms
block 39/80 - 115/240   2470.2 ms
block 40/80 - 118/240   2471.3 ms
block 41/80 - 121/240   2473.0 ms
block 42/80 - 124/240   2509.5 ms
block 43/80 - 127/240   2497.9 ms
block 44/80 - 130/240   2469.0 ms
block 45/80 - 133/240   2469.7 ms
block 46/80 - 136/240   2473.5 ms
block 47/80 - 139/240   2470.4 ms
block 48/80 - 142/240   2471.3 ms
block 49/80 - 145/240   2471.7 ms
block 50/80 - 148/240   2471.0 ms
block 51/80 - 151/240   2471.0 ms
block 52/80 - 154/240   2469.7 ms
block 53/80 - 157/240   2469.4 ms
block 54/80 - 160/240   2472.0 ms
block 55/80 - 163/240   2475.4 ms
block 56/80 - 166/240   2473.7 ms
block 57/80 - 169/240   2471.2 ms
block 58/80 - 172/240   2487.1 ms
block 59/80 - 175/240   2477.0 ms
block 60/80 - 178/240   2469.7 ms
block 61/80 - 181/240   2470.9 ms
block 62/80 - 184/240   2476.6 ms
block 63/80 - 187/240   2478.6 ms
block 64/80 - 190/240   2469.3 ms
block 65/80 - 193/240   2469.4 ms
block 66/80 - 196/240   2469.7 ms
block 67/80 - 199/240   2509.4 ms
block 68/80 - 202/240   2470.9 ms
block 69/80 - 205/240   2470.3 ms
block 70/80 - 208/240   2469.7 ms
block 71/80 - 211/240   2470.7 ms
block 72/80 - 214/240   2485.1 ms
block 73/80 - 217/240   2471.5 ms
block 74/80 - 220/240   2475.1 ms
block 75/80 - 223/240   2470.8 ms
block 76/80 - 226/240   2471.7 ms
block 77/80 - 229/240   2470.3 ms
block 78/80 - 232/240   2516.2 ms
block 79/80 - 235/240   2425.1 ms
block 80/80 - 238/240   2470.7 ms
[91/128] elapsed=44.6m  avg=29.4s/prompt  eta=18.1m
block 1/80 - 1/240   2025.6 ms
block 2/80 - 4/240   2492.2 ms
block 3/80 - 7/240   2660.6 ms
block 4/80 - 10/240   2618.7 ms
block 5/80 - 13/240   2468.4 ms
block 6/80 - 16/240   2469.4 ms
block 7/80 - 19/240   2471.3 ms
block 8/80 - 22/240   2473.1 ms
block 9/80 - 25/240   2469.3 ms
block 10/80 - 28/240   2470.6 ms
block 11/80 - 31/240   2517.0 ms
block 12/80 - 34/240   2471.9 ms
block 13/80 - 37/240   2471.7 ms
block 14/80 - 40/240   2469.9 ms
block 15/80 - 43/240   2471.2 ms
block 16/80 - 46/240   2475.5 ms
block 17/80 - 49/240   2474.2 ms
block 18/80 - 52/240   2470.3 ms
block 19/80 - 55/240   2469.0 ms
block 20/80 - 58/240   2480.6 ms
block 21/80 - 61/240   2482.6 ms
block 22/80 - 64/240   2501.5 ms
block 23/80 - 67/240   2436.4 ms
block 24/80 - 70/240   2468.5 ms
block 25/80 - 73/240   2470.1 ms
block 26/80 - 76/240   2472.0 ms
block 27/80 - 79/240   2471.7 ms
block 28/80 - 82/240   2471.4 ms
block 29/80 - 85/240   2475.6 ms
block 30/80 - 88/240   2470.7 ms
block 31/80 - 91/240   2469.7 ms
block 32/80 - 94/240   2471.1 ms
block 33/80 - 97/240   2471.7 ms
block 34/80 - 100/240   2473.4 ms
block 35/80 - 103/240   2509.6 ms
block 36/80 - 106/240   2474.2 ms
block 37/80 - 109/240   2472.2 ms
block 38/80 - 112/240   2469.2 ms
block 39/80 - 115/240   2470.9 ms
block 40/80 - 118/240   2471.2 ms
block 41/80 - 121/240   2471.5 ms
block 42/80 - 124/240   2472.3 ms
block 43/80 - 127/240   2471.5 ms
block 44/80 - 130/240   2473.5 ms
block 45/80 - 133/240   2477.8 ms
block 46/80 - 136/240   2511.1 ms
block 47/80 - 139/240   2445.1 ms
block 48/80 - 142/240   2464.6 ms
block 49/80 - 145/240   2470.3 ms
block 50/80 - 148/240   2470.4 ms
block 51/80 - 151/240   2469.9 ms
block 52/80 - 154/240   2472.6 ms
block 53/80 - 157/240   2468.6 ms
block 54/80 - 160/240   2469.4 ms
block 55/80 - 163/240   2469.4 ms
block 56/80 - 166/240   2471.5 ms
block 57/80 - 169/240   2474.8 ms
block 58/80 - 172/240   2471.7 ms
block 59/80 - 175/240   2482.0 ms
block 60/80 - 178/240   2488.7 ms
block 61/80 - 181/240   2470.1 ms
block 62/80 - 184/240   2472.1 ms
block 63/80 - 187/240   2472.1 ms
block 64/80 - 190/240   2449.6 ms
block 65/80 - 193/240   2475.5 ms
block 66/80 - 196/240   2470.4 ms
block 67/80 - 199/240   2471.4 ms
block 68/80 - 202/240   2473.3 ms
block 69/80 - 205/240   2471.3 ms
block 70/80 - 208/240   2471.2 ms
block 71/80 - 211/240   2469.0 ms
block 72/80 - 214/240   2472.9 ms
block 73/80 - 217/240   2471.6 ms
block 74/80 - 220/240   2472.5 ms
block 75/80 - 223/240   2471.1 ms
block 76/80 - 226/240   2471.3 ms
block 77/80 - 229/240   2470.7 ms
block 78/80 - 232/240   2476.6 ms
block 79/80 - 235/240   2470.8 ms
block 80/80 - 238/240   2470.1 ms
[107/128] elapsed=47.9m  avg=26.8s/prompt  eta=9.4m
block 1/80 - 1/240   1776.6 ms
block 2/80 - 4/240   2339.3 ms
block 3/80 - 7/240   2725.4 ms
block 4/80 - 10/240   2811.6 ms
block 5/80 - 13/240   2481.9 ms
block 6/80 - 16/240   2468.9 ms
block 7/80 - 19/240   2469.2 ms
block 8/80 - 22/240   2496.8 ms
block 9/80 - 25/240   2471.1 ms
block 10/80 - 28/240   2475.5 ms
block 11/80 - 31/240   2477.4 ms
block 12/80 - 34/240   2472.6 ms
block 13/80 - 37/240   2476.9 ms
block 14/80 - 40/240   2471.8 ms
block 15/80 - 43/240   2476.2 ms
block 16/80 - 46/240   2467.0 ms
block 17/80 - 49/240   2474.0 ms
block 18/80 - 52/240   2473.4 ms
block 19/80 - 55/240   2480.9 ms
block 20/80 - 58/240   2462.9 ms
block 21/80 - 61/240   2472.0 ms
block 22/80 - 64/240   2476.5 ms
block 23/80 - 67/240   2466.3 ms
block 24/80 - 70/240   2473.3 ms
block 25/80 - 73/240   2471.9 ms
block 26/80 - 76/240   2470.7 ms
block 27/80 - 79/240   2471.1 ms
block 28/80 - 82/240   2508.1 ms
block 29/80 - 85/240   2470.2 ms
block 30/80 - 88/240   2470.6 ms
block 31/80 - 91/240   2474.8 ms
block 32/80 - 94/240   2471.4 ms
block 33/80 - 97/240   2472.5 ms
block 34/80 - 100/240   2473.3 ms
block 35/80 - 103/240   2470.2 ms
block 36/80 - 106/240   2471.4 ms
block 37/80 - 109/240   2469.9 ms
block 38/80 - 112/240   2477.9 ms
block 39/80 - 115/240   2472.6 ms
block 40/80 - 118/240   2466.4 ms
block 41/80 - 121/240   2471.7 ms
block 42/80 - 124/240   2470.7 ms
block 43/80 - 127/240   2471.2 ms
block 44/80 - 130/240   2471.4 ms
block 45/80 - 133/240   2473.5 ms
block 46/80 - 136/240   2471.6 ms
block 47/80 - 139/240   2476.1 ms
block 48/80 - 142/240   2474.6 ms
block 49/80 - 145/240   2471.8 ms
block 50/80 - 148/240   2472.2 ms
block 51/80 - 151/240   2470.1 ms
block 52/80 - 154/240   2490.8 ms
block 53/80 - 157/240   2483.7 ms
block 54/80 - 160/240   2470.7 ms
block 55/80 - 163/240   2469.6 ms
block 56/80 - 166/240   2470.2 ms
block 57/80 - 169/240   2470.8 ms
block 58/80 - 172/240   2472.2 ms
block 59/80 - 175/240   2472.5 ms
block 60/80 - 178/240   2473.5 ms
block 61/80 - 181/240   2470.9 ms
block 62/80 - 184/240   2470.7 ms
block 63/80 - 187/240   5183.2 ms
block 64/80 - 190/240   2471.8 ms
block 65/80 - 193/240   2469.8 ms
block 66/80 - 196/240   2473.8 ms
block 67/80 - 199/240   2470.4 ms
block 68/80 - 202/240   2471.4 ms
block 69/80 - 205/240   2470.8 ms
block 70/80 - 208/240   2472.7 ms
block 71/80 - 211/240   2471.8 ms
block 72/80 - 214/240   2470.0 ms
block 73/80 - 217/240   2469.2 ms
block 74/80 - 220/240   2471.0 ms
block 75/80 - 223/240   2480.2 ms
block 76/80 - 226/240   2500.6 ms
block 77/80 - 229/240   2476.6 ms
block 78/80 - 232/240   2468.7 ms
block 79/80 - 235/240   2498.3 ms
block 80/80 - 238/240   2495.5 ms
[123/128] elapsed=51.2m  avg=25.0s/prompt  eta=2.1m
