Running on a single GPU (cuda); skipping NCCL initialization.
Free VRAM 93.9398193359375 GB
Loading CUDA extension (first run compiles ~60s; cached run ~3s)...
CUDA extension ready in 125.1s.
[CacheCompatibilityPolicy] recent=20:360 coverage=21:0 episode=22:0 coverage_policy=reservoir budget=9FFE read_budget=9FFE owner=HeadComposition
KV inference with 3 frames per block
Number of prompts: 64
Prompt index range: [0, 64)
Loading PyramidKV config from /apdcephfs_gy2/share_303214315/cedricnie/develop/training-free/runs/v181_rccp_long_stress/inputs/maps/all_recent.csv
block 1/80 - 1/240  134793.7 ms
block 2/80 - 4/240  16797.7 ms
block 3/80 - 7/240  17558.0 ms
block 4/80 - 10/240  17633.7 ms
block 5/80 - 13/240  17560.8 ms
block 6/80 - 16/240  17648.4 ms
block 7/80 - 19/240  17561.1 ms
block 8/80 - 22/240  17559.9 ms
block 9/80 - 25/240  17648.7 ms
block 10/80 - 28/240  17561.9 ms
block 11/80 - 31/240  17563.7 ms
block 12/80 - 34/240  17560.5 ms
block 13/80 - 37/240  17560.8 ms
block 14/80 - 40/240  17561.5 ms
block 15/80 - 43/240  17563.2 ms
block 16/80 - 46/240  17566.1 ms
block 17/80 - 49/240  17562.4 ms
block 18/80 - 52/240  17631.0 ms
block 19/80 - 55/240  17649.0 ms
block 20/80 - 58/240  17648.4 ms
block 21/80 - 61/240  17647.5 ms
block 22/80 - 64/240  17560.6 ms
block 23/80 - 67/240  17648.3 ms
block 24/80 - 70/240  17559.9 ms
block 25/80 - 73/240  17560.8 ms
block 26/80 - 76/240  17563.5 ms
block 27/80 - 79/240  17562.4 ms
block 28/80 - 82/240  17563.1 ms
block 29/80 - 85/240  17563.0 ms
block 30/80 - 88/240  17649.8 ms
block 31/80 - 91/240  17561.2 ms
block 32/80 - 94/240  17560.4 ms
block 33/80 - 97/240  17560.6 ms
block 34/80 - 100/240  17560.1 ms
block 35/80 - 103/240  17560.5 ms
block 36/80 - 106/240  17647.8 ms
block 37/80 - 109/240  17647.8 ms
block 38/80 - 112/240  17648.0 ms
block 39/80 - 115/240  17648.2 ms
block 40/80 - 118/240  17561.0 ms
block 41/80 - 121/240  17560.5 ms
block 42/80 - 124/240  17560.0 ms
block 43/80 - 127/240  17560.7 ms
block 44/80 - 130/240  17563.9 ms
block 45/80 - 133/240  17648.3 ms
block 46/80 - 136/240  17560.9 ms
block 47/80 - 139/240  17560.1 ms
block 48/80 - 142/240  17560.8 ms
block 49/80 - 145/240  17560.2 ms
block 50/80 - 148/240  17560.7 ms
block 51/80 - 151/240  17647.0 ms
block 52/80 - 154/240  17560.1 ms
block 53/80 - 157/240  17649.5 ms
block 54/80 - 160/240  17561.0 ms
block 55/80 - 163/240  17560.4 ms
block 56/80 - 166/240  17648.5 ms
block 57/80 - 169/240  17648.9 ms
block 58/80 - 172/240  17561.8 ms
block 59/80 - 175/240  17628.3 ms
block 60/80 - 178/240  17561.5 ms
block 61/80 - 181/240  17649.0 ms
block 62/80 - 184/240  17647.1 ms
block 63/80 - 187/240  17647.6 ms
block 64/80 - 190/240  17560.7 ms
block 65/80 - 193/240  17561.0 ms
block 66/80 - 196/240  17648.2 ms
block 67/80 - 199/240  17560.7 ms
block 68/80 - 202/240  17560.3 ms
block 69/80 - 205/240  17563.6 ms
block 70/80 - 208/240  17649.7 ms
block 71/80 - 211/240  17651.6 ms
block 72/80 - 214/240  17564.4 ms
block 73/80 - 217/240  17649.0 ms
block 74/80 - 220/240  17648.9 ms
block 75/80 - 223/240  17604.8 ms
block 76/80 - 226/240  17560.2 ms
block 77/80 - 229/240  17650.0 ms
block 78/80 - 232/240  17649.4 ms
block 79/80 - 235/240  17647.6 ms
block 80/80 - 238/240  17648.5 ms
/apdcephfs_gy2/share_303214315/cedricnie/miniconda3/envs/longlive/lib/python3.10/site-packages/torchvision/io/_video_deprecation_warning.py:9: UserWarning: The video decoding and encoding capabilities of torchvision are deprecated from version 0.22 and will be removed in version 0.24. We recommend that you migrate to TorchCodec, where we'll consolidate the future decoding/encoding capabilities of PyTorch: https://github.com/pytorch/torchcodec
  warnings.warn(
[3/64] elapsed=25.5m  avg=509.3s/prompt  eta=517.8m
block 1/80 - 1/240  17448.7 ms
block 2/80 - 4/240  17014.1 ms
block 3/80 - 7/240  17560.3 ms
block 4/80 - 10/240  17647.5 ms
block 5/80 - 13/240  17647.3 ms
block 6/80 - 16/240  17560.3 ms
block 7/80 - 19/240  17647.8 ms
block 8/80 - 22/240  17563.4 ms
block 9/80 - 25/240  17560.0 ms
block 10/80 - 28/240  17560.1 ms
block 11/80 - 31/240  17561.0 ms
block 12/80 - 34/240  17627.6 ms
block 13/80 - 37/240  17650.1 ms
block 14/80 - 40/240  17650.9 ms
block 15/80 - 43/240  17567.2 ms
block 16/80 - 46/240  17563.2 ms
block 17/80 - 49/240  17629.0 ms
block 18/80 - 52/240  17561.2 ms
block 19/80 - 55/240  17561.9 ms
block 20/80 - 58/240  17561.0 ms
block 21/80 - 61/240  17560.4 ms
block 22/80 - 64/240  17560.5 ms
block 23/80 - 67/240  17561.1 ms
block 24/80 - 70/240  17648.2 ms
block 25/80 - 73/240  17649.1 ms
block 26/80 - 76/240  17647.8 ms
block 27/80 - 79/240  17563.4 ms
block 28/80 - 82/240  17650.3 ms
block 29/80 - 85/240  17562.9 ms
block 30/80 - 88/240  17563.4 ms
block 31/80 - 91/240  17561.8 ms
block 32/80 - 94/240  17566.5 ms
block 33/80 - 97/240  17651.0 ms
block 34/80 - 100/240  17562.8 ms
block 35/80 - 103/240  17562.6 ms
block 36/80 - 106/240  17562.9 ms
block 37/80 - 109/240  17565.6 ms
block 38/80 - 112/240  17563.7 ms
block 39/80 - 115/240  17650.8 ms
block 40/80 - 118/240  17560.8 ms
block 41/80 - 121/240  17561.0 ms
block 42/80 - 124/240  17560.3 ms
block 43/80 - 127/240  17558.9 ms
block 44/80 - 130/240  17647.3 ms
block 45/80 - 133/240  17560.9 ms
block 46/80 - 136/240  17561.8 ms
block 47/80 - 139/240  17563.1 ms
block 48/80 - 142/240  17564.2 ms
block 49/80 - 145/240  17562.8 ms
block 50/80 - 148/240  17563.0 ms
block 51/80 - 151/240  17561.1 ms
block 52/80 - 154/240  17560.4 ms
block 53/80 - 157/240  17648.2 ms
block 54/80 - 160/240  17647.4 ms
block 55/80 - 163/240  17647.9 ms
block 56/80 - 166/240  17648.4 ms
block 57/80 - 169/240  17663.2 ms
block 58/80 - 172/240  17637.4 ms
block 59/80 - 175/240  17651.4 ms
block 60/80 - 178/240  17563.1 ms
block 61/80 - 181/240  17564.3 ms
block 62/80 - 184/240  17564.3 ms
block 63/80 - 187/240  17564.1 ms
block 64/80 - 190/240  17566.3 ms
block 65/80 - 193/240  17564.0 ms
block 66/80 - 196/240  17565.8 ms
block 67/80 - 199/240  17563.6 ms
block 68/80 - 202/240  17637.7 ms
block 69/80 - 205/240  17563.4 ms
block 70/80 - 208/240  17627.6 ms
block 71/80 - 211/240  17630.3 ms
block 72/80 - 214/240  17612.1 ms
block 73/80 - 217/240  17553.3 ms
block 74/80 - 220/240  17632.0 ms
block 75/80 - 223/240  17609.3 ms
block 76/80 - 226/240  17560.6 ms
block 77/80 - 229/240  17634.4 ms
block 78/80 - 232/240  17560.5 ms
block 79/80 - 235/240  17561.2 ms
block 80/80 - 238/240  17563.2 ms
[11/64] elapsed=49.0m  avg=267.1s/prompt  eta=235.9m
[skip] prompt 18 already has output, skipping
block 1/80 - 1/240  17196.4 ms
block 2/80 - 4/240  17016.7 ms
block 3/80 - 7/240  17557.9 ms
block 4/80 - 10/240  17626.2 ms
block 5/80 - 13/240  17648.3 ms
block 6/80 - 16/240  17646.9 ms
block 7/80 - 19/240  17647.7 ms
block 8/80 - 22/240  17560.6 ms
block 9/80 - 25/240  17648.9 ms
block 10/80 - 28/240  17647.2 ms
block 11/80 - 31/240  17648.2 ms
block 12/80 - 34/240  17646.9 ms
block 13/80 - 37/240  17562.6 ms
block 14/80 - 40/240  17560.5 ms
block 15/80 - 43/240  17564.3 ms
block 16/80 - 46/240  17563.2 ms
block 17/80 - 49/240  17561.9 ms
block 18/80 - 52/240  17560.6 ms
block 19/80 - 55/240  17560.9 ms
block 20/80 - 58/240  17560.2 ms
block 21/80 - 61/240  17648.4 ms
block 22/80 - 64/240  17560.0 ms
block 23/80 - 67/240  17561.4 ms
block 24/80 - 70/240  17646.8 ms
block 25/80 - 73/240  17649.6 ms
block 26/80 - 76/240  17619.3 ms
block 27/80 - 79/240  17560.8 ms
block 28/80 - 82/240  17648.8 ms
block 29/80 - 85/240  17563.0 ms
block 30/80 - 88/240  17560.3 ms
block 31/80 - 91/240  17563.2 ms
block 32/80 - 94/240  17647.0 ms
block 33/80 - 97/240  17561.4 ms
block 34/80 - 100/240  17559.9 ms
block 35/80 - 103/240  17560.3 ms
block 36/80 - 106/240  17648.8 ms
block 37/80 - 109/240  17560.4 ms
block 38/80 - 112/240  17647.5 ms
block 39/80 - 115/240  17648.9 ms
block 40/80 - 118/240  17561.1 ms
block 41/80 - 121/240  17560.9 ms
block 42/80 - 124/240  17619.0 ms
block 43/80 - 127/240  17560.7 ms
block 44/80 - 130/240  17634.5 ms
block 45/80 - 133/240  17560.8 ms
block 46/80 - 136/240  17654.4 ms
block 47/80 - 139/240  17642.1 ms
block 48/80 - 142/240  17649.4 ms
block 49/80 - 145/240  17563.8 ms
block 50/80 - 148/240  17562.8 ms
block 51/80 - 151/240  17560.5 ms
block 52/80 - 154/240  17560.0 ms
block 53/80 - 157/240  17560.3 ms
block 54/80 - 160/240  17560.7 ms
block 55/80 - 163/240  17647.7 ms
block 56/80 - 166/240  17561.0 ms
block 57/80 - 169/240  17561.2 ms
block 58/80 - 172/240  17563.8 ms
block 59/80 - 175/240  17562.8 ms
block 60/80 - 178/240  17647.8 ms
block 61/80 - 181/240  17618.8 ms
block 62/80 - 184/240  17561.5 ms
block 63/80 - 187/240  17648.7 ms
block 64/80 - 190/240  17648.2 ms
block 65/80 - 193/240  17558.9 ms
block 66/80 - 196/240  17561.7 ms
block 67/80 - 199/240  17619.3 ms
block 68/80 - 202/240  17559.5 ms
block 69/80 - 205/240  17647.8 ms
block 70/80 - 208/240  17560.6 ms
block 71/80 - 211/240  17646.1 ms
block 72/80 - 214/240  17648.4 ms
block 73/80 - 217/240  17647.6 ms
block 74/80 - 220/240  17560.4 ms
block 75/80 - 223/240  17647.8 ms
block 76/80 - 226/240  17619.8 ms
block 77/80 - 229/240  17647.0 ms
block 78/80 - 232/240  17586.8 ms
block 79/80 - 235/240  17585.3 ms
block 80/80 - 238/240  17582.3 ms
[27/64] elapsed=72.5m  avg=161.0s/prompt  eta=99.3m
[skip] prompt 34 already has output, skipping
block 1/80 - 1/240  17205.0 ms
block 2/80 - 4/240  17037.4 ms
block 3/80 - 7/240  17578.9 ms
block 4/80 - 10/240  17582.6 ms
block 5/80 - 13/240  17583.0 ms
block 6/80 - 16/240  17584.9 ms
block 7/80 - 19/240  17582.0 ms
block 8/80 - 22/240  17670.1 ms
block 9/80 - 25/240  17670.0 ms
block 10/80 - 28/240  17582.2 ms
block 11/80 - 31/240  17582.2 ms
block 12/80 - 34/240  17585.7 ms
block 13/80 - 37/240  17584.6 ms
block 14/80 - 40/240  17587.6 ms
block 15/80 - 43/240  17584.7 ms
block 16/80 - 46/240  17588.2 ms
block 17/80 - 49/240  17585.1 ms
block 18/80 - 52/240  17583.2 ms
block 19/80 - 55/240  17582.4 ms
block 20/80 - 58/240  17586.0 ms
block 21/80 - 61/240  17669.1 ms
block 22/80 - 64/240  17582.3 ms
block 23/80 - 67/240  17582.0 ms
block 24/80 - 70/240  17583.3 ms
block 25/80 - 73/240  17585.2 ms
block 26/80 - 76/240  17585.8 ms
block 27/80 - 79/240  17669.6 ms
block 28/80 - 82/240  17584.9 ms
block 29/80 - 85/240  17585.2 ms
block 30/80 - 88/240  17582.7 ms
block 31/80 - 91/240  17668.9 ms
block 32/80 - 94/240  17583.0 ms
block 33/80 - 97/240  17581.6 ms
block 34/80 - 100/240  17585.3 ms
block 35/80 - 103/240  17583.8 ms
block 36/80 - 106/240  17645.2 ms
block 37/80 - 109/240  17588.0 ms
block 38/80 - 112/240  17585.9 ms
block 39/80 - 115/240  17588.3 ms
block 40/80 - 118/240  17587.3 ms
block 41/80 - 121/240  17672.2 ms
block 42/80 - 124/240  17587.1 ms
block 43/80 - 127/240  17584.7 ms
block 44/80 - 130/240  17588.5 ms
block 45/80 - 133/240  17587.5 ms
block 46/80 - 136/240  17585.7 ms
block 47/80 - 139/240  17671.8 ms
block 48/80 - 142/240  17672.7 ms
block 49/80 - 145/240  17584.2 ms
block 50/80 - 148/240  17588.0 ms
block 51/80 - 151/240  17588.2 ms
block 52/80 - 154/240  17585.2 ms
block 53/80 - 157/240  17587.7 ms
block 54/80 - 160/240  17587.2 ms
block 55/80 - 163/240  17585.2 ms
block 56/80 - 166/240  17585.2 ms
block 57/80 - 169/240  17585.6 ms
block 58/80 - 172/240  17584.9 ms
block 59/80 - 175/240  17588.3 ms
block 60/80 - 178/240  17586.6 ms
block 61/80 - 181/240  17588.1 ms
block 62/80 - 184/240  17588.4 ms
block 63/80 - 187/240  17587.3 ms
block 64/80 - 190/240  17672.6 ms
block 65/80 - 193/240  17672.0 ms
block 66/80 - 196/240  17584.9 ms
block 67/80 - 199/240  17587.3 ms
block 68/80 - 202/240  17587.5 ms
block 69/80 - 205/240  17587.2 ms
block 70/80 - 208/240  17584.4 ms
block 71/80 - 211/240  17670.0 ms
block 72/80 - 214/240  17583.6 ms
block 73/80 - 217/240  17587.5 ms
block 74/80 - 220/240  17587.4 ms
block 75/80 - 223/240  17586.8 ms
block 76/80 - 226/240  17587.7 ms
block 77/80 - 229/240  17584.5 ms
block 78/80 - 232/240  17588.0 ms
block 79/80 - 235/240  17644.1 ms
block 80/80 - 238/240  17587.4 ms
[43/64] elapsed=95.9m  avg=133.9s/prompt  eta=46.9m
[skip] prompt 50 already has output, skipping
block 1/80 - 1/240  17098.4 ms
block 2/80 - 4/240  17041.3 ms
block 3/80 - 7/240  17581.0 ms
block 4/80 - 10/240  17584.7 ms
block 5/80 - 13/240  17587.9 ms
block 6/80 - 16/240  17672.0 ms
block 7/80 - 19/240  17584.6 ms
block 8/80 - 22/240  17586.8 ms
block 9/80 - 25/240  17587.3 ms
block 10/80 - 28/240  17584.6 ms
block 11/80 - 31/240  17672.6 ms
block 12/80 - 34/240  17586.9 ms
block 13/80 - 37/240  17584.9 ms
block 14/80 - 40/240  17587.5 ms
block 15/80 - 43/240  17588.2 ms
block 16/80 - 46/240  17586.8 ms
block 17/80 - 49/240  17587.5 ms
block 18/80 - 52/240  17588.1 ms
block 19/80 - 55/240  17681.9 ms
block 20/80 - 58/240  17575.2 ms
block 21/80 - 61/240  17587.4 ms
block 22/80 - 64/240  17586.6 ms
block 23/80 - 67/240  17587.9 ms
block 24/80 - 70/240  17671.6 ms
block 25/80 - 73/240  17588.2 ms
block 26/80 - 76/240  17588.2 ms
block 27/80 - 79/240  17588.0 ms
block 28/80 - 82/240  17587.4 ms
block 29/80 - 85/240  17584.1 ms
block 30/80 - 88/240  17589.2 ms
block 31/80 - 91/240  17587.2 ms
block 32/80 - 94/240  17588.1 ms
block 33/80 - 97/240  17584.3 ms
block 34/80 - 100/240  17585.0 ms
block 35/80 - 103/240  17587.0 ms
block 36/80 - 106/240  17585.4 ms
block 37/80 - 109/240  17587.9 ms
block 38/80 - 112/240  17587.3 ms
block 39/80 - 115/240  17587.9 ms
block 40/80 - 118/240  17587.7 ms
block 41/80 - 121/240  17584.4 ms
block 42/80 - 124/240  17588.1 ms
block 43/80 - 127/240  17585.0 ms
block 44/80 - 130/240  17587.3 ms
block 45/80 - 133/240  17588.5 ms
block 46/80 - 136/240  17585.3 ms
block 47/80 - 139/240  17583.0 ms
block 48/80 - 142/240  17585.2 ms
block 49/80 - 145/240  17583.2 ms
block 50/80 - 148/240  17669.6 ms
block 51/80 - 151/240  17670.4 ms
block 52/80 - 154/240  17587.2 ms
block 53/80 - 157/240  17587.2 ms
block 54/80 - 160/240  17588.4 ms
block 55/80 - 163/240  17588.3 ms
block 56/80 - 166/240  17583.1 ms
block 57/80 - 169/240  17582.4 ms
block 58/80 - 172/240  17642.2 ms
block 59/80 - 175/240  17582.1 ms
block 60/80 - 178/240  17581.8 ms
block 61/80 - 181/240  17582.1 ms
block 62/80 - 184/240  17584.1 ms
block 63/80 - 187/240  17586.2 ms
block 64/80 - 190/240  17585.1 ms
block 65/80 - 193/240  17582.7 ms
block 66/80 - 196/240  17671.8 ms
block 67/80 - 199/240  17587.0 ms
block 68/80 - 202/240  17584.4 ms
block 69/80 - 205/240  17671.4 ms
block 70/80 - 208/240  17672.1 ms
block 71/80 - 211/240  17585.2 ms
block 72/80 - 214/240  17582.4 ms
block 73/80 - 217/240  17582.2 ms
block 74/80 - 220/240  17582.5 ms
block 75/80 - 223/240  17585.2 ms
block 76/80 - 226/240  17670.1 ms
block 77/80 - 229/240  17584.8 ms
block 78/80 - 232/240  17581.8 ms
block 79/80 - 235/240  17581.4 ms
block 80/80 - 238/240  17582.2 ms
[59/64] elapsed=119.4m  avg=121.4s/prompt  eta=10.1m
