Running on a single GPU (cuda); skipping NCCL initialization.
Free VRAM 93.9398193359375 GB
Loading CUDA extension (first run compiles ~60s; cached run ~3s)...
CUDA extension ready in 125.0s.
[CacheCompatibilityPolicy] recent=20:360 coverage=21:0 episode=22:0 coverage_policy=reservoir budget=9FFE read_budget=9FFE owner=HeadComposition
KV inference with 3 frames per block
Number of prompts: 64
Prompt index range: [0, 64)
Loading PyramidKV config from /apdcephfs_gy2/share_303214315/cedricnie/develop/training-free/runs/v181_rccp_long_stress/inputs/maps/all_recent.csv
block 1/80 - 1/240  134745.0 ms
block 2/80 - 4/240  16780.6 ms
block 3/80 - 7/240  17628.7 ms
block 4/80 - 10/240  17638.6 ms
block 5/80 - 13/240  17639.5 ms
block 6/80 - 16/240  17639.7 ms
block 7/80 - 19/240  17642.0 ms
block 8/80 - 22/240  17640.7 ms
block 9/80 - 25/240  17638.3 ms
block 10/80 - 28/240  17640.5 ms
block 11/80 - 31/240  17640.1 ms
block 12/80 - 34/240  17637.5 ms
block 13/80 - 37/240  17638.1 ms
block 14/80 - 40/240  17638.2 ms
block 15/80 - 43/240  17640.3 ms
block 16/80 - 46/240  17637.7 ms
block 17/80 - 49/240  17637.1 ms
block 18/80 - 52/240  17636.9 ms
block 19/80 - 55/240  17637.2 ms
block 20/80 - 58/240  17637.4 ms
block 21/80 - 61/240  17639.8 ms
block 22/80 - 64/240  17641.2 ms
block 23/80 - 67/240  17638.2 ms
block 24/80 - 70/240  17639.9 ms
block 25/80 - 73/240  17637.8 ms
block 26/80 - 76/240  17637.4 ms
block 27/80 - 79/240  17637.4 ms
block 28/80 - 82/240  17637.4 ms
block 29/80 - 85/240  17638.5 ms
block 30/80 - 88/240  17638.8 ms
block 31/80 - 91/240  17637.0 ms
block 32/80 - 94/240  17636.8 ms
block 33/80 - 97/240  17640.1 ms
block 34/80 - 100/240  17636.2 ms
block 35/80 - 103/240  17640.9 ms
block 36/80 - 106/240  17635.8 ms
block 37/80 - 109/240  17636.5 ms
block 38/80 - 112/240  17637.3 ms
block 39/80 - 115/240  17637.8 ms
block 40/80 - 118/240  17636.9 ms
block 41/80 - 121/240  17637.3 ms
block 42/80 - 124/240  17640.2 ms
block 43/80 - 127/240  17639.4 ms
block 44/80 - 130/240  17638.2 ms
block 45/80 - 133/240  17637.9 ms
block 46/80 - 136/240  17638.3 ms
block 47/80 - 139/240  17636.7 ms
block 48/80 - 142/240  17637.3 ms
block 49/80 - 145/240  17637.8 ms
block 50/80 - 148/240  17638.0 ms
block 51/80 - 151/240  17640.7 ms
block 52/80 - 154/240  17638.2 ms
block 53/80 - 157/240  17641.5 ms
block 54/80 - 160/240  17640.1 ms
block 55/80 - 163/240  17638.0 ms
block 56/80 - 166/240  17640.7 ms
block 57/80 - 169/240  17636.9 ms
block 58/80 - 172/240  17637.7 ms
block 59/80 - 175/240  17640.8 ms
block 60/80 - 178/240  17637.2 ms
block 61/80 - 181/240  17636.6 ms
block 62/80 - 184/240  17641.9 ms
block 63/80 - 187/240  17640.8 ms
block 64/80 - 190/240  17640.5 ms
block 65/80 - 193/240  17638.1 ms
block 66/80 - 196/240  17639.7 ms
block 67/80 - 199/240  17638.0 ms
block 68/80 - 202/240  17637.9 ms
block 69/80 - 205/240  17638.8 ms
block 70/80 - 208/240  17640.6 ms
block 71/80 - 211/240  17636.9 ms
block 72/80 - 214/240  17638.1 ms
block 73/80 - 217/240  17640.5 ms
block 74/80 - 220/240  17637.4 ms
block 75/80 - 223/240  17637.8 ms
block 76/80 - 226/240  17637.3 ms
block 77/80 - 229/240  17638.1 ms
block 78/80 - 232/240  17638.4 ms
block 79/80 - 235/240  17640.4 ms
block 80/80 - 238/240  17640.1 ms
/apdcephfs_gy2/share_303214315/cedricnie/miniconda3/envs/longlive/lib/python3.10/site-packages/torchvision/io/_video_deprecation_warning.py:9: UserWarning: The video decoding and encoding capabilities of torchvision are deprecated from version 0.22 and will be removed in version 0.24. We recommend that you migrate to TorchCodec, where we'll consolidate the future decoding/encoding capabilities of PyTorch: https://github.com/pytorch/torchcodec
  warnings.warn(
[1/64] elapsed=25.5m  avg=1532.2s/prompt  eta=1608.8m
block 1/80 - 1/240  17029.2 ms
block 2/80 - 4/240  17090.4 ms
block 3/80 - 7/240  17635.9 ms
block 4/80 - 10/240  17637.6 ms
block 5/80 - 13/240  17639.9 ms
block 6/80 - 16/240  17640.6 ms
block 7/80 - 19/240  17637.6 ms
block 8/80 - 22/240  17639.1 ms
block 9/80 - 25/240  17640.0 ms
block 10/80 - 28/240  17638.0 ms
block 11/80 - 31/240  17639.4 ms
block 12/80 - 34/240  17703.8 ms
block 13/80 - 37/240  17640.3 ms
block 14/80 - 40/240  17641.4 ms
block 15/80 - 43/240  17638.9 ms
block 16/80 - 46/240  17638.2 ms
block 17/80 - 49/240  17640.7 ms
block 18/80 - 52/240  17638.3 ms
block 19/80 - 55/240  17639.7 ms
block 20/80 - 58/240  17642.1 ms
block 21/80 - 61/240  17641.7 ms
block 22/80 - 64/240  17639.6 ms
block 23/80 - 67/240  17638.8 ms
block 24/80 - 70/240  17642.3 ms
block 25/80 - 73/240  17641.7 ms
block 26/80 - 76/240  17641.4 ms
block 27/80 - 79/240  17638.4 ms
block 28/80 - 82/240  17639.3 ms
block 29/80 - 85/240  17641.9 ms
block 30/80 - 88/240  17642.7 ms
block 31/80 - 91/240  17638.4 ms
block 32/80 - 94/240  17638.0 ms
block 33/80 - 97/240  17638.8 ms
block 34/80 - 100/240  17638.1 ms
block 35/80 - 103/240  17637.6 ms
block 36/80 - 106/240  17637.6 ms
block 37/80 - 109/240  17636.5 ms
block 38/80 - 112/240  17637.3 ms
block 39/80 - 115/240  17636.6 ms
block 40/80 - 118/240  17637.6 ms
block 41/80 - 121/240  17637.2 ms
block 42/80 - 124/240  17638.7 ms
block 43/80 - 127/240  17638.9 ms
block 44/80 - 130/240  17637.4 ms
block 45/80 - 133/240  17640.6 ms
block 46/80 - 136/240  17636.9 ms
block 47/80 - 139/240  17637.4 ms
block 48/80 - 142/240  17638.1 ms
block 49/80 - 145/240  17637.8 ms
block 50/80 - 148/240  17638.0 ms
block 51/80 - 151/240  17638.3 ms
block 52/80 - 154/240  17638.2 ms
block 53/80 - 157/240  17641.1 ms
block 54/80 - 160/240  17638.3 ms
block 55/80 - 163/240  17638.5 ms
block 56/80 - 166/240  17728.5 ms
block 57/80 - 169/240  17638.0 ms
block 58/80 - 172/240  17640.4 ms
block 59/80 - 175/240  17641.2 ms
block 60/80 - 178/240  17637.4 ms
block 61/80 - 181/240  17638.2 ms
block 62/80 - 184/240  17638.2 ms
block 63/80 - 187/240  17641.7 ms
block 64/80 - 190/240  17641.2 ms
block 65/80 - 193/240  17639.3 ms
block 66/80 - 196/240  17659.7 ms
block 67/80 - 199/240  17711.6 ms
block 68/80 - 202/240  17638.6 ms
block 69/80 - 205/240  17641.9 ms
block 70/80 - 208/240  17638.2 ms
block 71/80 - 211/240  17641.1 ms
block 72/80 - 214/240  17638.7 ms
block 73/80 - 217/240  17641.9 ms
block 74/80 - 220/240  17642.4 ms
block 75/80 - 223/240  17641.1 ms
block 76/80 - 226/240  17639.4 ms
block 77/80 - 229/240  17641.2 ms
block 78/80 - 232/240  17720.8 ms
block 79/80 - 235/240  17641.9 ms
block 80/80 - 238/240  17640.8 ms
[9/64] elapsed=49.1m  avg=327.4s/prompt  eta=300.1m
[skip] prompt 16 already has output, skipping
block 1/80 - 1/240  16924.2 ms
block 2/80 - 4/240  17088.9 ms
block 3/80 - 7/240  17638.9 ms
block 4/80 - 10/240  17640.5 ms
block 5/80 - 13/240  17638.5 ms
block 6/80 - 16/240  17637.9 ms
block 7/80 - 19/240  17641.0 ms
block 8/80 - 22/240  17641.1 ms
block 9/80 - 25/240  17638.4 ms
block 10/80 - 28/240  17641.3 ms
block 11/80 - 31/240  17638.9 ms
block 12/80 - 34/240  17638.1 ms
block 13/80 - 37/240  17640.4 ms
block 14/80 - 40/240  17638.6 ms
block 15/80 - 43/240  17639.9 ms
block 16/80 - 46/240  17638.1 ms
block 17/80 - 49/240  17642.5 ms
block 18/80 - 52/240  17641.7 ms
block 19/80 - 55/240  17637.0 ms
block 20/80 - 58/240  17638.8 ms
block 21/80 - 61/240  17641.3 ms
block 22/80 - 64/240  17638.3 ms
block 23/80 - 67/240  17640.5 ms
block 24/80 - 70/240  17640.4 ms
block 25/80 - 73/240  17638.4 ms
block 26/80 - 76/240  17639.1 ms
block 27/80 - 79/240  17641.6 ms
block 28/80 - 82/240  17640.4 ms
block 29/80 - 85/240  17637.8 ms
block 30/80 - 88/240  17641.0 ms
block 31/80 - 91/240  17638.1 ms
block 32/80 - 94/240  17640.7 ms
block 33/80 - 97/240  17638.5 ms
block 34/80 - 100/240  17638.6 ms
block 35/80 - 103/240  17638.5 ms
block 36/80 - 106/240  17641.4 ms
block 37/80 - 109/240  17638.7 ms
block 38/80 - 112/240  17641.1 ms
block 39/80 - 115/240  17641.9 ms
block 40/80 - 118/240  17637.7 ms
block 41/80 - 121/240  17639.0 ms
block 42/80 - 124/240  17639.2 ms
block 43/80 - 127/240  17639.2 ms
block 44/80 - 130/240  17638.7 ms
block 45/80 - 133/240  17642.7 ms
block 46/80 - 136/240  17661.9 ms
block 47/80 - 139/240  17707.1 ms
block 48/80 - 142/240  17637.2 ms
block 49/80 - 145/240  17638.6 ms
block 50/80 - 148/240  17640.5 ms
block 51/80 - 151/240  17704.2 ms
block 52/80 - 154/240  17640.0 ms
block 53/80 - 157/240  17638.2 ms
block 54/80 - 160/240  17640.7 ms
block 55/80 - 163/240  17718.5 ms
block 56/80 - 166/240  17691.7 ms
block 57/80 - 169/240  17715.3 ms
block 58/80 - 172/240  17690.4 ms
block 59/80 - 175/240  17712.8 ms
block 60/80 - 178/240  17687.9 ms
block 61/80 - 181/240  17714.1 ms
block 62/80 - 184/240  17688.4 ms
block 63/80 - 187/240  17639.7 ms
block 64/80 - 190/240  17637.6 ms
block 65/80 - 193/240  17638.0 ms
block 66/80 - 196/240  17637.5 ms
block 67/80 - 199/240  17642.4 ms
block 68/80 - 202/240  17641.0 ms
block 69/80 - 205/240  17640.1 ms
block 70/80 - 208/240  17641.4 ms
block 71/80 - 211/240  17642.1 ms
block 72/80 - 214/240  17640.6 ms
block 73/80 - 217/240  17639.0 ms
block 74/80 - 220/240  17641.7 ms
block 75/80 - 223/240  17638.8 ms
block 76/80 - 226/240  17643.0 ms
block 77/80 - 229/240  17638.3 ms
block 78/80 - 232/240  17667.0 ms
block 79/80 - 235/240  17666.3 ms
block 80/80 - 238/240  17579.4 ms
[25/64] elapsed=72.7m  avg=174.4s/prompt  eta=113.4m
[skip] prompt 32 already has output, skipping
block 1/80 - 1/240  16853.9 ms
block 2/80 - 4/240  17004.6 ms
block 3/80 - 7/240  17576.0 ms
block 4/80 - 10/240  17663.4 ms
block 5/80 - 13/240  17662.6 ms
block 6/80 - 16/240  17663.1 ms
block 7/80 - 19/240  17666.1 ms
block 8/80 - 22/240  17662.1 ms
block 9/80 - 25/240  17662.4 ms
block 10/80 - 28/240  17662.9 ms
block 11/80 - 31/240  17662.7 ms
block 12/80 - 34/240  17665.6 ms
block 13/80 - 37/240  17662.8 ms
block 14/80 - 40/240  17661.6 ms
block 15/80 - 43/240  17663.2 ms
block 16/80 - 46/240  17665.6 ms
block 17/80 - 49/240  17662.7 ms
block 18/80 - 52/240  17662.4 ms
block 19/80 - 55/240  17662.5 ms
block 20/80 - 58/240  17663.0 ms
block 21/80 - 61/240  17664.2 ms
block 22/80 - 64/240  17664.0 ms
block 23/80 - 67/240  17667.0 ms
block 24/80 - 70/240  17663.2 ms
block 25/80 - 73/240  17663.7 ms
block 26/80 - 76/240  17579.7 ms
block 27/80 - 79/240  17663.6 ms
block 28/80 - 82/240  17663.3 ms
block 29/80 - 85/240  17663.4 ms
block 30/80 - 88/240  17666.1 ms
block 31/80 - 91/240  17663.9 ms
block 32/80 - 94/240  17663.2 ms
block 33/80 - 97/240  17664.0 ms
block 34/80 - 100/240  17662.6 ms
block 35/80 - 103/240  17662.6 ms
block 36/80 - 106/240  17663.7 ms
block 37/80 - 109/240  17662.5 ms
block 38/80 - 112/240  17664.4 ms
block 39/80 - 115/240  17667.4 ms
block 40/80 - 118/240  17667.6 ms
block 41/80 - 121/240  17668.6 ms
block 42/80 - 124/240  17666.7 ms
block 43/80 - 127/240  17666.0 ms
block 44/80 - 130/240  17665.1 ms
block 45/80 - 133/240  17667.6 ms
block 46/80 - 136/240  17668.7 ms
block 47/80 - 139/240  17665.3 ms
block 48/80 - 142/240  17669.3 ms
block 49/80 - 145/240  17668.6 ms
block 50/80 - 148/240  17662.1 ms
block 51/80 - 151/240  17649.3 ms
block 52/80 - 154/240  17663.3 ms
block 53/80 - 157/240  17666.7 ms
block 54/80 - 160/240  17664.4 ms
block 55/80 - 163/240  17663.1 ms
block 56/80 - 166/240  17666.2 ms
block 57/80 - 169/240  17661.7 ms
block 58/80 - 172/240  17664.7 ms
block 59/80 - 175/240  17662.1 ms
block 60/80 - 178/240  17662.8 ms
block 61/80 - 181/240  17666.1 ms
block 62/80 - 184/240  17666.3 ms
block 63/80 - 187/240  17666.1 ms
block 64/80 - 190/240  17666.2 ms
block 65/80 - 193/240  17665.9 ms
block 66/80 - 196/240  17664.2 ms
block 67/80 - 199/240  17665.2 ms
block 68/80 - 202/240  17662.7 ms
block 69/80 - 205/240  17662.7 ms
block 70/80 - 208/240  17665.5 ms
block 71/80 - 211/240  17663.0 ms
block 72/80 - 214/240  17665.6 ms
block 73/80 - 217/240  17662.5 ms
block 74/80 - 220/240  17662.4 ms
block 75/80 - 223/240  17662.5 ms
block 76/80 - 226/240  17578.3 ms
block 77/80 - 229/240  17662.9 ms
block 78/80 - 232/240  17654.9 ms
block 79/80 - 235/240  17664.2 ms
block 80/80 - 238/240  17665.7 ms
[41/64] elapsed=96.2m  avg=140.8s/prompt  eta=54.0m
[skip] prompt 48 already has output, skipping
block 1/80 - 1/240  16981.8 ms
block 2/80 - 4/240  17011.9 ms
block 3/80 - 7/240  17576.1 ms
block 4/80 - 10/240  17665.4 ms
block 5/80 - 13/240  17663.3 ms
block 6/80 - 16/240  17662.4 ms
block 7/80 - 19/240  17663.2 ms
block 8/80 - 22/240  17665.5 ms
block 9/80 - 25/240  17665.5 ms
block 10/80 - 28/240  17578.5 ms
block 11/80 - 31/240  17663.2 ms
block 12/80 - 34/240  17662.7 ms
block 13/80 - 37/240  17663.4 ms
block 14/80 - 40/240  17662.4 ms
block 15/80 - 43/240  17666.2 ms
block 16/80 - 46/240  17665.7 ms
block 17/80 - 49/240  17666.3 ms
block 18/80 - 52/240  17663.7 ms
block 19/80 - 55/240  17579.4 ms
block 20/80 - 58/240  17663.7 ms
block 21/80 - 61/240  17662.5 ms
block 22/80 - 64/240  17665.8 ms
block 23/80 - 67/240  17666.5 ms
block 24/80 - 70/240  17666.1 ms
block 25/80 - 73/240  17578.6 ms
block 26/80 - 76/240  17662.7 ms
block 27/80 - 79/240  17665.3 ms
block 28/80 - 82/240  17666.2 ms
block 29/80 - 85/240  17665.7 ms
block 30/80 - 88/240  17662.9 ms
block 31/80 - 91/240  17662.9 ms
block 32/80 - 94/240  17577.8 ms
block 33/80 - 97/240  17663.2 ms
block 34/80 - 100/240  17663.9 ms
block 35/80 - 103/240  17666.6 ms
block 36/80 - 106/240  17665.0 ms
block 37/80 - 109/240  17578.3 ms
block 38/80 - 112/240  17662.2 ms
block 39/80 - 115/240  17666.6 ms
block 40/80 - 118/240  17666.7 ms
block 41/80 - 121/240  17667.2 ms
block 42/80 - 124/240  17665.3 ms
block 43/80 - 127/240  17664.6 ms
block 44/80 - 130/240  17666.5 ms
block 45/80 - 133/240  17667.1 ms
block 46/80 - 136/240  17663.0 ms
block 47/80 - 139/240  17665.5 ms
block 48/80 - 142/240  17665.7 ms
block 49/80 - 145/240  17662.7 ms
block 50/80 - 148/240  17665.8 ms
block 51/80 - 151/240  17666.5 ms
block 52/80 - 154/240  17662.7 ms
block 53/80 - 157/240  17666.3 ms
block 54/80 - 160/240  17663.0 ms
block 55/80 - 163/240  17663.5 ms
block 56/80 - 166/240  17665.7 ms
block 57/80 - 169/240  17666.7 ms
block 58/80 - 172/240  17667.3 ms
block 59/80 - 175/240  17637.5 ms
block 60/80 - 178/240  17666.1 ms
block 61/80 - 181/240  17663.8 ms
block 62/80 - 184/240  17666.2 ms
block 63/80 - 187/240  17665.1 ms
block 64/80 - 190/240  17665.8 ms
block 65/80 - 193/240  17665.2 ms
block 66/80 - 196/240  17666.7 ms
block 67/80 - 199/240  17666.9 ms
block 68/80 - 202/240  17667.9 ms
block 69/80 - 205/240  17664.7 ms
block 70/80 - 208/240  17667.9 ms
block 71/80 - 211/240  17667.7 ms
block 72/80 - 214/240  17665.2 ms
block 73/80 - 217/240  17663.0 ms
block 74/80 - 220/240  17664.9 ms
block 75/80 - 223/240  17666.5 ms
block 76/80 - 226/240  17657.0 ms
block 77/80 - 229/240  17579.7 ms
block 78/80 - 232/240  17668.2 ms
block 79/80 - 235/240  17667.6 ms
block 80/80 - 238/240  17651.7 ms
[57/64] elapsed=119.8m  avg=126.1s/prompt  eta=14.7m
