Running on a single GPU (cuda); skipping NCCL initialization.
Free VRAM 93.9398193359375 GB
Loading CUDA extension (first run compiles ~60s; cached run ~3s)...
CUDA extension ready in 125.0s.
[CacheCompatibilityPolicy] recent=20:360 coverage=21:0 episode=22:0 coverage_policy=reservoir budget=9FFE read_budget=9FFE owner=HeadComposition
KV inference with 3 frames per block
Number of prompts: 64
Prompt index range: [0, 64)
Loading PyramidKV config from /apdcephfs_gy2/share_303214315/cedricnie/develop/training-free/runs/v181_rccp_long_stress/inputs/maps/all_recent.csv
block 1/80 - 1/240  134688.9 ms
block 2/80 - 4/240  16807.3 ms
block 3/80 - 7/240  17545.8 ms
block 4/80 - 10/240  17633.2 ms
block 5/80 - 13/240  17634.5 ms
block 6/80 - 16/240  17633.8 ms
block 7/80 - 19/240  17633.7 ms
block 8/80 - 22/240  17636.2 ms
block 9/80 - 25/240  17634.0 ms
block 10/80 - 28/240  17633.6 ms
block 11/80 - 31/240  17634.4 ms
block 12/80 - 34/240  17633.3 ms
block 13/80 - 37/240  17550.5 ms
block 14/80 - 40/240  17633.4 ms
block 15/80 - 43/240  17633.5 ms
block 16/80 - 46/240  17547.7 ms
block 17/80 - 49/240  17632.6 ms
block 18/80 - 52/240  17632.8 ms
block 19/80 - 55/240  17634.2 ms
block 20/80 - 58/240  17634.6 ms
block 21/80 - 61/240  17633.1 ms
block 22/80 - 64/240  17634.4 ms
block 23/80 - 67/240  17633.8 ms
block 24/80 - 70/240  17632.3 ms
block 25/80 - 73/240  17632.9 ms
block 26/80 - 76/240  17633.2 ms
block 27/80 - 79/240  17633.7 ms
block 28/80 - 82/240  17633.5 ms
block 29/80 - 85/240  17634.2 ms
block 30/80 - 88/240  17633.8 ms
block 31/80 - 91/240  17633.8 ms
block 32/80 - 94/240  17632.9 ms
block 33/80 - 97/240  17549.7 ms
block 34/80 - 100/240  17547.9 ms
block 35/80 - 103/240  17632.5 ms
block 36/80 - 106/240  17631.8 ms
block 37/80 - 109/240  17633.3 ms
block 38/80 - 112/240  17633.5 ms
block 39/80 - 115/240  17632.4 ms
block 40/80 - 118/240  17633.7 ms
block 41/80 - 121/240  17632.7 ms
block 42/80 - 124/240  17633.2 ms
block 43/80 - 127/240  17635.2 ms
block 44/80 - 130/240  17635.9 ms
block 45/80 - 133/240  17632.9 ms
block 46/80 - 136/240  17633.1 ms
block 47/80 - 139/240  17633.2 ms
block 48/80 - 142/240  17634.0 ms
block 49/80 - 145/240  17632.6 ms
block 50/80 - 148/240  17636.2 ms
block 51/80 - 151/240  17633.8 ms
block 52/80 - 154/240  17633.6 ms
block 53/80 - 157/240  17636.4 ms
block 54/80 - 160/240  17632.3 ms
block 55/80 - 163/240  17548.4 ms
block 56/80 - 166/240  17547.2 ms
block 57/80 - 169/240  17633.9 ms
block 58/80 - 172/240  17633.7 ms
block 59/80 - 175/240  17633.5 ms
block 60/80 - 178/240  17632.5 ms
block 61/80 - 181/240  17633.0 ms
block 62/80 - 184/240  17633.3 ms
block 63/80 - 187/240  17633.7 ms
block 64/80 - 190/240  17633.0 ms
block 65/80 - 193/240  17633.5 ms
block 66/80 - 196/240  17633.2 ms
block 67/80 - 199/240  17633.6 ms
block 68/80 - 202/240  17633.1 ms
block 69/80 - 205/240  17614.9 ms
block 70/80 - 208/240  17633.8 ms
block 71/80 - 211/240  17634.0 ms
block 72/80 - 214/240  17633.0 ms
block 73/80 - 217/240  17633.3 ms
block 74/80 - 220/240  17633.3 ms
block 75/80 - 223/240  17633.0 ms
block 76/80 - 226/240  17618.7 ms
block 77/80 - 229/240  17633.7 ms
block 78/80 - 232/240  17632.9 ms
block 79/80 - 235/240  17633.6 ms
block 80/80 - 238/240  17632.9 ms
/apdcephfs_gy2/share_303214315/cedricnie/miniconda3/envs/longlive/lib/python3.10/site-packages/torchvision/io/_video_deprecation_warning.py:9: UserWarning: The video decoding and encoding capabilities of torchvision are deprecated from version 0.22 and will be removed in version 0.24. We recommend that you migrate to TorchCodec, where we'll consolidate the future decoding/encoding capabilities of PyTorch: https://github.com/pytorch/torchcodec
  warnings.warn(
[8/64] elapsed=25.5m  avg=191.5s/prompt  eta=178.7m
block 1/80 - 1/240  17087.2 ms
block 2/80 - 4/240  16995.5 ms
block 3/80 - 7/240  17546.3 ms
block 4/80 - 10/240  17636.1 ms
block 5/80 - 13/240  17633.1 ms
block 6/80 - 16/240  17634.1 ms
block 7/80 - 19/240  17633.4 ms
block 8/80 - 22/240  17548.0 ms
block 9/80 - 25/240  17634.1 ms
block 10/80 - 28/240  17633.6 ms
block 11/80 - 31/240  17618.7 ms
block 12/80 - 34/240  17608.3 ms
block 13/80 - 37/240  17634.0 ms
block 14/80 - 40/240  17633.1 ms
block 15/80 - 43/240  17548.5 ms
block 16/80 - 46/240  17637.3 ms
block 17/80 - 49/240  17633.8 ms
block 18/80 - 52/240  17634.2 ms
block 19/80 - 55/240  17633.9 ms
block 20/80 - 58/240  17633.3 ms
block 21/80 - 61/240  17633.3 ms
block 22/80 - 64/240  17634.0 ms
block 23/80 - 67/240  17633.5 ms
block 24/80 - 70/240  17613.4 ms
block 25/80 - 73/240  17634.1 ms
block 26/80 - 76/240  17634.4 ms
block 27/80 - 79/240  17634.2 ms
block 28/80 - 82/240  17635.0 ms
block 29/80 - 85/240  17633.3 ms
block 30/80 - 88/240  17633.9 ms
block 31/80 - 91/240  17549.5 ms
block 32/80 - 94/240  17633.9 ms
block 33/80 - 97/240  17634.1 ms
block 34/80 - 100/240  17633.1 ms
block 35/80 - 103/240  17633.4 ms
block 36/80 - 106/240  17652.8 ms
block 37/80 - 109/240  17618.1 ms
block 38/80 - 112/240  17634.1 ms
block 39/80 - 115/240  17633.5 ms
block 40/80 - 118/240  17633.7 ms
block 41/80 - 121/240  17634.4 ms
block 42/80 - 124/240  17549.3 ms
block 43/80 - 127/240  17634.2 ms
block 44/80 - 130/240  17634.6 ms
block 45/80 - 133/240  17633.2 ms
block 46/80 - 136/240  17634.1 ms
block 47/80 - 139/240  17634.5 ms
block 48/80 - 142/240  17634.5 ms
block 49/80 - 145/240  17635.3 ms
block 50/80 - 148/240  17550.2 ms
block 51/80 - 151/240  17634.7 ms
block 52/80 - 154/240  17634.0 ms
block 53/80 - 157/240  17634.2 ms
block 54/80 - 160/240  17634.5 ms
block 55/80 - 163/240  17548.7 ms
block 56/80 - 166/240  17633.9 ms
block 57/80 - 169/240  17633.3 ms
block 58/80 - 172/240  17548.7 ms
block 59/80 - 175/240  17633.3 ms
block 60/80 - 178/240  17634.8 ms
block 61/80 - 181/240  17634.1 ms
block 62/80 - 184/240  17548.9 ms
block 63/80 - 187/240  17633.6 ms
block 64/80 - 190/240  17550.1 ms
block 65/80 - 193/240  17633.8 ms
block 66/80 - 196/240  17636.8 ms
block 67/80 - 199/240  17547.5 ms
block 68/80 - 202/240  17548.9 ms
block 69/80 - 205/240  17633.8 ms
block 70/80 - 208/240  17635.7 ms
block 71/80 - 211/240  17634.6 ms
block 72/80 - 214/240  17634.3 ms
block 73/80 - 217/240  17633.9 ms
block 74/80 - 220/240  17634.8 ms
block 75/80 - 223/240  17633.8 ms
block 76/80 - 226/240  17634.0 ms
block 77/80 - 229/240  17633.6 ms
block 78/80 - 232/240  17633.8 ms
block 79/80 - 235/240  17615.0 ms
block 80/80 - 238/240  17590.9 ms
[16/64] elapsed=49.1m  avg=184.0s/prompt  eta=147.2m
[skip] prompt 23 already has output, skipping
block 1/80 - 1/240  16976.5 ms
block 2/80 - 4/240  16990.5 ms
block 3/80 - 7/240  17546.6 ms
block 4/80 - 10/240  17635.4 ms
block 5/80 - 13/240  17612.4 ms
block 6/80 - 16/240  17617.6 ms
block 7/80 - 19/240  17616.1 ms
block 8/80 - 22/240  17603.5 ms
block 9/80 - 25/240  17618.3 ms
block 10/80 - 28/240  17595.9 ms
block 11/80 - 31/240  17615.4 ms
block 12/80 - 34/240  17593.5 ms
block 13/80 - 37/240  17633.9 ms
block 14/80 - 40/240  17617.1 ms
block 15/80 - 43/240  17634.0 ms
block 16/80 - 46/240  17634.4 ms
block 17/80 - 49/240  17634.0 ms
block 18/80 - 52/240  17634.3 ms
block 19/80 - 55/240  17634.1 ms
block 20/80 - 58/240  17633.8 ms
block 21/80 - 61/240  17634.0 ms
block 22/80 - 64/240  17642.0 ms
block 23/80 - 67/240  17626.2 ms
block 24/80 - 70/240  17636.3 ms
block 25/80 - 73/240  17633.7 ms
block 26/80 - 76/240  17633.7 ms
block 27/80 - 79/240  17634.8 ms
block 28/80 - 82/240  17632.7 ms
block 29/80 - 85/240  17633.9 ms
block 30/80 - 88/240  17634.0 ms
block 31/80 - 91/240  17633.8 ms
block 32/80 - 94/240  17627.6 ms
block 33/80 - 97/240  17548.7 ms
block 34/80 - 100/240  17634.0 ms
block 35/80 - 103/240  17633.9 ms
block 36/80 - 106/240  17633.5 ms
block 37/80 - 109/240  17637.5 ms
block 38/80 - 112/240  17633.4 ms
block 39/80 - 115/240  17633.9 ms
block 40/80 - 118/240  17634.6 ms
block 41/80 - 121/240  17633.8 ms
block 42/80 - 124/240  17634.2 ms
block 43/80 - 127/240  17635.6 ms
block 44/80 - 130/240  17633.5 ms
block 45/80 - 133/240  17634.3 ms
block 46/80 - 136/240  17634.7 ms
block 47/80 - 139/240  17633.9 ms
block 48/80 - 142/240  17634.3 ms
block 49/80 - 145/240  17634.0 ms
block 50/80 - 148/240  17633.5 ms
block 51/80 - 151/240  17634.1 ms
block 52/80 - 154/240  17633.9 ms
block 53/80 - 157/240  17633.7 ms
block 54/80 - 160/240  17634.3 ms
block 55/80 - 163/240  17634.4 ms
block 56/80 - 166/240  17633.8 ms
block 57/80 - 169/240  17634.4 ms
block 58/80 - 172/240  17634.5 ms
block 59/80 - 175/240  17633.7 ms
block 60/80 - 178/240  17634.2 ms
block 61/80 - 181/240  17634.2 ms
block 62/80 - 184/240  17633.3 ms
block 63/80 - 187/240  17633.1 ms
block 64/80 - 190/240  17549.0 ms
block 65/80 - 193/240  17633.0 ms
block 66/80 - 196/240  17643.2 ms
block 67/80 - 199/240  17624.3 ms
block 68/80 - 202/240  17634.1 ms
block 69/80 - 205/240  17634.5 ms
block 70/80 - 208/240  17633.4 ms
block 71/80 - 211/240  17633.3 ms
block 72/80 - 214/240  17633.5 ms
block 73/80 - 217/240  17634.0 ms
block 74/80 - 220/240  17634.1 ms
block 75/80 - 223/240  17632.8 ms
block 76/80 - 226/240  17632.9 ms
block 77/80 - 229/240  17633.8 ms
block 78/80 - 232/240  17577.7 ms
block 79/80 - 235/240  17578.8 ms
block 80/80 - 238/240  17578.6 ms
[32/64] elapsed=72.6m  avg=136.2s/prompt  eta=72.6m
[skip] prompt 39 already has output, skipping
block 1/80 - 1/240  16920.1 ms
block 2/80 - 4/240  17024.1 ms
block 3/80 - 7/240  17487.1 ms
block 4/80 - 10/240  17576.5 ms
block 5/80 - 13/240  17578.2 ms
block 6/80 - 16/240  17578.0 ms
block 7/80 - 19/240  17578.8 ms
block 8/80 - 22/240  17577.6 ms
block 9/80 - 25/240  17578.0 ms
block 10/80 - 28/240  17577.6 ms
block 11/80 - 31/240  17578.1 ms
block 12/80 - 34/240  17578.3 ms
block 13/80 - 37/240  17577.9 ms
block 14/80 - 40/240  17577.9 ms
block 15/80 - 43/240  17578.4 ms
block 16/80 - 46/240  17578.1 ms
block 17/80 - 49/240  17578.4 ms
block 18/80 - 52/240  17578.3 ms
block 19/80 - 55/240  17577.0 ms
block 20/80 - 58/240  17577.6 ms
block 21/80 - 61/240  17576.3 ms
block 22/80 - 64/240  17577.9 ms
block 23/80 - 67/240  17578.3 ms
block 24/80 - 70/240  17577.3 ms
block 25/80 - 73/240  17577.2 ms
block 26/80 - 76/240  17577.6 ms
block 27/80 - 79/240  17576.8 ms
block 28/80 - 82/240  17578.5 ms
block 29/80 - 85/240  17578.0 ms
block 30/80 - 88/240  17577.9 ms
block 31/80 - 91/240  17578.2 ms
block 32/80 - 94/240  17578.3 ms
block 33/80 - 97/240  17577.2 ms
block 34/80 - 100/240  17661.6 ms
block 35/80 - 103/240  17577.1 ms
block 36/80 - 106/240  17578.0 ms
block 37/80 - 109/240  17577.2 ms
block 38/80 - 112/240  17577.5 ms
block 39/80 - 115/240  17577.6 ms
block 40/80 - 118/240  17577.4 ms
block 41/80 - 121/240  17577.7 ms
block 42/80 - 124/240  17577.5 ms
block 43/80 - 127/240  17577.4 ms
block 44/80 - 130/240  17577.4 ms
block 45/80 - 133/240  17577.2 ms
block 46/80 - 136/240  17577.9 ms
block 47/80 - 139/240  17576.3 ms
block 48/80 - 142/240  17576.7 ms
block 49/80 - 145/240  17576.9 ms
block 50/80 - 148/240  17577.8 ms
block 51/80 - 151/240  17577.9 ms
block 52/80 - 154/240  17578.4 ms
block 53/80 - 157/240  17577.2 ms
block 54/80 - 160/240  17577.8 ms
block 55/80 - 163/240  17576.3 ms
block 56/80 - 166/240  17577.9 ms
block 57/80 - 169/240  17577.5 ms
block 58/80 - 172/240  17577.3 ms
block 59/80 - 175/240  17578.0 ms
block 60/80 - 178/240  17578.5 ms
block 61/80 - 181/240  17578.0 ms
block 62/80 - 184/240  17578.7 ms
block 63/80 - 187/240  17577.7 ms
block 64/80 - 190/240  17578.0 ms
block 65/80 - 193/240  17577.6 ms
block 66/80 - 196/240  17577.9 ms
block 67/80 - 199/240  17577.9 ms
block 68/80 - 202/240  17578.7 ms
block 69/80 - 205/240  17578.2 ms
block 70/80 - 208/240  17578.0 ms
block 71/80 - 211/240  17577.5 ms
block 72/80 - 214/240  17577.9 ms
block 73/80 - 217/240  17576.2 ms
block 74/80 - 220/240  17578.2 ms
block 75/80 - 223/240  17578.1 ms
block 76/80 - 226/240  17578.5 ms
block 77/80 - 229/240  17578.7 ms
block 78/80 - 232/240  17578.2 ms
block 79/80 - 235/240  17578.3 ms
block 80/80 - 238/240  17578.5 ms
[48/64] elapsed=96.1m  avg=120.1s/prompt  eta=32.0m
[skip] prompt 55 already has output, skipping
block 1/80 - 1/240  17012.8 ms
block 2/80 - 4/240  16938.3 ms
block 3/80 - 7/240  17576.5 ms
block 4/80 - 10/240  17575.3 ms
block 5/80 - 13/240  17579.1 ms
block 6/80 - 16/240  17578.4 ms
block 7/80 - 19/240  17577.5 ms
block 8/80 - 22/240  17577.7 ms
block 9/80 - 25/240  17578.4 ms
block 10/80 - 28/240  17577.4 ms
block 11/80 - 31/240  17577.9 ms
block 12/80 - 34/240  17577.4 ms
block 13/80 - 37/240  17578.1 ms
block 14/80 - 40/240  17578.3 ms
block 15/80 - 43/240  17576.0 ms
block 16/80 - 46/240  17577.9 ms
block 17/80 - 49/240  17578.1 ms
block 18/80 - 52/240  17577.7 ms
block 19/80 - 55/240  17577.6 ms
block 20/80 - 58/240  17578.1 ms
block 21/80 - 61/240  17578.8 ms
block 22/80 - 64/240  17580.3 ms
block 23/80 - 67/240  17575.7 ms
block 24/80 - 70/240  17578.5 ms
block 25/80 - 73/240  17578.1 ms
block 26/80 - 76/240  17577.9 ms
block 27/80 - 79/240  17577.9 ms
block 28/80 - 82/240  17578.2 ms
block 29/80 - 85/240  17578.7 ms
block 30/80 - 88/240  17579.1 ms
block 31/80 - 91/240  17578.8 ms
block 32/80 - 94/240  17578.0 ms
block 33/80 - 97/240  17578.6 ms
block 34/80 - 100/240  17577.4 ms
block 35/80 - 103/240  17578.5 ms
block 36/80 - 106/240  17578.6 ms
block 37/80 - 109/240  17579.0 ms
block 38/80 - 112/240  17579.8 ms
block 39/80 - 115/240  17577.7 ms
block 40/80 - 118/240  17578.5 ms
block 41/80 - 121/240  17578.5 ms
block 42/80 - 124/240  17578.1 ms
block 43/80 - 127/240  17578.5 ms
block 44/80 - 130/240  17579.1 ms
block 45/80 - 133/240  17579.4 ms
block 46/80 - 136/240  17589.9 ms
block 47/80 - 139/240  17627.5 ms
block 48/80 - 142/240  17577.4 ms
block 49/80 - 145/240  17578.4 ms
block 50/80 - 148/240  17577.5 ms
block 51/80 - 151/240  17578.5 ms
block 52/80 - 154/240  17578.5 ms
block 53/80 - 157/240  17579.2 ms
block 54/80 - 160/240  17578.2 ms
block 55/80 - 163/240  17577.5 ms
block 56/80 - 166/240  17577.2 ms
block 57/80 - 169/240  17578.9 ms
block 58/80 - 172/240  17577.9 ms
block 59/80 - 175/240  17578.5 ms
block 60/80 - 178/240  17577.9 ms
block 61/80 - 181/240  17579.5 ms
block 62/80 - 184/240  17578.8 ms
block 63/80 - 187/240  17577.8 ms
block 64/80 - 190/240  17579.1 ms
block 65/80 - 193/240  17578.3 ms
block 66/80 - 196/240  17578.7 ms
block 67/80 - 199/240  17578.7 ms
block 68/80 - 202/240  17577.7 ms
block 69/80 - 205/240  17578.5 ms
block 70/80 - 208/240  17581.2 ms
block 71/80 - 211/240  17578.7 ms
block 72/80 - 214/240  17579.4 ms
block 73/80 - 217/240  17578.7 ms
block 74/80 - 220/240  17577.5 ms
block 75/80 - 223/240  17578.0 ms
block 76/80 - 226/240  17578.8 ms
block 77/80 - 229/240  17579.1 ms
block 78/80 - 232/240  17577.9 ms
block 79/80 - 235/240  17577.6 ms
block 80/80 - 238/240  17578.6 ms
[64/64] elapsed=119.5m  avg=112.0s/prompt  eta=0.0m
