Running on a single GPU (cuda); skipping NCCL initialization.
Free VRAM 93.9398193359375 GB
Loading CUDA extension (first run compiles ~60s; cached run ~3s)...
CUDA extension ready in 125.1s.
[CacheCompatibilityPolicy] recent=20:360 coverage=21:0 episode=22:0 coverage_policy=reservoir budget=9FFE read_budget=9FFE owner=HeadComposition
KV inference with 3 frames per block
Number of prompts: 64
Prompt index range: [0, 64)
Loading PyramidKV config from /apdcephfs_gy2/share_303214315/cedricnie/develop/training-free/runs/v181_rccp_long_stress/inputs/maps/all_recent.csv
block 1/80 - 1/240  135298.6 ms
block 2/80 - 4/240  16747.8 ms
block 3/80 - 7/240  17631.6 ms
block 4/80 - 10/240  17631.1 ms
block 5/80 - 13/240  17631.6 ms
block 6/80 - 16/240  17630.5 ms
block 7/80 - 19/240  17631.2 ms
block 8/80 - 22/240  17630.5 ms
block 9/80 - 25/240  17631.5 ms
block 10/80 - 28/240  17631.8 ms
block 11/80 - 31/240  17631.3 ms
block 12/80 - 34/240  17630.8 ms
block 13/80 - 37/240  17631.8 ms
block 14/80 - 40/240  17631.5 ms
block 15/80 - 43/240  17630.8 ms
block 16/80 - 46/240  17631.8 ms
block 17/80 - 49/240  17631.2 ms
block 18/80 - 52/240  17631.1 ms
block 19/80 - 55/240  17564.7 ms
block 20/80 - 58/240  17631.3 ms
block 21/80 - 61/240  17630.1 ms
block 22/80 - 64/240  17631.3 ms
block 23/80 - 67/240  17630.5 ms
block 24/80 - 70/240  17631.4 ms
block 25/80 - 73/240  17632.1 ms
block 26/80 - 76/240  17632.0 ms
block 27/80 - 79/240  17630.3 ms
block 28/80 - 82/240  17630.6 ms
block 29/80 - 85/240  17631.9 ms
block 30/80 - 88/240  17630.7 ms
block 31/80 - 91/240  17630.6 ms
block 32/80 - 94/240  17631.5 ms
block 33/80 - 97/240  17630.8 ms
block 34/80 - 100/240  17630.8 ms
block 35/80 - 103/240  17630.8 ms
block 36/80 - 106/240  17630.4 ms
block 37/80 - 109/240  17631.3 ms
block 38/80 - 112/240  17630.5 ms
block 39/80 - 115/240  17631.2 ms
block 40/80 - 118/240  17631.7 ms
block 41/80 - 121/240  17631.1 ms
block 42/80 - 124/240  17630.2 ms
block 43/80 - 127/240  17631.2 ms
block 44/80 - 130/240  17632.0 ms
block 45/80 - 133/240  17631.3 ms
block 46/80 - 136/240  17630.8 ms
block 47/80 - 139/240  17631.4 ms
block 48/80 - 142/240  17619.6 ms
block 49/80 - 145/240  17689.9 ms
block 50/80 - 148/240  17631.0 ms
block 51/80 - 151/240  17631.1 ms
block 52/80 - 154/240  17630.7 ms
block 53/80 - 157/240  17634.1 ms
block 54/80 - 160/240  17630.1 ms
block 55/80 - 163/240  17630.0 ms
block 56/80 - 166/240  17631.3 ms
block 57/80 - 169/240  17631.7 ms
block 58/80 - 172/240  17631.3 ms
block 59/80 - 175/240  17631.1 ms
block 60/80 - 178/240  17630.6 ms
block 61/80 - 181/240  17630.4 ms
block 62/80 - 184/240  17630.9 ms
block 63/80 - 187/240  17630.9 ms
block 64/80 - 190/240  17631.1 ms
block 65/80 - 193/240  17631.7 ms
block 66/80 - 196/240  17631.8 ms
block 67/80 - 199/240  17631.7 ms
block 68/80 - 202/240  17630.8 ms
block 69/80 - 205/240  17632.4 ms
block 70/80 - 208/240  17631.2 ms
block 71/80 - 211/240  17630.7 ms
block 72/80 - 214/240  17631.0 ms
block 73/80 - 217/240  17630.4 ms
block 74/80 - 220/240  17633.6 ms
block 75/80 - 223/240  17630.8 ms
block 76/80 - 226/240  17631.3 ms
block 77/80 - 229/240  17631.2 ms
block 78/80 - 232/240  17631.0 ms
block 79/80 - 235/240  17632.5 ms
block 80/80 - 238/240  17630.8 ms
/apdcephfs_gy2/share_303214315/cedricnie/miniconda3/envs/longlive/lib/python3.10/site-packages/torchvision/io/_video_deprecation_warning.py:9: UserWarning: The video decoding and encoding capabilities of torchvision are deprecated from version 0.22 and will be removed in version 0.24. We recommend that you migrate to TorchCodec, where we'll consolidate the future decoding/encoding capabilities of PyTorch: https://github.com/pytorch/torchcodec
  warnings.warn(
[6/64] elapsed=25.5m  avg=255.4s/prompt  eta=246.9m
block 1/80 - 1/240  17213.7 ms
block 2/80 - 4/240  16992.7 ms
block 3/80 - 7/240  17631.3 ms
block 4/80 - 10/240  17631.2 ms
block 5/80 - 13/240  17631.8 ms
block 6/80 - 16/240  17633.8 ms
block 7/80 - 19/240  17630.7 ms
block 8/80 - 22/240  17631.8 ms
block 9/80 - 25/240  17633.7 ms
block 10/80 - 28/240  17631.0 ms
block 11/80 - 31/240  17630.8 ms
block 12/80 - 34/240  17606.5 ms
block 13/80 - 37/240  17631.8 ms
block 14/80 - 40/240  17630.6 ms
block 15/80 - 43/240  17632.2 ms
block 16/80 - 46/240  17630.5 ms
block 17/80 - 49/240  17632.4 ms
block 18/80 - 52/240  17631.9 ms
block 19/80 - 55/240  17631.0 ms
block 20/80 - 58/240  17632.0 ms
block 21/80 - 61/240  17631.3 ms
block 22/80 - 64/240  17632.2 ms
block 23/80 - 67/240  17631.6 ms
block 24/80 - 70/240  17631.2 ms
block 25/80 - 73/240  17631.1 ms
block 26/80 - 76/240  17631.2 ms
block 27/80 - 79/240  17632.1 ms
block 28/80 - 82/240  17632.4 ms
block 29/80 - 85/240  17630.7 ms
block 30/80 - 88/240  17632.0 ms
block 31/80 - 91/240  17631.5 ms
block 32/80 - 94/240  17632.5 ms
block 33/80 - 97/240  17631.7 ms
block 34/80 - 100/240  17632.2 ms
block 35/80 - 103/240  17631.8 ms
block 36/80 - 106/240  17635.9 ms
block 37/80 - 109/240  17628.5 ms
block 38/80 - 112/240  17632.2 ms
block 39/80 - 115/240  17632.1 ms
block 40/80 - 118/240  17632.0 ms
block 41/80 - 121/240  17631.5 ms
block 42/80 - 124/240  17631.8 ms
block 43/80 - 127/240  17631.6 ms
block 44/80 - 130/240  17631.6 ms
block 45/80 - 133/240  17631.8 ms
block 46/80 - 136/240  17631.6 ms
block 47/80 - 139/240  17631.1 ms
block 48/80 - 142/240  17632.4 ms
block 49/80 - 145/240  17632.0 ms
block 50/80 - 148/240  17632.1 ms
block 51/80 - 151/240  17632.6 ms
block 52/80 - 154/240  17631.6 ms
block 53/80 - 157/240  17630.4 ms
block 54/80 - 160/240  17633.4 ms
block 55/80 - 163/240  17632.5 ms
block 56/80 - 166/240  17632.8 ms
block 57/80 - 169/240  17632.4 ms
block 58/80 - 172/240  17631.4 ms
block 59/80 - 175/240  17631.3 ms
block 60/80 - 178/240  17631.8 ms
block 61/80 - 181/240  17632.2 ms
block 62/80 - 184/240  17695.8 ms
block 63/80 - 187/240  17631.4 ms
block 64/80 - 190/240  17631.9 ms
block 65/80 - 193/240  17632.4 ms
block 66/80 - 196/240  17633.1 ms
block 67/80 - 199/240  17631.5 ms
block 68/80 - 202/240  17632.0 ms
block 69/80 - 205/240  17632.3 ms
block 70/80 - 208/240  17634.8 ms
block 71/80 - 211/240  17631.8 ms
block 72/80 - 214/240  17632.8 ms
block 73/80 - 217/240  17631.0 ms
block 74/80 - 220/240  17631.5 ms
block 75/80 - 223/240  17630.7 ms
block 76/80 - 226/240  17631.8 ms
block 77/80 - 229/240  17630.9 ms
block 78/80 - 232/240  17631.8 ms
block 79/80 - 235/240  17631.3 ms
block 80/80 - 238/240  17631.9 ms
[14/64] elapsed=49.1m  avg=210.4s/prompt  eta=175.4m
[skip] prompt 21 already has output, skipping
block 1/80 - 1/240  17011.0 ms
block 2/80 - 4/240  17035.8 ms
block 3/80 - 7/240  17629.3 ms
block 4/80 - 10/240  17630.5 ms
block 5/80 - 13/240  17631.6 ms
block 6/80 - 16/240  17631.2 ms
block 7/80 - 19/240  17632.5 ms
block 8/80 - 22/240  17632.1 ms
block 9/80 - 25/240  17631.7 ms
block 10/80 - 28/240  17630.8 ms
block 11/80 - 31/240  17631.1 ms
block 12/80 - 34/240  17631.8 ms
block 13/80 - 37/240  17632.0 ms
block 14/80 - 40/240  17630.5 ms
block 15/80 - 43/240  17631.5 ms
block 16/80 - 46/240  17631.7 ms
block 17/80 - 49/240  17632.1 ms
block 18/80 - 52/240  17631.4 ms
block 19/80 - 55/240  17632.3 ms
block 20/80 - 58/240  17631.8 ms
block 21/80 - 61/240  17631.1 ms
block 22/80 - 64/240  17632.8 ms
block 23/80 - 67/240  17631.8 ms
block 24/80 - 70/240  17631.7 ms
block 25/80 - 73/240  17634.8 ms
block 26/80 - 76/240  17631.2 ms
block 27/80 - 79/240  17631.7 ms
block 28/80 - 82/240  17631.8 ms
block 29/80 - 85/240  17631.4 ms
block 30/80 - 88/240  17631.9 ms
block 31/80 - 91/240  17632.1 ms
block 32/80 - 94/240  17631.2 ms
block 33/80 - 97/240  17631.5 ms
block 34/80 - 100/240  17631.5 ms
block 35/80 - 103/240  17631.0 ms
block 36/80 - 106/240  17631.6 ms
block 37/80 - 109/240  17631.4 ms
block 38/80 - 112/240  17631.1 ms
block 39/80 - 115/240  17632.1 ms
block 40/80 - 118/240  17630.5 ms
block 41/80 - 121/240  17632.2 ms
block 42/80 - 124/240  17632.1 ms
block 43/80 - 127/240  17631.5 ms
block 44/80 - 130/240  17631.2 ms
block 45/80 - 133/240  17631.9 ms
block 46/80 - 136/240  17632.1 ms
block 47/80 - 139/240  17703.5 ms
block 48/80 - 142/240  17632.5 ms
block 49/80 - 145/240  17631.8 ms
block 50/80 - 148/240  17631.7 ms
block 51/80 - 151/240  17631.8 ms
block 52/80 - 154/240  17632.4 ms
block 53/80 - 157/240  17630.5 ms
block 54/80 - 160/240  17631.3 ms
block 55/80 - 163/240  17631.2 ms
block 56/80 - 166/240  17631.9 ms
block 57/80 - 169/240  17630.9 ms
block 58/80 - 172/240  17632.5 ms
block 59/80 - 175/240  17631.3 ms
block 60/80 - 178/240  17632.0 ms
block 61/80 - 181/240  17632.1 ms
block 62/80 - 184/240  17631.2 ms
block 63/80 - 187/240  17631.8 ms
block 64/80 - 190/240  17631.5 ms
block 65/80 - 193/240  17631.5 ms
block 66/80 - 196/240  17631.7 ms
block 67/80 - 199/240  17631.9 ms
block 68/80 - 202/240  17630.9 ms
block 69/80 - 205/240  17630.9 ms
block 70/80 - 208/240  17632.0 ms
block 71/80 - 211/240  17631.5 ms
block 72/80 - 214/240  17632.2 ms
block 73/80 - 217/240  17630.4 ms
block 74/80 - 220/240  17631.1 ms
block 75/80 - 223/240  17631.4 ms
block 76/80 - 226/240  17632.0 ms
block 77/80 - 229/240  17631.9 ms
block 78/80 - 232/240  17634.5 ms
block 79/80 - 235/240  17659.8 ms
block 80/80 - 238/240  17574.8 ms
[30/64] elapsed=72.7m  avg=145.3s/prompt  eta=82.3m
[skip] prompt 37 already has output, skipping
block 1/80 - 1/240  17009.2 ms
block 2/80 - 4/240  17020.7 ms
block 3/80 - 7/240  17572.5 ms
block 4/80 - 10/240  17658.2 ms
block 5/80 - 13/240  17574.6 ms
block 6/80 - 16/240  17659.9 ms
block 7/80 - 19/240  17574.3 ms
block 8/80 - 22/240  17659.8 ms
block 9/80 - 25/240  17573.6 ms
block 10/80 - 28/240  17659.6 ms
block 11/80 - 31/240  17658.1 ms
block 12/80 - 34/240  17659.4 ms
block 13/80 - 37/240  17571.3 ms
block 14/80 - 40/240  17659.3 ms
block 15/80 - 43/240  17659.0 ms
block 16/80 - 46/240  17659.5 ms
block 17/80 - 49/240  17574.7 ms
block 18/80 - 52/240  17574.8 ms
block 19/80 - 55/240  17659.6 ms
block 20/80 - 58/240  17659.4 ms
block 21/80 - 61/240  17574.0 ms
block 22/80 - 64/240  17658.3 ms
block 23/80 - 67/240  17575.0 ms
block 24/80 - 70/240  17574.9 ms
block 25/80 - 73/240  17659.4 ms
block 26/80 - 76/240  17573.3 ms
block 27/80 - 79/240  17658.6 ms
block 28/80 - 82/240  17660.3 ms
block 29/80 - 85/240  17574.3 ms
block 30/80 - 88/240  17659.1 ms
block 31/80 - 91/240  17660.3 ms
block 32/80 - 94/240  17575.2 ms
block 33/80 - 97/240  17660.3 ms
block 34/80 - 100/240  17576.0 ms
block 35/80 - 103/240  17574.6 ms
block 36/80 - 106/240  17588.6 ms
block 37/80 - 109/240  17646.1 ms
block 38/80 - 112/240  17572.5 ms
block 39/80 - 115/240  17575.5 ms
block 40/80 - 118/240  17660.0 ms
block 41/80 - 121/240  17575.6 ms
block 42/80 - 124/240  17574.8 ms
block 43/80 - 127/240  17575.2 ms
block 44/80 - 130/240  17659.4 ms
block 45/80 - 133/240  17574.0 ms
block 46/80 - 136/240  17659.7 ms
block 47/80 - 139/240  17659.8 ms
block 48/80 - 142/240  17574.6 ms
block 49/80 - 145/240  17574.3 ms
block 50/80 - 148/240  17659.2 ms
block 51/80 - 151/240  17658.7 ms
block 52/80 - 154/240  17574.7 ms
block 53/80 - 157/240  17575.0 ms
block 54/80 - 160/240  17574.2 ms
block 55/80 - 163/240  17659.9 ms
block 56/80 - 166/240  17628.3 ms
block 57/80 - 169/240  17574.3 ms
block 58/80 - 172/240  17573.6 ms
block 59/80 - 175/240  17573.4 ms
block 60/80 - 178/240  17659.2 ms
block 61/80 - 181/240  17574.9 ms
block 62/80 - 184/240  17658.9 ms
block 63/80 - 187/240  17574.6 ms
block 64/80 - 190/240  17659.2 ms
block 65/80 - 193/240  17659.0 ms
block 66/80 - 196/240  17575.6 ms
block 67/80 - 199/240  17659.4 ms
block 68/80 - 202/240  17575.1 ms
block 69/80 - 205/240  17574.4 ms
block 70/80 - 208/240  17571.8 ms
block 71/80 - 211/240  17658.6 ms
block 72/80 - 214/240  17659.4 ms
block 73/80 - 217/240  17659.5 ms
block 74/80 - 220/240  17576.2 ms
block 75/80 - 223/240  17660.2 ms
block 76/80 - 226/240  17571.8 ms
block 77/80 - 229/240  17572.2 ms
block 78/80 - 232/240  17574.8 ms
block 79/80 - 235/240  17659.0 ms
block 80/80 - 238/240  17659.2 ms
[46/64] elapsed=96.1m  avg=125.4s/prompt  eta=37.6m
[skip] prompt 53 already has output, skipping
block 1/80 - 1/240  16971.9 ms
block 2/80 - 4/240  17020.5 ms
block 3/80 - 7/240  17572.6 ms
block 4/80 - 10/240  17574.9 ms
block 5/80 - 13/240  17575.8 ms
block 6/80 - 16/240  17631.6 ms
block 7/80 - 19/240  17574.3 ms
block 8/80 - 22/240  17574.4 ms
block 9/80 - 25/240  17574.5 ms
block 10/80 - 28/240  17659.1 ms
block 11/80 - 31/240  17574.7 ms
block 12/80 - 34/240  17659.6 ms
block 13/80 - 37/240  17573.5 ms
block 14/80 - 40/240  17575.1 ms
block 15/80 - 43/240  17575.4 ms
block 16/80 - 46/240  17632.2 ms
block 17/80 - 49/240  17575.1 ms
block 18/80 - 52/240  17574.8 ms
block 19/80 - 55/240  17573.7 ms
block 20/80 - 58/240  17659.2 ms
block 21/80 - 61/240  17659.0 ms
block 22/80 - 64/240  17575.1 ms
block 23/80 - 67/240  17574.4 ms
block 24/80 - 70/240  17574.7 ms
block 25/80 - 73/240  17575.2 ms
block 26/80 - 76/240  17626.5 ms
block 27/80 - 79/240  17574.3 ms
block 28/80 - 82/240  17659.3 ms
block 29/80 - 85/240  17574.8 ms
block 30/80 - 88/240  17659.6 ms
block 31/80 - 91/240  17575.3 ms
block 32/80 - 94/240  17573.8 ms
block 33/80 - 97/240  17575.5 ms
block 34/80 - 100/240  17659.7 ms
block 35/80 - 103/240  17659.9 ms
block 36/80 - 106/240  17575.7 ms
block 37/80 - 109/240  17575.1 ms
block 38/80 - 112/240  17660.1 ms
block 39/80 - 115/240  17574.8 ms
block 40/80 - 118/240  17660.0 ms
block 41/80 - 121/240  17629.1 ms
block 42/80 - 124/240  17629.7 ms
block 43/80 - 127/240  17575.6 ms
block 44/80 - 130/240  17575.4 ms
block 45/80 - 133/240  17575.4 ms
block 46/80 - 136/240  17575.4 ms
block 47/80 - 139/240  17575.1 ms
block 48/80 - 142/240  17574.5 ms
block 49/80 - 145/240  17574.2 ms
block 50/80 - 148/240  17659.3 ms
block 51/80 - 151/240  17658.6 ms
block 52/80 - 154/240  17629.7 ms
block 53/80 - 157/240  17574.7 ms
block 54/80 - 160/240  17575.1 ms
block 55/80 - 163/240  17659.0 ms
block 56/80 - 166/240  17574.9 ms
block 57/80 - 169/240  17721.7 ms
block 58/80 - 172/240  17689.9 ms
block 59/80 - 175/240  17658.6 ms
block 60/80 - 178/240  17632.1 ms
block 61/80 - 181/240  17659.5 ms
block 62/80 - 184/240  17628.8 ms
block 63/80 - 187/240  17575.7 ms
block 64/80 - 190/240  17659.7 ms
block 65/80 - 193/240  17574.8 ms
block 66/80 - 196/240  17618.1 ms
block 67/80 - 199/240  17664.2 ms
block 68/80 - 202/240  17574.3 ms
block 69/80 - 205/240  17660.1 ms
block 70/80 - 208/240  17574.4 ms
block 71/80 - 211/240  17660.2 ms
block 72/80 - 214/240  17659.2 ms
block 73/80 - 217/240  17574.5 ms
block 74/80 - 220/240  17659.6 ms
block 75/80 - 223/240  17574.6 ms
block 76/80 - 226/240  17574.7 ms
block 77/80 - 229/240  17575.2 ms
block 78/80 - 232/240  17573.8 ms
block 79/80 - 235/240  17629.8 ms
block 80/80 - 238/240  17575.1 ms
[62/64] elapsed=119.6m  avg=115.8s/prompt  eta=3.9m
