Running on a single GPU (cuda); skipping NCCL initialization.
Free VRAM 93.14923095703125 GB
Loading CUDA extension (first run compiles ~60s; cached run ~3s)...
CUDA extension ready in 126.2s.
[CacheCompatibilityPolicy] recent=20:0 coverage=21:360 episode=22:0 coverage_policy=retrieval budget=9FFE read_budget=9FFE owner=HeadComposition
KV inference with 3 frames per block
Number of prompts: 128
Prompt index range: [0, 128)
Loading PyramidKV config from /apdcephfs_gy2/share_303214315/cedricnie/develop/training-free/runs/v182_structured_coverage/inputs/maps/all_coverage_retrieval.csv
block 1/40 - 1/120  232706.0 ms
block 2/40 - 4/120  30804.5 ms
block 3/40 - 7/120  31461.1 ms
block 4/40 - 10/120  32265.8 ms
block 5/40 - 13/120  32808.9 ms
block 6/40 - 16/120  33456.6 ms
block 7/40 - 19/120  33497.1 ms
block 8/40 - 22/120  33526.1 ms
block 9/40 - 25/120  33605.8 ms
block 10/40 - 28/120  33854.6 ms
block 11/40 - 31/120  33639.2 ms
block 12/40 - 34/120  33649.6 ms
block 13/40 - 37/120  33771.2 ms
block 14/40 - 40/120  33757.7 ms
block 15/40 - 43/120  33789.0 ms
block 16/40 - 46/120  33811.1 ms
block 17/40 - 49/120  33803.6 ms
block 18/40 - 52/120  33796.1 ms
block 19/40 - 55/120  33767.5 ms
block 20/40 - 58/120  33784.4 ms
block 21/40 - 61/120  33768.1 ms
block 22/40 - 64/120  33803.3 ms
block 23/40 - 67/120  33803.6 ms
block 24/40 - 70/120  33809.3 ms
block 25/40 - 73/120  33792.2 ms
block 26/40 - 76/120  33786.5 ms
block 27/40 - 79/120  33786.3 ms
block 28/40 - 82/120  33836.5 ms
block 29/40 - 85/120  33824.6 ms
block 30/40 - 88/120  33803.2 ms
block 31/40 - 91/120  33802.4 ms
block 32/40 - 94/120  33822.9 ms
block 33/40 - 97/120  33819.0 ms
block 34/40 - 100/120  33835.4 ms
block 35/40 - 103/120  33798.8 ms
block 36/40 - 106/120  33800.2 ms
block 37/40 - 109/120  33820.5 ms
block 38/40 - 112/120  33795.2 ms
block 39/40 - 115/120  33809.9 ms
block 40/40 - 118/120  33849.5 ms
/apdcephfs_gy2/share_303214315/cedricnie/miniconda3/envs/longlive/lib/python3.10/site-packages/torchvision/io/_video_deprecation_warning.py:9: UserWarning: The video decoding and encoding capabilities of torchvision are deprecated from version 0.22 and will be removed in version 0.24. We recommend that you migrate to TorchCodec, where we'll consolidate the future decoding/encoding capabilities of PyTorch: https://github.com/pytorch/torchcodec
  warnings.warn(
[11/128] elapsed=26.0m  avg=141.7s/prompt  eta=276.4m
block 1/40 - 1/120  28973.8 ms
block 2/40 - 4/120  31057.9 ms
block 3/40 - 7/120  31469.9 ms
block 4/40 - 10/120  32182.8 ms
block 5/40 - 13/120  32799.8 ms
block 6/40 - 16/120  33506.6 ms
block 7/40 - 19/120  33653.1 ms
block 8/40 - 22/120  33517.6 ms
block 9/40 - 25/120  33525.3 ms
block 10/40 - 28/120  33630.2 ms
block 11/40 - 31/120  33606.4 ms
block 12/40 - 34/120  33615.6 ms
block 13/40 - 37/120  33801.9 ms
block 14/40 - 40/120  33810.0 ms
block 15/40 - 43/120  33805.1 ms
block 16/40 - 46/120  33810.4 ms
block 17/40 - 49/120  33821.9 ms
block 18/40 - 52/120  33807.1 ms
block 19/40 - 55/120  33799.2 ms
block 20/40 - 58/120  33808.1 ms
block 21/40 - 61/120  33805.5 ms
block 22/40 - 64/120  33827.7 ms
block 23/40 - 67/120  33804.4 ms
block 24/40 - 70/120  33795.0 ms
block 25/40 - 73/120  33818.8 ms
block 26/40 - 76/120  33789.6 ms
block 27/40 - 79/120  33793.6 ms
block 28/40 - 82/120  33808.5 ms
block 29/40 - 85/120  33816.9 ms
block 30/40 - 88/120  33825.5 ms
block 31/40 - 91/120  33818.6 ms
block 32/40 - 94/120  33834.6 ms
block 33/40 - 97/120  33800.6 ms
block 34/40 - 100/120  33821.3 ms
block 35/40 - 103/120  33816.9 ms
block 36/40 - 106/120  33831.3 ms
block 37/40 - 109/120  33822.0 ms
block 38/40 - 112/120  33836.4 ms
block 39/40 - 115/120  33833.8 ms
block 40/40 - 118/120  33805.0 ms
[27/128] elapsed=48.3m  avg=107.4s/prompt  eta=180.8m
block 1/40 - 1/120  28697.5 ms
block 2/40 - 4/120  31095.2 ms
block 3/40 - 7/120  31524.8 ms
block 4/40 - 10/120  32214.7 ms
block 5/40 - 13/120  32839.7 ms
block 6/40 - 16/120  33549.8 ms
block 7/40 - 19/120  33491.7 ms
block 8/40 - 22/120  33500.5 ms
block 9/40 - 25/120  33505.6 ms
block 10/40 - 28/120  33615.3 ms
block 11/40 - 31/120  33619.0 ms
block 12/40 - 34/120  33624.8 ms
block 13/40 - 37/120  33809.1 ms
block 14/40 - 40/120  33822.0 ms
block 15/40 - 43/120  33841.9 ms
block 16/40 - 46/120  33805.6 ms
block 17/40 - 49/120  33791.9 ms
block 18/40 - 52/120  33810.1 ms
block 19/40 - 55/120  33834.3 ms
block 20/40 - 58/120  33825.2 ms
block 21/40 - 61/120  33817.2 ms
block 22/40 - 64/120  33837.1 ms
block 23/40 - 67/120  33819.5 ms
block 24/40 - 70/120  33830.8 ms
block 25/40 - 73/120  33795.8 ms
block 26/40 - 76/120  33816.0 ms
block 27/40 - 79/120  33816.7 ms
block 28/40 - 82/120  33811.1 ms
block 29/40 - 85/120  33799.9 ms
block 30/40 - 88/120  33806.7 ms
block 31/40 - 91/120  33822.7 ms
block 32/40 - 94/120  33829.2 ms
block 33/40 - 97/120  33809.7 ms
block 34/40 - 100/120  33831.2 ms
block 35/40 - 103/120  33816.2 ms
block 36/40 - 106/120  33824.3 ms
block 37/40 - 109/120  33808.7 ms
block 38/40 - 112/120  33794.1 ms
block 39/40 - 115/120  33819.1 ms
block 40/40 - 118/120  33831.8 ms
[43/128] elapsed=70.7m  avg=98.6s/prompt  eta=139.7m
block 1/40 - 1/120  28513.9 ms
block 2/40 - 4/120  31155.5 ms
block 3/40 - 7/120  31573.5 ms
block 4/40 - 10/120  32425.3 ms
block 5/40 - 13/120  32867.4 ms
block 6/40 - 16/120  33575.0 ms
block 7/40 - 19/120  33488.5 ms
block 8/40 - 22/120  33507.6 ms
block 9/40 - 25/120  33525.9 ms
block 10/40 - 28/120  33625.3 ms
block 11/40 - 31/120  33618.2 ms
block 12/40 - 34/120  33639.4 ms
block 13/40 - 37/120  33805.1 ms
block 14/40 - 40/120  33805.1 ms
block 15/40 - 43/120  33823.1 ms
block 16/40 - 46/120  33813.2 ms
block 17/40 - 49/120  33808.2 ms
block 18/40 - 52/120  33837.0 ms
block 19/40 - 55/120  33840.7 ms
block 20/40 - 58/120  33805.6 ms
block 21/40 - 61/120  33828.5 ms
block 22/40 - 64/120  33811.4 ms
block 23/40 - 67/120  33811.0 ms
block 24/40 - 70/120  33814.7 ms
block 25/40 - 73/120  33805.5 ms
block 26/40 - 76/120  33808.5 ms
block 27/40 - 79/120  33860.0 ms
block 28/40 - 82/120  33846.9 ms
block 29/40 - 85/120  33817.9 ms
block 30/40 - 88/120  33819.7 ms
block 31/40 - 91/120  33797.9 ms
block 32/40 - 94/120  33820.5 ms
block 33/40 - 97/120  33801.8 ms
block 34/40 - 100/120  33823.2 ms
block 35/40 - 103/120  33810.1 ms
block 36/40 - 106/120  33833.9 ms
block 37/40 - 109/120  33809.2 ms
block 38/40 - 112/120  33798.2 ms
block 39/40 - 115/120  33783.1 ms
block 40/40 - 118/120  33795.0 ms
[59/128] elapsed=93.0m  avg=94.6s/prompt  eta=108.7m
block 1/40 - 1/120  28850.4 ms
block 2/40 - 4/120  31024.1 ms
block 3/40 - 7/120  31588.5 ms
block 4/40 - 10/120  32284.9 ms
block 5/40 - 13/120  32786.8 ms
block 6/40 - 16/120  33485.9 ms
block 7/40 - 19/120  33523.8 ms
block 8/40 - 22/120  33568.2 ms
block 9/40 - 25/120  33591.9 ms
block 10/40 - 28/120  33657.5 ms
block 11/40 - 31/120  33657.7 ms
block 12/40 - 34/120  33661.7 ms
block 13/40 - 37/120  33785.7 ms
block 14/40 - 40/120  33818.7 ms
block 15/40 - 43/120  33831.6 ms
block 16/40 - 46/120  33838.8 ms
block 17/40 - 49/120  33856.9 ms
block 18/40 - 52/120  33922.7 ms
block 19/40 - 55/120  33906.8 ms
block 20/40 - 58/120  33928.0 ms
block 21/40 - 61/120  33920.9 ms
block 22/40 - 64/120  33924.1 ms
block 23/40 - 67/120  33926.1 ms
block 24/40 - 70/120  33902.0 ms
block 25/40 - 73/120  33893.6 ms
block 26/40 - 76/120  33903.6 ms
block 27/40 - 79/120  33872.5 ms
block 28/40 - 82/120  33902.7 ms
block 29/40 - 85/120  33880.8 ms
block 30/40 - 88/120  33894.6 ms
block 31/40 - 91/120  33880.2 ms
block 32/40 - 94/120  33901.3 ms
block 33/40 - 97/120  33882.9 ms
block 34/40 - 100/120  33898.5 ms
block 35/40 - 103/120  33889.6 ms
block 36/40 - 106/120  33880.0 ms
block 37/40 - 109/120  33902.5 ms
block 38/40 - 112/120  33911.8 ms
block 39/40 - 115/120  33898.3 ms
block 40/40 - 118/120  33898.3 ms
[75/128] elapsed=115.4m  avg=92.3s/prompt  eta=81.5m
block 1/40 - 1/120  29120.0 ms
block 2/40 - 4/120  30955.0 ms
block 3/40 - 7/120  31608.7 ms
block 4/40 - 10/120  32332.5 ms
block 5/40 - 13/120  32917.1 ms
block 6/40 - 16/120  33628.9 ms
block 7/40 - 19/120  33670.0 ms
block 8/40 - 22/120  33609.0 ms
block 9/40 - 25/120  33586.6 ms
block 10/40 - 28/120  33597.3 ms
block 11/40 - 31/120  33619.8 ms
block 12/40 - 34/120  33727.5 ms
block 13/40 - 37/120  33881.6 ms
block 14/40 - 40/120  33889.0 ms
block 15/40 - 43/120  33906.0 ms
block 16/40 - 46/120  33888.8 ms
block 17/40 - 49/120  33902.0 ms
block 18/40 - 52/120  33893.3 ms
block 19/40 - 55/120  33885.8 ms
block 20/40 - 58/120  33902.9 ms
block 21/40 - 61/120  33888.5 ms
block 22/40 - 64/120  33896.5 ms
block 23/40 - 67/120  33906.6 ms
block 24/40 - 70/120  33901.8 ms
block 25/40 - 73/120  33888.2 ms
block 26/40 - 76/120  33910.2 ms
block 27/40 - 79/120  33912.8 ms
block 28/40 - 82/120  33898.6 ms
block 29/40 - 85/120  33911.9 ms
block 30/40 - 88/120  33913.2 ms
block 31/40 - 91/120  33883.6 ms
block 32/40 - 94/120  33899.7 ms
block 33/40 - 97/120  33920.5 ms
block 34/40 - 100/120  33899.8 ms
block 35/40 - 103/120  33905.5 ms
block 36/40 - 106/120  33912.7 ms
block 37/40 - 109/120  33916.7 ms
block 38/40 - 112/120  33910.5 ms
block 39/40 - 115/120  33914.0 ms
block 40/40 - 118/120  33905.6 ms
[91/128] elapsed=137.8m  avg=90.8s/prompt  eta=56.0m
block 1/40 - 1/120  28424.3 ms
block 2/40 - 4/120  30823.2 ms
block 3/40 - 7/120  31591.8 ms
block 4/40 - 10/120  32312.1 ms
block 5/40 - 13/120  32916.1 ms
block 6/40 - 16/120  33629.0 ms
block 7/40 - 19/120  33688.6 ms
block 8/40 - 22/120  33638.3 ms
block 9/40 - 25/120  33571.3 ms
block 10/40 - 28/120  33905.2 ms
block 11/40 - 31/120  33615.5 ms
block 12/40 - 34/120  33635.4 ms
block 13/40 - 37/120  33766.3 ms
block 14/40 - 40/120  33768.9 ms
block 15/40 - 43/120  33806.6 ms
block 16/40 - 46/120  33779.2 ms
block 17/40 - 49/120  33804.0 ms
block 18/40 - 52/120  33801.4 ms
block 19/40 - 55/120  33814.2 ms
block 20/40 - 58/120  33789.0 ms
block 21/40 - 61/120  33808.8 ms
block 22/40 - 64/120  33809.0 ms
block 23/40 - 67/120  33880.2 ms
block 24/40 - 70/120  33888.9 ms
block 25/40 - 73/120  33854.3 ms
block 26/40 - 76/120  33860.5 ms
block 27/40 - 79/120  33891.3 ms
block 28/40 - 82/120  33869.4 ms
block 29/40 - 85/120  33821.8 ms
block 30/40 - 88/120  33895.8 ms
block 31/40 - 91/120  33896.4 ms
block 32/40 - 94/120  33904.1 ms
block 33/40 - 97/120  33855.6 ms
block 34/40 - 100/120  33888.7 ms
block 35/40 - 103/120  33842.8 ms
block 36/40 - 106/120  33815.0 ms
block 37/40 - 109/120  33878.1 ms
block 38/40 - 112/120  33899.2 ms
block 39/40 - 115/120  33890.7 ms
block 40/40 - 118/120  33890.0 ms
[107/128] elapsed=160.1m  avg=89.8s/prompt  eta=31.4m
block 1/40 - 1/120  28443.4 ms
block 2/40 - 4/120  30699.9 ms
block 3/40 - 7/120  31597.9 ms
block 4/40 - 10/120  32315.0 ms
block 5/40 - 13/120  32916.8 ms
block 6/40 - 16/120  33628.9 ms
block 7/40 - 19/120  33668.8 ms
block 8/40 - 22/120  33675.0 ms
block 9/40 - 25/120  33747.4 ms
block 10/40 - 28/120  33624.7 ms
block 11/40 - 31/120  33623.2 ms
block 12/40 - 34/120  33637.1 ms
block 13/40 - 37/120  33792.1 ms
block 14/40 - 40/120  33783.6 ms
block 15/40 - 43/120  33813.6 ms
block 16/40 - 46/120  33816.4 ms
block 17/40 - 49/120  33836.6 ms
block 18/40 - 52/120  33824.7 ms
block 19/40 - 55/120  33828.3 ms
block 20/40 - 58/120  33822.9 ms
block 21/40 - 61/120  33812.4 ms
block 22/40 - 64/120  33835.1 ms
block 23/40 - 67/120  33841.0 ms
block 24/40 - 70/120  33825.8 ms
block 25/40 - 73/120  33818.9 ms
block 26/40 - 76/120  33793.0 ms
block 27/40 - 79/120  33839.7 ms
block 28/40 - 82/120  33801.8 ms
block 29/40 - 85/120  33831.9 ms
block 30/40 - 88/120  33834.5 ms
block 31/40 - 91/120  33867.2 ms
block 32/40 - 94/120  33876.5 ms
block 33/40 - 97/120  33874.2 ms
block 34/40 - 100/120  33883.4 ms
block 35/40 - 103/120  33900.4 ms
block 36/40 - 106/120  33914.3 ms
block 37/40 - 109/120  33909.5 ms
block 38/40 - 112/120  33867.3 ms
block 39/40 - 115/120  33905.2 ms
block 40/40 - 118/120  33919.5 ms
[123/128] elapsed=182.5m  avg=89.0s/prompt  eta=7.4m
