Running on a single GPU (cuda); skipping NCCL initialization.
Free VRAM 93.9320068359375 GB
Loading CUDA extension (first run compiles ~60s; cached run ~3s)...
CUDA extension ready in 140.0s.
[CacheCompatibilityPolicy] recent=20:0 coverage=21:360 episode=22:0 coverage_policy=retrieval budget=9FFE read_budget=9FFE owner=HeadComposition
KV inference with 3 frames per block
Number of prompts: 128
Prompt index range: [0, 128)
Loading PyramidKV config from /apdcephfs_gy2/share_303214315/cedricnie/develop/training-free/runs/v182_structured_coverage/inputs/maps/all_coverage_retrieval.csv
block 1/40 - 1/120  257353.1 ms
block 2/40 - 4/120  16828.0 ms
block 3/40 - 7/120  17386.5 ms
block 4/40 - 10/120  17777.6 ms
block 5/40 - 13/120  18167.9 ms
block 6/40 - 16/120  19002.6 ms
block 7/40 - 19/120  18721.4 ms
block 8/40 - 22/120  18766.5 ms
block 9/40 - 25/120  18833.9 ms
block 10/40 - 28/120  18847.2 ms
block 11/40 - 31/120  18921.3 ms
block 12/40 - 34/120  18878.1 ms
block 13/40 - 37/120  19069.7 ms
block 14/40 - 40/120  19056.3 ms
block 15/40 - 43/120  19038.1 ms
block 16/40 - 46/120  19043.5 ms
block 17/40 - 49/120  19036.2 ms
block 18/40 - 52/120  19042.2 ms
block 19/40 - 55/120  19040.4 ms
block 20/40 - 58/120  19043.3 ms
block 21/40 - 61/120  19038.4 ms
block 22/40 - 64/120  19039.2 ms
block 23/40 - 67/120  19041.9 ms
block 24/40 - 70/120  19035.8 ms
block 25/40 - 73/120  19090.1 ms
block 26/40 - 76/120  19067.0 ms
block 27/40 - 79/120  19098.1 ms
block 28/40 - 82/120  19056.0 ms
block 29/40 - 85/120  19047.2 ms
block 30/40 - 88/120  19044.0 ms
block 31/40 - 91/120  19051.1 ms
block 32/40 - 94/120  19051.0 ms
block 33/40 - 97/120  19040.2 ms
block 34/40 - 100/120  19045.2 ms
block 35/40 - 103/120  19045.6 ms
block 36/40 - 106/120  19042.6 ms
block 37/40 - 109/120  19047.0 ms
block 38/40 - 112/120  19047.1 ms
block 39/40 - 115/120  19040.0 ms
block 40/40 - 118/120  19043.3 ms
[2/128] elapsed=16.9m  avg=505.9s/prompt  eta=1062.3m
/apdcephfs_gy2/share_303214315/cedricnie/miniconda3/envs/longlive/lib/python3.10/site-packages/torchvision/io/_video_deprecation_warning.py:9: UserWarning: The video decoding and encoding capabilities of torchvision are deprecated from version 0.22 and will be removed in version 0.24. We recommend that you migrate to TorchCodec, where we'll consolidate the future decoding/encoding capabilities of PyTorch: https://github.com/pytorch/torchcodec
  warnings.warn(
block 1/40 - 1/120  16740.6 ms
block 2/40 - 4/120  16953.8 ms
block 3/40 - 7/120  17312.7 ms
block 4/40 - 10/120  17755.4 ms
block 5/40 - 13/120  18154.2 ms
block 6/40 - 16/120  18617.0 ms
block 7/40 - 19/120  18935.0 ms
block 8/40 - 22/120  18767.8 ms
block 9/40 - 25/120  18760.7 ms
block 10/40 - 28/120  18766.3 ms
block 11/40 - 31/120  18828.4 ms
block 12/40 - 34/120  18839.4 ms
block 13/40 - 37/120  19087.1 ms
block 14/40 - 40/120  19112.6 ms
block 15/40 - 43/120  19037.1 ms
block 16/40 - 46/120  19041.7 ms
block 17/40 - 49/120  19037.8 ms
block 18/40 - 52/120  19028.9 ms
block 19/40 - 55/120  19027.9 ms
block 20/40 - 58/120  19035.3 ms
block 21/40 - 61/120  19036.0 ms
block 22/40 - 64/120  19036.0 ms
block 23/40 - 67/120  19035.9 ms
block 24/40 - 70/120  19044.1 ms
block 25/40 - 73/120  19043.3 ms
block 26/40 - 76/120  19054.4 ms
block 27/40 - 79/120  19043.5 ms
block 28/40 - 82/120  19039.1 ms
block 29/40 - 85/120  19038.8 ms
block 30/40 - 88/120  19042.5 ms
block 31/40 - 91/120  19051.6 ms
block 32/40 - 94/120  19046.8 ms
block 33/40 - 97/120  19036.2 ms
block 34/40 - 100/120  19042.9 ms
block 35/40 - 103/120  19050.2 ms
block 36/40 - 106/120  19039.2 ms
block 37/40 - 109/120  19048.3 ms
block 38/40 - 112/120  19089.8 ms
block 39/40 - 115/120  19076.6 ms
block 40/40 - 118/120  19051.2 ms
[18/128] elapsed=29.4m  avg=98.1s/prompt  eta=179.8m
block 1/40 - 1/120  16523.0 ms
block 2/40 - 4/120  16954.4 ms
block 3/40 - 7/120  17310.5 ms
block 4/40 - 10/120  17753.5 ms
block 5/40 - 13/120  18149.9 ms
block 6/40 - 16/120  18614.1 ms
block 7/40 - 19/120  18683.5 ms
block 8/40 - 22/120  18683.7 ms
block 9/40 - 25/120  18761.7 ms
block 10/40 - 28/120  18762.7 ms
block 11/40 - 31/120  18833.9 ms
block 12/40 - 34/120  18832.9 ms
block 13/40 - 37/120  19032.4 ms
block 14/40 - 40/120  19034.0 ms
block 15/40 - 43/120  19049.5 ms
block 16/40 - 46/120  19038.8 ms
block 17/40 - 49/120  19034.6 ms
block 18/40 - 52/120  19248.5 ms
block 19/40 - 55/120  19032.5 ms
block 20/40 - 58/120  19028.0 ms
block 21/40 - 61/120  19035.6 ms
block 22/40 - 64/120  19041.3 ms
block 23/40 - 67/120  19036.7 ms
block 24/40 - 70/120  19039.4 ms
block 25/40 - 73/120  19034.5 ms
block 26/40 - 76/120  19034.9 ms
block 27/40 - 79/120  19038.5 ms
block 28/40 - 82/120  19041.3 ms
block 29/40 - 85/120  19038.6 ms
block 30/40 - 88/120  19039.2 ms
block 31/40 - 91/120  19037.7 ms
block 32/40 - 94/120  19040.5 ms
block 33/40 - 97/120  19039.4 ms
block 34/40 - 100/120  19037.5 ms
block 35/40 - 103/120  19043.1 ms
block 36/40 - 106/120  19043.5 ms
block 37/40 - 109/120  19044.1 ms
block 38/40 - 112/120  19048.4 ms
block 39/40 - 115/120  19069.4 ms
block 40/40 - 118/120  19102.5 ms
[34/128] elapsed=42.0m  avg=74.0s/prompt  eta=116.0m
block 1/40 - 1/120  16375.4 ms
block 2/40 - 4/120  16957.5 ms
block 3/40 - 7/120  17312.0 ms
block 4/40 - 10/120  18091.4 ms
block 5/40 - 13/120  18146.4 ms
block 6/40 - 16/120  18619.3 ms
block 7/40 - 19/120  18684.9 ms
block 8/40 - 22/120  18688.6 ms
block 9/40 - 25/120  18763.8 ms
block 10/40 - 28/120  18765.7 ms
block 11/40 - 31/120  18829.7 ms
block 12/40 - 34/120  18838.9 ms
block 13/40 - 37/120  19032.3 ms
block 14/40 - 40/120  19033.4 ms
block 15/40 - 43/120  19037.3 ms
block 16/40 - 46/120  19070.3 ms
block 17/40 - 49/120  19073.1 ms
block 18/40 - 52/120  19039.2 ms
block 19/40 - 55/120  19103.1 ms
block 20/40 - 58/120  19094.5 ms
block 21/40 - 61/120  19043.0 ms
block 22/40 - 64/120  19101.9 ms
block 23/40 - 67/120  19072.8 ms
block 24/40 - 70/120  19072.3 ms
block 25/40 - 73/120  19078.3 ms
block 26/40 - 76/120  19064.3 ms
block 27/40 - 79/120  19075.4 ms
block 28/40 - 82/120  19072.0 ms
block 29/40 - 85/120  19080.9 ms
block 30/40 - 88/120  19129.5 ms
block 31/40 - 91/120  19176.8 ms
block 32/40 - 94/120  19075.3 ms
block 33/40 - 97/120  19096.7 ms
block 34/40 - 100/120  19074.4 ms
block 35/40 - 103/120  19052.9 ms
block 36/40 - 106/120  19096.3 ms
block 37/40 - 109/120  19063.4 ms
block 38/40 - 112/120  19080.0 ms
block 39/40 - 115/120  19075.8 ms
block 40/40 - 118/120  19071.7 ms
[50/128] elapsed=54.5m  avg=65.4s/prompt  eta=85.1m
block 1/40 - 1/120  16414.5 ms
block 2/40 - 4/120  16957.1 ms
block 3/40 - 7/120  17315.5 ms
block 4/40 - 10/120  17840.2 ms
block 5/40 - 13/120  18243.8 ms
block 6/40 - 16/120  18616.1 ms
block 7/40 - 19/120  18681.8 ms
block 8/40 - 22/120  18683.3 ms
block 9/40 - 25/120  18755.7 ms
block 10/40 - 28/120  18763.9 ms
block 11/40 - 31/120  18839.7 ms
block 12/40 - 34/120  18840.3 ms
block 13/40 - 37/120  19044.6 ms
block 14/40 - 40/120  19048.3 ms
block 15/40 - 43/120  19043.5 ms
block 16/40 - 46/120  19055.7 ms
block 17/40 - 49/120  19060.3 ms
block 18/40 - 52/120  19062.1 ms
block 19/40 - 55/120  19085.3 ms
block 20/40 - 58/120  19059.3 ms
block 21/40 - 61/120  19052.7 ms
block 22/40 - 64/120  19070.9 ms
block 23/40 - 67/120  19069.6 ms
block 24/40 - 70/120  19064.0 ms
block 25/40 - 73/120  19078.6 ms
block 26/40 - 76/120  19084.3 ms
block 27/40 - 79/120  19065.4 ms
block 28/40 - 82/120  19061.1 ms
block 29/40 - 85/120  19066.1 ms
block 30/40 - 88/120  19088.3 ms
block 31/40 - 91/120  19083.2 ms
block 32/40 - 94/120  19086.1 ms
block 33/40 - 97/120  19074.8 ms
block 34/40 - 100/120  19076.3 ms
block 35/40 - 103/120  19082.4 ms
block 36/40 - 106/120  19064.1 ms
block 37/40 - 109/120  19069.5 ms
block 38/40 - 112/120  19069.3 ms
block 39/40 - 115/120  19091.7 ms
block 40/40 - 118/120  19092.0 ms
[66/128] elapsed=67.1m  avg=61.0s/prompt  eta=63.0m
block 1/40 - 1/120  16545.3 ms
block 2/40 - 4/120  16963.9 ms
block 3/40 - 7/120  17305.6 ms
block 4/40 - 10/120  17758.7 ms
block 5/40 - 13/120  18149.6 ms
block 6/40 - 16/120  18649.2 ms
block 7/40 - 19/120  18686.5 ms
block 8/40 - 22/120  18708.4 ms
block 9/40 - 25/120  18762.3 ms
block 10/40 - 28/120  18776.1 ms
block 11/40 - 31/120  18836.4 ms
block 12/40 - 34/120  18847.2 ms
block 13/40 - 37/120  19078.3 ms
block 14/40 - 40/120  19042.1 ms
block 15/40 - 43/120  19045.0 ms
block 16/40 - 46/120  19053.1 ms
block 17/40 - 49/120  19283.5 ms
block 18/40 - 52/120  19049.5 ms
block 19/40 - 55/120  19063.6 ms
block 20/40 - 58/120  19068.7 ms
block 21/40 - 61/120  19060.8 ms
block 22/40 - 64/120  19090.7 ms
block 23/40 - 67/120  19154.5 ms
block 24/40 - 70/120  19050.4 ms
block 25/40 - 73/120  19088.3 ms
block 26/40 - 76/120  19120.9 ms
block 27/40 - 79/120  19101.2 ms
block 28/40 - 82/120  19058.0 ms
block 29/40 - 85/120  19057.9 ms
block 30/40 - 88/120  19058.0 ms
block 31/40 - 91/120  19121.6 ms
block 32/40 - 94/120  19118.4 ms
block 33/40 - 97/120  19114.8 ms
block 34/40 - 100/120  19142.7 ms
block 35/40 - 103/120  19070.0 ms
block 36/40 - 106/120  19120.7 ms
block 37/40 - 109/120  19107.3 ms
block 38/40 - 112/120  19065.8 ms
block 39/40 - 115/120  19108.3 ms
block 40/40 - 118/120  19235.3 ms
[82/128] elapsed=79.6m  avg=58.3s/prompt  eta=44.7m
block 1/40 - 1/120  16368.8 ms
block 2/40 - 4/120  16957.9 ms
block 3/40 - 7/120  17310.5 ms
block 4/40 - 10/120  17843.6 ms
block 5/40 - 13/120  18152.4 ms
block 6/40 - 16/120  18634.9 ms
block 7/40 - 19/120  18685.1 ms
block 8/40 - 22/120  18703.9 ms
block 9/40 - 25/120  18770.0 ms
block 10/40 - 28/120  18773.5 ms
block 11/40 - 31/120  19061.3 ms
block 12/40 - 34/120  18847.5 ms
block 13/40 - 37/120  19047.2 ms
block 14/40 - 40/120  19046.7 ms
block 15/40 - 43/120  19064.5 ms
block 16/40 - 46/120  19054.0 ms
block 17/40 - 49/120  19056.5 ms
block 18/40 - 52/120  19085.6 ms
block 19/40 - 55/120  19050.7 ms
block 20/40 - 58/120  19053.4 ms
block 21/40 - 61/120  19066.7 ms
block 22/40 - 64/120  19076.8 ms
block 23/40 - 67/120  19083.9 ms
block 24/40 - 70/120  19129.3 ms
block 25/40 - 73/120  19121.5 ms
block 26/40 - 76/120  19094.3 ms
block 27/40 - 79/120  19093.6 ms
block 28/40 - 82/120  19124.0 ms
block 29/40 - 85/120  19073.2 ms
block 30/40 - 88/120  19081.7 ms
block 31/40 - 91/120  19114.6 ms
block 32/40 - 94/120  19084.2 ms
block 33/40 - 97/120  19167.3 ms
block 34/40 - 100/120  19078.7 ms
block 35/40 - 103/120  19117.0 ms
block 36/40 - 106/120  19076.3 ms
block 37/40 - 109/120  19079.2 ms
block 38/40 - 112/120  19095.5 ms
block 39/40 - 115/120  19091.1 ms
block 40/40 - 118/120  19098.9 ms
[98/128] elapsed=92.2m  avg=56.5s/prompt  eta=28.2m
block 1/40 - 1/120  16447.4 ms
block 2/40 - 4/120  17013.3 ms
block 3/40 - 7/120  17310.6 ms
block 4/40 - 10/120  17754.4 ms
block 5/40 - 13/120  18155.1 ms
block 6/40 - 16/120  18612.6 ms
block 7/40 - 19/120  18686.5 ms
block 8/40 - 22/120  18693.5 ms
block 9/40 - 25/120  18764.5 ms
block 10/40 - 28/120  18769.7 ms
block 11/40 - 31/120  18865.3 ms
block 12/40 - 34/120  18838.9 ms
block 13/40 - 37/120  19045.3 ms
block 14/40 - 40/120  19048.1 ms
block 15/40 - 43/120  19041.9 ms
block 16/40 - 46/120  19047.6 ms
block 17/40 - 49/120  19050.0 ms
block 18/40 - 52/120  19041.8 ms
block 19/40 - 55/120  19054.0 ms
block 20/40 - 58/120  19042.6 ms
block 21/40 - 61/120  19057.4 ms
block 22/40 - 64/120  19062.2 ms
block 23/40 - 67/120  19079.5 ms
block 24/40 - 70/120  19088.4 ms
block 25/40 - 73/120  19082.5 ms
block 26/40 - 76/120  19076.0 ms
block 27/40 - 79/120  19073.5 ms
block 28/40 - 82/120  19141.6 ms
block 29/40 - 85/120  19106.4 ms
block 30/40 - 88/120  19095.4 ms
block 31/40 - 91/120  19109.1 ms
block 32/40 - 94/120  19086.8 ms
block 33/40 - 97/120  19091.8 ms
block 34/40 - 100/120  19098.8 ms
block 35/40 - 103/120  19093.8 ms
block 36/40 - 106/120  19107.5 ms
block 37/40 - 109/120  19099.5 ms
block 38/40 - 112/120  19105.0 ms
block 39/40 - 115/120  19160.7 ms
block 40/40 - 118/120  19101.5 ms
[114/128] elapsed=104.8m  avg=55.1s/prompt  eta=12.9m
