Running on a single GPU (cuda); skipping NCCL initialization.
Free VRAM 93.9378662109375 GB
Loading CUDA extension (first run compiles ~60s; cached run ~3s)...
CUDA extension ready in 140.0s.
[CacheCompatibilityPolicy] recent=20:0 coverage=21:360 episode=22:0 coverage_policy=retrieval budget=9FFE read_budget=9FFE owner=HeadComposition
KV inference with 3 frames per block
Number of prompts: 128
Prompt index range: [0, 128)
Loading PyramidKV config from /apdcephfs_gy2/share_303214315/cedricnie/develop/training-free/runs/v182_structured_coverage/inputs/maps/all_coverage_retrieval.csv
block 1/40 - 1/120  257344.0 ms
block 2/40 - 4/120  16868.1 ms
block 3/40 - 7/120  17356.7 ms
block 4/40 - 10/120  17864.5 ms
block 5/40 - 13/120  18157.9 ms
block 6/40 - 16/120  18977.5 ms
block 7/40 - 19/120  18687.1 ms
block 8/40 - 22/120  18782.5 ms
block 9/40 - 25/120  18806.0 ms
block 10/40 - 28/120  18835.9 ms
block 11/40 - 31/120  18874.2 ms
block 12/40 - 34/120  18896.8 ms
block 13/40 - 37/120  19039.7 ms
block 14/40 - 40/120  19032.8 ms
block 15/40 - 43/120  19049.2 ms
block 16/40 - 46/120  19030.5 ms
block 17/40 - 49/120  19033.9 ms
block 18/40 - 52/120  19036.1 ms
block 19/40 - 55/120  19038.8 ms
block 20/40 - 58/120  19033.8 ms
block 21/40 - 61/120  19053.2 ms
block 22/40 - 64/120  19043.3 ms
block 23/40 - 67/120  19044.4 ms
block 24/40 - 70/120  19060.9 ms
block 25/40 - 73/120  19065.3 ms
block 26/40 - 76/120  19071.5 ms
block 27/40 - 79/120  19147.5 ms
block 28/40 - 82/120  19037.8 ms
block 29/40 - 85/120  19047.1 ms
block 30/40 - 88/120  19040.4 ms
block 31/40 - 91/120  19052.5 ms
block 32/40 - 94/120  19045.4 ms
block 33/40 - 97/120  19043.1 ms
block 34/40 - 100/120  19041.4 ms
block 35/40 - 103/120  19039.8 ms
block 36/40 - 106/120  19032.0 ms
block 37/40 - 109/120  19042.3 ms
block 38/40 - 112/120  19043.0 ms
block 39/40 - 115/120  19083.2 ms
block 40/40 - 118/120  19053.8 ms
[1/128] elapsed=16.9m  avg=1011.1s/prompt  eta=2140.1m
/apdcephfs_gy2/share_303214315/cedricnie/miniconda3/envs/longlive/lib/python3.10/site-packages/torchvision/io/_video_deprecation_warning.py:9: UserWarning: The video decoding and encoding capabilities of torchvision are deprecated from version 0.22 and will be removed in version 0.24. We recommend that you migrate to TorchCodec, where we'll consolidate the future decoding/encoding capabilities of PyTorch: https://github.com/pytorch/torchcodec
  warnings.warn(
block 1/40 - 1/120  16671.8 ms
block 2/40 - 4/120  16954.3 ms
block 3/40 - 7/120  17307.6 ms
block 4/40 - 10/120  17839.4 ms
block 5/40 - 13/120  18147.9 ms
block 6/40 - 16/120  18638.4 ms
block 7/40 - 19/120  18921.0 ms
block 8/40 - 22/120  18710.6 ms
block 9/40 - 25/120  18757.4 ms
block 10/40 - 28/120  18771.7 ms
block 11/40 - 31/120  18832.5 ms
block 12/40 - 34/120  18850.7 ms
block 13/40 - 37/120  19035.6 ms
block 14/40 - 40/120  19036.3 ms
block 15/40 - 43/120  19039.9 ms
block 16/40 - 46/120  19031.4 ms
block 17/40 - 49/120  19054.1 ms
block 18/40 - 52/120  19040.2 ms
block 19/40 - 55/120  19046.6 ms
block 20/40 - 58/120  19024.6 ms
block 21/40 - 61/120  19033.2 ms
block 22/40 - 64/120  19030.4 ms
block 23/40 - 67/120  19023.4 ms
block 24/40 - 70/120  19026.1 ms
block 25/40 - 73/120  19027.5 ms
block 26/40 - 76/120  19028.2 ms
block 27/40 - 79/120  19029.2 ms
block 28/40 - 82/120  19042.6 ms
block 29/40 - 85/120  19043.2 ms
block 30/40 - 88/120  19043.2 ms
block 31/40 - 91/120  19044.6 ms
block 32/40 - 94/120  19056.2 ms
block 33/40 - 97/120  19040.6 ms
block 34/40 - 100/120  19034.2 ms
block 35/40 - 103/120  19028.9 ms
block 36/40 - 106/120  19033.7 ms
block 37/40 - 109/120  19039.1 ms
block 38/40 - 112/120  19078.1 ms
block 39/40 - 115/120  19059.9 ms
block 40/40 - 118/120  19033.4 ms
[17/128] elapsed=29.4m  avg=103.8s/prompt  eta=192.0m
block 1/40 - 1/120  16356.6 ms
block 2/40 - 4/120  16954.2 ms
block 3/40 - 7/120  17306.0 ms
block 4/40 - 10/120  17839.6 ms
block 5/40 - 13/120  18155.5 ms
block 6/40 - 16/120  18610.7 ms
block 7/40 - 19/120  18681.2 ms
block 8/40 - 22/120  18678.9 ms
block 9/40 - 25/120  18756.9 ms
block 10/40 - 28/120  18761.9 ms
block 11/40 - 31/120  18782.6 ms
block 12/40 - 34/120  18827.9 ms
block 13/40 - 37/120  19031.0 ms
block 14/40 - 40/120  19029.2 ms
block 15/40 - 43/120  19040.5 ms
block 16/40 - 46/120  19028.0 ms
block 17/40 - 49/120  19030.0 ms
block 18/40 - 52/120  19020.1 ms
block 19/40 - 55/120  19033.8 ms
block 20/40 - 58/120  19028.4 ms
block 21/40 - 61/120  19027.5 ms
block 22/40 - 64/120  19028.1 ms
block 23/40 - 67/120  19027.6 ms
block 24/40 - 70/120  19022.5 ms
block 25/40 - 73/120  19025.1 ms
block 26/40 - 76/120  19029.3 ms
block 27/40 - 79/120  19027.6 ms
block 28/40 - 82/120  19023.9 ms
block 29/40 - 85/120  19022.9 ms
block 30/40 - 88/120  19024.0 ms
block 31/40 - 91/120  19038.3 ms
block 32/40 - 94/120  19020.5 ms
block 33/40 - 97/120  19023.5 ms
block 34/40 - 100/120  19067.2 ms
block 35/40 - 103/120  19025.7 ms
block 36/40 - 106/120  19132.3 ms
block 37/40 - 109/120  19015.7 ms
block 38/40 - 112/120  19030.9 ms
block 39/40 - 115/120  19025.8 ms
block 40/40 - 118/120  19000.3 ms
[33/128] elapsed=41.9m  avg=76.2s/prompt  eta=120.7m
block 1/40 - 1/120  16351.3 ms
block 2/40 - 4/120  16955.4 ms
block 3/40 - 7/120  17306.1 ms
block 4/40 - 10/120  17966.8 ms
block 5/40 - 13/120  18153.0 ms
block 6/40 - 16/120  18612.7 ms
block 7/40 - 19/120  18678.6 ms
block 8/40 - 22/120  18680.2 ms
block 9/40 - 25/120  18757.8 ms
block 10/40 - 28/120  18758.9 ms
block 11/40 - 31/120  18799.9 ms
block 12/40 - 34/120  18829.9 ms
block 13/40 - 37/120  19026.6 ms
block 14/40 - 40/120  19025.6 ms
block 15/40 - 43/120  19029.4 ms
block 16/40 - 46/120  19057.8 ms
block 17/40 - 49/120  19032.4 ms
block 18/40 - 52/120  19028.7 ms
block 19/40 - 55/120  19094.6 ms
block 20/40 - 58/120  19097.0 ms
block 21/40 - 61/120  19030.1 ms
block 22/40 - 64/120  19094.8 ms
block 23/40 - 67/120  19037.9 ms
block 24/40 - 70/120  19011.5 ms
block 25/40 - 73/120  19044.2 ms
block 26/40 - 76/120  19030.9 ms
block 27/40 - 79/120  19038.4 ms
block 28/40 - 82/120  19039.6 ms
block 29/40 - 85/120  19033.1 ms
block 30/40 - 88/120  19103.1 ms
block 31/40 - 91/120  19031.9 ms
block 32/40 - 94/120  19034.5 ms
block 33/40 - 97/120  19035.7 ms
block 34/40 - 100/120  19030.8 ms
block 35/40 - 103/120  19049.0 ms
block 36/40 - 106/120  19067.7 ms
block 37/40 - 109/120  19018.9 ms
block 38/40 - 112/120  19037.3 ms
block 39/40 - 115/120  19026.9 ms
block 40/40 - 118/120  19036.2 ms
[49/128] elapsed=54.5m  avg=66.7s/prompt  eta=87.8m
block 1/40 - 1/120  16335.1 ms
block 2/40 - 4/120  16955.7 ms
block 3/40 - 7/120  17305.1 ms
block 4/40 - 10/120  17847.5 ms
block 5/40 - 13/120  18148.5 ms
block 6/40 - 16/120  18619.4 ms
block 7/40 - 19/120  18675.8 ms
block 8/40 - 22/120  18681.5 ms
block 9/40 - 25/120  18754.5 ms
block 10/40 - 28/120  18758.7 ms
block 11/40 - 31/120  18797.2 ms
block 12/40 - 34/120  19061.6 ms
block 13/40 - 37/120  19033.8 ms
block 14/40 - 40/120  19034.0 ms
block 15/40 - 43/120  19028.5 ms
block 16/40 - 46/120  19028.2 ms
block 17/40 - 49/120  19024.7 ms
block 18/40 - 52/120  19026.3 ms
block 19/40 - 55/120  19026.7 ms
block 20/40 - 58/120  19051.2 ms
block 21/40 - 61/120  19023.8 ms
block 22/40 - 64/120  19026.6 ms
block 23/40 - 67/120  19028.8 ms
block 24/40 - 70/120  19025.8 ms
block 25/40 - 73/120  19032.8 ms
block 26/40 - 76/120  19039.6 ms
block 27/40 - 79/120  19032.0 ms
block 28/40 - 82/120  19032.7 ms
block 29/40 - 85/120  19029.0 ms
block 30/40 - 88/120  19046.4 ms
block 31/40 - 91/120  19028.6 ms
block 32/40 - 94/120  19038.8 ms
block 33/40 - 97/120  19031.3 ms
block 34/40 - 100/120  19028.7 ms
block 35/40 - 103/120  19031.5 ms
block 36/40 - 106/120  19094.9 ms
block 37/40 - 109/120  19058.2 ms
block 38/40 - 112/120  19032.1 ms
block 39/40 - 115/120  19031.2 ms
block 40/40 - 118/120  19027.0 ms
[65/128] elapsed=67.0m  avg=61.9s/prompt  eta=65.0m
block 1/40 - 1/120  16302.5 ms
block 2/40 - 4/120  16953.6 ms
block 3/40 - 7/120  17304.7 ms
block 4/40 - 10/120  17850.4 ms
block 5/40 - 13/120  18147.8 ms
block 6/40 - 16/120  18613.8 ms
block 7/40 - 19/120  18675.6 ms
block 8/40 - 22/120  18686.5 ms
block 9/40 - 25/120  18750.9 ms
block 10/40 - 28/120  18758.6 ms
block 11/40 - 31/120  18786.1 ms
block 12/40 - 34/120  18831.9 ms
block 13/40 - 37/120  19025.3 ms
block 14/40 - 40/120  19035.4 ms
block 15/40 - 43/120  19028.8 ms
block 16/40 - 46/120  19041.9 ms
block 17/40 - 49/120  19090.1 ms
block 18/40 - 52/120  19048.6 ms
block 19/40 - 55/120  19031.3 ms
block 20/40 - 58/120  19029.7 ms
block 21/40 - 61/120  19030.2 ms
block 22/40 - 64/120  19028.8 ms
block 23/40 - 67/120  19036.3 ms
block 24/40 - 70/120  19041.4 ms
block 25/40 - 73/120  19033.4 ms
block 26/40 - 76/120  19043.1 ms
block 27/40 - 79/120  19048.1 ms
block 28/40 - 82/120  19028.4 ms
block 29/40 - 85/120  19044.0 ms
block 30/40 - 88/120  19026.6 ms
block 31/40 - 91/120  19031.2 ms
block 32/40 - 94/120  19034.4 ms
block 33/40 - 97/120  19027.6 ms
block 34/40 - 100/120  19029.1 ms
block 35/40 - 103/120  19029.7 ms
block 36/40 - 106/120  19030.2 ms
block 37/40 - 109/120  19033.6 ms
block 38/40 - 112/120  19051.9 ms
block 39/40 - 115/120  19032.2 ms
block 40/40 - 118/120  19034.5 ms
[81/128] elapsed=79.5m  avg=58.9s/prompt  eta=46.2m
block 1/40 - 1/120  16253.9 ms
block 2/40 - 4/120  16953.1 ms
block 3/40 - 7/120  17309.7 ms
block 4/40 - 10/120  17750.5 ms
block 5/40 - 13/120  18367.1 ms
block 6/40 - 16/120  18619.5 ms
block 7/40 - 19/120  18675.8 ms
block 8/40 - 22/120  18681.7 ms
block 9/40 - 25/120  18757.5 ms
block 10/40 - 28/120  18756.9 ms
block 11/40 - 31/120  18828.7 ms
block 12/40 - 34/120  18831.3 ms
block 13/40 - 37/120  19026.3 ms
block 14/40 - 40/120  19030.2 ms
block 15/40 - 43/120  19035.3 ms
block 16/40 - 46/120  19026.0 ms
block 17/40 - 49/120  19068.8 ms
block 18/40 - 52/120  19023.5 ms
block 19/40 - 55/120  19030.2 ms
block 20/40 - 58/120  19033.7 ms
block 21/40 - 61/120  19031.8 ms
block 22/40 - 64/120  19035.2 ms
block 23/40 - 67/120  19037.4 ms
block 24/40 - 70/120  19027.8 ms
block 25/40 - 73/120  19032.4 ms
block 26/40 - 76/120  19026.2 ms
block 27/40 - 79/120  19029.7 ms
block 28/40 - 82/120  19034.5 ms
block 29/40 - 85/120  19034.4 ms
block 30/40 - 88/120  19030.5 ms
block 31/40 - 91/120  19030.9 ms
block 32/40 - 94/120  19021.3 ms
block 33/40 - 97/120  19027.7 ms
block 34/40 - 100/120  19027.6 ms
block 35/40 - 103/120  19029.4 ms
block 36/40 - 106/120  19031.6 ms
block 37/40 - 109/120  19028.4 ms
block 38/40 - 112/120  19026.7 ms
block 39/40 - 115/120  19029.2 ms
block 40/40 - 118/120  19022.1 ms
[97/128] elapsed=92.1m  avg=57.0s/prompt  eta=29.4m
block 1/40 - 1/120  16329.2 ms
block 2/40 - 4/120  16956.4 ms
block 3/40 - 7/120  17307.4 ms
block 4/40 - 10/120  17840.2 ms
block 5/40 - 13/120  18148.9 ms
block 6/40 - 16/120  18630.8 ms
block 7/40 - 19/120  18679.8 ms
block 8/40 - 22/120  18706.7 ms
block 9/40 - 25/120  18758.1 ms
block 10/40 - 28/120  18767.1 ms
block 11/40 - 31/120  18842.7 ms
block 12/40 - 34/120  18843.1 ms
block 13/40 - 37/120  19044.1 ms
block 14/40 - 40/120  19034.1 ms
block 15/40 - 43/120  19038.0 ms
block 16/40 - 46/120  19029.9 ms
block 17/40 - 49/120  19044.4 ms
block 18/40 - 52/120  19039.1 ms
block 19/40 - 55/120  19033.4 ms
block 20/40 - 58/120  19043.1 ms
block 21/40 - 61/120  19031.9 ms
block 22/40 - 64/120  19040.8 ms
block 23/40 - 67/120  19050.7 ms
block 24/40 - 70/120  19044.7 ms
block 25/40 - 73/120  19044.9 ms
block 26/40 - 76/120  19114.7 ms
block 27/40 - 79/120  19050.5 ms
block 28/40 - 82/120  19087.5 ms
block 29/40 - 85/120  19063.2 ms
block 30/40 - 88/120  19050.5 ms
block 31/40 - 91/120  19046.0 ms
block 32/40 - 94/120  19054.7 ms
block 33/40 - 97/120  19062.2 ms
block 34/40 - 100/120  19055.9 ms
block 35/40 - 103/120  19049.1 ms
block 36/40 - 106/120  19053.4 ms
block 37/40 - 109/120  19063.7 ms
block 38/40 - 112/120  19049.6 ms
block 39/40 - 115/120  19049.7 ms
block 40/40 - 118/120  19068.9 ms
[113/128] elapsed=104.6m  avg=55.6s/prompt  eta=13.9m
