Running on a single GPU (cuda); skipping NCCL initialization.
Free VRAM 93.14923095703125 GB
Loading CUDA extension (first run compiles ~60s; cached run ~3s)...
CUDA extension ready in 126.2s.
[CacheCompatibilityPolicy] recent=20:0 coverage=21:360 episode=22:0 coverage_policy=retrieval budget=9FFE read_budget=9FFE owner=HeadComposition
KV inference with 3 frames per block
Number of prompts: 128
Prompt index range: [0, 128)
Loading PyramidKV config from /apdcephfs_gy2/share_303214315/cedricnie/develop/training-free/runs/v182_structured_coverage/inputs/maps/all_coverage_retrieval.csv
block 1/40 - 1/120  232706.1 ms
block 2/40 - 4/120  30585.1 ms
block 3/40 - 7/120  31096.7 ms
block 4/40 - 10/120  32040.6 ms
block 5/40 - 13/120  32458.7 ms
block 6/40 - 16/120  33154.8 ms
block 7/40 - 19/120  33148.5 ms
block 8/40 - 22/120  33196.4 ms
block 9/40 - 25/120  33285.8 ms
block 10/40 - 28/120  33384.9 ms
block 11/40 - 31/120  33342.5 ms
block 12/40 - 34/120  33416.8 ms
block 13/40 - 37/120  33432.6 ms
block 14/40 - 40/120  33462.2 ms
block 15/40 - 43/120  33457.2 ms
block 16/40 - 46/120  33541.9 ms
block 17/40 - 49/120  33442.0 ms
block 18/40 - 52/120  33456.4 ms
block 19/40 - 55/120  33467.0 ms
block 20/40 - 58/120  33456.8 ms
block 21/40 - 61/120  33466.5 ms
block 22/40 - 64/120  33461.3 ms
block 23/40 - 67/120  33468.7 ms
block 24/40 - 70/120  33493.1 ms
block 25/40 - 73/120  33456.3 ms
block 26/40 - 76/120  33458.3 ms
block 27/40 - 79/120  33472.8 ms
block 28/40 - 82/120  33443.8 ms
block 29/40 - 85/120  33466.3 ms
block 30/40 - 88/120  33447.2 ms
block 31/40 - 91/120  33479.5 ms
block 32/40 - 94/120  33467.3 ms
block 33/40 - 97/120  33454.6 ms
block 34/40 - 100/120  33481.5 ms
block 35/40 - 103/120  33463.7 ms
block 36/40 - 106/120  33468.1 ms
block 37/40 - 109/120  33470.3 ms
block 38/40 - 112/120  33470.7 ms
block 39/40 - 115/120  33463.0 ms
block 40/40 - 118/120  33460.6 ms
/apdcephfs_gy2/share_303214315/cedricnie/miniconda3/envs/longlive/lib/python3.10/site-packages/torchvision/io/_video_deprecation_warning.py:9: UserWarning: The video decoding and encoding capabilities of torchvision are deprecated from version 0.22 and will be removed in version 0.24. We recommend that you migrate to TorchCodec, where we'll consolidate the future decoding/encoding capabilities of PyTorch: https://github.com/pytorch/torchcodec
  warnings.warn(
[13/128] elapsed=25.8m  avg=118.9s/prompt  eta=227.9m
block 1/40 - 1/120  28740.0 ms
block 2/40 - 4/120  30844.4 ms
block 3/40 - 7/120  31210.1 ms
block 4/40 - 10/120  31899.4 ms
block 5/40 - 13/120  32512.6 ms
block 6/40 - 16/120  33218.3 ms
block 7/40 - 19/120  33349.0 ms
block 8/40 - 22/120  33142.7 ms
block 9/40 - 25/120  33132.4 ms
block 10/40 - 28/120  33268.5 ms
block 11/40 - 31/120  33263.9 ms
block 12/40 - 34/120  33273.1 ms
block 13/40 - 37/120  33464.3 ms
block 14/40 - 40/120  33484.1 ms
block 15/40 - 43/120  33485.4 ms
block 16/40 - 46/120  33494.6 ms
block 17/40 - 49/120  33498.6 ms
block 18/40 - 52/120  33486.6 ms
block 19/40 - 55/120  33481.4 ms
block 20/40 - 58/120  33487.3 ms
block 21/40 - 61/120  33465.4 ms
block 22/40 - 64/120  33485.9 ms
block 23/40 - 67/120  33544.4 ms
block 24/40 - 70/120  33548.3 ms
block 25/40 - 73/120  33559.8 ms
block 26/40 - 76/120  33543.5 ms
block 27/40 - 79/120  33546.0 ms
block 28/40 - 82/120  33461.9 ms
block 29/40 - 85/120  33426.0 ms
block 30/40 - 88/120  33448.0 ms
block 31/40 - 91/120  33444.9 ms
block 32/40 - 94/120  33446.0 ms
block 33/40 - 97/120  33434.0 ms
block 34/40 - 100/120  33451.9 ms
block 35/40 - 103/120  33454.0 ms
block 36/40 - 106/120  33697.3 ms
block 37/40 - 109/120  33463.8 ms
block 38/40 - 112/120  33445.0 ms
block 39/40 - 115/120  33469.6 ms
block 40/40 - 118/120  33461.9 ms
[29/128] elapsed=47.9m  avg=99.1s/prompt  eta=163.5m
block 1/40 - 1/120  28147.2 ms
block 2/40 - 4/120  30398.8 ms
block 3/40 - 7/120  31423.5 ms
block 4/40 - 10/120  31981.4 ms
block 5/40 - 13/120  32564.4 ms
block 6/40 - 16/120  33272.9 ms
block 7/40 - 19/120  33163.8 ms
block 8/40 - 22/120  33129.3 ms
block 9/40 - 25/120  33125.7 ms
block 10/40 - 28/120  33251.4 ms
block 11/40 - 31/120  33251.9 ms
block 12/40 - 34/120  33258.0 ms
block 13/40 - 37/120  33438.0 ms
block 14/40 - 40/120  33434.3 ms
block 15/40 - 43/120  33453.1 ms
block 16/40 - 46/120  33450.8 ms
block 17/40 - 49/120  33468.4 ms
block 18/40 - 52/120  33478.5 ms
block 19/40 - 55/120  33467.3 ms
block 20/40 - 58/120  33484.1 ms
block 21/40 - 61/120  33467.9 ms
block 22/40 - 64/120  33461.4 ms
block 23/40 - 67/120  33481.3 ms
block 24/40 - 70/120  33482.5 ms
block 25/40 - 73/120  33464.4 ms
block 26/40 - 76/120  33474.9 ms
block 27/40 - 79/120  33458.1 ms
block 28/40 - 82/120  33458.8 ms
block 29/40 - 85/120  33467.5 ms
block 30/40 - 88/120  33463.7 ms
block 31/40 - 91/120  33456.3 ms
block 32/40 - 94/120  33476.7 ms
block 33/40 - 97/120  33478.5 ms
block 34/40 - 100/120  33474.2 ms
block 35/40 - 103/120  33466.6 ms
block 36/40 - 106/120  33498.2 ms
block 37/40 - 109/120  33506.3 ms
block 38/40 - 112/120  33498.0 ms
block 39/40 - 115/120  33492.2 ms
block 40/40 - 118/120  33505.7 ms
[45/128] elapsed=70.0m  avg=93.3s/prompt  eta=129.1m
block 1/40 - 1/120  28286.2 ms
block 2/40 - 4/120  30473.4 ms
block 3/40 - 7/120  31345.6 ms
block 4/40 - 10/120  32368.6 ms
block 5/40 - 13/120  32608.5 ms
block 6/40 - 16/120  33166.1 ms
block 7/40 - 19/120  33203.7 ms
block 8/40 - 22/120  33225.9 ms
block 9/40 - 25/120  33221.7 ms
block 10/40 - 28/120  33320.4 ms
block 11/40 - 31/120  33330.7 ms
block 12/40 - 34/120  33255.0 ms
block 13/40 - 37/120  33436.3 ms
block 14/40 - 40/120  33429.0 ms
block 15/40 - 43/120  33439.5 ms
block 16/40 - 46/120  33437.5 ms
block 17/40 - 49/120  33439.8 ms
block 18/40 - 52/120  33445.6 ms
block 19/40 - 55/120  33445.7 ms
block 20/40 - 58/120  33450.7 ms
block 21/40 - 61/120  33446.4 ms
block 22/40 - 64/120  33424.6 ms
block 23/40 - 67/120  33461.2 ms
block 24/40 - 70/120  33463.6 ms
block 25/40 - 73/120  33460.9 ms
block 26/40 - 76/120  33461.9 ms
block 27/40 - 79/120  33456.4 ms
block 28/40 - 82/120  33458.4 ms
block 29/40 - 85/120  33467.0 ms
block 30/40 - 88/120  33488.6 ms
block 31/40 - 91/120  33469.2 ms
block 32/40 - 94/120  33463.2 ms
block 33/40 - 97/120  33472.5 ms
block 34/40 - 100/120  33485.3 ms
block 35/40 - 103/120  33467.7 ms
block 36/40 - 106/120  33469.9 ms
block 37/40 - 109/120  33461.8 ms
block 38/40 - 112/120  33474.3 ms
block 39/40 - 115/120  33454.8 ms
block 40/40 - 118/120  33469.8 ms
[61/128] elapsed=92.1m  avg=90.6s/prompt  eta=101.2m
block 1/40 - 1/120  28138.0 ms
block 2/40 - 4/120  30046.6 ms
block 3/40 - 7/120  30878.8 ms
block 4/40 - 10/120  32249.2 ms
block 5/40 - 13/120  32850.2 ms
block 6/40 - 16/120  33450.4 ms
block 7/40 - 19/120  33334.2 ms
block 8/40 - 22/120  33208.9 ms
block 9/40 - 25/120  33325.8 ms
block 10/40 - 28/120  33245.3 ms
block 11/40 - 31/120  33252.5 ms
block 12/40 - 34/120  33273.9 ms
block 13/40 - 37/120  33426.2 ms
block 14/40 - 40/120  33463.4 ms
block 15/40 - 43/120  33455.1 ms
block 16/40 - 46/120  33466.6 ms
block 17/40 - 49/120  33463.5 ms
block 18/40 - 52/120  33485.2 ms
block 19/40 - 55/120  33480.6 ms
block 20/40 - 58/120  33478.9 ms
block 21/40 - 61/120  33514.2 ms
block 22/40 - 64/120  33503.8 ms
block 23/40 - 67/120  33479.2 ms
block 24/40 - 70/120  33495.5 ms
block 25/40 - 73/120  33501.9 ms
block 26/40 - 76/120  33479.8 ms
block 27/40 - 79/120  33482.4 ms
block 28/40 - 82/120  33496.0 ms
block 29/40 - 85/120  33496.8 ms
block 30/40 - 88/120  33493.4 ms
block 31/40 - 91/120  33474.8 ms
block 32/40 - 94/120  33532.6 ms
block 33/40 - 97/120  33556.6 ms
block 34/40 - 100/120  33590.8 ms
block 35/40 - 103/120  33567.9 ms
block 36/40 - 106/120  33547.0 ms
block 37/40 - 109/120  33460.0 ms
block 38/40 - 112/120  33470.4 ms
block 39/40 - 115/120  33450.6 ms
block 40/40 - 118/120  33449.3 ms
[77/128] elapsed=114.2m  avg=89.0s/prompt  eta=75.6m
block 1/40 - 1/120  28543.0 ms
block 2/40 - 4/120  30052.0 ms
block 3/40 - 7/120  30795.1 ms
block 4/40 - 10/120  31937.9 ms
block 5/40 - 13/120  33031.3 ms
block 6/40 - 16/120  33568.9 ms
block 7/40 - 19/120  33564.6 ms
block 8/40 - 22/120  33265.6 ms
block 9/40 - 25/120  33162.0 ms
block 10/40 - 28/120  33241.3 ms
block 11/40 - 31/120  33246.8 ms
block 12/40 - 34/120  33267.7 ms
block 13/40 - 37/120  33444.9 ms
block 14/40 - 40/120  33449.4 ms
block 15/40 - 43/120  33433.5 ms
block 16/40 - 46/120  33436.2 ms
block 17/40 - 49/120  33458.1 ms
block 18/40 - 52/120  33451.1 ms
block 19/40 - 55/120  33453.3 ms
block 20/40 - 58/120  33454.3 ms
block 21/40 - 61/120  33456.2 ms
block 22/40 - 64/120  33462.6 ms
block 23/40 - 67/120  33466.4 ms
block 24/40 - 70/120  33469.6 ms
block 25/40 - 73/120  33462.5 ms
block 26/40 - 76/120  33457.2 ms
block 27/40 - 79/120  33476.7 ms
block 28/40 - 82/120  33477.8 ms
block 29/40 - 85/120  33470.9 ms
block 30/40 - 88/120  33468.8 ms
block 31/40 - 91/120  33458.5 ms
block 32/40 - 94/120  33474.5 ms
block 33/40 - 97/120  33476.9 ms
block 34/40 - 100/120  33466.2 ms
block 35/40 - 103/120  33462.9 ms
block 36/40 - 106/120  33461.1 ms
block 37/40 - 109/120  33466.2 ms
block 38/40 - 112/120  33463.8 ms
block 39/40 - 115/120  33472.0 ms
block 40/40 - 118/120  33465.4 ms
[93/128] elapsed=136.3m  avg=87.9s/prompt  eta=51.3m
block 1/40 - 1/120  28140.0 ms
block 2/40 - 4/120  30062.8 ms
block 3/40 - 7/120  31251.5 ms
block 4/40 - 10/120  31608.0 ms
block 5/40 - 13/120  32747.4 ms
block 6/40 - 16/120  33514.3 ms
block 7/40 - 19/120  33499.4 ms
block 8/40 - 22/120  33396.5 ms
block 9/40 - 25/120  33270.2 ms
block 10/40 - 28/120  33256.1 ms
block 11/40 - 31/120  33258.8 ms
block 12/40 - 34/120  33294.7 ms
block 13/40 - 37/120  33459.9 ms
block 14/40 - 40/120  33464.5 ms
block 15/40 - 43/120  33457.3 ms
block 16/40 - 46/120  33470.6 ms
block 17/40 - 49/120  33527.3 ms
block 18/40 - 52/120  33546.0 ms
block 19/40 - 55/120  33559.3 ms
block 20/40 - 58/120  33562.2 ms
block 21/40 - 61/120  33557.0 ms
block 22/40 - 64/120  33478.5 ms
block 23/40 - 67/120  33451.2 ms
block 24/40 - 70/120  33444.5 ms
block 25/40 - 73/120  33442.7 ms
block 26/40 - 76/120  33445.3 ms
block 27/40 - 79/120  33465.0 ms
block 28/40 - 82/120  33438.7 ms
block 29/40 - 85/120  33485.5 ms
block 30/40 - 88/120  33457.7 ms
block 31/40 - 91/120  33460.0 ms
block 32/40 - 94/120  33476.1 ms
block 33/40 - 97/120  33453.7 ms
block 34/40 - 100/120  33450.3 ms
block 35/40 - 103/120  33449.5 ms
block 36/40 - 106/120  33451.1 ms
block 37/40 - 109/120  33467.0 ms
block 38/40 - 112/120  33456.5 ms
block 39/40 - 115/120  33517.0 ms
block 40/40 - 118/120  33464.7 ms
[109/128] elapsed=158.4m  avg=87.2s/prompt  eta=27.6m
block 1/40 - 1/120  28159.6 ms
block 2/40 - 4/120  30051.1 ms
block 3/40 - 7/120  30804.3 ms
block 4/40 - 10/120  31779.2 ms
block 5/40 - 13/120  32419.2 ms
block 6/40 - 16/120  33567.9 ms
block 7/40 - 19/120  33578.0 ms
block 8/40 - 22/120  33572.5 ms
block 9/40 - 25/120  33533.6 ms
block 10/40 - 28/120  33331.4 ms
block 11/40 - 31/120  33255.6 ms
block 12/40 - 34/120  33255.4 ms
block 13/40 - 37/120  33458.6 ms
block 14/40 - 40/120  33418.5 ms
block 15/40 - 43/120  33447.5 ms
block 16/40 - 46/120  33465.8 ms
block 17/40 - 49/120  33454.7 ms
block 18/40 - 52/120  33459.6 ms
block 19/40 - 55/120  33470.2 ms
block 20/40 - 58/120  33458.0 ms
block 21/40 - 61/120  33468.6 ms
block 22/40 - 64/120  33482.6 ms
block 23/40 - 67/120  33468.4 ms
block 24/40 - 70/120  33478.2 ms
block 25/40 - 73/120  33467.0 ms
block 26/40 - 76/120  33462.8 ms
block 27/40 - 79/120  33436.5 ms
block 28/40 - 82/120  33487.2 ms
block 29/40 - 85/120  33501.9 ms
block 30/40 - 88/120  33493.3 ms
block 31/40 - 91/120  33504.7 ms
block 32/40 - 94/120  33480.6 ms
block 33/40 - 97/120  33496.7 ms
block 34/40 - 100/120  33485.4 ms
block 35/40 - 103/120  33483.1 ms
block 36/40 - 106/120  33483.1 ms
block 37/40 - 109/120  33477.0 ms
block 38/40 - 112/120  33469.8 ms
block 39/40 - 115/120  33472.6 ms
block 40/40 - 118/120  33474.3 ms
[125/128] elapsed=180.5m  avg=86.7s/prompt  eta=4.3m
