Running on a single GPU (cuda); skipping NCCL initialization.
Free VRAM 93.9339599609375 GB
Loading CUDA extension (first run compiles ~60s; cached run ~3s)...
CUDA extension ready in 140.0s.
[CacheCompatibilityPolicy] recent=20:0 coverage=21:360 episode=22:0 coverage_policy=retrieval budget=9FFE read_budget=9FFE owner=HeadComposition
KV inference with 3 frames per block
Number of prompts: 128
Prompt index range: [0, 128)
Loading PyramidKV config from /apdcephfs_gy2/share_303214315/cedricnie/develop/training-free/runs/v182_structured_coverage/inputs/maps/all_coverage_retrieval.csv
block 1/40 - 1/120  257356.8 ms
block 2/40 - 4/120  16839.7 ms
block 3/40 - 7/120  17374.2 ms
block 4/40 - 10/120  17883.4 ms
block 5/40 - 13/120  18193.6 ms
block 6/40 - 16/120  19047.6 ms
block 7/40 - 19/120  18721.6 ms
block 8/40 - 22/120  18768.3 ms
block 9/40 - 25/120  18850.2 ms
block 10/40 - 28/120  18859.3 ms
block 11/40 - 31/120  18896.3 ms
block 12/40 - 34/120  18906.3 ms
block 13/40 - 37/120  19069.8 ms
block 14/40 - 40/120  19183.2 ms
block 15/40 - 43/120  19038.5 ms
block 16/40 - 46/120  19069.6 ms
block 17/40 - 49/120  19075.0 ms
block 18/40 - 52/120  19068.3 ms
block 19/40 - 55/120  19073.4 ms
block 20/40 - 58/120  19068.9 ms
block 21/40 - 61/120  19072.7 ms
block 22/40 - 64/120  19064.8 ms
block 23/40 - 67/120  19070.7 ms
block 24/40 - 70/120  19069.9 ms
block 25/40 - 73/120  19101.8 ms
block 26/40 - 76/120  19088.0 ms
block 27/40 - 79/120  19070.8 ms
block 28/40 - 82/120  19069.9 ms
block 29/40 - 85/120  19076.1 ms
block 30/40 - 88/120  19068.9 ms
block 31/40 - 91/120  19072.0 ms
block 32/40 - 94/120  19078.1 ms
block 33/40 - 97/120  19074.0 ms
block 34/40 - 100/120  19074.9 ms
block 35/40 - 103/120  19078.6 ms
block 36/40 - 106/120  19074.1 ms
block 37/40 - 109/120  19078.1 ms
block 38/40 - 112/120  19075.0 ms
block 39/40 - 115/120  19108.1 ms
block 40/40 - 118/120  19078.8 ms
[3/128] elapsed=16.9m  avg=337.3s/prompt  eta=702.8m
/apdcephfs_gy2/share_303214315/cedricnie/miniconda3/envs/longlive/lib/python3.10/site-packages/torchvision/io/_video_deprecation_warning.py:9: UserWarning: The video decoding and encoding capabilities of torchvision are deprecated from version 0.22 and will be removed in version 0.24. We recommend that you migrate to TorchCodec, where we'll consolidate the future decoding/encoding capabilities of PyTorch: https://github.com/pytorch/torchcodec
  warnings.warn(
block 1/40 - 1/120  16396.9 ms
block 2/40 - 4/120  17058.2 ms
block 3/40 - 7/120  17331.5 ms
block 4/40 - 10/120  17872.3 ms
block 5/40 - 13/120  18176.4 ms
block 6/40 - 16/120  18645.8 ms
block 7/40 - 19/120  18968.6 ms
block 8/40 - 22/120  18727.4 ms
block 9/40 - 25/120  18742.2 ms
block 10/40 - 28/120  18798.1 ms
block 11/40 - 31/120  18817.2 ms
block 12/40 - 34/120  18873.4 ms
block 13/40 - 37/120  19082.1 ms
block 14/40 - 40/120  19208.9 ms
block 15/40 - 43/120  19071.3 ms
block 16/40 - 46/120  19070.2 ms
block 17/40 - 49/120  19073.5 ms
block 18/40 - 52/120  19064.8 ms
block 19/40 - 55/120  19074.2 ms
block 20/40 - 58/120  19061.1 ms
block 21/40 - 61/120  19065.7 ms
block 22/40 - 64/120  19070.7 ms
block 23/40 - 67/120  19089.6 ms
block 24/40 - 70/120  19067.9 ms
block 25/40 - 73/120  19070.6 ms
block 26/40 - 76/120  19067.1 ms
block 27/40 - 79/120  19067.8 ms
block 28/40 - 82/120  19068.0 ms
block 29/40 - 85/120  19076.0 ms
block 30/40 - 88/120  19069.1 ms
block 31/40 - 91/120  19076.8 ms
block 32/40 - 94/120  19068.5 ms
block 33/40 - 97/120  19070.7 ms
block 34/40 - 100/120  19071.0 ms
block 35/40 - 103/120  19072.3 ms
block 36/40 - 106/120  19095.9 ms
block 37/40 - 109/120  19139.6 ms
block 38/40 - 112/120  19105.8 ms
block 39/40 - 115/120  19078.0 ms
block 40/40 - 118/120  19090.8 ms
[19/128] elapsed=29.4m  avg=93.0s/prompt  eta=168.9m
block 1/40 - 1/120  16377.3 ms
block 2/40 - 4/120  17057.5 ms
block 3/40 - 7/120  17339.3 ms
block 4/40 - 10/120  17868.3 ms
block 5/40 - 13/120  18182.1 ms
block 6/40 - 16/120  18647.8 ms
block 7/40 - 19/120  18718.3 ms
block 8/40 - 22/120  18718.6 ms
block 9/40 - 25/120  18799.0 ms
block 10/40 - 28/120  18805.7 ms
block 11/40 - 31/120  18875.6 ms
block 12/40 - 34/120  18884.9 ms
block 13/40 - 37/120  19068.7 ms
block 14/40 - 40/120  19073.9 ms
block 15/40 - 43/120  19075.0 ms
block 16/40 - 46/120  19083.5 ms
block 17/40 - 49/120  19068.8 ms
block 18/40 - 52/120  19069.1 ms
block 19/40 - 55/120  19070.5 ms
block 20/40 - 58/120  19069.7 ms
block 21/40 - 61/120  19069.0 ms
block 22/40 - 64/120  19074.7 ms
block 23/40 - 67/120  19073.6 ms
block 24/40 - 70/120  19074.2 ms
block 25/40 - 73/120  19074.1 ms
block 26/40 - 76/120  19073.6 ms
block 27/40 - 79/120  19078.6 ms
block 28/40 - 82/120  19077.4 ms
block 29/40 - 85/120  19077.8 ms
block 30/40 - 88/120  19076.2 ms
block 31/40 - 91/120  19076.8 ms
block 32/40 - 94/120  19070.4 ms
block 33/40 - 97/120  19076.9 ms
block 34/40 - 100/120  19086.8 ms
block 35/40 - 103/120  19078.1 ms
block 36/40 - 106/120  19073.1 ms
block 37/40 - 109/120  19075.3 ms
block 38/40 - 112/120  19146.6 ms
block 39/40 - 115/120  19074.7 ms
block 40/40 - 118/120  19075.7 ms
[35/128] elapsed=42.0m  avg=72.0s/prompt  eta=111.6m
block 1/40 - 1/120  16380.5 ms
block 2/40 - 4/120  17060.3 ms
block 3/40 - 7/120  17335.6 ms
block 4/40 - 10/120  18125.1 ms
block 5/40 - 13/120  18182.1 ms
block 6/40 - 16/120  18646.9 ms
block 7/40 - 19/120  18717.8 ms
block 8/40 - 22/120  18718.7 ms
block 9/40 - 25/120  18767.8 ms
block 10/40 - 28/120  18796.6 ms
block 11/40 - 31/120  18814.9 ms
block 12/40 - 34/120  18872.3 ms
block 13/40 - 37/120  19068.2 ms
block 14/40 - 40/120  19073.3 ms
block 15/40 - 43/120  19069.6 ms
block 16/40 - 46/120  19069.4 ms
block 17/40 - 49/120  19069.8 ms
block 18/40 - 52/120  19066.9 ms
block 19/40 - 55/120  19071.7 ms
block 20/40 - 58/120  19073.2 ms
block 21/40 - 61/120  19048.5 ms
block 22/40 - 64/120  19075.2 ms
block 23/40 - 67/120  19080.9 ms
block 24/40 - 70/120  19140.9 ms
block 25/40 - 73/120  19074.2 ms
block 26/40 - 76/120  19134.3 ms
block 27/40 - 79/120  19080.0 ms
block 28/40 - 82/120  19073.8 ms
block 29/40 - 85/120  19077.3 ms
block 30/40 - 88/120  19117.8 ms
block 31/40 - 91/120  19073.5 ms
block 32/40 - 94/120  19077.5 ms
block 33/40 - 97/120  19079.0 ms
block 34/40 - 100/120  19073.9 ms
block 35/40 - 103/120  19076.1 ms
block 36/40 - 106/120  19080.3 ms
block 37/40 - 109/120  19074.9 ms
block 38/40 - 112/120  19078.2 ms
block 39/40 - 115/120  19079.6 ms
block 40/40 - 118/120  19074.8 ms
[51/128] elapsed=54.6m  avg=64.2s/prompt  eta=82.4m
block 1/40 - 1/120  16295.7 ms
block 2/40 - 4/120  16972.4 ms
block 3/40 - 7/120  17363.0 ms
block 4/40 - 10/120  17867.9 ms
block 5/40 - 13/120  18177.8 ms
block 6/40 - 16/120  18678.3 ms
block 7/40 - 19/120  18716.9 ms
block 8/40 - 22/120  18719.9 ms
block 9/40 - 25/120  18794.8 ms
block 10/40 - 28/120  18799.9 ms
block 11/40 - 31/120  18813.4 ms
block 12/40 - 34/120  18868.6 ms
block 13/40 - 37/120  19071.0 ms
block 14/40 - 40/120  19067.6 ms
block 15/40 - 43/120  19069.9 ms
block 16/40 - 46/120  19068.4 ms
block 17/40 - 49/120  19077.7 ms
block 18/40 - 52/120  19069.2 ms
block 19/40 - 55/120  19073.7 ms
block 20/40 - 58/120  19079.7 ms
block 21/40 - 61/120  19079.7 ms
block 22/40 - 64/120  19079.8 ms
block 23/40 - 67/120  19083.8 ms
block 24/40 - 70/120  19083.6 ms
block 25/40 - 73/120  19077.5 ms
block 26/40 - 76/120  19077.2 ms
block 27/40 - 79/120  19081.6 ms
block 28/40 - 82/120  19071.6 ms
block 29/40 - 85/120  19219.0 ms
block 30/40 - 88/120  19078.8 ms
block 31/40 - 91/120  19081.8 ms
block 32/40 - 94/120  19077.8 ms
block 33/40 - 97/120  19080.8 ms
block 34/40 - 100/120  19085.5 ms
block 35/40 - 103/120  19076.6 ms
block 36/40 - 106/120  19078.9 ms
block 37/40 - 109/120  19073.6 ms
block 38/40 - 112/120  19072.7 ms
block 39/40 - 115/120  19074.7 ms
block 40/40 - 118/120  19079.0 ms
[67/128] elapsed=67.1m  avg=60.1s/prompt  eta=61.1m
block 1/40 - 1/120  16536.5 ms
block 2/40 - 4/120  17060.7 ms
block 3/40 - 7/120  17338.7 ms
block 4/40 - 10/120  17870.3 ms
block 5/40 - 13/120  18180.5 ms
block 6/40 - 16/120  18648.6 ms
block 7/40 - 19/120  18719.1 ms
block 8/40 - 22/120  18720.0 ms
block 9/40 - 25/120  18796.8 ms
block 10/40 - 28/120  18797.4 ms
block 11/40 - 31/120  18882.3 ms
block 12/40 - 34/120  18871.3 ms
block 13/40 - 37/120  19072.5 ms
block 14/40 - 40/120  19077.4 ms
block 15/40 - 43/120  19090.9 ms
block 16/40 - 46/120  19139.1 ms
block 17/40 - 49/120  19066.3 ms
block 18/40 - 52/120  19072.0 ms
block 19/40 - 55/120  19067.1 ms
block 20/40 - 58/120  19068.4 ms
block 21/40 - 61/120  19076.7 ms
block 22/40 - 64/120  19069.9 ms
block 23/40 - 67/120  19077.3 ms
block 24/40 - 70/120  19068.2 ms
block 25/40 - 73/120  19073.3 ms
block 26/40 - 76/120  19092.1 ms
block 27/40 - 79/120  19070.4 ms
block 28/40 - 82/120  19129.7 ms
block 29/40 - 85/120  19070.0 ms
block 30/40 - 88/120  19075.5 ms
block 31/40 - 91/120  19077.1 ms
block 32/40 - 94/120  19084.1 ms
block 33/40 - 97/120  19072.2 ms
block 34/40 - 100/120  19091.6 ms
block 35/40 - 103/120  19071.4 ms
block 36/40 - 106/120  19076.9 ms
block 37/40 - 109/120  19083.1 ms
block 38/40 - 112/120  19079.4 ms
block 39/40 - 115/120  19084.8 ms
block 40/40 - 118/120  19086.6 ms
[83/128] elapsed=79.7m  avg=57.6s/prompt  eta=43.2m
block 1/40 - 1/120  16332.8 ms
block 2/40 - 4/120  17063.8 ms
block 3/40 - 7/120  17349.9 ms
block 4/40 - 10/120  17872.2 ms
block 5/40 - 13/120  18191.2 ms
block 6/40 - 16/120  18653.4 ms
block 7/40 - 19/120  18720.2 ms
block 8/40 - 22/120  18722.3 ms
block 9/40 - 25/120  18796.0 ms
block 10/40 - 28/120  18798.4 ms
block 11/40 - 31/120  19095.8 ms
block 12/40 - 34/120  18869.0 ms
block 13/40 - 37/120  19069.0 ms
block 14/40 - 40/120  19083.0 ms
block 15/40 - 43/120  19082.0 ms
block 16/40 - 46/120  19074.7 ms
block 17/40 - 49/120  19075.0 ms
block 18/40 - 52/120  19074.4 ms
block 19/40 - 55/120  19077.0 ms
block 20/40 - 58/120  19082.7 ms
block 21/40 - 61/120  19071.7 ms
block 22/40 - 64/120  19072.9 ms
block 23/40 - 67/120  19070.2 ms
block 24/40 - 70/120  19074.4 ms
block 25/40 - 73/120  19099.7 ms
block 26/40 - 76/120  19067.6 ms
block 27/40 - 79/120  19069.9 ms
block 28/40 - 82/120  19075.9 ms
block 29/40 - 85/120  19072.3 ms
block 30/40 - 88/120  19068.1 ms
block 31/40 - 91/120  19069.9 ms
block 32/40 - 94/120  19075.1 ms
block 33/40 - 97/120  19068.7 ms
block 34/40 - 100/120  19078.0 ms
block 35/40 - 103/120  19073.9 ms
block 36/40 - 106/120  19087.7 ms
block 37/40 - 109/120  19061.6 ms
block 38/40 - 112/120  19076.0 ms
block 39/40 - 115/120  19074.8 ms
block 40/40 - 118/120  19075.9 ms
[99/128] elapsed=92.3m  avg=55.9s/prompt  eta=27.0m
block 1/40 - 1/120  16345.1 ms
block 2/40 - 4/120  17060.8 ms
block 3/40 - 7/120  17348.3 ms
block 4/40 - 10/120  17870.1 ms
block 5/40 - 13/120  18182.3 ms
block 6/40 - 16/120  18652.3 ms
block 7/40 - 19/120  18719.6 ms
block 8/40 - 22/120  18721.5 ms
block 9/40 - 25/120  18781.2 ms
block 10/40 - 28/120  18797.4 ms
block 11/40 - 31/120  18825.0 ms
block 12/40 - 34/120  18868.2 ms
block 13/40 - 37/120  19069.1 ms
block 14/40 - 40/120  19069.9 ms
block 15/40 - 43/120  19067.9 ms
block 16/40 - 46/120  19069.3 ms
block 17/40 - 49/120  19066.6 ms
block 18/40 - 52/120  19071.1 ms
block 19/40 - 55/120  19075.8 ms
block 20/40 - 58/120  19075.1 ms
block 21/40 - 61/120  19082.5 ms
block 22/40 - 64/120  19074.5 ms
block 23/40 - 67/120  19075.3 ms
block 24/40 - 70/120  19080.2 ms
block 25/40 - 73/120  19076.6 ms
block 26/40 - 76/120  19074.4 ms
block 27/40 - 79/120  19072.6 ms
block 28/40 - 82/120  19092.0 ms
block 29/40 - 85/120  19074.1 ms
block 30/40 - 88/120  19076.0 ms
block 31/40 - 91/120  19076.2 ms
block 32/40 - 94/120  19078.0 ms
block 33/40 - 97/120  19078.2 ms
block 34/40 - 100/120  19075.4 ms
block 35/40 - 103/120  19077.5 ms
block 36/40 - 106/120  19079.2 ms
block 37/40 - 109/120  19075.2 ms
block 38/40 - 112/120  19091.9 ms
block 39/40 - 115/120  19074.1 ms
block 40/40 - 118/120  19077.6 ms
[115/128] elapsed=104.8m  avg=54.7s/prompt  eta=11.8m
