Running on a single GPU (cuda); skipping NCCL initialization.
Free VRAM 93.14923095703125 GB
Loading CUDA extension (first run compiles ~60s; cached run ~3s)...
CUDA extension ready in 126.2s.
[CacheCompatibilityPolicy] recent=20:0 coverage=21:360 episode=22:0 coverage_policy=retrieval budget=9FFE read_budget=9FFE owner=HeadComposition
KV inference with 3 frames per block
Number of prompts: 128
Prompt index range: [0, 128)
Loading PyramidKV config from /apdcephfs_gy2/share_303214315/cedricnie/develop/training-free/runs/v182_structured_coverage/inputs/maps/all_coverage_retrieval.csv
block 1/40 - 1/120  232706.4 ms
block 2/40 - 4/120  30865.3 ms
block 3/40 - 7/120  31565.1 ms
block 4/40 - 10/120  32341.9 ms
block 5/40 - 13/120  32890.1 ms
block 6/40 - 16/120  33669.3 ms
block 7/40 - 19/120  33665.2 ms
block 8/40 - 22/120  33668.5 ms
block 9/40 - 25/120  33657.9 ms
block 10/40 - 28/120  33882.3 ms
block 11/40 - 31/120  33752.2 ms
block 12/40 - 34/120  33746.0 ms
block 13/40 - 37/120  33813.9 ms
block 14/40 - 40/120  33813.0 ms
block 15/40 - 43/120  33814.2 ms
block 16/40 - 46/120  33876.4 ms
block 17/40 - 49/120  33824.9 ms
block 18/40 - 52/120  33859.4 ms
block 19/40 - 55/120  33849.1 ms
block 20/40 - 58/120  33854.5 ms
block 21/40 - 61/120  33883.6 ms
block 22/40 - 64/120  33945.2 ms
block 23/40 - 67/120  33919.3 ms
block 24/40 - 70/120  33942.9 ms
block 25/40 - 73/120  33940.6 ms
block 26/40 - 76/120  33904.2 ms
block 27/40 - 79/120  33904.0 ms
block 28/40 - 82/120  33929.3 ms
block 29/40 - 85/120  33922.2 ms
block 30/40 - 88/120  33920.2 ms
block 31/40 - 91/120  33926.9 ms
block 32/40 - 94/120  33950.1 ms
block 33/40 - 97/120  33962.3 ms
block 34/40 - 100/120  33959.6 ms
block 35/40 - 103/120  33955.3 ms
block 36/40 - 106/120  33954.2 ms
block 37/40 - 109/120  33929.1 ms
block 38/40 - 112/120  33937.3 ms
block 39/40 - 115/120  33925.2 ms
block 40/40 - 118/120  33966.1 ms
/apdcephfs_gy2/share_303214315/cedricnie/miniconda3/envs/longlive/lib/python3.10/site-packages/torchvision/io/_video_deprecation_warning.py:9: UserWarning: The video decoding and encoding capabilities of torchvision are deprecated from version 0.22 and will be removed in version 0.24. We recommend that you migrate to TorchCodec, where we'll consolidate the future decoding/encoding capabilities of PyTorch: https://github.com/pytorch/torchcodec
  warnings.warn(
[9/128] elapsed=26.1m  avg=173.8s/prompt  eta=344.6m
block 1/40 - 1/120  29216.7 ms
block 2/40 - 4/120  31097.8 ms
block 3/40 - 7/120  31486.1 ms
block 4/40 - 10/120  32209.7 ms
block 5/40 - 13/120  32821.9 ms
block 6/40 - 16/120  33571.2 ms
block 7/40 - 19/120  33554.3 ms
block 8/40 - 22/120  33664.1 ms
block 9/40 - 25/120  33823.3 ms
block 10/40 - 28/120  33675.2 ms
block 11/40 - 31/120  33668.7 ms
block 12/40 - 34/120  33676.3 ms
block 13/40 - 37/120  33843.9 ms
block 14/40 - 40/120  33909.5 ms
block 15/40 - 43/120  33836.5 ms
block 16/40 - 46/120  33915.0 ms
block 17/40 - 49/120  33916.1 ms
block 18/40 - 52/120  33925.8 ms
block 19/40 - 55/120  33918.0 ms
block 20/40 - 58/120  33867.0 ms
block 21/40 - 61/120  33930.9 ms
block 22/40 - 64/120  33901.6 ms
block 23/40 - 67/120  33950.6 ms
block 24/40 - 70/120  33928.0 ms
block 25/40 - 73/120  33920.8 ms
block 26/40 - 76/120  33929.6 ms
block 27/40 - 79/120  33884.3 ms
block 28/40 - 82/120  33912.8 ms
block 29/40 - 85/120  33891.8 ms
block 30/40 - 88/120  33892.0 ms
block 31/40 - 91/120  33876.2 ms
block 32/40 - 94/120  33856.6 ms
block 33/40 - 97/120  33866.1 ms
block 34/40 - 100/120  33845.3 ms
block 35/40 - 103/120  33875.5 ms
block 36/40 - 106/120  33918.6 ms
block 37/40 - 109/120  33951.7 ms
block 38/40 - 112/120  33937.5 ms
block 39/40 - 115/120  33927.3 ms
block 40/40 - 118/120  33879.5 ms
[25/128] elapsed=48.5m  avg=116.3s/prompt  eta=199.7m
block 1/40 - 1/120  28917.4 ms
block 2/40 - 4/120  31133.7 ms
block 3/40 - 7/120  31521.8 ms
block 4/40 - 10/120  32212.4 ms
block 5/40 - 13/120  32846.9 ms
block 6/40 - 16/120  33575.5 ms
block 7/40 - 19/120  33612.6 ms
block 8/40 - 22/120  33657.7 ms
block 9/40 - 25/120  33666.9 ms
block 10/40 - 28/120  33644.5 ms
block 11/40 - 31/120  33687.9 ms
block 12/40 - 34/120  33658.3 ms
block 13/40 - 37/120  33839.6 ms
block 14/40 - 40/120  33846.0 ms
block 15/40 - 43/120  33853.7 ms
block 16/40 - 46/120  33855.5 ms
block 17/40 - 49/120  33930.5 ms
block 18/40 - 52/120  33921.0 ms
block 19/40 - 55/120  33919.8 ms
block 20/40 - 58/120  33946.1 ms
block 21/40 - 61/120  33912.2 ms
block 22/40 - 64/120  33953.6 ms
block 23/40 - 67/120  33933.9 ms
block 24/40 - 70/120  33911.1 ms
block 25/40 - 73/120  33944.1 ms
block 26/40 - 76/120  33936.9 ms
block 27/40 - 79/120  33934.3 ms
block 28/40 - 82/120  33939.0 ms
block 29/40 - 85/120  33879.7 ms
block 30/40 - 88/120  33845.9 ms
block 31/40 - 91/120  33921.5 ms
block 32/40 - 94/120  33902.8 ms
block 33/40 - 97/120  33875.0 ms
block 34/40 - 100/120  33925.2 ms
block 35/40 - 103/120  33838.0 ms
block 36/40 - 106/120  33835.0 ms
block 37/40 - 109/120  33890.8 ms
block 38/40 - 112/120  33921.7 ms
block 39/40 - 115/120  33943.7 ms
block 40/40 - 118/120  33924.3 ms
[41/128] elapsed=70.8m  avg=103.7s/prompt  eta=150.3m
block 1/40 - 1/120  28850.0 ms
block 2/40 - 4/120  31333.6 ms
block 3/40 - 7/120  31539.7 ms
block 4/40 - 10/120  32252.9 ms
block 5/40 - 13/120  32858.9 ms
block 6/40 - 16/120  33577.4 ms
block 7/40 - 19/120  33605.0 ms
block 8/40 - 22/120  33648.9 ms
block 9/40 - 25/120  33694.3 ms
block 10/40 - 28/120  33651.7 ms
block 11/40 - 31/120  33676.4 ms
block 12/40 - 34/120  33675.2 ms
block 13/40 - 37/120  33879.9 ms
block 14/40 - 40/120  33897.2 ms
block 15/40 - 43/120  33935.8 ms
block 16/40 - 46/120  33954.8 ms
block 17/40 - 49/120  33945.8 ms
block 18/40 - 52/120  33932.7 ms
block 19/40 - 55/120  33955.3 ms
block 20/40 - 58/120  33968.1 ms
block 21/40 - 61/120  33955.0 ms
block 22/40 - 64/120  33864.6 ms
block 23/40 - 67/120  33954.2 ms
block 24/40 - 70/120  33920.6 ms
block 25/40 - 73/120  33928.4 ms
block 26/40 - 76/120  33947.2 ms
block 27/40 - 79/120  33935.7 ms
block 28/40 - 82/120  33896.1 ms
block 29/40 - 85/120  33956.2 ms
block 30/40 - 88/120  33941.7 ms
block 31/40 - 91/120  33956.0 ms
block 32/40 - 94/120  33902.0 ms
block 33/40 - 97/120  33900.9 ms
block 34/40 - 100/120  33916.7 ms
block 35/40 - 103/120  33894.2 ms
block 36/40 - 106/120  33930.2 ms
block 37/40 - 109/120  33920.2 ms
block 38/40 - 112/120  33885.4 ms
block 39/40 - 115/120  33917.0 ms
block 40/40 - 118/120  33902.1 ms
[57/128] elapsed=93.2m  avg=98.2s/prompt  eta=116.2m
block 1/40 - 1/120  28673.6 ms
block 2/40 - 4/120  31168.3 ms
block 3/40 - 7/120  31545.6 ms
block 4/40 - 10/120  32236.3 ms
block 5/40 - 13/120  32861.7 ms
block 6/40 - 16/120  33593.4 ms
block 7/40 - 19/120  33578.1 ms
block 8/40 - 22/120  33645.2 ms
block 9/40 - 25/120  33648.3 ms
block 10/40 - 28/120  33636.1 ms
block 11/40 - 31/120  33644.7 ms
block 12/40 - 34/120  33824.0 ms
block 13/40 - 37/120  33865.3 ms
block 14/40 - 40/120  33892.0 ms
block 15/40 - 43/120  33847.7 ms
block 16/40 - 46/120  33837.7 ms
block 17/40 - 49/120  33822.3 ms
block 18/40 - 52/120  33889.4 ms
block 19/40 - 55/120  33937.2 ms
block 20/40 - 58/120  33891.6 ms
block 21/40 - 61/120  33937.8 ms
block 22/40 - 64/120  33897.8 ms
block 23/40 - 67/120  33913.6 ms
block 24/40 - 70/120  33907.2 ms
block 25/40 - 73/120  33889.8 ms
block 26/40 - 76/120  33849.6 ms
block 27/40 - 79/120  33840.4 ms
block 28/40 - 82/120  33851.4 ms
block 29/40 - 85/120  33910.5 ms
block 30/40 - 88/120  33933.7 ms
block 31/40 - 91/120  33891.4 ms
block 32/40 - 94/120  33908.0 ms
block 33/40 - 97/120  33909.6 ms
block 34/40 - 100/120  33923.8 ms
block 35/40 - 103/120  33904.8 ms
block 36/40 - 106/120  33928.3 ms
block 37/40 - 109/120  33919.5 ms
block 38/40 - 112/120  33934.0 ms
block 39/40 - 115/120  33924.5 ms
block 40/40 - 118/120  33910.6 ms
[73/128] elapsed=115.6m  avg=95.0s/prompt  eta=87.1m
block 1/40 - 1/120  28567.3 ms
block 2/40 - 4/120  31162.2 ms
block 3/40 - 7/120  31537.8 ms
block 4/40 - 10/120  32250.8 ms
block 5/40 - 13/120  32856.9 ms
block 6/40 - 16/120  33587.3 ms
block 7/40 - 19/120  33599.5 ms
block 8/40 - 22/120  33604.6 ms
block 9/40 - 25/120  33619.7 ms
block 10/40 - 28/120  33639.2 ms
block 11/40 - 31/120  33625.7 ms
block 12/40 - 34/120  33631.5 ms
block 13/40 - 37/120  33818.1 ms
block 14/40 - 40/120  33864.2 ms
block 15/40 - 43/120  33809.0 ms
block 16/40 - 46/120  33850.1 ms
block 17/40 - 49/120  33888.1 ms
block 18/40 - 52/120  33857.7 ms
block 19/40 - 55/120  33828.4 ms
block 20/40 - 58/120  33875.2 ms
block 21/40 - 61/120  33902.0 ms
block 22/40 - 64/120  33906.2 ms
block 23/40 - 67/120  33896.2 ms
block 24/40 - 70/120  33858.6 ms
block 25/40 - 73/120  33837.0 ms
block 26/40 - 76/120  33907.4 ms
block 27/40 - 79/120  33908.3 ms
block 28/40 - 82/120  33874.6 ms
block 29/40 - 85/120  33903.5 ms
block 30/40 - 88/120  33842.3 ms
block 31/40 - 91/120  33853.2 ms
block 32/40 - 94/120  33890.9 ms
block 33/40 - 97/120  33946.7 ms
block 34/40 - 100/120  33922.9 ms
block 35/40 - 103/120  33905.8 ms
block 36/40 - 106/120  33904.1 ms
block 37/40 - 109/120  33926.0 ms
block 38/40 - 112/120  33919.1 ms
block 39/40 - 115/120  33929.5 ms
block 40/40 - 118/120  33935.9 ms
[89/128] elapsed=138.0m  avg=93.0s/prompt  eta=60.5m
block 1/40 - 1/120  28505.8 ms
block 2/40 - 4/120  31199.3 ms
block 3/40 - 7/120  31581.7 ms
block 4/40 - 10/120  32254.5 ms
block 5/40 - 13/120  32888.5 ms
block 6/40 - 16/120  33627.0 ms
block 7/40 - 19/120  33845.4 ms
block 8/40 - 22/120  33634.8 ms
block 9/40 - 25/120  33631.4 ms
block 10/40 - 28/120  33657.3 ms
block 11/40 - 31/120  33652.4 ms
block 12/40 - 34/120  33669.1 ms
block 13/40 - 37/120  33835.7 ms
block 14/40 - 40/120  33895.7 ms
block 15/40 - 43/120  33860.9 ms
block 16/40 - 46/120  33833.4 ms
block 17/40 - 49/120  33867.5 ms
block 18/40 - 52/120  33875.0 ms
block 19/40 - 55/120  33857.3 ms
block 20/40 - 58/120  33886.3 ms
block 21/40 - 61/120  33925.4 ms
block 22/40 - 64/120  33931.1 ms
block 23/40 - 67/120  33984.4 ms
block 24/40 - 70/120  33888.9 ms
block 25/40 - 73/120  33880.4 ms
block 26/40 - 76/120  33926.5 ms
block 27/40 - 79/120  33937.2 ms
block 28/40 - 82/120  33956.3 ms
block 29/40 - 85/120  33944.7 ms
block 30/40 - 88/120  33963.0 ms
block 31/40 - 91/120  33941.9 ms
block 32/40 - 94/120  33962.9 ms
block 33/40 - 97/120  33953.4 ms
block 34/40 - 100/120  33934.2 ms
block 35/40 - 103/120  33941.8 ms
block 36/40 - 106/120  33945.1 ms
block 37/40 - 109/120  33951.7 ms
block 38/40 - 112/120  33952.2 ms
block 39/40 - 115/120  33947.4 ms
block 40/40 - 118/120  33951.4 ms
[105/128] elapsed=160.4m  avg=91.7s/prompt  eta=35.1m
block 1/40 - 1/120  28781.7 ms
block 2/40 - 4/120  31201.7 ms
block 3/40 - 7/120  31603.3 ms
block 4/40 - 10/120  32247.8 ms
block 5/40 - 13/120  32811.1 ms
block 6/40 - 16/120  33582.1 ms
block 7/40 - 19/120  33656.3 ms
block 8/40 - 22/120  33665.1 ms
block 9/40 - 25/120  33645.8 ms
block 10/40 - 28/120  33678.4 ms
block 11/40 - 31/120  33681.2 ms
block 12/40 - 34/120  33697.5 ms
block 13/40 - 37/120  33842.3 ms
block 14/40 - 40/120  33864.2 ms
block 15/40 - 43/120  33906.5 ms
block 16/40 - 46/120  33926.9 ms
block 17/40 - 49/120  33903.4 ms
block 18/40 - 52/120  33886.8 ms
block 19/40 - 55/120  33868.6 ms
block 20/40 - 58/120  33962.0 ms
block 21/40 - 61/120  33905.7 ms
block 22/40 - 64/120  33868.6 ms
block 23/40 - 67/120  33955.0 ms
block 24/40 - 70/120  33954.1 ms
block 25/40 - 73/120  33939.4 ms
block 26/40 - 76/120  33934.9 ms
block 27/40 - 79/120  33889.6 ms
block 28/40 - 82/120  33938.3 ms
block 29/40 - 85/120  33939.4 ms
block 30/40 - 88/120  33958.5 ms
block 31/40 - 91/120  33923.7 ms
block 32/40 - 94/120  33946.6 ms
block 33/40 - 97/120  33939.3 ms
block 34/40 - 100/120  33961.9 ms
block 35/40 - 103/120  33952.3 ms
block 36/40 - 106/120  33926.9 ms
block 37/40 - 109/120  33928.5 ms
block 38/40 - 112/120  33949.6 ms
block 39/40 - 115/120  33954.3 ms
block 40/40 - 118/120  33987.3 ms
[121/128] elapsed=182.8m  avg=90.6s/prompt  eta=10.6m
