Running on a single GPU (cuda); skipping NCCL initialization.
Free VRAM 93.9398193359375 GB
Loading CUDA extension (first run compiles ~60s; cached run ~3s)...
CUDA extension ready in 140.0s.
[CacheCompatibilityPolicy] recent=20:0 coverage=21:360 episode=22:0 coverage_policy=retrieval budget=9FFE read_budget=9FFE owner=HeadComposition
KV inference with 3 frames per block
Number of prompts: 128
Prompt index range: [0, 128)
Loading PyramidKV config from /apdcephfs_gy2/share_303214315/cedricnie/develop/training-free/runs/v182_structured_coverage/inputs/maps/all_coverage_retrieval.csv
block 1/40 - 1/120  257351.6 ms
block 2/40 - 4/120  16847.0 ms
block 3/40 - 7/120  17487.8 ms
block 4/40 - 10/120  17784.5 ms
block 5/40 - 13/120  18190.1 ms
block 6/40 - 16/120  19029.3 ms
block 7/40 - 19/120  18718.9 ms
block 8/40 - 22/120  18769.5 ms
block 9/40 - 25/120  18838.6 ms
block 10/40 - 28/120  19029.4 ms
block 11/40 - 31/120  18882.7 ms
block 12/40 - 34/120  18897.6 ms
block 13/40 - 37/120  19071.4 ms
block 14/40 - 40/120  19097.6 ms
block 15/40 - 43/120  19070.4 ms
block 16/40 - 46/120  19062.2 ms
block 17/40 - 49/120  19063.0 ms
block 18/40 - 52/120  19067.7 ms
block 19/40 - 55/120  19068.6 ms
block 20/40 - 58/120  19077.8 ms
block 21/40 - 61/120  19080.3 ms
block 22/40 - 64/120  19074.1 ms
block 23/40 - 67/120  19066.4 ms
block 24/40 - 70/120  19068.0 ms
block 25/40 - 73/120  19090.1 ms
block 26/40 - 76/120  19066.0 ms
block 27/40 - 79/120  19069.0 ms
block 28/40 - 82/120  19135.2 ms
block 29/40 - 85/120  19098.7 ms
block 30/40 - 88/120  19066.5 ms
block 31/40 - 91/120  19065.4 ms
block 32/40 - 94/120  19072.6 ms
block 33/40 - 97/120  19072.7 ms
block 34/40 - 100/120  19065.1 ms
block 35/40 - 103/120  19067.9 ms
block 36/40 - 106/120  19067.3 ms
block 37/40 - 109/120  19065.8 ms
block 38/40 - 112/120  19065.1 ms
block 39/40 - 115/120  19066.9 ms
block 40/40 - 118/120  19072.3 ms
[7/128] elapsed=16.9m  avg=144.6s/prompt  eta=291.7m
/apdcephfs_gy2/share_303214315/cedricnie/miniconda3/envs/longlive/lib/python3.10/site-packages/torchvision/io/_video_deprecation_warning.py:9: UserWarning: The video decoding and encoding capabilities of torchvision are deprecated from version 0.22 and will be removed in version 0.24. We recommend that you migrate to TorchCodec, where we'll consolidate the future decoding/encoding capabilities of PyTorch: https://github.com/pytorch/torchcodec
  warnings.warn(
block 1/40 - 1/120  16366.6 ms
block 2/40 - 4/120  16979.4 ms
block 3/40 - 7/120  17418.9 ms
block 4/40 - 10/120  17783.2 ms
block 5/40 - 13/120  18181.2 ms
block 6/40 - 16/120  18641.2 ms
block 7/40 - 19/120  18719.0 ms
block 8/40 - 22/120  18718.3 ms
block 9/40 - 25/120  18738.8 ms
block 10/40 - 28/120  18794.9 ms
block 11/40 - 31/120  18815.2 ms
block 12/40 - 34/120  18870.5 ms
block 13/40 - 37/120  19067.5 ms
block 14/40 - 40/120  19114.6 ms
block 15/40 - 43/120  19109.3 ms
block 16/40 - 46/120  19071.5 ms
block 17/40 - 49/120  19079.7 ms
block 18/40 - 52/120  19066.1 ms
block 19/40 - 55/120  19075.4 ms
block 20/40 - 58/120  19063.3 ms
block 21/40 - 61/120  19064.6 ms
block 22/40 - 64/120  19065.5 ms
block 23/40 - 67/120  19064.3 ms
block 24/40 - 70/120  19066.9 ms
block 25/40 - 73/120  19138.8 ms
block 26/40 - 76/120  19064.4 ms
block 27/40 - 79/120  19110.4 ms
block 28/40 - 82/120  19067.6 ms
block 29/40 - 85/120  19067.0 ms
block 30/40 - 88/120  19069.6 ms
block 31/40 - 91/120  19066.9 ms
block 32/40 - 94/120  19068.8 ms
block 33/40 - 97/120  19065.1 ms
block 34/40 - 100/120  19063.5 ms
block 35/40 - 103/120  19072.3 ms
block 36/40 - 106/120  19075.1 ms
block 37/40 - 109/120  19067.6 ms
block 38/40 - 112/120  19076.4 ms
block 39/40 - 115/120  19082.0 ms
block 40/40 - 118/120  19059.4 ms
[23/128] elapsed=29.4m  avg=76.8s/prompt  eta=134.4m
block 1/40 - 1/120  16315.9 ms
block 2/40 - 4/120  16977.6 ms
block 3/40 - 7/120  17419.0 ms
block 4/40 - 10/120  17866.6 ms
block 5/40 - 13/120  18192.0 ms
block 6/40 - 16/120  18640.7 ms
block 7/40 - 19/120  18717.1 ms
block 8/40 - 22/120  18715.4 ms
block 9/40 - 25/120  18742.6 ms
block 10/40 - 28/120  18797.2 ms
block 11/40 - 31/120  19021.7 ms
block 12/40 - 34/120  18865.4 ms
block 13/40 - 37/120  19079.0 ms
block 14/40 - 40/120  19067.9 ms
block 15/40 - 43/120  19071.0 ms
block 16/40 - 46/120  19067.5 ms
block 17/40 - 49/120  19068.6 ms
block 18/40 - 52/120  19084.3 ms
block 19/40 - 55/120  19080.0 ms
block 20/40 - 58/120  19078.3 ms
block 21/40 - 61/120  19073.5 ms
block 22/40 - 64/120  19084.5 ms
block 23/40 - 67/120  19083.3 ms
block 24/40 - 70/120  19081.5 ms
block 25/40 - 73/120  19076.2 ms
block 26/40 - 76/120  19068.4 ms
block 27/40 - 79/120  19082.7 ms
block 28/40 - 82/120  19084.5 ms
block 29/40 - 85/120  19069.4 ms
block 30/40 - 88/120  19064.0 ms
block 31/40 - 91/120  19067.9 ms
block 32/40 - 94/120  19074.6 ms
block 33/40 - 97/120  19069.0 ms
block 34/40 - 100/120  19073.2 ms
block 35/40 - 103/120  19064.6 ms
block 36/40 - 106/120  19069.5 ms
block 37/40 - 109/120  19068.0 ms
block 38/40 - 112/120  19057.3 ms
block 39/40 - 115/120  19069.7 ms
block 40/40 - 118/120  19049.6 ms
[39/128] elapsed=42.0m  avg=64.6s/prompt  eta=95.8m
block 1/40 - 1/120  16369.6 ms
block 2/40 - 4/120  16966.7 ms
block 3/40 - 7/120  17443.8 ms
block 4/40 - 10/120  17782.5 ms
block 5/40 - 13/120  18188.1 ms
block 6/40 - 16/120  18638.2 ms
block 7/40 - 19/120  18722.3 ms
block 8/40 - 22/120  18718.5 ms
block 9/40 - 25/120  18739.0 ms
block 10/40 - 28/120  18798.5 ms
block 11/40 - 31/120  18827.3 ms
block 12/40 - 34/120  18868.7 ms
block 13/40 - 37/120  19068.4 ms
block 14/40 - 40/120  19068.7 ms
block 15/40 - 43/120  19067.1 ms
block 16/40 - 46/120  19063.6 ms
block 17/40 - 49/120  19071.3 ms
block 18/40 - 52/120  19124.2 ms
block 19/40 - 55/120  19045.9 ms
block 20/40 - 58/120  19066.1 ms
block 21/40 - 61/120  19043.2 ms
block 22/40 - 64/120  19060.3 ms
block 23/40 - 67/120  19064.1 ms
block 24/40 - 70/120  19043.6 ms
block 25/40 - 73/120  19064.1 ms
block 26/40 - 76/120  19054.1 ms
block 27/40 - 79/120  19053.0 ms
block 28/40 - 82/120  19066.2 ms
block 29/40 - 85/120  19070.0 ms
block 30/40 - 88/120  19053.7 ms
block 31/40 - 91/120  19069.1 ms
block 32/40 - 94/120  19077.3 ms
block 33/40 - 97/120  19067.7 ms
block 34/40 - 100/120  19066.5 ms
block 35/40 - 103/120  19068.2 ms
block 36/40 - 106/120  19069.7 ms
block 37/40 - 109/120  19072.9 ms
block 38/40 - 112/120  19073.7 ms
block 39/40 - 115/120  19106.2 ms
block 40/40 - 118/120  19072.2 ms
[55/128] elapsed=54.6m  avg=59.5s/prompt  eta=72.4m
block 1/40 - 1/120  16404.7 ms
block 2/40 - 4/120  16977.3 ms
block 3/40 - 7/120  17423.7 ms
block 4/40 - 10/120  17783.3 ms
block 5/40 - 13/120  18189.4 ms
block 6/40 - 16/120  18648.2 ms
block 7/40 - 19/120  18714.8 ms
block 8/40 - 22/120  18724.3 ms
block 9/40 - 25/120  18753.6 ms
block 10/40 - 28/120  18801.6 ms
block 11/40 - 31/120  18828.1 ms
block 12/40 - 34/120  18866.0 ms
block 13/40 - 37/120  19064.3 ms
block 14/40 - 40/120  19064.1 ms
block 15/40 - 43/120  19069.7 ms
block 16/40 - 46/120  19067.7 ms
block 17/40 - 49/120  19064.8 ms
block 18/40 - 52/120  19123.9 ms
block 19/40 - 55/120  19067.5 ms
block 20/40 - 58/120  19072.0 ms
block 21/40 - 61/120  19063.5 ms
block 22/40 - 64/120  19063.2 ms
block 23/40 - 67/120  19065.2 ms
block 24/40 - 70/120  19070.8 ms
block 25/40 - 73/120  19068.9 ms
block 26/40 - 76/120  19067.3 ms
block 27/40 - 79/120  19068.4 ms
block 28/40 - 82/120  19074.0 ms
block 29/40 - 85/120  19071.9 ms
block 30/40 - 88/120  19070.9 ms
block 31/40 - 91/120  19074.4 ms
block 32/40 - 94/120  19068.8 ms
block 33/40 - 97/120  19064.9 ms
block 34/40 - 100/120  19064.8 ms
block 35/40 - 103/120  19068.8 ms
block 36/40 - 106/120  19069.3 ms
block 37/40 - 109/120  19062.6 ms
block 38/40 - 112/120  19064.1 ms
block 39/40 - 115/120  19064.0 ms
block 40/40 - 118/120  19101.3 ms
[71/128] elapsed=67.1m  avg=56.7s/prompt  eta=53.9m
block 1/40 - 1/120  16651.2 ms
block 2/40 - 4/120  16975.7 ms
block 3/40 - 7/120  17525.5 ms
block 4/40 - 10/120  17793.2 ms
block 5/40 - 13/120  18185.7 ms
block 6/40 - 16/120  18657.3 ms
block 7/40 - 19/120  18714.1 ms
block 8/40 - 22/120  18719.8 ms
block 9/40 - 25/120  18742.2 ms
block 10/40 - 28/120  18794.7 ms
block 11/40 - 31/120  18831.5 ms
block 12/40 - 34/120  18879.3 ms
block 13/40 - 37/120  19065.6 ms
block 14/40 - 40/120  19065.2 ms
block 15/40 - 43/120  19070.7 ms
block 16/40 - 46/120  19067.1 ms
block 17/40 - 49/120  19074.2 ms
block 18/40 - 52/120  19070.1 ms
block 19/40 - 55/120  19073.3 ms
block 20/40 - 58/120  19064.2 ms
block 21/40 - 61/120  19063.5 ms
block 22/40 - 64/120  19072.6 ms
block 23/40 - 67/120  19069.0 ms
block 24/40 - 70/120  19065.7 ms
block 25/40 - 73/120  19065.7 ms
block 26/40 - 76/120  19086.8 ms
block 27/40 - 79/120  19069.5 ms
block 28/40 - 82/120  19067.3 ms
block 29/40 - 85/120  19075.8 ms
block 30/40 - 88/120  19068.0 ms
block 31/40 - 91/120  19082.2 ms
block 32/40 - 94/120  19094.4 ms
block 33/40 - 97/120  19066.1 ms
block 34/40 - 100/120  19067.1 ms
block 35/40 - 103/120  19068.2 ms
block 36/40 - 106/120  19071.6 ms
block 37/40 - 109/120  19073.3 ms
block 38/40 - 112/120  19073.9 ms
block 39/40 - 115/120  19078.1 ms
block 40/40 - 118/120  19121.3 ms
[87/128] elapsed=79.7m  avg=54.9s/prompt  eta=37.5m
block 1/40 - 1/120  16419.1 ms
block 2/40 - 4/120  16974.9 ms
block 3/40 - 7/120  17384.2 ms
block 4/40 - 10/120  17783.1 ms
block 5/40 - 13/120  18184.5 ms
block 6/40 - 16/120  18638.8 ms
block 7/40 - 19/120  18717.8 ms
block 8/40 - 22/120  18717.9 ms
block 9/40 - 25/120  18747.0 ms
block 10/40 - 28/120  18798.7 ms
block 11/40 - 31/120  18809.4 ms
block 12/40 - 34/120  18862.4 ms
block 13/40 - 37/120  19068.9 ms
block 14/40 - 40/120  19067.5 ms
block 15/40 - 43/120  19066.2 ms
block 16/40 - 46/120  19071.1 ms
block 17/40 - 49/120  19063.0 ms
block 18/40 - 52/120  19070.3 ms
block 19/40 - 55/120  19067.9 ms
block 20/40 - 58/120  19071.6 ms
block 21/40 - 61/120  19069.8 ms
block 22/40 - 64/120  19063.0 ms
block 23/40 - 67/120  19070.3 ms
block 24/40 - 70/120  19108.3 ms
block 25/40 - 73/120  19102.7 ms
block 26/40 - 76/120  19065.8 ms
block 27/40 - 79/120  19074.6 ms
block 28/40 - 82/120  19069.5 ms
block 29/40 - 85/120  19094.3 ms
block 30/40 - 88/120  19072.2 ms
block 31/40 - 91/120  19072.5 ms
block 32/40 - 94/120  19096.9 ms
block 33/40 - 97/120  19099.4 ms
block 34/40 - 100/120  19064.9 ms
block 35/40 - 103/120  19074.8 ms
block 36/40 - 106/120  19083.1 ms
block 37/40 - 109/120  19066.4 ms
block 38/40 - 112/120  19070.7 ms
block 39/40 - 115/120  19091.7 ms
block 40/40 - 118/120  19077.3 ms
[103/128] elapsed=92.2m  avg=53.7s/prompt  eta=22.4m
block 1/40 - 1/120  16327.6 ms
block 2/40 - 4/120  16978.3 ms
block 3/40 - 7/120  17408.4 ms
block 4/40 - 10/120  17975.6 ms
block 5/40 - 13/120  18184.9 ms
block 6/40 - 16/120  18674.8 ms
block 7/40 - 19/120  18718.2 ms
block 8/40 - 22/120  18742.5 ms
block 9/40 - 25/120  18798.7 ms
block 10/40 - 28/120  18816.5 ms
block 11/40 - 31/120  18881.1 ms
block 12/40 - 34/120  18877.0 ms
block 13/40 - 37/120  19095.0 ms
block 14/40 - 40/120  19080.6 ms
block 15/40 - 43/120  19091.0 ms
block 16/40 - 46/120  19103.3 ms
block 17/40 - 49/120  19099.3 ms
block 18/40 - 52/120  19119.6 ms
block 19/40 - 55/120  19131.8 ms
block 20/40 - 58/120  19177.6 ms
block 21/40 - 61/120  19182.2 ms
block 22/40 - 64/120  19099.3 ms
block 23/40 - 67/120  19125.9 ms
block 24/40 - 70/120  19115.4 ms
block 25/40 - 73/120  19135.5 ms
block 26/40 - 76/120  19124.4 ms
block 27/40 - 79/120  19148.6 ms
block 28/40 - 82/120  19152.0 ms
block 29/40 - 85/120  19147.2 ms
block 30/40 - 88/120  19150.5 ms
block 31/40 - 91/120  19151.7 ms
block 32/40 - 94/120  19158.7 ms
block 33/40 - 97/120  19159.2 ms
block 34/40 - 100/120  19146.6 ms
block 35/40 - 103/120  19143.3 ms
block 36/40 - 106/120  19154.0 ms
block 37/40 - 109/120  19161.4 ms
block 38/40 - 112/120  19154.3 ms
block 39/40 - 115/120  19154.8 ms
block 40/40 - 118/120  19183.6 ms
[119/128] elapsed=104.8m  avg=52.9s/prompt  eta=7.9m
