Running on a single GPU (cuda); skipping NCCL initialization.
Free VRAM 93.14923095703125 GB
Loading CUDA extension (first run compiles ~60s; cached run ~3s)...
CUDA extension ready in 126.2s.
[CacheCompatibilityPolicy] recent=20:0 coverage=21:360 episode=22:0 coverage_policy=retrieval budget=9FFE read_budget=9FFE owner=HeadComposition
KV inference with 3 frames per block
Number of prompts: 128
Prompt index range: [0, 128)
Loading PyramidKV config from /apdcephfs_gy2/share_303214315/cedricnie/develop/training-free/runs/v182_structured_coverage/inputs/maps/all_coverage_retrieval.csv
block 1/40 - 1/120  232704.6 ms
block 2/40 - 4/120  30973.1 ms
block 3/40 - 7/120  31742.4 ms
block 4/40 - 10/120  32508.5 ms
block 5/40 - 13/120  32977.3 ms
block 6/40 - 16/120  33653.7 ms
block 7/40 - 19/120  33662.8 ms
block 8/40 - 22/120  33781.8 ms
block 9/40 - 25/120  33799.8 ms
block 10/40 - 28/120  34414.7 ms
block 11/40 - 31/120  33778.2 ms
block 12/40 - 34/120  33836.2 ms
block 13/40 - 37/120  33947.4 ms
block 14/40 - 40/120  33927.6 ms
block 15/40 - 43/120  33966.3 ms
block 16/40 - 46/120  33955.3 ms
block 17/40 - 49/120  33988.0 ms
block 18/40 - 52/120  33978.3 ms
block 19/40 - 55/120  33955.1 ms
block 20/40 - 58/120  34060.6 ms
block 21/40 - 61/120  34059.5 ms
block 22/40 - 64/120  34061.2 ms
block 23/40 - 67/120  34053.0 ms
block 24/40 - 70/120  34000.8 ms
block 25/40 - 73/120  33972.3 ms
block 26/40 - 76/120  34018.7 ms
block 27/40 - 79/120  33937.2 ms
block 28/40 - 82/120  33930.6 ms
block 29/40 - 85/120  34022.4 ms
block 30/40 - 88/120  34059.9 ms
block 31/40 - 91/120  34061.1 ms
block 32/40 - 94/120  33954.1 ms
block 33/40 - 97/120  33953.9 ms
block 34/40 - 100/120  34060.6 ms
block 35/40 - 103/120  34015.8 ms
block 36/40 - 106/120  34060.9 ms
block 37/40 - 109/120  34010.5 ms
block 38/40 - 112/120  34010.3 ms
block 39/40 - 115/120  34061.9 ms
block 40/40 - 118/120  34010.2 ms
/apdcephfs_gy2/share_303214315/cedricnie/miniconda3/envs/longlive/lib/python3.10/site-packages/torchvision/io/_video_deprecation_warning.py:9: UserWarning: The video decoding and encoding capabilities of torchvision are deprecated from version 0.22 and will be removed in version 0.24. We recommend that you migrate to TorchCodec, where we'll consolidate the future decoding/encoding capabilities of PyTorch: https://github.com/pytorch/torchcodec
  warnings.warn(
[15/128] elapsed=26.1m  avg=104.5s/prompt  eta=196.7m
block 1/40 - 1/120  29283.5 ms
block 2/40 - 4/120  31120.9 ms
block 3/40 - 7/120  31813.1 ms
block 4/40 - 10/120  32310.4 ms
block 5/40 - 13/120  32922.7 ms
block 6/40 - 16/120  33645.3 ms
block 7/40 - 19/120  33638.4 ms
block 8/40 - 22/120  33652.3 ms
block 9/40 - 25/120  33772.6 ms
block 10/40 - 28/120  33771.9 ms
block 11/40 - 31/120  33771.6 ms
block 12/40 - 34/120  33789.3 ms
block 13/40 - 37/120  33955.0 ms
block 14/40 - 40/120  33928.7 ms
block 15/40 - 43/120  34042.9 ms
block 16/40 - 46/120  34052.4 ms
block 17/40 - 49/120  34060.9 ms
block 18/40 - 52/120  34060.9 ms
block 19/40 - 55/120  34060.9 ms
block 20/40 - 58/120  34060.5 ms
block 21/40 - 61/120  34051.7 ms
block 22/40 - 64/120  34048.2 ms
block 23/40 - 67/120  33978.1 ms
block 24/40 - 70/120  33922.6 ms
block 25/40 - 73/120  33946.8 ms
block 26/40 - 76/120  33996.9 ms
block 27/40 - 79/120  33932.2 ms
block 28/40 - 82/120  34005.5 ms
block 29/40 - 85/120  34051.5 ms
block 30/40 - 88/120  34056.8 ms
block 31/40 - 91/120  34060.9 ms
block 32/40 - 94/120  34055.9 ms
block 33/40 - 97/120  34066.1 ms
block 34/40 - 100/120  34061.9 ms
block 35/40 - 103/120  34062.0 ms
block 36/40 - 106/120  34061.8 ms
block 37/40 - 109/120  34060.8 ms
block 38/40 - 112/120  34061.1 ms
block 39/40 - 115/120  34059.7 ms
block 40/40 - 118/120  34060.9 ms
[31/128] elapsed=48.6m  avg=94.0s/prompt  eta=152.0m
block 1/40 - 1/120  29199.2 ms
block 2/40 - 4/120  31130.1 ms
block 3/40 - 7/120  31821.8 ms
block 4/40 - 10/120  32310.2 ms
block 5/40 - 13/120  32924.3 ms
block 6/40 - 16/120  33640.1 ms
block 7/40 - 19/120  33644.6 ms
block 8/40 - 22/120  33643.9 ms
block 9/40 - 25/120  33774.7 ms
block 10/40 - 28/120  33772.2 ms
block 11/40 - 31/120  33772.0 ms
block 12/40 - 34/120  33786.5 ms
block 13/40 - 37/120  33928.5 ms
block 14/40 - 40/120  33936.6 ms
block 15/40 - 43/120  33960.3 ms
block 16/40 - 46/120  33969.8 ms
block 17/40 - 49/120  34007.0 ms
block 18/40 - 52/120  34015.3 ms
block 19/40 - 55/120  34033.5 ms
block 20/40 - 58/120  34042.9 ms
block 21/40 - 61/120  34038.5 ms
block 22/40 - 64/120  34056.6 ms
block 23/40 - 67/120  34051.8 ms
block 24/40 - 70/120  33997.6 ms
block 25/40 - 73/120  33956.9 ms
block 26/40 - 76/120  33935.6 ms
block 27/40 - 79/120  33969.1 ms
block 28/40 - 82/120  33928.1 ms
block 29/40 - 85/120  33937.9 ms
block 30/40 - 88/120  33960.4 ms
block 31/40 - 91/120  34002.1 ms
block 32/40 - 94/120  33964.3 ms
block 33/40 - 97/120  33965.2 ms
block 34/40 - 100/120  34060.2 ms
block 35/40 - 103/120  34062.3 ms
block 36/40 - 106/120  34060.6 ms
block 37/40 - 109/120  34061.4 ms
block 38/40 - 112/120  34056.6 ms
block 39/40 - 115/120  34060.4 ms
block 40/40 - 118/120  34060.2 ms
[47/128] elapsed=71.0m  avg=90.7s/prompt  eta=122.4m
block 1/40 - 1/120  29549.6 ms
block 2/40 - 4/120  31073.4 ms
block 3/40 - 7/120  31665.1 ms
block 4/40 - 10/120  32316.1 ms
block 5/40 - 13/120  32961.1 ms
block 6/40 - 16/120  33646.0 ms
block 7/40 - 19/120  33640.4 ms
block 8/40 - 22/120  33644.8 ms
block 9/40 - 25/120  33774.5 ms
block 10/40 - 28/120  33777.5 ms
block 11/40 - 31/120  33773.5 ms
block 12/40 - 34/120  33791.3 ms
block 13/40 - 37/120  33928.6 ms
block 14/40 - 40/120  33937.0 ms
block 15/40 - 43/120  33996.5 ms
block 16/40 - 46/120  33988.5 ms
block 17/40 - 49/120  33941.0 ms
block 18/40 - 52/120  33940.7 ms
block 19/40 - 55/120  33977.9 ms
block 20/40 - 58/120  34001.5 ms
block 21/40 - 61/120  33968.1 ms
block 22/40 - 64/120  34023.1 ms
block 23/40 - 67/120  34004.9 ms
block 24/40 - 70/120  33996.7 ms
block 25/40 - 73/120  34029.1 ms
block 26/40 - 76/120  34056.6 ms
block 27/40 - 79/120  34060.7 ms
block 28/40 - 82/120  34062.3 ms
block 29/40 - 85/120  34051.9 ms
block 30/40 - 88/120  34061.9 ms
block 31/40 - 91/120  34061.9 ms
block 32/40 - 94/120  34062.4 ms
block 33/40 - 97/120  34028.4 ms
block 34/40 - 100/120  34014.9 ms
block 35/40 - 103/120  34061.9 ms
block 36/40 - 106/120  33970.5 ms
block 37/40 - 109/120  33934.0 ms
block 38/40 - 112/120  33970.4 ms
block 39/40 - 115/120  33970.7 ms
block 40/40 - 118/120  34062.0 ms
[63/128] elapsed=93.5m  avg=89.0s/prompt  eta=96.5m
block 1/40 - 1/120  29397.2 ms
block 2/40 - 4/120  31160.4 ms
block 3/40 - 7/120  31791.2 ms
block 4/40 - 10/120  32309.9 ms
block 5/40 - 13/120  32921.7 ms
block 6/40 - 16/120  33640.2 ms
block 7/40 - 19/120  33635.7 ms
block 8/40 - 22/120  33643.3 ms
block 9/40 - 25/120  33773.0 ms
block 10/40 - 28/120  33776.3 ms
block 11/40 - 31/120  33777.5 ms
block 12/40 - 34/120  33789.6 ms
block 13/40 - 37/120  33941.7 ms
block 14/40 - 40/120  33988.0 ms
block 15/40 - 43/120  34043.3 ms
block 16/40 - 46/120  33932.9 ms
block 17/40 - 49/120  33973.4 ms
block 18/40 - 52/120  33927.8 ms
block 19/40 - 55/120  34003.2 ms
block 20/40 - 58/120  33960.3 ms
block 21/40 - 61/120  34020.7 ms
block 22/40 - 64/120  34019.3 ms
block 23/40 - 67/120  33988.8 ms
block 24/40 - 70/120  33980.1 ms
block 25/40 - 73/120  33987.6 ms
block 26/40 - 76/120  33992.4 ms
block 27/40 - 79/120  33978.9 ms
block 28/40 - 82/120  33960.5 ms
block 29/40 - 85/120  34009.8 ms
block 30/40 - 88/120  33954.9 ms
block 31/40 - 91/120  34051.8 ms
block 32/40 - 94/120  34057.4 ms
block 33/40 - 97/120  34042.8 ms
block 34/40 - 100/120  34009.9 ms
block 35/40 - 103/120  33964.8 ms
block 36/40 - 106/120  33918.4 ms
block 37/40 - 109/120  33956.1 ms
block 38/40 - 112/120  34019.1 ms
block 39/40 - 115/120  33961.2 ms
block 40/40 - 118/120  34023.7 ms
[79/128] elapsed=115.9m  avg=88.1s/prompt  eta=71.9m
block 1/40 - 1/120  29146.0 ms
block 2/40 - 4/120  31133.8 ms
block 3/40 - 7/120  32134.6 ms
block 4/40 - 10/120  32305.8 ms
block 5/40 - 13/120  32921.5 ms
block 6/40 - 16/120  33635.2 ms
block 7/40 - 19/120  33652.7 ms
block 8/40 - 22/120  33642.1 ms
block 9/40 - 25/120  33772.7 ms
block 10/40 - 28/120  33775.8 ms
block 11/40 - 31/120  33770.0 ms
block 12/40 - 34/120  33790.1 ms
block 13/40 - 37/120  33937.1 ms
block 14/40 - 40/120  33987.0 ms
block 15/40 - 43/120  33978.2 ms
block 16/40 - 46/120  33995.9 ms
block 17/40 - 49/120  33932.4 ms
block 18/40 - 52/120  33987.0 ms
block 19/40 - 55/120  33981.3 ms
block 20/40 - 58/120  33953.2 ms
block 21/40 - 61/120  33940.2 ms
block 22/40 - 64/120  33939.2 ms
block 23/40 - 67/120  33999.5 ms
block 24/40 - 70/120  34050.8 ms
block 25/40 - 73/120  34055.3 ms
block 26/40 - 76/120  34032.5 ms
block 27/40 - 79/120  34036.9 ms
block 28/40 - 82/120  34056.0 ms
block 29/40 - 85/120  34060.3 ms
block 30/40 - 88/120  34061.4 ms
block 31/40 - 91/120  34059.8 ms
block 32/40 - 94/120  34054.7 ms
block 33/40 - 97/120  33986.1 ms
block 34/40 - 100/120  34056.3 ms
block 35/40 - 103/120  34042.1 ms
block 36/40 - 106/120  34056.6 ms
block 37/40 - 109/120  34051.6 ms
block 38/40 - 112/120  34009.8 ms
block 39/40 - 115/120  34042.6 ms
block 40/40 - 118/120  33949.9 ms
[95/128] elapsed=138.4m  avg=87.4s/prompt  eta=48.1m
block 1/40 - 1/120  29190.5 ms
block 2/40 - 4/120  31125.6 ms
block 3/40 - 7/120  31813.9 ms
block 4/40 - 10/120  32318.6 ms
block 5/40 - 13/120  32921.5 ms
block 6/40 - 16/120  33635.8 ms
block 7/40 - 19/120  33648.3 ms
block 8/40 - 22/120  33647.7 ms
block 9/40 - 25/120  33773.6 ms
block 10/40 - 28/120  33772.3 ms
block 11/40 - 31/120  33770.9 ms
block 12/40 - 34/120  33795.0 ms
block 13/40 - 37/120  33951.7 ms
block 14/40 - 40/120  33945.7 ms
block 15/40 - 43/120  33958.7 ms
block 16/40 - 46/120  34033.7 ms
block 17/40 - 49/120  34025.2 ms
block 18/40 - 52/120  34046.9 ms
block 19/40 - 55/120  34055.8 ms
block 20/40 - 58/120  34065.1 ms
block 21/40 - 61/120  34061.3 ms
block 22/40 - 64/120  34056.7 ms
block 23/40 - 67/120  34064.6 ms
block 24/40 - 70/120  34032.5 ms
block 25/40 - 73/120  34005.3 ms
block 26/40 - 76/120  34004.9 ms
block 27/40 - 79/120  34032.7 ms
block 28/40 - 82/120  34060.7 ms
block 29/40 - 85/120  34047.6 ms
block 30/40 - 88/120  34018.9 ms
block 31/40 - 91/120  33959.6 ms
block 32/40 - 94/120  34023.2 ms
block 33/40 - 97/120  34056.1 ms
block 34/40 - 100/120  33986.7 ms
block 35/40 - 103/120  34019.5 ms
block 36/40 - 106/120  34043.2 ms
block 37/40 - 109/120  33992.8 ms
block 38/40 - 112/120  34056.6 ms
block 39/40 - 115/120  34056.3 ms
block 40/40 - 118/120  34065.5 ms
[111/128] elapsed=160.9m  avg=87.0s/prompt  eta=24.6m
block 1/40 - 1/120  29189.4 ms
block 2/40 - 4/120  31153.5 ms
block 3/40 - 7/120  31846.4 ms
block 4/40 - 10/120  32309.3 ms
block 5/40 - 13/120  32922.4 ms
block 6/40 - 16/120  33958.5 ms
block 7/40 - 19/120  33643.2 ms
block 8/40 - 22/120  33648.6 ms
block 9/40 - 25/120  33773.8 ms
block 10/40 - 28/120  33771.3 ms
block 11/40 - 31/120  33771.6 ms
block 12/40 - 34/120  33789.5 ms
block 13/40 - 37/120  33937.9 ms
block 14/40 - 40/120  33954.9 ms
block 15/40 - 43/120  33973.4 ms
block 16/40 - 46/120  34056.4 ms
block 17/40 - 49/120  34000.3 ms
block 18/40 - 52/120  33931.7 ms
block 19/40 - 55/120  34027.1 ms
block 20/40 - 58/120  33967.6 ms
block 21/40 - 61/120  33963.3 ms
block 22/40 - 64/120  33936.3 ms
block 23/40 - 67/120  33936.3 ms
block 24/40 - 70/120  34009.5 ms
block 25/40 - 73/120  34014.6 ms
block 26/40 - 76/120  33991.2 ms
block 27/40 - 79/120  34010.0 ms
block 28/40 - 82/120  34001.1 ms
block 29/40 - 85/120  34018.2 ms
block 30/40 - 88/120  34001.3 ms
block 31/40 - 91/120  33996.9 ms
block 32/40 - 94/120  33997.3 ms
block 33/40 - 97/120  34033.7 ms
block 34/40 - 100/120  33969.3 ms
block 35/40 - 103/120  33955.4 ms
block 36/40 - 106/120  34020.7 ms
block 37/40 - 109/120  33975.5 ms
block 38/40 - 112/120  34024.0 ms
block 39/40 - 115/120  33881.3 ms
block 40/40 - 118/120  34020.8 ms
[127/128] elapsed=183.3m  avg=86.6s/prompt  eta=1.4m
