Running on a single GPU (cuda); skipping NCCL initialization.
Free VRAM 93.14923095703125 GB
Loading CUDA extension (first run compiles ~60s; cached run ~3s)...
CUDA extension ready in 126.2s.
[CacheCompatibilityPolicy] recent=20:0 coverage=21:360 episode=22:0 coverage_policy=retrieval budget=9FFE read_budget=9FFE owner=HeadComposition
KV inference with 3 frames per block
Number of prompts: 128
Prompt index range: [0, 128)
Loading PyramidKV config from /apdcephfs_gy2/share_303214315/cedricnie/develop/training-free/runs/v182_structured_coverage/inputs/maps/all_coverage_retrieval.csv
block 1/40 - 1/120  232706.9 ms
block 2/40 - 4/120  30745.1 ms
block 3/40 - 7/120  31375.3 ms
block 4/40 - 10/120  32263.1 ms
block 5/40 - 13/120  32741.1 ms
block 6/40 - 16/120  33413.4 ms
block 7/40 - 19/120  33452.3 ms
block 8/40 - 22/120  33554.6 ms
block 9/40 - 25/120  33566.6 ms
block 10/40 - 28/120  33703.6 ms
block 11/40 - 31/120  33557.0 ms
block 12/40 - 34/120  33624.5 ms
block 13/40 - 37/120  33714.1 ms
block 14/40 - 40/120  33698.2 ms
block 15/40 - 43/120  33694.6 ms
block 16/40 - 46/120  33731.4 ms
block 17/40 - 49/120  33759.3 ms
block 18/40 - 52/120  33776.3 ms
block 19/40 - 55/120  33768.2 ms
block 20/40 - 58/120  33831.4 ms
block 21/40 - 61/120  33825.0 ms
block 22/40 - 64/120  33829.2 ms
block 23/40 - 67/120  33756.3 ms
block 24/40 - 70/120  33719.4 ms
block 25/40 - 73/120  33791.9 ms
block 26/40 - 76/120  33825.5 ms
block 27/40 - 79/120  33735.9 ms
block 28/40 - 82/120  33766.4 ms
block 29/40 - 85/120  33791.8 ms
block 30/40 - 88/120  33751.7 ms
block 31/40 - 91/120  33751.9 ms
block 32/40 - 94/120  33731.4 ms
block 33/40 - 97/120  33756.3 ms
block 34/40 - 100/120  33743.6 ms
block 35/40 - 103/120  33837.2 ms
block 36/40 - 106/120  33823.3 ms
block 37/40 - 109/120  33824.8 ms
block 38/40 - 112/120  33787.7 ms
block 39/40 - 115/120  33821.9 ms
block 40/40 - 118/120  33843.1 ms
/apdcephfs_gy2/share_303214315/cedricnie/miniconda3/envs/longlive/lib/python3.10/site-packages/torchvision/io/_video_deprecation_warning.py:9: UserWarning: The video decoding and encoding capabilities of torchvision are deprecated from version 0.22 and will be removed in version 0.24. We recommend that you migrate to TorchCodec, where we'll consolidate the future decoding/encoding capabilities of PyTorch: https://github.com/pytorch/torchcodec
  warnings.warn(
[14/128] elapsed=25.9m  avg=111.2s/prompt  eta=211.3m
block 1/40 - 1/120  28800.2 ms
block 2/40 - 4/120  30926.3 ms
block 3/40 - 7/120  31427.3 ms
block 4/40 - 10/120  32145.4 ms
block 5/40 - 13/120  32719.6 ms
block 6/40 - 16/120  33461.8 ms
block 7/40 - 19/120  33421.6 ms
block 8/40 - 22/120  33426.6 ms
block 9/40 - 25/120  33808.0 ms
block 10/40 - 28/120  33547.4 ms
block 11/40 - 31/120  33547.4 ms
block 12/40 - 34/120  33570.3 ms
block 13/40 - 37/120  33811.5 ms
block 14/40 - 40/120  33786.3 ms
block 15/40 - 43/120  33802.3 ms
block 16/40 - 46/120  33741.1 ms
block 17/40 - 49/120  33739.4 ms
block 18/40 - 52/120  33795.8 ms
block 19/40 - 55/120  33752.0 ms
block 20/40 - 58/120  33809.5 ms
block 21/40 - 61/120  33812.4 ms
block 22/40 - 64/120  33821.0 ms
block 23/40 - 67/120  33830.7 ms
block 24/40 - 70/120  33845.8 ms
block 25/40 - 73/120  33818.9 ms
block 26/40 - 76/120  33819.2 ms
block 27/40 - 79/120  33819.5 ms
block 28/40 - 82/120  33815.2 ms
block 29/40 - 85/120  33815.8 ms
block 30/40 - 88/120  33829.8 ms
block 31/40 - 91/120  33839.2 ms
block 32/40 - 94/120  33837.1 ms
block 33/40 - 97/120  33831.5 ms
block 34/40 - 100/120  33796.5 ms
block 35/40 - 103/120  33795.0 ms
block 36/40 - 106/120  33826.2 ms
block 37/40 - 109/120  33831.5 ms
block 38/40 - 112/120  33830.7 ms
block 39/40 - 115/120  33842.2 ms
block 40/40 - 118/120  33792.6 ms
[30/128] elapsed=48.3m  avg=96.5s/prompt  eta=157.7m
block 1/40 - 1/120  28577.7 ms
block 2/40 - 4/120  30976.7 ms
block 3/40 - 7/120  31554.8 ms
block 4/40 - 10/120  32161.9 ms
block 5/40 - 13/120  32771.7 ms
block 6/40 - 16/120  33480.7 ms
block 7/40 - 19/120  33410.3 ms
block 8/40 - 22/120  33420.6 ms
block 9/40 - 25/120  33534.5 ms
block 10/40 - 28/120  33549.3 ms
block 11/40 - 31/120  33550.1 ms
block 12/40 - 34/120  33569.6 ms
block 13/40 - 37/120  33733.4 ms
block 14/40 - 40/120  33738.2 ms
block 15/40 - 43/120  33760.9 ms
block 16/40 - 46/120  33775.5 ms
block 17/40 - 49/120  33771.3 ms
block 18/40 - 52/120  33757.3 ms
block 19/40 - 55/120  33734.0 ms
block 20/40 - 58/120  33806.6 ms
block 21/40 - 61/120  33831.6 ms
block 22/40 - 64/120  33830.1 ms
block 23/40 - 67/120  33822.1 ms
block 24/40 - 70/120  33841.6 ms
block 25/40 - 73/120  33803.2 ms
block 26/40 - 76/120  33787.9 ms
block 27/40 - 79/120  33825.0 ms
block 28/40 - 82/120  33829.1 ms
block 29/40 - 85/120  33827.5 ms
block 30/40 - 88/120  33819.4 ms
block 31/40 - 91/120  33832.0 ms
block 32/40 - 94/120  33801.4 ms
block 33/40 - 97/120  33742.2 ms
block 34/40 - 100/120  33772.5 ms
block 35/40 - 103/120  33846.5 ms
block 36/40 - 106/120  33842.4 ms
block 37/40 - 109/120  33838.2 ms
block 38/40 - 112/120  33852.5 ms
block 39/40 - 115/120  33840.9 ms
block 40/40 - 118/120  33845.2 ms
[46/128] elapsed=70.6m  avg=92.1s/prompt  eta=125.8m
block 1/40 - 1/120  28385.3 ms
block 2/40 - 4/120  31034.5 ms
block 3/40 - 7/120  31534.4 ms
block 4/40 - 10/120  32213.2 ms
block 5/40 - 13/120  32820.2 ms
block 6/40 - 16/120  33792.9 ms
block 7/40 - 19/120  33434.3 ms
block 8/40 - 22/120  33431.7 ms
block 9/40 - 25/120  33548.5 ms
block 10/40 - 28/120  33546.3 ms
block 11/40 - 31/120  33550.2 ms
block 12/40 - 34/120  33578.1 ms
block 13/40 - 37/120  33786.0 ms
block 14/40 - 40/120  33744.9 ms
block 15/40 - 43/120  33784.7 ms
block 16/40 - 46/120  33819.0 ms
block 17/40 - 49/120  33794.2 ms
block 18/40 - 52/120  33786.5 ms
block 19/40 - 55/120  33776.4 ms
block 20/40 - 58/120  33779.6 ms
block 21/40 - 61/120  33786.6 ms
block 22/40 - 64/120  33828.7 ms
block 23/40 - 67/120  33832.1 ms
block 24/40 - 70/120  33802.9 ms
block 25/40 - 73/120  33842.0 ms
block 26/40 - 76/120  33856.6 ms
block 27/40 - 79/120  33880.2 ms
block 28/40 - 82/120  33818.8 ms
block 29/40 - 85/120  33785.5 ms
block 30/40 - 88/120  33804.9 ms
block 31/40 - 91/120  33891.8 ms
block 32/40 - 94/120  33869.2 ms
block 33/40 - 97/120  33862.4 ms
block 34/40 - 100/120  33863.8 ms
block 35/40 - 103/120  33853.6 ms
block 36/40 - 106/120  33821.9 ms
block 37/40 - 109/120  33809.5 ms
block 38/40 - 112/120  33781.5 ms
block 39/40 - 115/120  33815.4 ms
block 40/40 - 118/120  33826.9 ms
[62/128] elapsed=92.9m  avg=89.9s/prompt  eta=98.9m
block 1/40 - 1/120  28820.0 ms
block 2/40 - 4/120  30813.1 ms
block 3/40 - 7/120  31565.9 ms
block 4/40 - 10/120  32285.3 ms
block 5/40 - 13/120  32885.4 ms
block 6/40 - 16/120  33593.5 ms
block 7/40 - 19/120  33411.1 ms
block 8/40 - 22/120  33418.2 ms
block 9/40 - 25/120  33537.6 ms
block 10/40 - 28/120  33534.4 ms
block 11/40 - 31/120  33545.7 ms
block 12/40 - 34/120  33557.3 ms
block 13/40 - 37/120  33690.6 ms
block 14/40 - 40/120  33746.7 ms
block 15/40 - 43/120  33789.4 ms
block 16/40 - 46/120  33766.1 ms
block 17/40 - 49/120  33755.4 ms
block 18/40 - 52/120  33787.2 ms
block 19/40 - 55/120  33781.2 ms
block 20/40 - 58/120  33768.2 ms
block 21/40 - 61/120  33811.0 ms
block 22/40 - 64/120  33818.7 ms
block 23/40 - 67/120  33777.8 ms
block 24/40 - 70/120  33816.1 ms
block 25/40 - 73/120  33823.1 ms
block 26/40 - 76/120  33824.1 ms
block 27/40 - 79/120  33830.0 ms
block 28/40 - 82/120  33816.0 ms
block 29/40 - 85/120  33821.6 ms
block 30/40 - 88/120  33888.2 ms
block 31/40 - 91/120  33908.0 ms
block 32/40 - 94/120  33823.6 ms
block 33/40 - 97/120  33822.7 ms
block 34/40 - 100/120  33824.8 ms
block 35/40 - 103/120  33830.8 ms
block 36/40 - 106/120  33827.0 ms
block 37/40 - 109/120  33811.8 ms
block 38/40 - 112/120  33822.9 ms
block 39/40 - 115/120  33807.9 ms
block 40/40 - 118/120  33822.7 ms
[78/128] elapsed=115.2m  avg=88.6s/prompt  eta=73.9m
block 1/40 - 1/120  28572.6 ms
block 2/40 - 4/120  30653.6 ms
block 3/40 - 7/120  31579.3 ms
block 4/40 - 10/120  32279.3 ms
block 5/40 - 13/120  32886.1 ms
block 6/40 - 16/120  33593.7 ms
block 7/40 - 19/120  33605.6 ms
block 8/40 - 22/120  33422.9 ms
block 9/40 - 25/120  33440.0 ms
block 10/40 - 28/120  33526.9 ms
block 11/40 - 31/120  33547.8 ms
block 12/40 - 34/120  33546.6 ms
block 13/40 - 37/120  33719.4 ms
block 14/40 - 40/120  33738.3 ms
block 15/40 - 43/120  33820.5 ms
block 16/40 - 46/120  33820.0 ms
block 17/40 - 49/120  33816.6 ms
block 18/40 - 52/120  33820.5 ms
block 19/40 - 55/120  33834.5 ms
block 20/40 - 58/120  33799.8 ms
block 21/40 - 61/120  33801.4 ms
block 22/40 - 64/120  33821.7 ms
block 23/40 - 67/120  33745.0 ms
block 24/40 - 70/120  33806.5 ms
block 25/40 - 73/120  33802.1 ms
block 26/40 - 76/120  33803.8 ms
block 27/40 - 79/120  33806.4 ms
block 28/40 - 82/120  33785.1 ms
block 29/40 - 85/120  33790.3 ms
block 30/40 - 88/120  33789.3 ms
block 31/40 - 91/120  33828.0 ms
block 32/40 - 94/120  33831.8 ms
block 33/40 - 97/120  33846.4 ms
block 34/40 - 100/120  33842.3 ms
block 35/40 - 103/120  33819.9 ms
block 36/40 - 106/120  33835.0 ms
block 37/40 - 109/120  33822.6 ms
block 38/40 - 112/120  33841.3 ms
block 39/40 - 115/120  33828.5 ms
block 40/40 - 118/120  33823.2 ms
[94/128] elapsed=137.6m  avg=87.8s/prompt  eta=49.8m
block 1/40 - 1/120  28365.4 ms
block 2/40 - 4/120  30436.2 ms
block 3/40 - 7/120  31572.7 ms
block 4/40 - 10/120  32280.4 ms
block 5/40 - 13/120  32885.0 ms
block 6/40 - 16/120  33593.4 ms
block 7/40 - 19/120  33606.2 ms
block 8/40 - 22/120  33600.6 ms
block 9/40 - 25/120  33478.4 ms
block 10/40 - 28/120  33529.7 ms
block 11/40 - 31/120  33730.2 ms
block 12/40 - 34/120  33558.7 ms
block 13/40 - 37/120  33745.1 ms
block 14/40 - 40/120  33743.9 ms
block 15/40 - 43/120  33806.9 ms
block 16/40 - 46/120  33785.6 ms
block 17/40 - 49/120  33819.5 ms
block 18/40 - 52/120  33824.0 ms
block 19/40 - 55/120  33818.2 ms
block 20/40 - 58/120  33798.9 ms
block 21/40 - 61/120  33833.9 ms
block 22/40 - 64/120  33827.3 ms
block 23/40 - 67/120  33757.8 ms
block 24/40 - 70/120  33742.0 ms
block 25/40 - 73/120  33815.8 ms
block 26/40 - 76/120  33805.3 ms
block 27/40 - 79/120  33796.0 ms
block 28/40 - 82/120  33819.7 ms
block 29/40 - 85/120  33822.8 ms
block 30/40 - 88/120  33914.4 ms
block 31/40 - 91/120  33812.9 ms
block 32/40 - 94/120  33824.9 ms
block 33/40 - 97/120  33835.9 ms
block 34/40 - 100/120  33828.2 ms
block 35/40 - 103/120  33822.6 ms
block 36/40 - 106/120  33826.6 ms
block 37/40 - 109/120  33825.9 ms
block 38/40 - 112/120  33845.7 ms
block 39/40 - 115/120  33847.4 ms
block 40/40 - 118/120  33845.5 ms
[110/128] elapsed=159.9m  avg=87.2s/prompt  eta=26.2m
block 1/40 - 1/120  28373.4 ms
block 2/40 - 4/120  30580.8 ms
block 3/40 - 7/120  31580.5 ms
block 4/40 - 10/120  32276.1 ms
block 5/40 - 13/120  32884.4 ms
block 6/40 - 16/120  33593.2 ms
block 7/40 - 19/120  33602.5 ms
block 8/40 - 22/120  33503.8 ms
block 9/40 - 25/120  33492.1 ms
block 10/40 - 28/120  33542.1 ms
block 11/40 - 31/120  33549.6 ms
block 12/40 - 34/120  33555.2 ms
block 13/40 - 37/120  33754.4 ms
block 14/40 - 40/120  33767.1 ms
block 15/40 - 43/120  33741.7 ms
block 16/40 - 46/120  33849.2 ms
block 17/40 - 49/120  33760.6 ms
block 18/40 - 52/120  33816.4 ms
block 19/40 - 55/120  33827.6 ms
block 20/40 - 58/120  33843.9 ms
block 21/40 - 61/120  33804.5 ms
block 22/40 - 64/120  33740.7 ms
block 23/40 - 67/120  33844.9 ms
block 24/40 - 70/120  33824.0 ms
block 25/40 - 73/120  33764.0 ms
block 26/40 - 76/120  33759.0 ms
block 27/40 - 79/120  33837.5 ms
block 28/40 - 82/120  33865.4 ms
block 29/40 - 85/120  33873.7 ms
block 30/40 - 88/120  33805.0 ms
block 31/40 - 91/120  33798.0 ms
block 32/40 - 94/120  33866.5 ms
block 33/40 - 97/120  33854.9 ms
block 34/40 - 100/120  33872.4 ms
block 35/40 - 103/120  33811.1 ms
block 36/40 - 106/120  33838.4 ms
block 37/40 - 109/120  33822.9 ms
block 38/40 - 112/120  33848.2 ms
block 39/40 - 115/120  33848.8 ms
block 40/40 - 118/120  33841.4 ms
[126/128] elapsed=182.2m  avg=86.8s/prompt  eta=2.9m
