Running on a single GPU (cuda); skipping NCCL initialization.
Free VRAM 93.14923095703125 GB
Loading CUDA extension (first run compiles ~60s; cached run ~3s)...
CUDA extension ready in 126.2s.
[CacheCompatibilityPolicy] recent=20:0 coverage=21:360 episode=22:0 coverage_policy=retrieval budget=9FFE read_budget=9FFE owner=HeadComposition
KV inference with 3 frames per block
Number of prompts: 128
Prompt index range: [0, 128)
Loading PyramidKV config from /apdcephfs_gy2/share_303214315/cedricnie/develop/training-free/runs/v182_structured_coverage/inputs/maps/all_coverage_retrieval.csv
block 1/40 - 1/120  232706.2 ms
block 2/40 - 4/120  30852.8 ms
block 3/40 - 7/120  31463.3 ms
block 4/40 - 10/120  32250.2 ms
block 5/40 - 13/120  32868.7 ms
block 6/40 - 16/120  33610.9 ms
block 7/40 - 19/120  33578.5 ms
block 8/40 - 22/120  33607.2 ms
block 9/40 - 25/120  33645.4 ms
block 10/40 - 28/120  33858.4 ms
block 11/40 - 31/120  33740.7 ms
block 12/40 - 34/120  33758.6 ms
block 13/40 - 37/120  33799.5 ms
block 14/40 - 40/120  33896.5 ms
block 15/40 - 43/120  33840.2 ms
block 16/40 - 46/120  33864.0 ms
block 17/40 - 49/120  33836.1 ms
block 18/40 - 52/120  33863.1 ms
block 19/40 - 55/120  33820.2 ms
block 20/40 - 58/120  33870.8 ms
block 21/40 - 61/120  33925.8 ms
block 22/40 - 64/120  33890.8 ms
block 23/40 - 67/120  33875.6 ms
block 24/40 - 70/120  33863.2 ms
block 25/40 - 73/120  33860.6 ms
block 26/40 - 76/120  33856.2 ms
block 27/40 - 79/120  33868.0 ms
block 28/40 - 82/120  33853.2 ms
block 29/40 - 85/120  33843.4 ms
block 30/40 - 88/120  33867.0 ms
block 31/40 - 91/120  33872.1 ms
block 32/40 - 94/120  33847.5 ms
block 33/40 - 97/120  33867.8 ms
block 34/40 - 100/120  33862.7 ms
block 35/40 - 103/120  33919.9 ms
block 36/40 - 106/120  33926.1 ms
block 37/40 - 109/120  33914.2 ms
block 38/40 - 112/120  33926.2 ms
block 39/40 - 115/120  33909.7 ms
block 40/40 - 118/120  33920.6 ms
/apdcephfs_gy2/share_303214315/cedricnie/miniconda3/envs/longlive/lib/python3.10/site-packages/torchvision/io/_video_deprecation_warning.py:9: UserWarning: The video decoding and encoding capabilities of torchvision are deprecated from version 0.22 and will be removed in version 0.24. We recommend that you migrate to TorchCodec, where we'll consolidate the future decoding/encoding capabilities of PyTorch: https://github.com/pytorch/torchcodec
  warnings.warn(
[10/128] elapsed=26.0m  avg=156.1s/prompt  eta=307.0m
block 1/40 - 1/120  28929.8 ms
block 2/40 - 4/120  31075.9 ms
block 3/40 - 7/120  31541.5 ms
block 4/40 - 10/120  32200.6 ms
block 5/40 - 13/120  32778.4 ms
block 6/40 - 16/120  33511.9 ms
block 7/40 - 19/120  33799.4 ms
block 8/40 - 22/120  33597.8 ms
block 9/40 - 25/120  33601.2 ms
block 10/40 - 28/120  33629.6 ms
block 11/40 - 31/120  33660.9 ms
block 12/40 - 34/120  33634.3 ms
block 13/40 - 37/120  33819.1 ms
block 14/40 - 40/120  33842.5 ms
block 15/40 - 43/120  33805.6 ms
block 16/40 - 46/120  33836.0 ms
block 17/40 - 49/120  33849.2 ms
block 18/40 - 52/120  33850.9 ms
block 19/40 - 55/120  33844.3 ms
block 20/40 - 58/120  33850.0 ms
block 21/40 - 61/120  33844.1 ms
block 22/40 - 64/120  33861.9 ms
block 23/40 - 67/120  33881.8 ms
block 24/40 - 70/120  33873.1 ms
block 25/40 - 73/120  33879.2 ms
block 26/40 - 76/120  33865.3 ms
block 27/40 - 79/120  33854.3 ms
block 28/40 - 82/120  33859.0 ms
block 29/40 - 85/120  33901.7 ms
block 30/40 - 88/120  33884.5 ms
block 31/40 - 91/120  33863.9 ms
block 32/40 - 94/120  33881.8 ms
block 33/40 - 97/120  33884.8 ms
block 34/40 - 100/120  33903.4 ms
block 35/40 - 103/120  33892.0 ms
block 36/40 - 106/120  33867.5 ms
block 37/40 - 109/120  33865.3 ms
block 38/40 - 112/120  33890.8 ms
block 39/40 - 115/120  33914.4 ms
block 40/40 - 118/120  33863.2 ms
[26/128] elapsed=48.4m  avg=111.7s/prompt  eta=189.8m
block 1/40 - 1/120  28857.9 ms
block 2/40 - 4/120  31043.1 ms
block 3/40 - 7/120  31519.5 ms
block 4/40 - 10/120  32230.6 ms
block 5/40 - 13/120  32843.9 ms
block 6/40 - 16/120  33572.5 ms
block 7/40 - 19/120  33522.7 ms
block 8/40 - 22/120  33595.1 ms
block 9/40 - 25/120  33588.4 ms
block 10/40 - 28/120  33652.7 ms
block 11/40 - 31/120  33642.1 ms
block 12/40 - 34/120  33659.1 ms
block 13/40 - 37/120  33804.8 ms
block 14/40 - 40/120  33834.1 ms
block 15/40 - 43/120  33866.1 ms
block 16/40 - 46/120  33835.3 ms
block 17/40 - 49/120  33841.9 ms
block 18/40 - 52/120  33851.1 ms
block 19/40 - 55/120  33832.6 ms
block 20/40 - 58/120  33842.5 ms
block 21/40 - 61/120  33877.2 ms
block 22/40 - 64/120  33874.9 ms
block 23/40 - 67/120  33915.4 ms
block 24/40 - 70/120  33904.6 ms
block 25/40 - 73/120  33906.2 ms
block 26/40 - 76/120  33887.6 ms
block 27/40 - 79/120  33874.4 ms
block 28/40 - 82/120  33855.5 ms
block 29/40 - 85/120  33839.0 ms
block 30/40 - 88/120  33849.1 ms
block 31/40 - 91/120  33857.1 ms
block 32/40 - 94/120  33920.7 ms
block 33/40 - 97/120  33866.2 ms
block 34/40 - 100/120  33901.2 ms
block 35/40 - 103/120  33904.9 ms
block 36/40 - 106/120  33868.0 ms
block 37/40 - 109/120  33866.3 ms
block 38/40 - 112/120  33909.5 ms
block 39/40 - 115/120  33903.8 ms
block 40/40 - 118/120  33903.3 ms
[42/128] elapsed=70.8m  avg=101.1s/prompt  eta=144.9m
block 1/40 - 1/120  28702.4 ms
block 2/40 - 4/120  31164.5 ms
block 3/40 - 7/120  31605.5 ms
block 4/40 - 10/120  32517.6 ms
block 5/40 - 13/120  32878.0 ms
block 6/40 - 16/120  33596.0 ms
block 7/40 - 19/120  33563.3 ms
block 8/40 - 22/120  33599.3 ms
block 9/40 - 25/120  33613.0 ms
block 10/40 - 28/120  33643.6 ms
block 11/40 - 31/120  33663.3 ms
block 12/40 - 34/120  33656.9 ms
block 13/40 - 37/120  33817.0 ms
block 14/40 - 40/120  33842.7 ms
block 15/40 - 43/120  33893.6 ms
block 16/40 - 46/120  33848.8 ms
block 17/40 - 49/120  33930.6 ms
block 18/40 - 52/120  33843.9 ms
block 19/40 - 55/120  33937.7 ms
block 20/40 - 58/120  33921.4 ms
block 21/40 - 61/120  33858.8 ms
block 22/40 - 64/120  33857.4 ms
block 23/40 - 67/120  33861.1 ms
block 24/40 - 70/120  33887.3 ms
block 25/40 - 73/120  33869.2 ms
block 26/40 - 76/120  33895.8 ms
block 27/40 - 79/120  33883.4 ms
block 28/40 - 82/120  33864.9 ms
block 29/40 - 85/120  33853.2 ms
block 30/40 - 88/120  33850.3 ms
block 31/40 - 91/120  33860.0 ms
block 32/40 - 94/120  33864.5 ms
block 33/40 - 97/120  33932.1 ms
block 34/40 - 100/120  33878.3 ms
block 35/40 - 103/120  33939.4 ms
block 36/40 - 106/120  33922.9 ms
block 37/40 - 109/120  33891.3 ms
block 38/40 - 112/120  33884.0 ms
block 39/40 - 115/120  33873.9 ms
block 40/40 - 118/120  33874.6 ms
[58/128] elapsed=93.1m  avg=96.3s/prompt  eta=112.4m
block 1/40 - 1/120  28729.7 ms
block 2/40 - 4/120  31187.5 ms
block 3/40 - 7/120  31595.8 ms
block 4/40 - 10/120  32274.0 ms
block 5/40 - 13/120  32891.7 ms
block 6/40 - 16/120  33617.5 ms
block 7/40 - 19/120  33517.6 ms
block 8/40 - 22/120  33615.7 ms
block 9/40 - 25/120  33602.1 ms
block 10/40 - 28/120  33643.0 ms
block 11/40 - 31/120  33656.0 ms
block 12/40 - 34/120  33944.4 ms
block 13/40 - 37/120  33842.9 ms
block 14/40 - 40/120  33858.8 ms
block 15/40 - 43/120  33874.7 ms
block 16/40 - 46/120  33885.2 ms
block 17/40 - 49/120  33871.0 ms
block 18/40 - 52/120  33875.8 ms
block 19/40 - 55/120  33876.3 ms
block 20/40 - 58/120  33846.4 ms
block 21/40 - 61/120  33881.0 ms
block 22/40 - 64/120  33851.9 ms
block 23/40 - 67/120  33872.4 ms
block 24/40 - 70/120  33872.6 ms
block 25/40 - 73/120  33863.4 ms
block 26/40 - 76/120  33882.4 ms
block 27/40 - 79/120  33849.3 ms
block 28/40 - 82/120  33868.1 ms
block 29/40 - 85/120  33895.6 ms
block 30/40 - 88/120  33943.2 ms
block 31/40 - 91/120  33878.9 ms
block 32/40 - 94/120  33915.1 ms
block 33/40 - 97/120  33876.7 ms
block 34/40 - 100/120  33874.9 ms
block 35/40 - 103/120  33875.7 ms
block 36/40 - 106/120  33895.5 ms
block 37/40 - 109/120  33880.0 ms
block 38/40 - 112/120  33852.6 ms
block 39/40 - 115/120  33884.6 ms
block 40/40 - 118/120  33868.7 ms
[74/128] elapsed=115.5m  avg=93.7s/prompt  eta=84.3m
block 1/40 - 1/120  28696.6 ms
block 2/40 - 4/120  31207.5 ms
block 3/40 - 7/120  31586.6 ms
block 4/40 - 10/120  32310.2 ms
block 5/40 - 13/120  32912.1 ms
block 6/40 - 16/120  33638.6 ms
block 7/40 - 19/120  33573.6 ms
block 8/40 - 22/120  33618.4 ms
block 9/40 - 25/120  33615.8 ms
block 10/40 - 28/120  33650.0 ms
block 11/40 - 31/120  33659.2 ms
block 12/40 - 34/120  33657.6 ms
block 13/40 - 37/120  33824.6 ms
block 14/40 - 40/120  33883.9 ms
block 15/40 - 43/120  33848.8 ms
block 16/40 - 46/120  33854.9 ms
block 17/40 - 49/120  33857.7 ms
block 18/40 - 52/120  33876.5 ms
block 19/40 - 55/120  33839.3 ms
block 20/40 - 58/120  33871.1 ms
block 21/40 - 61/120  33852.3 ms
block 22/40 - 64/120  33857.4 ms
block 23/40 - 67/120  33862.6 ms
block 24/40 - 70/120  33909.3 ms
block 25/40 - 73/120  33848.2 ms
block 26/40 - 76/120  33881.5 ms
block 27/40 - 79/120  33873.6 ms
block 28/40 - 82/120  33941.6 ms
block 29/40 - 85/120  33932.2 ms
block 30/40 - 88/120  33862.1 ms
block 31/40 - 91/120  33855.3 ms
block 32/40 - 94/120  33946.6 ms
block 33/40 - 97/120  33942.0 ms
block 34/40 - 100/120  33948.0 ms
block 35/40 - 103/120  33916.0 ms
block 36/40 - 106/120  33932.8 ms
block 37/40 - 109/120  33954.1 ms
block 38/40 - 112/120  33949.4 ms
block 39/40 - 115/120  33944.7 ms
block 40/40 - 118/120  33933.2 ms
[90/128] elapsed=137.9m  avg=91.9s/prompt  eta=58.2m
block 1/40 - 1/120  28904.8 ms
block 2/40 - 4/120  31037.0 ms
block 3/40 - 7/120  31598.4 ms
block 4/40 - 10/120  32299.9 ms
block 5/40 - 13/120  32861.3 ms
block 6/40 - 16/120  33516.8 ms
block 7/40 - 19/120  33771.0 ms
block 8/40 - 22/120  33608.5 ms
block 9/40 - 25/120  33627.1 ms
block 10/40 - 28/120  33666.5 ms
block 11/40 - 31/120  33664.5 ms
block 12/40 - 34/120  33684.0 ms
block 13/40 - 37/120  33810.9 ms
block 14/40 - 40/120  33846.6 ms
block 15/40 - 43/120  33839.9 ms
block 16/40 - 46/120  33857.5 ms
block 17/40 - 49/120  33854.7 ms
block 18/40 - 52/120  33882.6 ms
block 19/40 - 55/120  33880.0 ms
block 20/40 - 58/120  33878.5 ms
block 21/40 - 61/120  33887.0 ms
block 22/40 - 64/120  33921.4 ms
block 23/40 - 67/120  33987.5 ms
block 24/40 - 70/120  33923.4 ms
block 25/40 - 73/120  33837.3 ms
block 26/40 - 76/120  33870.1 ms
block 27/40 - 79/120  33890.2 ms
block 28/40 - 82/120  33857.8 ms
block 29/40 - 85/120  33867.5 ms
block 30/40 - 88/120  33840.4 ms
block 31/40 - 91/120  33898.9 ms
block 32/40 - 94/120  33854.9 ms
block 33/40 - 97/120  33855.7 ms
block 34/40 - 100/120  33878.1 ms
block 35/40 - 103/120  33857.3 ms
block 36/40 - 106/120  33873.0 ms
block 37/40 - 109/120  33840.4 ms
block 38/40 - 112/120  33834.1 ms
block 39/40 - 115/120  33871.9 ms
block 40/40 - 118/120  33859.4 ms
[106/128] elapsed=160.3m  avg=90.7s/prompt  eta=33.3m
block 1/40 - 1/120  28740.9 ms
block 2/40 - 4/120  30923.8 ms
block 3/40 - 7/120  31591.1 ms
block 4/40 - 10/120  32309.1 ms
block 5/40 - 13/120  32912.4 ms
block 6/40 - 16/120  33633.4 ms
block 7/40 - 19/120  33626.6 ms
block 8/40 - 22/120  33717.8 ms
block 9/40 - 25/120  33621.3 ms
block 10/40 - 28/120  33642.7 ms
block 11/40 - 31/120  33628.8 ms
block 12/40 - 34/120  33655.0 ms
block 13/40 - 37/120  33803.4 ms
block 14/40 - 40/120  33847.3 ms
block 15/40 - 43/120  33841.1 ms
block 16/40 - 46/120  33832.6 ms
block 17/40 - 49/120  33825.6 ms
block 18/40 - 52/120  33822.7 ms
block 19/40 - 55/120  33864.7 ms
block 20/40 - 58/120  33807.2 ms
block 21/40 - 61/120  33843.0 ms
block 22/40 - 64/120  33867.3 ms
block 23/40 - 67/120  33891.1 ms
block 24/40 - 70/120  33848.8 ms
block 25/40 - 73/120  33873.6 ms
block 26/40 - 76/120  33892.7 ms
block 27/40 - 79/120  33898.8 ms
block 28/40 - 82/120  33891.1 ms
block 29/40 - 85/120  33893.6 ms
block 30/40 - 88/120  33924.3 ms
block 31/40 - 91/120  33856.1 ms
block 32/40 - 94/120  33899.7 ms
block 33/40 - 97/120  33817.8 ms
block 34/40 - 100/120  33841.3 ms
block 35/40 - 103/120  33839.7 ms
block 36/40 - 106/120  33858.3 ms
block 37/40 - 109/120  33857.2 ms
block 38/40 - 112/120  33869.1 ms
block 39/40 - 115/120  33882.0 ms
block 40/40 - 118/120  34015.7 ms
[122/128] elapsed=182.6m  avg=89.8s/prompt  eta=9.0m
