Running on a single GPU (cuda); skipping NCCL initialization.
Free VRAM 93.14923095703125 GB
Loading CUDA extension (first run compiles ~60s; cached run ~3s)...
CUDA extension ready in 148.5s.
[PFHybridRetrieval] labels=-1/1/2 osc=cyclic sta=semantic_retrieval4 sink={'1': 1, '2': 1, '-1': 1} recent={'1': 4, '2': 4, '-1': 4} retrieval_capacity={'1': 4, '2': 4} owner=HeadComposition
KV inference with 3 frames per block
Number of prompts: 128
Prompt index range: [0, 128)
Loading PyramidKV config from configs/head_configs/best_labels.csv
Warning: unknown classification labels ['-1', '1', '2'] not found in pyramidkv_code_map; falling back to default_capacity=32760.
block 1/40 - 1/120  238779.6 ms
block 2/40 - 4/120  30235.0 ms
block 3/40 - 7/120  31200.7 ms
block 4/40 - 10/120  31381.9 ms
block 5/40 - 13/120  32313.4 ms
block 6/40 - 16/120  32280.2 ms
block 7/40 - 19/120  32830.1 ms
block 8/40 - 22/120  32463.6 ms
block 9/40 - 25/120  33554.4 ms
block 10/40 - 28/120  32716.2 ms
block 11/40 - 31/120  32560.3 ms
block 12/40 - 34/120  32593.2 ms
block 13/40 - 37/120  32805.6 ms
block 14/40 - 40/120  32825.4 ms
block 15/40 - 43/120  32678.2 ms
block 16/40 - 46/120  32695.7 ms
block 17/40 - 49/120  32683.8 ms
block 18/40 - 52/120  32692.7 ms
block 19/40 - 55/120  32682.5 ms
block 20/40 - 58/120  32841.7 ms
block 21/40 - 61/120  32833.9 ms
block 22/40 - 64/120  32666.1 ms
block 23/40 - 67/120  32666.6 ms
block 24/40 - 70/120  32653.1 ms
block 25/40 - 73/120  32846.8 ms
block 26/40 - 76/120  32846.6 ms
block 27/40 - 79/120  32683.5 ms
block 28/40 - 82/120  32852.0 ms
block 29/40 - 85/120  32688.9 ms
block 30/40 - 88/120  32679.5 ms
block 31/40 - 91/120  32662.3 ms
block 32/40 - 94/120  32675.6 ms
block 33/40 - 97/120  32853.7 ms
block 34/40 - 100/120  32857.5 ms
block 35/40 - 103/120  32696.4 ms
block 36/40 - 106/120  32853.3 ms
block 37/40 - 109/120  32858.0 ms
block 38/40 - 112/120  32852.8 ms
block 39/40 - 115/120  32860.5 ms
block 40/40 - 118/120  32690.1 ms
/apdcephfs_gy2/share_303214315/cedricnie/miniconda3/envs/longlive/lib/python3.10/site-packages/torchvision/io/_video_deprecation_warning.py:9: UserWarning: The video decoding and encoding capabilities of torchvision are deprecated from version 0.22 and will be removed in version 0.24. We recommend that you migrate to TorchCodec, where we'll consolidate the future decoding/encoding capabilities of PyTorch: https://github.com/pytorch/torchcodec
  warnings.warn(
[14/128] elapsed=25.5m  avg=109.2s/prompt  eta=207.5m
block 1/40 - 1/120  28650.5 ms
block 2/40 - 4/120  30506.4 ms
block 3/40 - 7/120  31267.3 ms
block 4/40 - 10/120  31389.7 ms
block 5/40 - 13/120  32299.8 ms
block 6/40 - 16/120  32261.8 ms
block 7/40 - 19/120  32855.7 ms
block 8/40 - 22/120  32304.2 ms
block 9/40 - 25/120  33270.5 ms
block 10/40 - 28/120  32514.3 ms
block 11/40 - 31/120  32717.8 ms
block 12/40 - 34/120  32725.0 ms
block 13/40 - 37/120  32834.1 ms
block 14/40 - 40/120  32840.1 ms
block 15/40 - 43/120  32841.1 ms
block 16/40 - 46/120  32853.5 ms
block 17/40 - 49/120  32833.8 ms
block 18/40 - 52/120  32852.9 ms
block 19/40 - 55/120  32841.5 ms
block 20/40 - 58/120  32678.9 ms
block 21/40 - 61/120  32858.7 ms
block 22/40 - 64/120  32851.8 ms
block 23/40 - 67/120  32695.9 ms
block 24/40 - 70/120  32705.7 ms
block 25/40 - 73/120  32861.4 ms
block 26/40 - 76/120  32862.9 ms
block 27/40 - 79/120  32694.0 ms
block 28/40 - 82/120  32689.7 ms
block 29/40 - 85/120  32704.1 ms
block 30/40 - 88/120  32694.9 ms
block 31/40 - 91/120  32709.1 ms
block 32/40 - 94/120  32699.5 ms
block 33/40 - 97/120  32861.9 ms
block 34/40 - 100/120  32866.9 ms
block 35/40 - 103/120  32702.2 ms
block 36/40 - 106/120  32861.1 ms
block 37/40 - 109/120  32861.2 ms
block 38/40 - 112/120  32862.8 ms
block 39/40 - 115/120  32858.7 ms
block 40/40 - 118/120  32701.2 ms
[30/128] elapsed=47.2m  avg=94.4s/prompt  eta=154.2m
block 1/40 - 1/120  28560.1 ms
block 2/40 - 4/120  30362.2 ms
block 3/40 - 7/120  31354.4 ms
block 4/40 - 10/120  31403.7 ms
block 5/40 - 13/120  32389.2 ms
block 6/40 - 16/120  32265.1 ms
block 7/40 - 19/120  33104.2 ms
block 8/40 - 22/120  32313.4 ms
block 9/40 - 25/120  33326.9 ms
block 10/40 - 28/120  32652.7 ms
block 11/40 - 31/120  32748.5 ms
block 12/40 - 34/120  32748.5 ms
block 13/40 - 37/120  32686.1 ms
block 14/40 - 40/120  32842.9 ms
block 15/40 - 43/120  32843.6 ms
block 16/40 - 46/120  32872.0 ms
block 17/40 - 49/120  32863.1 ms
block 18/40 - 52/120  32875.7 ms
block 19/40 - 55/120  32726.8 ms
block 20/40 - 58/120  32873.2 ms
block 21/40 - 61/120  32875.0 ms
block 22/40 - 64/120  32716.2 ms
block 23/40 - 67/120  32879.7 ms
block 24/40 - 70/120  32730.2 ms
block 25/40 - 73/120  32895.9 ms
block 26/40 - 76/120  32887.3 ms
block 27/40 - 79/120  32777.8 ms
block 28/40 - 82/120  32906.6 ms
block 29/40 - 85/120  32768.7 ms
block 30/40 - 88/120  32918.3 ms
block 31/40 - 91/120  32910.8 ms
block 32/40 - 94/120  32778.6 ms
block 33/40 - 97/120  32891.4 ms
block 34/40 - 100/120  32854.6 ms
block 35/40 - 103/120  32847.1 ms
block 36/40 - 106/120  32841.9 ms
block 37/40 - 109/120  32690.3 ms
block 38/40 - 112/120  32844.3 ms
block 39/40 - 115/120  32670.9 ms
block 40/40 - 118/120  32693.0 ms
[46/128] elapsed=68.9m  avg=89.9s/prompt  eta=122.9m
block 1/40 - 1/120  28827.6 ms
block 2/40 - 4/120  30170.1 ms
block 3/40 - 7/120  31357.3 ms
block 4/40 - 10/120  31523.2 ms
block 5/40 - 13/120  32429.6 ms
block 6/40 - 16/120  32319.5 ms
block 7/40 - 19/120  32946.9 ms
block 8/40 - 22/120  32287.5 ms
block 9/40 - 25/120  33327.7 ms
block 10/40 - 28/120  32620.5 ms
block 11/40 - 31/120  32558.8 ms
block 12/40 - 34/120  32577.2 ms
block 13/40 - 37/120  32677.4 ms
block 14/40 - 40/120  32664.2 ms
block 15/40 - 43/120  32668.9 ms
block 16/40 - 46/120  32833.2 ms
block 17/40 - 49/120  32666.8 ms
block 18/40 - 52/120  32844.8 ms
block 19/40 - 55/120  32810.1 ms
block 20/40 - 58/120  32837.5 ms
block 21/40 - 61/120  32680.7 ms
block 22/40 - 64/120  32679.6 ms
block 23/40 - 67/120  32665.1 ms
block 24/40 - 70/120  32841.3 ms
block 25/40 - 73/120  32845.2 ms
block 26/40 - 76/120  32856.5 ms
block 27/40 - 79/120  32682.0 ms
block 28/40 - 82/120  32689.3 ms
block 29/40 - 85/120  32852.3 ms
block 30/40 - 88/120  32696.1 ms
block 31/40 - 91/120  32841.3 ms
block 32/40 - 94/120  32861.7 ms
block 33/40 - 97/120  32854.6 ms
block 34/40 - 100/120  32855.8 ms
block 35/40 - 103/120  32861.3 ms
block 36/40 - 106/120  32703.8 ms
block 37/40 - 109/120  32846.4 ms
block 38/40 - 112/120  32843.4 ms
block 39/40 - 115/120  32672.2 ms
block 40/40 - 118/120  32847.9 ms
[62/128] elapsed=90.6m  avg=87.7s/prompt  eta=96.5m
block 1/40 - 1/120  28694.4 ms
block 2/40 - 4/120  29957.5 ms
block 3/40 - 7/120  31359.5 ms
block 4/40 - 10/120  31537.6 ms
block 5/40 - 13/120  32423.8 ms
block 6/40 - 16/120  32446.9 ms
block 7/40 - 19/120  32987.3 ms
block 8/40 - 22/120  32427.7 ms
block 9/40 - 25/120  33301.8 ms
block 10/40 - 28/120  32694.9 ms
block 11/40 - 31/120  32685.1 ms
block 12/40 - 34/120  32585.1 ms
block 13/40 - 37/120  32858.3 ms
block 14/40 - 40/120  32719.1 ms
block 15/40 - 43/120  32692.3 ms
block 16/40 - 46/120  32698.5 ms
block 17/40 - 49/120  32695.5 ms
block 18/40 - 52/120  32859.5 ms
block 19/40 - 55/120  32704.0 ms
block 20/40 - 58/120  32703.0 ms
block 21/40 - 61/120  32858.1 ms
block 22/40 - 64/120  32698.6 ms
block 23/40 - 67/120  32695.4 ms
block 24/40 - 70/120  32868.7 ms
block 25/40 - 73/120  32702.3 ms
block 26/40 - 76/120  32882.8 ms
block 27/40 - 79/120  32703.5 ms
block 28/40 - 82/120  32869.2 ms
block 29/40 - 85/120  32696.9 ms
block 30/40 - 88/120  32876.2 ms
block 31/40 - 91/120  32711.7 ms
block 32/40 - 94/120  32703.4 ms
block 33/40 - 97/120  32707.6 ms
block 34/40 - 100/120  32862.7 ms
block 35/40 - 103/120  32865.9 ms
block 36/40 - 106/120  32715.8 ms
block 37/40 - 109/120  32870.9 ms
block 38/40 - 112/120  32863.4 ms
block 39/40 - 115/120  32710.2 ms
block 40/40 - 118/120  32707.0 ms
[78/128] elapsed=112.3m  avg=86.4s/prompt  eta=72.0m
block 1/40 - 1/120  28475.0 ms
block 2/40 - 4/120  30110.8 ms
block 3/40 - 7/120  31358.7 ms
block 4/40 - 10/120  31523.6 ms
block 5/40 - 13/120  32396.4 ms
block 6/40 - 16/120  32418.5 ms
block 7/40 - 19/120  33154.1 ms
block 8/40 - 22/120  32397.4 ms
block 9/40 - 25/120  33303.4 ms
block 10/40 - 28/120  32744.9 ms
block 11/40 - 31/120  32502.4 ms
block 12/40 - 34/120  32578.2 ms
block 13/40 - 37/120  32842.6 ms
block 14/40 - 40/120  32867.8 ms
block 15/40 - 43/120  32751.6 ms
block 16/40 - 46/120  32772.6 ms
block 17/40 - 49/120  32900.1 ms
block 18/40 - 52/120  32749.9 ms
block 19/40 - 55/120  32767.0 ms
block 20/40 - 58/120  32755.6 ms
block 21/40 - 61/120  32899.3 ms
block 22/40 - 64/120  32901.3 ms
block 23/40 - 67/120  32777.4 ms
block 24/40 - 70/120  32693.8 ms
block 25/40 - 73/120  32855.9 ms
block 26/40 - 76/120  32696.5 ms
block 27/40 - 79/120  32693.0 ms
block 28/40 - 82/120  32690.7 ms
block 29/40 - 85/120  32852.1 ms
block 30/40 - 88/120  32832.6 ms
block 31/40 - 91/120  32836.1 ms
block 32/40 - 94/120  32684.3 ms
block 33/40 - 97/120  32854.3 ms
block 34/40 - 100/120  32857.6 ms
block 35/40 - 103/120  32857.2 ms
block 36/40 - 106/120  32854.0 ms
block 37/40 - 109/120  32855.3 ms
block 38/40 - 112/120  32856.0 ms
block 39/40 - 115/120  32859.8 ms
block 40/40 - 118/120  32866.9 ms
[94/128] elapsed=134.1m  avg=85.6s/prompt  eta=48.5m
block 1/40 - 1/120  28581.2 ms
block 2/40 - 4/120  29769.9 ms
block 3/40 - 7/120  31205.4 ms
block 4/40 - 10/120  31543.2 ms
block 5/40 - 13/120  32430.3 ms
block 6/40 - 16/120  32449.3 ms
block 7/40 - 19/120  32987.4 ms
block 8/40 - 22/120  32542.8 ms
block 9/40 - 25/120  33426.5 ms
block 10/40 - 28/120  32833.5 ms
block 11/40 - 31/120  32479.2 ms
block 12/40 - 34/120  32576.0 ms
block 13/40 - 37/120  32836.6 ms
block 14/40 - 40/120  32879.5 ms
block 15/40 - 43/120  32842.2 ms
block 16/40 - 46/120  32865.7 ms
block 17/40 - 49/120  32860.1 ms
block 18/40 - 52/120  32858.3 ms
block 19/40 - 55/120  32738.5 ms
block 20/40 - 58/120  32693.0 ms
block 21/40 - 61/120  32867.0 ms
block 22/40 - 64/120  32856.8 ms
block 23/40 - 67/120  32703.8 ms
block 24/40 - 70/120  32696.5 ms
block 25/40 - 73/120  32708.4 ms
block 26/40 - 76/120  32866.6 ms
block 27/40 - 79/120  32702.6 ms
block 28/40 - 82/120  32694.2 ms
block 29/40 - 85/120  32697.2 ms
block 30/40 - 88/120  32861.9 ms
block 31/40 - 91/120  32704.7 ms
block 32/40 - 94/120  32865.3 ms
block 33/40 - 97/120  32694.4 ms
block 34/40 - 100/120  32865.7 ms
block 35/40 - 103/120  32694.6 ms
block 36/40 - 106/120  32880.3 ms
block 37/40 - 109/120  32838.9 ms
block 38/40 - 112/120  32861.6 ms
block 39/40 - 115/120  32860.2 ms
block 40/40 - 118/120  32692.8 ms
[110/128] elapsed=155.8m  avg=85.0s/prompt  eta=25.5m
block 1/40 - 1/120  28740.8 ms
block 2/40 - 4/120  29782.2 ms
block 3/40 - 7/120  31064.1 ms
block 4/40 - 10/120  31540.0 ms
block 5/40 - 13/120  32420.7 ms
block 6/40 - 16/120  32447.6 ms
block 7/40 - 19/120  32983.0 ms
block 8/40 - 22/120  32538.0 ms
block 9/40 - 25/120  33412.1 ms
block 10/40 - 28/120  32900.2 ms
block 11/40 - 31/120  32609.7 ms
block 12/40 - 34/120  32698.5 ms
block 13/40 - 37/120  32849.6 ms
block 14/40 - 40/120  32849.7 ms
block 15/40 - 43/120  32843.8 ms
block 16/40 - 46/120  32712.6 ms
block 17/40 - 49/120  32865.3 ms
block 18/40 - 52/120  32859.5 ms
block 19/40 - 55/120  32860.8 ms
block 20/40 - 58/120  32707.1 ms
block 21/40 - 61/120  32866.3 ms
block 22/40 - 64/120  32865.8 ms
block 23/40 - 67/120  32871.3 ms
block 24/40 - 70/120  32710.0 ms
block 25/40 - 73/120  32701.8 ms
block 26/40 - 76/120  32865.4 ms
block 27/40 - 79/120  32703.6 ms
block 28/40 - 82/120  32702.1 ms
block 29/40 - 85/120  32878.2 ms
block 30/40 - 88/120  32863.5 ms
block 31/40 - 91/120  32877.9 ms
block 32/40 - 94/120  32715.3 ms
block 33/40 - 97/120  32876.8 ms
block 34/40 - 100/120  32872.8 ms
block 35/40 - 103/120  32875.2 ms
block 36/40 - 106/120  32724.9 ms
block 37/40 - 109/120  32712.5 ms
block 38/40 - 112/120  32880.4 ms
block 39/40 - 115/120  32877.6 ms
block 40/40 - 118/120  32891.0 ms
[126/128] elapsed=177.5m  avg=84.5s/prompt  eta=2.8m
