Running on a single GPU (cuda); skipping NCCL initialization.
Free VRAM 34.2523193359375 GB
Loading CUDA extension (first run compiles ~60s; cached run ~3s)...
CUDA extension ready in 9.7s.
[PFHybridRetrieval] labels=-1/1/2 osc=cyclic sta=semantic_retrieval4 sink={'1': 1, '2': 1, '-1': 1} recent={'1': 4, '2': 4, '-1': 4} retrieval_capacity={'1': 4, '2': 4} owner=HeadComposition
KV inference with 3 frames per block
Number of prompts: 128
Prompt index range: [0, 128)
Moving DynamicSwap_WanTextEncoder to cuda:0 with preserved memory: 35.70014047622681 GB
Loading PyramidKV config from configs/head_configs/best_labels.csv
Warning: unknown classification labels ['-1', '1', '2'] not found in pyramidkv_code_map; falling back to default_capacity=32760.
block 1/40 - 1/120  180643.7 ms
block 2/40 - 4/120  11584.9 ms
block 3/40 - 7/120   2425.7 ms
block 4/40 - 10/120  15451.7 ms
block 5/40 - 13/120  11860.8 ms
block 6/40 - 16/120   8856.5 ms
block 7/40 - 19/120   4870.0 ms
block 8/40 - 22/120  16334.8 ms
block 9/40 - 25/120  13024.0 ms
block 10/40 - 28/120   8379.4 ms
block 11/40 - 31/120   2892.2 ms
block 12/40 - 34/120   4714.2 ms
block 13/40 - 37/120  17843.2 ms
block 14/40 - 40/120  16339.6 ms
block 15/40 - 43/120   3169.6 ms
block 16/40 - 46/120  16459.7 ms
block 17/40 - 49/120  11352.0 ms
block 18/40 - 52/120   9944.7 ms
block 19/40 - 55/120  18006.0 ms
block 20/40 - 58/120  17790.4 ms
block 21/40 - 61/120   3204.7 ms
block 22/40 - 64/120  17263.0 ms
block 23/40 - 67/120  18299.7 ms
block 24/40 - 70/120   4801.9 ms
block 25/40 - 73/120   7981.1 ms
block 26/40 - 76/120  18127.2 ms
block 27/40 - 79/120  14002.2 ms
block 28/40 - 82/120  14834.4 ms
block 29/40 - 85/120  18249.2 ms
block 30/40 - 88/120   8470.0 ms
block 31/40 - 91/120   9389.4 ms
block 32/40 - 94/120  14413.6 ms
block 33/40 - 97/120  15096.4 ms
block 34/40 - 100/120   3201.2 ms
block 35/40 - 103/120   2984.9 ms
block 36/40 - 106/120   9490.3 ms
block 37/40 - 109/120  15592.3 ms
block 38/40 - 112/120   3123.9 ms
block 39/40 - 115/120  16165.1 ms
block 40/40 - 118/120  17939.5 ms
[5/128] elapsed=10.7m  avg=128.6s/prompt  eta=263.7m
/apdcephfs_gy2/share_303214315/cedricnie/miniconda3/envs/longlive/lib/python3.10/site-packages/torchvision/io/_video_deprecation_warning.py:9: UserWarning: The video decoding and encoding capabilities of torchvision are deprecated from version 0.22 and will be removed in version 0.24. We recommend that you migrate to TorchCodec, where we'll consolidate the future decoding/encoding capabilities of PyTorch: https://github.com/pytorch/torchcodec
  warnings.warn(
Moving DynamicSwap_WanTextEncoder to cuda:0 with preserved memory: 25.148696422576904 GB
block 1/40 - 1/120   5994.6 ms
block 2/40 - 4/120  15993.7 ms
block 3/40 - 7/120  15418.1 ms
block 4/40 - 10/120   2315.0 ms
block 5/40 - 13/120  12899.3 ms
block 6/40 - 16/120  17869.1 ms
block 7/40 - 19/120   8134.0 ms
block 8/40 - 22/120  17458.3 ms
block 9/40 - 25/120  18412.0 ms
block 10/40 - 28/120   4618.1 ms
block 11/40 - 31/120   9001.6 ms
block 12/40 - 34/120  14441.0 ms
block 13/40 - 37/120  15218.8 ms
block 14/40 - 40/120   3906.0 ms
block 15/40 - 43/120  12489.9 ms
block 16/40 - 46/120  18254.3 ms
block 17/40 - 49/120  10520.4 ms
block 18/40 - 52/120   6832.6 ms
block 19/40 - 55/120  18021.3 ms
block 20/40 - 58/120  14775.8 ms
block 21/40 - 61/120   4326.0 ms
block 22/40 - 64/120  17937.7 ms
block 23/40 - 67/120  16960.5 ms
block 24/40 - 70/120   3157.1 ms
block 25/40 - 73/120  15962.8 ms
block 26/40 - 76/120  12842.5 ms
block 27/40 - 79/120   7735.0 ms
block 28/40 - 82/120   8856.2 ms
block 29/40 - 85/120  18280.4 ms
block 30/40 - 88/120  14116.1 ms
block 31/40 - 91/120   5450.6 ms
block 32/40 - 94/120  18044.4 ms
block 33/40 - 97/120  16278.7 ms
block 34/40 - 100/120   8809.7 ms
block 35/40 - 103/120  15336.3 ms
block 36/40 - 106/120  13811.9 ms
block 37/40 - 109/120   4840.2 ms
block 38/40 - 112/120   7798.9 ms
block 39/40 - 115/120  17850.6 ms
block 40/40 - 118/120  11267.0 ms
[21/128] elapsed=18.8m  avg=53.7s/prompt  eta=95.7m
Moving DynamicSwap_WanTextEncoder to cuda:0 with preserved memory: 25.146743297576904 GB
block 1/40 - 1/120  13953.9 ms
block 2/40 - 4/120  16581.9 ms
block 3/40 - 7/120   5369.0 ms
block 4/40 - 10/120  16500.8 ms
block 5/40 - 13/120  10749.8 ms
block 6/40 - 16/120  11432.2 ms
block 7/40 - 19/120   3188.9 ms
block 8/40 - 22/120  16887.1 ms
block 9/40 - 25/120  11725.1 ms
block 10/40 - 28/120  10325.8 ms
block 11/40 - 31/120   5512.8 ms
block 12/40 - 34/120  17851.0 ms
block 13/40 - 37/120  14192.0 ms
block 14/40 - 40/120  15792.4 ms
block 15/40 - 43/120  10846.3 ms
block 16/40 - 46/120  11661.4 ms
block 17/40 - 49/120   5757.3 ms
block 18/40 - 52/120  15690.7 ms
block 19/40 - 55/120  13355.6 ms
block 20/40 - 58/120   6711.2 ms
block 21/40 - 61/120   2982.8 ms
block 22/40 - 64/120   7881.8 ms
block 23/40 - 67/120  18026.8 ms
block 24/40 - 70/120  10605.2 ms
block 25/40 - 73/120   3048.9 ms
block 26/40 - 76/120   5470.3 ms
block 27/40 - 79/120  18055.4 ms
block 28/40 - 82/120  12841.7 ms
block 29/40 - 85/120   3237.2 ms
block 30/40 - 88/120   4961.7 ms
block 31/40 - 91/120  17996.3 ms
block 32/40 - 94/120  13298.2 ms
block 33/40 - 97/120   3263.2 ms
block 34/40 - 100/120  17991.9 ms
block 35/40 - 103/120  18254.0 ms
block 36/40 - 106/120   3987.8 ms
block 37/40 - 109/120   6003.5 ms
block 38/40 - 112/120  18042.0 ms
block 39/40 - 115/120  13223.4 ms
block 40/40 - 118/120   5317.4 ms
[37/128] elapsed=26.1m  avg=42.4s/prompt  eta=64.3m
Moving DynamicSwap_WanTextEncoder to cuda:0 with preserved memory: 25.146743297576904 GB
block 1/40 - 1/120  15845.9 ms
block 2/40 - 4/120  12593.1 ms
block 3/40 - 7/120   2260.2 ms
block 4/40 - 10/120  14973.4 ms
block 5/40 - 13/120  10572.3 ms
block 6/40 - 16/120  14173.3 ms
block 7/40 - 19/120   2885.9 ms
block 8/40 - 22/120  15026.7 ms
block 9/40 - 25/120  18402.8 ms
block 10/40 - 28/120   3672.6 ms
block 11/40 - 31/120   2813.8 ms
block 12/40 - 34/120   4628.1 ms
block 13/40 - 37/120  14272.3 ms
block 14/40 - 40/120  14350.0 ms
block 15/40 - 43/120   3409.7 ms
block 16/40 - 46/120  18020.4 ms
block 17/40 - 49/120  17050.7 ms
block 18/40 - 52/120   3964.9 ms
block 19/40 - 55/120  18044.6 ms
block 20/40 - 58/120  18289.9 ms
block 21/40 - 61/120   4276.8 ms
block 22/40 - 64/120  17780.2 ms
block 23/40 - 67/120  11390.5 ms
block 24/40 - 70/120  10384.9 ms
block 25/40 - 73/120   5778.8 ms
block 26/40 - 76/120  14850.9 ms
block 27/40 - 79/120  14678.6 ms
block 28/40 - 82/120   3591.8 ms
block 29/40 - 85/120   3008.5 ms
block 30/40 - 88/120   8277.5 ms
block 31/40 - 91/120  12628.5 ms
block 32/40 - 94/120  14346.2 ms
block 33/40 - 97/120   4733.9 ms
block 34/40 - 100/120  14939.6 ms
block 35/40 - 103/120  13052.9 ms
block 36/40 - 106/120   6144.5 ms
block 37/40 - 109/120  10642.9 ms
block 38/40 - 112/120  18196.6 ms
block 39/40 - 115/120   9799.4 ms
block 40/40 - 118/120   4927.0 ms
[53/128] elapsed=33.3m  avg=37.7s/prompt  eta=47.2m
Moving DynamicSwap_WanTextEncoder to cuda:0 with preserved memory: 25.146743297576904 GB
block 1/40 - 1/120  15936.2 ms
block 2/40 - 4/120  12945.3 ms
block 3/40 - 7/120   2321.5 ms
block 4/40 - 10/120  14688.5 ms
block 5/40 - 13/120  10253.4 ms
block 6/40 - 16/120  11623.1 ms
block 7/40 - 19/120   2855.6 ms
block 8/40 - 22/120   2698.3 ms
block 9/40 - 25/120  14687.8 ms
block 10/40 - 28/120  13653.6 ms
block 11/40 - 31/120   6002.8 ms
block 12/40 - 34/120   5996.8 ms
block 13/40 - 37/120  15545.8 ms
block 14/40 - 40/120  13155.7 ms
block 15/40 - 43/120   6800.2 ms
block 16/40 - 46/120   6038.3 ms
block 17/40 - 49/120  14038.5 ms
block 18/40 - 52/120  15059.0 ms
block 19/40 - 55/120   2996.8 ms
block 20/40 - 58/120  14715.3 ms
block 21/40 - 61/120  18253.9 ms
block 22/40 - 64/120   3560.1 ms
block 23/40 - 67/120  11554.0 ms
block 24/40 - 70/120  18251.2 ms
block 25/40 - 73/120   9965.7 ms
block 26/40 - 76/120   3014.8 ms
block 27/40 - 79/120   3601.0 ms
block 28/40 - 82/120  17896.2 ms
block 29/40 - 85/120   6457.9 ms
block 30/40 - 88/120   3027.1 ms
block 31/40 - 91/120   5741.9 ms
block 32/40 - 94/120  17931.7 ms
block 33/40 - 97/120  13332.5 ms
block 34/40 - 100/120   3057.5 ms
block 35/40 - 103/120   3485.2 ms
block 36/40 - 106/120  17921.9 ms
block 37/40 - 109/120  14925.2 ms
block 38/40 - 112/120   4196.6 ms
block 39/40 - 115/120  17977.3 ms
block 40/40 - 118/120  15156.3 ms
[69/128] elapsed=40.2m  avg=35.0s/prompt  eta=34.4m
Moving DynamicSwap_WanTextEncoder to cuda:0 with preserved memory: 25.146743297576904 GB
block 1/40 - 1/120   9130.9 ms
block 2/40 - 4/120  16522.1 ms
block 3/40 - 7/120  13105.3 ms
block 4/40 - 10/120   2330.4 ms
block 5/40 - 13/120  14741.1 ms
block 6/40 - 16/120  10303.3 ms
block 7/40 - 19/120  12799.8 ms
block 8/40 - 22/120   3339.1 ms
block 9/40 - 25/120  16186.1 ms
block 10/40 - 28/120  13232.4 ms
block 11/40 - 31/120   6035.5 ms
block 12/40 - 34/120  12819.0 ms
block 13/40 - 37/120  13494.0 ms
block 14/40 - 40/120   6198.2 ms
block 15/40 - 43/120  17925.1 ms
block 16/40 - 46/120  10333.9 ms
block 17/40 - 49/120   5750.0 ms
block 18/40 - 52/120  18001.2 ms
block 19/40 - 55/120  14157.8 ms
block 20/40 - 58/120   4258.9 ms
block 21/40 - 61/120  17972.8 ms
block 22/40 - 64/120  15345.1 ms
block 23/40 - 67/120   3038.8 ms
block 24/40 - 70/120   3159.6 ms
block 25/40 - 73/120  15795.9 ms
block 26/40 - 76/120  18227.5 ms
block 27/40 - 79/120   3214.2 ms
block 28/40 - 82/120   3083.7 ms
block 29/40 - 85/120   5155.5 ms
block 30/40 - 88/120  17966.6 ms
block 31/40 - 91/120  14165.3 ms
block 32/40 - 94/120   3077.9 ms
block 33/40 - 97/120   3182.9 ms
block 34/40 - 100/120  16627.6 ms
block 35/40 - 103/120  17868.8 ms
block 36/40 - 106/120   8847.7 ms
block 37/40 - 109/120  18243.6 ms
block 38/40 - 112/120  13698.7 ms
block 39/40 - 115/120   5314.4 ms
block 40/40 - 118/120  17898.7 ms
[85/128] elapsed=47.6m  avg=33.6s/prompt  eta=24.1m
Moving DynamicSwap_WanTextEncoder to cuda:0 with preserved memory: 25.146743297576904 GB
block 1/40 - 1/120  12538.7 ms
block 2/40 - 4/120   2047.5 ms
block 3/40 - 7/120  12013.7 ms
block 4/40 - 10/120  10881.0 ms
block 5/40 - 13/120  14243.2 ms
block 6/40 - 16/120   2741.8 ms
block 7/40 - 19/120  17771.9 ms
block 8/40 - 22/120  10578.7 ms
block 9/40 - 25/120   3473.7 ms
block 10/40 - 28/120   5389.9 ms
block 11/40 - 31/120  14106.5 ms
block 12/40 - 34/120  14762.4 ms
block 13/40 - 37/120   3177.5 ms
block 14/40 - 40/120  17997.8 ms
block 15/40 - 43/120  18226.4 ms
block 16/40 - 46/120   3941.5 ms
block 17/40 - 49/120  14799.8 ms
block 18/40 - 52/120  11239.0 ms
block 19/40 - 55/120  14515.5 ms
block 20/40 - 58/120   5056.5 ms
block 21/40 - 61/120  16825.5 ms
block 22/40 - 64/120  12501.7 ms
block 23/40 - 67/120   8353.2 ms
block 24/40 - 70/120   2998.0 ms
block 25/40 - 73/120   5003.3 ms
block 26/40 - 76/120  14660.7 ms
block 27/40 - 79/120  15359.8 ms
block 28/40 - 82/120   3567.3 ms
block 29/40 - 85/120  13640.3 ms
block 30/40 - 88/120  12167.5 ms
block 31/40 - 91/120  14130.0 ms
block 32/40 - 94/120   5470.7 ms
block 33/40 - 97/120  14422.4 ms
block 34/40 - 100/120  14784.2 ms
block 35/40 - 103/120   4334.7 ms
block 36/40 - 106/120  17738.8 ms
block 37/40 - 109/120  18252.2 ms
block 38/40 - 112/120   6049.9 ms
block 39/40 - 115/120  10964.4 ms
block 40/40 - 118/120  18159.2 ms
[101/128] elapsed=55.0m  avg=32.7s/prompt  eta=14.7m
Moving DynamicSwap_WanTextEncoder to cuda:0 with preserved memory: 25.146743297576904 GB
block 1/40 - 1/120   5593.5 ms
block 2/40 - 4/120   2026.4 ms
block 3/40 - 7/120   2263.3 ms
block 4/40 - 10/120   2451.6 ms
block 5/40 - 13/120  17162.7 ms
block 6/40 - 16/120  16623.1 ms
block 7/40 - 19/120  12057.4 ms
block 8/40 - 22/120  14279.9 ms
block 9/40 - 25/120  15384.5 ms
block 10/40 - 28/120   2917.8 ms
block 11/40 - 31/120  14107.7 ms
block 12/40 - 34/120  18113.5 ms
block 13/40 - 37/120   5194.8 ms
block 14/40 - 40/120  12939.1 ms
block 15/40 - 43/120   9906.8 ms
block 16/40 - 46/120  13705.2 ms
block 17/40 - 49/120   2984.1 ms
block 18/40 - 52/120   3181.5 ms
block 19/40 - 55/120  17880.9 ms
block 20/40 - 58/120  15754.9 ms
block 21/40 - 61/120  14462.7 ms
block 22/40 - 64/120  18231.1 ms
block 23/40 - 67/120   5382.8 ms
block 24/40 - 70/120  15496.5 ms
block 25/40 - 73/120  10279.8 ms
block 26/40 - 76/120  12610.9 ms
block 27/40 - 79/120   3328.5 ms
block 28/40 - 82/120  17024.6 ms
block 29/40 - 85/120  12344.8 ms
block 30/40 - 88/120   8092.8 ms
block 31/40 - 91/120   8331.3 ms
block 32/40 - 94/120  18167.6 ms
block 33/40 - 97/120  12433.9 ms
block 34/40 - 100/120  13919.4 ms
block 35/40 - 103/120  11850.7 ms
block 36/40 - 106/120  14224.0 ms
block 37/40 - 109/120  12783.9 ms
block 38/40 - 112/120  18255.6 ms
block 39/40 - 115/120   6896.8 ms
block 40/40 - 118/120   3067.2 ms
[117/128] elapsed=62.4m  avg=32.0s/prompt  eta=5.9m
