Running on a single GPU (cuda); skipping NCCL initialization.
Free VRAM 34.2640380859375 GB
Loading CUDA extension (first run compiles ~60s; cached run ~3s)...
CUDA extension ready in 9.7s.
[PFHybridRetrieval] labels=-1/1/2 osc=cyclic sta=semantic_retrieval4 sink={'1': 1, '2': 1, '-1': 1} recent={'1': 4, '2': 4, '-1': 4} retrieval_capacity={'1': 4, '2': 4} owner=HeadComposition
KV inference with 3 frames per block
Number of prompts: 128
Prompt index range: [0, 128)
Moving DynamicSwap_WanTextEncoder to cuda:0 with preserved memory: 36.20599985122681 GB
Loading PyramidKV config from configs/head_configs/best_labels.csv
Warning: unknown classification labels ['-1', '1', '2'] not found in pyramidkv_code_map; falling back to default_capacity=32760.
block 1/40 - 1/120  181133.4 ms
block 2/40 - 4/120  11613.5 ms
block 3/40 - 7/120   3177.3 ms
block 4/40 - 10/120  16972.5 ms
block 5/40 - 13/120  17140.5 ms
block 6/40 - 16/120   2702.7 ms
block 7/40 - 19/120   7034.5 ms
block 8/40 - 22/120  14498.5 ms
block 9/40 - 25/120  14615.9 ms
block 10/40 - 28/120   5346.4 ms
block 11/40 - 31/120   6248.2 ms
block 12/40 - 34/120  16166.1 ms
block 13/40 - 37/120  14071.7 ms
block 14/40 - 40/120   7427.1 ms
block 15/40 - 43/120  18092.6 ms
block 16/40 - 46/120  18252.5 ms
block 17/40 - 49/120   4333.0 ms
block 18/40 - 52/120  17896.6 ms
block 19/40 - 55/120  16175.2 ms
block 20/40 - 58/120   3199.5 ms
block 21/40 - 61/120  17721.6 ms
block 22/40 - 64/120  18278.3 ms
block 23/40 - 67/120   3981.5 ms
block 24/40 - 70/120  15073.9 ms
block 25/40 - 73/120  11584.7 ms
block 26/40 - 76/120  13453.7 ms
block 27/40 - 79/120   3018.4 ms
block 28/40 - 82/120   8127.8 ms
block 29/40 - 85/120  13610.3 ms
block 30/40 - 88/120  15403.3 ms
block 31/40 - 91/120   3697.9 ms
block 32/40 - 94/120  17838.0 ms
block 33/40 - 97/120  18389.4 ms
block 34/40 - 100/120   3184.4 ms
block 35/40 - 103/120  14002.2 ms
block 36/40 - 106/120  14819.2 ms
block 37/40 - 109/120   3298.7 ms
block 38/40 - 112/120   3191.8 ms
block 39/40 - 115/120  17975.4 ms
block 40/40 - 118/120  13462.6 ms
[4/128] elapsed=10.7m  avg=161.1s/prompt  eta=332.9m
/apdcephfs_gy2/share_303214315/cedricnie/miniconda3/envs/longlive/lib/python3.10/site-packages/torchvision/io/_video_deprecation_warning.py:9: UserWarning: The video decoding and encoding capabilities of torchvision are deprecated from version 0.22 and will be removed in version 0.24. We recommend that you migrate to TorchCodec, where we'll consolidate the future decoding/encoding capabilities of PyTorch: https://github.com/pytorch/torchcodec
  warnings.warn(
Moving DynamicSwap_WanTextEncoder to cuda:0 with preserved memory: 25.654555797576904 GB
block 1/40 - 1/120  11735.3 ms
block 2/40 - 4/120   9097.7 ms
block 3/40 - 7/120  14377.3 ms
block 4/40 - 10/120   2859.9 ms
block 5/40 - 13/120   6569.1 ms
block 6/40 - 16/120  14105.7 ms
block 7/40 - 19/120  15155.2 ms
block 8/40 - 22/120   3933.3 ms
block 9/40 - 25/120   3012.8 ms
block 10/40 - 28/120   5285.7 ms
block 11/40 - 31/120  17849.2 ms
block 12/40 - 34/120  13127.8 ms
block 13/40 - 37/120   7157.0 ms
block 14/40 - 40/120  18139.4 ms
block 15/40 - 43/120  16372.8 ms
block 16/40 - 46/120   4392.3 ms
block 17/40 - 49/120  17366.0 ms
block 18/40 - 52/120  11567.1 ms
block 19/40 - 55/120   9904.3 ms
block 20/40 - 58/120   3047.0 ms
block 21/40 - 61/120   3087.2 ms
block 22/40 - 64/120  14581.8 ms
block 23/40 - 67/120  13316.8 ms
block 24/40 - 70/120   6733.2 ms
block 25/40 - 73/120   3324.1 ms
block 26/40 - 76/120  17972.0 ms
block 27/40 - 79/120  16802.9 ms
block 28/40 - 82/120   3146.4 ms
block 29/40 - 85/120  15492.6 ms
block 30/40 - 88/120  12589.9 ms
block 31/40 - 91/120   8307.4 ms
block 32/40 - 94/120  10722.8 ms
block 33/40 - 97/120  18295.0 ms
block 34/40 - 100/120  12677.7 ms
block 35/40 - 103/120  17575.8 ms
block 36/40 - 106/120  11484.8 ms
block 37/40 - 109/120  11365.5 ms
block 38/40 - 112/120   8122.5 ms
block 39/40 - 115/120  18195.5 ms
block 40/40 - 118/120  14095.7 ms
[20/128] elapsed=18.2m  avg=54.5s/prompt  eta=98.0m
Moving DynamicSwap_WanTextEncoder to cuda:0 with preserved memory: 25.652602672576904 GB
block 1/40 - 1/120  13214.1 ms
block 2/40 - 4/120  17164.7 ms
block 3/40 - 7/120   5754.3 ms
block 4/40 - 10/120   3240.2 ms
block 5/40 - 13/120  17571.5 ms
block 6/40 - 16/120  15867.4 ms
block 7/40 - 19/120   2971.9 ms
block 8/40 - 22/120  16314.5 ms
block 9/40 - 25/120  13385.8 ms
block 10/40 - 28/120   7874.9 ms
block 11/40 - 31/120   2909.1 ms
block 12/40 - 34/120   3096.6 ms
block 13/40 - 37/120  16770.2 ms
block 14/40 - 40/120  17596.9 ms
block 15/40 - 43/120  10450.3 ms
block 16/40 - 46/120  18364.9 ms
block 17/40 - 49/120  10427.4 ms
block 18/40 - 52/120  14569.1 ms
block 19/40 - 55/120  18336.8 ms
block 20/40 - 58/120   5646.6 ms
block 21/40 - 61/120  13067.2 ms
block 22/40 - 64/120  11644.5 ms
block 23/40 - 67/120  14769.9 ms
block 24/40 - 70/120   5109.2 ms
block 25/40 - 73/120  18016.0 ms
block 26/40 - 76/120  16592.3 ms
block 27/40 - 79/120   4545.9 ms
block 28/40 - 82/120  17927.7 ms
block 29/40 - 85/120  17077.3 ms
block 30/40 - 88/120   3133.0 ms
block 31/40 - 91/120  17718.4 ms
block 32/40 - 94/120  18280.4 ms
block 33/40 - 97/120   3285.4 ms
block 34/40 - 100/120   3023.6 ms
block 35/40 - 103/120   5487.0 ms
block 36/40 - 106/120  17961.8 ms
block 37/40 - 109/120  13815.8 ms
block 38/40 - 112/120   3732.4 ms
block 39/40 - 115/120  17881.0 ms
block 40/40 - 118/120  16206.0 ms
[36/128] elapsed=26.0m  avg=43.4s/prompt  eta=66.5m
Moving DynamicSwap_WanTextEncoder to cuda:0 with preserved memory: 25.652602672576904 GB
block 1/40 - 1/120  14276.4 ms
block 2/40 - 4/120   8103.6 ms
block 3/40 - 7/120  12733.2 ms
block 4/40 - 10/120   2332.8 ms
block 5/40 - 13/120   2614.7 ms
block 6/40 - 16/120   8771.0 ms
block 7/40 - 19/120  18364.1 ms
block 8/40 - 22/120  10573.2 ms
block 9/40 - 25/120   3211.5 ms
block 10/40 - 28/120  15292.8 ms
block 11/40 - 31/120  11209.5 ms
block 12/40 - 34/120   8824.3 ms
block 13/40 - 37/120   8262.0 ms
block 14/40 - 40/120  18395.3 ms
block 15/40 - 43/120  11234.4 ms
block 16/40 - 46/120  12676.6 ms
block 17/40 - 49/120  18419.8 ms
block 18/40 - 52/120   7732.9 ms
block 19/40 - 55/120   6024.0 ms
block 20/40 - 58/120  18111.1 ms
block 21/40 - 61/120  16098.4 ms
block 22/40 - 64/120  14559.9 ms
block 23/40 - 67/120  18401.2 ms
block 24/40 - 70/120   9587.5 ms
block 25/40 - 73/120   3904.2 ms
block 26/40 - 76/120  18127.4 ms
block 27/40 - 79/120  14869.7 ms
block 28/40 - 82/120   9513.2 ms
block 29/40 - 85/120  18249.9 ms
block 30/40 - 88/120  12517.2 ms
block 31/40 - 91/120   3798.9 ms
block 32/40 - 94/120  18097.9 ms
block 33/40 - 97/120  15393.5 ms
block 34/40 - 100/120   4174.6 ms
block 35/40 - 103/120  18001.7 ms
block 36/40 - 106/120  16594.7 ms
block 37/40 - 109/120   3811.2 ms
block 38/40 - 112/120  17992.5 ms
block 39/40 - 115/120  16209.1 ms
block 40/40 - 118/120   3028.5 ms
[52/128] elapsed=33.9m  avg=39.1s/prompt  eta=49.6m
Moving DynamicSwap_WanTextEncoder to cuda:0 with preserved memory: 25.652602672576904 GB
block 1/40 - 1/120  12855.4 ms
block 2/40 - 4/120   8680.9 ms
block 3/40 - 7/120  11029.9 ms
block 4/40 - 10/120   2494.3 ms
block 5/40 - 13/120  16441.4 ms
block 6/40 - 16/120  11718.3 ms
block 7/40 - 19/120   9087.9 ms
block 8/40 - 22/120   2712.6 ms
block 9/40 - 25/120   3074.5 ms
block 10/40 - 28/120  17798.1 ms
block 11/40 - 31/120  16571.6 ms
block 12/40 - 34/120   2945.0 ms
block 13/40 - 37/120  17240.3 ms
block 14/40 - 40/120  16882.4 ms
block 15/40 - 43/120   3103.2 ms
block 16/40 - 46/120  16126.2 ms
block 17/40 - 49/120  13735.0 ms
block 18/40 - 52/120   5766.8 ms
block 19/40 - 55/120  11007.9 ms
block 20/40 - 58/120  18217.1 ms
block 21/40 - 61/120  10864.2 ms
block 22/40 - 64/120   3127.3 ms
block 23/40 - 67/120  17863.7 ms
block 24/40 - 70/120   9682.1 ms
block 25/40 - 73/120   6623.3 ms
block 26/40 - 76/120  18126.2 ms
block 27/40 - 79/120  15412.9 ms
block 28/40 - 82/120   3190.2 ms
block 29/40 - 85/120  18006.6 ms
block 30/40 - 88/120  17800.1 ms
block 31/40 - 91/120   3178.1 ms
block 32/40 - 94/120  17847.2 ms
block 33/40 - 97/120  16674.1 ms
block 34/40 - 100/120   3767.7 ms
block 35/40 - 103/120  17422.6 ms
block 36/40 - 106/120  12923.3 ms
block 37/40 - 109/120   7796.2 ms
block 38/40 - 112/120   8348.2 ms
block 39/40 - 115/120  14997.6 ms
block 40/40 - 118/120  15209.3 ms
[68/128] elapsed=41.6m  avg=36.7s/prompt  eta=36.7m
Moving DynamicSwap_WanTextEncoder to cuda:0 with preserved memory: 25.652602672576904 GB
block 1/40 - 1/120   7252.3 ms
block 2/40 - 4/120  16757.2 ms
block 3/40 - 7/120  12517.0 ms
block 4/40 - 10/120   2458.7 ms
block 5/40 - 13/120  16277.5 ms
block 6/40 - 16/120   9058.9 ms
block 7/40 - 19/120   6781.6 ms
block 8/40 - 22/120  17581.9 ms
block 9/40 - 25/120   9835.9 ms
block 10/40 - 28/120   2896.3 ms
block 11/40 - 31/120  17621.8 ms
block 12/40 - 34/120  16599.8 ms
block 13/40 - 37/120   3002.2 ms
block 14/40 - 40/120   9981.7 ms
block 15/40 - 43/120  18310.6 ms
block 16/40 - 46/120   8126.4 ms
block 17/40 - 49/120   3044.6 ms
block 18/40 - 52/120   3012.1 ms
block 19/40 - 55/120  15580.4 ms
block 20/40 - 58/120  17859.0 ms
block 21/40 - 61/120   3116.5 ms
block 22/40 - 64/120  14712.0 ms
block 23/40 - 67/120  18293.9 ms
block 24/40 - 70/120   7883.3 ms
block 25/40 - 73/120  11146.1 ms
block 26/40 - 76/120  13983.0 ms
block 27/40 - 79/120  15250.0 ms
block 28/40 - 82/120   3686.8 ms
block 29/40 - 85/120  17214.5 ms
block 30/40 - 88/120  13154.1 ms
block 31/40 - 91/120   7133.7 ms
block 32/40 - 94/120  11016.2 ms
block 33/40 - 97/120  18317.7 ms
block 34/40 - 100/120   9869.3 ms
block 35/40 - 103/120  10365.8 ms
block 36/40 - 106/120  13510.5 ms
block 37/40 - 109/120  14302.5 ms
block 38/40 - 112/120   3462.2 ms
block 39/40 - 115/120  18083.0 ms
block 40/40 - 118/120   9586.5 ms
[84/128] elapsed=49.1m  avg=35.1s/prompt  eta=25.7m
Moving DynamicSwap_WanTextEncoder to cuda:0 with preserved memory: 25.652602672576904 GB
block 1/40 - 1/120  16128.8 ms
block 2/40 - 4/120  16596.0 ms
block 3/40 - 7/120   3772.8 ms
block 4/40 - 10/120   2318.2 ms
block 5/40 - 13/120   2600.7 ms
block 6/40 - 16/120   9582.9 ms
block 7/40 - 19/120  18353.9 ms
block 8/40 - 22/120   8280.0 ms
block 9/40 - 25/120   7678.2 ms
block 10/40 - 28/120  17747.0 ms
block 11/40 - 31/120  15714.7 ms
block 12/40 - 34/120   2910.0 ms
block 13/40 - 37/120  15901.6 ms
block 14/40 - 40/120  18255.9 ms
block 15/40 - 43/120   6249.8 ms
block 16/40 - 46/120   3009.3 ms
block 17/40 - 49/120   7914.9 ms
block 18/40 - 52/120  18195.1 ms
block 19/40 - 55/120  11112.5 ms
block 20/40 - 58/120  17552.8 ms
block 21/40 - 61/120  11204.0 ms
block 22/40 - 64/120  12466.9 ms
block 23/40 - 67/120  14340.1 ms
block 24/40 - 70/120  18267.1 ms
block 25/40 - 73/120   5826.0 ms
block 26/40 - 76/120   3048.7 ms
block 27/40 - 79/120   3934.5 ms
block 28/40 - 82/120  17971.1 ms
block 29/40 - 85/120  15951.0 ms
block 30/40 - 88/120   3369.0 ms
block 31/40 - 91/120  18065.6 ms
block 32/40 - 94/120  17033.6 ms
block 33/40 - 97/120   3630.4 ms
block 34/40 - 100/120  17258.9 ms
block 35/40 - 103/120  11055.3 ms
block 36/40 - 106/120  10495.3 ms
block 37/40 - 109/120   3037.0 ms
block 38/40 - 112/120   3237.5 ms
block 39/40 - 115/120   8727.7 ms
block 40/40 - 118/120  18293.6 ms
[100/128] elapsed=56.4m  avg=33.8s/prompt  eta=15.8m
Moving DynamicSwap_WanTextEncoder to cuda:0 with preserved memory: 25.652602672576904 GB
block 1/40 - 1/120   5351.6 ms
block 2/40 - 4/120   2034.3 ms
block 3/40 - 7/120  14753.7 ms
block 4/40 - 10/120   9003.8 ms
block 5/40 - 13/120  12329.5 ms
block 6/40 - 16/120   3497.0 ms
block 7/40 - 19/120  18052.3 ms
block 8/40 - 22/120  15612.9 ms
block 9/40 - 25/120   3940.3 ms
block 10/40 - 28/120  16929.9 ms
block 11/40 - 31/120  11754.1 ms
block 12/40 - 34/120   8716.8 ms
block 13/40 - 37/120   6310.3 ms
block 14/40 - 40/120  13938.4 ms
block 15/40 - 43/120  14810.0 ms
block 16/40 - 46/120   3135.7 ms
block 17/40 - 49/120  17901.3 ms
block 18/40 - 52/120  18135.3 ms
block 19/40 - 55/120   3160.6 ms
block 20/40 - 58/120  14352.6 ms
block 21/40 - 61/120  18337.8 ms
block 22/40 - 64/120   6495.8 ms
block 23/40 - 67/120  17484.2 ms
block 24/40 - 70/120  11329.8 ms
block 25/40 - 73/120  10095.8 ms
block 26/40 - 76/120   3068.4 ms
block 27/40 - 79/120   4459.8 ms
block 28/40 - 82/120  15000.8 ms
block 29/40 - 85/120  15825.2 ms
block 30/40 - 88/120   3334.8 ms
block 31/40 - 91/120   3022.2 ms
block 32/40 - 94/120  15372.1 ms
block 33/40 - 97/120  16183.1 ms
block 34/40 - 100/120   3703.1 ms
block 35/40 - 103/120  17967.9 ms
block 36/40 - 106/120  14424.6 ms
block 37/40 - 109/120   4732.1 ms
block 38/40 - 112/120  17949.8 ms
block 39/40 - 115/120  16546.8 ms
block 40/40 - 118/120   3176.4 ms
[116/128] elapsed=63.6m  avg=32.9s/prompt  eta=6.6m
