Running on a single GPU (cuda); skipping NCCL initialization.
Free VRAM 34.5511474609375 GB
Loading CUDA extension (first run compiles ~60s; cached run ~3s)...
CUDA extension ready in 9.7s.
[PFHybridRetrieval] labels=-1/1/2 osc=cyclic sta=semantic_retrieval4 sink={'1': 1, '2': 1, '-1': 1} recent={'1': 4, '2': 4, '-1': 4} retrieval_capacity={'1': 4, '2': 4} owner=HeadComposition
KV inference with 3 frames per block
Number of prompts: 128
Prompt index range: [0, 128)
Moving DynamicSwap_WanTextEncoder to cuda:0 with preserved memory: 36.48920297622681 GB
Loading PyramidKV config from configs/head_configs/best_labels.csv
Warning: unknown classification labels ['-1', '1', '2'] not found in pyramidkv_code_map; falling back to default_capacity=32760.
block 1/40 - 1/120  183086.4 ms
block 2/40 - 4/120   9663.5 ms
block 3/40 - 7/120   2386.7 ms
block 4/40 - 10/120  12846.4 ms
block 5/40 - 13/120  17897.7 ms
block 6/40 - 16/120   6718.7 ms
block 7/40 - 19/120  17998.7 ms
block 8/40 - 22/120  11262.7 ms
block 9/40 - 25/120  11521.4 ms
block 10/40 - 28/120   2803.2 ms
block 11/40 - 31/120   3980.1 ms
block 12/40 - 34/120  17941.1 ms
block 13/40 - 37/120  17266.5 ms
block 14/40 - 40/120   3163.6 ms
block 15/40 - 43/120  18067.8 ms
block 16/40 - 46/120  17964.9 ms
block 17/40 - 49/120   6495.0 ms
block 18/40 - 52/120  18136.9 ms
block 19/40 - 55/120  14102.6 ms
block 20/40 - 58/120  16302.2 ms
block 21/40 - 61/120  11560.8 ms
block 22/40 - 64/120  13505.3 ms
block 23/40 - 67/120   3075.9 ms
block 24/40 - 70/120   3572.9 ms
block 25/40 - 73/120  18068.5 ms
block 26/40 - 76/120  16134.9 ms
block 27/40 - 79/120  14286.8 ms
block 28/40 - 82/120  18367.5 ms
block 29/40 - 85/120   9243.9 ms
block 30/40 - 88/120   8699.7 ms
block 31/40 - 91/120  18289.6 ms
block 32/40 - 94/120  13198.5 ms
block 33/40 - 97/120   3475.2 ms
block 34/40 - 100/120  18164.3 ms
block 35/40 - 103/120   9405.5 ms
block 36/40 - 106/120   5091.0 ms
block 37/40 - 109/120  17941.2 ms
block 38/40 - 112/120  14258.2 ms
block 39/40 - 115/120   3042.2 ms
block 40/40 - 118/120   3971.2 ms
[8/128] elapsed=10.9m  avg=81.5s/prompt  eta=163.0m
/apdcephfs_gy2/share_303214315/cedricnie/miniconda3/envs/longlive/lib/python3.10/site-packages/torchvision/io/_video_deprecation_warning.py:9: UserWarning: The video decoding and encoding capabilities of torchvision are deprecated from version 0.22 and will be removed in version 0.24. We recommend that you migrate to TorchCodec, where we'll consolidate the future decoding/encoding capabilities of PyTorch: https://github.com/pytorch/torchcodec
  warnings.warn(
Moving DynamicSwap_WanTextEncoder to cuda:0 with preserved memory: 25.937758922576904 GB
block 1/40 - 1/120  15698.8 ms
block 2/40 - 4/120  12670.3 ms
block 3/40 - 7/120   2279.1 ms
block 4/40 - 10/120  11785.3 ms
block 5/40 - 13/120  17887.2 ms
block 6/40 - 16/120   8554.7 ms
block 7/40 - 19/120   2855.7 ms
block 8/40 - 22/120   2701.4 ms
block 9/40 - 25/120  14770.2 ms
block 10/40 - 28/120  18193.2 ms
block 11/40 - 31/120   3082.6 ms
block 12/40 - 34/120  14562.6 ms
block 13/40 - 37/120  11303.0 ms
block 14/40 - 40/120  14528.8 ms
block 15/40 - 43/120   3028.9 ms
block 16/40 - 46/120   3153.5 ms
block 17/40 - 49/120  18024.2 ms
block 18/40 - 52/120  17256.4 ms
block 19/40 - 55/120   3460.5 ms
block 20/40 - 58/120  17273.0 ms
block 21/40 - 61/120  11898.7 ms
block 22/40 - 64/120   9177.1 ms
block 23/40 - 67/120   6165.0 ms
block 24/40 - 70/120  17965.5 ms
block 25/40 - 73/120  14850.3 ms
block 26/40 - 76/120   4847.6 ms
block 27/40 - 79/120  18002.8 ms
block 28/40 - 82/120  15203.2 ms
block 29/40 - 85/120   3338.7 ms
block 30/40 - 88/120  18078.5 ms
block 31/40 - 91/120  18349.8 ms
block 32/40 - 94/120   3924.4 ms
block 33/40 - 97/120  13798.4 ms
block 34/40 - 100/120  11433.8 ms
block 35/40 - 103/120  13775.6 ms
block 36/40 - 106/120   7230.2 ms
block 37/40 - 109/120  18035.1 ms
block 38/40 - 112/120  15285.1 ms
block 39/40 - 115/120   4858.5 ms
block 40/40 - 118/120  15274.8 ms
[24/128] elapsed=18.5m  avg=46.3s/prompt  eta=80.2m
Moving DynamicSwap_WanTextEncoder to cuda:0 with preserved memory: 25.935805797576904 GB
block 1/40 - 1/120  13987.9 ms
block 2/40 - 4/120   3904.1 ms
block 3/40 - 7/120  16894.3 ms
block 4/40 - 10/120  16902.5 ms
block 5/40 - 13/120   2721.6 ms
block 6/40 - 16/120  12675.5 ms
block 7/40 - 19/120  18377.7 ms
block 8/40 - 22/120   7176.7 ms
block 9/40 - 25/120  11397.6 ms
block 10/40 - 28/120  13260.3 ms
block 11/40 - 31/120  15360.1 ms
block 12/40 - 34/120   7694.9 ms
block 13/40 - 37/120  14582.4 ms
block 14/40 - 40/120  15582.7 ms
block 15/40 - 43/120   3360.5 ms
block 16/40 - 46/120  16468.3 ms
block 17/40 - 49/120  18183.9 ms
block 18/40 - 52/120   3156.3 ms
block 19/40 - 55/120  15516.2 ms
block 20/40 - 58/120  10069.9 ms
block 21/40 - 61/120  13512.5 ms
block 22/40 - 64/120   5595.7 ms
block 23/40 - 67/120  18146.3 ms
block 24/40 - 70/120  15731.2 ms
block 25/40 - 73/120  13770.9 ms
block 26/40 - 76/120  18357.1 ms
block 27/40 - 79/120   8731.8 ms
block 28/40 - 82/120   9424.8 ms
block 29/40 - 85/120  13752.1 ms
block 30/40 - 88/120  14629.2 ms
block 31/40 - 91/120   3143.6 ms
block 32/40 - 94/120  17940.6 ms
block 33/40 - 97/120  10945.8 ms
block 34/40 - 100/120  11572.8 ms
block 35/40 - 103/120   5558.8 ms
block 36/40 - 106/120  18186.6 ms
block 37/40 - 109/120  14331.8 ms
block 38/40 - 112/120   5119.7 ms
block 39/40 - 115/120  18192.5 ms
block 40/40 - 118/120  14105.6 ms
[40/128] elapsed=26.7m  avg=40.0s/prompt  eta=58.7m
Moving DynamicSwap_WanTextEncoder to cuda:0 with preserved memory: 25.935805797576904 GB
block 1/40 - 1/120  12643.8 ms
block 2/40 - 4/120  16590.3 ms
block 3/40 - 7/120  10829.6 ms
block 4/40 - 10/120  12795.3 ms
block 5/40 - 13/120  17868.9 ms
block 6/40 - 16/120   8167.5 ms
block 7/40 - 19/120   6067.8 ms
block 8/40 - 22/120  17821.9 ms
block 9/40 - 25/120  13692.5 ms
block 10/40 - 28/120   3398.8 ms
block 11/40 - 31/120  17999.6 ms
block 12/40 - 34/120  16374.7 ms
block 13/40 - 37/120   3257.0 ms
block 14/40 - 40/120   3324.3 ms
block 15/40 - 43/120  16486.3 ms
block 16/40 - 46/120  14059.9 ms
block 17/40 - 49/120   8544.0 ms
block 18/40 - 52/120  18147.5 ms
block 19/40 - 55/120  18347.5 ms
block 20/40 - 58/120   8710.2 ms
block 21/40 - 61/120  18361.0 ms
block 22/40 - 64/120  12340.4 ms
block 23/40 - 67/120   5922.2 ms
block 24/40 - 70/120  18289.0 ms
block 25/40 - 73/120  15202.1 ms
block 26/40 - 76/120   5354.7 ms
block 27/40 - 79/120  18151.8 ms
block 28/40 - 82/120  14505.9 ms
block 29/40 - 85/120  11591.7 ms
block 30/40 - 88/120  12508.8 ms
block 31/40 - 91/120  14706.9 ms
block 32/40 - 94/120  10095.0 ms
block 33/40 - 97/120  12568.0 ms
block 34/40 - 100/120  15101.4 ms
block 35/40 - 103/120   3266.8 ms
block 36/40 - 106/120  18111.2 ms
block 37/40 - 109/120  16741.7 ms
block 38/40 - 112/120   4884.7 ms
block 39/40 - 115/120  16359.8 ms
block 40/40 - 118/120  14245.6 ms
[56/128] elapsed=35.1m  avg=37.6s/prompt  eta=45.1m
Moving DynamicSwap_WanTextEncoder to cuda:0 with preserved memory: 25.935805797576904 GB
block 1/40 - 1/120   2135.5 ms
block 2/40 - 4/120  10841.6 ms
block 3/40 - 7/120  17145.3 ms
block 4/40 - 10/120  12025.4 ms
block 5/40 - 13/120   2719.2 ms
block 6/40 - 16/120  15932.6 ms
block 7/40 - 19/120  17730.3 ms
block 8/40 - 22/120   8541.9 ms
block 9/40 - 25/120  18453.4 ms
block 10/40 - 28/120  11118.5 ms
block 11/40 - 31/120   4593.9 ms
block 12/40 - 34/120  17947.5 ms
block 13/40 - 37/120  17204.5 ms
block 14/40 - 40/120   3597.3 ms
block 15/40 - 43/120  17971.3 ms
block 16/40 - 46/120  10224.5 ms
block 17/40 - 49/120   3085.5 ms
block 18/40 - 52/120  17860.0 ms
block 19/40 - 55/120  18313.9 ms
block 20/40 - 58/120   3206.0 ms
block 21/40 - 61/120  11615.7 ms
block 22/40 - 64/120  18360.4 ms
block 23/40 - 67/120   8622.9 ms
block 24/40 - 70/120  17860.6 ms
block 25/40 - 73/120  17693.9 ms
block 26/40 - 76/120   3069.9 ms
block 27/40 - 79/120   3009.2 ms
block 28/40 - 82/120  14671.7 ms
block 29/40 - 85/120  18358.4 ms
block 30/40 - 88/120   3681.1 ms
block 31/40 - 91/120  14096.5 ms
block 32/40 - 94/120  11771.4 ms
block 33/40 - 97/120  12922.2 ms
block 34/40 - 100/120  14819.5 ms
block 35/40 - 103/120  18356.6 ms
block 36/40 - 106/120   7451.0 ms
block 37/40 - 109/120  18103.5 ms
block 38/40 - 112/120   7051.6 ms
block 39/40 - 115/120   9254.7 ms
block 40/40 - 118/120  18309.5 ms
[72/128] elapsed=43.2m  avg=36.0s/prompt  eta=33.6m
Moving DynamicSwap_WanTextEncoder to cuda:0 with preserved memory: 25.935805797576904 GB
block 1/40 - 1/120   3249.7 ms
block 2/40 - 4/120   2034.9 ms
block 3/40 - 7/120  13440.1 ms
block 4/40 - 10/120  17353.6 ms
block 5/40 - 13/120   5634.6 ms
block 6/40 - 16/120  14958.1 ms
block 7/40 - 19/120  18383.5 ms
block 8/40 - 22/120   4766.1 ms
block 9/40 - 25/120   8726.2 ms
block 10/40 - 28/120  14729.7 ms
block 11/40 - 31/120  13916.4 ms
block 12/40 - 34/120   4158.4 ms
block 13/40 - 37/120  11387.7 ms
block 14/40 - 40/120  13928.5 ms
block 15/40 - 43/120  14988.6 ms
block 16/40 - 46/120   7458.0 ms
block 17/40 - 49/120  16095.1 ms
block 18/40 - 52/120  14079.4 ms
block 19/40 - 55/120   5943.6 ms
block 20/40 - 58/120   8351.3 ms
block 21/40 - 61/120  18272.3 ms
block 22/40 - 64/120  12281.3 ms
block 23/40 - 67/120   6178.0 ms
block 24/40 - 70/120  15185.5 ms
block 25/40 - 73/120  15163.0 ms
block 26/40 - 76/120   4035.8 ms
block 27/40 - 79/120  16185.0 ms
block 28/40 - 82/120  12653.9 ms
block 29/40 - 85/120   9368.9 ms
block 30/40 - 88/120   7297.3 ms
block 31/40 - 91/120  18038.2 ms
block 32/40 - 94/120   5551.6 ms
block 33/40 - 97/120   5199.3 ms
block 34/40 - 100/120  18136.8 ms
block 35/40 - 103/120  14367.4 ms
block 36/40 - 106/120   7324.6 ms
block 37/40 - 109/120  15859.7 ms
block 38/40 - 112/120  14050.3 ms
block 39/40 - 115/120   5124.4 ms
block 40/40 - 118/120   5349.8 ms
[88/128] elapsed=50.5m  avg=34.4s/prompt  eta=23.0m
Moving DynamicSwap_WanTextEncoder to cuda:0 with preserved memory: 25.935805797576904 GB
block 1/40 - 1/120  12406.7 ms
block 2/40 - 4/120   7216.9 ms
block 3/40 - 7/120  12780.0 ms
block 4/40 - 10/120   2314.7 ms
block 5/40 - 13/120  13700.2 ms
block 6/40 - 16/120  17898.0 ms
block 7/40 - 19/120   8781.3 ms
block 8/40 - 22/120  17621.8 ms
block 9/40 - 25/120  11245.1 ms
block 10/40 - 28/120  11567.5 ms
block 11/40 - 31/120   3169.5 ms
block 12/40 - 34/120  17732.2 ms
block 13/40 - 37/120  18323.0 ms
block 14/40 - 40/120   3518.3 ms
block 15/40 - 43/120  14034.1 ms
block 16/40 - 46/120  10639.7 ms
block 17/40 - 49/120  11754.0 ms
block 18/40 - 52/120   9112.1 ms
block 19/40 - 55/120  18340.0 ms
block 20/40 - 58/120  14554.5 ms
block 21/40 - 61/120   5064.6 ms
block 22/40 - 64/120  18040.5 ms
block 23/40 - 67/120  15476.2 ms
block 24/40 - 70/120   3961.7 ms
block 25/40 - 73/120  18121.8 ms
block 26/40 - 76/120  18233.5 ms
block 27/40 - 79/120   3173.0 ms
block 28/40 - 82/120   3005.7 ms
block 29/40 - 85/120  10832.3 ms
block 30/40 - 88/120  18330.6 ms
block 31/40 - 91/120   8562.6 ms
block 32/40 - 94/120  11751.4 ms
block 33/40 - 97/120  18368.6 ms
block 34/40 - 100/120   8096.8 ms
block 35/40 - 103/120  10444.0 ms
block 36/40 - 106/120  11263.9 ms
block 37/40 - 109/120  14749.4 ms
block 38/40 - 112/120   5244.9 ms
block 39/40 - 115/120  18015.4 ms
block 40/40 - 118/120  16721.2 ms
[104/128] elapsed=58.5m  avg=33.7s/prompt  eta=13.5m
Moving DynamicSwap_WanTextEncoder to cuda:0 with preserved memory: 25.935805797576904 GB
block 1/40 - 1/120   8216.2 ms
block 2/40 - 4/120  16565.1 ms
block 3/40 - 7/120  10509.3 ms
block 4/40 - 10/120   2321.1 ms
block 5/40 - 13/120  13856.3 ms
block 6/40 - 16/120  17917.9 ms
block 7/40 - 19/120   6222.4 ms
block 8/40 - 22/120  11050.1 ms
block 9/40 - 25/120  18454.5 ms
block 10/40 - 28/120  10157.5 ms
block 11/40 - 31/120   2924.8 ms
block 12/40 - 34/120  17780.9 ms
block 13/40 - 37/120  17539.6 ms
block 14/40 - 40/120   3056.5 ms
block 15/40 - 43/120   3016.2 ms
block 16/40 - 46/120  10962.3 ms
block 17/40 - 49/120  11137.7 ms
block 18/40 - 52/120  13070.9 ms
block 19/40 - 55/120   7281.3 ms
block 20/40 - 58/120  18070.2 ms
block 21/40 - 61/120  11773.3 ms
block 22/40 - 64/120   4054.9 ms
block 23/40 - 67/120  18058.8 ms
block 24/40 - 70/120  13339.4 ms
block 25/40 - 73/120   4852.3 ms
block 26/40 - 76/120  16507.5 ms
block 27/40 - 79/120  12887.9 ms
block 28/40 - 82/120   6577.4 ms
block 29/40 - 85/120   9001.2 ms
block 30/40 - 88/120  18353.4 ms
block 31/40 - 91/120   6742.9 ms
block 32/40 - 94/120   6044.9 ms
block 33/40 - 97/120  18111.1 ms
block 34/40 - 100/120   9917.0 ms
block 35/40 - 103/120   3191.2 ms
block 36/40 - 106/120  15687.2 ms
block 37/40 - 109/120  13508.5 ms
block 38/40 - 112/120   5284.2 ms
block 39/40 - 115/120  15280.7 ms
block 40/40 - 118/120  13466.3 ms
[120/128] elapsed=65.9m  avg=32.9s/prompt  eta=4.4m
