Running on a single GPU (cuda); skipping NCCL initialization.
Free VRAM 93.14923095703125 GB
Loading CUDA extension (first run compiles ~60s; cached run ~3s)...
CUDA extension ready in 148.5s.
[PFHybridRetrieval] labels=-1/1/2 osc=cyclic sta=semantic_retrieval4 sink={'1': 1, '2': 1, '-1': 1} recent={'1': 4, '2': 4, '-1': 4} retrieval_capacity={'1': 4, '2': 4} owner=HeadComposition
KV inference with 3 frames per block
Number of prompts: 128
Prompt index range: [0, 128)
Loading PyramidKV config from configs/head_configs/best_labels.csv
Warning: unknown classification labels ['-1', '1', '2'] not found in pyramidkv_code_map; falling back to default_capacity=32760.
block 1/40 - 1/120  238780.1 ms
block 2/40 - 4/120  30236.6 ms
block 3/40 - 7/120  31409.2 ms
block 4/40 - 10/120  31409.2 ms
block 5/40 - 13/120  32322.6 ms
block 6/40 - 16/120  32374.9 ms
block 7/40 - 19/120  32982.6 ms
block 8/40 - 22/120  32591.5 ms
block 9/40 - 25/120  33611.9 ms
block 10/40 - 28/120  32769.4 ms
block 11/40 - 31/120  32771.6 ms
block 12/40 - 34/120  32793.1 ms
block 13/40 - 37/120  32852.0 ms
block 14/40 - 40/120  32876.1 ms
block 15/40 - 43/120  32712.5 ms
block 16/40 - 46/120  32706.3 ms
block 17/40 - 49/120  32710.6 ms
block 18/40 - 52/120  32888.0 ms
block 19/40 - 55/120  32714.2 ms
block 20/40 - 58/120  32873.8 ms
block 21/40 - 61/120  32729.1 ms
block 22/40 - 64/120  32715.1 ms
block 23/40 - 67/120  32719.0 ms
block 24/40 - 70/120  32728.2 ms
block 25/40 - 73/120  32720.7 ms
block 26/40 - 76/120  32721.4 ms
block 27/40 - 79/120  32726.2 ms
block 28/40 - 82/120  32890.0 ms
block 29/40 - 85/120  32726.0 ms
block 30/40 - 88/120  32880.5 ms
block 31/40 - 91/120  32730.7 ms
block 32/40 - 94/120  32887.4 ms
block 33/40 - 97/120  32720.5 ms
block 34/40 - 100/120  32877.7 ms
block 35/40 - 103/120  32728.1 ms
block 36/40 - 106/120  32885.9 ms
block 37/40 - 109/120  32725.5 ms
block 38/40 - 112/120  32895.6 ms
block 39/40 - 115/120  32892.5 ms
block 40/40 - 118/120  32887.5 ms
/apdcephfs_gy2/share_303214315/cedricnie/miniconda3/envs/longlive/lib/python3.10/site-packages/torchvision/io/_video_deprecation_warning.py:9: UserWarning: The video decoding and encoding capabilities of torchvision are deprecated from version 0.22 and will be removed in version 0.24. We recommend that you migrate to TorchCodec, where we'll consolidate the future decoding/encoding capabilities of PyTorch: https://github.com/pytorch/torchcodec
  warnings.warn(
[11/128] elapsed=25.5m  avg=139.1s/prompt  eta=271.3m
block 1/40 - 1/120  28746.4 ms
block 2/40 - 4/120  30599.8 ms
block 3/40 - 7/120  31437.4 ms
block 4/40 - 10/120  31411.8 ms
block 5/40 - 13/120  32332.2 ms
block 6/40 - 16/120  32306.4 ms
block 7/40 - 19/120  32960.9 ms
block 8/40 - 22/120  32410.9 ms
block 9/40 - 25/120  33301.5 ms
block 10/40 - 28/120  32566.2 ms
block 11/40 - 31/120  32610.1 ms
block 12/40 - 34/120  32613.0 ms
block 13/40 - 37/120  32719.7 ms
block 14/40 - 40/120  32869.6 ms
block 15/40 - 43/120  32885.3 ms
block 16/40 - 46/120  32729.7 ms
block 17/40 - 49/120  32731.9 ms
block 18/40 - 52/120  32739.8 ms
block 19/40 - 55/120  32729.6 ms
block 20/40 - 58/120  32897.0 ms
block 21/40 - 61/120  32739.9 ms
block 22/40 - 64/120  32723.9 ms
block 23/40 - 67/120  32741.1 ms
block 24/40 - 70/120  32734.7 ms
block 25/40 - 73/120  32897.8 ms
block 26/40 - 76/120  32723.6 ms
block 27/40 - 79/120  32896.0 ms
block 28/40 - 82/120  32735.8 ms
block 29/40 - 85/120  32732.8 ms
block 30/40 - 88/120  32727.3 ms
block 31/40 - 91/120  32732.6 ms
block 32/40 - 94/120  32895.5 ms
block 33/40 - 97/120  32735.9 ms
block 34/40 - 100/120  32896.3 ms
block 35/40 - 103/120  32727.6 ms
block 36/40 - 106/120  32735.3 ms
block 37/40 - 109/120  32730.6 ms
block 38/40 - 112/120  32887.1 ms
block 39/40 - 115/120  32736.9 ms
block 40/40 - 118/120  32745.4 ms
[27/128] elapsed=47.2m  avg=104.9s/prompt  eta=176.7m
block 1/40 - 1/120  28543.8 ms
block 2/40 - 4/120  30375.6 ms
block 3/40 - 7/120  31510.9 ms
block 4/40 - 10/120  31432.0 ms
block 5/40 - 13/120  32414.2 ms
block 6/40 - 16/120  32291.8 ms
block 7/40 - 19/120  33469.2 ms
block 8/40 - 22/120  32400.7 ms
block 9/40 - 25/120  33390.1 ms
block 10/40 - 28/120  32532.8 ms
block 11/40 - 31/120  32612.7 ms
block 12/40 - 34/120  32624.5 ms
block 13/40 - 37/120  32881.5 ms
block 14/40 - 40/120  32888.5 ms
block 15/40 - 43/120  32736.3 ms
block 16/40 - 46/120  32757.4 ms
block 17/40 - 49/120  32906.1 ms
block 18/40 - 52/120  32907.1 ms
block 19/40 - 55/120  32743.6 ms
block 20/40 - 58/120  32749.3 ms
block 21/40 - 61/120  32916.1 ms
block 22/40 - 64/120  32750.2 ms
block 23/40 - 67/120  32904.6 ms
block 24/40 - 70/120  32898.8 ms
block 25/40 - 73/120  32915.6 ms
block 26/40 - 76/120  32749.1 ms
block 27/40 - 79/120  32753.5 ms
block 28/40 - 82/120  32914.1 ms
block 29/40 - 85/120  32915.5 ms
block 30/40 - 88/120  32755.2 ms
block 31/40 - 91/120  32744.3 ms
block 32/40 - 94/120  32906.2 ms
block 33/40 - 97/120  32801.8 ms
block 34/40 - 100/120  32804.2 ms
block 35/40 - 103/120  32810.6 ms
block 36/40 - 106/120  32931.5 ms
block 37/40 - 109/120  32934.9 ms
block 38/40 - 112/120  32938.6 ms
block 39/40 - 115/120  32935.7 ms
block 40/40 - 118/120  32798.3 ms
[43/128] elapsed=69.0m  avg=96.2s/prompt  eta=136.3m
block 1/40 - 1/120  28780.0 ms
block 2/40 - 4/120  30355.2 ms
block 3/40 - 7/120  31534.7 ms
block 4/40 - 10/120  31572.4 ms
block 5/40 - 13/120  32445.2 ms
block 6/40 - 16/120  32311.4 ms
block 7/40 - 19/120  33210.9 ms
block 8/40 - 22/120  32352.5 ms
block 9/40 - 25/120  33393.7 ms
block 10/40 - 28/120  32659.2 ms
block 11/40 - 31/120  32593.1 ms
block 12/40 - 34/120  32594.0 ms
block 13/40 - 37/120  32858.4 ms
block 14/40 - 40/120  32688.8 ms
block 15/40 - 43/120  32707.8 ms
block 16/40 - 46/120  32714.2 ms
block 17/40 - 49/120  32882.6 ms
block 18/40 - 52/120  32883.4 ms
block 19/40 - 55/120  32887.1 ms
block 20/40 - 58/120  32726.0 ms
block 21/40 - 61/120  32873.5 ms
block 22/40 - 64/120  32879.4 ms
block 23/40 - 67/120  32883.6 ms
block 24/40 - 70/120  32721.0 ms
block 25/40 - 73/120  32727.7 ms
block 26/40 - 76/120  32731.0 ms
block 27/40 - 79/120  32880.3 ms
block 28/40 - 82/120  32890.5 ms
block 29/40 - 85/120  32879.5 ms
block 30/40 - 88/120  32897.5 ms
block 31/40 - 91/120  32888.0 ms
block 32/40 - 94/120  32720.7 ms
block 33/40 - 97/120  32712.5 ms
block 34/40 - 100/120  32880.7 ms
block 35/40 - 103/120  32729.8 ms
block 36/40 - 106/120  32901.0 ms
block 37/40 - 109/120  32725.5 ms
block 38/40 - 112/120  32722.4 ms
block 39/40 - 115/120  32734.7 ms
block 40/40 - 118/120  32898.4 ms
[59/128] elapsed=90.7m  avg=92.3s/prompt  eta=106.1m
block 1/40 - 1/120  28689.6 ms
block 2/40 - 4/120  30052.4 ms
block 3/40 - 7/120  31370.1 ms
block 4/40 - 10/120  31564.4 ms
block 5/40 - 13/120  32450.1 ms
block 6/40 - 16/120  32472.8 ms
block 7/40 - 19/120  33095.0 ms
block 8/40 - 22/120  32451.3 ms
block 9/40 - 25/120  33368.3 ms
block 10/40 - 28/120  32702.2 ms
block 11/40 - 31/120  32576.4 ms
block 12/40 - 34/120  32611.2 ms
block 13/40 - 37/120  32706.0 ms
block 14/40 - 40/120  32717.9 ms
block 15/40 - 43/120  32735.6 ms
block 16/40 - 46/120  32726.3 ms
block 17/40 - 49/120  32888.5 ms
block 18/40 - 52/120  32726.8 ms
block 19/40 - 55/120  32882.9 ms
block 20/40 - 58/120  32723.0 ms
block 21/40 - 61/120  32735.3 ms
block 22/40 - 64/120  32733.2 ms
block 23/40 - 67/120  32884.8 ms
block 24/40 - 70/120  32739.7 ms
block 25/40 - 73/120  32725.7 ms
block 26/40 - 76/120  32887.1 ms
block 27/40 - 79/120  32736.0 ms
block 28/40 - 82/120  32735.2 ms
block 29/40 - 85/120  32891.2 ms
block 30/40 - 88/120  32734.8 ms
block 31/40 - 91/120  32736.2 ms
block 32/40 - 94/120  32730.3 ms
block 33/40 - 97/120  32737.3 ms
block 34/40 - 100/120  32946.7 ms
block 35/40 - 103/120  32736.3 ms
block 36/40 - 106/120  32899.3 ms
block 37/40 - 109/120  32749.4 ms
block 38/40 - 112/120  32902.2 ms
block 39/40 - 115/120  32746.7 ms
block 40/40 - 118/120  32740.4 ms
[75/128] elapsed=112.4m  avg=89.9s/prompt  eta=79.5m
block 1/40 - 1/120  28475.4 ms
block 2/40 - 4/120  29849.6 ms
block 3/40 - 7/120  31538.2 ms
block 4/40 - 10/120  31567.3 ms
block 5/40 - 13/120  32441.2 ms
block 6/40 - 16/120  32469.7 ms
block 7/40 - 19/120  33283.2 ms
block 8/40 - 22/120  32583.0 ms
block 9/40 - 25/120  33365.0 ms
block 10/40 - 28/120  32742.6 ms
block 11/40 - 31/120  32689.2 ms
block 12/40 - 34/120  32613.3 ms
block 13/40 - 37/120  32712.9 ms
block 14/40 - 40/120  32715.3 ms
block 15/40 - 43/120  32872.6 ms
block 16/40 - 46/120  32878.2 ms
block 17/40 - 49/120  32873.0 ms
block 18/40 - 52/120  32728.3 ms
block 19/40 - 55/120  32905.0 ms
block 20/40 - 58/120  32743.8 ms
block 21/40 - 61/120  32725.2 ms
block 22/40 - 64/120  32748.6 ms
block 23/40 - 67/120  32745.2 ms
block 24/40 - 70/120  32728.7 ms
block 25/40 - 73/120  32714.3 ms
block 26/40 - 76/120  32734.3 ms
block 27/40 - 79/120  32907.0 ms
block 28/40 - 82/120  32736.3 ms
block 29/40 - 85/120  32905.2 ms
block 30/40 - 88/120  32904.5 ms
block 31/40 - 91/120  32743.6 ms
block 32/40 - 94/120  32791.2 ms
block 33/40 - 97/120  32740.1 ms
block 34/40 - 100/120  32728.3 ms
block 35/40 - 103/120  32759.5 ms
block 36/40 - 106/120  32791.0 ms
block 37/40 - 109/120  32932.0 ms
block 38/40 - 112/120  32929.4 ms
block 39/40 - 115/120  32801.0 ms
block 40/40 - 118/120  32923.1 ms
[91/128] elapsed=134.2m  avg=88.5s/prompt  eta=54.5m
block 1/40 - 1/120  28704.0 ms
block 2/40 - 4/120  29788.8 ms
block 3/40 - 7/120  31281.1 ms
block 4/40 - 10/120  31738.2 ms
block 5/40 - 13/120  32445.4 ms
block 6/40 - 16/120  32464.1 ms
block 7/40 - 19/120  33264.7 ms
block 8/40 - 22/120  32567.6 ms
block 9/40 - 25/120  33428.4 ms
block 10/40 - 28/120  32628.1 ms
block 11/40 - 31/120  32487.5 ms
block 12/40 - 34/120  32750.6 ms
block 13/40 - 37/120  32842.9 ms
block 14/40 - 40/120  32687.1 ms
block 15/40 - 43/120  32700.9 ms
block 16/40 - 46/120  32687.9 ms
block 17/40 - 49/120  32841.7 ms
block 18/40 - 52/120  32707.7 ms
block 19/40 - 55/120  32865.0 ms
block 20/40 - 58/120  32870.8 ms
block 21/40 - 61/120  32703.7 ms
block 22/40 - 64/120  32712.7 ms
block 23/40 - 67/120  32737.0 ms
block 24/40 - 70/120  32871.4 ms
block 25/40 - 73/120  32872.9 ms
block 26/40 - 76/120  32871.6 ms
block 27/40 - 79/120  32721.9 ms
block 28/40 - 82/120  32877.3 ms
block 29/40 - 85/120  32886.1 ms
block 30/40 - 88/120  32862.0 ms
block 31/40 - 91/120  32871.3 ms
block 32/40 - 94/120  32693.2 ms
block 33/40 - 97/120  32720.5 ms
block 34/40 - 100/120  32714.1 ms
block 35/40 - 103/120  32699.0 ms
block 36/40 - 106/120  32698.0 ms
block 37/40 - 109/120  32877.0 ms
block 38/40 - 112/120  32889.1 ms
block 39/40 - 115/120  32724.2 ms
block 40/40 - 118/120  32729.4 ms
[107/128] elapsed=155.9m  avg=87.4s/prompt  eta=30.6m
block 1/40 - 1/120  28631.7 ms
block 2/40 - 4/120  29791.8 ms
block 3/40 - 7/120  31307.8 ms
block 4/40 - 10/120  31563.0 ms
block 5/40 - 13/120  32445.5 ms
block 6/40 - 16/120  32458.2 ms
block 7/40 - 19/120  33270.2 ms
block 8/40 - 22/120  32596.0 ms
block 9/40 - 25/120  33425.4 ms
block 10/40 - 28/120  32912.8 ms
block 11/40 - 31/120  32577.8 ms
block 12/40 - 34/120  32565.5 ms
block 13/40 - 37/120  32846.8 ms
block 14/40 - 40/120  32841.6 ms
block 15/40 - 43/120  32857.9 ms
block 16/40 - 46/120  32857.2 ms
block 17/40 - 49/120  32862.9 ms
block 18/40 - 52/120  32705.3 ms
block 19/40 - 55/120  32860.6 ms
block 20/40 - 58/120  32867.2 ms
block 21/40 - 61/120  32866.6 ms
block 22/40 - 64/120  32877.3 ms
block 23/40 - 67/120  32869.0 ms
block 24/40 - 70/120  32716.4 ms
block 25/40 - 73/120  32862.5 ms
block 26/40 - 76/120  32875.7 ms
block 27/40 - 79/120  32707.3 ms
block 28/40 - 82/120  32700.4 ms
block 29/40 - 85/120  32721.2 ms
block 30/40 - 88/120  32870.8 ms
block 31/40 - 91/120  32706.0 ms
block 32/40 - 94/120  32717.8 ms
block 33/40 - 97/120  32876.2 ms
block 34/40 - 100/120  32707.3 ms
block 35/40 - 103/120  32734.8 ms
block 36/40 - 106/120  32722.3 ms
block 37/40 - 109/120  32882.1 ms
block 38/40 - 112/120  32711.2 ms
block 39/40 - 115/120  32879.3 ms
block 40/40 - 118/120  32879.6 ms
[123/128] elapsed=177.6m  avg=86.6s/prompt  eta=7.2m
