Running on a single GPU (cuda); skipping NCCL initialization.
Free VRAM 34.6507568359375 GB
Loading CUDA extension (first run compiles ~60s; cached run ~3s)...
CUDA extension ready in 9.7s.
[PFHybridRetrieval] labels=-1/1/2 osc=cyclic sta=semantic_retrieval4 sink={'1': 1, '2': 1, '-1': 1} recent={'1': 4, '2': 4, '-1': 4} retrieval_capacity={'1': 4, '2': 4} owner=HeadComposition
KV inference with 3 frames per block
Number of prompts: 128
Prompt index range: [0, 128)
Moving DynamicSwap_WanTextEncoder to cuda:0 with preserved memory: 36.58881235122681 GB
Loading PyramidKV config from configs/head_configs/best_labels.csv
Warning: unknown classification labels ['-1', '1', '2'] not found in pyramidkv_code_map; falling back to default_capacity=32760.
block 1/40 - 1/120  180976.8 ms
block 2/40 - 4/120  11563.6 ms
block 3/40 - 7/120   2413.9 ms
block 4/40 - 10/120  15381.9 ms
block 5/40 - 13/120  11758.2 ms
block 6/40 - 16/120   8948.1 ms
block 7/40 - 19/120   2859.0 ms
block 8/40 - 22/120  15123.6 ms
block 9/40 - 25/120  18492.3 ms
block 10/40 - 28/120   6413.1 ms
block 11/40 - 31/120   6820.6 ms
block 12/40 - 34/120  17922.6 ms
block 13/40 - 37/120  16763.8 ms
block 14/40 - 40/120   3187.6 ms
block 15/40 - 43/120  17613.8 ms
block 16/40 - 46/120  18102.3 ms
block 17/40 - 49/120   5431.4 ms
block 18/40 - 52/120  18048.9 ms
block 19/40 - 55/120  15153.7 ms
block 20/40 - 58/120   3557.3 ms
block 21/40 - 61/120  17150.5 ms
block 22/40 - 64/120  11285.9 ms
block 23/40 - 67/120  10066.4 ms
block 24/40 - 70/120   6809.5 ms
block 25/40 - 73/120  18021.1 ms
block 26/40 - 76/120  15695.4 ms
block 27/40 - 79/120   3566.4 ms
block 28/40 - 82/120  17183.8 ms
block 29/40 - 85/120  12513.5 ms
block 30/40 - 88/120   8699.5 ms
block 31/40 - 91/120   3078.2 ms
block 32/40 - 94/120   3232.1 ms
block 33/40 - 97/120  18094.5 ms
block 34/40 - 100/120  15279.1 ms
block 35/40 - 103/120   4178.6 ms
block 36/40 - 106/120  18103.3 ms
block 37/40 - 109/120   9199.9 ms
block 38/40 - 112/120   7095.2 ms
block 39/40 - 115/120  18002.7 ms
block 40/40 - 118/120  12543.1 ms
[6/128] elapsed=10.7m  avg=107.5s/prompt  eta=218.5m
/apdcephfs_gy2/share_303214315/cedricnie/miniconda3/envs/longlive/lib/python3.10/site-packages/torchvision/io/_video_deprecation_warning.py:9: UserWarning: The video decoding and encoding capabilities of torchvision are deprecated from version 0.22 and will be removed in version 0.24. We recommend that you migrate to TorchCodec, where we'll consolidate the future decoding/encoding capabilities of PyTorch: https://github.com/pytorch/torchcodec
  warnings.warn(
Moving DynamicSwap_WanTextEncoder to cuda:0 with preserved memory: 26.037368297576904 GB
block 1/40 - 1/120  14414.3 ms
block 2/40 - 4/120   7505.7 ms
block 3/40 - 7/120  13367.7 ms
block 4/40 - 10/120   2316.3 ms
block 5/40 - 13/120  15132.4 ms
block 6/40 - 16/120   9521.9 ms
block 7/40 - 19/120  13072.7 ms
block 8/40 - 22/120   4235.8 ms
block 9/40 - 25/120  18110.0 ms
block 10/40 - 28/120  17167.7 ms
block 11/40 - 31/120   3175.3 ms
block 12/40 - 34/120  17498.0 ms
block 13/40 - 37/120  10845.6 ms
block 14/40 - 40/120  11837.2 ms
block 15/40 - 43/120   3069.0 ms
block 16/40 - 46/120   3013.0 ms
block 17/40 - 49/120  14794.9 ms
block 18/40 - 52/120  18332.5 ms
block 19/40 - 55/120   3956.8 ms
block 20/40 - 58/120   4795.1 ms
block 21/40 - 61/120  18019.2 ms
block 22/40 - 64/120  15723.2 ms
block 23/40 - 67/120   3139.9 ms
block 24/40 - 70/120  17840.2 ms
block 25/40 - 73/120  18126.4 ms
block 26/40 - 76/120   3191.5 ms
block 27/40 - 79/120  14592.1 ms
block 28/40 - 82/120  18373.5 ms
block 29/40 - 85/120   4727.3 ms
block 30/40 - 88/120  17755.4 ms
block 31/40 - 91/120  11015.3 ms
block 32/40 - 94/120  11930.2 ms
block 33/40 - 97/120   5982.0 ms
block 34/40 - 100/120  18015.9 ms
block 35/40 - 103/120  15693.8 ms
block 36/40 - 106/120   3021.0 ms
block 37/40 - 109/120   3032.2 ms
block 38/40 - 112/120  11527.0 ms
block 39/40 - 115/120  18247.5 ms
block 40/40 - 118/120   6384.5 ms
[22/128] elapsed=18.2m  avg=49.6s/prompt  eta=87.6m
Moving DynamicSwap_WanTextEncoder to cuda:0 with preserved memory: 26.035415172576904 GB
block 1/40 - 1/120   1945.0 ms
block 2/40 - 4/120  11870.1 ms
block 3/40 - 7/120   8483.2 ms
block 4/40 - 10/120  12287.7 ms
block 5/40 - 13/120   2956.2 ms
block 6/40 - 16/120  15277.4 ms
block 7/40 - 19/120  13011.4 ms
block 8/40 - 22/120   7346.4 ms
block 9/40 - 25/120   3126.8 ms
block 10/40 - 28/120  16670.9 ms
block 11/40 - 31/120  17843.8 ms
block 12/40 - 34/120   3297.5 ms
block 13/40 - 37/120  15393.5 ms
block 14/40 - 40/120  11028.4 ms
block 15/40 - 43/120  13332.6 ms
block 16/40 - 46/120   5161.0 ms
block 17/40 - 49/120  18013.1 ms
block 18/40 - 52/120  14494.2 ms
block 19/40 - 55/120   5584.6 ms
block 20/40 - 58/120  14122.8 ms
block 21/40 - 61/120  14467.8 ms
block 22/40 - 64/120   5024.5 ms
block 23/40 - 67/120  12063.3 ms
block 24/40 - 70/120  12092.1 ms
block 25/40 - 73/120  15081.1 ms
block 26/40 - 76/120   3095.0 ms
block 27/40 - 79/120   3032.2 ms
block 28/40 - 82/120  15357.3 ms
block 29/40 - 85/120  17944.8 ms
block 30/40 - 88/120   3200.6 ms
block 31/40 - 91/120  12583.1 ms
block 32/40 - 94/120  18235.0 ms
block 33/40 - 97/120   7582.5 ms
block 34/40 - 100/120   6119.9 ms
block 35/40 - 103/120  18056.5 ms
block 36/40 - 106/120  14486.3 ms
block 37/40 - 109/120   4318.6 ms
block 38/40 - 112/120  17295.9 ms
block 39/40 - 115/120  11159.2 ms
block 40/40 - 118/120  10185.9 ms
[38/128] elapsed=25.4m  avg=40.1s/prompt  eta=60.2m
Moving DynamicSwap_WanTextEncoder to cuda:0 with preserved memory: 26.035415172576904 GB
block 1/40 - 1/120  15387.9 ms
block 2/40 - 4/120  16581.9 ms
block 3/40 - 7/120   4470.7 ms
block 4/40 - 10/120   4257.4 ms
block 5/40 - 13/120  17510.6 ms
block 6/40 - 16/120  14691.0 ms
block 7/40 - 19/120   4073.7 ms
block 8/40 - 22/120  17025.0 ms
block 9/40 - 25/120  11035.8 ms
block 10/40 - 28/120  10597.3 ms
block 11/40 - 31/120   5953.9 ms
block 12/40 - 34/120  18210.3 ms
block 13/40 - 37/120  13855.8 ms
block 14/40 - 40/120   4046.4 ms
block 15/40 - 43/120  18089.3 ms
block 16/40 - 46/120  15575.2 ms
block 17/40 - 49/120   4627.3 ms
block 18/40 - 52/120  17992.4 ms
block 19/40 - 55/120  15719.9 ms
block 20/40 - 58/120   4269.0 ms
block 21/40 - 61/120  18142.2 ms
block 22/40 - 64/120  18238.7 ms
block 23/40 - 67/120   3242.7 ms
block 24/40 - 70/120  15025.7 ms
block 25/40 - 73/120  18267.2 ms
block 26/40 - 76/120   7066.9 ms
block 27/40 - 79/120   9575.7 ms
block 28/40 - 82/120  18230.3 ms
block 29/40 - 85/120   9516.2 ms
block 30/40 - 88/120   8617.6 ms
block 31/40 - 91/120  14385.2 ms
block 32/40 - 94/120  15663.5 ms
block 33/40 - 97/120   3548.4 ms
block 34/40 - 100/120  18077.6 ms
block 35/40 - 103/120  16314.4 ms
block 36/40 - 106/120   5728.8 ms
block 37/40 - 109/120  15827.0 ms
block 38/40 - 112/120  14151.0 ms
block 39/40 - 115/120   5398.7 ms
block 40/40 - 118/120  16723.4 ms
[54/128] elapsed=33.5m  avg=37.3s/prompt  eta=46.0m
Moving DynamicSwap_WanTextEncoder to cuda:0 with preserved memory: 26.035415172576904 GB
block 1/40 - 1/120  10853.8 ms
block 2/40 - 4/120   6508.0 ms
block 3/40 - 7/120   2264.4 ms
block 4/40 - 10/120   8055.1 ms
block 5/40 - 13/120  17856.0 ms
block 6/40 - 16/120  10234.1 ms
block 7/40 - 19/120   7157.8 ms
block 8/40 - 22/120  17775.1 ms
block 9/40 - 25/120  13845.9 ms
block 10/40 - 28/120   3810.5 ms
block 11/40 - 31/120  17904.0 ms
block 12/40 - 34/120  18200.9 ms
block 13/40 - 37/120   3404.7 ms
block 14/40 - 40/120   6754.4 ms
block 15/40 - 43/120  13307.0 ms
block 16/40 - 46/120  14697.8 ms
block 17/40 - 49/120   3518.4 ms
block 18/40 - 52/120  17983.7 ms
block 19/40 - 55/120  15556.1 ms
block 20/40 - 58/120   4545.0 ms
block 21/40 - 61/120  17892.3 ms
block 22/40 - 64/120  17717.2 ms
block 23/40 - 67/120   3124.0 ms
block 24/40 - 70/120  17050.9 ms
block 25/40 - 73/120  11635.9 ms
block 26/40 - 76/120   2962.7 ms
block 27/40 - 79/120   3059.8 ms
block 28/40 - 82/120  16015.8 ms
block 29/40 - 85/120  13939.5 ms
block 30/40 - 88/120   5745.2 ms
block 31/40 - 91/120   9498.1 ms
block 32/40 - 94/120  13991.2 ms
block 33/40 - 97/120  14360.4 ms
block 34/40 - 100/120   3120.1 ms
block 35/40 - 103/120  16028.0 ms
block 36/40 - 106/120  12804.4 ms
block 37/40 - 109/120   7176.2 ms
block 38/40 - 112/120  12466.9 ms
block 39/40 - 115/120  12238.1 ms
block 40/40 - 118/120  14588.6 ms
[70/128] elapsed=40.9m  avg=35.1s/prompt  eta=33.9m
Moving DynamicSwap_WanTextEncoder to cuda:0 with preserved memory: 26.035415172576904 GB
block 1/40 - 1/120  15302.4 ms
block 2/40 - 4/120  16569.6 ms
block 3/40 - 7/120   6171.7 ms
block 4/40 - 10/120   4161.3 ms
block 5/40 - 13/120  14807.3 ms
block 6/40 - 16/120  12806.3 ms
block 7/40 - 19/120   6664.3 ms
block 8/40 - 22/120  16720.9 ms
block 9/40 - 25/120   9845.9 ms
block 10/40 - 28/120   5168.9 ms
block 11/40 - 31/120  17749.4 ms
block 12/40 - 34/120  10978.2 ms
block 13/40 - 37/120  15757.2 ms
block 14/40 - 40/120  18292.3 ms
block 15/40 - 43/120   5202.1 ms
block 16/40 - 46/120  12427.7 ms
block 17/40 - 49/120  18338.1 ms
block 18/40 - 52/120   6786.3 ms
block 19/40 - 55/120   9410.1 ms
block 20/40 - 58/120  18168.6 ms
block 21/40 - 61/120  12986.5 ms
block 22/40 - 64/120   3077.7 ms
block 23/40 - 67/120   3055.0 ms
block 24/40 - 70/120   8805.8 ms
block 25/40 - 73/120  18312.5 ms
block 26/40 - 76/120   9351.4 ms
block 27/40 - 79/120   3031.9 ms
block 28/40 - 82/120   3155.6 ms
block 29/40 - 85/120  16764.1 ms
block 30/40 - 88/120  17410.8 ms
block 31/40 - 91/120   3929.7 ms
block 32/40 - 94/120  18070.4 ms
block 33/40 - 97/120  17637.9 ms
block 34/40 - 100/120   3156.8 ms
block 35/40 - 103/120  17820.0 ms
block 36/40 - 106/120  18193.6 ms
block 37/40 - 109/120   3566.2 ms
block 38/40 - 112/120  18066.1 ms
block 39/40 - 115/120  17540.4 ms
block 40/40 - 118/120  10664.5 ms
[86/128] elapsed=48.7m  avg=34.0s/prompt  eta=23.8m
Moving DynamicSwap_WanTextEncoder to cuda:0 with preserved memory: 26.035415172576904 GB
block 1/40 - 1/120  15823.9 ms
block 2/40 - 4/120   2507.3 ms
block 3/40 - 7/120   2283.4 ms
block 4/40 - 10/120  16132.1 ms
block 5/40 - 13/120  10711.1 ms
block 6/40 - 16/120   9253.3 ms
block 7/40 - 19/120   4169.6 ms
block 8/40 - 22/120  17690.0 ms
block 9/40 - 25/120  18091.1 ms
block 10/40 - 28/120   2940.0 ms
block 11/40 - 31/120  12076.0 ms
block 12/40 - 34/120  18109.5 ms
block 13/40 - 37/120  10470.9 ms
block 14/40 - 40/120   3010.8 ms
block 15/40 - 43/120   3318.8 ms
block 16/40 - 46/120  16738.4 ms
block 17/40 - 49/120  17343.7 ms
block 18/40 - 52/120   3022.6 ms
block 19/40 - 55/120  15877.2 ms
block 20/40 - 58/120  10493.1 ms
block 21/40 - 61/120  12465.4 ms
block 22/40 - 64/120   6008.3 ms
block 23/40 - 67/120  17980.9 ms
block 24/40 - 70/120  16664.2 ms
block 25/40 - 73/120   3892.0 ms
block 26/40 - 76/120  18032.0 ms
block 27/40 - 79/120  15861.4 ms
block 28/40 - 82/120   3068.0 ms
block 29/40 - 85/120   3365.1 ms
block 30/40 - 88/120  16285.1 ms
block 31/40 - 91/120  12471.7 ms
block 32/40 - 94/120   8420.1 ms
block 33/40 - 97/120   4263.5 ms
block 34/40 - 100/120  17972.7 ms
block 35/40 - 103/120  15467.7 ms
block 36/40 - 106/120   3046.4 ms
block 37/40 - 109/120   3168.7 ms
block 38/40 - 112/120  17798.7 ms
block 39/40 - 115/120  16831.8 ms
block 40/40 - 118/120   5214.5 ms
[102/128] elapsed=55.9m  avg=32.9s/prompt  eta=14.3m
Moving DynamicSwap_WanTextEncoder to cuda:0 with preserved memory: 26.035415172576904 GB
block 1/40 - 1/120  15732.6 ms
block 2/40 - 4/120  16571.8 ms
block 3/40 - 7/120   2648.3 ms
block 4/40 - 10/120   3848.0 ms
block 5/40 - 13/120  17543.5 ms
block 6/40 - 16/120  15354.0 ms
block 7/40 - 19/120   2980.5 ms
block 8/40 - 22/120  17619.8 ms
block 9/40 - 25/120  16825.8 ms
block 10/40 - 28/120  11049.6 ms
block 11/40 - 31/120  18102.4 ms
block 12/40 - 34/120  12005.4 ms
block 13/40 - 37/120   6634.9 ms
block 14/40 - 40/120  18099.2 ms
block 15/40 - 43/120  11998.2 ms
block 16/40 - 46/120   8205.0 ms
block 17/40 - 49/120  18112.5 ms
block 18/40 - 52/120  12795.6 ms
block 19/40 - 55/120   3476.8 ms
block 20/40 - 58/120  17982.7 ms
block 21/40 - 61/120  17692.6 ms
block 22/40 - 64/120   3186.2 ms
block 23/40 - 67/120   3099.4 ms
block 24/40 - 70/120  16782.0 ms
block 25/40 - 73/120  16639.9 ms
block 26/40 - 76/120   3074.9 ms
block 27/40 - 79/120  17917.7 ms
block 28/40 - 82/120  18200.3 ms
block 29/40 - 85/120   3455.5 ms
block 30/40 - 88/120  13520.0 ms
block 31/40 - 91/120  18311.7 ms
block 32/40 - 94/120   4618.7 ms
block 33/40 - 97/120   3942.4 ms
block 34/40 - 100/120  17992.2 ms
block 35/40 - 103/120  12683.2 ms
block 36/40 - 106/120   3146.9 ms
block 37/40 - 109/120   4953.2 ms
block 38/40 - 112/120  17923.9 ms
block 39/40 - 115/120  13608.6 ms
block 40/40 - 118/120   3723.1 ms
[118/128] elapsed=63.7m  avg=32.4s/prompt  eta=5.4m
