Running on a single GPU (cuda); skipping NCCL initialization.
Free VRAM 93.14923095703125 GB
Loading CUDA extension (first run compiles ~60s; cached run ~3s)...
CUDA extension ready in 148.5s.
[PFHybridRetrieval] labels=-1/1/2 osc=cyclic sta=semantic_retrieval4 sink={'1': 1, '2': 1, '-1': 1} recent={'1': 4, '2': 4, '-1': 4} retrieval_capacity={'1': 4, '2': 4} owner=HeadComposition
KV inference with 3 frames per block
Number of prompts: 128
Prompt index range: [0, 128)
Loading PyramidKV config from configs/head_configs/best_labels.csv
Warning: unknown classification labels ['-1', '1', '2'] not found in pyramidkv_code_map; falling back to default_capacity=32760.
block 1/40 - 1/120  238773.7 ms
block 2/40 - 4/120  30234.4 ms
block 3/40 - 7/120  31400.9 ms
block 4/40 - 10/120  31589.5 ms
block 5/40 - 13/120  32333.5 ms
block 6/40 - 16/120  32576.5 ms
block 7/40 - 19/120  32975.4 ms
block 8/40 - 22/120  32650.4 ms
block 9/40 - 25/120  33644.2 ms
block 10/40 - 28/120  32778.8 ms
block 11/40 - 31/120  32749.4 ms
block 12/40 - 34/120  32758.8 ms
block 13/40 - 37/120  32863.9 ms
block 14/40 - 40/120  32850.1 ms
block 15/40 - 43/120  32850.7 ms
block 16/40 - 46/120  32867.0 ms
block 17/40 - 49/120  32866.8 ms
block 18/40 - 52/120  32884.1 ms
block 19/40 - 55/120  32837.0 ms
block 20/40 - 58/120  32827.8 ms
block 21/40 - 61/120  32878.7 ms
block 22/40 - 64/120  32874.1 ms
block 23/40 - 67/120  32878.2 ms
block 24/40 - 70/120  32892.0 ms
block 25/40 - 73/120  32886.6 ms
block 26/40 - 76/120  32877.6 ms
block 27/40 - 79/120  32870.4 ms
block 28/40 - 82/120  32872.3 ms
block 29/40 - 85/120  32878.4 ms
block 30/40 - 88/120  32885.4 ms
block 31/40 - 91/120  32873.6 ms
block 32/40 - 94/120  32870.4 ms
block 33/40 - 97/120  32867.1 ms
block 34/40 - 100/120  32898.1 ms
block 35/40 - 103/120  32912.0 ms
block 36/40 - 106/120  32897.2 ms
block 37/40 - 109/120  32882.1 ms
block 38/40 - 112/120  32885.2 ms
block 39/40 - 115/120  32889.8 ms
block 40/40 - 118/120  32892.7 ms
/apdcephfs_gy2/share_303214315/cedricnie/miniconda3/envs/longlive/lib/python3.10/site-packages/torchvision/io/_video_deprecation_warning.py:9: UserWarning: The video decoding and encoding capabilities of torchvision are deprecated from version 0.22 and will be removed in version 0.24. We recommend that you migrate to TorchCodec, where we'll consolidate the future decoding/encoding capabilities of PyTorch: https://github.com/pytorch/torchcodec
  warnings.warn(
[10/128] elapsed=25.6m  avg=153.3s/prompt  eta=301.5m
block 1/40 - 1/120  28885.5 ms
block 2/40 - 4/120  30335.8 ms
block 3/40 - 7/120  31475.9 ms
block 4/40 - 10/120  31589.5 ms
block 5/40 - 13/120  32331.3 ms
block 6/40 - 16/120  32299.0 ms
block 7/40 - 19/120  32979.4 ms
block 8/40 - 22/120  32530.0 ms
block 9/40 - 25/120  33253.8 ms
block 10/40 - 28/120  32735.4 ms
block 11/40 - 31/120  32759.7 ms
block 12/40 - 34/120  32761.1 ms
block 13/40 - 37/120  32842.0 ms
block 14/40 - 40/120  32875.4 ms
block 15/40 - 43/120  32878.9 ms
block 16/40 - 46/120  32880.9 ms
block 17/40 - 49/120  32894.9 ms
block 18/40 - 52/120  32888.3 ms
block 19/40 - 55/120  32896.1 ms
block 20/40 - 58/120  32898.8 ms
block 21/40 - 61/120  32885.8 ms
block 22/40 - 64/120  32889.0 ms
block 23/40 - 67/120  32877.1 ms
block 24/40 - 70/120  32898.0 ms
block 25/40 - 73/120  32907.4 ms
block 26/40 - 76/120  32911.3 ms
block 27/40 - 79/120  32895.2 ms
block 28/40 - 82/120  32896.4 ms
block 29/40 - 85/120  32895.0 ms
block 30/40 - 88/120  32898.5 ms
block 31/40 - 91/120  32891.8 ms
block 32/40 - 94/120  32898.8 ms
block 33/40 - 97/120  32889.4 ms
block 34/40 - 100/120  32901.5 ms
block 35/40 - 103/120  32898.8 ms
block 36/40 - 106/120  32897.7 ms
block 37/40 - 109/120  32883.2 ms
block 38/40 - 112/120  32891.4 ms
block 39/40 - 115/120  32910.0 ms
block 40/40 - 118/120  32896.6 ms
[26/128] elapsed=47.3m  avg=109.2s/prompt  eta=185.7m
block 1/40 - 1/120  28734.1 ms
block 2/40 - 4/120  30380.5 ms
block 3/40 - 7/120  31505.7 ms
block 4/40 - 10/120  31619.0 ms
block 5/40 - 13/120  32372.8 ms
block 6/40 - 16/120  32547.0 ms
block 7/40 - 19/120  33025.2 ms
block 8/40 - 22/120  32382.9 ms
block 9/40 - 25/120  33337.8 ms
block 10/40 - 28/120  32707.4 ms
block 11/40 - 31/120  32786.4 ms
block 12/40 - 34/120  32783.7 ms
block 13/40 - 37/120  32893.7 ms
block 14/40 - 40/120  32875.4 ms
block 15/40 - 43/120  32894.6 ms
block 16/40 - 46/120  32894.5 ms
block 17/40 - 49/120  32899.6 ms
block 18/40 - 52/120  32900.5 ms
block 19/40 - 55/120  32902.2 ms
block 20/40 - 58/120  32903.4 ms
block 21/40 - 61/120  32895.5 ms
block 22/40 - 64/120  32856.3 ms
block 23/40 - 67/120  32897.1 ms
block 24/40 - 70/120  32906.9 ms
block 25/40 - 73/120  32901.2 ms
block 26/40 - 76/120  32891.8 ms
block 27/40 - 79/120  32903.2 ms
block 28/40 - 82/120  32899.2 ms
block 29/40 - 85/120  32911.2 ms
block 30/40 - 88/120  32922.0 ms
block 31/40 - 91/120  32920.3 ms
block 32/40 - 94/120  32897.1 ms
block 33/40 - 97/120  32900.3 ms
block 34/40 - 100/120  32910.2 ms
block 35/40 - 103/120  32893.1 ms
block 36/40 - 106/120  32918.4 ms
block 37/40 - 109/120  32905.0 ms
block 38/40 - 112/120  32909.4 ms
block 39/40 - 115/120  32908.7 ms
block 40/40 - 118/120  32933.4 ms
[42/128] elapsed=69.1m  avg=98.7s/prompt  eta=141.5m
block 1/40 - 1/120  28595.2 ms
block 2/40 - 4/120  30416.7 ms
block 3/40 - 7/120  31543.1 ms
block 4/40 - 10/120  31663.0 ms
block 5/40 - 13/120  32417.6 ms
block 6/40 - 16/120  32295.8 ms
block 7/40 - 19/120  33083.3 ms
block 8/40 - 22/120  32327.3 ms
block 9/40 - 25/120  33362.0 ms
block 10/40 - 28/120  32711.2 ms
block 11/40 - 31/120  32787.4 ms
block 12/40 - 34/120  32774.2 ms
block 13/40 - 37/120  32886.2 ms
block 14/40 - 40/120  32887.2 ms
block 15/40 - 43/120  32899.6 ms
block 16/40 - 46/120  32886.9 ms
block 17/40 - 49/120  32879.4 ms
block 18/40 - 52/120  32919.6 ms
block 19/40 - 55/120  32911.1 ms
block 20/40 - 58/120  32911.4 ms
block 21/40 - 61/120  32912.2 ms
block 22/40 - 64/120  32903.8 ms
block 23/40 - 67/120  32908.0 ms
block 24/40 - 70/120  32920.4 ms
block 25/40 - 73/120  32907.1 ms
block 26/40 - 76/120  32908.7 ms
block 27/40 - 79/120  32910.4 ms
block 28/40 - 82/120  32908.2 ms
block 29/40 - 85/120  32904.9 ms
block 30/40 - 88/120  32881.1 ms
block 31/40 - 91/120  32908.0 ms
block 32/40 - 94/120  32900.6 ms
block 33/40 - 97/120  32911.0 ms
block 34/40 - 100/120  32902.7 ms
block 35/40 - 103/120  32924.6 ms
block 36/40 - 106/120  32931.3 ms
block 37/40 - 109/120  32945.0 ms
block 38/40 - 112/120  33016.4 ms
block 39/40 - 115/120  32946.1 ms
block 40/40 - 118/120  32956.5 ms
[58/128] elapsed=90.9m  avg=94.0s/prompt  eta=109.7m
block 1/40 - 1/120  28871.8 ms
block 2/40 - 4/120  30520.7 ms
block 3/40 - 7/120  31543.1 ms
block 4/40 - 10/120  31730.9 ms
block 5/40 - 13/120  32432.3 ms
block 6/40 - 16/120  32450.3 ms
block 7/40 - 19/120  32877.1 ms
block 8/40 - 22/120  32429.0 ms
block 9/40 - 25/120  33353.1 ms
block 10/40 - 28/120  32692.4 ms
block 11/40 - 31/120  32750.3 ms
block 12/40 - 34/120  32774.3 ms
block 13/40 - 37/120  32868.2 ms
block 14/40 - 40/120  32845.7 ms
block 15/40 - 43/120  32841.9 ms
block 16/40 - 46/120  32855.8 ms
block 17/40 - 49/120  32884.2 ms
block 18/40 - 52/120  32893.5 ms
block 19/40 - 55/120  32868.5 ms
block 20/40 - 58/120  32866.4 ms
block 21/40 - 61/120  32894.9 ms
block 22/40 - 64/120  32858.6 ms
block 23/40 - 67/120  32865.5 ms
block 24/40 - 70/120  32846.2 ms
block 25/40 - 73/120  32869.3 ms
block 26/40 - 76/120  32885.9 ms
block 27/40 - 79/120  32880.2 ms
block 28/40 - 82/120  32866.6 ms
block 29/40 - 85/120  32870.7 ms
block 30/40 - 88/120  32880.8 ms
block 31/40 - 91/120  32898.0 ms
block 32/40 - 94/120  32909.2 ms
block 33/40 - 97/120  32891.7 ms
block 34/40 - 100/120  32885.6 ms
block 35/40 - 103/120  32893.4 ms
block 36/40 - 106/120  32882.3 ms
block 37/40 - 109/120  32870.5 ms
block 38/40 - 112/120  32901.7 ms
block 39/40 - 115/120  32887.0 ms
block 40/40 - 118/120  32884.2 ms
[74/128] elapsed=112.7m  avg=91.4s/prompt  eta=82.2m
block 1/40 - 1/120  28487.0 ms
block 2/40 - 4/120  30121.7 ms
block 3/40 - 7/120  31534.1 ms
block 4/40 - 10/120  31703.2 ms
block 5/40 - 13/120  32428.0 ms
block 6/40 - 16/120  32454.8 ms
block 7/40 - 19/120  33116.7 ms
block 8/40 - 22/120  32493.6 ms
block 9/40 - 25/120  33344.7 ms
block 10/40 - 28/120  32606.2 ms
block 11/40 - 31/120  32706.2 ms
block 12/40 - 34/120  32742.1 ms
block 13/40 - 37/120  32820.9 ms
block 14/40 - 40/120  32861.5 ms
block 15/40 - 43/120  32886.0 ms
block 16/40 - 46/120  32869.7 ms
block 17/40 - 49/120  32856.3 ms
block 18/40 - 52/120  32873.7 ms
block 19/40 - 55/120  32858.9 ms
block 20/40 - 58/120  32878.2 ms
block 21/40 - 61/120  32858.6 ms
block 22/40 - 64/120  32879.8 ms
block 23/40 - 67/120  32856.9 ms
block 24/40 - 70/120  32876.1 ms
block 25/40 - 73/120  32888.7 ms
block 26/40 - 76/120  32866.8 ms
block 27/40 - 79/120  32857.7 ms
block 28/40 - 82/120  32865.9 ms
block 29/40 - 85/120  32862.7 ms
block 30/40 - 88/120  32876.0 ms
block 31/40 - 91/120  32857.0 ms
block 32/40 - 94/120  32879.7 ms
block 33/40 - 97/120  32861.1 ms
block 34/40 - 100/120  32863.6 ms
block 35/40 - 103/120  32887.0 ms
block 36/40 - 106/120  32884.1 ms
block 37/40 - 109/120  32884.6 ms
block 38/40 - 112/120  32902.2 ms
block 39/40 - 115/120  32892.6 ms
block 40/40 - 118/120  32895.0 ms
[90/128] elapsed=134.5m  avg=89.6s/prompt  eta=56.8m
block 1/40 - 1/120  28754.6 ms
block 2/40 - 4/120  29990.4 ms
block 3/40 - 7/120  31539.2 ms
block 4/40 - 10/120  31717.9 ms
block 5/40 - 13/120  32591.0 ms
block 6/40 - 16/120  32467.9 ms
block 7/40 - 19/120  33117.6 ms
block 8/40 - 22/120  32683.3 ms
block 9/40 - 25/120  33316.6 ms
block 10/40 - 28/120  32703.1 ms
block 11/40 - 31/120  32699.0 ms
block 12/40 - 34/120  32778.5 ms
block 13/40 - 37/120  32864.1 ms
block 14/40 - 40/120  32880.9 ms
block 15/40 - 43/120  32911.1 ms
block 16/40 - 46/120  32902.0 ms
block 17/40 - 49/120  32860.5 ms
block 18/40 - 52/120  32893.3 ms
block 19/40 - 55/120  32899.9 ms
block 20/40 - 58/120  32895.0 ms
block 21/40 - 61/120  32875.2 ms
block 22/40 - 64/120  32850.8 ms
block 23/40 - 67/120  32854.3 ms
block 24/40 - 70/120  32865.4 ms
block 25/40 - 73/120  32861.5 ms
block 26/40 - 76/120  32882.1 ms
block 27/40 - 79/120  32872.1 ms
block 28/40 - 82/120  32859.1 ms
block 29/40 - 85/120  32847.1 ms
block 30/40 - 88/120  32861.7 ms
block 31/40 - 91/120  32852.8 ms
block 32/40 - 94/120  32901.0 ms
block 33/40 - 97/120  32900.4 ms
block 34/40 - 100/120  32900.6 ms
block 35/40 - 103/120  32884.9 ms
block 36/40 - 106/120  32905.2 ms
block 37/40 - 109/120  32893.8 ms
block 38/40 - 112/120  32878.0 ms
block 39/40 - 115/120  32897.2 ms
block 40/40 - 118/120  32901.4 ms
[106/128] elapsed=156.2m  avg=88.4s/prompt  eta=32.4m
block 1/40 - 1/120  28489.5 ms
block 2/40 - 4/120  29867.0 ms
block 3/40 - 7/120  31543.7 ms
block 4/40 - 10/120  31712.8 ms
block 5/40 - 13/120  32442.4 ms
block 6/40 - 16/120  32451.5 ms
block 7/40 - 19/120  33125.7 ms
block 8/40 - 22/120  32546.4 ms
block 9/40 - 25/120  33409.8 ms
block 10/40 - 28/120  32854.9 ms
block 11/40 - 31/120  32701.1 ms
block 12/40 - 34/120  32768.5 ms
block 13/40 - 37/120  32868.0 ms
block 14/40 - 40/120  32887.3 ms
block 15/40 - 43/120  32920.6 ms
block 16/40 - 46/120  32905.7 ms
block 17/40 - 49/120  32880.6 ms
block 18/40 - 52/120  32942.7 ms
block 19/40 - 55/120  32925.3 ms
block 20/40 - 58/120  32946.7 ms
block 21/40 - 61/120  32969.0 ms
block 22/40 - 64/120  32957.8 ms
block 23/40 - 67/120  32953.7 ms
block 24/40 - 70/120  32930.3 ms
block 25/40 - 73/120  32945.7 ms
block 26/40 - 76/120  32907.0 ms
block 27/40 - 79/120  32905.7 ms
block 28/40 - 82/120  32923.6 ms
block 29/40 - 85/120  32893.5 ms
block 30/40 - 88/120  32906.3 ms
block 31/40 - 91/120  32907.5 ms
block 32/40 - 94/120  32911.2 ms
block 33/40 - 97/120  32918.9 ms
block 34/40 - 100/120  32912.1 ms
block 35/40 - 103/120  32911.9 ms
block 36/40 - 106/120  32887.6 ms
block 37/40 - 109/120  32890.6 ms
block 38/40 - 112/120  32907.5 ms
block 39/40 - 115/120  32906.8 ms
block 40/40 - 118/120  32880.3 ms
[122/128] elapsed=178.0m  avg=87.6s/prompt  eta=8.8m
