Running on a single GPU (cuda); skipping NCCL initialization.
Free VRAM 93.14923095703125 GB
Loading CUDA extension (first run compiles ~60s; cached run ~3s)...
CUDA extension ready in 148.5s.
[PFHybridRetrieval] labels=-1/1/2 osc=cyclic sta=semantic_retrieval4 sink={'1': 1, '2': 1, '-1': 1} recent={'1': 4, '2': 4, '-1': 4} retrieval_capacity={'1': 4, '2': 4} owner=HeadComposition
KV inference with 3 frames per block
Number of prompts: 128
Prompt index range: [0, 128)
Loading PyramidKV config from configs/head_configs/best_labels.csv
Warning: unknown classification labels ['-1', '1', '2'] not found in pyramidkv_code_map; falling back to default_capacity=32760.
block 1/40 - 1/120  238772.2 ms
block 2/40 - 4/120  30778.1 ms
block 3/40 - 7/120  31617.4 ms
block 4/40 - 10/120  31797.2 ms
block 5/40 - 13/120  32501.6 ms
block 6/40 - 16/120  32516.5 ms
block 7/40 - 19/120  33522.8 ms
block 8/40 - 22/120  32773.8 ms
block 9/40 - 25/120  33672.7 ms
block 10/40 - 28/120  33002.1 ms
block 11/40 - 31/120  32952.1 ms
block 12/40 - 34/120  32947.9 ms
block 13/40 - 37/120  33039.0 ms
block 14/40 - 40/120  33039.1 ms
block 15/40 - 43/120  33044.2 ms
block 16/40 - 46/120  33043.3 ms
block 17/40 - 49/120  33042.9 ms
block 18/40 - 52/120  33048.4 ms
block 19/40 - 55/120  33053.1 ms
block 20/40 - 58/120  33053.5 ms
block 21/40 - 61/120  33042.0 ms
block 22/40 - 64/120  33060.4 ms
block 23/40 - 67/120  33052.7 ms
block 24/40 - 70/120  33043.3 ms
block 25/40 - 73/120  33048.6 ms
block 26/40 - 76/120  33057.2 ms
block 27/40 - 79/120  33065.9 ms
block 28/40 - 82/120  33080.6 ms
block 29/40 - 85/120  33075.7 ms
block 30/40 - 88/120  33084.1 ms
block 31/40 - 91/120  33076.3 ms
block 32/40 - 94/120  33076.0 ms
block 33/40 - 97/120  33080.9 ms
block 34/40 - 100/120  33080.2 ms
block 35/40 - 103/120  33075.4 ms
block 36/40 - 106/120  33075.4 ms
block 37/40 - 109/120  33075.9 ms
block 38/40 - 112/120  33075.6 ms
block 39/40 - 115/120  33071.1 ms
block 40/40 - 118/120  33080.3 ms
/apdcephfs_gy2/share_303214315/cedricnie/miniconda3/envs/longlive/lib/python3.10/site-packages/torchvision/io/_video_deprecation_warning.py:9: UserWarning: The video decoding and encoding capabilities of torchvision are deprecated from version 0.22 and will be removed in version 0.24. We recommend that you migrate to TorchCodec, where we'll consolidate the future decoding/encoding capabilities of PyTorch: https://github.com/pytorch/torchcodec
  warnings.warn(
[16/128] elapsed=25.7m  avg=96.3s/prompt  eta=179.8m
block 1/40 - 1/120  29188.5 ms
block 2/40 - 4/120  31234.0 ms
block 3/40 - 7/120  31579.7 ms
block 4/40 - 10/120  31766.0 ms
block 5/40 - 13/120  32478.3 ms
block 6/40 - 16/120  32501.6 ms
block 7/40 - 19/120  33308.8 ms
block 8/40 - 22/120  32778.7 ms
block 9/40 - 25/120  33482.5 ms
block 10/40 - 28/120  32947.9 ms
block 11/40 - 31/120  32942.6 ms
block 12/40 - 34/120  32961.8 ms
block 13/40 - 37/120  33067.5 ms
block 14/40 - 40/120  33067.4 ms
block 15/40 - 43/120  33076.6 ms
block 16/40 - 46/120  33075.4 ms
block 17/40 - 49/120  33072.6 ms
block 18/40 - 52/120  33079.8 ms
block 19/40 - 55/120  33072.1 ms
block 20/40 - 58/120  33075.8 ms
block 21/40 - 61/120  33075.9 ms
block 22/40 - 64/120  33075.3 ms
block 23/40 - 67/120  33075.4 ms
block 24/40 - 70/120  33076.4 ms
block 25/40 - 73/120  33076.4 ms
block 26/40 - 76/120  33080.7 ms
block 27/40 - 79/120  33069.8 ms
block 28/40 - 82/120  33080.8 ms
block 29/40 - 85/120  33077.0 ms
block 30/40 - 88/120  33075.7 ms
block 31/40 - 91/120  33080.8 ms
block 32/40 - 94/120  33076.0 ms
block 33/40 - 97/120  33076.5 ms
block 34/40 - 100/120  33076.6 ms
block 35/40 - 103/120  33076.7 ms
block 36/40 - 106/120  33076.9 ms
block 37/40 - 109/120  33082.0 ms
block 38/40 - 112/120  33078.7 ms
block 39/40 - 115/120  33085.3 ms
block 40/40 - 118/120  33080.9 ms
[32/128] elapsed=47.6m  avg=89.3s/prompt  eta=142.8m
block 1/40 - 1/120  29122.1 ms
block 2/40 - 4/120  30810.6 ms
block 3/40 - 7/120  31583.9 ms
block 4/40 - 10/120  31780.6 ms
block 5/40 - 13/120  32483.7 ms
block 6/40 - 16/120  32498.1 ms
block 7/40 - 19/120  33632.2 ms
block 8/40 - 22/120  32833.1 ms
block 9/40 - 25/120  33476.7 ms
block 10/40 - 28/120  32952.3 ms
block 11/40 - 31/120  32958.0 ms
block 12/40 - 34/120  32961.9 ms
block 13/40 - 37/120  33098.3 ms
block 14/40 - 40/120  33071.8 ms
block 15/40 - 43/120  33070.8 ms
block 16/40 - 46/120  33071.8 ms
block 17/40 - 49/120  33091.1 ms
block 18/40 - 52/120  33071.2 ms
block 19/40 - 55/120  33071.6 ms
block 20/40 - 58/120  33075.8 ms
block 21/40 - 61/120  33076.0 ms
block 22/40 - 64/120  33079.5 ms
block 23/40 - 67/120  33076.3 ms
block 24/40 - 70/120  33075.9 ms
block 25/40 - 73/120  33055.2 ms
block 26/40 - 76/120  33075.3 ms
block 27/40 - 79/120  33076.4 ms
block 28/40 - 82/120  33089.4 ms
block 29/40 - 85/120  33080.8 ms
block 30/40 - 88/120  33090.1 ms
block 31/40 - 91/120  33090.0 ms
block 32/40 - 94/120  33080.6 ms
block 33/40 - 97/120  33079.6 ms
block 34/40 - 100/120  33093.0 ms
block 35/40 - 103/120  33075.1 ms
block 36/40 - 106/120  33078.9 ms
block 37/40 - 109/120  33080.1 ms
block 38/40 - 112/120  33080.7 ms
block 39/40 - 115/120  33077.2 ms
block 40/40 - 118/120  33075.8 ms
[48/128] elapsed=69.5m  avg=86.9s/prompt  eta=115.9m
block 1/40 - 1/120  29089.8 ms
block 2/40 - 4/120  30975.4 ms
block 3/40 - 7/120  31589.0 ms
block 4/40 - 10/120  31766.9 ms
block 5/40 - 13/120  32474.3 ms
block 6/40 - 16/120  32493.3 ms
block 7/40 - 19/120  33300.3 ms
block 8/40 - 22/120  32811.0 ms
block 9/40 - 25/120  33478.1 ms
block 10/40 - 28/120  32944.4 ms
block 11/40 - 31/120  32957.5 ms
block 12/40 - 34/120  32957.4 ms
block 13/40 - 37/120  33071.6 ms
block 14/40 - 40/120  33071.6 ms
block 15/40 - 43/120  33080.9 ms
block 16/40 - 46/120  33075.6 ms
block 17/40 - 49/120  33070.3 ms
block 18/40 - 52/120  33075.4 ms
block 19/40 - 55/120  33076.3 ms
block 20/40 - 58/120  33076.0 ms
block 21/40 - 61/120  33080.3 ms
block 22/40 - 64/120  33075.5 ms
block 23/40 - 67/120  33076.2 ms
block 24/40 - 70/120  33076.5 ms
block 25/40 - 73/120  33080.2 ms
block 26/40 - 76/120  33080.6 ms
block 27/40 - 79/120  33076.3 ms
block 28/40 - 82/120  33117.7 ms
block 29/40 - 85/120  33076.2 ms
block 30/40 - 88/120  33076.2 ms
block 31/40 - 91/120  33075.7 ms
block 32/40 - 94/120  33075.6 ms
block 33/40 - 97/120  33080.9 ms
block 34/40 - 100/120  33076.1 ms
block 35/40 - 103/120  33076.4 ms
block 36/40 - 106/120  33081.7 ms
block 37/40 - 109/120  33076.9 ms
block 38/40 - 112/120  33076.0 ms
block 39/40 - 115/120  33089.6 ms
block 40/40 - 118/120  33080.6 ms
[64/128] elapsed=91.4m  avg=85.7s/prompt  eta=91.4m
block 1/40 - 1/120  29411.2 ms
block 2/40 - 4/120  30803.3 ms
block 3/40 - 7/120  31578.2 ms
block 4/40 - 10/120  31774.6 ms
block 5/40 - 13/120  32478.9 ms
block 6/40 - 16/120  32483.0 ms
block 7/40 - 19/120  33294.1 ms
block 8/40 - 22/120  32796.7 ms
block 9/40 - 25/120  33440.8 ms
block 10/40 - 28/120  32910.6 ms
block 11/40 - 31/120  32929.8 ms
block 12/40 - 34/120  32942.7 ms
block 13/40 - 37/120  33039.1 ms
block 14/40 - 40/120  33039.8 ms
block 15/40 - 43/120  33043.4 ms
block 16/40 - 46/120  33048.4 ms
block 17/40 - 49/120  33044.0 ms
block 18/40 - 52/120  33080.2 ms
block 19/40 - 55/120  33053.2 ms
block 20/40 - 58/120  33046.7 ms
block 21/40 - 61/120  33053.1 ms
block 22/40 - 64/120  33060.8 ms
block 23/40 - 67/120  33052.0 ms
block 24/40 - 70/120  33057.0 ms
block 25/40 - 73/120  33080.2 ms
block 26/40 - 76/120  33081.0 ms
block 27/40 - 79/120  33075.9 ms
block 28/40 - 82/120  33062.3 ms
block 29/40 - 85/120  33052.5 ms
block 30/40 - 88/120  33048.5 ms
block 31/40 - 91/120  33056.1 ms
block 32/40 - 94/120  33081.0 ms
block 33/40 - 97/120  33071.0 ms
block 34/40 - 100/120  33076.7 ms
block 35/40 - 103/120  33075.2 ms
block 36/40 - 106/120  33070.5 ms
block 37/40 - 109/120  33066.4 ms
block 38/40 - 112/120  33043.6 ms
block 39/40 - 115/120  33066.9 ms
block 40/40 - 118/120  33075.6 ms
[80/128] elapsed=113.3m  avg=85.0s/prompt  eta=68.0m
block 1/40 - 1/120  29066.5 ms
block 2/40 - 4/120  30975.0 ms
block 3/40 - 7/120  31578.5 ms
block 4/40 - 10/120  31766.0 ms
block 5/40 - 13/120  32479.3 ms
block 6/40 - 16/120  32488.3 ms
block 7/40 - 19/120  33472.1 ms
block 8/40 - 22/120  32777.1 ms
block 9/40 - 25/120  33439.0 ms
block 10/40 - 28/120  32910.8 ms
block 11/40 - 31/120  32933.1 ms
block 12/40 - 34/120  32942.9 ms
block 13/40 - 37/120  33042.5 ms
block 14/40 - 40/120  33043.6 ms
block 15/40 - 43/120  33048.9 ms
block 16/40 - 46/120  33057.0 ms
block 17/40 - 49/120  33057.0 ms
block 18/40 - 52/120  33048.4 ms
block 19/40 - 55/120  33056.9 ms
block 20/40 - 58/120  33052.5 ms
block 21/40 - 61/120  33047.5 ms
block 22/40 - 64/120  33043.5 ms
block 23/40 - 67/120  33076.1 ms
block 24/40 - 70/120  33047.9 ms
block 25/40 - 73/120  33052.6 ms
block 26/40 - 76/120  33052.1 ms
block 27/40 - 79/120  33067.1 ms
block 28/40 - 82/120  33052.9 ms
block 29/40 - 85/120  33070.3 ms
block 30/40 - 88/120  33058.3 ms
block 31/40 - 91/120  33052.4 ms
block 32/40 - 94/120  33067.3 ms
block 33/40 - 97/120  33070.2 ms
block 34/40 - 100/120  33061.3 ms
block 35/40 - 103/120  33075.2 ms
block 36/40 - 106/120  33070.8 ms
block 37/40 - 109/120  33070.4 ms
block 38/40 - 112/120  33075.3 ms
block 39/40 - 115/120  33071.9 ms
block 40/40 - 118/120  33052.3 ms
[96/128] elapsed=135.2m  avg=84.5s/prompt  eta=45.1m
block 1/40 - 1/120  29077.9 ms
block 2/40 - 4/120  30794.0 ms
block 3/40 - 7/120  31581.6 ms
block 4/40 - 10/120  31773.8 ms
block 5/40 - 13/120  32654.2 ms
block 6/40 - 16/120  32493.5 ms
block 7/40 - 19/120  33285.0 ms
block 8/40 - 22/120  32605.4 ms
block 9/40 - 25/120  33443.1 ms
block 10/40 - 28/120  32914.9 ms
block 11/40 - 31/120  32929.6 ms
block 12/40 - 34/120  32947.4 ms
block 13/40 - 37/120  33043.3 ms
block 14/40 - 40/120  33042.8 ms
block 15/40 - 43/120  33047.0 ms
block 16/40 - 46/120  33047.8 ms
block 17/40 - 49/120  33047.7 ms
block 18/40 - 52/120  33061.2 ms
block 19/40 - 55/120  33056.4 ms
block 20/40 - 58/120  33048.9 ms
block 21/40 - 61/120  33052.9 ms
block 22/40 - 64/120  33062.6 ms
block 23/40 - 67/120  33061.8 ms
block 24/40 - 70/120  33075.4 ms
block 25/40 - 73/120  33075.3 ms
block 26/40 - 76/120  33074.5 ms
block 27/40 - 79/120  33075.1 ms
block 28/40 - 82/120  33076.1 ms
block 29/40 - 85/120  33080.0 ms
block 30/40 - 88/120  33076.7 ms
block 31/40 - 91/120  33076.7 ms
block 32/40 - 94/120  33080.2 ms
block 33/40 - 97/120  33076.4 ms
block 34/40 - 100/120  33074.6 ms
block 35/40 - 103/120  33076.0 ms
block 36/40 - 106/120  33075.7 ms
block 37/40 - 109/120  33061.5 ms
block 38/40 - 112/120  33057.2 ms
block 39/40 - 115/120  33075.6 ms
block 40/40 - 118/120  33066.0 ms
[112/128] elapsed=157.2m  avg=84.2s/prompt  eta=22.5m
block 1/40 - 1/120  29396.3 ms
block 2/40 - 4/120  30907.2 ms
block 3/40 - 7/120  31786.2 ms
block 4/40 - 10/120  31760.0 ms
block 5/40 - 13/120  32479.3 ms
block 6/40 - 16/120  32492.3 ms
block 7/40 - 19/120  33295.0 ms
block 8/40 - 22/120  32776.9 ms
block 9/40 - 25/120  33438.9 ms
block 10/40 - 28/120  32919.6 ms
block 11/40 - 31/120  32934.0 ms
block 12/40 - 34/120  32942.2 ms
block 13/40 - 37/120  33043.0 ms
block 14/40 - 40/120  33061.8 ms
block 15/40 - 43/120  33048.8 ms
block 16/40 - 46/120  33058.2 ms
block 17/40 - 49/120  33057.4 ms
block 18/40 - 52/120  33062.7 ms
block 19/40 - 55/120  33080.3 ms
block 20/40 - 58/120  33052.9 ms
block 21/40 - 61/120  33052.7 ms
block 22/40 - 64/120  33066.7 ms
block 23/40 - 67/120  33076.6 ms
block 24/40 - 70/120  33089.5 ms
block 25/40 - 73/120  33076.2 ms
block 26/40 - 76/120  33075.2 ms
block 27/40 - 79/120  33079.4 ms
block 28/40 - 82/120  33075.1 ms
block 29/40 - 85/120  33075.2 ms
block 30/40 - 88/120  33075.7 ms
block 31/40 - 91/120  33089.1 ms
block 32/40 - 94/120  33074.9 ms
block 33/40 - 97/120  33075.2 ms
block 34/40 - 100/120  33062.6 ms
block 35/40 - 103/120  33042.5 ms
block 36/40 - 106/120  33075.5 ms
block 37/40 - 109/120  33079.9 ms
block 38/40 - 112/120  33057.5 ms
block 39/40 - 115/120  33062.8 ms
block 40/40 - 118/120  33076.5 ms
[128/128] elapsed=179.1m  avg=83.9s/prompt  eta=0.0m
