Running on a single GPU (cuda); skipping NCCL initialization.
Free VRAM 93.14923095703125 GB
Loading CUDA extension (first run compiles ~60s; cached run ~3s)...
CUDA extension ready in 148.5s.
[PFHybridRetrieval] labels=-1/1/2 osc=cyclic sta=semantic_retrieval4 sink={'1': 1, '2': 1, '-1': 1} recent={'1': 4, '2': 4, '-1': 4} retrieval_capacity={'1': 4, '2': 4} owner=HeadComposition
KV inference with 3 frames per block
Number of prompts: 128
Prompt index range: [0, 128)
Loading PyramidKV config from configs/head_configs/best_labels.csv
Warning: unknown classification labels ['-1', '1', '2'] not found in pyramidkv_code_map; falling back to default_capacity=32760.
block 1/40 - 1/120  238773.9 ms
block 2/40 - 4/120  30255.4 ms
block 3/40 - 7/120  31412.9 ms
block 4/40 - 10/120  31621.4 ms
block 5/40 - 13/120  32357.8 ms
block 6/40 - 16/120  32348.4 ms
block 7/40 - 19/120  33183.5 ms
block 8/40 - 22/120  32719.2 ms
block 9/40 - 25/120  33502.7 ms
block 10/40 - 28/120  32791.0 ms
block 11/40 - 31/120  32774.7 ms
block 12/40 - 34/120  32793.6 ms
block 13/40 - 37/120  32886.3 ms
block 14/40 - 40/120  32878.9 ms
block 15/40 - 43/120  32869.2 ms
block 16/40 - 46/120  32870.8 ms
block 17/40 - 49/120  32903.7 ms
block 18/40 - 52/120  32900.4 ms
block 19/40 - 55/120  32896.4 ms
block 20/40 - 58/120  32906.9 ms
block 21/40 - 61/120  32908.3 ms
block 22/40 - 64/120  32906.8 ms
block 23/40 - 67/120  32894.8 ms
block 24/40 - 70/120  32893.4 ms
block 25/40 - 73/120  32922.4 ms
block 26/40 - 76/120  32898.9 ms
block 27/40 - 79/120  32899.8 ms
block 28/40 - 82/120  32916.7 ms
block 29/40 - 85/120  32919.7 ms
block 30/40 - 88/120  32903.5 ms
block 31/40 - 91/120  32905.6 ms
block 32/40 - 94/120  32887.4 ms
block 33/40 - 97/120  32904.7 ms
block 34/40 - 100/120  32910.4 ms
block 35/40 - 103/120  32906.4 ms
block 36/40 - 106/120  32915.3 ms
block 37/40 - 109/120  32910.6 ms
block 38/40 - 112/120  32909.3 ms
block 39/40 - 115/120  32901.6 ms
block 40/40 - 118/120  32909.0 ms
/apdcephfs_gy2/share_303214315/cedricnie/miniconda3/envs/longlive/lib/python3.10/site-packages/torchvision/io/_video_deprecation_warning.py:9: UserWarning: The video decoding and encoding capabilities of torchvision are deprecated from version 0.22 and will be removed in version 0.24. We recommend that you migrate to TorchCodec, where we'll consolidate the future decoding/encoding capabilities of PyTorch: https://github.com/pytorch/torchcodec
  warnings.warn(
[12/128] elapsed=25.6m  avg=127.9s/prompt  eta=247.2m
block 1/40 - 1/120  28804.5 ms
block 2/40 - 4/120  30505.4 ms
block 3/40 - 7/120  31467.7 ms
block 4/40 - 10/120  31595.2 ms
block 5/40 - 13/120  32332.3 ms
block 6/40 - 16/120  32326.8 ms
block 7/40 - 19/120  33121.8 ms
block 8/40 - 22/120  32414.6 ms
block 9/40 - 25/120  33295.5 ms
block 10/40 - 28/120  32763.2 ms
block 11/40 - 31/120  32783.6 ms
block 12/40 - 34/120  32777.5 ms
block 13/40 - 37/120  32877.7 ms
block 14/40 - 40/120  32901.2 ms
block 15/40 - 43/120  32903.1 ms
block 16/40 - 46/120  32909.7 ms
block 17/40 - 49/120  32921.0 ms
block 18/40 - 52/120  32909.3 ms
block 19/40 - 55/120  32927.8 ms
block 20/40 - 58/120  32884.3 ms
block 21/40 - 61/120  32907.3 ms
block 22/40 - 64/120  32923.1 ms
block 23/40 - 67/120  32911.3 ms
block 24/40 - 70/120  32910.9 ms
block 25/40 - 73/120  32906.9 ms
block 26/40 - 76/120  32918.6 ms
block 27/40 - 79/120  32920.7 ms
block 28/40 - 82/120  32914.3 ms
block 29/40 - 85/120  32909.0 ms
block 30/40 - 88/120  32903.1 ms
block 31/40 - 91/120  32918.2 ms
block 32/40 - 94/120  32914.6 ms
block 33/40 - 97/120  32911.6 ms
block 34/40 - 100/120  32912.4 ms
block 35/40 - 103/120  32902.5 ms
block 36/40 - 106/120  32908.1 ms
block 37/40 - 109/120  32914.6 ms
block 38/40 - 112/120  32910.4 ms
block 39/40 - 115/120  32909.0 ms
block 40/40 - 118/120  32907.6 ms
[28/128] elapsed=47.4m  avg=101.5s/prompt  eta=169.2m
block 1/40 - 1/120  28696.5 ms
block 2/40 - 4/120  30354.4 ms
block 3/40 - 7/120  31496.8 ms
block 4/40 - 10/120  31605.1 ms
block 5/40 - 13/120  32379.7 ms
block 6/40 - 16/120  32322.0 ms
block 7/40 - 19/120  33338.0 ms
block 8/40 - 22/120  32439.4 ms
block 9/40 - 25/120  33334.0 ms
block 10/40 - 28/120  32734.3 ms
block 11/40 - 31/120  32782.0 ms
block 12/40 - 34/120  32790.0 ms
block 13/40 - 37/120  32898.3 ms
block 14/40 - 40/120  32923.5 ms
block 15/40 - 43/120  32917.2 ms
block 16/40 - 46/120  32917.6 ms
block 17/40 - 49/120  32914.8 ms
block 18/40 - 52/120  32914.2 ms
block 19/40 - 55/120  32928.4 ms
block 20/40 - 58/120  32925.9 ms
block 21/40 - 61/120  32923.0 ms
block 22/40 - 64/120  32926.7 ms
block 23/40 - 67/120  32925.8 ms
block 24/40 - 70/120  32909.3 ms
block 25/40 - 73/120  32972.0 ms
block 26/40 - 76/120  32919.4 ms
block 27/40 - 79/120  32916.6 ms
block 28/40 - 82/120  32927.8 ms
block 29/40 - 85/120  32919.5 ms
block 30/40 - 88/120  32921.4 ms
block 31/40 - 91/120  32923.1 ms
block 32/40 - 94/120  32924.5 ms
block 33/40 - 97/120  32918.4 ms
block 34/40 - 100/120  32917.4 ms
block 35/40 - 103/120  32918.5 ms
block 36/40 - 106/120  32917.2 ms
block 37/40 - 109/120  32916.7 ms
block 38/40 - 112/120  32918.6 ms
block 39/40 - 115/120  32917.4 ms
block 40/40 - 118/120  32915.4 ms
[44/128] elapsed=69.2m  avg=94.3s/prompt  eta=132.0m
block 1/40 - 1/120  28772.9 ms
block 2/40 - 4/120  30525.8 ms
block 3/40 - 7/120  31556.9 ms
block 4/40 - 10/120  31601.6 ms
block 5/40 - 13/120  32423.5 ms
block 6/40 - 16/120  32314.7 ms
block 7/40 - 19/120  33203.6 ms
block 8/40 - 22/120  32377.4 ms
block 9/40 - 25/120  33372.8 ms
block 10/40 - 28/120  32700.2 ms
block 11/40 - 31/120  32797.9 ms
block 12/40 - 34/120  32795.9 ms
block 13/40 - 37/120  32902.2 ms
block 14/40 - 40/120  32890.9 ms
block 15/40 - 43/120  32909.8 ms
block 16/40 - 46/120  32909.1 ms
block 17/40 - 49/120  32924.7 ms
block 18/40 - 52/120  32920.3 ms
block 19/40 - 55/120  32927.1 ms
block 20/40 - 58/120  32921.9 ms
block 21/40 - 61/120  32915.6 ms
block 22/40 - 64/120  32914.4 ms
block 23/40 - 67/120  32928.6 ms
block 24/40 - 70/120  32921.0 ms
block 25/40 - 73/120  32927.6 ms
block 26/40 - 76/120  32942.3 ms
block 27/40 - 79/120  32921.4 ms
block 28/40 - 82/120  32921.3 ms
block 29/40 - 85/120  32930.4 ms
block 30/40 - 88/120  32938.1 ms
block 31/40 - 91/120  32924.0 ms
block 32/40 - 94/120  32930.0 ms
block 33/40 - 97/120  32929.4 ms
block 34/40 - 100/120  32928.3 ms
block 35/40 - 103/120  32927.4 ms
block 36/40 - 106/120  32927.9 ms
block 37/40 - 109/120  32929.4 ms
block 38/40 - 112/120  32920.9 ms
block 39/40 - 115/120  32931.2 ms
block 40/40 - 118/120  32923.6 ms
[60/128] elapsed=91.0m  avg=91.0s/prompt  eta=103.1m
block 1/40 - 1/120  28701.7 ms
block 2/40 - 4/120  30431.6 ms
block 3/40 - 7/120  31552.4 ms
block 4/40 - 10/120  31716.5 ms
block 5/40 - 13/120  32453.4 ms
block 6/40 - 16/120  32343.1 ms
block 7/40 - 19/120  33245.0 ms
block 8/40 - 22/120  32430.9 ms
block 9/40 - 25/120  33420.1 ms
block 10/40 - 28/120  32712.3 ms
block 11/40 - 31/120  32806.3 ms
block 12/40 - 34/120  32809.1 ms
block 13/40 - 37/120  32929.7 ms
block 14/40 - 40/120  32932.9 ms
block 15/40 - 43/120  32944.8 ms
block 16/40 - 46/120  32946.2 ms
block 17/40 - 49/120  32946.5 ms
block 18/40 - 52/120  32948.4 ms
block 19/40 - 55/120  32955.0 ms
block 20/40 - 58/120  32952.0 ms
block 21/40 - 61/120  32947.2 ms
block 22/40 - 64/120  32951.8 ms
block 23/40 - 67/120  32958.7 ms
block 24/40 - 70/120  32946.8 ms
block 25/40 - 73/120  32962.8 ms
block 26/40 - 76/120  32951.1 ms
block 27/40 - 79/120  32965.6 ms
block 28/40 - 82/120  32955.5 ms
block 29/40 - 85/120  32960.4 ms
block 30/40 - 88/120  32953.6 ms
block 31/40 - 91/120  32940.7 ms
block 32/40 - 94/120  32948.2 ms
block 33/40 - 97/120  32945.6 ms
block 34/40 - 100/120  32909.9 ms
block 35/40 - 103/120  32913.3 ms
block 36/40 - 106/120  32925.5 ms
block 37/40 - 109/120  32904.4 ms
block 38/40 - 112/120  32897.3 ms
block 39/40 - 115/120  32907.6 ms
block 40/40 - 118/120  32904.0 ms
[76/128] elapsed=112.8m  avg=89.0s/prompt  eta=77.2m
block 1/40 - 1/120  28959.8 ms
block 2/40 - 4/120  30231.8 ms
block 3/40 - 7/120  31551.1 ms
block 4/40 - 10/120  31737.7 ms
block 5/40 - 13/120  32450.5 ms
block 6/40 - 16/120  32483.7 ms
block 7/40 - 19/120  33527.8 ms
block 8/40 - 22/120  32551.7 ms
block 9/40 - 25/120  33433.5 ms
block 10/40 - 28/120  32681.8 ms
block 11/40 - 31/120  32773.7 ms
block 12/40 - 34/120  32808.0 ms
block 13/40 - 37/120  32888.0 ms
block 14/40 - 40/120  32909.4 ms
block 15/40 - 43/120  32905.3 ms
block 16/40 - 46/120  32900.0 ms
block 17/40 - 49/120  32912.1 ms
block 18/40 - 52/120  32907.9 ms
block 19/40 - 55/120  32904.6 ms
block 20/40 - 58/120  32907.1 ms
block 21/40 - 61/120  32917.8 ms
block 22/40 - 64/120  32906.4 ms
block 23/40 - 67/120  32916.4 ms
block 24/40 - 70/120  32914.3 ms
block 25/40 - 73/120  32904.3 ms
block 26/40 - 76/120  32916.5 ms
block 27/40 - 79/120  32918.2 ms
block 28/40 - 82/120  32904.3 ms
block 29/40 - 85/120  32906.3 ms
block 30/40 - 88/120  32924.3 ms
block 31/40 - 91/120  32920.6 ms
block 32/40 - 94/120  32921.2 ms
block 33/40 - 97/120  32919.3 ms
block 34/40 - 100/120  32914.9 ms
block 35/40 - 103/120  32908.9 ms
block 36/40 - 106/120  32908.8 ms
block 37/40 - 109/120  32908.3 ms
block 38/40 - 112/120  32927.9 ms
block 39/40 - 115/120  32917.8 ms
block 40/40 - 118/120  32912.6 ms
[92/128] elapsed=134.6m  avg=87.8s/prompt  eta=52.7m
block 1/40 - 1/120  28447.4 ms
block 2/40 - 4/120  30131.1 ms
block 3/40 - 7/120  31548.8 ms
block 4/40 - 10/120  31752.6 ms
block 5/40 - 13/120  32454.6 ms
block 6/40 - 16/120  32476.4 ms
block 7/40 - 19/120  33255.6 ms
block 8/40 - 22/120  32649.9 ms
block 9/40 - 25/120  33399.4 ms
block 10/40 - 28/120  32699.9 ms
block 11/40 - 31/120  32791.4 ms
block 12/40 - 34/120  32801.0 ms
block 13/40 - 37/120  32907.4 ms
block 14/40 - 40/120  32900.8 ms
block 15/40 - 43/120  32924.3 ms
block 16/40 - 46/120  32911.0 ms
block 17/40 - 49/120  32907.7 ms
block 18/40 - 52/120  32917.0 ms
block 19/40 - 55/120  32918.2 ms
block 20/40 - 58/120  32907.5 ms
block 21/40 - 61/120  32957.2 ms
block 22/40 - 64/120  32907.1 ms
block 23/40 - 67/120  32917.8 ms
block 24/40 - 70/120  32921.5 ms
block 25/40 - 73/120  32916.2 ms
block 26/40 - 76/120  32905.0 ms
block 27/40 - 79/120  32919.4 ms
block 28/40 - 82/120  32916.7 ms
block 29/40 - 85/120  32917.7 ms
block 30/40 - 88/120  32910.8 ms
block 31/40 - 91/120  32920.9 ms
block 32/40 - 94/120  32934.0 ms
block 33/40 - 97/120  32987.6 ms
block 34/40 - 100/120  32930.8 ms
block 35/40 - 103/120  32924.3 ms
block 36/40 - 106/120  32916.1 ms
block 37/40 - 109/120  32922.3 ms
block 38/40 - 112/120  32925.1 ms
block 39/40 - 115/120  32933.3 ms
block 40/40 - 118/120  32920.5 ms
[108/128] elapsed=156.4m  avg=86.9s/prompt  eta=29.0m
block 1/40 - 1/120  28618.1 ms
block 2/40 - 4/120  30010.6 ms
block 3/40 - 7/120  31549.1 ms
block 4/40 - 10/120  31734.0 ms
block 5/40 - 13/120  32460.5 ms
block 6/40 - 16/120  32472.2 ms
block 7/40 - 19/120  33269.5 ms
block 8/40 - 22/120  32755.8 ms
block 9/40 - 25/120  33392.0 ms
block 10/40 - 28/120  32738.9 ms
block 11/40 - 31/120  32757.8 ms
block 12/40 - 34/120  32802.1 ms
block 13/40 - 37/120  32908.0 ms
block 14/40 - 40/120  32908.1 ms
block 15/40 - 43/120  32912.2 ms
block 16/40 - 46/120  32921.5 ms
block 17/40 - 49/120  32928.7 ms
block 18/40 - 52/120  32919.1 ms
block 19/40 - 55/120  32920.2 ms
block 20/40 - 58/120  32910.5 ms
block 21/40 - 61/120  32916.4 ms
block 22/40 - 64/120  32923.2 ms
block 23/40 - 67/120  32922.9 ms
block 24/40 - 70/120  32909.6 ms
block 25/40 - 73/120  32933.2 ms
block 26/40 - 76/120  32924.8 ms
block 27/40 - 79/120  32918.8 ms
block 28/40 - 82/120  32919.2 ms
block 29/40 - 85/120  32921.6 ms
block 30/40 - 88/120  32925.4 ms
block 31/40 - 91/120  32923.6 ms
block 32/40 - 94/120  32919.1 ms
block 33/40 - 97/120  32920.8 ms
block 34/40 - 100/120  32929.3 ms
block 35/40 - 103/120  32922.3 ms
block 36/40 - 106/120  32924.1 ms
block 37/40 - 109/120  32911.4 ms
block 38/40 - 112/120  32924.2 ms
block 39/40 - 115/120  32921.0 ms
block 40/40 - 118/120  32912.6 ms
[124/128] elapsed=178.2m  avg=86.2s/prompt  eta=5.7m
