Running on a single GPU (cuda); skipping NCCL initialization.
Free VRAM 93.14923095703125 GB
Loading CUDA extension (first run compiles ~60s; cached run ~3s)...
CUDA extension ready in 148.6s.
[PFHybridRetrieval] labels=-1/1/2 osc=cyclic sta=semantic_retrieval4 sink={'1': 1, '2': 1, '-1': 1} recent={'1': 4, '2': 4, '-1': 4} retrieval_capacity={'1': 4, '2': 4} owner=HeadComposition
KV inference with 3 frames per block
Number of prompts: 128
Prompt index range: [0, 128)
Loading PyramidKV config from configs/head_configs/best_labels.csv
Warning: unknown classification labels ['-1', '1', '2'] not found in pyramidkv_code_map; falling back to default_capacity=32760.
block 1/40 - 1/120  238779.3 ms
block 2/40 - 4/120  29992.0 ms
block 3/40 - 7/120  31114.7 ms
block 4/40 - 10/120  31251.7 ms
block 5/40 - 13/120  32017.1 ms
block 6/40 - 16/120  32050.4 ms
block 7/40 - 19/120  32619.4 ms
block 8/40 - 22/120  32143.5 ms
block 9/40 - 25/120  33083.9 ms
block 10/40 - 28/120  32358.0 ms
block 11/40 - 31/120  32467.5 ms
block 12/40 - 34/120  32387.2 ms
block 13/40 - 37/120  32430.9 ms
block 14/40 - 40/120  32279.5 ms
block 15/40 - 43/120  32281.7 ms
block 16/40 - 46/120  32320.4 ms
block 17/40 - 49/120  32469.5 ms
block 18/40 - 52/120  32466.1 ms
block 19/40 - 55/120  32309.5 ms
block 20/40 - 58/120  32296.2 ms
block 21/40 - 61/120  32468.5 ms
block 22/40 - 64/120  32467.0 ms
block 23/40 - 67/120  32311.0 ms
block 24/40 - 70/120  32456.2 ms
block 25/40 - 73/120  32312.6 ms
block 26/40 - 76/120  32466.0 ms
block 27/40 - 79/120  32312.8 ms
block 28/40 - 82/120  32307.4 ms
block 29/40 - 85/120  32475.6 ms
block 30/40 - 88/120  32492.5 ms
block 31/40 - 91/120  32462.0 ms
block 32/40 - 94/120  32323.2 ms
block 33/40 - 97/120  32486.3 ms
block 34/40 - 100/120  32485.0 ms
block 35/40 - 103/120  32487.9 ms
block 36/40 - 106/120  32472.9 ms
block 37/40 - 109/120  32486.7 ms
block 38/40 - 112/120  32486.2 ms
block 39/40 - 115/120  32467.8 ms
block 40/40 - 118/120  32483.1 ms
/apdcephfs_gy2/share_303214315/cedricnie/miniconda3/envs/longlive/lib/python3.10/site-packages/torchvision/io/_video_deprecation_warning.py:9: UserWarning: The video decoding and encoding capabilities of torchvision are deprecated from version 0.22 and will be removed in version 0.24. We recommend that you migrate to TorchCodec, where we'll consolidate the future decoding/encoding capabilities of PyTorch: https://github.com/pytorch/torchcodec
  warnings.warn(
[13/128] elapsed=25.3m  avg=116.7s/prompt  eta=223.6m
block 1/40 - 1/120  28480.1 ms
block 2/40 - 4/120  30366.5 ms
block 3/40 - 7/120  31181.8 ms
block 4/40 - 10/120  31236.4 ms
block 5/40 - 13/120  32097.2 ms
block 6/40 - 16/120  31988.5 ms
block 7/40 - 19/120  32688.3 ms
block 8/40 - 22/120  32010.7 ms
block 9/40 - 25/120  33039.0 ms
block 10/40 - 28/120  32275.4 ms
block 11/40 - 31/120  32377.4 ms
block 12/40 - 34/120  32351.8 ms
block 13/40 - 37/120  32567.2 ms
block 14/40 - 40/120  32592.7 ms
block 15/40 - 43/120  32453.1 ms
block 16/40 - 46/120  32310.2 ms
block 17/40 - 49/120  32456.2 ms
block 18/40 - 52/120  32434.4 ms
block 19/40 - 55/120  32335.7 ms
block 20/40 - 58/120  32285.7 ms
block 21/40 - 61/120  32469.6 ms
block 22/40 - 64/120  32460.5 ms
block 23/40 - 67/120  32456.6 ms
block 24/40 - 70/120  32453.6 ms
block 25/40 - 73/120  32448.0 ms
block 26/40 - 76/120  32458.5 ms
block 27/40 - 79/120  32470.9 ms
block 28/40 - 82/120  32326.8 ms
block 29/40 - 85/120  32456.7 ms
block 30/40 - 88/120  32471.7 ms
block 31/40 - 91/120  32295.4 ms
block 32/40 - 94/120  32327.3 ms
block 33/40 - 97/120  32296.9 ms
block 34/40 - 100/120  32496.7 ms
block 35/40 - 103/120  32323.0 ms
block 36/40 - 106/120  32316.1 ms
block 37/40 - 109/120  32298.0 ms
block 38/40 - 112/120  32478.8 ms
block 39/40 - 115/120  32310.7 ms
block 40/40 - 118/120  32294.8 ms
[29/128] elapsed=46.8m  avg=96.8s/prompt  eta=159.7m
block 1/40 - 1/120  28166.4 ms
block 2/40 - 4/120  29639.1 ms
block 3/40 - 7/120  31381.5 ms
block 4/40 - 10/120  31340.4 ms
block 5/40 - 13/120  32119.4 ms
block 6/40 - 16/120  32059.1 ms
block 7/40 - 19/120  32896.0 ms
block 8/40 - 22/120  32070.8 ms
block 9/40 - 25/120  32990.9 ms
block 10/40 - 28/120  32346.2 ms
block 11/40 - 31/120  32280.5 ms
block 12/40 - 34/120  32208.6 ms
block 13/40 - 37/120  32306.8 ms
block 14/40 - 40/120  32492.0 ms
block 15/40 - 43/120  32316.5 ms
block 16/40 - 46/120  32516.7 ms
block 17/40 - 49/120  32519.9 ms
block 18/40 - 52/120  32470.1 ms
block 19/40 - 55/120  32486.7 ms
block 20/40 - 58/120  32344.5 ms
block 21/40 - 61/120  32506.7 ms
block 22/40 - 64/120  32525.2 ms
block 23/40 - 67/120  32460.6 ms
block 24/40 - 70/120  32595.4 ms
block 25/40 - 73/120  32602.5 ms
block 26/40 - 76/120  32578.6 ms
block 27/40 - 79/120  32441.1 ms
block 28/40 - 82/120  32297.6 ms
block 29/40 - 85/120  32457.0 ms
block 30/40 - 88/120  32484.9 ms
block 31/40 - 91/120  32280.1 ms
block 32/40 - 94/120  32498.4 ms
block 33/40 - 97/120  32453.0 ms
block 34/40 - 100/120  32442.8 ms
block 35/40 - 103/120  32450.9 ms
block 36/40 - 106/120  32308.0 ms
block 37/40 - 109/120  32471.4 ms
block 38/40 - 112/120  32296.3 ms
block 39/40 - 115/120  32325.3 ms
block 40/40 - 118/120  32301.6 ms
[45/128] elapsed=68.3m  avg=91.0s/prompt  eta=125.9m
block 1/40 - 1/120  28133.2 ms
block 2/40 - 4/120  29520.1 ms
block 3/40 - 7/120  31007.8 ms
block 4/40 - 10/120  31627.6 ms
block 5/40 - 13/120  32216.1 ms
block 6/40 - 16/120  32105.1 ms
block 7/40 - 19/120  32565.5 ms
block 8/40 - 22/120  32097.8 ms
block 9/40 - 25/120  32986.5 ms
block 10/40 - 28/120  32346.1 ms
block 11/40 - 31/120  32146.5 ms
block 12/40 - 34/120  32155.3 ms
block 13/40 - 37/120  32458.5 ms
block 14/40 - 40/120  32473.3 ms
block 15/40 - 43/120  32463.3 ms
block 16/40 - 46/120  32331.9 ms
block 17/40 - 49/120  32315.2 ms
block 18/40 - 52/120  32339.6 ms
block 19/40 - 55/120  32297.6 ms
block 20/40 - 58/120  32326.2 ms
block 21/40 - 61/120  32509.0 ms
block 22/40 - 64/120  32491.3 ms
block 23/40 - 67/120  32294.5 ms
block 24/40 - 70/120  32348.2 ms
block 25/40 - 73/120  32533.8 ms
block 26/40 - 76/120  32517.3 ms
block 27/40 - 79/120  32504.1 ms
block 28/40 - 82/120  32349.6 ms
block 29/40 - 85/120  32348.0 ms
block 30/40 - 88/120  32536.6 ms
block 31/40 - 91/120  32348.0 ms
block 32/40 - 94/120  32516.4 ms
block 33/40 - 97/120  32440.6 ms
block 34/40 - 100/120  32609.4 ms
block 35/40 - 103/120  32450.7 ms
block 36/40 - 106/120  32593.1 ms
block 37/40 - 109/120  32339.0 ms
block 38/40 - 112/120  32481.4 ms
block 39/40 - 115/120  32463.8 ms
block 40/40 - 118/120  32296.6 ms
[61/128] elapsed=89.7m  avg=88.3s/prompt  eta=98.6m
block 1/40 - 1/120  28747.2 ms
block 2/40 - 4/120  29514.5 ms
block 3/40 - 7/120  30815.3 ms
block 4/40 - 10/120  31382.1 ms
block 5/40 - 13/120  32405.2 ms
block 6/40 - 16/120  32290.9 ms
block 7/40 - 19/120  32662.8 ms
block 8/40 - 22/120  32131.3 ms
block 9/40 - 25/120  33049.4 ms
block 10/40 - 28/120  32306.9 ms
block 11/40 - 31/120  32355.8 ms
block 12/40 - 34/120  32268.0 ms
block 13/40 - 37/120  32455.5 ms
block 14/40 - 40/120  32466.3 ms
block 15/40 - 43/120  32461.7 ms
block 16/40 - 46/120  32314.1 ms
block 17/40 - 49/120  32466.7 ms
block 18/40 - 52/120  32483.6 ms
block 19/40 - 55/120  32323.3 ms
block 20/40 - 58/120  32313.1 ms
block 21/40 - 61/120  32464.1 ms
block 22/40 - 64/120  32454.9 ms
block 23/40 - 67/120  32313.6 ms
block 24/40 - 70/120  32461.6 ms
block 25/40 - 73/120  32474.8 ms
block 26/40 - 76/120  32477.1 ms
block 27/40 - 79/120  32472.2 ms
block 28/40 - 82/120  32319.2 ms
block 29/40 - 85/120  32457.9 ms
block 30/40 - 88/120  32326.4 ms
block 31/40 - 91/120  32470.9 ms
block 32/40 - 94/120  32323.3 ms
block 33/40 - 97/120  32486.4 ms
block 34/40 - 100/120  32341.2 ms
block 35/40 - 103/120  32353.1 ms
block 36/40 - 106/120  32495.1 ms
block 37/40 - 109/120  32499.6 ms
block 38/40 - 112/120  32513.0 ms
block 39/40 - 115/120  32406.2 ms
block 40/40 - 118/120  32368.0 ms
[77/128] elapsed=111.2m  avg=86.7s/prompt  eta=73.7m
block 1/40 - 1/120  28186.1 ms
block 2/40 - 4/120  29995.8 ms
block 3/40 - 7/120  30648.4 ms
block 4/40 - 10/120  31026.4 ms
block 5/40 - 13/120  32286.1 ms
block 6/40 - 16/120  32415.4 ms
block 7/40 - 19/120  33071.9 ms
block 8/40 - 22/120  32227.7 ms
block 9/40 - 25/120  32972.2 ms
block 10/40 - 28/120  32370.4 ms
block 11/40 - 31/120  32307.0 ms
block 12/40 - 34/120  32227.8 ms
block 13/40 - 37/120  32379.5 ms
block 14/40 - 40/120  32474.0 ms
block 15/40 - 43/120  32269.6 ms
block 16/40 - 46/120  32314.3 ms
block 17/40 - 49/120  32453.6 ms
block 18/40 - 52/120  32463.5 ms
block 19/40 - 55/120  32327.6 ms
block 20/40 - 58/120  32472.3 ms
block 21/40 - 61/120  32484.8 ms
block 22/40 - 64/120  32460.5 ms
block 23/40 - 67/120  32442.6 ms
block 24/40 - 70/120  32316.8 ms
block 25/40 - 73/120  32291.5 ms
block 26/40 - 76/120  32473.4 ms
block 27/40 - 79/120  32457.5 ms
block 28/40 - 82/120  32448.0 ms
block 29/40 - 85/120  32453.7 ms
block 30/40 - 88/120  32486.7 ms
block 31/40 - 91/120  32316.3 ms
block 32/40 - 94/120  32483.8 ms
block 33/40 - 97/120  32469.4 ms
block 34/40 - 100/120  32309.4 ms
block 35/40 - 103/120  32304.8 ms
block 36/40 - 106/120  32475.0 ms
block 37/40 - 109/120  32454.1 ms
block 38/40 - 112/120  32479.5 ms
block 39/40 - 115/120  32314.0 ms
block 40/40 - 118/120  32327.9 ms
[93/128] elapsed=132.7m  avg=85.6s/prompt  eta=49.9m
block 1/40 - 1/120  28186.0 ms
block 2/40 - 4/120  29533.4 ms
block 3/40 - 7/120  30827.2 ms
block 4/40 - 10/120  31077.1 ms
block 5/40 - 13/120  32089.8 ms
block 6/40 - 16/120  32388.4 ms
block 7/40 - 19/120  33013.1 ms
block 8/40 - 22/120  32280.4 ms
block 9/40 - 25/120  33179.2 ms
block 10/40 - 28/120  32382.9 ms
block 11/40 - 31/120  32226.8 ms
block 12/40 - 34/120  32316.8 ms
block 13/40 - 37/120  32498.7 ms
block 14/40 - 40/120  32422.8 ms
block 15/40 - 43/120  32337.7 ms
block 16/40 - 46/120  32326.4 ms
block 17/40 - 49/120  32486.8 ms
block 18/40 - 52/120  32522.2 ms
block 19/40 - 55/120  32376.2 ms
block 20/40 - 58/120  32460.9 ms
block 21/40 - 61/120  32464.1 ms
block 22/40 - 64/120  32606.3 ms
block 23/40 - 67/120  32498.3 ms
block 24/40 - 70/120  32435.4 ms
block 25/40 - 73/120  32456.6 ms
block 26/40 - 76/120  32491.5 ms
block 27/40 - 79/120  32315.3 ms
block 28/40 - 82/120  32291.2 ms
block 29/40 - 85/120  32442.7 ms
block 30/40 - 88/120  32491.1 ms
block 31/40 - 91/120  32463.9 ms
block 32/40 - 94/120  32309.1 ms
block 33/40 - 97/120  32479.3 ms
block 34/40 - 100/120  32477.6 ms
block 35/40 - 103/120  32314.7 ms
block 36/40 - 106/120  32310.4 ms
block 37/40 - 109/120  32472.7 ms
block 38/40 - 112/120  32471.4 ms
block 39/40 - 115/120  32307.2 ms
block 40/40 - 118/120  32287.1 ms
[109/128] elapsed=154.2m  avg=84.9s/prompt  eta=26.9m
block 1/40 - 1/120  28399.9 ms
block 2/40 - 4/120  29517.4 ms
block 3/40 - 7/120  30807.4 ms
block 4/40 - 10/120  31078.3 ms
block 5/40 - 13/120  31942.2 ms
block 6/40 - 16/120  32023.7 ms
block 7/40 - 19/120  32848.6 ms
block 8/40 - 22/120  32516.1 ms
block 9/40 - 25/120  33363.2 ms
block 10/40 - 28/120  32473.4 ms
block 11/40 - 31/120  32230.8 ms
block 12/40 - 34/120  32235.0 ms
block 13/40 - 37/120  32374.9 ms
block 14/40 - 40/120  32431.7 ms
block 15/40 - 43/120  32218.5 ms
block 16/40 - 46/120  32434.8 ms
block 17/40 - 49/120  32425.3 ms
block 18/40 - 52/120  32451.7 ms
block 19/40 - 55/120  32297.4 ms
block 20/40 - 58/120  32458.0 ms
block 21/40 - 61/120  32448.9 ms
block 22/40 - 64/120  32334.8 ms
block 23/40 - 67/120  32337.5 ms
block 24/40 - 70/120  32477.7 ms
block 25/40 - 73/120  32484.2 ms
block 26/40 - 76/120  32500.1 ms
block 27/40 - 79/120  32488.2 ms
block 28/40 - 82/120  32500.8 ms
block 29/40 - 85/120  32464.4 ms
block 30/40 - 88/120  32337.0 ms
block 31/40 - 91/120  32435.2 ms
block 32/40 - 94/120  32466.7 ms
block 33/40 - 97/120  32554.9 ms
block 34/40 - 100/120  32497.5 ms
block 35/40 - 103/120  32322.5 ms
block 36/40 - 106/120  32432.4 ms
block 37/40 - 109/120  32429.3 ms
block 38/40 - 112/120  32441.9 ms
block 39/40 - 115/120  32439.3 ms
block 40/40 - 118/120  32276.7 ms
[125/128] elapsed=175.7m  avg=84.3s/prompt  eta=4.2m
