Running on a single GPU (cuda); skipping NCCL initialization.
Free VRAM 34.3323974609375 GB
Loading CUDA extension (first run compiles ~60s; cached run ~3s)...
CUDA extension ready in 9.7s.
[PFHybridRetrieval] labels=-1/1/2 osc=cyclic sta=semantic_retrieval4 sink={'1': 1, '2': 1, '-1': 1} recent={'1': 4, '2': 4, '-1': 4} retrieval_capacity={'1': 4, '2': 4} owner=HeadComposition
KV inference with 3 frames per block
Number of prompts: 128
Prompt index range: [0, 128)
Moving DynamicSwap_WanTextEncoder to cuda:0 with preserved memory: 36.27045297622681 GB
Loading PyramidKV config from configs/head_configs/best_labels.csv
Warning: unknown classification labels ['-1', '1', '2'] not found in pyramidkv_code_map; falling back to default_capacity=32760.
block 1/40 - 1/120  182719.4 ms
block 2/40 - 4/120   9676.8 ms
block 3/40 - 7/120   2586.5 ms
block 4/40 - 10/120  17141.1 ms
block 5/40 - 13/120  17349.3 ms
block 6/40 - 16/120   8974.5 ms
block 7/40 - 19/120  15327.8 ms
block 8/40 - 22/120  13683.8 ms
block 9/40 - 25/120   6395.8 ms
block 10/40 - 28/120   2821.9 ms
block 11/40 - 31/120  15059.6 ms
block 12/40 - 34/120  10585.1 ms
block 13/40 - 37/120  13556.5 ms
block 14/40 - 40/120   2995.1 ms
block 15/40 - 43/120   3216.9 ms
block 16/40 - 46/120  15168.3 ms
block 17/40 - 49/120  14744.9 ms
block 18/40 - 52/120   4776.4 ms
block 19/40 - 55/120  14778.9 ms
block 20/40 - 58/120  18360.1 ms
block 21/40 - 61/120   4337.8 ms
block 22/40 - 64/120  13004.8 ms
block 23/40 - 67/120  18376.3 ms
block 24/40 - 70/120   9251.2 ms
block 25/40 - 73/120   3163.7 ms
block 26/40 - 76/120   3416.3 ms
block 27/40 - 79/120  18006.7 ms
block 28/40 - 82/120  15760.1 ms
block 29/40 - 85/120   4406.1 ms
block 30/40 - 88/120  18017.0 ms
block 31/40 - 91/120  17862.2 ms
block 32/40 - 94/120   3158.1 ms
block 33/40 - 97/120   3024.3 ms
block 34/40 - 100/120  13314.4 ms
block 35/40 - 103/120  18371.6 ms
block 36/40 - 106/120   5038.7 ms
block 37/40 - 109/120   5492.6 ms
block 38/40 - 112/120  18040.1 ms
block 39/40 - 115/120   6759.4 ms
block 40/40 - 118/120   3025.7 ms
[7/128] elapsed=10.2m  avg=87.1s/prompt  eta=175.7m
/apdcephfs_gy2/share_303214315/cedricnie/miniconda3/envs/longlive/lib/python3.10/site-packages/torchvision/io/_video_deprecation_warning.py:9: UserWarning: The video decoding and encoding capabilities of torchvision are deprecated from version 0.22 and will be removed in version 0.24. We recommend that you migrate to TorchCodec, where we'll consolidate the future decoding/encoding capabilities of PyTorch: https://github.com/pytorch/torchcodec
  warnings.warn(
Moving DynamicSwap_WanTextEncoder to cuda:0 with preserved memory: 25.719008922576904 GB
block 1/40 - 1/120  15885.7 ms
block 2/40 - 4/120  14525.1 ms
block 3/40 - 7/120   2285.0 ms
block 4/40 - 10/120  14521.7 ms
block 5/40 - 13/120   9450.7 ms
block 6/40 - 16/120  13464.7 ms
block 7/40 - 19/120   2995.0 ms
block 8/40 - 22/120   2713.7 ms
block 9/40 - 25/120  13360.3 ms
block 10/40 - 28/120  11178.5 ms
block 11/40 - 31/120  10045.3 ms
block 12/40 - 34/120  14668.2 ms
block 13/40 - 37/120  18365.3 ms
block 14/40 - 40/120   7704.8 ms
block 15/40 - 43/120   3102.6 ms
block 16/40 - 46/120   3153.5 ms
block 17/40 - 49/120  17934.6 ms
block 18/40 - 52/120  16576.8 ms
block 19/40 - 55/120   3340.6 ms
block 20/40 - 58/120  17820.9 ms
block 21/40 - 61/120  18404.5 ms
block 22/40 - 64/120   4379.6 ms
block 23/40 - 67/120  14315.5 ms
block 24/40 - 70/120  18404.2 ms
block 25/40 - 73/120   7295.1 ms
block 26/40 - 76/120   3046.4 ms
block 27/40 - 79/120   3049.4 ms
block 28/40 - 82/120  14711.7 ms
block 29/40 - 85/120  14035.7 ms
block 30/40 - 88/120   5195.8 ms
block 31/40 - 91/120   8377.7 ms
block 32/40 - 94/120  18258.3 ms
block 33/40 - 97/120  10640.7 ms
block 34/40 - 100/120   3078.7 ms
block 35/40 - 103/120   5063.8 ms
block 36/40 - 106/120  14933.8 ms
block 37/40 - 109/120  14092.0 ms
block 38/40 - 112/120   5635.9 ms
block 39/40 - 115/120   3166.9 ms
block 40/40 - 118/120   8749.0 ms
[23/128] elapsed=17.0m  avg=44.4s/prompt  eta=77.7m
Moving DynamicSwap_WanTextEncoder to cuda:0 with preserved memory: 25.717055797576904 GB
block 1/40 - 1/120  16016.5 ms
block 2/40 - 4/120   8071.6 ms
block 3/40 - 7/120   2281.8 ms
block 4/40 - 10/120   7654.0 ms
block 5/40 - 13/120  17875.7 ms
block 6/40 - 16/120  12942.6 ms
block 7/40 - 19/120  13405.0 ms
block 8/40 - 22/120  18093.8 ms
block 9/40 - 25/120   7488.1 ms
block 10/40 - 28/120  10781.1 ms
block 11/40 - 31/120  11805.7 ms
block 12/40 - 34/120  14042.0 ms
block 13/40 - 37/120   3811.4 ms
block 14/40 - 40/120  16149.1 ms
block 15/40 - 43/120  14053.6 ms
block 16/40 - 46/120   6430.7 ms
block 17/40 - 49/120   8419.6 ms
block 18/40 - 52/120  18355.2 ms
block 19/40 - 55/120  14133.3 ms
block 20/40 - 58/120  14952.4 ms
block 21/40 - 61/120  18367.3 ms
block 22/40 - 64/120   5639.3 ms
block 23/40 - 67/120  14794.6 ms
block 24/40 - 70/120  11138.3 ms
block 25/40 - 73/120  11310.3 ms
block 26/40 - 76/120   8105.2 ms
block 27/40 - 79/120  18289.6 ms
block 28/40 - 82/120  14157.0 ms
block 29/40 - 85/120  15916.2 ms
block 30/40 - 88/120  11348.3 ms
block 31/40 - 91/120  12880.1 ms
block 32/40 - 94/120   5817.1 ms
block 33/40 - 97/120  18091.9 ms
block 34/40 - 100/120  15364.6 ms
block 35/40 - 103/120   3082.8 ms
block 36/40 - 106/120   3100.7 ms
block 37/40 - 109/120  17846.4 ms
block 38/40 - 112/120  15521.9 ms
block 39/40 - 115/120   4447.5 ms
block 40/40 - 118/120  18045.8 ms
[39/128] elapsed=25.1m  avg=38.6s/prompt  eta=57.2m
Moving DynamicSwap_WanTextEncoder to cuda:0 with preserved memory: 25.717055797576904 GB
block 1/40 - 1/120  15893.6 ms
block 2/40 - 4/120   2183.8 ms
block 3/40 - 7/120   2626.3 ms
block 4/40 - 10/120  15371.3 ms
block 5/40 - 13/120  10812.9 ms
block 6/40 - 16/120   9001.9 ms
block 7/40 - 19/120   9187.3 ms
block 8/40 - 22/120  12304.9 ms
block 9/40 - 25/120  14918.7 ms
block 10/40 - 28/120   2814.3 ms
block 11/40 - 31/120   2843.3 ms
block 12/40 - 34/120   5718.7 ms
block 13/40 - 37/120  18092.0 ms
block 14/40 - 40/120  13257.3 ms
block 15/40 - 43/120   5960.2 ms
block 16/40 - 46/120  18115.2 ms
block 17/40 - 49/120  14119.3 ms
block 18/40 - 52/120   5224.0 ms
block 19/40 - 55/120  18037.5 ms
block 20/40 - 58/120  14705.0 ms
block 21/40 - 61/120   5665.0 ms
block 22/40 - 64/120  18109.8 ms
block 23/40 - 67/120  14583.8 ms
block 24/40 - 70/120   3093.0 ms
block 25/40 - 73/120   3149.9 ms
block 26/40 - 76/120  15950.5 ms
block 27/40 - 79/120  18244.8 ms
block 28/40 - 82/120   3266.9 ms
block 29/40 - 85/120  17226.4 ms
block 30/40 - 88/120  11490.9 ms
block 31/40 - 91/120  11033.8 ms
block 32/40 - 94/120   7526.3 ms
block 33/40 - 97/120  18263.7 ms
block 34/40 - 100/120  11972.7 ms
block 35/40 - 103/120   9626.6 ms
block 36/40 - 106/120  18373.3 ms
block 37/40 - 109/120  11785.7 ms
block 38/40 - 112/120   7376.1 ms
block 39/40 - 115/120  18087.7 ms
block 40/40 - 118/120  12222.3 ms
[55/128] elapsed=32.6m  avg=35.5s/prompt  eta=43.2m
Moving DynamicSwap_WanTextEncoder to cuda:0 with preserved memory: 25.717055797576904 GB
block 1/40 - 1/120  15879.1 ms
block 2/40 - 4/120  16673.1 ms
block 3/40 - 7/120   4173.7 ms
block 4/40 - 10/120  15774.5 ms
block 5/40 - 13/120  10587.8 ms
block 6/40 - 16/120  10939.3 ms
block 7/40 - 19/120   4182.8 ms
block 8/40 - 22/120  17663.5 ms
block 9/40 - 25/120  15889.0 ms
block 10/40 - 28/120   3205.8 ms
block 11/40 - 31/120  17984.9 ms
block 12/40 - 34/120  17429.2 ms
block 13/40 - 37/120   8975.3 ms
block 14/40 - 40/120  15096.5 ms
block 15/40 - 43/120  13908.2 ms
block 16/40 - 46/120   5430.8 ms
block 17/40 - 49/120   6645.2 ms
block 18/40 - 52/120  18150.1 ms
block 19/40 - 55/120  11506.3 ms
block 20/40 - 58/120   7057.2 ms
block 21/40 - 61/120  18111.5 ms
block 22/40 - 64/120  11777.7 ms
block 23/40 - 67/120   7763.5 ms
block 24/40 - 70/120  18101.8 ms
block 25/40 - 73/120  14467.9 ms
block 26/40 - 76/120   4589.9 ms
block 27/40 - 79/120  18011.5 ms
block 28/40 - 82/120   8714.1 ms
block 29/40 - 85/120  10244.6 ms
block 30/40 - 88/120  18289.8 ms
block 31/40 - 91/120  12008.8 ms
block 32/40 - 94/120  12477.1 ms
block 33/40 - 97/120  18398.0 ms
block 34/40 - 100/120   9200.2 ms
block 35/40 - 103/120  15177.1 ms
block 36/40 - 106/120  18444.8 ms
block 37/40 - 109/120   4437.8 ms
block 38/40 - 112/120  15456.9 ms
block 39/40 - 115/120  18371.4 ms
block 40/40 - 118/120   6338.5 ms
[71/128] elapsed=40.9m  avg=34.6s/prompt  eta=32.9m
Moving DynamicSwap_WanTextEncoder to cuda:0 with preserved memory: 25.717055797576904 GB
block 1/40 - 1/120  15182.1 ms
block 2/40 - 4/120   8563.7 ms
block 3/40 - 7/120  11877.7 ms
block 4/40 - 10/120   2462.3 ms
block 5/40 - 13/120  17026.0 ms
block 6/40 - 16/120  17657.0 ms
block 7/40 - 19/120   5199.7 ms
block 8/40 - 22/120  17661.0 ms
block 9/40 - 25/120   6289.3 ms
block 10/40 - 28/120   9949.1 ms
block 11/40 - 31/120  18142.8 ms
block 12/40 - 34/120   5878.3 ms
block 13/40 - 37/120   2980.6 ms
block 14/40 - 40/120   8090.0 ms
block 15/40 - 43/120  12525.2 ms
block 16/40 - 46/120  13859.6 ms
block 17/40 - 49/120   5120.0 ms
block 18/40 - 52/120  18133.7 ms
block 19/40 - 55/120  14578.2 ms
block 20/40 - 58/120   5897.4 ms
block 21/40 - 61/120  18086.2 ms
block 22/40 - 64/120  16730.8 ms
block 23/40 - 67/120  14947.3 ms
block 24/40 - 70/120  13030.4 ms
block 25/40 - 73/120  14501.4 ms
block 26/40 - 76/120   5553.8 ms
block 27/40 - 79/120  16723.7 ms
block 28/40 - 82/120  13213.1 ms
block 29/40 - 85/120   7604.8 ms
block 30/40 - 88/120  10252.6 ms
block 31/40 - 91/120  13137.3 ms
block 32/40 - 94/120  14936.7 ms
block 33/40 - 97/120   4544.7 ms
block 34/40 - 100/120  18020.6 ms
block 35/40 - 103/120  16697.3 ms
block 36/40 - 106/120   3172.4 ms
block 37/40 - 109/120   3161.1 ms
block 38/40 - 112/120  15871.4 ms
block 39/40 - 115/120  15624.8 ms
block 40/40 - 118/120   3684.5 ms
[87/128] elapsed=48.6m  avg=33.5s/prompt  eta=22.9m
Moving DynamicSwap_WanTextEncoder to cuda:0 with preserved memory: 25.717055797576904 GB
block 1/40 - 1/120   3247.4 ms
block 2/40 - 4/120  16420.8 ms
block 3/40 - 7/120   7356.7 ms
block 4/40 - 10/120  16669.3 ms
block 5/40 - 13/120  17891.8 ms
block 6/40 - 16/120   4650.0 ms
block 7/40 - 19/120   2868.3 ms
block 8/40 - 22/120   4849.2 ms
block 9/40 - 25/120  18303.6 ms
block 10/40 - 28/120  14192.4 ms
block 11/40 - 31/120   3265.6 ms
block 12/40 - 34/120  17981.0 ms
block 13/40 - 37/120  18353.2 ms
block 14/40 - 40/120   4023.2 ms
block 15/40 - 43/120  11324.0 ms
block 16/40 - 46/120  13441.8 ms
block 17/40 - 49/120  15097.0 ms
block 18/40 - 52/120   4612.1 ms
block 19/40 - 55/120  18062.0 ms
block 20/40 - 58/120  17740.8 ms
block 21/40 - 61/120   3124.3 ms
block 22/40 - 64/120   3025.6 ms
block 23/40 - 67/120  11132.8 ms
block 24/40 - 70/120  18282.1 ms
block 25/40 - 73/120   7730.2 ms
block 26/40 - 76/120  11876.8 ms
block 27/40 - 79/120  18397.7 ms
block 28/40 - 82/120   7413.3 ms
block 29/40 - 85/120   7745.3 ms
block 30/40 - 88/120  15322.8 ms
block 31/40 - 91/120  14904.9 ms
block 32/40 - 94/120   4739.5 ms
block 33/40 - 97/120  14807.2 ms
block 34/40 - 100/120  18377.7 ms
block 35/40 - 103/120   5481.6 ms
block 36/40 - 106/120  15553.0 ms
block 37/40 - 109/120  18368.6 ms
block 38/40 - 112/120   7127.6 ms
block 39/40 - 115/120   5152.3 ms
block 40/40 - 118/120  18088.8 ms
[103/128] elapsed=56.2m  avg=32.8s/prompt  eta=13.7m
Moving DynamicSwap_WanTextEncoder to cuda:0 with preserved memory: 25.717055797576904 GB
block 1/40 - 1/120  14072.1 ms
block 2/40 - 4/120   2050.6 ms
block 3/40 - 7/120  11719.9 ms
block 4/40 - 10/120   9552.8 ms
block 5/40 - 13/120  14955.2 ms
block 6/40 - 16/120   2862.8 ms
block 7/40 - 19/120  18086.5 ms
block 8/40 - 22/120  16643.3 ms
block 9/40 - 25/120   3089.9 ms
block 10/40 - 28/120  17845.7 ms
block 11/40 - 31/120  18215.5 ms
block 12/40 - 34/120   3313.2 ms
block 13/40 - 37/120  14176.2 ms
block 14/40 - 40/120  18359.4 ms
block 15/40 - 43/120   4051.4 ms
block 16/40 - 46/120  14255.3 ms
block 17/40 - 49/120  18371.9 ms
block 18/40 - 52/120   6236.7 ms
block 19/40 - 55/120   3029.5 ms
block 20/40 - 58/120   8828.8 ms
block 21/40 - 61/120  18397.2 ms
block 22/40 - 64/120   9573.3 ms
block 23/40 - 67/120   3146.0 ms
block 24/40 - 70/120  18068.8 ms
block 25/40 - 73/120  17009.0 ms
block 26/40 - 76/120   3677.5 ms
block 27/40 - 79/120  18098.1 ms
block 28/40 - 82/120  18029.6 ms
block 29/40 - 85/120   3268.2 ms
block 30/40 - 88/120  16715.8 ms
block 31/40 - 91/120  17251.0 ms
block 32/40 - 94/120   3159.9 ms
block 33/40 - 97/120  13558.0 ms
block 34/40 - 100/120  18421.5 ms
block 35/40 - 103/120   3390.3 ms
block 36/40 - 106/120  15426.2 ms
block 37/40 - 109/120  18398.5 ms
block 38/40 - 112/120   5337.2 ms
block 39/40 - 115/120  15902.2 ms
block 40/40 - 118/120  16408.2 ms
[119/128] elapsed=64.2m  avg=32.4s/prompt  eta=4.9m
