Using device: cuda:0
Loaded 16 prompts

======================================================================
[1/1] Evaluating: ours_middle10_reservoir4_reference
======================================================================
  Found 16 videos

  [1/16] 000000-0_v164
    Prompt: A stylish woman strolls down a bustling Tokyo street, her sleek black leather ja...
    Loaded 64 frames at 480x832
    Computing M1 (DINO Consistency) & M2 (Drift Slope)...
  Loading DINOv2 ViT-L/14...
Using cache found in /root/.cache/torch/hub/facebookresearch_dinov2_main
/root/.cache/torch/hub/facebookresearch_dinov2_main/dinov2/layers/swiglu_ffn.py:43: UserWarning: xFormers is available (SwiGLU)
  warnings.warn("xFormers is available (SwiGLU)")
/root/.cache/torch/hub/facebookresearch_dinov2_main/dinov2/layers/attention.py:27: UserWarning: xFormers is available (Attention)
  warnings.warn("xFormers is available (Attention)")
/root/.cache/torch/hub/facebookresearch_dinov2_main/dinov2/layers/block.py:33: UserWarning: xFormers is available (Block)
  warnings.warn("xFormers is available (Block)")
    Computing M3 (Motion Smoothness)...
  Loading RAFT Large...
    Computing M4 (ArcFace ID)...
  Loading ArcFace (buffalo_l)...
    Computing M5 (Temporal Flickering)...
  Loading LPIPS (VGG)...
Setting up [LPIPS] perceptual loss: trunk [vgg], v[0.1], spatial [off]
/apdcephfs_gy2/share_303214315/cedricnie/miniconda3/envs/longlive/lib/python3.10/site-packages/torchvision/models/_utils.py:208: UserWarning: The parameter 'pretrained' is deprecated since 0.13 and may be removed in the future, please use 'weights' instead.
  warnings.warn(
/apdcephfs_gy2/share_303214315/cedricnie/miniconda3/envs/longlive/lib/python3.10/site-packages/torchvision/models/_utils.py:223: UserWarning: Arguments other than a weight enum or `None` for 'weights' are deprecated since 0.13 and may be removed in the future. The current behavior is equivalent to passing `weights=VGG16_Weights.IMAGENET1K_V1`. You can also use `weights=VGG16_Weights.DEFAULT` to get the most up-to-date weights.
  warnings.warn(msg)
Loading model from: /apdcephfs_gy2/share_303214315/cedricnie/miniconda3/envs/longlive/lib/python3.10/site-packages/lpips/weights/v0.1/vgg.pth
    Computing M6 (CLIP-Text Alignment)...
  Loading CLIP ViT-L/14...
/apdcephfs_gy2/share_303214315/cedricnie/miniconda3/envs/longlive/lib/python3.10/site-packages/transformers/utils/generic.py:441: FutureWarning: `torch.utils._pytree._register_pytree_node` is deprecated. Please use `torch.utils._pytree.register_pytree_node` instead.
  _torch_pytree._register_pytree_node(
/apdcephfs_gy2/share_303214315/cedricnie/miniconda3/envs/longlive/lib/python3.10/site-packages/transformers/utils/generic.py:309: FutureWarning: `torch.utils._pytree._register_pytree_node` is deprecated. Please use `torch.utils._pytree.register_pytree_node` instead.
  _torch_pytree._register_pytree_node(
  Loading local CLIP checkpoint: /root/.cache/clip/ViT-L-14.pt
WARNING:root:No pretrained weights loaded for model 'ViT-L-14'. Model initialized randomly.
/apdcephfs_gy2/share_303214315/cedricnie/miniconda3/envs/longlive/lib/python3.10/site-packages/open_clip/factory.py:164: UserWarning: 'torch.load' received a zip file that looks like a TorchScript archive dispatching to 'torch.jit.load' (call 'torch.jit.load' directly to silence this warning)
  checkpoint = torch.load(checkpoint_path, map_location=device, weights_only=weights_only)
    Computing M7 (Background Consistency)...
    Computing M8 (Subject Repetition)...
    Done in 198.7s | Composite: 0.5405 | DINO: 0.8725 | CLIP: 0.2883

  [2/16] 000001-0_v164
    Prompt: A stunning mid-afternoon landscape with a low camera angle, showcasing several g...
    Loaded 64 frames at 480x832
    Computing M1 (DINO Consistency) & M2 (Drift Slope)...
    Computing M3 (Motion Smoothness)...
    Computing M4 (ArcFace ID)...
  Loading ArcFace (buffalo_l)...
    Computing M5 (Temporal Flickering)...
    Computing M6 (CLIP-Text Alignment)...
    Computing M7 (Background Consistency)...
    Computing M8 (Subject Repetition)...
    Done in 1.4s | Composite: 0.5599 | DINO: 0.8626 | CLIP: 0.2555

  [3/16] 000002-0_v164
    Prompt: A close-up 3D animated scene of a short, fluffy monster kneeling beside a meltin...
    Loaded 64 frames at 480x832
    Computing M1 (DINO Consistency) & M2 (Drift Slope)...
    Computing M3 (Motion Smoothness)...
    Computing M4 (ArcFace ID)...
  Loading ArcFace (buffalo_l)...
    Computing M5 (Temporal Flickering)...
    Computing M6 (CLIP-Text Alignment)...
    Computing M7 (Background Consistency)...
    Computing M8 (Subject Repetition)...
    Done in 1.3s | Composite: 0.6614 | DINO: 0.9683 | CLIP: 0.2775

  [4/16] 000003-0_v164
    Prompt: A photorealistic closeup video of two intricately detailed pirate ships battling...
    Loaded 64 frames at 480x832
    Computing M1 (DINO Consistency) & M2 (Drift Slope)...
    Computing M3 (Motion Smoothness)...
    Computing M4 (ArcFace ID)...
  Loading ArcFace (buffalo_l)...
    Computing M5 (Temporal Flickering)...
    Computing M6 (CLIP-Text Alignment)...
    Computing M7 (Background Consistency)...
    Computing M8 (Subject Repetition)...
    Done in 1.3s | Composite: 0.6676 | DINO: 0.9523 | CLIP: 0.4112

  [5/16] 000004-0_v164
    Prompt: A beautifully crafted homemade video set in Lagos, Nigeria in 2056, captured wit...
    Loaded 64 frames at 480x832
    Computing M1 (DINO Consistency) & M2 (Drift Slope)...
    Computing M3 (Motion Smoothness)...
    Computing M4 (ArcFace ID)...
  Loading ArcFace (buffalo_l)...
    Computing M5 (Temporal Flickering)...
    Computing M6 (CLIP-Text Alignment)...
    Computing M7 (Background Consistency)...
    Computing M8 (Subject Repetition)...
    Done in 1.3s | Composite: 0.4933 | DINO: 0.8369 | CLIP: 0.2102

  [6/16] 000005-0_v164
    Prompt: A rotating camera view inside a large New York museum gallery, showcasing a towe...
    Loaded 64 frames at 480x832
    Computing M1 (DINO Consistency) & M2 (Drift Slope)...
    Computing M3 (Motion Smoothness)...
    Computing M4 (ArcFace ID)...
  Loading ArcFace (buffalo_l)...
    Computing M5 (Temporal Flickering)...
    Computing M6 (CLIP-Text Alignment)...
    Computing M7 (Background Consistency)...
    Computing M8 (Subject Repetition)...
    Done in 1.3s | Composite: 0.6632 | DINO: 0.9242 | CLIP: 0.2849

  [7/16] 000006-0_v164
    Prompt: A dynamic shot from behind a white vintage SUV with a black roof rack as it spee...
    Loaded 64 frames at 480x832
    Computing M1 (DINO Consistency) & M2 (Drift Slope)...
    Computing M3 (Motion Smoothness)...
    Computing M4 (ArcFace ID)...
  Loading ArcFace (buffalo_l)...
    Computing M5 (Temporal Flickering)...
    Computing M6 (CLIP-Text Alignment)...
    Computing M7 (Background Consistency)...
    Computing M8 (Subject Repetition)...
    Done in 1.3s | Composite: 0.4398 | DINO: 0.7788 | CLIP: 0.2262

  [8/16] 000007-0_v164
    Prompt: A vibrant and lively Chinese Lunar New Year celebration video featuring a majest...
    Loaded 64 frames at 480x832
    Computing M1 (DINO Consistency) & M2 (Drift Slope)...
    Computing M3 (Motion Smoothness)...
    Computing M4 (ArcFace ID)...
  Loading ArcFace (buffalo_l)...
    Computing M5 (Temporal Flickering)...
    Computing M6 (CLIP-Text Alignment)...
    Computing M7 (Background Consistency)...
    Computing M8 (Subject Repetition)...
    Done in 1.2s | Composite: 0.5762 | DINO: 0.9270 | CLIP: 0.2700

  [9/16] 000008-0_v164
    Prompt: A cinematic 35mm film captures a dynamic step-printing scene of a young man with...
    Loaded 64 frames at 480x832
    Computing M1 (DINO Consistency) & M2 (Drift Slope)...
    Computing M3 (Motion Smoothness)...
    Computing M4 (ArcFace ID)...
  Loading ArcFace (buffalo_l)...
    Computing M5 (Temporal Flickering)...
    Computing M6 (CLIP-Text Alignment)...
    Computing M7 (Background Consistency)...
    Computing M8 (Subject Repetition)...
    Done in 1.3s | Composite: 0.5577 | DINO: 0.8730 | CLIP: 0.2890

  [10/16] 000009-0_v164
    Prompt: A vibrant and dynamic illustration in the style of a futuristic sci-fi comic, de...
    Loaded 64 frames at 480x832
    Computing M1 (DINO Consistency) & M2 (Drift Slope)...
    Computing M3 (Motion Smoothness)...
    Computing M4 (ArcFace ID)...
  Loading ArcFace (buffalo_l)...
    Computing M5 (Temporal Flickering)...
    Computing M6 (CLIP-Text Alignment)...
    Computing M7 (Background Consistency)...
    Computing M8 (Subject Repetition)...
    Done in 1.3s | Composite: 0.5520 | DINO: 0.9342 | CLIP: 0.3011

  [11/16] 000010-0_v164
    Prompt: A dynamic series of shots capturing a little boy with curly brown hair and a joy...
    Loaded 64 frames at 480x832
    Computing M1 (DINO Consistency) & M2 (Drift Slope)...
    Computing M3 (Motion Smoothness)...
    Computing M4 (ArcFace ID)...
  Loading ArcFace (buffalo_l)...
    Computing M5 (Temporal Flickering)...
    Computing M6 (CLIP-Text Alignment)...
    Computing M7 (Background Consistency)...
    Computing M8 (Subject Repetition)...
    Done in 1.3s | Composite: 0.5269 | DINO: 0.7255 | CLIP: 0.2550

  [12/16] 000011-0_v164
    Prompt: A sleek, vibrant red rally car with black accents speeds through a tight turn on...
    Loaded 64 frames at 480x832
    Computing M1 (DINO Consistency) & M2 (Drift Slope)...
    Computing M3 (Motion Smoothness)...
    Computing M4 (ArcFace ID)...
  Loading ArcFace (buffalo_l)...
    Computing M5 (Temporal Flickering)...
    Computing M6 (CLIP-Text Alignment)...
    Computing M7 (Background Consistency)...
    Computing M8 (Subject Repetition)...
    Done in 1.3s | Composite: 0.4748 | DINO: 0.7058 | CLIP: 0.2385

  [13/16] 000012-0_v164
    Prompt: A handheld tracking shot follows a red balloon floating gracefully above an aban...
    Loaded 64 frames at 480x832
    Computing M1 (DINO Consistency) & M2 (Drift Slope)...
    Computing M3 (Motion Smoothness)...
    Computing M4 (ArcFace ID)...
  Loading ArcFace (buffalo_l)...
    Computing M5 (Temporal Flickering)...
    Computing M6 (CLIP-Text Alignment)...
    Computing M7 (Background Consistency)...
    Computing M8 (Subject Repetition)...
    Done in 1.3s | Composite: 0.5355 | DINO: 0.8482 | CLIP: 0.3622

  [14/16] 000013-0_v164
    Prompt: A surreal first-person POV shot rapidly flies through open doors, capturing the ...
    Loaded 64 frames at 480x832
    Computing M1 (DINO Consistency) & M2 (Drift Slope)...
    Computing M3 (Motion Smoothness)...
    Computing M4 (ArcFace ID)...
  Loading ArcFace (buffalo_l)...
    Computing M5 (Temporal Flickering)...
    Computing M6 (CLIP-Text Alignment)...
    Computing M7 (Background Consistency)...
    Computing M8 (Subject Repetition)...
    Done in 1.3s | Composite: 0.4924 | DINO: 0.5285 | CLIP: 0.2606

  [15/16] 000014-0_v164
    Prompt: A Japanese animated film-style scene showing a young woman standing on a ship, l...
    Loaded 64 frames at 480x832
    Computing M1 (DINO Consistency) & M2 (Drift Slope)...
    Computing M3 (Motion Smoothness)...
    Computing M4 (ArcFace ID)...
  Loading ArcFace (buffalo_l)...
    Computing M5 (Temporal Flickering)...
    Computing M6 (CLIP-Text Alignment)...
    Computing M7 (Background Consistency)...
    Computing M8 (Subject Repetition)...
    Done in 1.3s | Composite: 0.6612 | DINO: 0.9470 | CLIP: 0.3258

  [16/16] 000015-0_v164
    Prompt: A dramatic and surreal scene in the style of a fantasy comic: a lightning bolt s...
    Loaded 64 frames at 480x832
    Computing M1 (DINO Consistency) & M2 (Drift Slope)...
    Computing M3 (Motion Smoothness)...
    Computing M4 (ArcFace ID)...
  Loading ArcFace (buffalo_l)...
    Computing M5 (Temporal Flickering)...
    Computing M6 (CLIP-Text Alignment)...
    Computing M7 (Background Consistency)...
    Computing M8 (Subject Repetition)...
    Done in 1.3s | Composite: 0.5342 | DINO: 0.7069 | CLIP: 0.2730

  Method aggregate (16 videos):
    Composite:          0.5585
    DINO Consistency:   0.8370
    Drift Slope:        -0.002873
    Motion Smoothness:  37.1629
    Temporal Flicker:   0.2639
    CLIP Alignment:     0.2831
    BG Consistency:     0.9242
    Loop Score:         0.0890

==========================================================================================
METHOD                    Composite    DINO   Drift  Smooth   LPIPS    CLIP      BG    Loop
------------------------------------------------------------------------------------------
ours_middle10_reservoir4     0.5585  0.8370 -0.00287  37.163  0.2639  0.2831  0.9242  0.0890
==========================================================================================

Results saved to: /apdcephfs_gy2/share_303214315/cedricnie/develop/training-free/runs/v164_direction_freshness_moviebench16/full8/automated_screen/comprehensive_parts/ours_middle10_reservoir4_reference.json
Done!
