Running on a single GPU (cuda); skipping NCCL initialization.
Free VRAM 93.14923095703125 GB
Loading CUDA extension (first run compiles ~60s; cached run ~3s)...
CUDA extension ready in 149.7s.
KV inference with 3 frames per block
Number of prompts: 128
Prompt index range: [0, 128)
Loading PyramidKV config from configs/head_configs/best_labels.csv
block 1/80 - 1/240  239659.6 ms
block 2/80 - 4/240  30485.0 ms
block 3/80 - 7/240  32196.8 ms
block 4/80 - 10/240  32574.1 ms
block 5/80 - 13/240  32658.1 ms
block 6/80 - 16/240  32725.1 ms
block 7/80 - 19/240  33255.2 ms
block 8/80 - 22/240  33981.6 ms
block 9/80 - 25/240  33629.1 ms
block 10/80 - 28/240  33953.8 ms
block 11/80 - 31/240  33766.6 ms
block 12/80 - 34/240  34097.6 ms
block 13/80 - 37/240  33498.6 ms
block 14/80 - 40/240  33785.4 ms
block 15/80 - 43/240  33765.3 ms
block 16/80 - 46/240  34088.2 ms
block 17/80 - 49/240  33495.7 ms
block 18/80 - 52/240  33793.6 ms
block 19/80 - 55/240  33772.6 ms
block 20/80 - 58/240  34090.4 ms
block 21/80 - 61/240  33473.6 ms
block 22/80 - 64/240  33825.1 ms
block 23/80 - 67/240  33767.5 ms
block 24/80 - 70/240  34082.9 ms
block 25/80 - 73/240  33478.6 ms
block 26/80 - 76/240  33828.7 ms
block 27/80 - 79/240  33770.2 ms
block 28/80 - 82/240  34105.3 ms
block 29/80 - 85/240  33447.6 ms
block 30/80 - 88/240  33831.3 ms
block 31/80 - 91/240  33769.3 ms
block 32/80 - 94/240  34109.1 ms
block 33/80 - 97/240  33456.1 ms
block 34/80 - 100/240  33846.0 ms
block 35/80 - 103/240  33776.5 ms
block 36/80 - 106/240  34108.8 ms
block 37/80 - 109/240  33415.6 ms
block 38/80 - 112/240  33868.2 ms
block 39/80 - 115/240  33774.7 ms
block 40/80 - 118/240  34130.3 ms
block 41/80 - 121/240  33408.7 ms
block 42/80 - 124/240  33874.9 ms
block 43/80 - 127/240  33769.8 ms
block 44/80 - 130/240  34123.9 ms
block 45/80 - 133/240  33405.2 ms
block 46/80 - 136/240  33883.9 ms
block 47/80 - 139/240  33766.6 ms
block 48/80 - 142/240  34121.6 ms
block 49/80 - 145/240  33391.5 ms
block 50/80 - 148/240  33867.4 ms
block 51/80 - 151/240  33772.4 ms
block 52/80 - 154/240  34139.6 ms
block 53/80 - 157/240  33516.9 ms
block 54/80 - 160/240  33928.6 ms
block 55/80 - 163/240  33880.8 ms
block 56/80 - 166/240  34181.6 ms
block 57/80 - 169/240  33517.8 ms
block 58/80 - 172/240  33869.3 ms
block 59/80 - 175/240  33767.8 ms
block 60/80 - 178/240  34105.5 ms
block 61/80 - 181/240  33399.1 ms
block 62/80 - 184/240  33897.6 ms
block 63/80 - 187/240  33769.2 ms
block 64/80 - 190/240  34131.0 ms
block 65/80 - 193/240  33391.9 ms
block 66/80 - 196/240  33842.0 ms
block 67/80 - 199/240  33785.7 ms
block 68/80 - 202/240  34098.3 ms
block 69/80 - 205/240  33425.9 ms
block 70/80 - 208/240  33828.4 ms
block 71/80 - 211/240  33798.8 ms
block 72/80 - 214/240  34109.9 ms
block 73/80 - 217/240  33425.8 ms
block 74/80 - 220/240  33820.2 ms
block 75/80 - 223/240  33814.2 ms
block 76/80 - 226/240  34103.3 ms
block 77/80 - 229/240  33435.3 ms
block 78/80 - 232/240  33814.1 ms
block 79/80 - 235/240  33825.4 ms
block 80/80 - 238/240  34098.7 ms
/apdcephfs_gy2/share_303214315/cedricnie/miniconda3/envs/longlive/lib/python3.10/site-packages/torchvision/io/_video_deprecation_warning.py:9: UserWarning: The video decoding and encoding capabilities of torchvision are deprecated from version 0.22 and will be removed in version 0.24. We recommend that you migrate to TorchCodec, where we'll consolidate the future decoding/encoding capabilities of PyTorch: https://github.com/pytorch/torchcodec
  warnings.warn(
[9/128] elapsed=48.7m  avg=324.4s/prompt  eta=643.5m
block 1/80 - 1/240  28198.7 ms
block 2/80 - 4/240  29985.8 ms
block 3/80 - 7/240  32630.8 ms
block 4/80 - 10/240  32762.4 ms
block 5/80 - 13/240  32698.0 ms
block 6/80 - 16/240  32826.8 ms
block 7/80 - 19/240  33173.4 ms
block 8/80 - 22/240  33773.3 ms
block 9/80 - 25/240  33705.1 ms
block 10/80 - 28/240  33847.3 ms
block 11/80 - 31/240  33819.7 ms
block 12/80 - 34/240  34126.9 ms
block 13/80 - 37/240  33441.1 ms
block 14/80 - 40/240  33776.3 ms
block 15/80 - 43/240  33842.9 ms
block 16/80 - 46/240  34102.0 ms
block 17/80 - 49/240  33447.0 ms
block 18/80 - 52/240  33761.5 ms
block 19/80 - 55/240  33874.4 ms
block 20/80 - 58/240  34120.2 ms
block 21/80 - 61/240  33428.4 ms
block 22/80 - 64/240  33756.7 ms
block 23/80 - 67/240  33879.3 ms
block 24/80 - 70/240  34099.4 ms
block 25/80 - 73/240  33431.6 ms
block 26/80 - 76/240  33751.9 ms
block 27/80 - 79/240  33886.1 ms
block 28/80 - 82/240  34120.7 ms
block 29/80 - 85/240  33443.7 ms
block 30/80 - 88/240  33873.7 ms
block 31/80 - 91/240  33923.1 ms
block 32/80 - 94/240  34179.3 ms
block 33/80 - 97/240  33618.4 ms
block 34/80 - 100/240  33797.4 ms
block 35/80 - 103/240  33851.2 ms
block 36/80 - 106/240  34101.5 ms
block 37/80 - 109/240  33435.6 ms
block 38/80 - 112/240  33742.6 ms
block 39/80 - 115/240  33873.0 ms
block 40/80 - 118/240  34104.7 ms
block 41/80 - 121/240  33437.9 ms
block 42/80 - 124/240  33754.4 ms
block 43/80 - 127/240  33836.3 ms
block 44/80 - 130/240  34150.2 ms
block 45/80 - 133/240  33452.3 ms
block 46/80 - 136/240  33766.8 ms
block 47/80 - 139/240  33843.2 ms
block 48/80 - 142/240  34136.5 ms
block 49/80 - 145/240  33434.9 ms
block 50/80 - 148/240  33772.2 ms
block 51/80 - 151/240  33835.1 ms
block 52/80 - 154/240  34155.6 ms
block 53/80 - 157/240  33444.0 ms
block 54/80 - 160/240  33782.2 ms
block 55/80 - 163/240  33827.6 ms
block 56/80 - 166/240  34163.0 ms
block 57/80 - 169/240  33449.9 ms
block 58/80 - 172/240  33782.5 ms
block 59/80 - 175/240  33809.7 ms
block 60/80 - 178/240  34179.9 ms
block 61/80 - 181/240  33426.4 ms
block 62/80 - 184/240  33780.6 ms
block 63/80 - 187/240  33777.1 ms
block 64/80 - 190/240  34183.5 ms
block 65/80 - 193/240  33436.3 ms
block 66/80 - 196/240  33792.4 ms
block 67/80 - 199/240  33774.4 ms
block 68/80 - 202/240  34202.6 ms
block 69/80 - 205/240  33413.1 ms
block 70/80 - 208/240  33781.8 ms
block 71/80 - 211/240  33757.6 ms
block 72/80 - 214/240  34195.4 ms
block 73/80 - 217/240  33440.1 ms
block 74/80 - 220/240  33784.2 ms
block 75/80 - 223/240  33728.3 ms
block 76/80 - 226/240  34215.2 ms
block 77/80 - 229/240  33423.8 ms
block 78/80 - 232/240  33789.4 ms
block 79/80 - 235/240  33741.2 ms
block 80/80 - 238/240  34234.6 ms
[25/128] elapsed=93.6m  avg=224.5s/prompt  eta=385.4m
block 1/80 - 1/240  28267.3 ms
block 2/80 - 4/240  30352.8 ms
block 3/80 - 7/240  31819.1 ms
block 4/80 - 10/240  32779.9 ms
block 5/80 - 13/240  33242.2 ms
block 6/80 - 16/240  33163.0 ms
block 7/80 - 19/240  33391.5 ms
block 8/80 - 22/240  33835.2 ms
block 9/80 - 25/240  33780.1 ms
block 10/80 - 28/240  33942.3 ms
block 11/80 - 31/240  33836.1 ms
block 12/80 - 34/240  34191.8 ms
block 13/80 - 37/240  33450.3 ms
block 14/80 - 40/240  33795.5 ms
block 15/80 - 43/240  33753.4 ms
block 16/80 - 46/240  34203.1 ms
block 17/80 - 49/240  33439.0 ms
block 18/80 - 52/240  33802.3 ms
block 19/80 - 55/240  33759.6 ms
block 20/80 - 58/240  34202.2 ms
block 21/80 - 61/240  33455.9 ms
block 22/80 - 64/240  33811.8 ms
block 23/80 - 67/240  33757.0 ms
block 24/80 - 70/240  34207.7 ms
block 25/80 - 73/240  33451.1 ms
block 26/80 - 76/240  33805.4 ms
block 27/80 - 79/240  33782.3 ms
block 28/80 - 82/240  34203.7 ms
block 29/80 - 85/240  33466.5 ms
block 30/80 - 88/240  33794.3 ms
block 31/80 - 91/240  33769.2 ms
block 32/80 - 94/240  34172.5 ms
block 33/80 - 97/240  33490.3 ms
block 34/80 - 100/240  33777.3 ms
block 35/80 - 103/240  33784.6 ms
block 36/80 - 106/240  34161.3 ms
block 37/80 - 109/240  33485.3 ms
block 38/80 - 112/240  33791.8 ms
block 39/80 - 115/240  33791.6 ms
block 40/80 - 118/240  34147.9 ms
block 41/80 - 121/240  33498.5 ms
block 42/80 - 124/240  33802.4 ms
block 43/80 - 127/240  33772.0 ms
block 44/80 - 130/240  34150.0 ms
block 45/80 - 133/240  33518.1 ms
block 46/80 - 136/240  33802.5 ms
block 47/80 - 139/240  33797.7 ms
block 48/80 - 142/240  34123.6 ms
block 49/80 - 145/240  33536.1 ms
block 50/80 - 148/240  33790.2 ms
block 51/80 - 151/240  33792.3 ms
block 52/80 - 154/240  34117.8 ms
block 53/80 - 157/240  33529.9 ms
block 54/80 - 160/240  33781.0 ms
block 55/80 - 163/240  33789.0 ms
block 56/80 - 166/240  34098.4 ms
block 57/80 - 169/240  33551.9 ms
block 58/80 - 172/240  33792.4 ms
block 59/80 - 175/240  33803.3 ms
block 60/80 - 178/240  34095.0 ms
block 61/80 - 181/240  33544.2 ms
block 62/80 - 184/240  33795.9 ms
block 63/80 - 187/240  33886.3 ms
block 64/80 - 190/240  34206.0 ms
block 65/80 - 193/240  33647.3 ms
block 66/80 - 196/240  33891.7 ms
block 67/80 - 199/240  33820.5 ms
block 68/80 - 202/240  34083.5 ms
block 69/80 - 205/240  33527.9 ms
block 70/80 - 208/240  33796.3 ms
block 71/80 - 211/240  33769.6 ms
block 72/80 - 214/240  34111.3 ms
block 73/80 - 217/240  33524.6 ms
block 74/80 - 220/240  33804.7 ms
block 75/80 - 223/240  33781.0 ms
block 76/80 - 226/240  34108.2 ms
block 77/80 - 229/240  33509.5 ms
block 78/80 - 232/240  33825.2 ms
block 79/80 - 235/240  33784.3 ms
block 80/80 - 238/240  34112.4 ms
[41/128] elapsed=138.5m  avg=202.6s/prompt  eta=293.8m
block 1/80 - 1/240  28179.9 ms
block 2/80 - 4/240  29847.6 ms
block 3/80 - 7/240  31834.8 ms
block 4/80 - 10/240  32287.1 ms
block 5/80 - 13/240  32420.6 ms
block 6/80 - 16/240  33154.6 ms
block 7/80 - 19/240  33513.0 ms
block 8/80 - 22/240  34263.5 ms
block 9/80 - 25/240  33851.2 ms
block 10/80 - 28/240  34032.0 ms
block 11/80 - 31/240  33968.8 ms
block 12/80 - 34/240  34205.8 ms
block 13/80 - 37/240  33499.6 ms
block 14/80 - 40/240  33814.0 ms
block 15/80 - 43/240  33773.6 ms
block 16/80 - 46/240  34121.2 ms
block 17/80 - 49/240  33438.6 ms
block 18/80 - 52/240  33846.7 ms
block 19/80 - 55/240  33777.9 ms
block 20/80 - 58/240  34129.0 ms
block 21/80 - 61/240  33423.0 ms
block 22/80 - 64/240  33860.3 ms
block 23/80 - 67/240  33779.7 ms
block 24/80 - 70/240  34120.6 ms
block 25/80 - 73/240  33416.8 ms
block 26/80 - 76/240  33882.8 ms
block 27/80 - 79/240  33778.1 ms
block 28/80 - 82/240  34119.4 ms
block 29/80 - 85/240  33414.7 ms
block 30/80 - 88/240  33886.1 ms
block 31/80 - 91/240  33768.3 ms
block 32/80 - 94/240  34130.9 ms
block 33/80 - 97/240  33402.6 ms
block 34/80 - 100/240  33879.5 ms
block 35/80 - 103/240  33768.5 ms
block 36/80 - 106/240  34143.0 ms
block 37/80 - 109/240  33408.8 ms
block 38/80 - 112/240  33881.4 ms
block 39/80 - 115/240  33813.5 ms
block 40/80 - 118/240  34199.0 ms
block 41/80 - 121/240  33648.9 ms
block 42/80 - 124/240  33917.4 ms
block 43/80 - 127/240  33847.2 ms
block 44/80 - 130/240  34117.3 ms
block 45/80 - 133/240  33398.9 ms
block 46/80 - 136/240  33873.8 ms
block 47/80 - 139/240  33743.4 ms
block 48/80 - 142/240  34130.2 ms
block 49/80 - 145/240  33407.3 ms
block 50/80 - 148/240  33855.1 ms
block 51/80 - 151/240  33780.8 ms
block 52/80 - 154/240  34117.9 ms
block 53/80 - 157/240  33395.3 ms
block 54/80 - 160/240  33832.2 ms
block 55/80 - 163/240  33781.8 ms
block 56/80 - 166/240  34128.9 ms
block 57/80 - 169/240  33423.6 ms
block 58/80 - 172/240  33823.5 ms
block 59/80 - 175/240  33798.5 ms
block 60/80 - 178/240  34123.3 ms
block 61/80 - 181/240  33431.4 ms
block 62/80 - 184/240  33836.4 ms
block 63/80 - 187/240  33822.8 ms
block 64/80 - 190/240  34125.0 ms
block 65/80 - 193/240  33437.9 ms
block 66/80 - 196/240  33826.1 ms
block 67/80 - 199/240  33828.2 ms
block 68/80 - 202/240  34112.1 ms
block 69/80 - 205/240  33434.7 ms
block 70/80 - 208/240  33793.1 ms
block 71/80 - 211/240  33847.5 ms
block 72/80 - 214/240  34091.6 ms
block 73/80 - 217/240  33442.1 ms
block 74/80 - 220/240  33788.0 ms
block 75/80 - 223/240  33861.7 ms
block 76/80 - 226/240  34097.3 ms
block 77/80 - 229/240  33445.7 ms
block 78/80 - 232/240  33777.2 ms
block 79/80 - 235/240  33863.8 ms
block 80/80 - 238/240  34089.6 ms
[57/128] elapsed=183.3m  avg=193.0s/prompt  eta=228.3m
block 1/80 - 1/240  27814.4 ms
block 2/80 - 4/240  29980.2 ms
block 3/80 - 7/240  32158.5 ms
block 4/80 - 10/240  32275.0 ms
block 5/80 - 13/240  32353.5 ms
block 6/80 - 16/240  32514.7 ms
block 7/80 - 19/240  33288.2 ms
block 8/80 - 22/240  34074.9 ms
block 9/80 - 25/240  34083.0 ms
block 10/80 - 28/240  34204.5 ms
block 11/80 - 31/240  33939.6 ms
block 12/80 - 34/240  34176.6 ms
block 13/80 - 37/240  33647.6 ms
block 14/80 - 40/240  33904.8 ms
block 15/80 - 43/240  33899.6 ms
block 16/80 - 46/240  34171.3 ms
block 17/80 - 49/240  33617.5 ms
block 18/80 - 52/240  33746.4 ms
block 19/80 - 55/240  33860.4 ms
block 20/80 - 58/240  34097.7 ms
block 21/80 - 61/240  33450.1 ms
block 22/80 - 64/240  33747.1 ms
block 23/80 - 67/240  33886.8 ms
block 24/80 - 70/240  34110.4 ms
block 25/80 - 73/240  33445.4 ms
block 26/80 - 76/240  33758.5 ms
block 27/80 - 79/240  33832.8 ms
block 28/80 - 82/240  34109.8 ms
block 29/80 - 85/240  33447.2 ms
block 30/80 - 88/240  33761.8 ms
block 31/80 - 91/240  33838.2 ms
block 32/80 - 94/240  34126.2 ms
block 33/80 - 97/240  33429.7 ms
block 34/80 - 100/240  33769.7 ms
block 35/80 - 103/240  33831.3 ms
block 36/80 - 106/240  34150.8 ms
block 37/80 - 109/240  33424.3 ms
block 38/80 - 112/240  33769.2 ms
block 39/80 - 115/240  33803.0 ms
block 40/80 - 118/240  34173.2 ms
block 41/80 - 121/240  33427.5 ms
block 42/80 - 124/240  33777.6 ms
block 43/80 - 127/240  33800.1 ms
block 44/80 - 130/240  34175.1 ms
block 45/80 - 133/240  33424.0 ms
block 46/80 - 136/240  33779.8 ms
block 47/80 - 139/240  33774.5 ms
block 48/80 - 142/240  34196.6 ms
block 49/80 - 145/240  33430.1 ms
block 50/80 - 148/240  33794.3 ms
block 51/80 - 151/240  33768.4 ms
block 52/80 - 154/240  34211.9 ms
block 53/80 - 157/240  33429.2 ms
block 54/80 - 160/240  33799.7 ms
block 55/80 - 163/240  33748.7 ms
block 56/80 - 166/240  34227.0 ms
block 57/80 - 169/240  33442.5 ms
block 58/80 - 172/240  33794.8 ms
block 59/80 - 175/240  33743.2 ms
block 60/80 - 178/240  34218.2 ms
block 61/80 - 181/240  33430.9 ms
block 62/80 - 184/240  33795.6 ms
block 63/80 - 187/240  33743.1 ms
block 64/80 - 190/240  34241.7 ms
block 65/80 - 193/240  33426.2 ms
block 66/80 - 196/240  33795.5 ms
block 67/80 - 199/240  33788.3 ms
block 68/80 - 202/240  34208.9 ms
block 69/80 - 205/240  33595.8 ms
block 70/80 - 208/240  33908.5 ms
block 71/80 - 211/240  33878.7 ms
block 72/80 - 214/240  34215.0 ms
block 73/80 - 217/240  33400.9 ms
block 74/80 - 220/240  33786.9 ms
block 75/80 - 223/240  33746.6 ms
block 76/80 - 226/240  34193.8 ms
block 77/80 - 229/240  33422.9 ms
block 78/80 - 232/240  33787.4 ms
block 79/80 - 235/240  33728.7 ms
block 80/80 - 238/240  34187.4 ms
[73/128] elapsed=228.2m  avg=187.5s/prompt  eta=171.9m
block 1/80 - 1/240  28507.5 ms
block 2/80 - 4/240  29793.3 ms
block 3/80 - 7/240  31825.9 ms
block 4/80 - 10/240  32287.5 ms
block 5/80 - 13/240  32430.9 ms
block 6/80 - 16/240  32538.0 ms
block 7/80 - 19/240  33105.6 ms
block 8/80 - 22/240  33573.3 ms
block 9/80 - 25/240  34083.8 ms
block 10/80 - 28/240  34212.1 ms
block 11/80 - 31/240  34235.3 ms
block 12/80 - 34/240  34523.2 ms
block 13/80 - 37/240  33936.4 ms
block 14/80 - 40/240  33976.1 ms
block 15/80 - 43/240  33885.9 ms
block 16/80 - 46/240  34174.9 ms
block 17/80 - 49/240  33452.8 ms
block 18/80 - 52/240  33777.1 ms
block 19/80 - 55/240  33779.9 ms
block 20/80 - 58/240  34120.0 ms
block 21/80 - 61/240  33487.7 ms
block 22/80 - 64/240  33774.2 ms
block 23/80 - 67/240  33777.5 ms
block 24/80 - 70/240  34131.9 ms
block 25/80 - 73/240  33508.9 ms
block 26/80 - 76/240  33780.3 ms
block 27/80 - 79/240  33797.6 ms
block 28/80 - 82/240  34108.5 ms
block 29/80 - 85/240  33516.9 ms
block 30/80 - 88/240  33788.2 ms
block 31/80 - 91/240  33774.8 ms
block 32/80 - 94/240  34115.8 ms
block 33/80 - 97/240  33530.7 ms
block 34/80 - 100/240  33771.2 ms
block 35/80 - 103/240  33788.4 ms
block 36/80 - 106/240  34092.7 ms
block 37/80 - 109/240  33536.1 ms
block 38/80 - 112/240  33782.6 ms
block 39/80 - 115/240  33787.1 ms
block 40/80 - 118/240  34077.1 ms
block 41/80 - 121/240  33536.1 ms
block 42/80 - 124/240  33771.6 ms
block 43/80 - 127/240  33790.8 ms
block 44/80 - 130/240  34107.1 ms
block 45/80 - 133/240  33641.1 ms
block 46/80 - 136/240  33885.5 ms
block 47/80 - 139/240  33916.0 ms
block 48/80 - 142/240  34183.9 ms
block 49/80 - 145/240  33539.6 ms
block 50/80 - 148/240  33765.9 ms
block 51/80 - 151/240  33770.4 ms
block 52/80 - 154/240  34077.1 ms
block 53/80 - 157/240  34125.3 ms
block 54/80 - 160/240  33458.9 ms
block 55/80 - 163/240  33771.4 ms
block 56/80 - 166/240  34087.7 ms
block 57/80 - 169/240  33502.4 ms
block 58/80 - 172/240  33793.3 ms
block 59/80 - 175/240  33771.6 ms
block 60/80 - 178/240  34104.1 ms
block 61/80 - 181/240  33512.3 ms
block 62/80 - 184/240  33821.8 ms
block 63/80 - 187/240  33774.5 ms
block 64/80 - 190/240  34074.2 ms
block 65/80 - 193/240  33477.9 ms
block 66/80 - 196/240  33815.0 ms
block 67/80 - 199/240  33755.0 ms
block 68/80 - 202/240  34101.5 ms
block 69/80 - 205/240  33488.7 ms
block 70/80 - 208/240  33823.6 ms
block 71/80 - 211/240  33771.6 ms
block 72/80 - 214/240  34118.6 ms
block 73/80 - 217/240  33468.8 ms
block 74/80 - 220/240  33838.7 ms
block 75/80 - 223/240  33772.7 ms
block 76/80 - 226/240  34107.4 ms
block 77/80 - 229/240  33444.3 ms
block 78/80 - 232/240  33859.4 ms
block 79/80 - 235/240  33770.3 ms
block 80/80 - 238/240  34138.8 ms
[89/128] elapsed=273.1m  avg=184.1s/prompt  eta=119.7m
block 1/80 - 1/240  27810.1 ms
block 2/80 - 4/240  29863.6 ms
block 3/80 - 7/240  31799.3 ms
block 4/80 - 10/240  32622.5 ms
block 5/80 - 13/240  32447.4 ms
block 6/80 - 16/240  32613.9 ms
block 7/80 - 19/240  33103.2 ms
block 8/80 - 22/240  33568.5 ms
block 9/80 - 25/240  33550.0 ms
block 10/80 - 28/240  34068.4 ms
block 11/80 - 31/240  34222.8 ms
block 12/80 - 34/240  34532.6 ms
block 13/80 - 37/240  33938.0 ms
block 14/80 - 40/240  33961.9 ms
block 15/80 - 43/240  33996.5 ms
block 16/80 - 46/240  34293.5 ms
block 17/80 - 49/240  33507.7 ms
block 18/80 - 52/240  33868.2 ms
block 19/80 - 55/240  33810.6 ms
block 20/80 - 58/240  34191.7 ms
block 21/80 - 61/240  33641.5 ms
block 22/80 - 64/240  33927.7 ms
block 23/80 - 67/240  33848.6 ms
block 24/80 - 70/240  34094.8 ms
block 25/80 - 73/240  33398.7 ms
block 26/80 - 76/240  33833.2 ms
block 27/80 - 79/240  33755.5 ms
block 28/80 - 82/240  34114.3 ms
block 29/80 - 85/240  33412.5 ms
block 30/80 - 88/240  33862.8 ms
block 31/80 - 91/240  33772.1 ms
block 32/80 - 94/240  34139.4 ms
block 33/80 - 97/240  33425.7 ms
block 34/80 - 100/240  33870.0 ms
block 35/80 - 103/240  33785.1 ms
block 36/80 - 106/240  34107.3 ms
block 37/80 - 109/240  33418.9 ms
block 38/80 - 112/240  33831.8 ms
block 39/80 - 115/240  33806.0 ms
block 40/80 - 118/240  34133.5 ms
block 41/80 - 121/240  33424.7 ms
block 42/80 - 124/240  33798.9 ms
block 43/80 - 127/240  33834.5 ms
block 44/80 - 130/240  34104.8 ms
block 45/80 - 133/240  33424.0 ms
block 46/80 - 136/240  33809.5 ms
block 47/80 - 139/240  33831.8 ms
block 48/80 - 142/240  34122.1 ms
block 49/80 - 145/240  33428.4 ms
block 50/80 - 148/240  33793.9 ms
block 51/80 - 151/240  33834.3 ms
block 52/80 - 154/240  34109.0 ms
block 53/80 - 157/240  33441.4 ms
block 54/80 - 160/240  33779.9 ms
block 55/80 - 163/240  33855.4 ms
block 56/80 - 166/240  34103.0 ms
block 57/80 - 169/240  33439.4 ms
block 58/80 - 172/240  33775.7 ms
block 59/80 - 175/240  33877.1 ms
block 60/80 - 178/240  34102.7 ms
block 61/80 - 181/240  33442.7 ms
block 62/80 - 184/240  33764.3 ms
block 63/80 - 187/240  33874.1 ms
block 64/80 - 190/240  34127.9 ms
block 65/80 - 193/240  33444.3 ms
block 66/80 - 196/240  33801.7 ms
block 67/80 - 199/240  33846.5 ms
block 68/80 - 202/240  34108.8 ms
block 69/80 - 205/240  33442.4 ms
block 70/80 - 208/240  33744.0 ms
block 71/80 - 211/240  33875.6 ms
block 72/80 - 214/240  34119.4 ms
block 73/80 - 217/240  33463.3 ms
block 74/80 - 220/240  33919.9 ms
block 75/80 - 223/240  33921.4 ms
block 76/80 - 226/240  34167.5 ms
block 77/80 - 229/240  33621.8 ms
block 78/80 - 232/240  33749.9 ms
block 79/80 - 235/240  33884.3 ms
block 80/80 - 238/240  34092.1 ms
[105/128] elapsed=317.9m  avg=181.7s/prompt  eta=69.6m
block 1/80 - 1/240  28923.8 ms
block 2/80 - 4/240  29778.9 ms
block 3/80 - 7/240  31873.3 ms
block 4/80 - 10/240  32323.1 ms
block 5/80 - 13/240  32351.3 ms
block 6/80 - 16/240  32537.3 ms
block 7/80 - 19/240  32939.6 ms
block 8/80 - 22/240  33645.5 ms
block 9/80 - 25/240  33561.7 ms
block 10/80 - 28/240  33800.9 ms
block 11/80 - 31/240  33790.7 ms
block 12/80 - 34/240  34508.1 ms
block 13/80 - 37/240  33964.4 ms
block 14/80 - 40/240  34220.2 ms
block 15/80 - 43/240  34224.8 ms
block 16/80 - 46/240  34503.8 ms
block 17/80 - 49/240  33681.8 ms
block 18/80 - 52/240  33881.1 ms
block 19/80 - 55/240  33830.2 ms
block 20/80 - 58/240  34148.4 ms
block 21/80 - 61/240  33433.2 ms
block 22/80 - 64/240  33771.5 ms
block 23/80 - 67/240  33802.3 ms
block 24/80 - 70/240  34169.1 ms
block 25/80 - 73/240  33421.8 ms
block 26/80 - 76/240  33786.2 ms
block 27/80 - 79/240  33794.5 ms
block 28/80 - 82/240  34197.8 ms
block 29/80 - 85/240  33420.4 ms
block 30/80 - 88/240  33787.3 ms
block 31/80 - 91/240  33788.3 ms
block 32/80 - 94/240  34188.5 ms
block 33/80 - 97/240  33425.2 ms
block 34/80 - 100/240  33795.1 ms
block 35/80 - 103/240  33784.5 ms
block 36/80 - 106/240  34233.1 ms
block 37/80 - 109/240  33409.2 ms
block 38/80 - 112/240  33782.0 ms
block 39/80 - 115/240  33759.2 ms
block 40/80 - 118/240  34208.3 ms
block 41/80 - 121/240  33432.5 ms
block 42/80 - 124/240  33787.1 ms
block 43/80 - 127/240  33733.7 ms
block 44/80 - 130/240  34219.4 ms
block 45/80 - 133/240  33417.7 ms
block 46/80 - 136/240  33816.4 ms
block 47/80 - 139/240  33720.1 ms
block 48/80 - 142/240  34208.8 ms
block 49/80 - 145/240  33429.6 ms
block 50/80 - 148/240  33798.4 ms
block 51/80 - 151/240  33918.4 ms
block 52/80 - 154/240  34201.0 ms
block 53/80 - 157/240  33592.8 ms
block 54/80 - 160/240  33910.2 ms
block 55/80 - 163/240  33722.4 ms
block 56/80 - 166/240  34197.2 ms
block 57/80 - 169/240  33436.7 ms
block 58/80 - 172/240  33781.7 ms
block 59/80 - 175/240  33751.0 ms
block 60/80 - 178/240  34165.6 ms
block 61/80 - 181/240  33427.4 ms
block 62/80 - 184/240  33779.8 ms
block 63/80 - 187/240  33753.2 ms
block 64/80 - 190/240  34181.6 ms
block 65/80 - 193/240  33291.0 ms
block 66/80 - 196/240  33783.2 ms
block 67/80 - 199/240  33756.4 ms
block 68/80 - 202/240  34174.1 ms
block 69/80 - 205/240  33450.4 ms
block 70/80 - 208/240  33767.6 ms
block 71/80 - 211/240  33760.4 ms
block 72/80 - 214/240  34156.3 ms
block 73/80 - 217/240  33461.9 ms
block 74/80 - 220/240  33786.8 ms
block 75/80 - 223/240  33767.9 ms
block 76/80 - 226/240  34158.8 ms
block 77/80 - 229/240  33465.1 ms
block 78/80 - 232/240  33786.3 ms
block 79/80 - 235/240  33778.0 ms
block 80/80 - 238/240  34132.8 ms
[121/128] elapsed=362.8m  avg=179.9s/prompt  eta=21.0m
