Running on a single GPU (cuda); skipping NCCL initialization.
Free VRAM 93.9398193359375 GB
Loading CUDA extension (first run compiles ~60s; cached run ~3s)...
CUDA extension ready in 8.2s.
KV inference with 3 frames per block
Number of prompts: 128
Prompt index range: [0, 128)
Loading PyramidKV config from configs/head_configs/best_labels.csv
block 1/80 - 1/240  265625.0 ms
block 2/80 - 4/240  16795.5 ms
block 3/80 - 7/240  17912.5 ms
block 4/80 - 10/240  18092.1 ms
block 5/80 - 13/240  18123.0 ms
block 6/80 - 16/240  18349.4 ms
block 7/80 - 19/240  18501.5 ms
block 8/80 - 22/240  18807.0 ms
block 9/80 - 25/240  18800.8 ms
block 10/80 - 28/240  18964.3 ms
block 11/80 - 31/240  18954.4 ms
block 12/80 - 34/240  19150.3 ms
block 13/80 - 37/240  18764.9 ms
block 14/80 - 40/240  18990.9 ms
block 15/80 - 43/240  18942.2 ms
block 16/80 - 46/240  19159.2 ms
block 17/80 - 49/240  18765.0 ms
block 18/80 - 52/240  18966.5 ms
block 19/80 - 55/240  18949.0 ms
block 20/80 - 58/240  19153.5 ms
block 21/80 - 61/240  18764.6 ms
block 22/80 - 64/240  18970.5 ms
block 23/80 - 67/240  18961.4 ms
block 24/80 - 70/240  19159.0 ms
block 25/80 - 73/240  18761.6 ms
block 26/80 - 76/240  18970.0 ms
block 27/80 - 79/240  18953.1 ms
block 28/80 - 82/240  19160.9 ms
block 29/80 - 85/240  18755.7 ms
block 30/80 - 88/240  18975.9 ms
block 31/80 - 91/240  18968.4 ms
block 32/80 - 94/240  19151.6 ms
block 33/80 - 97/240  18766.5 ms
block 34/80 - 100/240  18960.9 ms
block 35/80 - 103/240  18955.9 ms
block 36/80 - 106/240  19161.7 ms
block 37/80 - 109/240  18764.7 ms
block 38/80 - 112/240  18960.7 ms
block 39/80 - 115/240  18958.0 ms
block 40/80 - 118/240  19158.4 ms
block 41/80 - 121/240  18763.3 ms
block 42/80 - 124/240  18970.1 ms
block 43/80 - 127/240  18963.5 ms
block 44/80 - 130/240  19157.1 ms
block 45/80 - 133/240  18758.3 ms
block 46/80 - 136/240  18974.4 ms
block 47/80 - 139/240  18951.6 ms
block 48/80 - 142/240  19160.1 ms
block 49/80 - 145/240  18764.0 ms
block 50/80 - 148/240  18966.6 ms
block 51/80 - 151/240  18956.2 ms
block 52/80 - 154/240  19235.4 ms
block 53/80 - 157/240  18684.6 ms
block 54/80 - 160/240  18970.7 ms
block 55/80 - 163/240  18955.7 ms
block 56/80 - 166/240  19159.0 ms
block 57/80 - 169/240  18762.7 ms
block 58/80 - 172/240  18977.3 ms
block 59/80 - 175/240  18955.8 ms
block 60/80 - 178/240  19159.6 ms
block 61/80 - 181/240  18760.3 ms
block 62/80 - 184/240  18975.0 ms
block 63/80 - 187/240  18959.0 ms
block 64/80 - 190/240  19145.6 ms
block 65/80 - 193/240  18761.9 ms
block 66/80 - 196/240  18970.8 ms
block 67/80 - 199/240  18963.1 ms
block 68/80 - 202/240  19159.8 ms
block 69/80 - 205/240  18765.5 ms
block 70/80 - 208/240  18966.6 ms
block 71/80 - 211/240  18962.8 ms
block 72/80 - 214/240  19170.1 ms
block 73/80 - 217/240  18764.9 ms
block 74/80 - 220/240  18978.3 ms
block 75/80 - 223/240  18955.8 ms
block 76/80 - 226/240  19155.4 ms
block 77/80 - 229/240  18762.0 ms
block 78/80 - 232/240  18970.9 ms
block 79/80 - 235/240  18958.6 ms
block 80/80 - 238/240  19153.2 ms
[7/128] elapsed=29.6m  avg=253.7s/prompt  eta=511.7m
/apdcephfs_gy2/share_303214315/cedricnie/miniconda3/envs/longlive/lib/python3.10/site-packages/torchvision/io/_video_deprecation_warning.py:9: UserWarning: The video decoding and encoding capabilities of torchvision are deprecated from version 0.22 and will be removed in version 0.24. We recommend that you migrate to TorchCodec, where we'll consolidate the future decoding/encoding capabilities of PyTorch: https://github.com/pytorch/torchcodec
  warnings.warn(
block 1/80 - 1/240  17309.4 ms
block 2/80 - 4/240  16780.2 ms
block 3/80 - 7/240  17898.3 ms
block 4/80 - 10/240  18087.2 ms
block 5/80 - 13/240  18135.4 ms
block 6/80 - 16/240  18242.5 ms
block 7/80 - 19/240  18562.5 ms
block 8/80 - 22/240  18802.6 ms
block 9/80 - 25/240  18801.9 ms
block 10/80 - 28/240  18977.4 ms
block 11/80 - 31/240  18965.4 ms
block 12/80 - 34/240  19164.6 ms
block 13/80 - 37/240  18758.6 ms
block 14/80 - 40/240  18962.0 ms
block 15/80 - 43/240  18958.3 ms
block 16/80 - 46/240  19157.4 ms
block 17/80 - 49/240  18762.2 ms
block 18/80 - 52/240  18978.6 ms
block 19/80 - 55/240  18955.9 ms
block 20/80 - 58/240  19157.4 ms
block 21/80 - 61/240  18766.5 ms
block 22/80 - 64/240  18967.2 ms
block 23/80 - 67/240  18956.4 ms
block 24/80 - 70/240  19161.5 ms
block 25/80 - 73/240  18758.4 ms
block 26/80 - 76/240  18973.3 ms
block 27/80 - 79/240  18959.0 ms
block 28/80 - 82/240  19159.2 ms
block 29/80 - 85/240  18765.4 ms
block 30/80 - 88/240  18962.2 ms
block 31/80 - 91/240  18958.4 ms
block 32/80 - 94/240  19164.4 ms
block 33/80 - 97/240  18762.8 ms
block 34/80 - 100/240  18975.5 ms
block 35/80 - 103/240  18950.2 ms
block 36/80 - 106/240  19153.5 ms
block 37/80 - 109/240  18767.4 ms
block 38/80 - 112/240  18968.5 ms
block 39/80 - 115/240  19231.3 ms
block 40/80 - 118/240  19162.2 ms
block 41/80 - 121/240  18758.4 ms
block 42/80 - 124/240  18970.3 ms
block 43/80 - 127/240  18958.0 ms
block 44/80 - 130/240  19163.2 ms
block 45/80 - 133/240  18763.0 ms
block 46/80 - 136/240  18980.9 ms
block 47/80 - 139/240  18952.7 ms
block 48/80 - 142/240  19151.2 ms
block 49/80 - 145/240  18759.9 ms
block 50/80 - 148/240  18965.9 ms
block 51/80 - 151/240  18946.9 ms
block 52/80 - 154/240  19171.7 ms
block 53/80 - 157/240  18764.7 ms
block 54/80 - 160/240  18972.0 ms
block 55/80 - 163/240  18959.0 ms
block 56/80 - 166/240  19157.4 ms
block 57/80 - 169/240  18763.7 ms
block 58/80 - 172/240  18975.4 ms
block 59/80 - 175/240  18955.1 ms
block 60/80 - 178/240  19161.7 ms
block 61/80 - 181/240  18767.8 ms
block 62/80 - 184/240  18969.3 ms
block 63/80 - 187/240  18951.3 ms
block 64/80 - 190/240  19161.4 ms
block 65/80 - 193/240  18767.8 ms
block 66/80 - 196/240  18973.8 ms
block 67/80 - 199/240  18952.4 ms
block 68/80 - 202/240  19164.1 ms
block 69/80 - 205/240  18763.2 ms
block 70/80 - 208/240  18974.8 ms
block 71/80 - 211/240  18963.1 ms
block 72/80 - 214/240  19158.2 ms
block 73/80 - 217/240  18761.7 ms
block 74/80 - 220/240  18968.6 ms
block 75/80 - 223/240  18961.6 ms
block 76/80 - 226/240  19155.0 ms
block 77/80 - 229/240  18763.7 ms
block 78/80 - 232/240  18976.5 ms
block 79/80 - 235/240  18956.9 ms
block 80/80 - 238/240  19166.6 ms
[23/128] elapsed=54.8m  avg=142.9s/prompt  eta=250.1m
block 1/80 - 1/240  17033.2 ms
block 2/80 - 4/240  16782.0 ms
block 3/80 - 7/240  17882.7 ms
block 4/80 - 10/240  18089.5 ms
block 5/80 - 13/240  18125.1 ms
block 6/80 - 16/240  18254.4 ms
block 7/80 - 19/240  18490.0 ms
block 8/80 - 22/240  18805.9 ms
block 9/80 - 25/240  18801.3 ms
block 10/80 - 28/240  18979.7 ms
block 11/80 - 31/240  18962.5 ms
block 12/80 - 34/240  19158.9 ms
block 13/80 - 37/240  18766.9 ms
block 14/80 - 40/240  18969.7 ms
block 15/80 - 43/240  18956.6 ms
block 16/80 - 46/240  19152.9 ms
block 17/80 - 49/240  18768.4 ms
block 18/80 - 52/240  18972.6 ms
block 19/80 - 55/240  18954.3 ms
block 20/80 - 58/240  19162.9 ms
block 21/80 - 61/240  18765.3 ms
block 22/80 - 64/240  18972.2 ms
block 23/80 - 67/240  18959.9 ms
block 24/80 - 70/240  19154.0 ms
block 25/80 - 73/240  18764.1 ms
block 26/80 - 76/240  18965.5 ms
block 27/80 - 79/240  18958.9 ms
block 28/80 - 82/240  19160.6 ms
block 29/80 - 85/240  18763.0 ms
block 30/80 - 88/240  18965.0 ms
block 31/80 - 91/240  18952.1 ms
block 32/80 - 94/240  19158.3 ms
block 33/80 - 97/240  18759.2 ms
block 34/80 - 100/240  18962.5 ms
block 35/80 - 103/240  18953.5 ms
block 36/80 - 106/240  19158.2 ms
block 37/80 - 109/240  18762.4 ms
block 38/80 - 112/240  18966.3 ms
block 39/80 - 115/240  18960.0 ms
block 40/80 - 118/240  19157.5 ms
block 41/80 - 121/240  18762.1 ms
block 42/80 - 124/240  18959.1 ms
block 43/80 - 127/240  18962.1 ms
block 44/80 - 130/240  19161.9 ms
block 45/80 - 133/240  18762.8 ms
block 46/80 - 136/240  18982.6 ms
block 47/80 - 139/240  18957.9 ms
block 48/80 - 142/240  19156.7 ms
block 49/80 - 145/240  18768.0 ms
block 50/80 - 148/240  18966.3 ms
block 51/80 - 151/240  18970.8 ms
block 52/80 - 154/240  19163.4 ms
block 53/80 - 157/240  18762.2 ms
block 54/80 - 160/240  18968.6 ms
block 55/80 - 163/240  18966.4 ms
block 56/80 - 166/240  19166.5 ms
block 57/80 - 169/240  18762.4 ms
block 58/80 - 172/240  18969.3 ms
block 59/80 - 175/240  18951.9 ms
block 60/80 - 178/240  19161.8 ms
block 61/80 - 181/240  18770.7 ms
block 62/80 - 184/240  18971.9 ms
block 63/80 - 187/240  18952.3 ms
block 64/80 - 190/240  19165.1 ms
block 65/80 - 193/240  18765.7 ms
block 66/80 - 196/240  18963.9 ms
block 67/80 - 199/240  18951.0 ms
block 68/80 - 202/240  19154.4 ms
block 69/80 - 205/240  18763.9 ms
block 70/80 - 208/240  18971.0 ms
block 71/80 - 211/240  18958.9 ms
block 72/80 - 214/240  19157.9 ms
block 73/80 - 217/240  18764.0 ms
block 74/80 - 220/240  18969.7 ms
block 75/80 - 223/240  18950.9 ms
block 76/80 - 226/240  19164.5 ms
block 77/80 - 229/240  18765.3 ms
block 78/80 - 232/240  18974.9 ms
block 79/80 - 235/240  18964.1 ms
block 80/80 - 238/240  19160.7 ms
[39/128] elapsed=80.0m  avg=123.0s/prompt  eta=182.5m
block 1/80 - 1/240  17186.6 ms
block 2/80 - 4/240  16779.7 ms
block 3/80 - 7/240  17895.7 ms
block 4/80 - 10/240  18087.1 ms
block 5/80 - 13/240  18124.8 ms
block 6/80 - 16/240  18246.3 ms
block 7/80 - 19/240  18474.0 ms
block 8/80 - 22/240  18807.6 ms
block 9/80 - 25/240  18805.1 ms
block 10/80 - 28/240  18967.7 ms
block 11/80 - 31/240  18953.7 ms
block 12/80 - 34/240  19156.2 ms
block 13/80 - 37/240  18760.6 ms
block 14/80 - 40/240  18967.9 ms
block 15/80 - 43/240  18960.9 ms
block 16/80 - 46/240  19161.4 ms
block 17/80 - 49/240  18761.1 ms
block 18/80 - 52/240  18971.5 ms
block 19/80 - 55/240  18957.1 ms
block 20/80 - 58/240  19165.1 ms
block 21/80 - 61/240  18759.2 ms
block 22/80 - 64/240  18975.2 ms
block 23/80 - 67/240  18955.7 ms
block 24/80 - 70/240  19165.5 ms
block 25/80 - 73/240  18757.9 ms
block 26/80 - 76/240  18961.9 ms
block 27/80 - 79/240  18958.6 ms
block 28/80 - 82/240  19163.6 ms
block 29/80 - 85/240  18763.2 ms
block 30/80 - 88/240  18976.0 ms
block 31/80 - 91/240  18959.6 ms
block 32/80 - 94/240  19171.0 ms
block 33/80 - 97/240  18762.1 ms
block 34/80 - 100/240  18970.1 ms
block 35/80 - 103/240  18962.6 ms
block 36/80 - 106/240  19154.4 ms
block 37/80 - 109/240  18761.8 ms
block 38/80 - 112/240  18966.3 ms
block 39/80 - 115/240  18952.3 ms
block 40/80 - 118/240  19159.9 ms
block 41/80 - 121/240  18757.6 ms
block 42/80 - 124/240  18969.0 ms
block 43/80 - 127/240  18957.7 ms
block 44/80 - 130/240  19157.2 ms
block 45/80 - 133/240  18758.0 ms
block 46/80 - 136/240  18967.2 ms
block 47/80 - 139/240  18929.4 ms
block 48/80 - 142/240  19161.2 ms
block 49/80 - 145/240  18763.0 ms
block 50/80 - 148/240  18985.7 ms
block 51/80 - 151/240  18958.5 ms
block 52/80 - 154/240  19156.3 ms
block 53/80 - 157/240  18747.9 ms
block 54/80 - 160/240  18953.0 ms
block 55/80 - 163/240  18956.4 ms
block 56/80 - 166/240  19226.6 ms
block 57/80 - 169/240  18767.1 ms
block 58/80 - 172/240  18972.4 ms
block 59/80 - 175/240  18942.9 ms
block 60/80 - 178/240  19141.3 ms
block 61/80 - 181/240  18761.3 ms
block 62/80 - 184/240  18964.9 ms
block 63/80 - 187/240  18934.2 ms
block 64/80 - 190/240  19154.7 ms
block 65/80 - 193/240  18762.5 ms
block 66/80 - 196/240  18969.9 ms
block 67/80 - 199/240  18957.4 ms
block 68/80 - 202/240  19140.1 ms
block 69/80 - 205/240  18750.8 ms
block 70/80 - 208/240  18968.7 ms
block 71/80 - 211/240  18965.4 ms
block 72/80 - 214/240  19162.7 ms
block 73/80 - 217/240  18766.5 ms
block 74/80 - 220/240  18949.6 ms
block 75/80 - 223/240  18958.9 ms
block 76/80 - 226/240  19151.5 ms
block 77/80 - 229/240  18765.3 ms
block 78/80 - 232/240  18949.2 ms
block 79/80 - 235/240  18955.0 ms
block 80/80 - 238/240  19153.8 ms
[55/128] elapsed=105.1m  avg=114.7s/prompt  eta=139.5m
block 1/80 - 1/240  17438.4 ms
block 2/80 - 4/240  16779.9 ms
block 3/80 - 7/240  17892.7 ms
block 4/80 - 10/240  18087.4 ms
block 5/80 - 13/240  18126.0 ms
block 6/80 - 16/240  18346.0 ms
block 7/80 - 19/240  18567.2 ms
block 8/80 - 22/240  18801.7 ms
block 9/80 - 25/240  18803.9 ms
block 10/80 - 28/240  18976.9 ms
block 11/80 - 31/240  18962.2 ms
block 12/80 - 34/240  19162.6 ms
block 13/80 - 37/240  18763.9 ms
block 14/80 - 40/240  18970.3 ms
block 15/80 - 43/240  18959.9 ms
block 16/80 - 46/240  19166.8 ms
block 17/80 - 49/240  18764.3 ms
block 18/80 - 52/240  18971.2 ms
block 19/80 - 55/240  18969.5 ms
block 20/80 - 58/240  19166.4 ms
block 21/80 - 61/240  18762.7 ms
block 22/80 - 64/240  18967.5 ms
block 23/80 - 67/240  18960.6 ms
block 24/80 - 70/240  19159.6 ms
block 25/80 - 73/240  18769.4 ms
block 26/80 - 76/240  18967.8 ms
block 27/80 - 79/240  18968.2 ms
block 28/80 - 82/240  19155.5 ms
block 29/80 - 85/240  18760.1 ms
block 30/80 - 88/240  18969.0 ms
block 31/80 - 91/240  18961.6 ms
block 32/80 - 94/240  19163.8 ms
block 33/80 - 97/240  18760.1 ms
block 34/80 - 100/240  18969.3 ms
block 35/80 - 103/240  18960.1 ms
block 36/80 - 106/240  19175.9 ms
block 37/80 - 109/240  18756.0 ms
block 38/80 - 112/240  18983.3 ms
block 39/80 - 115/240  18957.5 ms
block 40/80 - 118/240  19158.7 ms
block 41/80 - 121/240  18763.1 ms
block 42/80 - 124/240  18975.6 ms
block 43/80 - 127/240  18965.8 ms
block 44/80 - 130/240  19164.1 ms
block 45/80 - 133/240  18761.9 ms
block 46/80 - 136/240  18967.9 ms
block 47/80 - 139/240  18948.0 ms
block 48/80 - 142/240  19154.5 ms
block 49/80 - 145/240  18762.7 ms
block 50/80 - 148/240  18968.9 ms
block 51/80 - 151/240  18962.6 ms
block 52/80 - 154/240  19159.6 ms
block 53/80 - 157/240  18765.7 ms
block 54/80 - 160/240  18972.9 ms
block 55/80 - 163/240  18951.3 ms
block 56/80 - 166/240  19161.2 ms
block 57/80 - 169/240  18767.1 ms
block 58/80 - 172/240  18973.3 ms
block 59/80 - 175/240  18955.4 ms
block 60/80 - 178/240  19157.9 ms
block 61/80 - 181/240  18758.1 ms
block 62/80 - 184/240  18976.1 ms
block 63/80 - 187/240  18951.7 ms
block 64/80 - 190/240  19161.0 ms
block 65/80 - 193/240  18760.7 ms
block 66/80 - 196/240  18969.7 ms
block 67/80 - 199/240  18960.0 ms
block 68/80 - 202/240  19162.9 ms
block 69/80 - 205/240  18745.6 ms
block 70/80 - 208/240  18956.1 ms
block 71/80 - 211/240  18943.7 ms
block 72/80 - 214/240  19231.1 ms
block 73/80 - 217/240  18748.7 ms
block 74/80 - 220/240  19038.7 ms
block 75/80 - 223/240  18957.7 ms
block 76/80 - 226/240  19164.1 ms
block 77/80 - 229/240  18740.1 ms
block 78/80 - 232/240  19044.8 ms
block 79/80 - 235/240  18959.7 ms
block 80/80 - 238/240  19154.3 ms
[71/128] elapsed=130.3m  avg=110.1s/prompt  eta=104.6m
block 1/80 - 1/240  17160.6 ms
block 2/80 - 4/240  16779.6 ms
block 3/80 - 7/240  17889.8 ms
block 4/80 - 10/240  18087.5 ms
block 5/80 - 13/240  18123.7 ms
block 6/80 - 16/240  18252.7 ms
block 7/80 - 19/240  18576.9 ms
block 8/80 - 22/240  18799.4 ms
block 9/80 - 25/240  18799.2 ms
block 10/80 - 28/240  18975.3 ms
block 11/80 - 31/240  18956.1 ms
block 12/80 - 34/240  19159.8 ms
block 13/80 - 37/240  18764.0 ms
block 14/80 - 40/240  18974.0 ms
block 15/80 - 43/240  18956.5 ms
block 16/80 - 46/240  19157.1 ms
block 17/80 - 49/240  18759.0 ms
block 18/80 - 52/240  18967.6 ms
block 19/80 - 55/240  18956.4 ms
block 20/80 - 58/240  19157.9 ms
block 21/80 - 61/240  18763.4 ms
block 22/80 - 64/240  18967.8 ms
block 23/80 - 67/240  18958.5 ms
block 24/80 - 70/240  19163.2 ms
block 25/80 - 73/240  18759.2 ms
block 26/80 - 76/240  18965.9 ms
block 27/80 - 79/240  18961.6 ms
block 28/80 - 82/240  19161.4 ms
block 29/80 - 85/240  18759.0 ms
block 30/80 - 88/240  18970.9 ms
block 31/80 - 91/240  18961.4 ms
block 32/80 - 94/240  19165.2 ms
block 33/80 - 97/240  18769.0 ms
block 34/80 - 100/240  18970.5 ms
block 35/80 - 103/240  18954.5 ms
block 36/80 - 106/240  19170.3 ms
block 37/80 - 109/240  18754.6 ms
block 38/80 - 112/240  18974.9 ms
block 39/80 - 115/240  18958.7 ms
block 40/80 - 118/240  19166.4 ms
block 41/80 - 121/240  18757.9 ms
block 42/80 - 124/240  18967.8 ms
block 43/80 - 127/240  18958.7 ms
block 44/80 - 130/240  19159.4 ms
block 45/80 - 133/240  18762.8 ms
block 46/80 - 136/240  19018.2 ms
block 47/80 - 139/240  18910.3 ms
block 48/80 - 142/240  19165.4 ms
block 49/80 - 145/240  18761.4 ms
block 50/80 - 148/240  18973.6 ms
block 51/80 - 151/240  18954.1 ms
block 52/80 - 154/240  19164.1 ms
block 53/80 - 157/240  18762.7 ms
block 54/80 - 160/240  18968.7 ms
block 55/80 - 163/240  18955.1 ms
block 56/80 - 166/240  19163.7 ms
block 57/80 - 169/240  18763.8 ms
block 58/80 - 172/240  18978.4 ms
block 59/80 - 175/240  18963.7 ms
block 60/80 - 178/240  19161.5 ms
block 61/80 - 181/240  18765.3 ms
block 62/80 - 184/240  18973.4 ms
block 63/80 - 187/240  18961.9 ms
block 64/80 - 190/240  19158.7 ms
block 65/80 - 193/240  18765.7 ms
block 66/80 - 196/240  18960.9 ms
block 67/80 - 199/240  18966.3 ms
block 68/80 - 202/240  19613.8 ms
block 69/80 - 205/240  18515.7 ms
block 70/80 - 208/240  18967.5 ms
block 71/80 - 211/240  18958.2 ms
block 72/80 - 214/240  19165.7 ms
block 73/80 - 217/240  18761.8 ms
block 74/80 - 220/240  18969.1 ms
block 75/80 - 223/240  18960.8 ms
block 76/80 - 226/240  19158.5 ms
block 77/80 - 229/240  18761.4 ms
block 78/80 - 232/240  18976.0 ms
block 79/80 - 235/240  18950.4 ms
block 80/80 - 238/240  19164.5 ms
[87/128] elapsed=155.5m  avg=107.2s/prompt  eta=73.3m
block 1/80 - 1/240  17382.0 ms
block 2/80 - 4/240  16781.4 ms
block 3/80 - 7/240  17897.5 ms
block 4/80 - 10/240  18085.7 ms
block 5/80 - 13/240  18125.3 ms
block 6/80 - 16/240  18253.0 ms
block 7/80 - 19/240  18547.9 ms
block 8/80 - 22/240  18802.8 ms
block 9/80 - 25/240  18801.3 ms
block 10/80 - 28/240  18967.2 ms
block 11/80 - 31/240  18959.1 ms
block 12/80 - 34/240  19150.9 ms
block 13/80 - 37/240  18757.5 ms
block 14/80 - 40/240  18971.6 ms
block 15/80 - 43/240  18952.8 ms
block 16/80 - 46/240  19155.9 ms
block 17/80 - 49/240  18761.8 ms
block 18/80 - 52/240  18958.7 ms
block 19/80 - 55/240  18965.7 ms
block 20/80 - 58/240  19152.6 ms
block 21/80 - 61/240  18746.5 ms
block 22/80 - 64/240  18964.8 ms
block 23/80 - 67/240  18959.9 ms
block 24/80 - 70/240  19162.4 ms
block 25/80 - 73/240  18762.9 ms
block 26/80 - 76/240  18953.0 ms
block 27/80 - 79/240  18937.5 ms
block 28/80 - 82/240  19164.3 ms
block 29/80 - 85/240  18763.6 ms
block 30/80 - 88/240  18972.5 ms
block 31/80 - 91/240  18935.5 ms
block 32/80 - 94/240  19134.5 ms
block 33/80 - 97/240  18766.3 ms
block 34/80 - 100/240  18972.8 ms
block 35/80 - 103/240  18945.3 ms
block 36/80 - 106/240  19159.7 ms
block 37/80 - 109/240  18735.9 ms
block 38/80 - 112/240  19036.3 ms
block 39/80 - 115/240  18925.8 ms
block 40/80 - 118/240  19159.8 ms
block 41/80 - 121/240  18759.8 ms
block 42/80 - 124/240  18961.3 ms
block 43/80 - 127/240  18959.0 ms
block 44/80 - 130/240  19162.3 ms
block 45/80 - 133/240  18758.5 ms
block 46/80 - 136/240  18994.9 ms
block 47/80 - 139/240  18935.7 ms
block 48/80 - 142/240  19161.3 ms
block 49/80 - 145/240  18765.5 ms
block 50/80 - 148/240  18974.9 ms
block 51/80 - 151/240  18951.5 ms
block 52/80 - 154/240  19151.6 ms
block 53/80 - 157/240  18761.6 ms
block 54/80 - 160/240  18978.1 ms
block 55/80 - 163/240  18950.9 ms
block 56/80 - 166/240  19152.5 ms
block 57/80 - 169/240  18764.5 ms
block 58/80 - 172/240  18969.5 ms
block 59/80 - 175/240  18956.1 ms
block 60/80 - 178/240  19159.8 ms
block 61/80 - 181/240  18756.8 ms
block 62/80 - 184/240  18959.5 ms
block 63/80 - 187/240  18959.2 ms
block 64/80 - 190/240  19161.0 ms
block 65/80 - 193/240  18761.5 ms
block 66/80 - 196/240  18977.8 ms
block 67/80 - 199/240  18950.6 ms
block 68/80 - 202/240  19170.7 ms
block 69/80 - 205/240  18766.7 ms
block 70/80 - 208/240  18969.8 ms
block 71/80 - 211/240  18960.8 ms
block 72/80 - 214/240  19152.7 ms
block 73/80 - 217/240  18762.9 ms
block 74/80 - 220/240  18966.5 ms
block 75/80 - 223/240  18957.7 ms
block 76/80 - 226/240  19157.6 ms
block 77/80 - 229/240  18759.0 ms
block 78/80 - 232/240  18967.3 ms
block 79/80 - 235/240  18956.8 ms
block 80/80 - 238/240  19157.1 ms
[103/128] elapsed=180.7m  avg=105.2s/prompt  eta=43.9m
block 1/80 - 1/240  17007.1 ms
block 2/80 - 4/240  16779.6 ms
block 3/80 - 7/240  17884.4 ms
block 4/80 - 10/240  18108.0 ms
block 5/80 - 13/240  18202.5 ms
block 6/80 - 16/240  18341.0 ms
block 7/80 - 19/240  18476.1 ms
block 8/80 - 22/240  18810.4 ms
block 9/80 - 25/240  18795.4 ms
block 10/80 - 28/240  18972.1 ms
block 11/80 - 31/240  18949.3 ms
block 12/80 - 34/240  19152.0 ms
block 13/80 - 37/240  18769.6 ms
block 14/80 - 40/240  18979.6 ms
block 15/80 - 43/240  18956.1 ms
block 16/80 - 46/240  19165.2 ms
block 17/80 - 49/240  18768.9 ms
block 18/80 - 52/240  18965.5 ms
block 19/80 - 55/240  18956.4 ms
block 20/80 - 58/240  19155.0 ms
block 21/80 - 61/240  18760.6 ms
block 22/80 - 64/240  18969.0 ms
block 23/80 - 67/240  18948.7 ms
block 24/80 - 70/240  19159.4 ms
block 25/80 - 73/240  18761.7 ms
block 26/80 - 76/240  18972.8 ms
block 27/80 - 79/240  18953.0 ms
block 28/80 - 82/240  19158.6 ms
block 29/80 - 85/240  18758.7 ms
block 30/80 - 88/240  18973.8 ms
block 31/80 - 91/240  18957.8 ms
block 32/80 - 94/240  19153.4 ms
block 33/80 - 97/240  18768.0 ms
block 34/80 - 100/240  18962.2 ms
block 35/80 - 103/240  18963.9 ms
block 36/80 - 106/240  19155.8 ms
block 37/80 - 109/240  18761.0 ms
block 38/80 - 112/240  18970.1 ms
block 39/80 - 115/240  18938.1 ms
block 40/80 - 118/240  19151.7 ms
block 41/80 - 121/240  18742.2 ms
block 42/80 - 124/240  18968.1 ms
block 43/80 - 127/240  18925.7 ms
block 44/80 - 130/240  19165.6 ms
block 45/80 - 133/240  18735.7 ms
block 46/80 - 136/240  18969.6 ms
block 47/80 - 139/240  18954.2 ms
block 48/80 - 142/240  19235.5 ms
block 49/80 - 145/240  18761.3 ms
block 50/80 - 148/240  18950.0 ms
block 51/80 - 151/240  18926.9 ms
block 52/80 - 154/240  19138.5 ms
block 53/80 - 157/240  18764.9 ms
block 54/80 - 160/240  18973.3 ms
block 55/80 - 163/240  18929.4 ms
block 56/80 - 166/240  19158.6 ms
block 57/80 - 169/240  18740.2 ms
block 58/80 - 172/240  18946.4 ms
block 59/80 - 175/240  18968.5 ms
block 60/80 - 178/240  19158.4 ms
block 61/80 - 181/240  18740.5 ms
block 62/80 - 184/240  18951.5 ms
block 63/80 - 187/240  18926.1 ms
block 64/80 - 190/240  19158.3 ms
block 65/80 - 193/240  18756.8 ms
block 66/80 - 196/240  18976.0 ms
block 67/80 - 199/240  18951.9 ms
block 68/80 - 202/240  19162.7 ms
block 69/80 - 205/240  18770.5 ms
block 70/80 - 208/240  18970.6 ms
block 71/80 - 211/240  18966.3 ms
block 72/80 - 214/240  19162.8 ms
block 73/80 - 217/240  18764.3 ms
block 74/80 - 220/240  18971.0 ms
block 75/80 - 223/240  18948.8 ms
block 76/80 - 226/240  19156.6 ms
block 77/80 - 229/240  18760.2 ms
block 78/80 - 232/240  18974.9 ms
block 79/80 - 235/240  18949.2 ms
block 80/80 - 238/240  19155.1 ms
[119/128] elapsed=205.8m  avg=103.8s/prompt  eta=15.6m
