Running on a single GPU (cuda); skipping NCCL initialization.
Free VRAM 93.14923095703125 GB
Loading CUDA extension (first run compiles ~60s; cached run ~3s)...
CUDA extension ready in 149.7s.
KV inference with 3 frames per block
Number of prompts: 128
Prompt index range: [0, 128)
Loading PyramidKV config from configs/head_configs/best_labels.csv
block 1/80 - 1/240  239700.6 ms
block 2/80 - 4/240  30717.4 ms
block 3/80 - 7/240  32607.4 ms
block 4/80 - 10/240  32792.4 ms
block 5/80 - 13/240  32872.4 ms
block 6/80 - 16/240  33042.3 ms
block 7/80 - 19/240  33626.2 ms
block 8/80 - 22/240  34162.9 ms
block 9/80 - 25/240  33902.0 ms
block 10/80 - 28/240  34143.1 ms
block 11/80 - 31/240  34143.3 ms
block 12/80 - 34/240  34518.2 ms
block 13/80 - 37/240  33842.0 ms
block 14/80 - 40/240  34151.2 ms
block 15/80 - 43/240  34149.0 ms
block 16/80 - 46/240  34517.1 ms
block 17/80 - 49/240  33855.1 ms
block 18/80 - 52/240  34152.5 ms
block 19/80 - 55/240  34168.7 ms
block 20/80 - 58/240  34534.9 ms
block 21/80 - 61/240  33844.5 ms
block 22/80 - 64/240  34161.8 ms
block 23/80 - 67/240  34134.7 ms
block 24/80 - 70/240  34515.5 ms
block 25/80 - 73/240  33822.9 ms
block 26/80 - 76/240  34179.6 ms
block 27/80 - 79/240  34164.8 ms
block 28/80 - 82/240  34519.5 ms
block 29/80 - 85/240  33822.3 ms
block 30/80 - 88/240  34149.7 ms
block 31/80 - 91/240  34161.3 ms
block 32/80 - 94/240  34503.8 ms
block 33/80 - 97/240  33821.8 ms
block 34/80 - 100/240  34169.5 ms
block 35/80 - 103/240  34130.0 ms
block 36/80 - 106/240  34512.3 ms
block 37/80 - 109/240  33806.0 ms
block 38/80 - 112/240  34194.2 ms
block 39/80 - 115/240  34146.6 ms
block 40/80 - 118/240  34544.1 ms
block 41/80 - 121/240  33798.1 ms
block 42/80 - 124/240  34186.0 ms
block 43/80 - 127/240  34134.9 ms
block 44/80 - 130/240  34531.2 ms
block 45/80 - 133/240  33807.6 ms
block 46/80 - 136/240  34182.8 ms
block 47/80 - 139/240  34151.5 ms
block 48/80 - 142/240  34550.8 ms
block 49/80 - 145/240  33806.0 ms
block 50/80 - 148/240  34198.9 ms
block 51/80 - 151/240  34150.7 ms
block 52/80 - 154/240  34545.7 ms
block 53/80 - 157/240  33786.7 ms
block 54/80 - 160/240  34188.0 ms
block 55/80 - 163/240  34141.3 ms
block 56/80 - 166/240  34538.1 ms
block 57/80 - 169/240  33788.2 ms
block 58/80 - 172/240  34193.2 ms
block 59/80 - 175/240  34152.9 ms
block 60/80 - 178/240  34538.4 ms
block 61/80 - 181/240  33775.8 ms
block 62/80 - 184/240  34226.4 ms
block 63/80 - 187/240  34150.5 ms
block 64/80 - 190/240  34559.4 ms
block 65/80 - 193/240  33776.8 ms
block 66/80 - 196/240  34220.0 ms
block 67/80 - 199/240  34176.6 ms
block 68/80 - 202/240  34541.8 ms
block 69/80 - 205/240  33825.0 ms
block 70/80 - 208/240  34205.2 ms
block 71/80 - 211/240  34147.3 ms
block 72/80 - 214/240  34558.3 ms
block 73/80 - 217/240  33774.0 ms
block 74/80 - 220/240  34252.7 ms
block 75/80 - 223/240  34140.2 ms
block 76/80 - 226/240  34550.7 ms
block 77/80 - 229/240  33761.3 ms
block 78/80 - 232/240  34245.4 ms
block 79/80 - 235/240  34142.0 ms
block 80/80 - 238/240  34555.6 ms
/apdcephfs_gy2/share_303214315/cedricnie/miniconda3/envs/longlive/lib/python3.10/site-packages/torchvision/io/_video_deprecation_warning.py:9: UserWarning: The video decoding and encoding capabilities of torchvision are deprecated from version 0.22 and will be removed in version 0.24. We recommend that you migrate to TorchCodec, where we'll consolidate the future decoding/encoding capabilities of PyTorch: https://github.com/pytorch/torchcodec
  warnings.warn(
[13/128] elapsed=49.1m  avg=226.8s/prompt  eta=434.8m
block 1/80 - 1/240  28369.1 ms
block 2/80 - 4/240  30788.2 ms
block 3/80 - 7/240  32707.2 ms
block 4/80 - 10/240  32883.1 ms
block 5/80 - 13/240  32906.3 ms
block 6/80 - 16/240  33102.3 ms
block 7/80 - 19/240  33650.3 ms
block 8/80 - 22/240  33997.2 ms
block 9/80 - 25/240  33920.8 ms
block 10/80 - 28/240  34205.0 ms
block 11/80 - 31/240  34142.3 ms
block 12/80 - 34/240  34549.5 ms
block 13/80 - 37/240  33746.8 ms
block 14/80 - 40/240  34247.3 ms
block 15/80 - 43/240  34157.0 ms
block 16/80 - 46/240  34552.2 ms
block 17/80 - 49/240  33728.7 ms
block 18/80 - 52/240  34245.6 ms
block 19/80 - 55/240  34165.0 ms
block 20/80 - 58/240  34556.5 ms
block 21/80 - 61/240  33743.9 ms
block 22/80 - 64/240  34256.8 ms
block 23/80 - 67/240  34187.5 ms
block 24/80 - 70/240  34573.8 ms
block 25/80 - 73/240  33740.1 ms
block 26/80 - 76/240  34249.8 ms
block 27/80 - 79/240  34317.0 ms
block 28/80 - 82/240  34566.1 ms
block 29/80 - 85/240  33738.7 ms
block 30/80 - 88/240  34249.9 ms
block 31/80 - 91/240  34177.4 ms
block 32/80 - 94/240  34574.4 ms
block 33/80 - 97/240  33728.2 ms
block 34/80 - 100/240  34254.7 ms
block 35/80 - 103/240  34144.6 ms
block 36/80 - 106/240  34533.2 ms
block 37/80 - 109/240  33729.7 ms
block 38/80 - 112/240  34255.0 ms
block 39/80 - 115/240  34149.5 ms
block 40/80 - 118/240  34579.7 ms
block 41/80 - 121/240  33729.2 ms
block 42/80 - 124/240  34265.3 ms
block 43/80 - 127/240  34162.2 ms
block 44/80 - 130/240  34544.9 ms
block 45/80 - 133/240  33877.8 ms
block 46/80 - 136/240  34231.7 ms
block 47/80 - 139/240  34220.4 ms
block 48/80 - 142/240  34540.1 ms
block 49/80 - 145/240  33917.3 ms
block 50/80 - 148/240  34230.2 ms
block 51/80 - 151/240  34198.7 ms
block 52/80 - 154/240  34542.2 ms
block 53/80 - 157/240  33868.7 ms
block 54/80 - 160/240  34240.2 ms
block 55/80 - 163/240  34148.8 ms
block 56/80 - 166/240  34556.5 ms
block 57/80 - 169/240  33715.0 ms
block 58/80 - 172/240  34261.7 ms
block 59/80 - 175/240  34140.9 ms
block 60/80 - 178/240  34566.9 ms
block 61/80 - 181/240  33712.2 ms
block 62/80 - 184/240  34258.6 ms
block 63/80 - 187/240  34146.7 ms
block 64/80 - 190/240  34539.4 ms
block 65/80 - 193/240  33718.1 ms
block 66/80 - 196/240  34231.7 ms
block 67/80 - 199/240  34150.3 ms
block 68/80 - 202/240  34530.5 ms
block 69/80 - 205/240  33727.8 ms
block 70/80 - 208/240  34230.8 ms
block 71/80 - 211/240  34150.9 ms
block 72/80 - 214/240  34548.0 ms
block 73/80 - 217/240  33721.4 ms
block 74/80 - 220/240  34232.8 ms
block 75/80 - 223/240  34174.2 ms
block 76/80 - 226/240  34554.6 ms
block 77/80 - 229/240  33728.2 ms
block 78/80 - 232/240  34250.8 ms
block 79/80 - 235/240  34176.3 ms
block 80/80 - 238/240  34550.0 ms
[29/128] elapsed=94.5m  avg=195.5s/prompt  eta=322.6m
block 1/80 - 1/240  29188.4 ms
block 2/80 - 4/240  30399.9 ms
block 3/80 - 7/240  32795.1 ms
block 4/80 - 10/240  33022.4 ms
block 5/80 - 13/240  33061.7 ms
block 6/80 - 16/240  33302.5 ms
block 7/80 - 19/240  33679.2 ms
block 8/80 - 22/240  34038.1 ms
block 9/80 - 25/240  33936.3 ms
block 10/80 - 28/240  34225.8 ms
block 11/80 - 31/240  34186.3 ms
block 12/80 - 34/240  34560.5 ms
block 13/80 - 37/240  33760.4 ms
block 14/80 - 40/240  34198.2 ms
block 15/80 - 43/240  34217.6 ms
block 16/80 - 46/240  34541.8 ms
block 17/80 - 49/240  33749.6 ms
block 18/80 - 52/240  34217.9 ms
block 19/80 - 55/240  34196.6 ms
block 20/80 - 58/240  34556.0 ms
block 21/80 - 61/240  33728.9 ms
block 22/80 - 64/240  34190.2 ms
block 23/80 - 67/240  34210.1 ms
block 24/80 - 70/240  34547.5 ms
block 25/80 - 73/240  33735.1 ms
block 26/80 - 76/240  34220.4 ms
block 27/80 - 79/240  34190.3 ms
block 28/80 - 82/240  34553.0 ms
block 29/80 - 85/240  33755.9 ms
block 30/80 - 88/240  34184.4 ms
block 31/80 - 91/240  34231.9 ms
block 32/80 - 94/240  34553.0 ms
block 33/80 - 97/240  33764.5 ms
block 34/80 - 100/240  34209.7 ms
block 35/80 - 103/240  34225.4 ms
block 36/80 - 106/240  34549.1 ms
block 37/80 - 109/240  33756.2 ms
block 38/80 - 112/240  34206.3 ms
block 39/80 - 115/240  34214.7 ms
block 40/80 - 118/240  34556.4 ms
block 41/80 - 121/240  33755.2 ms
block 42/80 - 124/240  34174.2 ms
block 43/80 - 127/240  34251.5 ms
block 44/80 - 130/240  34553.0 ms
block 45/80 - 133/240  33756.5 ms
block 46/80 - 136/240  34162.3 ms
block 47/80 - 139/240  34227.7 ms
block 48/80 - 142/240  34545.0 ms
block 49/80 - 145/240  33753.4 ms
block 50/80 - 148/240  34158.0 ms
block 51/80 - 151/240  34245.8 ms
block 52/80 - 154/240  34559.3 ms
block 53/80 - 157/240  33758.7 ms
block 54/80 - 160/240  34155.7 ms
block 55/80 - 163/240  34241.4 ms
block 56/80 - 166/240  34547.7 ms
block 57/80 - 169/240  33759.0 ms
block 58/80 - 172/240  34147.1 ms
block 59/80 - 175/240  34264.2 ms
block 60/80 - 178/240  34537.1 ms
block 61/80 - 181/240  33765.1 ms
block 62/80 - 184/240  34165.4 ms
block 63/80 - 187/240  34244.6 ms
block 64/80 - 190/240  34536.2 ms
block 65/80 - 193/240  33770.6 ms
block 66/80 - 196/240  34141.2 ms
block 67/80 - 199/240  34272.5 ms
block 68/80 - 202/240  34547.3 ms
block 69/80 - 205/240  33764.8 ms
block 70/80 - 208/240  34140.2 ms
block 71/80 - 211/240  34279.8 ms
block 72/80 - 214/240  34529.0 ms
block 73/80 - 217/240  33789.6 ms
block 74/80 - 220/240  34127.4 ms
block 75/80 - 223/240  34277.9 ms
block 76/80 - 226/240  34535.0 ms
block 77/80 - 229/240  33776.7 ms
block 78/80 - 232/240  34126.0 ms
block 79/80 - 235/240  34289.1 ms
block 80/80 - 238/240  34530.5 ms
[45/128] elapsed=139.9m  avg=186.5s/prompt  eta=258.0m
block 1/80 - 1/240  28152.5 ms
block 2/80 - 4/240  30441.1 ms
block 3/80 - 7/240  32690.1 ms
block 4/80 - 10/240  32897.7 ms
block 5/80 - 13/240  33154.0 ms
block 6/80 - 16/240  33310.8 ms
block 7/80 - 19/240  33735.6 ms
block 8/80 - 22/240  34063.0 ms
block 9/80 - 25/240  34027.5 ms
block 10/80 - 28/240  34215.4 ms
block 11/80 - 31/240  34254.6 ms
block 12/80 - 34/240  34542.6 ms
block 13/80 - 37/240  33790.9 ms
block 14/80 - 40/240  34131.3 ms
block 15/80 - 43/240  34263.2 ms
block 16/80 - 46/240  34545.2 ms
block 17/80 - 49/240  33775.3 ms
block 18/80 - 52/240  34119.5 ms
block 19/80 - 55/240  34279.4 ms
block 20/80 - 58/240  34528.9 ms
block 21/80 - 61/240  33778.7 ms
block 22/80 - 64/240  34137.8 ms
block 23/80 - 67/240  34279.0 ms
block 24/80 - 70/240  34537.1 ms
block 25/80 - 73/240  33785.9 ms
block 26/80 - 76/240  34241.1 ms
block 27/80 - 79/240  34258.1 ms
block 28/80 - 82/240  34517.1 ms
block 29/80 - 85/240  33902.7 ms
block 30/80 - 88/240  34225.1 ms
block 31/80 - 91/240  34252.4 ms
block 32/80 - 94/240  34519.3 ms
block 33/80 - 97/240  33898.4 ms
block 34/80 - 100/240  34220.4 ms
block 35/80 - 103/240  34285.0 ms
block 36/80 - 106/240  34475.8 ms
block 37/80 - 109/240  33791.8 ms
block 38/80 - 112/240  34135.5 ms
block 39/80 - 115/240  34250.8 ms
block 40/80 - 118/240  34533.7 ms
block 41/80 - 121/240  33750.5 ms
block 42/80 - 124/240  34115.9 ms
block 43/80 - 127/240  34255.3 ms
block 44/80 - 130/240  34546.1 ms
block 45/80 - 133/240  33759.9 ms
block 46/80 - 136/240  34119.9 ms
block 47/80 - 139/240  34294.7 ms
block 48/80 - 142/240  34556.6 ms
block 49/80 - 145/240  33741.9 ms
block 50/80 - 148/240  34128.1 ms
block 51/80 - 151/240  34245.6 ms
block 52/80 - 154/240  34546.7 ms
block 53/80 - 157/240  33761.8 ms
block 54/80 - 160/240  34125.5 ms
block 55/80 - 163/240  34229.7 ms
block 56/80 - 166/240  34558.3 ms
block 57/80 - 169/240  33761.7 ms
block 58/80 - 172/240  34112.2 ms
block 59/80 - 175/240  34252.2 ms
block 60/80 - 178/240  34564.3 ms
block 61/80 - 181/240  33758.9 ms
block 62/80 - 184/240  34135.5 ms
block 63/80 - 187/240  34233.9 ms
block 64/80 - 190/240  34549.7 ms
block 65/80 - 193/240  33763.8 ms
block 66/80 - 196/240  34122.5 ms
block 67/80 - 199/240  34234.6 ms
block 68/80 - 202/240  34579.8 ms
block 69/80 - 205/240  33755.9 ms
block 70/80 - 208/240  34126.5 ms
block 71/80 - 211/240  34230.5 ms
block 72/80 - 214/240  34565.8 ms
block 73/80 - 217/240  33768.1 ms
block 74/80 - 220/240  34131.4 ms
block 75/80 - 223/240  34227.7 ms
block 76/80 - 226/240  34578.8 ms
block 77/80 - 229/240  33757.7 ms
block 78/80 - 232/240  34122.6 ms
block 79/80 - 235/240  34221.7 ms
block 80/80 - 238/240  34570.2 ms
[61/128] elapsed=185.2m  avg=182.2s/prompt  eta=203.5m
block 1/80 - 1/240  28327.4 ms
block 2/80 - 4/240  30007.6 ms
block 3/80 - 7/240  32287.5 ms
block 4/80 - 10/240  33019.9 ms
block 5/80 - 13/240  33061.9 ms
block 6/80 - 16/240  33416.6 ms
block 7/80 - 19/240  33812.9 ms
block 8/80 - 22/240  34125.4 ms
block 9/80 - 25/240  34124.7 ms
block 10/80 - 28/240  34335.5 ms
block 11/80 - 31/240  34321.8 ms
block 12/80 - 34/240  34564.9 ms
block 13/80 - 37/240  33746.6 ms
block 14/80 - 40/240  34162.8 ms
block 15/80 - 43/240  34197.2 ms
block 16/80 - 46/240  34608.9 ms
block 17/80 - 49/240  33743.5 ms
block 18/80 - 52/240  34152.4 ms
block 19/80 - 55/240  34199.0 ms
block 20/80 - 58/240  34575.9 ms
block 21/80 - 61/240  33752.8 ms
block 22/80 - 64/240  34142.2 ms
block 23/80 - 67/240  34197.1 ms
block 24/80 - 70/240  34627.7 ms
block 25/80 - 73/240  33736.8 ms
block 26/80 - 76/240  34148.7 ms
block 27/80 - 79/240  34184.7 ms
block 28/80 - 82/240  34609.6 ms
block 29/80 - 85/240  33750.3 ms
block 30/80 - 88/240  34158.6 ms
block 31/80 - 91/240  34198.3 ms
block 32/80 - 94/240  34646.4 ms
block 33/80 - 97/240  33765.2 ms
block 34/80 - 100/240  34158.5 ms
block 35/80 - 103/240  34166.4 ms
block 36/80 - 106/240  34623.4 ms
block 37/80 - 109/240  33768.9 ms
block 38/80 - 112/240  34166.0 ms
block 39/80 - 115/240  34172.6 ms
block 40/80 - 118/240  34603.1 ms
block 41/80 - 121/240  33768.9 ms
block 42/80 - 124/240  34173.7 ms
block 43/80 - 127/240  34158.4 ms
block 44/80 - 130/240  34609.3 ms
block 45/80 - 133/240  33764.2 ms
block 46/80 - 136/240  34160.8 ms
block 47/80 - 139/240  34169.5 ms
block 48/80 - 142/240  34636.5 ms
block 49/80 - 145/240  33768.4 ms
block 50/80 - 148/240  34181.5 ms
block 51/80 - 151/240  34138.7 ms
block 52/80 - 154/240  34639.4 ms
block 53/80 - 157/240  33754.9 ms
block 54/80 - 160/240  34133.7 ms
block 55/80 - 163/240  34144.8 ms
block 56/80 - 166/240  34657.9 ms
block 57/80 - 169/240  33769.2 ms
block 58/80 - 172/240  34165.5 ms
block 59/80 - 175/240  34157.2 ms
block 60/80 - 178/240  34643.1 ms
block 61/80 - 181/240  33761.7 ms
block 62/80 - 184/240  34187.1 ms
block 63/80 - 187/240  34118.8 ms
block 64/80 - 190/240  34664.4 ms
block 65/80 - 193/240  33755.8 ms
block 66/80 - 196/240  34156.0 ms
block 67/80 - 199/240  34149.9 ms
block 68/80 - 202/240  34626.5 ms
block 69/80 - 205/240  33758.2 ms
block 70/80 - 208/240  34178.6 ms
block 71/80 - 211/240  34155.1 ms
block 72/80 - 214/240  34656.8 ms
block 73/80 - 217/240  33747.8 ms
block 74/80 - 220/240  34174.8 ms
block 75/80 - 223/240  34139.1 ms
block 76/80 - 226/240  34652.2 ms
block 77/80 - 229/240  33761.6 ms
block 78/80 - 232/240  34182.0 ms
block 79/80 - 235/240  34255.4 ms
block 80/80 - 238/240  34556.6 ms
[77/128] elapsed=230.6m  avg=179.7s/prompt  eta=152.7m
block 1/80 - 1/240  28636.3 ms
block 2/80 - 4/240  30003.1 ms
block 3/80 - 7/240  32208.0 ms
block 4/80 - 10/240  32775.8 ms
block 5/80 - 13/240  33085.5 ms
block 6/80 - 16/240  33432.4 ms
block 7/80 - 19/240  33827.4 ms
block 8/80 - 22/240  34125.9 ms
block 9/80 - 25/240  34125.0 ms
block 10/80 - 28/240  34320.3 ms
block 11/80 - 31/240  34393.7 ms
block 12/80 - 34/240  34722.9 ms
block 13/80 - 37/240  33851.4 ms
block 14/80 - 40/240  34161.9 ms
block 15/80 - 43/240  34109.6 ms
block 16/80 - 46/240  34639.4 ms
block 17/80 - 49/240  33755.0 ms
block 18/80 - 52/240  34141.3 ms
block 19/80 - 55/240  34132.5 ms
block 20/80 - 58/240  34633.9 ms
block 21/80 - 61/240  33750.9 ms
block 22/80 - 64/240  34134.9 ms
block 23/80 - 67/240  34137.0 ms
block 24/80 - 70/240  34623.6 ms
block 25/80 - 73/240  33752.9 ms
block 26/80 - 76/240  34169.9 ms
block 27/80 - 79/240  34131.6 ms
block 28/80 - 82/240  34632.1 ms
block 29/80 - 85/240  33759.2 ms
block 30/80 - 88/240  34163.4 ms
block 31/80 - 91/240  34123.8 ms
block 32/80 - 94/240  34623.5 ms
block 33/80 - 97/240  33760.4 ms
block 34/80 - 100/240  34159.1 ms
block 35/80 - 103/240  34156.5 ms
block 36/80 - 106/240  34607.5 ms
block 37/80 - 109/240  33775.3 ms
block 38/80 - 112/240  34141.9 ms
block 39/80 - 115/240  34152.9 ms
block 40/80 - 118/240  34595.2 ms
block 41/80 - 121/240  33762.8 ms
block 42/80 - 124/240  34156.3 ms
block 43/80 - 127/240  34160.0 ms
block 44/80 - 130/240  34593.0 ms
block 45/80 - 133/240  33779.8 ms
block 46/80 - 136/240  34145.5 ms
block 47/80 - 139/240  34141.2 ms
block 48/80 - 142/240  34573.4 ms
block 49/80 - 145/240  33790.6 ms
block 50/80 - 148/240  34151.5 ms
block 51/80 - 151/240  34155.5 ms
block 52/80 - 154/240  34560.5 ms
block 53/80 - 157/240  34389.1 ms
block 54/80 - 160/240  33834.5 ms
block 55/80 - 163/240  34148.8 ms
block 56/80 - 166/240  34585.1 ms
block 57/80 - 169/240  33829.8 ms
block 58/80 - 172/240  34150.3 ms
block 59/80 - 175/240  34157.1 ms
block 60/80 - 178/240  34576.1 ms
block 61/80 - 181/240  33803.6 ms
block 62/80 - 184/240  34134.4 ms
block 63/80 - 187/240  34163.0 ms
block 64/80 - 190/240  34544.9 ms
block 65/80 - 193/240  33810.9 ms
block 66/80 - 196/240  34156.4 ms
block 67/80 - 199/240  34162.2 ms
block 68/80 - 202/240  34550.2 ms
block 69/80 - 205/240  33828.3 ms
block 70/80 - 208/240  34153.6 ms
block 71/80 - 211/240  34156.7 ms
block 72/80 - 214/240  34565.5 ms
block 73/80 - 217/240  33832.7 ms
block 74/80 - 220/240  34159.1 ms
block 75/80 - 223/240  34153.5 ms
block 76/80 - 226/240  34545.8 ms
block 77/80 - 229/240  33837.8 ms
block 78/80 - 232/240  34148.0 ms
block 79/80 - 235/240  34159.1 ms
block 80/80 - 238/240  34558.6 ms
[93/128] elapsed=276.0m  avg=178.0s/prompt  eta=103.9m
block 1/80 - 1/240  28477.0 ms
block 2/80 - 4/240  29999.2 ms
block 3/80 - 7/240  32222.5 ms
block 4/80 - 10/240  32507.6 ms
block 5/80 - 13/240  33057.7 ms
block 6/80 - 16/240  33406.6 ms
block 7/80 - 19/240  33828.3 ms
block 8/80 - 22/240  34124.0 ms
block 9/80 - 25/240  34125.3 ms
block 10/80 - 28/240  34349.8 ms
block 11/80 - 31/240  34385.6 ms
block 12/80 - 34/240  34705.4 ms
block 13/80 - 37/240  34084.8 ms
block 14/80 - 40/240  34317.4 ms
block 15/80 - 43/240  34169.2 ms
block 16/80 - 46/240  34527.1 ms
block 17/80 - 49/240  33856.0 ms
block 18/80 - 52/240  34152.4 ms
block 19/80 - 55/240  34162.0 ms
block 20/80 - 58/240  34500.4 ms
block 21/80 - 61/240  33865.2 ms
block 22/80 - 64/240  34141.2 ms
block 23/80 - 67/240  34168.8 ms
block 24/80 - 70/240  34523.3 ms
block 25/80 - 73/240  33867.3 ms
block 26/80 - 76/240  34148.4 ms
block 27/80 - 79/240  34187.0 ms
block 28/80 - 82/240  34522.9 ms
block 29/80 - 85/240  33881.4 ms
block 30/80 - 88/240  34130.2 ms
block 31/80 - 91/240  34192.4 ms
block 32/80 - 94/240  34524.4 ms
block 33/80 - 97/240  33878.2 ms
block 34/80 - 100/240  34152.4 ms
block 35/80 - 103/240  34154.8 ms
block 36/80 - 106/240  34502.0 ms
block 37/80 - 109/240  33876.1 ms
block 38/80 - 112/240  34152.4 ms
block 39/80 - 115/240  34167.2 ms
block 40/80 - 118/240  34505.5 ms
block 41/80 - 121/240  33871.2 ms
block 42/80 - 124/240  34150.9 ms
block 43/80 - 127/240  34175.9 ms
block 44/80 - 130/240  34500.2 ms
block 45/80 - 133/240  33878.0 ms
block 46/80 - 136/240  34135.1 ms
block 47/80 - 139/240  34186.7 ms
block 48/80 - 142/240  34528.9 ms
block 49/80 - 145/240  33849.0 ms
block 50/80 - 148/240  34157.2 ms
block 51/80 - 151/240  34194.4 ms
block 52/80 - 154/240  34504.7 ms
block 53/80 - 157/240  33905.4 ms
block 54/80 - 160/240  34193.6 ms
block 55/80 - 163/240  34239.0 ms
block 56/80 - 166/240  34549.2 ms
block 57/80 - 169/240  33916.5 ms
block 58/80 - 172/240  34185.9 ms
block 59/80 - 175/240  34227.3 ms
block 60/80 - 178/240  34561.4 ms
block 61/80 - 181/240  33920.1 ms
block 62/80 - 184/240  34169.9 ms
block 63/80 - 187/240  34152.5 ms
block 64/80 - 190/240  34501.2 ms
block 65/80 - 193/240  33864.7 ms
block 66/80 - 196/240  34125.6 ms
block 67/80 - 199/240  34168.3 ms
block 68/80 - 202/240  34503.4 ms
block 69/80 - 205/240  33861.0 ms
block 70/80 - 208/240  34139.1 ms
block 71/80 - 211/240  34158.8 ms
block 72/80 - 214/240  34503.0 ms
block 73/80 - 217/240  33824.0 ms
block 74/80 - 220/240  34140.4 ms
block 75/80 - 223/240  34201.2 ms
block 76/80 - 226/240  34505.8 ms
block 77/80 - 229/240  33823.6 ms
block 78/80 - 232/240  34145.8 ms
block 79/80 - 235/240  34168.5 ms
block 80/80 - 238/240  34511.3 ms
[109/128] elapsed=321.3m  avg=176.9s/prompt  eta=56.0m
block 1/80 - 1/240  29244.0 ms
block 2/80 - 4/240  30171.4 ms
block 3/80 - 7/240  32186.6 ms
block 4/80 - 10/240  32517.3 ms
block 5/80 - 13/240  32704.4 ms
block 6/80 - 16/240  33237.5 ms
block 7/80 - 19/240  33815.0 ms
block 8/80 - 22/240  34124.3 ms
block 9/80 - 25/240  34125.5 ms
block 10/80 - 28/240  34350.4 ms
block 11/80 - 31/240  34399.0 ms
block 12/80 - 34/240  34699.3 ms
block 13/80 - 37/240  34068.5 ms
block 14/80 - 40/240  34356.4 ms
block 15/80 - 43/240  34369.0 ms
block 16/80 - 46/240  34503.3 ms
block 17/80 - 49/240  33834.3 ms
block 18/80 - 52/240  34150.3 ms
block 19/80 - 55/240  34167.1 ms
block 20/80 - 58/240  34512.5 ms
block 21/80 - 61/240  33839.5 ms
block 22/80 - 64/240  34176.3 ms
block 23/80 - 67/240  34169.5 ms
block 24/80 - 70/240  34502.2 ms
block 25/80 - 73/240  33826.9 ms
block 26/80 - 76/240  34173.9 ms
block 27/80 - 79/240  34183.6 ms
block 28/80 - 82/240  34513.4 ms
block 29/80 - 85/240  33830.4 ms
block 30/80 - 88/240  34199.6 ms
block 31/80 - 91/240  34169.3 ms
block 32/80 - 94/240  34544.5 ms
block 33/80 - 97/240  33800.9 ms
block 34/80 - 100/240  34208.0 ms
block 35/80 - 103/240  34170.5 ms
block 36/80 - 106/240  34553.0 ms
block 37/80 - 109/240  33775.9 ms
block 38/80 - 112/240  34198.8 ms
block 39/80 - 115/240  34163.0 ms
block 40/80 - 118/240  34537.2 ms
block 41/80 - 121/240  33791.2 ms
block 42/80 - 124/240  34202.6 ms
block 43/80 - 127/240  34147.1 ms
block 44/80 - 130/240  34558.5 ms
block 45/80 - 133/240  33788.1 ms
block 46/80 - 136/240  34226.2 ms
block 47/80 - 139/240  34175.7 ms
block 48/80 - 142/240  34519.7 ms
block 49/80 - 145/240  33788.0 ms
block 50/80 - 148/240  34222.8 ms
block 51/80 - 151/240  34180.6 ms
block 52/80 - 154/240  34525.8 ms
block 53/80 - 157/240  33782.2 ms
block 54/80 - 160/240  34225.0 ms
block 55/80 - 163/240  34182.9 ms
block 56/80 - 166/240  34540.6 ms
block 57/80 - 169/240  33770.3 ms
block 58/80 - 172/240  34213.6 ms
block 59/80 - 175/240  34161.8 ms
block 60/80 - 178/240  34544.7 ms
block 61/80 - 181/240  33752.3 ms
block 62/80 - 184/240  34240.7 ms
block 63/80 - 187/240  34171.6 ms
block 64/80 - 190/240  34564.3 ms
block 65/80 - 193/240  33765.4 ms
block 66/80 - 196/240  34229.6 ms
block 67/80 - 199/240  34150.7 ms
block 68/80 - 202/240  34552.3 ms
block 69/80 - 205/240  33742.1 ms
block 70/80 - 208/240  34223.7 ms
block 71/80 - 211/240  34154.7 ms
block 72/80 - 214/240  34511.5 ms
block 73/80 - 217/240  33753.8 ms
block 74/80 - 220/240  34246.3 ms
block 75/80 - 223/240  34147.1 ms
block 76/80 - 226/240  34530.5 ms
block 77/80 - 229/240  33752.8 ms
block 78/80 - 232/240  34241.9 ms
block 79/80 - 235/240  34150.0 ms
block 80/80 - 238/240  34535.3 ms
[125/128] elapsed=366.7m  avg=176.0s/prompt  eta=8.8m
