Running on a single GPU (cuda); skipping NCCL initialization.
Free VRAM 93.14923095703125 GB
Loading CUDA extension (first run compiles ~60s; cached run ~3s)...
CUDA extension ready in 149.8s.
KV inference with 3 frames per block
Number of prompts: 128
Prompt index range: [0, 128)
Loading PyramidKV config from configs/head_configs/best_labels.csv
block 1/80 - 1/240  239692.5 ms
block 2/80 - 4/240  30942.5 ms
block 3/80 - 7/240  32627.2 ms
block 4/80 - 10/240  32870.0 ms
block 5/80 - 13/240  32900.9 ms
block 6/80 - 16/240  33077.7 ms
block 7/80 - 19/240  33646.3 ms
block 8/80 - 22/240  34041.5 ms
block 9/80 - 25/240  33959.1 ms
block 10/80 - 28/240  34177.0 ms
block 11/80 - 31/240  34169.8 ms
block 12/80 - 34/240  34533.6 ms
block 13/80 - 37/240  33886.9 ms
block 14/80 - 40/240  34161.8 ms
block 15/80 - 43/240  34194.5 ms
block 16/80 - 46/240  34505.2 ms
block 17/80 - 49/240  33865.0 ms
block 18/80 - 52/240  34157.5 ms
block 19/80 - 55/240  34200.8 ms
block 20/80 - 58/240  34519.3 ms
block 21/80 - 61/240  33870.5 ms
block 22/80 - 64/240  34189.0 ms
block 23/80 - 67/240  34183.6 ms
block 24/80 - 70/240  34527.9 ms
block 25/80 - 73/240  33888.0 ms
block 26/80 - 76/240  34202.4 ms
block 27/80 - 79/240  34188.7 ms
block 28/80 - 82/240  34561.4 ms
block 29/80 - 85/240  33861.7 ms
block 30/80 - 88/240  34174.5 ms
block 31/80 - 91/240  34190.1 ms
block 32/80 - 94/240  34554.0 ms
block 33/80 - 97/240  33864.8 ms
block 34/80 - 100/240  34199.4 ms
block 35/80 - 103/240  34184.0 ms
block 36/80 - 106/240  34567.6 ms
block 37/80 - 109/240  33697.4 ms
block 38/80 - 112/240  34210.5 ms
block 39/80 - 115/240  34191.2 ms
block 40/80 - 118/240  34551.9 ms
block 41/80 - 121/240  33865.9 ms
block 42/80 - 124/240  34201.5 ms
block 43/80 - 127/240  34200.1 ms
block 44/80 - 130/240  34549.8 ms
block 45/80 - 133/240  33858.2 ms
block 46/80 - 136/240  34220.0 ms
block 47/80 - 139/240  34202.7 ms
block 48/80 - 142/240  34535.8 ms
block 49/80 - 145/240  33838.0 ms
block 50/80 - 148/240  34214.5 ms
block 51/80 - 151/240  34190.9 ms
block 52/80 - 154/240  34542.6 ms
block 53/80 - 157/240  33847.0 ms
block 54/80 - 160/240  34260.0 ms
block 55/80 - 163/240  34195.4 ms
block 56/80 - 166/240  34560.0 ms
block 57/80 - 169/240  33860.6 ms
block 58/80 - 172/240  34234.8 ms
block 59/80 - 175/240  34182.4 ms
block 60/80 - 178/240  34572.8 ms
block 61/80 - 181/240  33829.1 ms
block 62/80 - 184/240  34242.5 ms
block 63/80 - 187/240  34166.9 ms
block 64/80 - 190/240  34590.5 ms
block 65/80 - 193/240  33827.3 ms
block 66/80 - 196/240  34244.3 ms
block 67/80 - 199/240  34203.8 ms
block 68/80 - 202/240  34557.6 ms
block 69/80 - 205/240  33824.1 ms
block 70/80 - 208/240  34244.8 ms
block 71/80 - 211/240  34201.1 ms
block 72/80 - 214/240  34555.2 ms
block 73/80 - 217/240  33668.2 ms
block 74/80 - 220/240  34254.1 ms
block 75/80 - 223/240  34190.8 ms
block 76/80 - 226/240  34567.3 ms
block 77/80 - 229/240  33833.9 ms
block 78/80 - 232/240  34253.1 ms
block 79/80 - 235/240  34198.8 ms
block 80/80 - 238/240  34583.9 ms
/apdcephfs_gy2/share_303214315/cedricnie/miniconda3/envs/longlive/lib/python3.10/site-packages/torchvision/io/_video_deprecation_warning.py:9: UserWarning: The video decoding and encoding capabilities of torchvision are deprecated from version 0.22 and will be removed in version 0.24. We recommend that you migrate to TorchCodec, where we'll consolidate the future decoding/encoding capabilities of PyTorch: https://github.com/pytorch/torchcodec
  warnings.warn(
[11/128] elapsed=49.2m  avg=268.3s/prompt  eta=523.2m
block 1/80 - 1/240  28186.8 ms
block 2/80 - 4/240  30793.3 ms
block 3/80 - 7/240  32753.8 ms
block 4/80 - 10/240  32929.4 ms
block 5/80 - 13/240  32929.9 ms
block 6/80 - 16/240  33118.3 ms
block 7/80 - 19/240  33496.9 ms
block 8/80 - 22/240  34039.1 ms
block 9/80 - 25/240  33962.5 ms
block 10/80 - 28/240  34240.4 ms
block 11/80 - 31/240  34423.9 ms
block 12/80 - 34/240  34578.7 ms
block 13/80 - 37/240  33796.7 ms
block 14/80 - 40/240  34257.4 ms
block 15/80 - 43/240  34185.7 ms
block 16/80 - 46/240  34572.2 ms
block 17/80 - 49/240  33792.8 ms
block 18/80 - 52/240  34255.4 ms
block 19/80 - 55/240  34181.8 ms
block 20/80 - 58/240  34565.4 ms
block 21/80 - 61/240  33785.4 ms
block 22/80 - 64/240  34270.0 ms
block 23/80 - 67/240  34186.5 ms
block 24/80 - 70/240  34568.4 ms
block 25/80 - 73/240  33787.0 ms
block 26/80 - 76/240  34265.8 ms
block 27/80 - 79/240  34201.3 ms
block 28/80 - 82/240  34573.2 ms
block 29/80 - 85/240  33788.0 ms
block 30/80 - 88/240  34288.2 ms
block 31/80 - 91/240  34188.3 ms
block 32/80 - 94/240  34573.6 ms
block 33/80 - 97/240  33787.3 ms
block 34/80 - 100/240  34300.7 ms
block 35/80 - 103/240  34177.5 ms
block 36/80 - 106/240  34562.5 ms
block 37/80 - 109/240  33786.7 ms
block 38/80 - 112/240  34293.2 ms
block 39/80 - 115/240  34186.6 ms
block 40/80 - 118/240  34590.3 ms
block 41/80 - 121/240  33782.5 ms
block 42/80 - 124/240  34288.3 ms
block 43/80 - 127/240  34190.6 ms
block 44/80 - 130/240  34578.4 ms
block 45/80 - 133/240  33778.6 ms
block 46/80 - 136/240  34275.6 ms
block 47/80 - 139/240  34174.3 ms
block 48/80 - 142/240  34573.0 ms
block 49/80 - 145/240  33777.7 ms
block 50/80 - 148/240  34289.9 ms
block 51/80 - 151/240  34193.6 ms
block 52/80 - 154/240  34585.8 ms
block 53/80 - 157/240  33773.5 ms
block 54/80 - 160/240  34302.0 ms
block 55/80 - 163/240  34188.7 ms
block 56/80 - 166/240  34555.1 ms
block 57/80 - 169/240  33777.6 ms
block 58/80 - 172/240  34289.8 ms
block 59/80 - 175/240  34191.7 ms
block 60/80 - 178/240  34552.4 ms
block 61/80 - 181/240  33956.5 ms
block 62/80 - 184/240  34266.9 ms
block 63/80 - 187/240  34232.4 ms
block 64/80 - 190/240  34566.4 ms
block 65/80 - 193/240  33950.3 ms
block 66/80 - 196/240  34265.7 ms
block 67/80 - 199/240  34225.7 ms
block 68/80 - 202/240  34551.6 ms
block 69/80 - 205/240  33909.8 ms
block 70/80 - 208/240  34275.7 ms
block 71/80 - 211/240  34173.7 ms
block 72/80 - 214/240  34540.9 ms
block 73/80 - 217/240  33744.9 ms
block 74/80 - 220/240  34291.9 ms
block 75/80 - 223/240  34184.7 ms
block 76/80 - 226/240  34569.9 ms
block 77/80 - 229/240  33751.3 ms
block 78/80 - 232/240  34281.6 ms
block 79/80 - 235/240  34178.6 ms
block 80/80 - 238/240  34568.3 ms
[27/128] elapsed=94.6m  avg=210.2s/prompt  eta=353.8m
block 1/80 - 1/240  29071.5 ms
block 2/80 - 4/240  30523.3 ms
block 3/80 - 7/240  32613.0 ms
block 4/80 - 10/240  33023.8 ms
block 5/80 - 13/240  33070.7 ms
block 6/80 - 16/240  33216.1 ms
block 7/80 - 19/240  33543.7 ms
block 8/80 - 22/240  34086.7 ms
block 9/80 - 25/240  33977.3 ms
block 10/80 - 28/240  34239.0 ms
block 11/80 - 31/240  34197.1 ms
block 12/80 - 34/240  34564.2 ms
block 13/80 - 37/240  33777.5 ms
block 14/80 - 40/240  34255.0 ms
block 15/80 - 43/240  34217.1 ms
block 16/80 - 46/240  34552.0 ms
block 17/80 - 49/240  33759.9 ms
block 18/80 - 52/240  34236.6 ms
block 19/80 - 55/240  34214.2 ms
block 20/80 - 58/240  34552.4 ms
block 21/80 - 61/240  33630.0 ms
block 22/80 - 64/240  34242.2 ms
block 23/80 - 67/240  34209.8 ms
block 24/80 - 70/240  34546.0 ms
block 25/80 - 73/240  33783.8 ms
block 26/80 - 76/240  34216.1 ms
block 27/80 - 79/240  34216.4 ms
block 28/80 - 82/240  34576.4 ms
block 29/80 - 85/240  33779.4 ms
block 30/80 - 88/240  34243.6 ms
block 31/80 - 91/240  34248.8 ms
block 32/80 - 94/240  34562.8 ms
block 33/80 - 97/240  33784.4 ms
block 34/80 - 100/240  34225.2 ms
block 35/80 - 103/240  34256.9 ms
block 36/80 - 106/240  34574.4 ms
block 37/80 - 109/240  33786.1 ms
block 38/80 - 112/240  34241.3 ms
block 39/80 - 115/240  34262.2 ms
block 40/80 - 118/240  34546.8 ms
block 41/80 - 121/240  33791.1 ms
block 42/80 - 124/240  34230.7 ms
block 43/80 - 127/240  34241.6 ms
block 44/80 - 130/240  34580.7 ms
block 45/80 - 133/240  33781.9 ms
block 46/80 - 136/240  34235.5 ms
block 47/80 - 139/240  34253.3 ms
block 48/80 - 142/240  34551.4 ms
block 49/80 - 145/240  33804.6 ms
block 50/80 - 148/240  34213.9 ms
block 51/80 - 151/240  34259.3 ms
block 52/80 - 154/240  34568.7 ms
block 53/80 - 157/240  33791.9 ms
block 54/80 - 160/240  34201.6 ms
block 55/80 - 163/240  34254.7 ms
block 56/80 - 166/240  34544.3 ms
block 57/80 - 169/240  33811.1 ms
block 58/80 - 172/240  34209.4 ms
block 59/80 - 175/240  34241.0 ms
block 60/80 - 178/240  34551.3 ms
block 61/80 - 181/240  33794.1 ms
block 62/80 - 184/240  34181.9 ms
block 63/80 - 187/240  34276.9 ms
block 64/80 - 190/240  34563.0 ms
block 65/80 - 193/240  33796.7 ms
block 66/80 - 196/240  34179.2 ms
block 67/80 - 199/240  34260.5 ms
block 68/80 - 202/240  34544.0 ms
block 69/80 - 205/240  33807.8 ms
block 70/80 - 208/240  34184.3 ms
block 71/80 - 211/240  34274.6 ms
block 72/80 - 214/240  34562.1 ms
block 73/80 - 217/240  33793.5 ms
block 74/80 - 220/240  34174.1 ms
block 75/80 - 223/240  34280.9 ms
block 76/80 - 226/240  34540.1 ms
block 77/80 - 229/240  33810.1 ms
block 78/80 - 232/240  34160.8 ms
block 79/80 - 235/240  34281.9 ms
block 80/80 - 238/240  34570.2 ms
[43/128] elapsed=140.0m  avg=195.3s/prompt  eta=276.7m
block 1/80 - 1/240  28085.4 ms
block 2/80 - 4/240  30011.9 ms
block 3/80 - 7/240  32771.7 ms
block 4/80 - 10/240  33030.1 ms
block 5/80 - 13/240  33071.4 ms
block 6/80 - 16/240  33222.3 ms
block 7/80 - 19/240  33637.8 ms
block 8/80 - 22/240  34132.7 ms
block 9/80 - 25/240  34128.9 ms
block 10/80 - 28/240  34348.2 ms
block 11/80 - 31/240  34326.9 ms
block 12/80 - 34/240  34552.7 ms
block 13/80 - 37/240  33817.7 ms
block 14/80 - 40/240  34152.5 ms
block 15/80 - 43/240  34310.7 ms
block 16/80 - 46/240  34560.5 ms
block 17/80 - 49/240  33826.4 ms
block 18/80 - 52/240  34142.1 ms
block 19/80 - 55/240  34313.9 ms
block 20/80 - 58/240  34557.7 ms
block 21/80 - 61/240  33829.3 ms
block 22/80 - 64/240  34138.7 ms
block 23/80 - 67/240  34312.3 ms
block 24/80 - 70/240  34564.2 ms
block 25/80 - 73/240  33826.3 ms
block 26/80 - 76/240  34148.2 ms
block 27/80 - 79/240  34322.2 ms
block 28/80 - 82/240  34537.8 ms
block 29/80 - 85/240  33827.5 ms
block 30/80 - 88/240  34150.1 ms
block 31/80 - 91/240  34327.1 ms
block 32/80 - 94/240  34563.7 ms
block 33/80 - 97/240  33827.6 ms
block 34/80 - 100/240  34135.5 ms
block 35/80 - 103/240  34313.6 ms
block 36/80 - 106/240  34562.5 ms
block 37/80 - 109/240  33827.8 ms
block 38/80 - 112/240  34151.0 ms
block 39/80 - 115/240  34305.2 ms
block 40/80 - 118/240  34567.6 ms
block 41/80 - 121/240  33830.2 ms
block 42/80 - 124/240  34139.4 ms
block 43/80 - 127/240  34314.2 ms
block 44/80 - 130/240  34540.6 ms
block 45/80 - 133/240  33829.1 ms
block 46/80 - 136/240  34174.1 ms
block 47/80 - 139/240  34314.0 ms
block 48/80 - 142/240  34570.7 ms
block 49/80 - 145/240  33827.4 ms
block 50/80 - 148/240  34162.1 ms
block 51/80 - 151/240  34292.5 ms
block 52/80 - 154/240  34569.2 ms
block 53/80 - 157/240  33894.4 ms
block 54/80 - 160/240  34259.4 ms
block 55/80 - 163/240  34270.9 ms
block 56/80 - 166/240  34529.4 ms
block 57/80 - 169/240  33813.5 ms
block 58/80 - 172/240  34264.8 ms
block 59/80 - 175/240  34272.0 ms
block 60/80 - 178/240  34531.1 ms
block 61/80 - 181/240  33935.9 ms
block 62/80 - 184/240  34183.7 ms
block 63/80 - 187/240  34302.4 ms
block 64/80 - 190/240  34540.1 ms
block 65/80 - 193/240  33798.7 ms
block 66/80 - 196/240  34141.1 ms
block 67/80 - 199/240  34296.2 ms
block 68/80 - 202/240  34554.8 ms
block 69/80 - 205/240  33800.6 ms
block 70/80 - 208/240  34129.5 ms
block 71/80 - 211/240  34290.0 ms
block 72/80 - 214/240  34544.8 ms
block 73/80 - 217/240  33796.7 ms
block 74/80 - 220/240  34120.8 ms
block 75/80 - 223/240  34285.2 ms
block 76/80 - 226/240  34557.6 ms
block 77/80 - 229/240  33800.3 ms
block 78/80 - 232/240  34147.7 ms
block 79/80 - 235/240  34283.3 ms
block 80/80 - 238/240  34556.6 ms
[59/128] elapsed=185.4m  avg=188.5s/prompt  eta=216.8m
block 1/80 - 1/240  29097.6 ms
block 2/80 - 4/240  30046.8 ms
block 3/80 - 7/240  32297.5 ms
block 4/80 - 10/240  33018.5 ms
block 5/80 - 13/240  33069.9 ms
block 6/80 - 16/240  33225.6 ms
block 7/80 - 19/240  33621.9 ms
block 8/80 - 22/240  34127.6 ms
block 9/80 - 25/240  34127.9 ms
block 10/80 - 28/240  34331.8 ms
block 11/80 - 31/240  34367.8 ms
block 12/80 - 34/240  34674.4 ms
block 13/80 - 37/240  33933.2 ms
block 14/80 - 40/240  34152.2 ms
block 15/80 - 43/240  34258.9 ms
block 16/80 - 46/240  34593.8 ms
block 17/80 - 49/240  33788.2 ms
block 18/80 - 52/240  34173.6 ms
block 19/80 - 55/240  34261.5 ms
block 20/80 - 58/240  34574.8 ms
block 21/80 - 61/240  33795.2 ms
block 22/80 - 64/240  34165.2 ms
block 23/80 - 67/240  34262.4 ms
block 24/80 - 70/240  34580.5 ms
block 25/80 - 73/240  33791.4 ms
block 26/80 - 76/240  34162.5 ms
block 27/80 - 79/240  34277.7 ms
block 28/80 - 82/240  34597.7 ms
block 29/80 - 85/240  33797.5 ms
block 30/80 - 88/240  34160.8 ms
block 31/80 - 91/240  34241.3 ms
block 32/80 - 94/240  34605.0 ms
block 33/80 - 97/240  33787.2 ms
block 34/80 - 100/240  34150.3 ms
block 35/80 - 103/240  34243.2 ms
block 36/80 - 106/240  34598.0 ms
block 37/80 - 109/240  33801.9 ms
block 38/80 - 112/240  34164.2 ms
block 39/80 - 115/240  34222.7 ms
block 40/80 - 118/240  34595.9 ms
block 41/80 - 121/240  33797.3 ms
block 42/80 - 124/240  34182.5 ms
block 43/80 - 127/240  34240.6 ms
block 44/80 - 130/240  34628.4 ms
block 45/80 - 133/240  33796.3 ms
block 46/80 - 136/240  34186.6 ms
block 47/80 - 139/240  34217.6 ms
block 48/80 - 142/240  34626.5 ms
block 49/80 - 145/240  33647.0 ms
block 50/80 - 148/240  34204.5 ms
block 51/80 - 151/240  34213.7 ms
block 52/80 - 154/240  34632.0 ms
block 53/80 - 157/240  33794.3 ms
block 54/80 - 160/240  34186.9 ms
block 55/80 - 163/240  34202.3 ms
block 56/80 - 166/240  34625.5 ms
block 57/80 - 169/240  33806.3 ms
block 58/80 - 172/240  34177.1 ms
block 59/80 - 175/240  34219.5 ms
block 60/80 - 178/240  34647.4 ms
block 61/80 - 181/240  33799.3 ms
block 62/80 - 184/240  34186.2 ms
block 63/80 - 187/240  34221.4 ms
block 64/80 - 190/240  34630.4 ms
block 65/80 - 193/240  33786.5 ms
block 66/80 - 196/240  34179.7 ms
block 67/80 - 199/240  34192.4 ms
block 68/80 - 202/240  34642.6 ms
block 69/80 - 205/240  33791.3 ms
block 70/80 - 208/240  34175.2 ms
block 71/80 - 211/240  34183.9 ms
block 72/80 - 214/240  34649.5 ms
block 73/80 - 217/240  33806.3 ms
block 74/80 - 220/240  34191.5 ms
block 75/80 - 223/240  34183.8 ms
block 76/80 - 226/240  34645.4 ms
block 77/80 - 229/240  33783.5 ms
block 78/80 - 232/240  34206.9 ms
block 79/80 - 235/240  34177.0 ms
block 80/80 - 238/240  34654.2 ms
[75/128] elapsed=230.8m  avg=184.6s/prompt  eta=163.1m
block 1/80 - 1/240  28027.4 ms
block 2/80 - 4/240  30046.3 ms
block 3/80 - 7/240  32406.6 ms
block 4/80 - 10/240  33022.3 ms
block 5/80 - 13/240  33069.8 ms
block 6/80 - 16/240  33221.0 ms
block 7/80 - 19/240  33635.2 ms
block 8/80 - 22/240  34127.9 ms
block 9/80 - 25/240  34127.6 ms
block 10/80 - 28/240  34347.8 ms
block 11/80 - 31/240  34360.0 ms
block 12/80 - 34/240  34653.6 ms
block 13/80 - 37/240  33802.1 ms
block 14/80 - 40/240  34196.2 ms
block 15/80 - 43/240  34175.9 ms
block 16/80 - 46/240  34665.8 ms
block 17/80 - 49/240  33810.3 ms
block 18/80 - 52/240  34197.9 ms
block 19/80 - 55/240  34166.9 ms
block 20/80 - 58/240  34652.0 ms
block 21/80 - 61/240  33808.6 ms
block 22/80 - 64/240  34207.5 ms
block 23/80 - 67/240  34167.6 ms
block 24/80 - 70/240  34651.1 ms
block 25/80 - 73/240  33800.6 ms
block 26/80 - 76/240  34214.0 ms
block 27/80 - 79/240  34161.7 ms
block 28/80 - 82/240  34688.5 ms
block 29/80 - 85/240  33804.8 ms
block 30/80 - 88/240  34197.7 ms
block 31/80 - 91/240  34151.6 ms
block 32/80 - 94/240  34674.1 ms
block 33/80 - 97/240  33803.4 ms
block 34/80 - 100/240  34208.7 ms
block 35/80 - 103/240  34158.0 ms
block 36/80 - 106/240  34672.8 ms
block 37/80 - 109/240  33795.8 ms
block 38/80 - 112/240  34188.1 ms
block 39/80 - 115/240  34186.4 ms
block 40/80 - 118/240  34621.9 ms
block 41/80 - 121/240  33840.3 ms
block 42/80 - 124/240  34257.0 ms
block 43/80 - 127/240  34266.4 ms
block 44/80 - 130/240  34582.1 ms
block 45/80 - 133/240  33910.6 ms
block 46/80 - 136/240  34245.2 ms
block 47/80 - 139/240  34271.0 ms
block 48/80 - 142/240  34578.0 ms
block 49/80 - 145/240  33911.5 ms
block 50/80 - 148/240  34240.9 ms
block 51/80 - 151/240  34168.9 ms
block 52/80 - 154/240  34647.4 ms
block 53/80 - 157/240  34390.5 ms
block 54/80 - 160/240  33851.3 ms
block 55/80 - 163/240  34137.9 ms
block 56/80 - 166/240  34634.2 ms
block 57/80 - 169/240  33824.7 ms
block 58/80 - 172/240  34191.0 ms
block 59/80 - 175/240  34142.8 ms
block 60/80 - 178/240  34627.9 ms
block 61/80 - 181/240  33824.6 ms
block 62/80 - 184/240  34174.9 ms
block 63/80 - 187/240  34147.0 ms
block 64/80 - 190/240  34646.5 ms
block 65/80 - 193/240  33836.4 ms
block 66/80 - 196/240  34197.1 ms
block 67/80 - 199/240  34150.2 ms
block 68/80 - 202/240  34630.5 ms
block 69/80 - 205/240  33835.5 ms
block 70/80 - 208/240  34169.7 ms
block 71/80 - 211/240  34163.3 ms
block 72/80 - 214/240  34616.8 ms
block 73/80 - 217/240  33836.3 ms
block 74/80 - 220/240  34170.4 ms
block 75/80 - 223/240  34168.5 ms
block 76/80 - 226/240  34603.4 ms
block 77/80 - 229/240  33842.3 ms
block 78/80 - 232/240  34170.5 ms
block 79/80 - 235/240  34162.1 ms
block 80/80 - 238/240  34601.2 ms
[91/128] elapsed=276.2m  avg=182.1s/prompt  eta=112.3m
block 1/80 - 1/240  28610.1 ms
block 2/80 - 4/240  30243.7 ms
block 3/80 - 7/240  32254.1 ms
block 4/80 - 10/240  32708.5 ms
block 5/80 - 13/240  33069.0 ms
block 6/80 - 16/240  33220.8 ms
block 7/80 - 19/240  33627.9 ms
block 8/80 - 22/240  34132.4 ms
block 9/80 - 25/240  34126.9 ms
block 10/80 - 28/240  34322.6 ms
block 11/80 - 31/240  34354.4 ms
block 12/80 - 34/240  34696.9 ms
block 13/80 - 37/240  34062.8 ms
block 14/80 - 40/240  34333.4 ms
block 15/80 - 43/240  34367.9 ms
block 16/80 - 46/240  34691.5 ms
block 17/80 - 49/240  33877.4 ms
block 18/80 - 52/240  34174.7 ms
block 19/80 - 55/240  34175.0 ms
block 20/80 - 58/240  34592.7 ms
block 21/80 - 61/240  33706.4 ms
block 22/80 - 64/240  34154.8 ms
block 23/80 - 67/240  34184.7 ms
block 24/80 - 70/240  34587.5 ms
block 25/80 - 73/240  33860.2 ms
block 26/80 - 76/240  34179.7 ms
block 27/80 - 79/240  34182.1 ms
block 28/80 - 82/240  34573.1 ms
block 29/80 - 85/240  33876.7 ms
block 30/80 - 88/240  34173.4 ms
block 31/80 - 91/240  34176.2 ms
block 32/80 - 94/240  34574.2 ms
block 33/80 - 97/240  33731.3 ms
block 34/80 - 100/240  34180.3 ms
block 35/80 - 103/240  34192.3 ms
block 36/80 - 106/240  34548.5 ms
block 37/80 - 109/240  33881.7 ms
block 38/80 - 112/240  34197.5 ms
block 39/80 - 115/240  34184.2 ms
block 40/80 - 118/240  34546.0 ms
block 41/80 - 121/240  33892.1 ms
block 42/80 - 124/240  34181.1 ms
block 43/80 - 127/240  34198.1 ms
block 44/80 - 130/240  34558.2 ms
block 45/80 - 133/240  33739.6 ms
block 46/80 - 136/240  34185.0 ms
block 47/80 - 139/240  34189.3 ms
block 48/80 - 142/240  34558.7 ms
block 49/80 - 145/240  33901.5 ms
block 50/80 - 148/240  34182.2 ms
block 51/80 - 151/240  34204.8 ms
block 52/80 - 154/240  34544.4 ms
block 53/80 - 157/240  33900.2 ms
block 54/80 - 160/240  34159.4 ms
block 55/80 - 163/240  34198.6 ms
block 56/80 - 166/240  34537.7 ms
block 57/80 - 169/240  33905.7 ms
block 58/80 - 172/240  34163.6 ms
block 59/80 - 175/240  34211.9 ms
block 60/80 - 178/240  34516.8 ms
block 61/80 - 181/240  33898.0 ms
block 62/80 - 184/240  34173.4 ms
block 63/80 - 187/240  34224.7 ms
block 64/80 - 190/240  34513.0 ms
block 65/80 - 193/240  33932.0 ms
block 66/80 - 196/240  34169.2 ms
block 67/80 - 199/240  34211.9 ms
block 68/80 - 202/240  34531.0 ms
block 69/80 - 205/240  33935.2 ms
block 70/80 - 208/240  34177.0 ms
block 71/80 - 211/240  34205.0 ms
block 72/80 - 214/240  34541.4 ms
block 73/80 - 217/240  33915.6 ms
block 74/80 - 220/240  34164.8 ms
block 75/80 - 223/240  34216.9 ms
block 76/80 - 226/240  34525.0 ms
block 77/80 - 229/240  33758.6 ms
block 78/80 - 232/240  34165.1 ms
block 79/80 - 235/240  34224.1 ms
block 80/80 - 238/240  34522.5 ms
[107/128] elapsed=321.5m  avg=180.3s/prompt  eta=63.1m
block 1/80 - 1/240  28162.9 ms
block 2/80 - 4/240  30504.3 ms
block 3/80 - 7/240  32233.6 ms
block 4/80 - 10/240  32530.1 ms
block 5/80 - 13/240  32931.6 ms
block 6/80 - 16/240  33221.3 ms
block 7/80 - 19/240  33633.5 ms
block 8/80 - 22/240  34132.5 ms
block 9/80 - 25/240  34129.4 ms
block 10/80 - 28/240  34337.3 ms
block 11/80 - 31/240  34382.6 ms
block 12/80 - 34/240  34672.3 ms
block 13/80 - 37/240  34068.2 ms
block 14/80 - 40/240  34343.0 ms
block 15/80 - 43/240  34212.3 ms
block 16/80 - 46/240  34531.9 ms
block 17/80 - 49/240  33911.5 ms
block 18/80 - 52/240  34184.8 ms
block 19/80 - 55/240  34204.6 ms
block 20/80 - 58/240  34540.0 ms
block 21/80 - 61/240  33911.8 ms
block 22/80 - 64/240  34192.4 ms
block 23/80 - 67/240  34194.9 ms
block 24/80 - 70/240  34522.9 ms
block 25/80 - 73/240  33903.1 ms
block 26/80 - 76/240  34219.2 ms
block 27/80 - 79/240  34267.1 ms
block 28/80 - 82/240  34575.8 ms
block 29/80 - 85/240  33955.3 ms
block 30/80 - 88/240  34224.1 ms
block 31/80 - 91/240  34251.5 ms
block 32/80 - 94/240  34581.4 ms
block 33/80 - 97/240  33956.0 ms
block 34/80 - 100/240  34224.8 ms
block 35/80 - 103/240  34253.2 ms
block 36/80 - 106/240  34574.4 ms
block 37/80 - 109/240  33945.5 ms
block 38/80 - 112/240  34173.1 ms
block 39/80 - 115/240  34179.8 ms
block 40/80 - 118/240  34509.8 ms
block 41/80 - 121/240  33879.0 ms
block 42/80 - 124/240  34169.8 ms
block 43/80 - 127/240  34186.8 ms
block 44/80 - 130/240  34535.7 ms
block 45/80 - 133/240  33874.6 ms
block 46/80 - 136/240  34160.2 ms
block 47/80 - 139/240  34207.0 ms
block 48/80 - 142/240  34522.8 ms
block 49/80 - 145/240  33897.7 ms
block 50/80 - 148/240  34185.2 ms
block 51/80 - 151/240  34173.1 ms
block 52/80 - 154/240  34533.6 ms
block 53/80 - 157/240  33876.0 ms
block 54/80 - 160/240  34191.0 ms
block 55/80 - 163/240  34177.6 ms
block 56/80 - 166/240  34526.8 ms
block 57/80 - 169/240  33880.4 ms
block 58/80 - 172/240  34199.7 ms
block 59/80 - 175/240  34187.9 ms
block 60/80 - 178/240  34557.2 ms
block 61/80 - 181/240  33858.3 ms
block 62/80 - 184/240  34167.7 ms
block 63/80 - 187/240  34194.2 ms
block 64/80 - 190/240  34517.7 ms
block 65/80 - 193/240  33857.3 ms
block 66/80 - 196/240  34210.2 ms
block 67/80 - 199/240  34163.0 ms
block 68/80 - 202/240  34568.8 ms
block 69/80 - 205/240  33868.9 ms
block 70/80 - 208/240  34188.4 ms
block 71/80 - 211/240  34184.2 ms
block 72/80 - 214/240  34543.9 ms
block 73/80 - 217/240  33853.5 ms
block 74/80 - 220/240  34225.6 ms
block 75/80 - 223/240  34193.8 ms
block 76/80 - 226/240  34534.8 ms
block 77/80 - 229/240  33859.0 ms
block 78/80 - 232/240  34195.3 ms
block 79/80 - 235/240  34147.1 ms
block 80/80 - 238/240  34546.9 ms
[123/128] elapsed=366.9m  avg=179.0s/prompt  eta=14.9m
