Running on a single GPU (cuda); skipping NCCL initialization.
Free VRAM 93.14923095703125 GB
Loading CUDA extension (first run compiles ~60s; cached run ~3s)...
CUDA extension ready in 149.7s.
KV inference with 3 frames per block
Number of prompts: 128
Prompt index range: [0, 128)
Loading PyramidKV config from configs/head_configs/best_labels.csv
block 1/80 - 1/240  239700.0 ms
block 2/80 - 4/240  30820.8 ms
block 3/80 - 7/240  32638.0 ms
block 4/80 - 10/240  32905.8 ms
block 5/80 - 13/240  32946.8 ms
block 6/80 - 16/240  33379.8 ms
block 7/80 - 19/240  33712.5 ms
block 8/80 - 22/240  34041.7 ms
block 9/80 - 25/240  33997.8 ms
block 10/80 - 28/240  34212.9 ms
block 11/80 - 31/240  34222.9 ms
block 12/80 - 34/240  34559.2 ms
block 13/80 - 37/240  33936.3 ms
block 14/80 - 40/240  34201.6 ms
block 15/80 - 43/240  34227.4 ms
block 16/80 - 46/240  34552.8 ms
block 17/80 - 49/240  33927.0 ms
block 18/80 - 52/240  34231.5 ms
block 19/80 - 55/240  34223.8 ms
block 20/80 - 58/240  34560.7 ms
block 21/80 - 61/240  33929.1 ms
block 22/80 - 64/240  34209.0 ms
block 23/80 - 67/240  34228.2 ms
block 24/80 - 70/240  34550.6 ms
block 25/80 - 73/240  33939.9 ms
block 26/80 - 76/240  34216.0 ms
block 27/80 - 79/240  34240.8 ms
block 28/80 - 82/240  34567.2 ms
block 29/80 - 85/240  33934.6 ms
block 30/80 - 88/240  34206.4 ms
block 31/80 - 91/240  34236.1 ms
block 32/80 - 94/240  34552.5 ms
block 33/80 - 97/240  33923.7 ms
block 34/80 - 100/240  34240.9 ms
block 35/80 - 103/240  34212.8 ms
block 36/80 - 106/240  34569.9 ms
block 37/80 - 109/240  33922.2 ms
block 38/80 - 112/240  34225.1 ms
block 39/80 - 115/240  34217.5 ms
block 40/80 - 118/240  34590.8 ms
block 41/80 - 121/240  33916.7 ms
block 42/80 - 124/240  34218.3 ms
block 43/80 - 127/240  34235.6 ms
block 44/80 - 130/240  34573.8 ms
block 45/80 - 133/240  33904.9 ms
block 46/80 - 136/240  34256.3 ms
block 47/80 - 139/240  34241.3 ms
block 48/80 - 142/240  34573.0 ms
block 49/80 - 145/240  33896.4 ms
block 50/80 - 148/240  34231.9 ms
block 51/80 - 151/240  34214.3 ms
block 52/80 - 154/240  34604.9 ms
block 53/80 - 157/240  33880.9 ms
block 54/80 - 160/240  34254.9 ms
block 55/80 - 163/240  34223.3 ms
block 56/80 - 166/240  34599.4 ms
block 57/80 - 169/240  33902.3 ms
block 58/80 - 172/240  34280.9 ms
block 59/80 - 175/240  34225.0 ms
block 60/80 - 178/240  34580.6 ms
block 61/80 - 181/240  33884.0 ms
block 62/80 - 184/240  34248.5 ms
block 63/80 - 187/240  34230.0 ms
block 64/80 - 190/240  34601.2 ms
block 65/80 - 193/240  33883.4 ms
block 66/80 - 196/240  34272.9 ms
block 67/80 - 199/240  34224.9 ms
block 68/80 - 202/240  34587.5 ms
block 69/80 - 205/240  33875.0 ms
block 70/80 - 208/240  34273.2 ms
block 71/80 - 211/240  34216.7 ms
block 72/80 - 214/240  34590.4 ms
block 73/80 - 217/240  33880.0 ms
block 74/80 - 220/240  34260.4 ms
block 75/80 - 223/240  34226.5 ms
block 76/80 - 226/240  34590.5 ms
block 77/80 - 229/240  33877.3 ms
block 78/80 - 232/240  34283.4 ms
block 79/80 - 235/240  34227.4 ms
block 80/80 - 238/240  34598.5 ms
/apdcephfs_gy2/share_303214315/cedricnie/miniconda3/envs/longlive/lib/python3.10/site-packages/torchvision/io/_video_deprecation_warning.py:9: UserWarning: The video decoding and encoding capabilities of torchvision are deprecated from version 0.22 and will be removed in version 0.24. We recommend that you migrate to TorchCodec, where we'll consolidate the future decoding/encoding capabilities of PyTorch: https://github.com/pytorch/torchcodec
  warnings.warn(
[16/128] elapsed=49.2m  avg=184.6s/prompt  eta=344.6m
block 1/80 - 1/240  28556.7 ms
block 2/80 - 4/240  30806.6 ms
block 3/80 - 7/240  32753.4 ms
block 4/80 - 10/240  32948.3 ms
block 5/80 - 13/240  32988.7 ms
block 6/80 - 16/240  33173.3 ms
block 7/80 - 19/240  33720.1 ms
block 8/80 - 22/240  34063.0 ms
block 9/80 - 25/240  34001.7 ms
block 10/80 - 28/240  34261.6 ms
block 11/80 - 31/240  34473.5 ms
block 12/80 - 34/240  34612.1 ms
block 13/80 - 37/240  33858.7 ms
block 14/80 - 40/240  34308.6 ms
block 15/80 - 43/240  34233.0 ms
block 16/80 - 46/240  34601.4 ms
block 17/80 - 49/240  33851.6 ms
block 18/80 - 52/240  34294.6 ms
block 19/80 - 55/240  34208.8 ms
block 20/80 - 58/240  34598.3 ms
block 21/80 - 61/240  33846.5 ms
block 22/80 - 64/240  34304.0 ms
block 23/80 - 67/240  34233.7 ms
block 24/80 - 70/240  34627.0 ms
block 25/80 - 73/240  33855.9 ms
block 26/80 - 76/240  34307.2 ms
block 27/80 - 79/240  34237.6 ms
block 28/80 - 82/240  34612.0 ms
block 29/80 - 85/240  33845.7 ms
block 30/80 - 88/240  34297.8 ms
block 31/80 - 91/240  34235.1 ms
block 32/80 - 94/240  34633.0 ms
block 33/80 - 97/240  33851.1 ms
block 34/80 - 100/240  34313.2 ms
block 35/80 - 103/240  34238.4 ms
block 36/80 - 106/240  34594.7 ms
block 37/80 - 109/240  33840.7 ms
block 38/80 - 112/240  34310.2 ms
block 39/80 - 115/240  34256.0 ms
block 40/80 - 118/240  34597.4 ms
block 41/80 - 121/240  33842.6 ms
block 42/80 - 124/240  34308.0 ms
block 43/80 - 127/240  34237.2 ms
block 44/80 - 130/240  34595.0 ms
block 45/80 - 133/240  33838.8 ms
block 46/80 - 136/240  34325.2 ms
block 47/80 - 139/240  34230.7 ms
block 48/80 - 142/240  34605.0 ms
block 49/80 - 145/240  33835.0 ms
block 50/80 - 148/240  34288.0 ms
block 51/80 - 151/240  34247.9 ms
block 52/80 - 154/240  34596.8 ms
block 53/80 - 157/240  33834.6 ms
block 54/80 - 160/240  34309.0 ms
block 55/80 - 163/240  34234.3 ms
block 56/80 - 166/240  34590.8 ms
block 57/80 - 169/240  33850.3 ms
block 58/80 - 172/240  34313.7 ms
block 59/80 - 175/240  34238.3 ms
block 60/80 - 178/240  34589.9 ms
block 61/80 - 181/240  33827.5 ms
block 62/80 - 184/240  34314.8 ms
block 63/80 - 187/240  34249.2 ms
block 64/80 - 190/240  34611.4 ms
block 65/80 - 193/240  33833.2 ms
block 66/80 - 196/240  34321.3 ms
block 67/80 - 199/240  34219.3 ms
block 68/80 - 202/240  34605.6 ms
block 69/80 - 205/240  33820.9 ms
block 70/80 - 208/240  34333.3 ms
block 71/80 - 211/240  34245.0 ms
block 72/80 - 214/240  34603.3 ms
block 73/80 - 217/240  33821.2 ms
block 74/80 - 220/240  34317.9 ms
block 75/80 - 223/240  34225.6 ms
block 76/80 - 226/240  34612.5 ms
block 77/80 - 229/240  33806.7 ms
block 78/80 - 232/240  34336.1 ms
block 79/80 - 235/240  34245.3 ms
block 80/80 - 238/240  34603.2 ms
[32/128] elapsed=94.7m  avg=177.5s/prompt  eta=284.1m
block 1/80 - 1/240  28403.5 ms
block 2/80 - 4/240  30797.7 ms
block 3/80 - 7/240  32682.8 ms
block 4/80 - 10/240  32957.6 ms
block 5/80 - 13/240  32985.0 ms
block 6/80 - 16/240  33305.6 ms
block 7/80 - 19/240  33692.7 ms
block 8/80 - 22/240  34090.4 ms
block 9/80 - 25/240  34021.8 ms
block 10/80 - 28/240  34273.9 ms
block 11/80 - 31/240  34254.7 ms
block 12/80 - 34/240  34598.1 ms
block 13/80 - 37/240  33984.0 ms
block 14/80 - 40/240  34300.8 ms
block 15/80 - 43/240  34267.8 ms
block 16/80 - 46/240  34584.7 ms
block 17/80 - 49/240  33981.4 ms
block 18/80 - 52/240  34300.4 ms
block 19/80 - 55/240  34261.1 ms
block 20/80 - 58/240  34577.9 ms
block 21/80 - 61/240  33976.2 ms
block 22/80 - 64/240  34294.7 ms
block 23/80 - 67/240  34243.2 ms
block 24/80 - 70/240  34609.7 ms
block 25/80 - 73/240  33884.7 ms
block 26/80 - 76/240  34309.9 ms
block 27/80 - 79/240  34242.5 ms
block 28/80 - 82/240  34602.2 ms
block 29/80 - 85/240  33817.5 ms
block 30/80 - 88/240  34302.5 ms
block 31/80 - 91/240  34271.9 ms
block 32/80 - 94/240  34612.3 ms
block 33/80 - 97/240  33810.4 ms
block 34/80 - 100/240  34305.2 ms
block 35/80 - 103/240  34277.5 ms
block 36/80 - 106/240  34619.7 ms
block 37/80 - 109/240  33816.2 ms
block 38/80 - 112/240  34277.9 ms
block 39/80 - 115/240  34270.8 ms
block 40/80 - 118/240  34600.5 ms
block 41/80 - 121/240  33813.4 ms
block 42/80 - 124/240  34296.9 ms
block 43/80 - 127/240  34242.1 ms
block 44/80 - 130/240  34619.7 ms
block 45/80 - 133/240  33817.9 ms
block 46/80 - 136/240  34275.4 ms
block 47/80 - 139/240  34263.0 ms
block 48/80 - 142/240  34606.9 ms
block 49/80 - 145/240  33819.4 ms
block 50/80 - 148/240  34265.3 ms
block 51/80 - 151/240  34284.2 ms
block 52/80 - 154/240  34587.8 ms
block 53/80 - 157/240  33818.3 ms
block 54/80 - 160/240  34260.4 ms
block 55/80 - 163/240  34295.3 ms
block 56/80 - 166/240  34608.5 ms
block 57/80 - 169/240  33815.8 ms
block 58/80 - 172/240  34260.4 ms
block 59/80 - 175/240  34309.4 ms
block 60/80 - 178/240  34612.8 ms
block 61/80 - 181/240  33821.1 ms
block 62/80 - 184/240  34252.5 ms
block 63/80 - 187/240  34301.1 ms
block 64/80 - 190/240  34596.1 ms
block 65/80 - 193/240  33827.5 ms
block 66/80 - 196/240  34256.8 ms
block 67/80 - 199/240  34270.1 ms
block 68/80 - 202/240  34617.4 ms
block 69/80 - 205/240  33835.7 ms
block 70/80 - 208/240  34251.3 ms
block 71/80 - 211/240  34299.7 ms
block 72/80 - 214/240  34613.7 ms
block 73/80 - 217/240  33836.6 ms
block 74/80 - 220/240  34256.1 ms
block 75/80 - 223/240  34299.1 ms
block 76/80 - 226/240  34609.2 ms
block 77/80 - 229/240  33830.6 ms
block 78/80 - 232/240  34240.5 ms
block 79/80 - 235/240  34284.7 ms
block 80/80 - 238/240  34596.6 ms
[48/128] elapsed=140.1m  avg=175.2s/prompt  eta=233.6m
block 1/80 - 1/240  28113.9 ms
block 2/80 - 4/240  30288.3 ms
block 3/80 - 7/240  32779.8 ms
block 4/80 - 10/240  33035.5 ms
block 5/80 - 13/240  33095.7 ms
block 6/80 - 16/240  33427.2 ms
block 7/80 - 19/240  33808.8 ms
block 8/80 - 22/240  34132.6 ms
block 9/80 - 25/240  34138.8 ms
block 10/80 - 28/240  34364.6 ms
block 11/80 - 31/240  34335.6 ms
block 12/80 - 34/240  34588.9 ms
block 13/80 - 37/240  33845.6 ms
block 14/80 - 40/240  34227.5 ms
block 15/80 - 43/240  34312.8 ms
block 16/80 - 46/240  34621.8 ms
block 17/80 - 49/240  33821.4 ms
block 18/80 - 52/240  34240.1 ms
block 19/80 - 55/240  34306.6 ms
block 20/80 - 58/240  34584.0 ms
block 21/80 - 61/240  33846.6 ms
block 22/80 - 64/240  34243.5 ms
block 23/80 - 67/240  34318.1 ms
block 24/80 - 70/240  34621.1 ms
block 25/80 - 73/240  33843.5 ms
block 26/80 - 76/240  34224.5 ms
block 27/80 - 79/240  34334.0 ms
block 28/80 - 82/240  34568.5 ms
block 29/80 - 85/240  33852.6 ms
block 30/80 - 88/240  34208.7 ms
block 31/80 - 91/240  34321.6 ms
block 32/80 - 94/240  34586.7 ms
block 33/80 - 97/240  33850.5 ms
block 34/80 - 100/240  34213.0 ms
block 35/80 - 103/240  34341.8 ms
block 36/80 - 106/240  34609.7 ms
block 37/80 - 109/240  33856.6 ms
block 38/80 - 112/240  34212.6 ms
block 39/80 - 115/240  34323.2 ms
block 40/80 - 118/240  34580.4 ms
block 41/80 - 121/240  33853.7 ms
block 42/80 - 124/240  34190.1 ms
block 43/80 - 127/240  34331.4 ms
block 44/80 - 130/240  34572.5 ms
block 45/80 - 133/240  33842.3 ms
block 46/80 - 136/240  34215.7 ms
block 47/80 - 139/240  34347.4 ms
block 48/80 - 142/240  34590.3 ms
block 49/80 - 145/240  33855.5 ms
block 50/80 - 148/240  34189.7 ms
block 51/80 - 151/240  34355.4 ms
block 52/80 - 154/240  34592.0 ms
block 53/80 - 157/240  33852.6 ms
block 54/80 - 160/240  34219.8 ms
block 55/80 - 163/240  34342.4 ms
block 56/80 - 166/240  34581.4 ms
block 57/80 - 169/240  33857.0 ms
block 58/80 - 172/240  34202.0 ms
block 59/80 - 175/240  34337.9 ms
block 60/80 - 178/240  34584.4 ms
block 61/80 - 181/240  33861.6 ms
block 62/80 - 184/240  34184.0 ms
block 63/80 - 187/240  34347.7 ms
block 64/80 - 190/240  34598.5 ms
block 65/80 - 193/240  33869.0 ms
block 66/80 - 196/240  34189.7 ms
block 67/80 - 199/240  34348.8 ms
block 68/80 - 202/240  34580.0 ms
block 69/80 - 205/240  33873.2 ms
block 70/80 - 208/240  34181.4 ms
block 71/80 - 211/240  34356.7 ms
block 72/80 - 214/240  34592.5 ms
block 73/80 - 217/240  33870.2 ms
block 74/80 - 220/240  34179.1 ms
block 75/80 - 223/240  34340.8 ms
block 76/80 - 226/240  34578.7 ms
block 77/80 - 229/240  33879.7 ms
block 78/80 - 232/240  34178.7 ms
block 79/80 - 235/240  34334.9 ms
block 80/80 - 238/240  34578.3 ms
[64/128] elapsed=185.6m  avg=174.0s/prompt  eta=185.6m
block 1/80 - 1/240  28256.3 ms
block 2/80 - 4/240  30460.7 ms
block 3/80 - 7/240  32752.2 ms
block 4/80 - 10/240  33028.9 ms
block 5/80 - 13/240  33072.1 ms
block 6/80 - 16/240  33389.5 ms
block 7/80 - 19/240  33805.7 ms
block 8/80 - 22/240  34132.1 ms
block 9/80 - 25/240  34114.2 ms
block 10/80 - 28/240  34271.1 ms
block 11/80 - 31/240  34311.0 ms
block 12/80 - 34/240  34588.6 ms
block 13/80 - 37/240  33872.0 ms
block 14/80 - 40/240  34185.7 ms
block 15/80 - 43/240  34338.3 ms
block 16/80 - 46/240  34602.1 ms
block 17/80 - 49/240  33878.6 ms
block 18/80 - 52/240  34194.6 ms
block 19/80 - 55/240  34331.1 ms
block 20/80 - 58/240  34588.1 ms
block 21/80 - 61/240  33878.4 ms
block 22/80 - 64/240  34183.0 ms
block 23/80 - 67/240  34326.4 ms
block 24/80 - 70/240  34580.9 ms
block 25/80 - 73/240  33865.5 ms
block 26/80 - 76/240  34194.7 ms
block 27/80 - 79/240  34334.7 ms
block 28/80 - 82/240  34602.8 ms
block 29/80 - 85/240  33869.1 ms
block 30/80 - 88/240  34180.3 ms
block 31/80 - 91/240  34347.7 ms
block 32/80 - 94/240  34583.4 ms
block 33/80 - 97/240  33865.2 ms
block 34/80 - 100/240  34286.0 ms
block 35/80 - 103/240  34290.0 ms
block 36/80 - 106/240  34576.5 ms
block 37/80 - 109/240  33982.4 ms
block 38/80 - 112/240  34313.5 ms
block 39/80 - 115/240  34301.2 ms
block 40/80 - 118/240  34565.0 ms
block 41/80 - 121/240  33974.2 ms
block 42/80 - 124/240  34319.2 ms
block 43/80 - 127/240  34297.2 ms
block 44/80 - 130/240  34568.9 ms
block 45/80 - 133/240  33966.5 ms
block 46/80 - 136/240  34264.6 ms
block 47/80 - 139/240  34326.2 ms
block 48/80 - 142/240  34571.8 ms
block 49/80 - 145/240  33888.5 ms
block 50/80 - 148/240  34166.2 ms
block 51/80 - 151/240  34337.8 ms
block 52/80 - 154/240  34600.6 ms
block 53/80 - 157/240  33851.5 ms
block 54/80 - 160/240  34166.6 ms
block 55/80 - 163/240  34330.0 ms
block 56/80 - 166/240  34584.2 ms
block 57/80 - 169/240  33833.1 ms
block 58/80 - 172/240  34186.4 ms
block 59/80 - 175/240  34328.8 ms
block 60/80 - 178/240  34596.3 ms
block 61/80 - 181/240  33835.7 ms
block 62/80 - 184/240  34196.4 ms
block 63/80 - 187/240  34323.3 ms
block 64/80 - 190/240  34621.3 ms
block 65/80 - 193/240  33839.1 ms
block 66/80 - 196/240  34180.0 ms
block 67/80 - 199/240  34300.8 ms
block 68/80 - 202/240  34622.7 ms
block 69/80 - 205/240  33853.1 ms
block 70/80 - 208/240  34204.3 ms
block 71/80 - 211/240  34293.7 ms
block 72/80 - 214/240  34618.6 ms
block 73/80 - 217/240  33845.2 ms
block 74/80 - 220/240  34206.5 ms
block 75/80 - 223/240  34307.2 ms
block 76/80 - 226/240  34620.0 ms
block 77/80 - 229/240  33850.5 ms
block 78/80 - 232/240  34196.2 ms
block 79/80 - 235/240  34299.1 ms
block 80/80 - 238/240  34651.2 ms
[80/128] elapsed=231.0m  avg=173.3s/prompt  eta=138.6m
block 1/80 - 1/240  28617.4 ms
block 2/80 - 4/240  30079.4 ms
block 3/80 - 7/240  32438.4 ms
block 4/80 - 10/240  33030.6 ms
block 5/80 - 13/240  33095.0 ms
block 6/80 - 16/240  33241.8 ms
block 7/80 - 19/240  33802.7 ms
block 8/80 - 22/240  34132.4 ms
block 9/80 - 25/240  34126.6 ms
block 10/80 - 28/240  34328.9 ms
block 11/80 - 31/240  34363.0 ms
block 12/80 - 34/240  34682.0 ms
block 13/80 - 37/240  34079.6 ms
block 14/80 - 40/240  34359.5 ms
block 15/80 - 43/240  34296.8 ms
block 16/80 - 46/240  34654.1 ms
block 17/80 - 49/240  33831.1 ms
block 18/80 - 52/240  34209.2 ms
block 19/80 - 55/240  34276.9 ms
block 20/80 - 58/240  34634.8 ms
block 21/80 - 61/240  33846.3 ms
block 22/80 - 64/240  34198.3 ms
block 23/80 - 67/240  34268.1 ms
block 24/80 - 70/240  34640.9 ms
block 25/80 - 73/240  33837.7 ms
block 26/80 - 76/240  34208.7 ms
block 27/80 - 79/240  34263.4 ms
block 28/80 - 82/240  34654.4 ms
block 29/80 - 85/240  33831.3 ms
block 30/80 - 88/240  34206.0 ms
block 31/80 - 91/240  34254.2 ms
block 32/80 - 94/240  34670.1 ms
block 33/80 - 97/240  33830.8 ms
block 34/80 - 100/240  34224.0 ms
block 35/80 - 103/240  34266.0 ms
block 36/80 - 106/240  34665.4 ms
block 37/80 - 109/240  33831.0 ms
block 38/80 - 112/240  34209.7 ms
block 39/80 - 115/240  34251.1 ms
block 40/80 - 118/240  34652.2 ms
block 41/80 - 121/240  33832.7 ms
block 42/80 - 124/240  34206.9 ms
block 43/80 - 127/240  34240.7 ms
block 44/80 - 130/240  34674.3 ms
block 45/80 - 133/240  33849.9 ms
block 46/80 - 136/240  34219.2 ms
block 47/80 - 139/240  34254.6 ms
block 48/80 - 142/240  34674.5 ms
block 49/80 - 145/240  33828.0 ms
block 50/80 - 148/240  34209.1 ms
block 51/80 - 151/240  34253.2 ms
block 52/80 - 154/240  34668.2 ms
block 53/80 - 157/240  34564.5 ms
block 54/80 - 160/240  33873.8 ms
block 55/80 - 163/240  34255.8 ms
block 56/80 - 166/240  34696.5 ms
block 57/80 - 169/240  33834.0 ms
block 58/80 - 172/240  34233.5 ms
block 59/80 - 175/240  34240.5 ms
block 60/80 - 178/240  34686.2 ms
block 61/80 - 181/240  33846.1 ms
block 62/80 - 184/240  34220.3 ms
block 63/80 - 187/240  34247.4 ms
block 64/80 - 190/240  34677.3 ms
block 65/80 - 193/240  33835.8 ms
block 66/80 - 196/240  34233.2 ms
block 67/80 - 199/240  34249.5 ms
block 68/80 - 202/240  34696.1 ms
block 69/80 - 205/240  33849.0 ms
block 70/80 - 208/240  34221.0 ms
block 71/80 - 211/240  34225.7 ms
block 72/80 - 214/240  34710.6 ms
block 73/80 - 217/240  33839.4 ms
block 74/80 - 220/240  34226.5 ms
block 75/80 - 223/240  34219.5 ms
block 76/80 - 226/240  34688.3 ms
block 77/80 - 229/240  33835.8 ms
block 78/80 - 232/240  34226.0 ms
block 79/80 - 235/240  34219.9 ms
block 80/80 - 238/240  34695.2 ms
[96/128] elapsed=276.5m  avg=172.8s/prompt  eta=92.2m
block 1/80 - 1/240  28547.6 ms
block 2/80 - 4/240  30087.3 ms
block 3/80 - 7/240  32260.4 ms
block 4/80 - 10/240  33029.7 ms
block 5/80 - 13/240  33071.9 ms
block 6/80 - 16/240  33235.0 ms
block 7/80 - 19/240  33811.8 ms
block 8/80 - 22/240  34132.8 ms
block 9/80 - 25/240  34134.1 ms
block 10/80 - 28/240  34338.6 ms
block 11/80 - 31/240  34387.4 ms
block 12/80 - 34/240  34698.1 ms
block 13/80 - 37/240  34074.2 ms
block 14/80 - 40/240  34333.0 ms
block 15/80 - 43/240  34360.9 ms
block 16/80 - 46/240  34699.5 ms
block 17/80 - 49/240  34036.7 ms
block 18/80 - 52/240  34213.6 ms
block 19/80 - 55/240  34209.3 ms
block 20/80 - 58/240  34679.5 ms
block 21/80 - 61/240  33850.3 ms
block 22/80 - 64/240  34223.7 ms
block 23/80 - 67/240  34210.6 ms
block 24/80 - 70/240  34685.6 ms
block 25/80 - 73/240  33853.9 ms
block 26/80 - 76/240  34218.6 ms
block 27/80 - 79/240  34212.2 ms
block 28/80 - 82/240  34706.2 ms
block 29/80 - 85/240  33860.0 ms
block 30/80 - 88/240  34238.1 ms
block 31/80 - 91/240  34217.4 ms
block 32/80 - 94/240  34687.7 ms
block 33/80 - 97/240  33859.2 ms
block 34/80 - 100/240  34230.4 ms
block 35/80 - 103/240  34214.3 ms
block 36/80 - 106/240  34755.6 ms
block 37/80 - 109/240  33814.9 ms
block 38/80 - 112/240  34241.9 ms
block 39/80 - 115/240  34206.1 ms
block 40/80 - 118/240  34698.2 ms
block 41/80 - 121/240  33841.8 ms
block 42/80 - 124/240  34246.7 ms
block 43/80 - 127/240  34220.6 ms
block 44/80 - 130/240  34707.0 ms
block 45/80 - 133/240  33839.4 ms
block 46/80 - 136/240  34252.5 ms
block 47/80 - 139/240  34193.0 ms
block 48/80 - 142/240  34710.9 ms
block 49/80 - 145/240  33851.7 ms
block 50/80 - 148/240  34235.1 ms
block 51/80 - 151/240  34191.3 ms
block 52/80 - 154/240  34696.7 ms
block 53/80 - 157/240  33847.7 ms
block 54/80 - 160/240  34243.8 ms
block 55/80 - 163/240  34194.5 ms
block 56/80 - 166/240  34694.0 ms
block 57/80 - 169/240  33857.7 ms
block 58/80 - 172/240  34266.2 ms
block 59/80 - 175/240  34294.7 ms
block 60/80 - 178/240  34608.9 ms
block 61/80 - 181/240  33942.2 ms
block 62/80 - 184/240  34279.5 ms
block 63/80 - 187/240  34304.1 ms
block 64/80 - 190/240  34624.4 ms
block 65/80 - 193/240  33949.7 ms
block 66/80 - 196/240  34289.1 ms
block 67/80 - 199/240  34296.8 ms
block 68/80 - 202/240  34597.8 ms
block 69/80 - 205/240  33948.1 ms
block 70/80 - 208/240  34282.2 ms
block 71/80 - 211/240  34206.4 ms
block 72/80 - 214/240  34655.5 ms
block 73/80 - 217/240  33872.2 ms
block 74/80 - 220/240  34236.1 ms
block 75/80 - 223/240  34171.0 ms
block 76/80 - 226/240  34671.9 ms
block 77/80 - 229/240  33867.5 ms
block 78/80 - 232/240  34231.7 ms
block 79/80 - 235/240  34170.1 ms
block 80/80 - 238/240  34661.0 ms
[112/128] elapsed=322.0m  avg=172.5s/prompt  eta=46.0m
block 1/80 - 1/240  29320.2 ms
block 2/80 - 4/240  30076.3 ms
block 3/80 - 7/240  32255.3 ms
block 4/80 - 10/240  32777.2 ms
block 5/80 - 13/240  33096.7 ms
block 6/80 - 16/240  33425.8 ms
block 7/80 - 19/240  33822.0 ms
block 8/80 - 22/240  34131.7 ms
block 9/80 - 25/240  34132.5 ms
block 10/80 - 28/240  34343.3 ms
block 11/80 - 31/240  34392.8 ms
block 12/80 - 34/240  34712.0 ms
block 13/80 - 37/240  34088.4 ms
block 14/80 - 40/240  34324.5 ms
block 15/80 - 43/240  34379.2 ms
block 16/80 - 46/240  34712.6 ms
block 17/80 - 49/240  34067.6 ms
block 18/80 - 52/240  34319.6 ms
block 19/80 - 55/240  34194.5 ms
block 20/80 - 58/240  34625.3 ms
block 21/80 - 61/240  33884.0 ms
block 22/80 - 64/240  34211.5 ms
block 23/80 - 67/240  34208.9 ms
block 24/80 - 70/240  34634.8 ms
block 25/80 - 73/240  33912.0 ms
block 26/80 - 76/240  34218.4 ms
block 27/80 - 79/240  34202.5 ms
block 28/80 - 82/240  34652.4 ms
block 29/80 - 85/240  33890.4 ms
block 30/80 - 88/240  34242.2 ms
block 31/80 - 91/240  34231.0 ms
block 32/80 - 94/240  34627.4 ms
block 33/80 - 97/240  33910.5 ms
block 34/80 - 100/240  34222.6 ms
block 35/80 - 103/240  34216.5 ms
block 36/80 - 106/240  34625.3 ms
block 37/80 - 109/240  33916.4 ms
block 38/80 - 112/240  34217.3 ms
block 39/80 - 115/240  34209.0 ms
block 40/80 - 118/240  34624.1 ms
block 41/80 - 121/240  33917.0 ms
block 42/80 - 124/240  34214.4 ms
block 43/80 - 127/240  34198.9 ms
block 44/80 - 130/240  34615.5 ms
block 45/80 - 133/240  33913.2 ms
block 46/80 - 136/240  34244.2 ms
block 47/80 - 139/240  34214.3 ms
block 48/80 - 142/240  34631.3 ms
block 49/80 - 145/240  33905.6 ms
block 50/80 - 148/240  34246.4 ms
block 51/80 - 151/240  34211.4 ms
block 52/80 - 154/240  34613.5 ms
block 53/80 - 157/240  33913.8 ms
block 54/80 - 160/240  34214.1 ms
block 55/80 - 163/240  34221.2 ms
block 56/80 - 166/240  34587.5 ms
block 57/80 - 169/240  33917.7 ms
block 58/80 - 172/240  34222.3 ms
block 59/80 - 175/240  34205.2 ms
block 60/80 - 178/240  34598.8 ms
block 61/80 - 181/240  33934.0 ms
block 62/80 - 184/240  34215.1 ms
block 63/80 - 187/240  34227.2 ms
block 64/80 - 190/240  34592.5 ms
block 65/80 - 193/240  33920.0 ms
block 66/80 - 196/240  34227.6 ms
block 67/80 - 199/240  34213.7 ms
block 68/80 - 202/240  34600.8 ms
block 69/80 - 205/240  33921.4 ms
block 70/80 - 208/240  34219.6 ms
block 71/80 - 211/240  34219.8 ms
block 72/80 - 214/240  34604.4 ms
block 73/80 - 217/240  33926.5 ms
block 74/80 - 220/240  34236.2 ms
block 75/80 - 223/240  34224.1 ms
block 76/80 - 226/240  34610.8 ms
block 77/80 - 229/240  33930.7 ms
block 78/80 - 232/240  34213.8 ms
block 79/80 - 235/240  34219.7 ms
block 80/80 - 238/240  34596.2 ms
[128/128] elapsed=367.4m  avg=172.2s/prompt  eta=0.0m
