Running on a single GPU (cuda); skipping NCCL initialization.
Free VRAM 93.14923095703125 GB
Loading CUDA extension (first run compiles ~60s; cached run ~3s)...
CUDA extension ready in 149.7s.
KV inference with 3 frames per block
Number of prompts: 128
Prompt index range: [0, 128)
Loading PyramidKV config from configs/head_configs/best_labels.csv
block 1/80 - 1/240  239692.0 ms
block 2/80 - 4/240  30961.8 ms
block 3/80 - 7/240  32866.9 ms
block 4/80 - 10/240  33064.7 ms
block 5/80 - 13/240  33113.7 ms
block 6/80 - 16/240  33548.7 ms
block 7/80 - 19/240  33884.3 ms
block 8/80 - 22/240  34177.5 ms
block 9/80 - 25/240  34149.4 ms
block 10/80 - 28/240  34419.6 ms
block 11/80 - 31/240  34467.2 ms
block 12/80 - 34/240  34764.5 ms
block 13/80 - 37/240  34112.1 ms
block 14/80 - 40/240  34424.5 ms
block 15/80 - 43/240  34448.1 ms
block 16/80 - 46/240  34764.8 ms
block 17/80 - 49/240  34118.0 ms
block 18/80 - 52/240  34420.4 ms
block 19/80 - 55/240  34446.5 ms
block 20/80 - 58/240  34765.7 ms
block 21/80 - 61/240  34122.3 ms
block 22/80 - 64/240  34395.9 ms
block 23/80 - 67/240  34461.3 ms
block 24/80 - 70/240  34789.7 ms
block 25/80 - 73/240  34128.2 ms
block 26/80 - 76/240  34430.2 ms
block 27/80 - 79/240  34454.8 ms
block 28/80 - 82/240  34770.0 ms
block 29/80 - 85/240  34126.4 ms
block 30/80 - 88/240  34409.7 ms
block 31/80 - 91/240  34457.7 ms
block 32/80 - 94/240  34780.1 ms
block 33/80 - 97/240  34121.7 ms
block 34/80 - 100/240  34408.1 ms
block 35/80 - 103/240  34448.9 ms
block 36/80 - 106/240  34770.2 ms
block 37/80 - 109/240  34122.1 ms
block 38/80 - 112/240  34430.3 ms
block 39/80 - 115/240  34452.1 ms
block 40/80 - 118/240  34774.4 ms
block 41/80 - 121/240  34119.0 ms
block 42/80 - 124/240  34419.8 ms
block 43/80 - 127/240  34447.3 ms
block 44/80 - 130/240  34767.9 ms
block 45/80 - 133/240  34113.6 ms
block 46/80 - 136/240  34408.8 ms
block 47/80 - 139/240  34440.9 ms
block 48/80 - 142/240  34750.2 ms
block 49/80 - 145/240  34122.4 ms
block 50/80 - 148/240  34415.7 ms
block 51/80 - 151/240  34450.9 ms
block 52/80 - 154/240  34774.0 ms
block 53/80 - 157/240  34123.3 ms
block 54/80 - 160/240  34429.6 ms
block 55/80 - 163/240  34450.3 ms
block 56/80 - 166/240  34759.5 ms
block 57/80 - 169/240  34116.7 ms
block 58/80 - 172/240  34421.2 ms
block 59/80 - 175/240  34451.5 ms
block 60/80 - 178/240  34758.7 ms
block 61/80 - 181/240  34117.1 ms
block 62/80 - 184/240  34414.3 ms
block 63/80 - 187/240  34441.3 ms
block 64/80 - 190/240  34792.7 ms
block 65/80 - 193/240  34117.9 ms
block 66/80 - 196/240  34412.5 ms
block 67/80 - 199/240  34455.0 ms
block 68/80 - 202/240  34779.8 ms
block 69/80 - 205/240  34124.3 ms
block 70/80 - 208/240  34415.0 ms
block 71/80 - 211/240  34467.2 ms
block 72/80 - 214/240  34784.2 ms
block 73/80 - 217/240  34123.5 ms
block 74/80 - 220/240  34419.2 ms
block 75/80 - 223/240  34461.2 ms
block 76/80 - 226/240  34755.5 ms
block 77/80 - 229/240  34112.6 ms
block 78/80 - 232/240  34420.7 ms
block 79/80 - 235/240  34452.3 ms
block 80/80 - 238/240  34763.6 ms
/apdcephfs_gy2/share_303214315/cedricnie/miniconda3/envs/longlive/lib/python3.10/site-packages/torchvision/io/_video_deprecation_warning.py:9: UserWarning: The video decoding and encoding capabilities of torchvision are deprecated from version 0.22 and will be removed in version 0.24. We recommend that you migrate to TorchCodec, where we'll consolidate the future decoding/encoding capabilities of PyTorch: https://github.com/pytorch/torchcodec
  warnings.warn(
[15/128] elapsed=49.5m  avg=198.0s/prompt  eta=372.9m
block 1/80 - 1/240  28953.4 ms
block 2/80 - 4/240  30824.9 ms
block 3/80 - 7/240  32820.5 ms
block 4/80 - 10/240  33049.7 ms
block 5/80 - 13/240  33094.6 ms
block 6/80 - 16/240  33487.1 ms
block 7/80 - 19/240  33898.2 ms
block 8/80 - 22/240  34156.5 ms
block 9/80 - 25/240  34149.5 ms
block 10/80 - 28/240  34394.3 ms
block 11/80 - 31/240  34688.1 ms
block 12/80 - 34/240  34763.3 ms
block 13/80 - 37/240  34110.5 ms
block 14/80 - 40/240  34413.5 ms
block 15/80 - 43/240  34450.6 ms
block 16/80 - 46/240  34772.9 ms
block 17/80 - 49/240  34117.1 ms
block 18/80 - 52/240  34405.4 ms
block 19/80 - 55/240  34456.9 ms
block 20/80 - 58/240  34773.7 ms
block 21/80 - 61/240  34123.8 ms
block 22/80 - 64/240  34410.5 ms
block 23/80 - 67/240  34466.8 ms
block 24/80 - 70/240  34748.0 ms
block 25/80 - 73/240  34119.4 ms
block 26/80 - 76/240  34412.9 ms
block 27/80 - 79/240  34465.5 ms
block 28/80 - 82/240  34764.5 ms
block 29/80 - 85/240  34122.3 ms
block 30/80 - 88/240  34421.0 ms
block 31/80 - 91/240  34450.2 ms
block 32/80 - 94/240  34779.2 ms
block 33/80 - 97/240  34119.0 ms
block 34/80 - 100/240  34409.2 ms
block 35/80 - 103/240  34451.9 ms
block 36/80 - 106/240  34777.5 ms
block 37/80 - 109/240  34107.1 ms
block 38/80 - 112/240  34413.0 ms
block 39/80 - 115/240  34461.3 ms
block 40/80 - 118/240  34759.9 ms
block 41/80 - 121/240  34126.9 ms
block 42/80 - 124/240  34419.5 ms
block 43/80 - 127/240  34447.5 ms
block 44/80 - 130/240  34784.6 ms
block 45/80 - 133/240  34119.0 ms
block 46/80 - 136/240  34406.1 ms
block 47/80 - 139/240  34451.0 ms
block 48/80 - 142/240  34763.9 ms
block 49/80 - 145/240  34119.4 ms
block 50/80 - 148/240  34409.0 ms
block 51/80 - 151/240  34445.8 ms
block 52/80 - 154/240  34772.2 ms
block 53/80 - 157/240  34128.6 ms
block 54/80 - 160/240  34405.2 ms
block 55/80 - 163/240  34446.9 ms
block 56/80 - 166/240  34761.0 ms
block 57/80 - 169/240  34119.0 ms
block 58/80 - 172/240  34434.9 ms
block 59/80 - 175/240  34459.4 ms
block 60/80 - 178/240  34760.6 ms
block 61/80 - 181/240  34120.0 ms
block 62/80 - 184/240  34415.1 ms
block 63/80 - 187/240  34437.7 ms
block 64/80 - 190/240  34760.9 ms
block 65/80 - 193/240  34127.2 ms
block 66/80 - 196/240  34403.8 ms
block 67/80 - 199/240  34446.9 ms
block 68/80 - 202/240  34773.4 ms
block 69/80 - 205/240  34123.5 ms
block 70/80 - 208/240  34404.6 ms
block 71/80 - 211/240  34446.6 ms
block 72/80 - 214/240  34756.1 ms
block 73/80 - 217/240  34118.3 ms
block 74/80 - 220/240  34407.9 ms
block 75/80 - 223/240  34443.0 ms
block 76/80 - 226/240  34760.6 ms
block 77/80 - 229/240  34117.1 ms
block 78/80 - 232/240  34418.0 ms
block 79/80 - 235/240  34456.2 ms
block 80/80 - 238/240  34759.4 ms
[31/128] elapsed=95.2m  avg=184.3s/prompt  eta=297.9m
block 1/80 - 1/240  28966.8 ms
block 2/80 - 4/240  30825.8 ms
block 3/80 - 7/240  32812.1 ms
block 4/80 - 10/240  33051.0 ms
block 5/80 - 13/240  33095.9 ms
block 6/80 - 16/240  33473.7 ms
block 7/80 - 19/240  33898.9 ms
block 8/80 - 22/240  34154.5 ms
block 9/80 - 25/240  34150.1 ms
block 10/80 - 28/240  34436.8 ms
block 11/80 - 31/240  34459.6 ms
block 12/80 - 34/240  34769.6 ms
block 13/80 - 37/240  34118.8 ms
block 14/80 - 40/240  34399.9 ms
block 15/80 - 43/240  34431.0 ms
block 16/80 - 46/240  34773.9 ms
block 17/80 - 49/240  34121.5 ms
block 18/80 - 52/240  34408.4 ms
block 19/80 - 55/240  34431.8 ms
block 20/80 - 58/240  34758.5 ms
block 21/80 - 61/240  34113.6 ms
block 22/80 - 64/240  34414.8 ms
block 23/80 - 67/240  34450.7 ms
block 24/80 - 70/240  34770.3 ms
block 25/80 - 73/240  34124.0 ms
block 26/80 - 76/240  34424.4 ms
block 27/80 - 79/240  34445.8 ms
block 28/80 - 82/240  34764.1 ms
block 29/80 - 85/240  34118.3 ms
block 30/80 - 88/240  34399.0 ms
block 31/80 - 91/240  34437.9 ms
block 32/80 - 94/240  34778.1 ms
block 33/80 - 97/240  34117.5 ms
block 34/80 - 100/240  34398.7 ms
block 35/80 - 103/240  34440.2 ms
block 36/80 - 106/240  34764.1 ms
block 37/80 - 109/240  34116.7 ms
block 38/80 - 112/240  34418.2 ms
block 39/80 - 115/240  34460.6 ms
block 40/80 - 118/240  34773.7 ms
block 41/80 - 121/240  34118.1 ms
block 42/80 - 124/240  34424.0 ms
block 43/80 - 127/240  34447.4 ms
block 44/80 - 130/240  34768.1 ms
block 45/80 - 133/240  34121.2 ms
block 46/80 - 136/240  34404.9 ms
block 47/80 - 139/240  34435.5 ms
block 48/80 - 142/240  34768.3 ms
block 49/80 - 145/240  34125.8 ms
block 50/80 - 148/240  34414.4 ms
block 51/80 - 151/240  34466.7 ms
block 52/80 - 154/240  34777.9 ms
block 53/80 - 157/240  34118.6 ms
block 54/80 - 160/240  34429.7 ms
block 55/80 - 163/240  34450.9 ms
block 56/80 - 166/240  34758.8 ms
block 57/80 - 169/240  34117.8 ms
block 58/80 - 172/240  34415.1 ms
block 59/80 - 175/240  34457.2 ms
block 60/80 - 178/240  34774.8 ms
block 61/80 - 181/240  34113.7 ms
block 62/80 - 184/240  34409.4 ms
block 63/80 - 187/240  34437.4 ms
block 64/80 - 190/240  34767.2 ms
block 65/80 - 193/240  34117.9 ms
block 66/80 - 196/240  34413.5 ms
block 67/80 - 199/240  34471.1 ms
block 68/80 - 202/240  34771.9 ms
block 69/80 - 205/240  34117.7 ms
block 70/80 - 208/240  34409.1 ms
block 71/80 - 211/240  34451.5 ms
block 72/80 - 214/240  34775.0 ms
block 73/80 - 217/240  34113.9 ms
block 74/80 - 220/240  34413.4 ms
block 75/80 - 223/240  34441.8 ms
block 76/80 - 226/240  34764.3 ms
block 77/80 - 229/240  34116.9 ms
block 78/80 - 232/240  34423.3 ms
block 79/80 - 235/240  34451.1 ms
block 80/80 - 238/240  34770.5 ms
[47/128] elapsed=140.9m  avg=179.9s/prompt  eta=242.8m
block 1/80 - 1/240  29010.3 ms
block 2/80 - 4/240  30825.2 ms
block 3/80 - 7/240  32801.5 ms
block 4/80 - 10/240  33047.7 ms
block 5/80 - 13/240  33094.3 ms
block 6/80 - 16/240  33464.2 ms
block 7/80 - 19/240  33899.6 ms
block 8/80 - 22/240  34156.5 ms
block 9/80 - 25/240  34149.7 ms
block 10/80 - 28/240  34420.8 ms
block 11/80 - 31/240  34450.4 ms
block 12/80 - 34/240  34776.1 ms
block 13/80 - 37/240  34124.0 ms
block 14/80 - 40/240  34410.8 ms
block 15/80 - 43/240  34457.3 ms
block 16/80 - 46/240  34773.9 ms
block 17/80 - 49/240  34117.6 ms
block 18/80 - 52/240  34413.6 ms
block 19/80 - 55/240  34456.5 ms
block 20/80 - 58/240  34769.8 ms
block 21/80 - 61/240  34116.6 ms
block 22/80 - 64/240  34415.1 ms
block 23/80 - 67/240  34451.4 ms
block 24/80 - 70/240  34764.2 ms
block 25/80 - 73/240  34114.3 ms
block 26/80 - 76/240  34420.5 ms
block 27/80 - 79/240  34442.0 ms
block 28/80 - 82/240  34758.9 ms
block 29/80 - 85/240  34117.7 ms
block 30/80 - 88/240  34400.3 ms
block 31/80 - 91/240  34448.7 ms
block 32/80 - 94/240  34763.3 ms
block 33/80 - 97/240  34118.6 ms
block 34/80 - 100/240  34414.5 ms
block 35/80 - 103/240  34469.9 ms
block 36/80 - 106/240  34756.8 ms
block 37/80 - 109/240  34113.3 ms
block 38/80 - 112/240  34419.2 ms
block 39/80 - 115/240  34457.4 ms
block 40/80 - 118/240  34764.3 ms
block 41/80 - 121/240  34118.2 ms
block 42/80 - 124/240  34430.1 ms
block 43/80 - 127/240  34450.7 ms
block 44/80 - 130/240  34769.8 ms
block 45/80 - 133/240  34117.9 ms
block 46/80 - 136/240  34408.2 ms
block 47/80 - 139/240  34456.5 ms
block 48/80 - 142/240  34773.8 ms
block 49/80 - 145/240  34122.4 ms
block 50/80 - 148/240  34415.7 ms
block 51/80 - 151/240  34451.9 ms
block 52/80 - 154/240  34754.0 ms
block 53/80 - 157/240  34117.7 ms
block 54/80 - 160/240  34429.9 ms
block 55/80 - 163/240  34450.1 ms
block 56/80 - 166/240  34774.8 ms
block 57/80 - 169/240  34112.2 ms
block 58/80 - 172/240  34410.2 ms
block 59/80 - 175/240  34470.1 ms
block 60/80 - 178/240  34763.5 ms
block 61/80 - 181/240  34124.4 ms
block 62/80 - 184/240  34418.8 ms
block 63/80 - 187/240  34461.2 ms
block 64/80 - 190/240  34769.4 ms
block 65/80 - 193/240  34124.3 ms
block 66/80 - 196/240  34429.9 ms
block 67/80 - 199/240  34448.3 ms
block 68/80 - 202/240  34769.1 ms
block 69/80 - 205/240  34114.0 ms
block 70/80 - 208/240  34410.3 ms
block 71/80 - 211/240  34448.6 ms
block 72/80 - 214/240  34775.1 ms
block 73/80 - 217/240  34122.9 ms
block 74/80 - 220/240  34421.0 ms
block 75/80 - 223/240  34451.3 ms
block 76/80 - 226/240  34784.6 ms
block 77/80 - 229/240  34123.6 ms
block 78/80 - 232/240  34400.9 ms
block 79/80 - 235/240  34474.5 ms
block 80/80 - 238/240  34768.0 ms
[63/128] elapsed=186.6m  avg=177.7s/prompt  eta=192.5m
block 1/80 - 1/240  29251.4 ms
block 2/80 - 4/240  30824.6 ms
block 3/80 - 7/240  32807.1 ms
block 4/80 - 10/240  33050.6 ms
block 5/80 - 13/240  33114.2 ms
block 6/80 - 16/240  33492.5 ms
block 7/80 - 19/240  33893.9 ms
block 8/80 - 22/240  34156.6 ms
block 9/80 - 25/240  34149.7 ms
block 10/80 - 28/240  34429.7 ms
block 11/80 - 31/240  34469.9 ms
block 12/80 - 34/240  34759.9 ms
block 13/80 - 37/240  34122.0 ms
block 14/80 - 40/240  34398.1 ms
block 15/80 - 43/240  34470.3 ms
block 16/80 - 46/240  34777.2 ms
block 17/80 - 49/240  34106.2 ms
block 18/80 - 52/240  34425.0 ms
block 19/80 - 55/240  34454.7 ms
block 20/80 - 58/240  34778.3 ms
block 21/80 - 61/240  34112.2 ms
block 22/80 - 64/240  34419.9 ms
block 23/80 - 67/240  34469.3 ms
block 24/80 - 70/240  34763.9 ms
block 25/80 - 73/240  34112.0 ms
block 26/80 - 76/240  34420.3 ms
block 27/80 - 79/240  34450.2 ms
block 28/80 - 82/240  34758.4 ms
block 29/80 - 85/240  34118.8 ms
block 30/80 - 88/240  34429.2 ms
block 31/80 - 91/240  34461.2 ms
block 32/80 - 94/240  34773.8 ms
block 33/80 - 97/240  34109.0 ms
block 34/80 - 100/240  34418.4 ms
block 35/80 - 103/240  34470.3 ms
block 36/80 - 106/240  34778.6 ms
block 37/80 - 109/240  34122.4 ms
block 38/80 - 112/240  34399.5 ms
block 39/80 - 115/240  34469.9 ms
block 40/80 - 118/240  34778.2 ms
block 41/80 - 121/240  34119.1 ms
block 42/80 - 124/240  34409.4 ms
block 43/80 - 127/240  34475.4 ms
block 44/80 - 130/240  34770.4 ms
block 45/80 - 133/240  34117.5 ms
block 46/80 - 136/240  34412.9 ms
block 47/80 - 139/240  34455.9 ms
block 48/80 - 142/240  34780.3 ms
block 49/80 - 145/240  34122.2 ms
block 50/80 - 148/240  34415.1 ms
block 51/80 - 151/240  34465.9 ms
block 52/80 - 154/240  34769.4 ms
block 53/80 - 157/240  34112.8 ms
block 54/80 - 160/240  34418.6 ms
block 55/80 - 163/240  34448.3 ms
block 56/80 - 166/240  34748.9 ms
block 57/80 - 169/240  34119.1 ms
block 58/80 - 172/240  34409.7 ms
block 59/80 - 175/240  34456.0 ms
block 60/80 - 178/240  34781.8 ms
block 61/80 - 181/240  34111.4 ms
block 62/80 - 184/240  34405.2 ms
block 63/80 - 187/240  34456.6 ms
block 64/80 - 190/240  34773.3 ms
block 65/80 - 193/240  34112.1 ms
block 66/80 - 196/240  34403.5 ms
block 67/80 - 199/240  34465.1 ms
block 68/80 - 202/240  34758.6 ms
block 69/80 - 205/240  34113.4 ms
block 70/80 - 208/240  34428.6 ms
block 71/80 - 211/240  34451.3 ms
block 72/80 - 214/240  34765.5 ms
block 73/80 - 217/240  34120.3 ms
block 74/80 - 220/240  34420.7 ms
block 75/80 - 223/240  34442.6 ms
block 76/80 - 226/240  34754.2 ms
block 77/80 - 229/240  34122.8 ms
block 78/80 - 232/240  34410.4 ms
block 79/80 - 235/240  34474.6 ms
block 80/80 - 238/240  34763.2 ms
[79/128] elapsed=232.3m  avg=176.4s/prompt  eta=144.1m
block 1/80 - 1/240  28956.6 ms
block 2/80 - 4/240  30825.1 ms
block 3/80 - 7/240  32817.0 ms
block 4/80 - 10/240  33054.3 ms
block 5/80 - 13/240  33092.6 ms
block 6/80 - 16/240  33307.6 ms
block 7/80 - 19/240  33917.9 ms
block 8/80 - 22/240  34155.3 ms
block 9/80 - 25/240  34149.0 ms
block 10/80 - 28/240  34400.3 ms
block 11/80 - 31/240  34470.3 ms
block 12/80 - 34/240  34779.1 ms
block 13/80 - 37/240  34117.4 ms
block 14/80 - 40/240  34409.3 ms
block 15/80 - 43/240  34447.9 ms
block 16/80 - 46/240  34762.5 ms
block 17/80 - 49/240  34118.0 ms
block 18/80 - 52/240  34427.2 ms
block 19/80 - 55/240  34452.9 ms
block 20/80 - 58/240  34768.8 ms
block 21/80 - 61/240  34118.2 ms
block 22/80 - 64/240  34419.0 ms
block 23/80 - 67/240  34442.3 ms
block 24/80 - 70/240  34779.7 ms
block 25/80 - 73/240  34118.4 ms
block 26/80 - 76/240  34422.4 ms
block 27/80 - 79/240  34461.6 ms
block 28/80 - 82/240  34776.1 ms
block 29/80 - 85/240  34122.5 ms
block 30/80 - 88/240  34419.1 ms
block 31/80 - 91/240  34455.2 ms
block 32/80 - 94/240  34759.2 ms
block 33/80 - 97/240  34128.3 ms
block 34/80 - 100/240  34413.7 ms
block 35/80 - 103/240  34444.9 ms
block 36/80 - 106/240  34761.9 ms
block 37/80 - 109/240  34113.4 ms
block 38/80 - 112/240  34419.5 ms
block 39/80 - 115/240  34475.9 ms
block 40/80 - 118/240  34777.0 ms
block 41/80 - 121/240  34117.6 ms
block 42/80 - 124/240  34408.8 ms
block 43/80 - 127/240  34447.1 ms
block 44/80 - 130/240  34767.8 ms
block 45/80 - 133/240  34115.9 ms
block 46/80 - 136/240  34418.8 ms
block 47/80 - 139/240  34451.4 ms
block 48/80 - 142/240  34769.0 ms
block 49/80 - 145/240  34117.5 ms
block 50/80 - 148/240  34404.7 ms
block 51/80 - 151/240  34455.1 ms
block 52/80 - 154/240  34760.5 ms
block 53/80 - 157/240  34730.7 ms
block 54/80 - 160/240  34086.4 ms
block 55/80 - 163/240  34455.5 ms
block 56/80 - 166/240  34788.7 ms
block 57/80 - 169/240  34123.5 ms
block 58/80 - 172/240  34399.6 ms
block 59/80 - 175/240  34472.5 ms
block 60/80 - 178/240  34758.7 ms
block 61/80 - 181/240  34117.0 ms
block 62/80 - 184/240  34405.1 ms
block 63/80 - 187/240  34466.1 ms
block 64/80 - 190/240  34763.4 ms
block 65/80 - 193/240  34122.6 ms
block 66/80 - 196/240  34409.1 ms
block 67/80 - 199/240  34447.2 ms
block 68/80 - 202/240  34777.6 ms
block 69/80 - 205/240  34106.7 ms
block 70/80 - 208/240  34409.3 ms
block 71/80 - 211/240  34455.8 ms
block 72/80 - 214/240  34764.9 ms
block 73/80 - 217/240  34133.8 ms
block 74/80 - 220/240  34381.6 ms
block 75/80 - 223/240  34457.1 ms
block 76/80 - 226/240  34768.7 ms
block 77/80 - 229/240  34122.4 ms
block 78/80 - 232/240  34414.5 ms
block 79/80 - 235/240  34461.4 ms
block 80/80 - 238/240  34765.0 ms
[95/128] elapsed=278.0m  avg=175.6s/prompt  eta=96.6m
block 1/80 - 1/240  29253.3 ms
block 2/80 - 4/240  30826.1 ms
block 3/80 - 7/240  32803.7 ms
block 4/80 - 10/240  33054.3 ms
block 5/80 - 13/240  33090.0 ms
block 6/80 - 16/240  33479.0 ms
block 7/80 - 19/240  33893.6 ms
block 8/80 - 22/240  34154.5 ms
block 9/80 - 25/240  34148.5 ms
block 10/80 - 28/240  34409.8 ms
block 11/80 - 31/240  34456.5 ms
block 12/80 - 34/240  34759.7 ms
block 13/80 - 37/240  34111.1 ms
block 14/80 - 40/240  34414.2 ms
block 15/80 - 43/240  34460.8 ms
block 16/80 - 46/240  34773.3 ms
block 17/80 - 49/240  34119.2 ms
block 18/80 - 52/240  34395.6 ms
block 19/80 - 55/240  34453.8 ms
block 20/80 - 58/240  34758.2 ms
block 21/80 - 61/240  34118.7 ms
block 22/80 - 64/240  34419.3 ms
block 23/80 - 67/240  34466.3 ms
block 24/80 - 70/240  34769.4 ms
block 25/80 - 73/240  34122.9 ms
block 26/80 - 76/240  34424.7 ms
block 27/80 - 79/240  34462.1 ms
block 28/80 - 82/240  34763.8 ms
block 29/80 - 85/240  34113.6 ms
block 30/80 - 88/240  34398.6 ms
block 31/80 - 91/240  34447.1 ms
block 32/80 - 94/240  34743.8 ms
block 33/80 - 97/240  34118.5 ms
block 34/80 - 100/240  34425.6 ms
block 35/80 - 103/240  34464.7 ms
block 36/80 - 106/240  34759.3 ms
block 37/80 - 109/240  34116.7 ms
block 38/80 - 112/240  34408.5 ms
block 39/80 - 115/240  34450.8 ms
block 40/80 - 118/240  34778.2 ms
block 41/80 - 121/240  34116.7 ms
block 42/80 - 124/240  34406.3 ms
block 43/80 - 127/240  34460.7 ms
block 44/80 - 130/240  34767.3 ms
block 45/80 - 133/240  34118.9 ms
block 46/80 - 136/240  34434.8 ms
block 47/80 - 139/240  34451.8 ms
block 48/80 - 142/240  34765.5 ms
block 49/80 - 145/240  34119.0 ms
block 50/80 - 148/240  34415.0 ms
block 51/80 - 151/240  34466.8 ms
block 52/80 - 154/240  34749.7 ms
block 53/80 - 157/240  34117.1 ms
block 54/80 - 160/240  34424.0 ms
block 55/80 - 163/240  34445.2 ms
block 56/80 - 166/240  34764.2 ms
block 57/80 - 169/240  34117.6 ms
block 58/80 - 172/240  34412.1 ms
block 59/80 - 175/240  34445.9 ms
block 60/80 - 178/240  34758.6 ms
block 61/80 - 181/240  34122.5 ms
block 62/80 - 184/240  34399.0 ms
block 63/80 - 187/240  34432.8 ms
block 64/80 - 190/240  34763.9 ms
block 65/80 - 193/240  34112.8 ms
block 66/80 - 196/240  34412.7 ms
block 67/80 - 199/240  34470.2 ms
block 68/80 - 202/240  34772.9 ms
block 69/80 - 205/240  34112.5 ms
block 70/80 - 208/240  34410.0 ms
block 71/80 - 211/240  34455.9 ms
block 72/80 - 214/240  34769.6 ms
block 73/80 - 217/240  34128.8 ms
block 74/80 - 220/240  34398.3 ms
block 75/80 - 223/240  34455.6 ms
block 76/80 - 226/240  34757.2 ms
block 77/80 - 229/240  34123.0 ms
block 78/80 - 232/240  34415.4 ms
block 79/80 - 235/240  34442.6 ms
block 80/80 - 238/240  34764.6 ms
[111/128] elapsed=323.7m  avg=175.0s/prompt  eta=49.6m
block 1/80 - 1/240  28970.6 ms
block 2/80 - 4/240  30824.7 ms
block 3/80 - 7/240  32813.9 ms
block 4/80 - 10/240  33050.4 ms
block 5/80 - 13/240  33095.0 ms
block 6/80 - 16/240  33469.8 ms
block 7/80 - 19/240  33894.0 ms
block 8/80 - 22/240  34150.9 ms
block 9/80 - 25/240  34149.8 ms
block 10/80 - 28/240  34417.6 ms
block 11/80 - 31/240  34446.8 ms
block 12/80 - 34/240  34763.5 ms
block 13/80 - 37/240  34123.0 ms
block 14/80 - 40/240  34399.5 ms
block 15/80 - 43/240  34461.7 ms
block 16/80 - 46/240  34753.9 ms
block 17/80 - 49/240  34118.1 ms
block 18/80 - 52/240  34398.8 ms
block 19/80 - 55/240  34444.6 ms
block 20/80 - 58/240  34764.8 ms
block 21/80 - 61/240  34117.4 ms
block 22/80 - 64/240  34409.4 ms
block 23/80 - 67/240  34454.3 ms
block 24/80 - 70/240  34762.6 ms
block 25/80 - 73/240  34119.2 ms
block 26/80 - 76/240  34404.9 ms
block 27/80 - 79/240  34445.7 ms
block 28/80 - 82/240  34762.6 ms
block 29/80 - 85/240  34118.7 ms
block 30/80 - 88/240  34423.2 ms
block 31/80 - 91/240  34436.3 ms
block 32/80 - 94/240  34776.7 ms
block 33/80 - 97/240  34118.8 ms
block 34/80 - 100/240  34422.9 ms
block 35/80 - 103/240  34456.5 ms
block 36/80 - 106/240  34767.0 ms
block 37/80 - 109/240  34112.2 ms
block 38/80 - 112/240  34413.8 ms
block 39/80 - 115/240  34450.1 ms
block 40/80 - 118/240  34778.2 ms
block 41/80 - 121/240  34121.4 ms
block 42/80 - 124/240  34408.8 ms
block 43/80 - 127/240  34463.2 ms
block 44/80 - 130/240  34758.6 ms
block 45/80 - 133/240  34127.4 ms
block 46/80 - 136/240  34415.2 ms
block 47/80 - 139/240  34459.7 ms
block 48/80 - 142/240  34749.4 ms
block 49/80 - 145/240  34113.0 ms
block 50/80 - 148/240  34400.0 ms
block 51/80 - 151/240  34451.2 ms
block 52/80 - 154/240  34754.8 ms
block 53/80 - 157/240  34116.6 ms
block 54/80 - 160/240  34410.1 ms
block 55/80 - 163/240  34461.0 ms
block 56/80 - 166/240  34765.2 ms
block 57/80 - 169/240  34117.4 ms
block 58/80 - 172/240  34419.5 ms
block 59/80 - 175/240  34458.5 ms
block 60/80 - 178/240  34769.6 ms
block 61/80 - 181/240  34114.0 ms
block 62/80 - 184/240  34417.0 ms
block 63/80 - 187/240  34445.6 ms
block 64/80 - 190/240  34745.7 ms
block 65/80 - 193/240  34117.9 ms
block 66/80 - 196/240  34415.4 ms
block 67/80 - 199/240  34446.4 ms
block 68/80 - 202/240  34749.0 ms
block 69/80 - 205/240  34118.9 ms
block 70/80 - 208/240  34409.7 ms
block 71/80 - 211/240  34457.1 ms
block 72/80 - 214/240  34774.6 ms
block 73/80 - 217/240  34123.4 ms
block 74/80 - 220/240  34409.4 ms
block 75/80 - 223/240  34471.7 ms
block 76/80 - 226/240  34764.6 ms
block 77/80 - 229/240  34122.9 ms
block 78/80 - 232/240  34394.6 ms
block 79/80 - 235/240  34425.2 ms
block 80/80 - 238/240  34768.2 ms
[127/128] elapsed=369.4m  avg=174.5s/prompt  eta=2.9m
