Running on a single GPU (cuda); skipping NCCL initialization.
Free VRAM 93.14923095703125 GB
Loading CUDA extension (first run compiles ~60s; cached run ~3s)...
CUDA extension ready in 149.8s.
KV inference with 3 frames per block
Number of prompts: 128
Prompt index range: [0, 128)
Loading PyramidKV config from configs/head_configs/best_labels.csv
block 1/80 - 1/240  239704.7 ms
block 2/80 - 4/240  30770.4 ms
block 3/80 - 7/240  32634.9 ms
block 4/80 - 10/240  32855.9 ms
block 5/80 - 13/240  32901.6 ms
block 6/80 - 16/240  33094.0 ms
block 7/80 - 19/240  33650.1 ms
block 8/80 - 22/240  34050.3 ms
block 9/80 - 25/240  33949.1 ms
block 10/80 - 28/240  34183.2 ms
block 11/80 - 31/240  34215.2 ms
block 12/80 - 34/240  34552.3 ms
block 13/80 - 37/240  33913.2 ms
block 14/80 - 40/240  34185.2 ms
block 15/80 - 43/240  34203.9 ms
block 16/80 - 46/240  34527.9 ms
block 17/80 - 49/240  33873.9 ms
block 18/80 - 52/240  34188.2 ms
block 19/80 - 55/240  34192.0 ms
block 20/80 - 58/240  34524.7 ms
block 21/80 - 61/240  33877.3 ms
block 22/80 - 64/240  34210.8 ms
block 23/80 - 67/240  34205.4 ms
block 24/80 - 70/240  34564.6 ms
block 25/80 - 73/240  33865.0 ms
block 26/80 - 76/240  34195.8 ms
block 27/80 - 79/240  34206.8 ms
block 28/80 - 82/240  34566.0 ms
block 29/80 - 85/240  33873.4 ms
block 30/80 - 88/240  34204.6 ms
block 31/80 - 91/240  34193.8 ms
block 32/80 - 94/240  34553.4 ms
block 33/80 - 97/240  33859.1 ms
block 34/80 - 100/240  34202.0 ms
block 35/80 - 103/240  34186.5 ms
block 36/80 - 106/240  34585.4 ms
block 37/80 - 109/240  33864.1 ms
block 38/80 - 112/240  34204.1 ms
block 39/80 - 115/240  34220.7 ms
block 40/80 - 118/240  34541.0 ms
block 41/80 - 121/240  33855.3 ms
block 42/80 - 124/240  34236.6 ms
block 43/80 - 127/240  34222.8 ms
block 44/80 - 130/240  34577.1 ms
block 45/80 - 133/240  33857.2 ms
block 46/80 - 136/240  34231.1 ms
block 47/80 - 139/240  34194.1 ms
block 48/80 - 142/240  34564.9 ms
block 49/80 - 145/240  33843.5 ms
block 50/80 - 148/240  34228.8 ms
block 51/80 - 151/240  34211.3 ms
block 52/80 - 154/240  34557.0 ms
block 53/80 - 157/240  33843.1 ms
block 54/80 - 160/240  34224.7 ms
block 55/80 - 163/240  34196.0 ms
block 56/80 - 166/240  34542.8 ms
block 57/80 - 169/240  33837.5 ms
block 58/80 - 172/240  34254.8 ms
block 59/80 - 175/240  34180.9 ms
block 60/80 - 178/240  34559.3 ms
block 61/80 - 181/240  33843.8 ms
block 62/80 - 184/240  34241.0 ms
block 63/80 - 187/240  34190.4 ms
block 64/80 - 190/240  34579.7 ms
block 65/80 - 193/240  33840.0 ms
block 66/80 - 196/240  34228.3 ms
block 67/80 - 199/240  34197.1 ms
block 68/80 - 202/240  34589.6 ms
block 69/80 - 205/240  33826.8 ms
block 70/80 - 208/240  34244.1 ms
block 71/80 - 211/240  34196.3 ms
block 72/80 - 214/240  34576.6 ms
block 73/80 - 217/240  33812.9 ms
block 74/80 - 220/240  34272.9 ms
block 75/80 - 223/240  34192.8 ms
block 76/80 - 226/240  34578.2 ms
block 77/80 - 229/240  33810.8 ms
block 78/80 - 232/240  34272.9 ms
block 79/80 - 235/240  34195.7 ms
block 80/80 - 238/240  34602.3 ms
/apdcephfs_gy2/share_303214315/cedricnie/miniconda3/envs/longlive/lib/python3.10/site-packages/torchvision/io/_video_deprecation_warning.py:9: UserWarning: The video decoding and encoding capabilities of torchvision are deprecated from version 0.22 and will be removed in version 0.24. We recommend that you migrate to TorchCodec, where we'll consolidate the future decoding/encoding capabilities of PyTorch: https://github.com/pytorch/torchcodec
  warnings.warn(
[14/128] elapsed=49.2m  avg=210.9s/prompt  eta=400.6m
block 1/80 - 1/240  28952.5 ms
block 2/80 - 4/240  30789.1 ms
block 3/80 - 7/240  32741.9 ms
block 4/80 - 10/240  32919.3 ms
block 5/80 - 13/240  32937.7 ms
block 6/80 - 16/240  33129.1 ms
block 7/80 - 19/240  33672.9 ms
block 8/80 - 22/240  34036.1 ms
block 9/80 - 25/240  33966.5 ms
block 10/80 - 28/240  34226.1 ms
block 11/80 - 31/240  34228.3 ms
block 12/80 - 34/240  34598.4 ms
block 13/80 - 37/240  33807.8 ms
block 14/80 - 40/240  34276.1 ms
block 15/80 - 43/240  34209.3 ms
block 16/80 - 46/240  34598.1 ms
block 17/80 - 49/240  33803.4 ms
block 18/80 - 52/240  34278.7 ms
block 19/80 - 55/240  34209.3 ms
block 20/80 - 58/240  34599.0 ms
block 21/80 - 61/240  33787.6 ms
block 22/80 - 64/240  34289.3 ms
block 23/80 - 67/240  34203.3 ms
block 24/80 - 70/240  34605.5 ms
block 25/80 - 73/240  33796.7 ms
block 26/80 - 76/240  34321.2 ms
block 27/80 - 79/240  34395.4 ms
block 28/80 - 82/240  34611.5 ms
block 29/80 - 85/240  33804.0 ms
block 30/80 - 88/240  34283.5 ms
block 31/80 - 91/240  34204.2 ms
block 32/80 - 94/240  34607.6 ms
block 33/80 - 97/240  33795.7 ms
block 34/80 - 100/240  34287.0 ms
block 35/80 - 103/240  34200.9 ms
block 36/80 - 106/240  34608.8 ms
block 37/80 - 109/240  33797.0 ms
block 38/80 - 112/240  34284.1 ms
block 39/80 - 115/240  34198.4 ms
block 40/80 - 118/240  34610.6 ms
block 41/80 - 121/240  33790.7 ms
block 42/80 - 124/240  34308.2 ms
block 43/80 - 127/240  34188.0 ms
block 44/80 - 130/240  34596.3 ms
block 45/80 - 133/240  33784.0 ms
block 46/80 - 136/240  34295.4 ms
block 47/80 - 139/240  34215.6 ms
block 48/80 - 142/240  34609.1 ms
block 49/80 - 145/240  33783.3 ms
block 50/80 - 148/240  34289.9 ms
block 51/80 - 151/240  34207.0 ms
block 52/80 - 154/240  34593.6 ms
block 53/80 - 157/240  33789.2 ms
block 54/80 - 160/240  34275.4 ms
block 55/80 - 163/240  34193.4 ms
block 56/80 - 166/240  34594.6 ms
block 57/80 - 169/240  33775.9 ms
block 58/80 - 172/240  34308.0 ms
block 59/80 - 175/240  34212.6 ms
block 60/80 - 178/240  34612.0 ms
block 61/80 - 181/240  33777.4 ms
block 62/80 - 184/240  34314.6 ms
block 63/80 - 187/240  34191.2 ms
block 64/80 - 190/240  34619.0 ms
block 65/80 - 193/240  33768.7 ms
block 66/80 - 196/240  34301.2 ms
block 67/80 - 199/240  34190.7 ms
block 68/80 - 202/240  34622.2 ms
block 69/80 - 205/240  33828.3 ms
block 70/80 - 208/240  34254.0 ms
block 71/80 - 211/240  34221.1 ms
block 72/80 - 214/240  34560.3 ms
block 73/80 - 217/240  33942.3 ms
block 74/80 - 220/240  34259.7 ms
block 75/80 - 223/240  34226.6 ms
block 76/80 - 226/240  34568.5 ms
block 77/80 - 229/240  33941.9 ms
block 78/80 - 232/240  34261.0 ms
block 79/80 - 235/240  34229.3 ms
block 80/80 - 238/240  34570.5 ms
[30/128] elapsed=94.6m  avg=189.3s/prompt  eta=309.1m
block 1/80 - 1/240  29976.7 ms
block 2/80 - 4/240  30616.0 ms
block 3/80 - 7/240  32778.3 ms
block 4/80 - 10/240  33018.1 ms
block 5/80 - 13/240  33060.4 ms
block 6/80 - 16/240  33222.2 ms
block 7/80 - 19/240  33664.2 ms
block 8/80 - 22/240  34059.2 ms
block 9/80 - 25/240  33973.7 ms
block 10/80 - 28/240  34249.9 ms
block 11/80 - 31/240  34181.5 ms
block 12/80 - 34/240  34580.5 ms
block 13/80 - 37/240  33768.4 ms
block 14/80 - 40/240  34302.9 ms
block 15/80 - 43/240  34189.0 ms
block 16/80 - 46/240  34610.7 ms
block 17/80 - 49/240  33743.8 ms
block 18/80 - 52/240  34293.6 ms
block 19/80 - 55/240  34180.1 ms
block 20/80 - 58/240  34617.4 ms
block 21/80 - 61/240  33754.5 ms
block 22/80 - 64/240  34286.8 ms
block 23/80 - 67/240  34216.4 ms
block 24/80 - 70/240  34591.0 ms
block 25/80 - 73/240  33764.4 ms
block 26/80 - 76/240  34282.5 ms
block 27/80 - 79/240  34229.2 ms
block 28/80 - 82/240  34602.5 ms
block 29/80 - 85/240  33757.6 ms
block 30/80 - 88/240  34294.2 ms
block 31/80 - 91/240  34225.5 ms
block 32/80 - 94/240  34622.3 ms
block 33/80 - 97/240  33771.7 ms
block 34/80 - 100/240  34264.2 ms
block 35/80 - 103/240  34243.4 ms
block 36/80 - 106/240  34578.7 ms
block 37/80 - 109/240  33783.0 ms
block 38/80 - 112/240  34281.4 ms
block 39/80 - 115/240  34214.2 ms
block 40/80 - 118/240  34581.8 ms
block 41/80 - 121/240  33771.6 ms
block 42/80 - 124/240  34272.3 ms
block 43/80 - 127/240  34219.4 ms
block 44/80 - 130/240  34574.9 ms
block 45/80 - 133/240  33773.2 ms
block 46/80 - 136/240  34249.0 ms
block 47/80 - 139/240  34229.0 ms
block 48/80 - 142/240  34598.0 ms
block 49/80 - 145/240  33795.7 ms
block 50/80 - 148/240  34232.9 ms
block 51/80 - 151/240  34227.4 ms
block 52/80 - 154/240  34597.2 ms
block 53/80 - 157/240  33782.1 ms
block 54/80 - 160/240  34225.1 ms
block 55/80 - 163/240  34250.1 ms
block 56/80 - 166/240  34577.2 ms
block 57/80 - 169/240  33800.5 ms
block 58/80 - 172/240  34222.2 ms
block 59/80 - 175/240  34244.1 ms
block 60/80 - 178/240  34607.0 ms
block 61/80 - 181/240  33784.4 ms
block 62/80 - 184/240  34232.3 ms
block 63/80 - 187/240  34248.3 ms
block 64/80 - 190/240  34588.8 ms
block 65/80 - 193/240  33785.8 ms
block 66/80 - 196/240  34231.7 ms
block 67/80 - 199/240  34267.3 ms
block 68/80 - 202/240  34595.3 ms
block 69/80 - 205/240  33783.2 ms
block 70/80 - 208/240  34227.9 ms
block 71/80 - 211/240  34254.2 ms
block 72/80 - 214/240  34586.9 ms
block 73/80 - 217/240  33797.2 ms
block 74/80 - 220/240  34205.7 ms
block 75/80 - 223/240  34277.3 ms
block 76/80 - 226/240  34589.9 ms
block 77/80 - 229/240  33809.6 ms
block 78/80 - 232/240  34204.9 ms
block 79/80 - 235/240  34280.4 ms
block 80/80 - 238/240  34583.7 ms
[46/128] elapsed=140.1m  avg=182.7s/prompt  eta=249.7m
block 1/80 - 1/240  28725.6 ms
block 2/80 - 4/240  30150.9 ms
block 3/80 - 7/240  32783.4 ms
block 4/80 - 10/240  33019.6 ms
block 5/80 - 13/240  33060.7 ms
block 6/80 - 16/240  33254.1 ms
block 7/80 - 19/240  33801.4 ms
block 8/80 - 22/240  34121.5 ms
block 9/80 - 25/240  34123.5 ms
block 10/80 - 28/240  34341.8 ms
block 11/80 - 31/240  34229.0 ms
block 12/80 - 34/240  34574.5 ms
block 13/80 - 37/240  33806.2 ms
block 14/80 - 40/240  34207.8 ms
block 15/80 - 43/240  34272.2 ms
block 16/80 - 46/240  34573.9 ms
block 17/80 - 49/240  33806.6 ms
block 18/80 - 52/240  34189.2 ms
block 19/80 - 55/240  34296.6 ms
block 20/80 - 58/240  34590.9 ms
block 21/80 - 61/240  33809.6 ms
block 22/80 - 64/240  34196.8 ms
block 23/80 - 67/240  34315.2 ms
block 24/80 - 70/240  34576.9 ms
block 25/80 - 73/240  33821.3 ms
block 26/80 - 76/240  34172.9 ms
block 27/80 - 79/240  34288.6 ms
block 28/80 - 82/240  34587.3 ms
block 29/80 - 85/240  33813.1 ms
block 30/80 - 88/240  34154.5 ms
block 31/80 - 91/240  34317.1 ms
block 32/80 - 94/240  34588.4 ms
block 33/80 - 97/240  33818.2 ms
block 34/80 - 100/240  34182.7 ms
block 35/80 - 103/240  34307.9 ms
block 36/80 - 106/240  34611.3 ms
block 37/80 - 109/240  33829.2 ms
block 38/80 - 112/240  34156.5 ms
block 39/80 - 115/240  34316.9 ms
block 40/80 - 118/240  34589.4 ms
block 41/80 - 121/240  33824.5 ms
block 42/80 - 124/240  34163.4 ms
block 43/80 - 127/240  34324.2 ms
block 44/80 - 130/240  34569.8 ms
block 45/80 - 133/240  33842.0 ms
block 46/80 - 136/240  34132.5 ms
block 47/80 - 139/240  34314.3 ms
block 48/80 - 142/240  34557.3 ms
block 49/80 - 145/240  33840.3 ms
block 50/80 - 148/240  34155.5 ms
block 51/80 - 151/240  34318.9 ms
block 52/80 - 154/240  34559.6 ms
block 53/80 - 157/240  33830.1 ms
block 54/80 - 160/240  34163.7 ms
block 55/80 - 163/240  34321.6 ms
block 56/80 - 166/240  34565.0 ms
block 57/80 - 169/240  33835.8 ms
block 58/80 - 172/240  34110.5 ms
block 59/80 - 175/240  34323.6 ms
block 60/80 - 178/240  34542.8 ms
block 61/80 - 181/240  33828.8 ms
block 62/80 - 184/240  34151.5 ms
block 63/80 - 187/240  34331.4 ms
block 64/80 - 190/240  34590.6 ms
block 65/80 - 193/240  33828.0 ms
block 66/80 - 196/240  34168.8 ms
block 67/80 - 199/240  34336.1 ms
block 68/80 - 202/240  34586.8 ms
block 69/80 - 205/240  33818.5 ms
block 70/80 - 208/240  34157.2 ms
block 71/80 - 211/240  34307.6 ms
block 72/80 - 214/240  34588.7 ms
block 73/80 - 217/240  33808.8 ms
block 74/80 - 220/240  34180.9 ms
block 75/80 - 223/240  34314.7 ms
block 76/80 - 226/240  34586.7 ms
block 77/80 - 229/240  33827.8 ms
block 78/80 - 232/240  34169.6 ms
block 79/80 - 235/240  34291.1 ms
block 80/80 - 238/240  34587.9 ms
[62/128] elapsed=185.5m  avg=179.5s/prompt  eta=197.5m
block 1/80 - 1/240  29569.5 ms
block 2/80 - 4/240  30020.7 ms
block 3/80 - 7/240  32611.3 ms
block 4/80 - 10/240  33018.3 ms
block 5/80 - 13/240  33061.5 ms
block 6/80 - 16/240  33244.6 ms
block 7/80 - 19/240  33806.1 ms
block 8/80 - 22/240  34122.2 ms
block 9/80 - 25/240  34124.0 ms
block 10/80 - 28/240  34356.0 ms
block 11/80 - 31/240  34356.6 ms
block 12/80 - 34/240  34576.0 ms
block 13/80 - 37/240  33935.3 ms
block 14/80 - 40/240  34243.4 ms
block 15/80 - 43/240  34315.4 ms
block 16/80 - 46/240  34531.3 ms
block 17/80 - 49/240  33837.2 ms
block 18/80 - 52/240  34155.7 ms
block 19/80 - 55/240  34289.5 ms
block 20/80 - 58/240  34575.9 ms
block 21/80 - 61/240  33783.8 ms
block 22/80 - 64/240  34152.2 ms
block 23/80 - 67/240  34300.8 ms
block 24/80 - 70/240  34573.8 ms
block 25/80 - 73/240  33790.3 ms
block 26/80 - 76/240  34150.3 ms
block 27/80 - 79/240  34302.5 ms
block 28/80 - 82/240  34573.8 ms
block 29/80 - 85/240  33787.3 ms
block 30/80 - 88/240  34170.2 ms
block 31/80 - 91/240  34281.6 ms
block 32/80 - 94/240  34588.5 ms
block 33/80 - 97/240  33804.6 ms
block 34/80 - 100/240  34159.7 ms
block 35/80 - 103/240  34266.4 ms
block 36/80 - 106/240  34597.0 ms
block 37/80 - 109/240  33803.8 ms
block 38/80 - 112/240  34162.8 ms
block 39/80 - 115/240  34290.7 ms
block 40/80 - 118/240  34592.2 ms
block 41/80 - 121/240  33790.2 ms
block 42/80 - 124/240  34169.4 ms
block 43/80 - 127/240  34293.1 ms
block 44/80 - 130/240  34602.3 ms
block 45/80 - 133/240  33799.4 ms
block 46/80 - 136/240  34167.7 ms
block 47/80 - 139/240  34290.5 ms
block 48/80 - 142/240  34626.8 ms
block 49/80 - 145/240  33793.0 ms
block 50/80 - 148/240  34165.0 ms
block 51/80 - 151/240  34275.9 ms
block 52/80 - 154/240  34637.4 ms
block 53/80 - 157/240  33788.8 ms
block 54/80 - 160/240  34184.0 ms
block 55/80 - 163/240  34268.9 ms
block 56/80 - 166/240  34622.6 ms
block 57/80 - 169/240  33790.3 ms
block 58/80 - 172/240  34178.0 ms
block 59/80 - 175/240  34278.8 ms
block 60/80 - 178/240  34623.2 ms
block 61/80 - 181/240  33795.8 ms
block 62/80 - 184/240  34172.1 ms
block 63/80 - 187/240  34252.0 ms
block 64/80 - 190/240  34628.4 ms
block 65/80 - 193/240  33797.9 ms
block 66/80 - 196/240  34183.1 ms
block 67/80 - 199/240  34277.4 ms
block 68/80 - 202/240  34650.0 ms
block 69/80 - 205/240  33800.0 ms
block 70/80 - 208/240  34174.9 ms
block 71/80 - 211/240  34246.2 ms
block 72/80 - 214/240  34643.9 ms
block 73/80 - 217/240  33800.7 ms
block 74/80 - 220/240  34191.5 ms
block 75/80 - 223/240  34231.0 ms
block 76/80 - 226/240  34641.2 ms
block 77/80 - 229/240  33781.2 ms
block 78/80 - 232/240  34205.4 ms
block 79/80 - 235/240  34239.1 ms
block 80/80 - 238/240  34641.7 ms
[78/128] elapsed=230.9m  avg=177.6s/prompt  eta=148.0m
block 1/80 - 1/240  28755.3 ms
block 2/80 - 4/240  30076.6 ms
block 3/80 - 7/240  32248.5 ms
block 4/80 - 10/240  33022.9 ms
block 5/80 - 13/240  33073.5 ms
block 6/80 - 16/240  33220.4 ms
block 7/80 - 19/240  33800.3 ms
block 8/80 - 22/240  34120.0 ms
block 9/80 - 25/240  34122.7 ms
block 10/80 - 28/240  34337.2 ms
block 11/80 - 31/240  34372.0 ms
block 12/80 - 34/240  34699.9 ms
block 13/80 - 37/240  34059.3 ms
block 14/80 - 40/240  34284.3 ms
block 15/80 - 43/240  34210.1 ms
block 16/80 - 46/240  34682.8 ms
block 17/80 - 49/240  33789.7 ms
block 18/80 - 52/240  34197.9 ms
block 19/80 - 55/240  34211.4 ms
block 20/80 - 58/240  34646.0 ms
block 21/80 - 61/240  33799.3 ms
block 22/80 - 64/240  34196.9 ms
block 23/80 - 67/240  34207.0 ms
block 24/80 - 70/240  34641.9 ms
block 25/80 - 73/240  33804.9 ms
block 26/80 - 76/240  34196.5 ms
block 27/80 - 79/240  34197.6 ms
block 28/80 - 82/240  34675.3 ms
block 29/80 - 85/240  33789.9 ms
block 30/80 - 88/240  34206.4 ms
block 31/80 - 91/240  34195.1 ms
block 32/80 - 94/240  34667.2 ms
block 33/80 - 97/240  33787.3 ms
block 34/80 - 100/240  34198.8 ms
block 35/80 - 103/240  34179.2 ms
block 36/80 - 106/240  34656.0 ms
block 37/80 - 109/240  33791.7 ms
block 38/80 - 112/240  34193.1 ms
block 39/80 - 115/240  34179.7 ms
block 40/80 - 118/240  34678.8 ms
block 41/80 - 121/240  33802.8 ms
block 42/80 - 124/240  34187.8 ms
block 43/80 - 127/240  34184.8 ms
block 44/80 - 130/240  34681.5 ms
block 45/80 - 133/240  33813.1 ms
block 46/80 - 136/240  34203.1 ms
block 47/80 - 139/240  34175.2 ms
block 48/80 - 142/240  34687.2 ms
block 49/80 - 145/240  33823.0 ms
block 50/80 - 148/240  34195.3 ms
block 51/80 - 151/240  34183.2 ms
block 52/80 - 154/240  34709.5 ms
block 53/80 - 157/240  34340.5 ms
block 54/80 - 160/240  33872.7 ms
block 55/80 - 163/240  34186.8 ms
block 56/80 - 166/240  34703.0 ms
block 57/80 - 169/240  33818.3 ms
block 58/80 - 172/240  34192.8 ms
block 59/80 - 175/240  34176.9 ms
block 60/80 - 178/240  34682.4 ms
block 61/80 - 181/240  33825.4 ms
block 62/80 - 184/240  34188.1 ms
block 63/80 - 187/240  34172.5 ms
block 64/80 - 190/240  34714.8 ms
block 65/80 - 193/240  33810.9 ms
block 66/80 - 196/240  34209.8 ms
block 67/80 - 199/240  34163.9 ms
block 68/80 - 202/240  34668.1 ms
block 69/80 - 205/240  33814.2 ms
block 70/80 - 208/240  34205.8 ms
block 71/80 - 211/240  34164.5 ms
block 72/80 - 214/240  34707.8 ms
block 73/80 - 217/240  33797.1 ms
block 74/80 - 220/240  34210.6 ms
block 75/80 - 223/240  34181.9 ms
block 76/80 - 226/240  34705.0 ms
block 77/80 - 229/240  33808.4 ms
block 78/80 - 232/240  34199.9 ms
block 79/80 - 235/240  34172.1 ms
block 80/80 - 238/240  34680.1 ms
[94/128] elapsed=276.3m  avg=176.4s/prompt  eta=99.9m
block 1/80 - 1/240  29397.4 ms
block 2/80 - 4/240  30187.3 ms
block 3/80 - 7/240  32214.9 ms
block 4/80 - 10/240  32876.3 ms
block 5/80 - 13/240  33061.1 ms
block 6/80 - 16/240  33238.9 ms
block 7/80 - 19/240  33820.4 ms
block 8/80 - 22/240  34122.4 ms
block 9/80 - 25/240  34122.3 ms
block 10/80 - 28/240  34341.8 ms
block 11/80 - 31/240  34361.5 ms
block 12/80 - 34/240  34682.5 ms
block 13/80 - 37/240  34076.0 ms
block 14/80 - 40/240  34312.1 ms
block 15/80 - 43/240  34370.6 ms
block 16/80 - 46/240  34620.3 ms
block 17/80 - 49/240  33896.0 ms
block 18/80 - 52/240  34182.9 ms
block 19/80 - 55/240  34164.1 ms
block 20/80 - 58/240  34667.2 ms
block 21/80 - 61/240  33793.1 ms
block 22/80 - 64/240  34200.3 ms
block 23/80 - 67/240  34156.9 ms
block 24/80 - 70/240  34683.7 ms
block 25/80 - 73/240  33814.5 ms
block 26/80 - 76/240  34199.0 ms
block 27/80 - 79/240  34153.6 ms
block 28/80 - 82/240  34631.6 ms
block 29/80 - 85/240  33819.4 ms
block 30/80 - 88/240  34205.6 ms
block 31/80 - 91/240  34173.5 ms
block 32/80 - 94/240  34646.1 ms
block 33/80 - 97/240  33833.7 ms
block 34/80 - 100/240  34199.7 ms
block 35/80 - 103/240  34147.4 ms
block 36/80 - 106/240  34638.8 ms
block 37/80 - 109/240  33832.9 ms
block 38/80 - 112/240  34203.8 ms
block 39/80 - 115/240  34179.2 ms
block 40/80 - 118/240  34637.1 ms
block 41/80 - 121/240  33851.3 ms
block 42/80 - 124/240  34201.7 ms
block 43/80 - 127/240  34174.3 ms
block 44/80 - 130/240  34612.8 ms
block 45/80 - 133/240  33859.1 ms
block 46/80 - 136/240  34191.3 ms
block 47/80 - 139/240  34174.4 ms
block 48/80 - 142/240  34605.4 ms
block 49/80 - 145/240  33847.0 ms
block 50/80 - 148/240  34187.3 ms
block 51/80 - 151/240  34163.7 ms
block 52/80 - 154/240  34647.3 ms
block 53/80 - 157/240  33856.1 ms
block 54/80 - 160/240  34205.5 ms
block 55/80 - 163/240  34209.8 ms
block 56/80 - 166/240  34598.9 ms
block 57/80 - 169/240  33869.4 ms
block 58/80 - 172/240  34186.1 ms
block 59/80 - 175/240  34182.8 ms
block 60/80 - 178/240  34594.9 ms
block 61/80 - 181/240  33852.3 ms
block 62/80 - 184/240  34209.5 ms
block 63/80 - 187/240  34197.6 ms
block 64/80 - 190/240  34611.1 ms
block 65/80 - 193/240  33864.1 ms
block 66/80 - 196/240  34202.7 ms
block 67/80 - 199/240  34213.0 ms
block 68/80 - 202/240  34606.6 ms
block 69/80 - 205/240  33876.2 ms
block 70/80 - 208/240  34192.4 ms
block 71/80 - 211/240  34181.6 ms
block 72/80 - 214/240  34614.3 ms
block 73/80 - 217/240  33857.1 ms
block 74/80 - 220/240  34198.4 ms
block 75/80 - 223/240  34188.8 ms
block 76/80 - 226/240  34588.2 ms
block 77/80 - 229/240  33874.9 ms
block 78/80 - 232/240  34182.0 ms
block 79/80 - 235/240  34198.0 ms
block 80/80 - 238/240  34589.6 ms
[110/128] elapsed=321.7m  avg=175.5s/prompt  eta=52.6m
block 1/80 - 1/240  28811.5 ms
block 2/80 - 4/240  30054.5 ms
block 3/80 - 7/240  32274.9 ms
block 4/80 - 10/240  32554.6 ms
block 5/80 - 13/240  33060.5 ms
block 6/80 - 16/240  33243.8 ms
block 7/80 - 19/240  33801.6 ms
block 8/80 - 22/240  34123.4 ms
block 9/80 - 25/240  34122.4 ms
block 10/80 - 28/240  34337.7 ms
block 11/80 - 31/240  34350.8 ms
block 12/80 - 34/240  34730.6 ms
block 13/80 - 37/240  34055.8 ms
block 14/80 - 40/240  34341.0 ms
block 15/80 - 43/240  34373.4 ms
block 16/80 - 46/240  34706.9 ms
block 17/80 - 49/240  34003.9 ms
block 18/80 - 52/240  34194.3 ms
block 19/80 - 55/240  34193.3 ms
block 20/80 - 58/240  34559.9 ms
block 21/80 - 61/240  33892.5 ms
block 22/80 - 64/240  34177.2 ms
block 23/80 - 67/240  34191.8 ms
block 24/80 - 70/240  34557.2 ms
block 25/80 - 73/240  33900.1 ms
block 26/80 - 76/240  34177.7 ms
block 27/80 - 79/240  34202.4 ms
block 28/80 - 82/240  34563.8 ms
block 29/80 - 85/240  33903.2 ms
block 30/80 - 88/240  34194.0 ms
block 31/80 - 91/240  34212.9 ms
block 32/80 - 94/240  34586.0 ms
block 33/80 - 97/240  33913.2 ms
block 34/80 - 100/240  34196.0 ms
block 35/80 - 103/240  34224.1 ms
block 36/80 - 106/240  34548.5 ms
block 37/80 - 109/240  33917.1 ms
block 38/80 - 112/240  34191.7 ms
block 39/80 - 115/240  34214.9 ms
block 40/80 - 118/240  34560.1 ms
block 41/80 - 121/240  33912.4 ms
block 42/80 - 124/240  34199.2 ms
block 43/80 - 127/240  34214.7 ms
block 44/80 - 130/240  34543.3 ms
block 45/80 - 133/240  33912.1 ms
block 46/80 - 136/240  34172.4 ms
block 47/80 - 139/240  34231.1 ms
block 48/80 - 142/240  34566.0 ms
block 49/80 - 145/240  33935.5 ms
block 50/80 - 148/240  34182.1 ms
block 51/80 - 151/240  34199.9 ms
block 52/80 - 154/240  34552.1 ms
block 53/80 - 157/240  33939.3 ms
block 54/80 - 160/240  34166.6 ms
block 55/80 - 163/240  34220.9 ms
block 56/80 - 166/240  34549.0 ms
block 57/80 - 169/240  33922.5 ms
block 58/80 - 172/240  34164.4 ms
block 59/80 - 175/240  34239.0 ms
block 60/80 - 178/240  34556.2 ms
block 61/80 - 181/240  33925.8 ms
block 62/80 - 184/240  34191.2 ms
block 63/80 - 187/240  34246.0 ms
block 64/80 - 190/240  34548.6 ms
block 65/80 - 193/240  33932.3 ms
block 66/80 - 196/240  34182.3 ms
block 67/80 - 199/240  34233.8 ms
block 68/80 - 202/240  34553.9 ms
block 69/80 - 205/240  33924.5 ms
block 70/80 - 208/240  34183.9 ms
block 71/80 - 211/240  34242.2 ms
block 72/80 - 214/240  34567.7 ms
block 73/80 - 217/240  33926.8 ms
block 74/80 - 220/240  34187.3 ms
block 75/80 - 223/240  34216.4 ms
block 76/80 - 226/240  34557.7 ms
block 77/80 - 229/240  33913.9 ms
block 78/80 - 232/240  34206.7 ms
block 79/80 - 235/240  34233.1 ms
block 80/80 - 238/240  34541.0 ms
[126/128] elapsed=367.2m  avg=174.8s/prompt  eta=5.8m
