Running on a single GPU (cuda); skipping NCCL initialization.
Free VRAM 93.9339599609375 GB
Loading CUDA extension (first run compiles ~60s; cached run ~3s)...
CUDA extension ready in 8.2s.
KV inference with 3 frames per block
Number of prompts: 128
Prompt index range: [0, 128)
Loading PyramidKV config from configs/head_configs/best_labels.csv
block 1/80 - 1/240  265612.9 ms
block 2/80 - 4/240  16786.0 ms
block 3/80 - 7/240  17936.7 ms
block 4/80 - 10/240  18096.1 ms
block 5/80 - 13/240  18215.2 ms
block 6/80 - 16/240  18293.7 ms
block 7/80 - 19/240  18610.3 ms
block 8/80 - 22/240  18857.7 ms
block 9/80 - 25/240  18836.5 ms
block 10/80 - 28/240  19200.3 ms
block 11/80 - 31/240  18994.7 ms
block 12/80 - 34/240  19209.2 ms
block 13/80 - 37/240  18766.5 ms
block 14/80 - 40/240  19028.8 ms
block 15/80 - 43/240  18957.9 ms
block 16/80 - 46/240  19204.2 ms
block 17/80 - 49/240  18765.9 ms
block 18/80 - 52/240  18999.2 ms
block 19/80 - 55/240  18983.3 ms
block 20/80 - 58/240  19201.3 ms
block 21/80 - 61/240  18768.0 ms
block 22/80 - 64/240  18995.7 ms
block 23/80 - 67/240  18984.7 ms
block 24/80 - 70/240  19203.1 ms
block 25/80 - 73/240  18766.5 ms
block 26/80 - 76/240  18998.4 ms
block 27/80 - 79/240  18975.5 ms
block 28/80 - 82/240  19203.4 ms
block 29/80 - 85/240  18765.7 ms
block 30/80 - 88/240  19000.3 ms
block 31/80 - 91/240  18993.8 ms
block 32/80 - 94/240  19201.8 ms
block 33/80 - 97/240  18764.3 ms
block 34/80 - 100/240  18992.2 ms
block 35/80 - 103/240  18982.5 ms
block 36/80 - 106/240  19193.4 ms
block 37/80 - 109/240  18768.7 ms
block 38/80 - 112/240  18995.8 ms
block 39/80 - 115/240  18984.7 ms
block 40/80 - 118/240  19212.0 ms
block 41/80 - 121/240  18767.1 ms
block 42/80 - 124/240  18995.3 ms
block 43/80 - 127/240  18993.3 ms
block 44/80 - 130/240  19199.8 ms
block 45/80 - 133/240  18764.4 ms
block 46/80 - 136/240  18995.1 ms
block 47/80 - 139/240  18977.9 ms
block 48/80 - 142/240  19201.6 ms
block 49/80 - 145/240  18766.5 ms
block 50/80 - 148/240  18990.9 ms
block 51/80 - 151/240  18985.6 ms
block 52/80 - 154/240  19204.6 ms
block 53/80 - 157/240  18767.2 ms
block 54/80 - 160/240  18999.2 ms
block 55/80 - 163/240  18986.8 ms
block 56/80 - 166/240  19207.3 ms
block 57/80 - 169/240  18767.7 ms
block 58/80 - 172/240  19003.6 ms
block 59/80 - 175/240  18991.9 ms
block 60/80 - 178/240  19201.1 ms
block 61/80 - 181/240  18764.6 ms
block 62/80 - 184/240  18995.6 ms
block 63/80 - 187/240  18986.7 ms
block 64/80 - 190/240  19207.7 ms
block 65/80 - 193/240  18764.4 ms
block 66/80 - 196/240  18995.4 ms
block 67/80 - 199/240  18975.4 ms
block 68/80 - 202/240  19197.2 ms
block 69/80 - 205/240  18768.5 ms
block 70/80 - 208/240  18992.4 ms
block 71/80 - 211/240  18985.9 ms
block 72/80 - 214/240  19200.3 ms
block 73/80 - 217/240  18768.0 ms
block 74/80 - 220/240  18992.8 ms
block 75/80 - 223/240  18984.9 ms
block 76/80 - 226/240  19196.9 ms
block 77/80 - 229/240  18764.7 ms
block 78/80 - 232/240  18995.6 ms
block 79/80 - 235/240  18994.2 ms
block 80/80 - 238/240  19198.7 ms
[3/128] elapsed=29.6m  avg=592.7s/prompt  eta=1234.9m
/apdcephfs_gy2/share_303214315/cedricnie/miniconda3/envs/longlive/lib/python3.10/site-packages/torchvision/io/_video_deprecation_warning.py:9: UserWarning: The video decoding and encoding capabilities of torchvision are deprecated from version 0.22 and will be removed in version 0.24. We recommend that you migrate to TorchCodec, where we'll consolidate the future decoding/encoding capabilities of PyTorch: https://github.com/pytorch/torchcodec
  warnings.warn(
block 1/80 - 1/240  17079.2 ms
block 2/80 - 4/240  16779.8 ms
block 3/80 - 7/240  17922.0 ms
block 4/80 - 10/240  18093.9 ms
block 5/80 - 13/240  18125.3 ms
block 6/80 - 16/240  18356.3 ms
block 7/80 - 19/240  18608.7 ms
block 8/80 - 22/240  18818.2 ms
block 9/80 - 25/240  18816.4 ms
block 10/80 - 28/240  19005.4 ms
block 11/80 - 31/240  18987.3 ms
block 12/80 - 34/240  19206.1 ms
block 13/80 - 37/240  18764.8 ms
block 14/80 - 40/240  18986.6 ms
block 15/80 - 43/240  18978.4 ms
block 16/80 - 46/240  19205.1 ms
block 17/80 - 49/240  18766.8 ms
block 18/80 - 52/240  18993.4 ms
block 19/80 - 55/240  18984.1 ms
block 20/80 - 58/240  19202.9 ms
block 21/80 - 61/240  18767.2 ms
block 22/80 - 64/240  18994.6 ms
block 23/80 - 67/240  18974.8 ms
block 24/80 - 70/240  19196.0 ms
block 25/80 - 73/240  18766.5 ms
block 26/80 - 76/240  18994.6 ms
block 27/80 - 79/240  18984.3 ms
block 28/80 - 82/240  19203.4 ms
block 29/80 - 85/240  18767.3 ms
block 30/80 - 88/240  18989.1 ms
block 31/80 - 91/240  18994.6 ms
block 32/80 - 94/240  19206.4 ms
block 33/80 - 97/240  18762.8 ms
block 34/80 - 100/240  18996.7 ms
block 35/80 - 103/240  18980.9 ms
block 36/80 - 106/240  19206.3 ms
block 37/80 - 109/240  18766.4 ms
block 38/80 - 112/240  18993.4 ms
block 39/80 - 115/240  18981.8 ms
block 40/80 - 118/240  19210.7 ms
block 41/80 - 121/240  18764.5 ms
block 42/80 - 124/240  18986.1 ms
block 43/80 - 127/240  18988.5 ms
block 44/80 - 130/240  19202.9 ms
block 45/80 - 133/240  18765.7 ms
block 46/80 - 136/240  18996.2 ms
block 47/80 - 139/240  18982.3 ms
block 48/80 - 142/240  19199.1 ms
block 49/80 - 145/240  18761.2 ms
block 50/80 - 148/240  18997.5 ms
block 51/80 - 151/240  18995.1 ms
block 52/80 - 154/240  19207.8 ms
block 53/80 - 157/240  18764.2 ms
block 54/80 - 160/240  18998.5 ms
block 55/80 - 163/240  18984.6 ms
block 56/80 - 166/240  19202.7 ms
block 57/80 - 169/240  18764.3 ms
block 58/80 - 172/240  18992.8 ms
block 59/80 - 175/240  18986.3 ms
block 60/80 - 178/240  19201.4 ms
block 61/80 - 181/240  18768.0 ms
block 62/80 - 184/240  19000.1 ms
block 63/80 - 187/240  18981.6 ms
block 64/80 - 190/240  19204.6 ms
block 65/80 - 193/240  18767.7 ms
block 66/80 - 196/240  19002.0 ms
block 67/80 - 199/240  18989.5 ms
block 68/80 - 202/240  19203.1 ms
block 69/80 - 205/240  18766.0 ms
block 70/80 - 208/240  18997.0 ms
block 71/80 - 211/240  18988.1 ms
block 72/80 - 214/240  19204.9 ms
block 73/80 - 217/240  18759.5 ms
block 74/80 - 220/240  18992.0 ms
block 75/80 - 223/240  18980.2 ms
block 76/80 - 226/240  19208.1 ms
block 77/80 - 229/240  18767.8 ms
block 78/80 - 232/240  19004.4 ms
block 79/80 - 235/240  18988.8 ms
block 80/80 - 238/240  19217.7 ms
[19/128] elapsed=54.8m  avg=173.2s/prompt  eta=314.7m
block 1/80 - 1/240  17140.2 ms
block 2/80 - 4/240  16779.1 ms
block 3/80 - 7/240  17928.9 ms
block 4/80 - 10/240  18094.5 ms
block 5/80 - 13/240  18140.7 ms
block 6/80 - 16/240  18255.4 ms
block 7/80 - 19/240  18610.7 ms
block 8/80 - 22/240  18818.7 ms
block 9/80 - 25/240  18818.8 ms
block 10/80 - 28/240  18998.0 ms
block 11/80 - 31/240  18983.7 ms
block 12/80 - 34/240  19200.8 ms
block 13/80 - 37/240  18772.1 ms
block 14/80 - 40/240  19001.8 ms
block 15/80 - 43/240  18983.9 ms
block 16/80 - 46/240  19189.9 ms
block 17/80 - 49/240  18770.2 ms
block 18/80 - 52/240  18993.2 ms
block 19/80 - 55/240  18982.2 ms
block 20/80 - 58/240  19206.6 ms
block 21/80 - 61/240  18767.3 ms
block 22/80 - 64/240  18993.0 ms
block 23/80 - 67/240  18983.7 ms
block 24/80 - 70/240  19203.1 ms
block 25/80 - 73/240  18767.8 ms
block 26/80 - 76/240  18982.6 ms
block 27/80 - 79/240  18983.6 ms
block 28/80 - 82/240  19204.9 ms
block 29/80 - 85/240  18765.8 ms
block 30/80 - 88/240  18996.0 ms
block 31/80 - 91/240  18997.7 ms
block 32/80 - 94/240  19204.2 ms
block 33/80 - 97/240  18769.2 ms
block 34/80 - 100/240  18996.6 ms
block 35/80 - 103/240  18990.9 ms
block 36/80 - 106/240  19203.5 ms
block 37/80 - 109/240  18776.3 ms
block 38/80 - 112/240  18992.3 ms
block 39/80 - 115/240  18986.4 ms
block 40/80 - 118/240  19197.0 ms
block 41/80 - 121/240  18762.8 ms
block 42/80 - 124/240  18997.5 ms
block 43/80 - 127/240  18995.2 ms
block 44/80 - 130/240  19207.3 ms
block 45/80 - 133/240  18768.1 ms
block 46/80 - 136/240  18999.5 ms
block 47/80 - 139/240  18993.1 ms
block 48/80 - 142/240  19196.0 ms
block 49/80 - 145/240  18764.3 ms
block 50/80 - 148/240  18996.6 ms
block 51/80 - 151/240  18989.8 ms
block 52/80 - 154/240  19204.5 ms
block 53/80 - 157/240  18766.7 ms
block 54/80 - 160/240  18989.5 ms
block 55/80 - 163/240  18983.6 ms
block 56/80 - 166/240  19199.2 ms
block 57/80 - 169/240  18767.6 ms
block 58/80 - 172/240  18996.7 ms
block 59/80 - 175/240  18983.5 ms
block 60/80 - 178/240  19209.2 ms
block 61/80 - 181/240  18770.4 ms
block 62/80 - 184/240  18993.6 ms
block 63/80 - 187/240  18993.6 ms
block 64/80 - 190/240  19206.6 ms
block 65/80 - 193/240  18763.3 ms
block 66/80 - 196/240  19000.0 ms
block 67/80 - 199/240  18986.7 ms
block 68/80 - 202/240  19194.7 ms
block 69/80 - 205/240  18764.9 ms
block 70/80 - 208/240  18991.9 ms
block 71/80 - 211/240  18984.6 ms
block 72/80 - 214/240  19209.8 ms
block 73/80 - 217/240  18764.0 ms
block 74/80 - 220/240  18993.8 ms
block 75/80 - 223/240  18993.8 ms
block 76/80 - 226/240  19204.4 ms
block 77/80 - 229/240  18762.8 ms
block 78/80 - 232/240  18996.9 ms
block 79/80 - 235/240  18987.9 ms
block 80/80 - 238/240  19202.4 ms
[35/128] elapsed=80.1m  avg=137.2s/prompt  eta=212.7m
block 1/80 - 1/240  17026.0 ms
block 2/80 - 4/240  16779.9 ms
block 3/80 - 7/240  17920.8 ms
block 4/80 - 10/240  18092.3 ms
block 5/80 - 13/240  18128.2 ms
block 6/80 - 16/240  18573.1 ms
block 7/80 - 19/240  18602.8 ms
block 8/80 - 22/240  18817.7 ms
block 9/80 - 25/240  18819.9 ms
block 10/80 - 28/240  18996.5 ms
block 11/80 - 31/240  18980.7 ms
block 12/80 - 34/240  19203.4 ms
block 13/80 - 37/240  18763.7 ms
block 14/80 - 40/240  19002.1 ms
block 15/80 - 43/240  18974.2 ms
block 16/80 - 46/240  19199.8 ms
block 17/80 - 49/240  18768.4 ms
block 18/80 - 52/240  18995.9 ms
block 19/80 - 55/240  19001.4 ms
block 20/80 - 58/240  19182.4 ms
block 21/80 - 61/240  18768.4 ms
block 22/80 - 64/240  19005.3 ms
block 23/80 - 67/240  18988.3 ms
block 24/80 - 70/240  19200.4 ms
block 25/80 - 73/240  18762.3 ms
block 26/80 - 76/240  19000.6 ms
block 27/80 - 79/240  18992.6 ms
block 28/80 - 82/240  19192.7 ms
block 29/80 - 85/240  18766.2 ms
block 30/80 - 88/240  18995.1 ms
block 31/80 - 91/240  18976.0 ms
block 32/80 - 94/240  19191.0 ms
block 33/80 - 97/240  18773.5 ms
block 34/80 - 100/240  18993.4 ms
block 35/80 - 103/240  18990.3 ms
block 36/80 - 106/240  19198.4 ms
block 37/80 - 109/240  18767.0 ms
block 38/80 - 112/240  18995.8 ms
block 39/80 - 115/240  18986.5 ms
block 40/80 - 118/240  19196.1 ms
block 41/80 - 121/240  18765.0 ms
block 42/80 - 124/240  18990.5 ms
block 43/80 - 127/240  18980.8 ms
block 44/80 - 130/240  19199.5 ms
block 45/80 - 133/240  18765.6 ms
block 46/80 - 136/240  18992.6 ms
block 47/80 - 139/240  18993.6 ms
block 48/80 - 142/240  19205.1 ms
block 49/80 - 145/240  18767.2 ms
block 50/80 - 148/240  18974.6 ms
block 51/80 - 151/240  18972.2 ms
block 52/80 - 154/240  19196.3 ms
block 53/80 - 157/240  18766.7 ms
block 54/80 - 160/240  18990.8 ms
block 55/80 - 163/240  18973.1 ms
block 56/80 - 166/240  19183.0 ms
block 57/80 - 169/240  18747.1 ms
block 58/80 - 172/240  18985.2 ms
block 59/80 - 175/240  18966.5 ms
block 60/80 - 178/240  19199.3 ms
block 61/80 - 181/240  18768.2 ms
block 62/80 - 184/240  18999.7 ms
block 63/80 - 187/240  18971.7 ms
block 64/80 - 190/240  19198.4 ms
block 65/80 - 193/240  18768.1 ms
block 66/80 - 196/240  18999.1 ms
block 67/80 - 199/240  18979.6 ms
block 68/80 - 202/240  19206.5 ms
block 69/80 - 205/240  18766.7 ms
block 70/80 - 208/240  18980.8 ms
block 71/80 - 211/240  18967.1 ms
block 72/80 - 214/240  19195.6 ms
block 73/80 - 217/240  18767.4 ms
block 74/80 - 220/240  18995.8 ms
block 75/80 - 223/240  18963.3 ms
block 76/80 - 226/240  19172.2 ms
block 77/80 - 229/240  18767.2 ms
block 78/80 - 232/240  19065.0 ms
block 79/80 - 235/240  18986.7 ms
block 80/80 - 238/240  19199.5 ms
[51/128] elapsed=105.3m  avg=123.8s/prompt  eta=158.9m
block 1/80 - 1/240  17104.5 ms
block 2/80 - 4/240  16810.2 ms
block 3/80 - 7/240  17922.0 ms
block 4/80 - 10/240  18092.2 ms
block 5/80 - 13/240  18138.5 ms
block 6/80 - 16/240  18354.3 ms
block 7/80 - 19/240  18597.1 ms
block 8/80 - 22/240  18817.4 ms
block 9/80 - 25/240  18817.1 ms
block 10/80 - 28/240  19005.0 ms
block 11/80 - 31/240  18981.2 ms
block 12/80 - 34/240  19217.7 ms
block 13/80 - 37/240  18769.2 ms
block 14/80 - 40/240  18992.8 ms
block 15/80 - 43/240  18989.9 ms
block 16/80 - 46/240  19198.3 ms
block 17/80 - 49/240  18770.9 ms
block 18/80 - 52/240  18994.0 ms
block 19/80 - 55/240  18991.8 ms
block 20/80 - 58/240  19193.8 ms
block 21/80 - 61/240  18765.8 ms
block 22/80 - 64/240  18995.5 ms
block 23/80 - 67/240  18989.5 ms
block 24/80 - 70/240  19198.8 ms
block 25/80 - 73/240  18765.3 ms
block 26/80 - 76/240  18998.4 ms
block 27/80 - 79/240  18997.5 ms
block 28/80 - 82/240  19203.4 ms
block 29/80 - 85/240  18763.1 ms
block 30/80 - 88/240  19000.3 ms
block 31/80 - 91/240  18991.9 ms
block 32/80 - 94/240  19200.5 ms
block 33/80 - 97/240  18767.8 ms
block 34/80 - 100/240  18994.9 ms
block 35/80 - 103/240  18989.0 ms
block 36/80 - 106/240  19204.3 ms
block 37/80 - 109/240  18764.2 ms
block 38/80 - 112/240  19002.8 ms
block 39/80 - 115/240  18989.5 ms
block 40/80 - 118/240  19202.0 ms
block 41/80 - 121/240  18765.0 ms
block 42/80 - 124/240  18992.9 ms
block 43/80 - 127/240  18988.6 ms
block 44/80 - 130/240  19212.2 ms
block 45/80 - 133/240  18764.0 ms
block 46/80 - 136/240  19000.8 ms
block 47/80 - 139/240  18985.1 ms
block 48/80 - 142/240  19203.7 ms
block 49/80 - 145/240  18762.5 ms
block 50/80 - 148/240  18988.7 ms
block 51/80 - 151/240  18976.8 ms
block 52/80 - 154/240  19197.9 ms
block 53/80 - 157/240  18767.4 ms
block 54/80 - 160/240  18990.5 ms
block 55/80 - 163/240  18994.4 ms
block 56/80 - 166/240  19211.7 ms
block 57/80 - 169/240  18766.9 ms
block 58/80 - 172/240  18994.7 ms
block 59/80 - 175/240  18985.4 ms
block 60/80 - 178/240  19197.0 ms
block 61/80 - 181/240  18763.8 ms
block 62/80 - 184/240  18992.9 ms
block 63/80 - 187/240  18993.2 ms
block 64/80 - 190/240  19202.0 ms
block 65/80 - 193/240  18767.2 ms
block 66/80 - 196/240  18999.0 ms
block 67/80 - 199/240  18987.9 ms
block 68/80 - 202/240  19204.1 ms
block 69/80 - 205/240  18743.5 ms
block 70/80 - 208/240  18979.3 ms
block 71/80 - 211/240  18965.9 ms
block 72/80 - 214/240  19203.0 ms
block 73/80 - 217/240  18742.2 ms
block 74/80 - 220/240  18996.7 ms
block 75/80 - 223/240  18967.9 ms
block 76/80 - 226/240  19210.1 ms
block 77/80 - 229/240  18766.6 ms
block 78/80 - 232/240  18971.3 ms
block 79/80 - 235/240  18975.5 ms
block 80/80 - 238/240  19181.5 ms
[67/128] elapsed=130.5m  avg=116.8s/prompt  eta=118.8m
block 1/80 - 1/240  17253.7 ms
block 2/80 - 4/240  16779.2 ms
block 3/80 - 7/240  17922.4 ms
block 4/80 - 10/240  18090.9 ms
block 5/80 - 13/240  18126.7 ms
block 6/80 - 16/240  18351.7 ms
block 7/80 - 19/240  18598.9 ms
block 8/80 - 22/240  18816.7 ms
block 9/80 - 25/240  18816.9 ms
block 10/80 - 28/240  18998.7 ms
block 11/80 - 31/240  18987.3 ms
block 12/80 - 34/240  19199.8 ms
block 13/80 - 37/240  18766.6 ms
block 14/80 - 40/240  18994.6 ms
block 15/80 - 43/240  18982.2 ms
block 16/80 - 46/240  19213.5 ms
block 17/80 - 49/240  18765.9 ms
block 18/80 - 52/240  18998.6 ms
block 19/80 - 55/240  18991.7 ms
block 20/80 - 58/240  19204.0 ms
block 21/80 - 61/240  18764.3 ms
block 22/80 - 64/240  19004.8 ms
block 23/80 - 67/240  18996.8 ms
block 24/80 - 70/240  19201.5 ms
block 25/80 - 73/240  18763.6 ms
block 26/80 - 76/240  18999.3 ms
block 27/80 - 79/240  18988.1 ms
block 28/80 - 82/240  19208.7 ms
block 29/80 - 85/240  18765.1 ms
block 30/80 - 88/240  18999.3 ms
block 31/80 - 91/240  18983.9 ms
block 32/80 - 94/240  19209.5 ms
block 33/80 - 97/240  18761.9 ms
block 34/80 - 100/240  19001.9 ms
block 35/80 - 103/240  18985.4 ms
block 36/80 - 106/240  19233.3 ms
block 37/80 - 109/240  18745.4 ms
block 38/80 - 112/240  18992.8 ms
block 39/80 - 115/240  18986.0 ms
block 40/80 - 118/240  19205.7 ms
block 41/80 - 121/240  18768.8 ms
block 42/80 - 124/240  18996.3 ms
block 43/80 - 127/240  18993.7 ms
block 44/80 - 130/240  19192.0 ms
block 45/80 - 133/240  18769.7 ms
block 46/80 - 136/240  18991.2 ms
block 47/80 - 139/240  18992.5 ms
block 48/80 - 142/240  19205.8 ms
block 49/80 - 145/240  18765.0 ms
block 50/80 - 148/240  18995.8 ms
block 51/80 - 151/240  18985.2 ms
block 52/80 - 154/240  19201.5 ms
block 53/80 - 157/240  18767.1 ms
block 54/80 - 160/240  18992.7 ms
block 55/80 - 163/240  18992.4 ms
block 56/80 - 166/240  19199.8 ms
block 57/80 - 169/240  18765.6 ms
block 58/80 - 172/240  19002.7 ms
block 59/80 - 175/240  18983.3 ms
block 60/80 - 178/240  19200.6 ms
block 61/80 - 181/240  18764.5 ms
block 62/80 - 184/240  18992.7 ms
block 63/80 - 187/240  18981.1 ms
block 64/80 - 190/240  19196.9 ms
block 65/80 - 193/240  18768.0 ms
block 66/80 - 196/240  18998.5 ms
block 67/80 - 199/240  18981.4 ms
block 68/80 - 202/240  19608.6 ms
block 69/80 - 205/240  18516.1 ms
block 70/80 - 208/240  19001.3 ms
block 71/80 - 211/240  18982.1 ms
block 72/80 - 214/240  19193.7 ms
block 73/80 - 217/240  18765.1 ms
block 74/80 - 220/240  18990.0 ms
block 75/80 - 223/240  18983.0 ms
block 76/80 - 226/240  19209.3 ms
block 77/80 - 229/240  18769.4 ms
block 78/80 - 232/240  18994.8 ms
block 79/80 - 235/240  18989.6 ms
block 80/80 - 238/240  19194.5 ms
[83/128] elapsed=155.7m  avg=112.5s/prompt  eta=84.4m
block 1/80 - 1/240  17348.4 ms
block 2/80 - 4/240  16779.9 ms
block 3/80 - 7/240  17929.8 ms
block 4/80 - 10/240  18093.3 ms
block 5/80 - 13/240  18137.1 ms
block 6/80 - 16/240  18352.7 ms
block 7/80 - 19/240  18603.5 ms
block 8/80 - 22/240  18816.6 ms
block 9/80 - 25/240  18816.8 ms
block 10/80 - 28/240  18992.1 ms
block 11/80 - 31/240  18983.2 ms
block 12/80 - 34/240  19203.2 ms
block 13/80 - 37/240  18765.1 ms
block 14/80 - 40/240  19003.3 ms
block 15/80 - 43/240  18976.5 ms
block 16/80 - 46/240  19201.1 ms
block 17/80 - 49/240  18767.8 ms
block 18/80 - 52/240  19005.9 ms
block 19/80 - 55/240  18989.8 ms
block 20/80 - 58/240  19198.6 ms
block 21/80 - 61/240  18763.7 ms
block 22/80 - 64/240  18969.7 ms
block 23/80 - 67/240  18966.4 ms
block 24/80 - 70/240  19182.9 ms
block 25/80 - 73/240  18762.6 ms
block 26/80 - 76/240  18997.1 ms
block 27/80 - 79/240  18982.1 ms
block 28/80 - 82/240  19200.0 ms
block 29/80 - 85/240  18745.8 ms
block 30/80 - 88/240  18976.1 ms
block 31/80 - 91/240  18987.3 ms
block 32/80 - 94/240  19197.2 ms
block 33/80 - 97/240  18763.2 ms
block 34/80 - 100/240  19022.4 ms
block 35/80 - 103/240  18970.2 ms
block 36/80 - 106/240  19183.6 ms
block 37/80 - 109/240  18762.9 ms
block 38/80 - 112/240  19001.5 ms
block 39/80 - 115/240  18985.3 ms
block 40/80 - 118/240  19203.7 ms
block 41/80 - 121/240  18766.7 ms
block 42/80 - 124/240  19000.9 ms
block 43/80 - 127/240  18980.5 ms
block 44/80 - 130/240  19199.7 ms
block 45/80 - 133/240  18769.3 ms
block 46/80 - 136/240  18991.0 ms
block 47/80 - 139/240  18985.1 ms
block 48/80 - 142/240  19191.9 ms
block 49/80 - 145/240  18766.9 ms
block 50/80 - 148/240  18998.6 ms
block 51/80 - 151/240  18989.3 ms
block 52/80 - 154/240  19201.7 ms
block 53/80 - 157/240  18764.5 ms
block 54/80 - 160/240  18999.0 ms
block 55/80 - 163/240  18984.7 ms
block 56/80 - 166/240  19205.0 ms
block 57/80 - 169/240  18767.3 ms
block 58/80 - 172/240  18997.6 ms
block 59/80 - 175/240  18986.3 ms
block 60/80 - 178/240  19197.3 ms
block 61/80 - 181/240  18766.3 ms
block 62/80 - 184/240  18998.1 ms
block 63/80 - 187/240  18988.0 ms
block 64/80 - 190/240  19202.8 ms
block 65/80 - 193/240  18769.3 ms
block 66/80 - 196/240  18989.2 ms
block 67/80 - 199/240  18982.1 ms
block 68/80 - 202/240  19207.1 ms
block 69/80 - 205/240  18764.0 ms
block 70/80 - 208/240  18997.4 ms
block 71/80 - 211/240  18983.9 ms
block 72/80 - 214/240  19197.4 ms
block 73/80 - 217/240  18764.8 ms
block 74/80 - 220/240  18996.9 ms
block 75/80 - 223/240  18979.1 ms
block 76/80 - 226/240  19201.3 ms
block 77/80 - 229/240  18767.8 ms
block 78/80 - 232/240  19001.2 ms
block 79/80 - 235/240  18986.9 ms
block 80/80 - 238/240  19197.8 ms
[99/128] elapsed=180.9m  avg=109.6s/prompt  eta=53.0m
block 1/80 - 1/240  17046.7 ms
block 2/80 - 4/240  16782.2 ms
block 3/80 - 7/240  17912.2 ms
block 4/80 - 10/240  18093.1 ms
block 5/80 - 13/240  18138.3 ms
block 6/80 - 16/240  18355.1 ms
block 7/80 - 19/240  18595.8 ms
block 8/80 - 22/240  18817.8 ms
block 9/80 - 25/240  18816.4 ms
block 10/80 - 28/240  18995.0 ms
block 11/80 - 31/240  18988.0 ms
block 12/80 - 34/240  19200.4 ms
block 13/80 - 37/240  18766.8 ms
block 14/80 - 40/240  18987.8 ms
block 15/80 - 43/240  18996.5 ms
block 16/80 - 46/240  19197.0 ms
block 17/80 - 49/240  18765.1 ms
block 18/80 - 52/240  18991.8 ms
block 19/80 - 55/240  18968.4 ms
block 20/80 - 58/240  19205.5 ms
block 21/80 - 61/240  18768.3 ms
block 22/80 - 64/240  18994.4 ms
block 23/80 - 67/240  18986.5 ms
block 24/80 - 70/240  19204.9 ms
block 25/80 - 73/240  18767.1 ms
block 26/80 - 76/240  18995.4 ms
block 27/80 - 79/240  18983.7 ms
block 28/80 - 82/240  19200.4 ms
block 29/80 - 85/240  18767.1 ms
block 30/80 - 88/240  18986.0 ms
block 31/80 - 91/240  18989.1 ms
block 32/80 - 94/240  19209.9 ms
block 33/80 - 97/240  18765.1 ms
block 34/80 - 100/240  18996.6 ms
block 35/80 - 103/240  18984.9 ms
block 36/80 - 106/240  19206.7 ms
block 37/80 - 109/240  18769.3 ms
block 38/80 - 112/240  18988.3 ms
block 39/80 - 115/240  18974.0 ms
block 40/80 - 118/240  19183.0 ms
block 41/80 - 121/240  18744.3 ms
block 42/80 - 124/240  18995.3 ms
block 43/80 - 127/240  18986.1 ms
block 44/80 - 130/240  19239.9 ms
block 45/80 - 133/240  18766.6 ms
block 46/80 - 136/240  19006.4 ms
block 47/80 - 139/240  18973.4 ms
block 48/80 - 142/240  19210.1 ms
block 49/80 - 145/240  18746.0 ms
block 50/80 - 148/240  18975.2 ms
block 51/80 - 151/240  18987.5 ms
block 52/80 - 154/240  19205.1 ms
block 53/80 - 157/240  18766.1 ms
block 54/80 - 160/240  19000.5 ms
block 55/80 - 163/240  18980.5 ms
block 56/80 - 166/240  19179.2 ms
block 57/80 - 169/240  18771.0 ms
block 58/80 - 172/240  18993.7 ms
block 59/80 - 175/240  18994.5 ms
block 60/80 - 178/240  19267.8 ms
block 61/80 - 181/240  18744.4 ms
block 62/80 - 184/240  19067.0 ms
block 63/80 - 187/240  18975.6 ms
block 64/80 - 190/240  19195.9 ms
block 65/80 - 193/240  18770.6 ms
block 66/80 - 196/240  18990.8 ms
block 67/80 - 199/240  18996.2 ms
block 68/80 - 202/240  19202.7 ms
block 69/80 - 205/240  18765.0 ms
block 70/80 - 208/240  18998.3 ms
block 71/80 - 211/240  18984.1 ms
block 72/80 - 214/240  19210.9 ms
block 73/80 - 217/240  18767.9 ms
block 74/80 - 220/240  18998.4 ms
block 75/80 - 223/240  18987.3 ms
block 76/80 - 226/240  19205.6 ms
block 77/80 - 229/240  18768.4 ms
block 78/80 - 232/240  19000.3 ms
block 79/80 - 235/240  18986.2 ms
block 80/80 - 238/240  19211.0 ms
[115/128] elapsed=206.1m  avg=107.5s/prompt  eta=23.3m
