Running on a single GPU (cuda); skipping NCCL initialization.
Free VRAM 93.9320068359375 GB
Loading CUDA extension (first run compiles ~60s; cached run ~3s)...
CUDA extension ready in 8.2s.
KV inference with 3 frames per block
Number of prompts: 128
Prompt index range: [0, 128)
Loading PyramidKV config from configs/head_configs/best_labels.csv
block 1/80 - 1/240  265636.6 ms
block 2/80 - 4/240  16754.2 ms
block 3/80 - 7/240  17869.9 ms
block 4/80 - 10/240  18077.0 ms
block 5/80 - 13/240  18179.0 ms
block 6/80 - 16/240  18244.0 ms
block 7/80 - 19/240  18539.9 ms
block 8/80 - 22/240  18783.7 ms
block 9/80 - 25/240  18787.3 ms
block 10/80 - 28/240  18928.7 ms
block 11/80 - 31/240  18925.5 ms
block 12/80 - 34/240  19111.1 ms
block 13/80 - 37/240  18739.1 ms
block 14/80 - 40/240  18956.4 ms
block 15/80 - 43/240  18914.4 ms
block 16/80 - 46/240  19118.4 ms
block 17/80 - 49/240  18728.0 ms
block 18/80 - 52/240  18936.8 ms
block 19/80 - 55/240  18921.3 ms
block 20/80 - 58/240  19124.9 ms
block 21/80 - 61/240  18731.1 ms
block 22/80 - 64/240  18936.8 ms
block 23/80 - 67/240  18931.2 ms
block 24/80 - 70/240  19125.3 ms
block 25/80 - 73/240  18734.6 ms
block 26/80 - 76/240  18940.4 ms
block 27/80 - 79/240  18918.6 ms
block 28/80 - 82/240  19125.4 ms
block 29/80 - 85/240  18732.0 ms
block 30/80 - 88/240  18939.6 ms
block 31/80 - 91/240  18926.9 ms
block 32/80 - 94/240  19123.7 ms
block 33/80 - 97/240  18739.5 ms
block 34/80 - 100/240  18935.2 ms
block 35/80 - 103/240  18923.5 ms
block 36/80 - 106/240  19122.7 ms
block 37/80 - 109/240  18731.8 ms
block 38/80 - 112/240  18932.5 ms
block 39/80 - 115/240  18915.7 ms
block 40/80 - 118/240  19117.2 ms
block 41/80 - 121/240  18728.1 ms
block 42/80 - 124/240  18929.5 ms
block 43/80 - 127/240  18921.1 ms
block 44/80 - 130/240  19123.5 ms
block 45/80 - 133/240  18729.0 ms
block 46/80 - 136/240  18940.3 ms
block 47/80 - 139/240  18918.8 ms
block 48/80 - 142/240  19126.2 ms
block 49/80 - 145/240  18743.0 ms
block 50/80 - 148/240  18949.6 ms
block 51/80 - 151/240  18916.8 ms
block 52/80 - 154/240  19138.4 ms
block 53/80 - 157/240  18722.9 ms
block 54/80 - 160/240  18929.8 ms
block 55/80 - 163/240  18914.6 ms
block 56/80 - 166/240  19111.9 ms
block 57/80 - 169/240  18734.0 ms
block 58/80 - 172/240  18938.1 ms
block 59/80 - 175/240  18929.2 ms
block 60/80 - 178/240  19116.7 ms
block 61/80 - 181/240  18736.1 ms
block 62/80 - 184/240  18937.4 ms
block 63/80 - 187/240  18918.7 ms
block 64/80 - 190/240  19112.3 ms
block 65/80 - 193/240  18730.1 ms
block 66/80 - 196/240  18933.1 ms
block 67/80 - 199/240  18923.0 ms
block 68/80 - 202/240  19111.7 ms
block 69/80 - 205/240  18736.9 ms
block 70/80 - 208/240  18935.0 ms
block 71/80 - 211/240  18913.1 ms
block 72/80 - 214/240  19123.9 ms
block 73/80 - 217/240  18736.8 ms
block 74/80 - 220/240  18924.7 ms
block 75/80 - 223/240  18907.4 ms
block 76/80 - 226/240  19113.9 ms
block 77/80 - 229/240  18729.9 ms
block 78/80 - 232/240  18929.3 ms
block 79/80 - 235/240  18925.4 ms
block 80/80 - 238/240  19112.4 ms
[2/128] elapsed=29.6m  avg=886.8s/prompt  eta=1862.3m
/apdcephfs_gy2/share_303214315/cedricnie/miniconda3/envs/longlive/lib/python3.10/site-packages/torchvision/io/_video_deprecation_warning.py:9: UserWarning: The video decoding and encoding capabilities of torchvision are deprecated from version 0.22 and will be removed in version 0.24. We recommend that you migrate to TorchCodec, where we'll consolidate the future decoding/encoding capabilities of PyTorch: https://github.com/pytorch/torchcodec
  warnings.warn(
block 1/80 - 1/240  17413.1 ms
block 2/80 - 4/240  16762.1 ms
block 3/80 - 7/240  17857.9 ms
block 4/80 - 10/240  18073.3 ms
block 5/80 - 13/240  18109.5 ms
block 6/80 - 16/240  18236.5 ms
block 7/80 - 19/240  18545.3 ms
block 8/80 - 22/240  18789.0 ms
block 9/80 - 25/240  18969.9 ms
block 10/80 - 28/240  18934.5 ms
block 11/80 - 31/240  18917.3 ms
block 12/80 - 34/240  19122.5 ms
block 13/80 - 37/240  18733.7 ms
block 14/80 - 40/240  18934.3 ms
block 15/80 - 43/240  18923.5 ms
block 16/80 - 46/240  19119.7 ms
block 17/80 - 49/240  18741.5 ms
block 18/80 - 52/240  18934.3 ms
block 19/80 - 55/240  18921.4 ms
block 20/80 - 58/240  19119.2 ms
block 21/80 - 61/240  18730.0 ms
block 22/80 - 64/240  18943.5 ms
block 23/80 - 67/240  18921.5 ms
block 24/80 - 70/240  19114.8 ms
block 25/80 - 73/240  18737.7 ms
block 26/80 - 76/240  18936.0 ms
block 27/80 - 79/240  18925.9 ms
block 28/80 - 82/240  19123.2 ms
block 29/80 - 85/240  18733.9 ms
block 30/80 - 88/240  18932.0 ms
block 31/80 - 91/240  18918.6 ms
block 32/80 - 94/240  19118.1 ms
block 33/80 - 97/240  18732.8 ms
block 34/80 - 100/240  18939.8 ms
block 35/80 - 103/240  18921.0 ms
block 36/80 - 106/240  19118.0 ms
block 37/80 - 109/240  18728.7 ms
block 38/80 - 112/240  18946.4 ms
block 39/80 - 115/240  18912.9 ms
block 40/80 - 118/240  19123.1 ms
block 41/80 - 121/240  18734.0 ms
block 42/80 - 124/240  18938.4 ms
block 43/80 - 127/240  18914.7 ms
block 44/80 - 130/240  19121.1 ms
block 45/80 - 133/240  18736.5 ms
block 46/80 - 136/240  18934.9 ms
block 47/80 - 139/240  18922.7 ms
block 48/80 - 142/240  19118.5 ms
block 49/80 - 145/240  18729.5 ms
block 50/80 - 148/240  18933.4 ms
block 51/80 - 151/240  18920.9 ms
block 52/80 - 154/240  19109.7 ms
block 53/80 - 157/240  18736.3 ms
block 54/80 - 160/240  18940.6 ms
block 55/80 - 163/240  18914.8 ms
block 56/80 - 166/240  19104.8 ms
block 57/80 - 169/240  18739.8 ms
block 58/80 - 172/240  18930.5 ms
block 59/80 - 175/240  18924.5 ms
block 60/80 - 178/240  19121.8 ms
block 61/80 - 181/240  18733.8 ms
block 62/80 - 184/240  18923.6 ms
block 63/80 - 187/240  18915.5 ms
block 64/80 - 190/240  19119.7 ms
block 65/80 - 193/240  18734.0 ms
block 66/80 - 196/240  18939.7 ms
block 67/80 - 199/240  18926.3 ms
block 68/80 - 202/240  19122.5 ms
block 69/80 - 205/240  18741.8 ms
block 70/80 - 208/240  18939.7 ms
block 71/80 - 211/240  18915.1 ms
block 72/80 - 214/240  19114.4 ms
block 73/80 - 217/240  18730.1 ms
block 74/80 - 220/240  18928.4 ms
block 75/80 - 223/240  18926.8 ms
block 76/80 - 226/240  19125.3 ms
block 77/80 - 229/240  18733.7 ms
block 78/80 - 232/240  18938.5 ms
block 79/80 - 235/240  18915.8 ms
block 80/80 - 238/240  19120.3 ms
[18/128] elapsed=54.7m  avg=182.4s/prompt  eta=334.3m
block 1/80 - 1/240  17209.8 ms
block 2/80 - 4/240  16762.9 ms
block 3/80 - 7/240  17875.0 ms
block 4/80 - 10/240  18069.6 ms
block 5/80 - 13/240  18120.5 ms
block 6/80 - 16/240  18327.9 ms
block 7/80 - 19/240  18547.2 ms
block 8/80 - 22/240  18790.8 ms
block 9/80 - 25/240  18792.6 ms
block 10/80 - 28/240  18952.3 ms
block 11/80 - 31/240  18930.1 ms
block 12/80 - 34/240  19132.8 ms
block 13/80 - 37/240  18737.4 ms
block 14/80 - 40/240  18945.7 ms
block 15/80 - 43/240  18924.7 ms
block 16/80 - 46/240  19122.3 ms
block 17/80 - 49/240  18735.5 ms
block 18/80 - 52/240  18940.3 ms
block 19/80 - 55/240  18928.7 ms
block 20/80 - 58/240  19136.4 ms
block 21/80 - 61/240  18738.1 ms
block 22/80 - 64/240  18943.0 ms
block 23/80 - 67/240  18924.9 ms
block 24/80 - 70/240  19132.5 ms
block 25/80 - 73/240  18735.8 ms
block 26/80 - 76/240  18942.4 ms
block 27/80 - 79/240  18926.6 ms
block 28/80 - 82/240  19123.7 ms
block 29/80 - 85/240  18739.5 ms
block 30/80 - 88/240  18946.9 ms
block 31/80 - 91/240  18922.0 ms
block 32/80 - 94/240  19122.0 ms
block 33/80 - 97/240  18733.9 ms
block 34/80 - 100/240  18946.1 ms
block 35/80 - 103/240  18920.3 ms
block 36/80 - 106/240  19135.0 ms
block 37/80 - 109/240  18730.3 ms
block 38/80 - 112/240  18952.2 ms
block 39/80 - 115/240  18936.0 ms
block 40/80 - 118/240  19137.7 ms
block 41/80 - 121/240  18738.6 ms
block 42/80 - 124/240  18953.4 ms
block 43/80 - 127/240  18932.5 ms
block 44/80 - 130/240  19135.2 ms
block 45/80 - 133/240  18737.7 ms
block 46/80 - 136/240  18937.5 ms
block 47/80 - 139/240  18923.3 ms
block 48/80 - 142/240  19127.3 ms
block 49/80 - 145/240  18739.9 ms
block 50/80 - 148/240  18948.7 ms
block 51/80 - 151/240  18925.7 ms
block 52/80 - 154/240  19132.0 ms
block 53/80 - 157/240  18736.0 ms
block 54/80 - 160/240  18950.4 ms
block 55/80 - 163/240  18931.9 ms
block 56/80 - 166/240  19124.6 ms
block 57/80 - 169/240  18734.9 ms
block 58/80 - 172/240  18939.4 ms
block 59/80 - 175/240  18927.6 ms
block 60/80 - 178/240  19121.5 ms
block 61/80 - 181/240  18749.2 ms
block 62/80 - 184/240  18953.0 ms
block 63/80 - 187/240  18933.5 ms
block 64/80 - 190/240  19130.0 ms
block 65/80 - 193/240  18741.6 ms
block 66/80 - 196/240  18946.8 ms
block 67/80 - 199/240  18935.3 ms
block 68/80 - 202/240  19134.8 ms
block 69/80 - 205/240  18736.7 ms
block 70/80 - 208/240  18942.8 ms
block 71/80 - 211/240  18918.8 ms
block 72/80 - 214/240  19138.2 ms
block 73/80 - 217/240  18742.0 ms
block 74/80 - 220/240  18944.5 ms
block 75/80 - 223/240  18929.7 ms
block 76/80 - 226/240  19134.4 ms
block 77/80 - 229/240  18737.8 ms
block 78/80 - 232/240  18933.5 ms
block 79/80 - 235/240  18933.6 ms
block 80/80 - 238/240  19134.1 ms
[34/128] elapsed=79.8m  avg=140.9s/prompt  eta=220.8m
block 1/80 - 1/240  17083.1 ms
block 2/80 - 4/240  16765.4 ms
block 3/80 - 7/240  17858.4 ms
block 4/80 - 10/240  18070.9 ms
block 5/80 - 13/240  18120.9 ms
block 6/80 - 16/240  18230.6 ms
block 7/80 - 19/240  18450.3 ms
block 8/80 - 22/240  18788.2 ms
block 9/80 - 25/240  18789.0 ms
block 10/80 - 28/240  18925.4 ms
block 11/80 - 31/240  18922.9 ms
block 12/80 - 34/240  19120.7 ms
block 13/80 - 37/240  18734.0 ms
block 14/80 - 40/240  18950.8 ms
block 15/80 - 43/240  18933.5 ms
block 16/80 - 46/240  19118.1 ms
block 17/80 - 49/240  18731.8 ms
block 18/80 - 52/240  18933.7 ms
block 19/80 - 55/240  18931.1 ms
block 20/80 - 58/240  19113.6 ms
block 21/80 - 61/240  18739.2 ms
block 22/80 - 64/240  18940.2 ms
block 23/80 - 67/240  18940.3 ms
block 24/80 - 70/240  19112.9 ms
block 25/80 - 73/240  18739.3 ms
block 26/80 - 76/240  18930.8 ms
block 27/80 - 79/240  18915.1 ms
block 28/80 - 82/240  19114.8 ms
block 29/80 - 85/240  18724.7 ms
block 30/80 - 88/240  18944.7 ms
block 31/80 - 91/240  18922.4 ms
block 32/80 - 94/240  19112.9 ms
block 33/80 - 97/240  18730.3 ms
block 34/80 - 100/240  18925.4 ms
block 35/80 - 103/240  18927.4 ms
block 36/80 - 106/240  19120.5 ms
block 37/80 - 109/240  18731.8 ms
block 38/80 - 112/240  18928.4 ms
block 39/80 - 115/240  18921.1 ms
block 40/80 - 118/240  19119.3 ms
block 41/80 - 121/240  18730.7 ms
block 42/80 - 124/240  18936.7 ms
block 43/80 - 127/240  18909.8 ms
block 44/80 - 130/240  19111.8 ms
block 45/80 - 133/240  18728.8 ms
block 46/80 - 136/240  18934.8 ms
block 47/80 - 139/240  18919.6 ms
block 48/80 - 142/240  19113.5 ms
block 49/80 - 145/240  18731.9 ms
block 50/80 - 148/240  18829.2 ms
block 51/80 - 151/240  18902.0 ms
block 52/80 - 154/240  19099.3 ms
block 53/80 - 157/240  18705.3 ms
block 54/80 - 160/240  18935.9 ms
block 55/80 - 163/240  18917.3 ms
block 56/80 - 166/240  19099.0 ms
block 57/80 - 169/240  18713.1 ms
block 58/80 - 172/240  19006.6 ms
block 59/80 - 175/240  18909.1 ms
block 60/80 - 178/240  19106.9 ms
block 61/80 - 181/240  18734.8 ms
block 62/80 - 184/240  18921.4 ms
block 63/80 - 187/240  18925.1 ms
block 64/80 - 190/240  19100.4 ms
block 65/80 - 193/240  18736.1 ms
block 66/80 - 196/240  18944.5 ms
block 67/80 - 199/240  18930.3 ms
block 68/80 - 202/240  19096.4 ms
block 69/80 - 205/240  18739.1 ms
block 70/80 - 208/240  18950.0 ms
block 71/80 - 211/240  18904.9 ms
block 72/80 - 214/240  19187.9 ms
block 73/80 - 217/240  18738.7 ms
block 74/80 - 220/240  18931.3 ms
block 75/80 - 223/240  18920.1 ms
block 76/80 - 226/240  19107.7 ms
block 77/80 - 229/240  18714.0 ms
block 78/80 - 232/240  18929.6 ms
block 79/80 - 235/240  18899.1 ms
block 80/80 - 238/240  19121.1 ms
[50/128] elapsed=105.0m  avg=126.0s/prompt  eta=163.8m
block 1/80 - 1/240  17394.7 ms
block 2/80 - 4/240  16762.9 ms
block 3/80 - 7/240  17863.1 ms
block 4/80 - 10/240  18069.2 ms
block 5/80 - 13/240  18109.9 ms
block 6/80 - 16/240  18317.2 ms
block 7/80 - 19/240  18539.9 ms
block 8/80 - 22/240  18792.2 ms
block 9/80 - 25/240  18785.7 ms
block 10/80 - 28/240  18925.6 ms
block 11/80 - 31/240  18919.0 ms
block 12/80 - 34/240  19118.8 ms
block 13/80 - 37/240  18736.3 ms
block 14/80 - 40/240  18935.6 ms
block 15/80 - 43/240  18923.7 ms
block 16/80 - 46/240  19123.7 ms
block 17/80 - 49/240  18735.5 ms
block 18/80 - 52/240  18930.6 ms
block 19/80 - 55/240  18921.1 ms
block 20/80 - 58/240  19116.3 ms
block 21/80 - 61/240  18738.0 ms
block 22/80 - 64/240  18933.2 ms
block 23/80 - 67/240  18923.9 ms
block 24/80 - 70/240  19122.4 ms
block 25/80 - 73/240  18729.3 ms
block 26/80 - 76/240  18936.0 ms
block 27/80 - 79/240  18916.6 ms
block 28/80 - 82/240  19126.8 ms
block 29/80 - 85/240  18727.4 ms
block 30/80 - 88/240  18927.1 ms
block 31/80 - 91/240  18922.3 ms
block 32/80 - 94/240  19122.6 ms
block 33/80 - 97/240  18728.4 ms
block 34/80 - 100/240  18936.3 ms
block 35/80 - 103/240  18923.6 ms
block 36/80 - 106/240  19129.8 ms
block 37/80 - 109/240  18726.3 ms
block 38/80 - 112/240  18929.9 ms
block 39/80 - 115/240  18920.8 ms
block 40/80 - 118/240  19105.5 ms
block 41/80 - 121/240  18730.3 ms
block 42/80 - 124/240  18930.9 ms
block 43/80 - 127/240  18917.8 ms
block 44/80 - 130/240  19118.8 ms
block 45/80 - 133/240  18724.3 ms
block 46/80 - 136/240  18940.0 ms
block 47/80 - 139/240  18914.8 ms
block 48/80 - 142/240  19112.1 ms
block 49/80 - 145/240  18731.2 ms
block 50/80 - 148/240  18940.3 ms
block 51/80 - 151/240  18914.5 ms
block 52/80 - 154/240  19115.4 ms
block 53/80 - 157/240  18729.3 ms
block 54/80 - 160/240  18942.1 ms
block 55/80 - 163/240  18918.9 ms
block 56/80 - 166/240  19121.8 ms
block 57/80 - 169/240  18730.7 ms
block 58/80 - 172/240  18934.5 ms
block 59/80 - 175/240  18922.7 ms
block 60/80 - 178/240  19113.9 ms
block 61/80 - 181/240  18729.8 ms
block 62/80 - 184/240  18926.3 ms
block 63/80 - 187/240  18917.7 ms
block 64/80 - 190/240  19102.5 ms
block 65/80 - 193/240  18726.5 ms
block 66/80 - 196/240  18934.3 ms
block 67/80 - 199/240  18910.1 ms
block 68/80 - 202/240  19129.4 ms
block 69/80 - 205/240  18727.1 ms
block 70/80 - 208/240  18936.8 ms
block 71/80 - 211/240  18896.7 ms
block 72/80 - 214/240  19108.0 ms
block 73/80 - 217/240  18734.3 ms
block 74/80 - 220/240  18946.1 ms
block 75/80 - 223/240  18899.4 ms
block 76/80 - 226/240  19095.2 ms
block 77/80 - 229/240  18728.1 ms
block 78/80 - 232/240  18904.5 ms
block 79/80 - 235/240  18892.9 ms
block 80/80 - 238/240  19184.6 ms
[66/128] elapsed=130.1m  avg=118.3s/prompt  eta=122.2m
block 1/80 - 1/240  17120.9 ms
block 2/80 - 4/240  16762.4 ms
block 3/80 - 7/240  17874.2 ms
block 4/80 - 10/240  18074.0 ms
block 5/80 - 13/240  18121.0 ms
block 6/80 - 16/240  18229.8 ms
block 7/80 - 19/240  18533.0 ms
block 8/80 - 22/240  18784.1 ms
block 9/80 - 25/240  18789.3 ms
block 10/80 - 28/240  18936.6 ms
block 11/80 - 31/240  18924.2 ms
block 12/80 - 34/240  19111.7 ms
block 13/80 - 37/240  18725.7 ms
block 14/80 - 40/240  18938.0 ms
block 15/80 - 43/240  18920.7 ms
block 16/80 - 46/240  19129.5 ms
block 17/80 - 49/240  18729.8 ms
block 18/80 - 52/240  18936.2 ms
block 19/80 - 55/240  18927.2 ms
block 20/80 - 58/240  19129.3 ms
block 21/80 - 61/240  18730.0 ms
block 22/80 - 64/240  18944.5 ms
block 23/80 - 67/240  18924.1 ms
block 24/80 - 70/240  19131.5 ms
block 25/80 - 73/240  18728.5 ms
block 26/80 - 76/240  18939.7 ms
block 27/80 - 79/240  18919.0 ms
block 28/80 - 82/240  19117.1 ms
block 29/80 - 85/240  18730.3 ms
block 30/80 - 88/240  18933.0 ms
block 31/80 - 91/240  18921.4 ms
block 32/80 - 94/240  19121.3 ms
block 33/80 - 97/240  18730.8 ms
block 34/80 - 100/240  18930.6 ms
block 35/80 - 103/240  18926.0 ms
block 36/80 - 106/240  19127.2 ms
block 37/80 - 109/240  18733.6 ms
block 38/80 - 112/240  18938.7 ms
block 39/80 - 115/240  18920.5 ms
block 40/80 - 118/240  19126.4 ms
block 41/80 - 121/240  18728.7 ms
block 42/80 - 124/240  18939.0 ms
block 43/80 - 127/240  18915.9 ms
block 44/80 - 130/240  19128.4 ms
block 45/80 - 133/240  18729.6 ms
block 46/80 - 136/240  18945.7 ms
block 47/80 - 139/240  18931.4 ms
block 48/80 - 142/240  19118.0 ms
block 49/80 - 145/240  18737.0 ms
block 50/80 - 148/240  18935.9 ms
block 51/80 - 151/240  18927.8 ms
block 52/80 - 154/240  19123.1 ms
block 53/80 - 157/240  18734.6 ms
block 54/80 - 160/240  18945.2 ms
block 55/80 - 163/240  18911.7 ms
block 56/80 - 166/240  19121.9 ms
block 57/80 - 169/240  18730.9 ms
block 58/80 - 172/240  18926.0 ms
block 59/80 - 175/240  18911.8 ms
block 60/80 - 178/240  19116.6 ms
block 61/80 - 181/240  18731.4 ms
block 62/80 - 184/240  18932.5 ms
block 63/80 - 187/240  18919.9 ms
block 64/80 - 190/240  19120.2 ms
block 65/80 - 193/240  18726.2 ms
block 66/80 - 196/240  18929.9 ms
block 67/80 - 199/240  18921.2 ms
block 68/80 - 202/240  19576.5 ms
block 69/80 - 205/240  18482.4 ms
block 70/80 - 208/240  18937.0 ms
block 71/80 - 211/240  18924.0 ms
block 72/80 - 214/240  19130.7 ms
block 73/80 - 217/240  18727.8 ms
block 74/80 - 220/240  18932.1 ms
block 75/80 - 223/240  18926.5 ms
block 76/80 - 226/240  19123.3 ms
block 77/80 - 229/240  18736.9 ms
block 78/80 - 232/240  18938.9 ms
block 79/80 - 235/240  18922.5 ms
block 80/80 - 238/240  19122.8 ms
[82/128] elapsed=155.2m  avg=113.6s/prompt  eta=87.1m
block 1/80 - 1/240  17378.3 ms
block 2/80 - 4/240  16788.1 ms
block 3/80 - 7/240  17871.5 ms
block 4/80 - 10/240  18067.7 ms
block 5/80 - 13/240  18111.9 ms
block 6/80 - 16/240  18325.9 ms
block 7/80 - 19/240  18525.6 ms
block 8/80 - 22/240  18784.9 ms
block 9/80 - 25/240  18788.4 ms
block 10/80 - 28/240  18938.0 ms
block 11/80 - 31/240  18922.6 ms
block 12/80 - 34/240  19120.7 ms
block 13/80 - 37/240  18728.1 ms
block 14/80 - 40/240  18939.6 ms
block 15/80 - 43/240  18907.0 ms
block 16/80 - 46/240  19114.3 ms
block 17/80 - 49/240  18708.7 ms
block 18/80 - 52/240  18942.9 ms
block 19/80 - 55/240  18894.1 ms
block 20/80 - 58/240  19102.2 ms
block 21/80 - 61/240  18734.4 ms
block 22/80 - 64/240  18923.0 ms
block 23/80 - 67/240  18880.8 ms
block 24/80 - 70/240  19116.4 ms
block 25/80 - 73/240  18733.0 ms
block 26/80 - 76/240  18945.5 ms
block 27/80 - 79/240  18903.6 ms
block 28/80 - 82/240  19094.3 ms
block 29/80 - 85/240  18737.7 ms
block 30/80 - 88/240  18933.9 ms
block 31/80 - 91/240  18921.2 ms
block 32/80 - 94/240  19107.3 ms
block 33/80 - 97/240  18706.7 ms
block 34/80 - 100/240  18935.1 ms
block 35/80 - 103/240  18917.6 ms
block 36/80 - 106/240  19125.2 ms
block 37/80 - 109/240  18725.4 ms
block 38/80 - 112/240  18924.1 ms
block 39/80 - 115/240  18893.5 ms
block 40/80 - 118/240  19090.5 ms
block 41/80 - 121/240  18703.9 ms
block 42/80 - 124/240  18929.4 ms
block 43/80 - 127/240  18893.5 ms
block 44/80 - 130/240  19119.2 ms
block 45/80 - 133/240  18732.7 ms
block 46/80 - 136/240  18931.6 ms
block 47/80 - 139/240  18908.3 ms
block 48/80 - 142/240  19121.8 ms
block 49/80 - 145/240  18731.7 ms
block 50/80 - 148/240  18932.2 ms
block 51/80 - 151/240  18911.9 ms
block 52/80 - 154/240  19115.1 ms
block 53/80 - 157/240  18734.4 ms
block 54/80 - 160/240  18928.2 ms
block 55/80 - 163/240  18914.2 ms
block 56/80 - 166/240  19112.8 ms
block 57/80 - 169/240  18730.2 ms
block 58/80 - 172/240  18931.1 ms
block 59/80 - 175/240  18919.9 ms
block 60/80 - 178/240  19112.7 ms
block 61/80 - 181/240  18732.3 ms
block 62/80 - 184/240  18936.2 ms
block 63/80 - 187/240  18913.8 ms
block 64/80 - 190/240  19116.2 ms
block 65/80 - 193/240  18733.9 ms
block 66/80 - 196/240  18937.5 ms
block 67/80 - 199/240  18921.3 ms
block 68/80 - 202/240  19120.5 ms
block 69/80 - 205/240  18726.1 ms
block 70/80 - 208/240  18926.4 ms
block 71/80 - 211/240  18917.3 ms
block 72/80 - 214/240  19115.5 ms
block 73/80 - 217/240  18726.1 ms
block 74/80 - 220/240  18928.1 ms
block 75/80 - 223/240  18914.6 ms
block 76/80 - 226/240  19117.9 ms
block 77/80 - 229/240  18732.2 ms
block 78/80 - 232/240  18927.1 ms
block 79/80 - 235/240  18909.2 ms
block 80/80 - 238/240  19115.4 ms
[98/128] elapsed=180.4m  avg=110.4s/prompt  eta=55.2m
block 1/80 - 1/240  17139.3 ms
block 2/80 - 4/240  16759.2 ms
block 3/80 - 7/240  17863.6 ms
block 4/80 - 10/240  18069.2 ms
block 5/80 - 13/240  18108.4 ms
block 6/80 - 16/240  18323.5 ms
block 7/80 - 19/240  18452.2 ms
block 8/80 - 22/240  18786.3 ms
block 9/80 - 25/240  18786.7 ms
block 10/80 - 28/240  18936.1 ms
block 11/80 - 31/240  18916.2 ms
block 12/80 - 34/240  19126.2 ms
block 13/80 - 37/240  18723.6 ms
block 14/80 - 40/240  18938.1 ms
block 15/80 - 43/240  18923.4 ms
block 16/80 - 46/240  19124.5 ms
block 17/80 - 49/240  18729.5 ms
block 18/80 - 52/240  18934.4 ms
block 19/80 - 55/240  18918.7 ms
block 20/80 - 58/240  19122.0 ms
block 21/80 - 61/240  18733.6 ms
block 22/80 - 64/240  18942.0 ms
block 23/80 - 67/240  18921.6 ms
block 24/80 - 70/240  19113.8 ms
block 25/80 - 73/240  18727.1 ms
block 26/80 - 76/240  18936.0 ms
block 27/80 - 79/240  18912.1 ms
block 28/80 - 82/240  19112.5 ms
block 29/80 - 85/240  18735.2 ms
block 30/80 - 88/240  18939.7 ms
block 31/80 - 91/240  18915.3 ms
block 32/80 - 94/240  19112.1 ms
block 33/80 - 97/240  18723.2 ms
block 34/80 - 100/240  18934.3 ms
block 35/80 - 103/240  18916.3 ms
block 36/80 - 106/240  19118.9 ms
block 37/80 - 109/240  18730.0 ms
block 38/80 - 112/240  18924.2 ms
block 39/80 - 115/240  18912.9 ms
block 40/80 - 118/240  19102.3 ms
block 41/80 - 121/240  18708.7 ms
block 42/80 - 124/240  18926.3 ms
block 43/80 - 127/240  18921.1 ms
block 44/80 - 130/240  19190.5 ms
block 45/80 - 133/240  18725.0 ms
block 46/80 - 136/240  18931.6 ms
block 47/80 - 139/240  18921.7 ms
block 48/80 - 142/240  19124.0 ms
block 49/80 - 145/240  18704.9 ms
block 50/80 - 148/240  18933.3 ms
block 51/80 - 151/240  18891.5 ms
block 52/80 - 154/240  19107.2 ms
block 53/80 - 157/240  18703.9 ms
block 54/80 - 160/240  18942.2 ms
block 55/80 - 163/240  18925.3 ms
block 56/80 - 166/240  19100.2 ms
block 57/80 - 169/240  18737.6 ms
block 58/80 - 172/240  18920.5 ms
block 59/80 - 175/240  18894.9 ms
block 60/80 - 178/240  19118.0 ms
block 61/80 - 181/240  18734.7 ms
block 62/80 - 184/240  18937.0 ms
block 63/80 - 187/240  18925.9 ms
block 64/80 - 190/240  19089.7 ms
block 65/80 - 193/240  18710.1 ms
block 66/80 - 196/240  18940.1 ms
block 67/80 - 199/240  18927.0 ms
block 68/80 - 202/240  19115.2 ms
block 69/80 - 205/240  18728.8 ms
block 70/80 - 208/240  18940.9 ms
block 71/80 - 211/240  18917.4 ms
block 72/80 - 214/240  19123.6 ms
block 73/80 - 217/240  18730.7 ms
block 74/80 - 220/240  18947.5 ms
block 75/80 - 223/240  18915.0 ms
block 76/80 - 226/240  19120.7 ms
block 77/80 - 229/240  18722.9 ms
block 78/80 - 232/240  18933.7 ms
block 79/80 - 235/240  18919.2 ms
block 80/80 - 238/240  19119.6 ms
[114/128] elapsed=205.5m  avg=108.2s/prompt  eta=25.2m
