Running on a single GPU (cuda); skipping NCCL initialization.
Free VRAM 93.14923095703125 GB
Loading CUDA extension (first run compiles ~60s; cached run ~3s)...
CUDA extension ready in 149.8s.
KV inference with 3 frames per block
Number of prompts: 128
Prompt index range: [0, 128)
Loading PyramidKV config from configs/head_configs/best_labels.csv
block 1/80 - 1/240  239701.8 ms
block 2/80 - 4/240  30778.8 ms
block 3/80 - 7/240  32651.0 ms
block 4/80 - 10/240  32874.3 ms
block 5/80 - 13/240  32920.9 ms
block 6/80 - 16/240  33090.3 ms
block 7/80 - 19/240  33508.5 ms
block 8/80 - 22/240  34118.3 ms
block 9/80 - 25/240  33969.7 ms
block 10/80 - 28/240  34215.1 ms
block 11/80 - 31/240  34227.5 ms
block 12/80 - 34/240  34580.1 ms
block 13/80 - 37/240  33912.4 ms
block 14/80 - 40/240  34205.5 ms
block 15/80 - 43/240  34222.5 ms
block 16/80 - 46/240  34591.0 ms
block 17/80 - 49/240  33908.0 ms
block 18/80 - 52/240  34205.3 ms
block 19/80 - 55/240  34226.3 ms
block 20/80 - 58/240  34563.7 ms
block 21/80 - 61/240  33908.8 ms
block 22/80 - 64/240  34235.1 ms
block 23/80 - 67/240  34211.8 ms
block 24/80 - 70/240  34586.5 ms
block 25/80 - 73/240  33886.7 ms
block 26/80 - 76/240  34211.4 ms
block 27/80 - 79/240  34294.7 ms
block 28/80 - 82/240  34529.7 ms
block 29/80 - 85/240  33902.3 ms
block 30/80 - 88/240  34231.9 ms
block 31/80 - 91/240  34218.2 ms
block 32/80 - 94/240  34576.3 ms
block 33/80 - 97/240  33896.3 ms
block 34/80 - 100/240  34241.4 ms
block 35/80 - 103/240  34220.8 ms
block 36/80 - 106/240  34594.6 ms
block 37/80 - 109/240  33873.6 ms
block 38/80 - 112/240  34237.7 ms
block 39/80 - 115/240  34229.9 ms
block 40/80 - 118/240  34579.2 ms
block 41/80 - 121/240  33738.8 ms
block 42/80 - 124/240  34250.2 ms
block 43/80 - 127/240  34226.9 ms
block 44/80 - 130/240  34588.9 ms
block 45/80 - 133/240  33896.8 ms
block 46/80 - 136/240  34220.1 ms
block 47/80 - 139/240  34216.8 ms
block 48/80 - 142/240  34590.0 ms
block 49/80 - 145/240  33885.2 ms
block 50/80 - 148/240  34255.6 ms
block 51/80 - 151/240  34208.9 ms
block 52/80 - 154/240  34597.6 ms
block 53/80 - 157/240  33883.0 ms
block 54/80 - 160/240  34282.5 ms
block 55/80 - 163/240  34228.1 ms
block 56/80 - 166/240  34593.1 ms
block 57/80 - 169/240  33712.4 ms
block 58/80 - 172/240  34233.9 ms
block 59/80 - 175/240  34200.7 ms
block 60/80 - 178/240  34601.1 ms
block 61/80 - 181/240  33874.9 ms
block 62/80 - 184/240  34269.9 ms
block 63/80 - 187/240  34211.6 ms
block 64/80 - 190/240  34579.3 ms
block 65/80 - 193/240  33883.4 ms
block 66/80 - 196/240  34254.2 ms
block 67/80 - 199/240  34229.0 ms
block 68/80 - 202/240  34581.5 ms
block 69/80 - 205/240  33876.3 ms
block 70/80 - 208/240  34268.6 ms
block 71/80 - 211/240  34198.5 ms
block 72/80 - 214/240  34610.0 ms
block 73/80 - 217/240  33857.0 ms
block 74/80 - 220/240  34280.7 ms
block 75/80 - 223/240  34247.7 ms
block 76/80 - 226/240  34622.7 ms
block 77/80 - 229/240  33846.6 ms
block 78/80 - 232/240  34292.2 ms
block 79/80 - 235/240  34218.1 ms
block 80/80 - 238/240  34583.2 ms
/apdcephfs_gy2/share_303214315/cedricnie/miniconda3/envs/longlive/lib/python3.10/site-packages/torchvision/io/_video_deprecation_warning.py:9: UserWarning: The video decoding and encoding capabilities of torchvision are deprecated from version 0.22 and will be removed in version 0.24. We recommend that you migrate to TorchCodec, where we'll consolidate the future decoding/encoding capabilities of PyTorch: https://github.com/pytorch/torchcodec
  warnings.warn(
[12/128] elapsed=49.2m  avg=246.1s/prompt  eta=475.8m
block 1/80 - 1/240  28313.9 ms
block 2/80 - 4/240  30802.2 ms
block 3/80 - 7/240  32618.9 ms
block 4/80 - 10/240  32939.2 ms
block 5/80 - 13/240  32959.1 ms
block 6/80 - 16/240  33160.5 ms
block 7/80 - 19/240  33578.8 ms
block 8/80 - 22/240  34051.2 ms
block 9/80 - 25/240  33990.7 ms
block 10/80 - 28/240  34266.2 ms
block 11/80 - 31/240  34246.4 ms
block 12/80 - 34/240  34633.1 ms
block 13/80 - 37/240  33830.9 ms
block 14/80 - 40/240  34296.3 ms
block 15/80 - 43/240  34212.0 ms
block 16/80 - 46/240  34615.8 ms
block 17/80 - 49/240  33823.4 ms
block 18/80 - 52/240  34293.8 ms
block 19/80 - 55/240  34221.8 ms
block 20/80 - 58/240  34581.0 ms
block 21/80 - 61/240  33816.3 ms
block 22/80 - 64/240  34306.3 ms
block 23/80 - 67/240  34219.8 ms
block 24/80 - 70/240  34628.2 ms
block 25/80 - 73/240  33847.1 ms
block 26/80 - 76/240  34298.9 ms
block 27/80 - 79/240  34444.6 ms
block 28/80 - 82/240  34606.9 ms
block 29/80 - 85/240  33670.5 ms
block 30/80 - 88/240  34292.9 ms
block 31/80 - 91/240  34222.8 ms
block 32/80 - 94/240  34618.7 ms
block 33/80 - 97/240  33838.1 ms
block 34/80 - 100/240  34295.9 ms
block 35/80 - 103/240  34234.1 ms
block 36/80 - 106/240  34613.6 ms
block 37/80 - 109/240  33824.2 ms
block 38/80 - 112/240  34321.9 ms
block 39/80 - 115/240  34225.1 ms
block 40/80 - 118/240  34624.0 ms
block 41/80 - 121/240  33820.5 ms
block 42/80 - 124/240  34316.6 ms
block 43/80 - 127/240  34231.6 ms
block 44/80 - 130/240  34610.3 ms
block 45/80 - 133/240  33826.1 ms
block 46/80 - 136/240  34329.1 ms
block 47/80 - 139/240  34246.3 ms
block 48/80 - 142/240  34595.9 ms
block 49/80 - 145/240  33814.7 ms
block 50/80 - 148/240  34310.7 ms
block 51/80 - 151/240  34229.9 ms
block 52/80 - 154/240  34608.7 ms
block 53/80 - 157/240  33659.6 ms
block 54/80 - 160/240  34332.2 ms
block 55/80 - 163/240  34231.2 ms
block 56/80 - 166/240  34616.8 ms
block 57/80 - 169/240  33819.7 ms
block 58/80 - 172/240  34333.6 ms
block 59/80 - 175/240  34213.4 ms
block 60/80 - 178/240  34623.6 ms
block 61/80 - 181/240  33810.9 ms
block 62/80 - 184/240  34349.2 ms
block 63/80 - 187/240  34204.8 ms
block 64/80 - 190/240  34606.5 ms
block 65/80 - 193/240  33802.6 ms
block 66/80 - 196/240  34337.4 ms
block 67/80 - 199/240  34228.0 ms
block 68/80 - 202/240  34624.8 ms
block 69/80 - 205/240  33638.6 ms
block 70/80 - 208/240  34334.3 ms
block 71/80 - 211/240  34218.5 ms
block 72/80 - 214/240  34624.8 ms
block 73/80 - 217/240  33802.5 ms
block 74/80 - 220/240  34333.2 ms
block 75/80 - 223/240  34218.3 ms
block 76/80 - 226/240  34627.5 ms
block 77/80 - 229/240  33862.4 ms
block 78/80 - 232/240  34294.5 ms
block 79/80 - 235/240  34252.7 ms
block 80/80 - 238/240  34598.0 ms
[28/128] elapsed=94.7m  avg=202.8s/prompt  eta=338.1m
block 1/80 - 1/240  28490.0 ms
block 2/80 - 4/240  30631.4 ms
block 3/80 - 7/240  32795.9 ms
block 4/80 - 10/240  33038.6 ms
block 5/80 - 13/240  33101.6 ms
block 6/80 - 16/240  33427.9 ms
block 7/80 - 19/240  33747.2 ms
block 8/80 - 22/240  34076.3 ms
block 9/80 - 25/240  34026.3 ms
block 10/80 - 28/240  34274.4 ms
block 11/80 - 31/240  34267.1 ms
block 12/80 - 34/240  34613.4 ms
block 13/80 - 37/240  33891.5 ms
block 14/80 - 40/240  34324.0 ms
block 15/80 - 43/240  34251.8 ms
block 16/80 - 46/240  34642.8 ms
block 17/80 - 49/240  33787.3 ms
block 18/80 - 52/240  34331.7 ms
block 19/80 - 55/240  34232.4 ms
block 20/80 - 58/240  34622.4 ms
block 21/80 - 61/240  33799.6 ms
block 22/80 - 64/240  34305.5 ms
block 23/80 - 67/240  34257.4 ms
block 24/80 - 70/240  34623.9 ms
block 25/80 - 73/240  33793.2 ms
block 26/80 - 76/240  34311.4 ms
block 27/80 - 79/240  34258.9 ms
block 28/80 - 82/240  34636.0 ms
block 29/80 - 85/240  33804.9 ms
block 30/80 - 88/240  34296.1 ms
block 31/80 - 91/240  34266.3 ms
block 32/80 - 94/240  34630.8 ms
block 33/80 - 97/240  33810.9 ms
block 34/80 - 100/240  34299.4 ms
block 35/80 - 103/240  34267.5 ms
block 36/80 - 106/240  34636.0 ms
block 37/80 - 109/240  33819.8 ms
block 38/80 - 112/240  34276.0 ms
block 39/80 - 115/240  34267.9 ms
block 40/80 - 118/240  34627.6 ms
block 41/80 - 121/240  33814.2 ms
block 42/80 - 124/240  34278.1 ms
block 43/80 - 127/240  34273.4 ms
block 44/80 - 130/240  34617.6 ms
block 45/80 - 133/240  33822.0 ms
block 46/80 - 136/240  34278.6 ms
block 47/80 - 139/240  34289.7 ms
block 48/80 - 142/240  34624.3 ms
block 49/80 - 145/240  33818.2 ms
block 50/80 - 148/240  34285.0 ms
block 51/80 - 151/240  34268.5 ms
block 52/80 - 154/240  34622.1 ms
block 53/80 - 157/240  33821.4 ms
block 54/80 - 160/240  34269.7 ms
block 55/80 - 163/240  34306.3 ms
block 56/80 - 166/240  34611.5 ms
block 57/80 - 169/240  33834.4 ms
block 58/80 - 172/240  34246.8 ms
block 59/80 - 175/240  34306.2 ms
block 60/80 - 178/240  34621.6 ms
block 61/80 - 181/240  33822.0 ms
block 62/80 - 184/240  34266.5 ms
block 63/80 - 187/240  34291.8 ms
block 64/80 - 190/240  34616.4 ms
block 65/80 - 193/240  33821.1 ms
block 66/80 - 196/240  34265.1 ms
block 67/80 - 199/240  34307.3 ms
block 68/80 - 202/240  34648.3 ms
block 69/80 - 205/240  33827.3 ms
block 70/80 - 208/240  34250.8 ms
block 71/80 - 211/240  34314.2 ms
block 72/80 - 214/240  34626.6 ms
block 73/80 - 217/240  33831.9 ms
block 74/80 - 220/240  34265.6 ms
block 75/80 - 223/240  34297.3 ms
block 76/80 - 226/240  34627.0 ms
block 77/80 - 229/240  33836.1 ms
block 78/80 - 232/240  34280.9 ms
block 79/80 - 235/240  34304.1 ms
block 80/80 - 238/240  34618.6 ms
[44/128] elapsed=140.1m  avg=191.1s/prompt  eta=267.5m
block 1/80 - 1/240  28071.8 ms
block 2/80 - 4/240  30233.0 ms
block 3/80 - 7/240  32781.0 ms
block 4/80 - 10/240  33026.8 ms
block 5/80 - 13/240  33072.0 ms
block 6/80 - 16/240  33232.6 ms
block 7/80 - 19/240  33652.3 ms
block 8/80 - 22/240  34133.7 ms
block 9/80 - 25/240  34129.5 ms
block 10/80 - 28/240  34354.1 ms
block 11/80 - 31/240  34344.4 ms
block 12/80 - 34/240  34607.1 ms
block 13/80 - 37/240  33821.5 ms
block 14/80 - 40/240  34240.5 ms
block 15/80 - 43/240  34309.9 ms
block 16/80 - 46/240  34595.3 ms
block 17/80 - 49/240  33836.0 ms
block 18/80 - 52/240  34252.2 ms
block 19/80 - 55/240  34301.9 ms
block 20/80 - 58/240  34600.4 ms
block 21/80 - 61/240  33830.2 ms
block 22/80 - 64/240  34235.5 ms
block 23/80 - 67/240  34326.7 ms
block 24/80 - 70/240  34602.3 ms
block 25/80 - 73/240  33846.6 ms
block 26/80 - 76/240  34234.0 ms
block 27/80 - 79/240  34311.0 ms
block 28/80 - 82/240  34607.6 ms
block 29/80 - 85/240  33836.6 ms
block 30/80 - 88/240  34232.6 ms
block 31/80 - 91/240  34313.4 ms
block 32/80 - 94/240  34601.3 ms
block 33/80 - 97/240  33845.8 ms
block 34/80 - 100/240  34215.7 ms
block 35/80 - 103/240  34334.7 ms
block 36/80 - 106/240  34591.2 ms
block 37/80 - 109/240  33844.4 ms
block 38/80 - 112/240  34196.3 ms
block 39/80 - 115/240  34336.2 ms
block 40/80 - 118/240  34615.1 ms
block 41/80 - 121/240  33863.7 ms
block 42/80 - 124/240  34184.9 ms
block 43/80 - 127/240  34344.7 ms
block 44/80 - 130/240  34585.1 ms
block 45/80 - 133/240  33851.6 ms
block 46/80 - 136/240  34187.0 ms
block 47/80 - 139/240  34334.8 ms
block 48/80 - 142/240  34603.5 ms
block 49/80 - 145/240  33862.9 ms
block 50/80 - 148/240  34181.0 ms
block 51/80 - 151/240  34337.6 ms
block 52/80 - 154/240  34584.0 ms
block 53/80 - 157/240  33854.2 ms
block 54/80 - 160/240  34189.6 ms
block 55/80 - 163/240  34341.9 ms
block 56/80 - 166/240  34610.9 ms
block 57/80 - 169/240  33863.9 ms
block 58/80 - 172/240  34181.4 ms
block 59/80 - 175/240  34355.5 ms
block 60/80 - 178/240  34598.3 ms
block 61/80 - 181/240  33869.6 ms
block 62/80 - 184/240  34179.9 ms
block 63/80 - 187/240  34357.1 ms
block 64/80 - 190/240  34592.3 ms
block 65/80 - 193/240  33868.7 ms
block 66/80 - 196/240  34178.6 ms
block 67/80 - 199/240  34337.1 ms
block 68/80 - 202/240  34592.7 ms
block 69/80 - 205/240  33699.8 ms
block 70/80 - 208/240  34158.8 ms
block 71/80 - 211/240  34343.8 ms
block 72/80 - 214/240  34594.0 ms
block 73/80 - 217/240  33853.2 ms
block 74/80 - 220/240  34183.1 ms
block 75/80 - 223/240  34355.7 ms
block 76/80 - 226/240  34586.9 ms
block 77/80 - 229/240  33865.2 ms
block 78/80 - 232/240  34200.8 ms
block 79/80 - 235/240  34346.4 ms
block 80/80 - 238/240  34588.6 ms
[60/128] elapsed=185.6m  avg=185.6s/prompt  eta=210.3m
block 1/80 - 1/240  28335.6 ms
block 2/80 - 4/240  30519.3 ms
block 3/80 - 7/240  32702.1 ms
block 4/80 - 10/240  33026.1 ms
block 5/80 - 13/240  33071.5 ms
block 6/80 - 16/240  33191.0 ms
block 7/80 - 19/240  33638.1 ms
block 8/80 - 22/240  34132.0 ms
block 9/80 - 25/240  34094.6 ms
block 10/80 - 28/240  34264.2 ms
block 11/80 - 31/240  34315.3 ms
block 12/80 - 34/240  34626.1 ms
block 13/80 - 37/240  33862.7 ms
block 14/80 - 40/240  34198.7 ms
block 15/80 - 43/240  34337.8 ms
block 16/80 - 46/240  34601.9 ms
block 17/80 - 49/240  33848.9 ms
block 18/80 - 52/240  34199.7 ms
block 19/80 - 55/240  34310.0 ms
block 20/80 - 58/240  34602.5 ms
block 21/80 - 61/240  33770.4 ms
block 22/80 - 64/240  34312.0 ms
block 23/80 - 67/240  34288.0 ms
block 24/80 - 70/240  34566.3 ms
block 25/80 - 73/240  33962.0 ms
block 26/80 - 76/240  34285.8 ms
block 27/80 - 79/240  34301.4 ms
block 28/80 - 82/240  34564.4 ms
block 29/80 - 85/240  33968.0 ms
block 30/80 - 88/240  34283.5 ms
block 31/80 - 91/240  34284.9 ms
block 32/80 - 94/240  34553.9 ms
block 33/80 - 97/240  33896.6 ms
block 34/80 - 100/240  34177.7 ms
block 35/80 - 103/240  34351.2 ms
block 36/80 - 106/240  34574.7 ms
block 37/80 - 109/240  33816.8 ms
block 38/80 - 112/240  34169.3 ms
block 39/80 - 115/240  34338.3 ms
block 40/80 - 118/240  34610.7 ms
block 41/80 - 121/240  33833.2 ms
block 42/80 - 124/240  34174.6 ms
block 43/80 - 127/240  34333.6 ms
block 44/80 - 130/240  34597.4 ms
block 45/80 - 133/240  33824.6 ms
block 46/80 - 136/240  34189.6 ms
block 47/80 - 139/240  34353.6 ms
block 48/80 - 142/240  34595.9 ms
block 49/80 - 145/240  33841.3 ms
block 50/80 - 148/240  34187.3 ms
block 51/80 - 151/240  34319.7 ms
block 52/80 - 154/240  34618.6 ms
block 53/80 - 157/240  33832.0 ms
block 54/80 - 160/240  34177.1 ms
block 55/80 - 163/240  34322.5 ms
block 56/80 - 166/240  34640.2 ms
block 57/80 - 169/240  33826.0 ms
block 58/80 - 172/240  34194.8 ms
block 59/80 - 175/240  34307.8 ms
block 60/80 - 178/240  34633.4 ms
block 61/80 - 181/240  33818.3 ms
block 62/80 - 184/240  34191.3 ms
block 63/80 - 187/240  34288.7 ms
block 64/80 - 190/240  34636.1 ms
block 65/80 - 193/240  33835.3 ms
block 66/80 - 196/240  34299.5 ms
block 67/80 - 199/240  34198.0 ms
block 68/80 - 202/240  34628.8 ms
block 69/80 - 205/240  33825.6 ms
block 70/80 - 208/240  34218.6 ms
block 71/80 - 211/240  34307.1 ms
block 72/80 - 214/240  34649.1 ms
block 73/80 - 217/240  33829.7 ms
block 74/80 - 220/240  34198.1 ms
block 75/80 - 223/240  34292.3 ms
block 76/80 - 226/240  34653.1 ms
block 77/80 - 229/240  33823.5 ms
block 78/80 - 232/240  34202.3 ms
block 79/80 - 235/240  34303.6 ms
block 80/80 - 238/240  34640.2 ms
[76/128] elapsed=231.0m  avg=182.4s/prompt  eta=158.0m
block 1/80 - 1/240  28395.8 ms
block 2/80 - 4/240  30195.6 ms
block 3/80 - 7/240  32368.6 ms
block 4/80 - 10/240  33022.0 ms
block 5/80 - 13/240  33072.6 ms
block 6/80 - 16/240  33222.4 ms
block 7/80 - 19/240  33816.7 ms
block 8/80 - 22/240  34132.7 ms
block 9/80 - 25/240  34135.5 ms
block 10/80 - 28/240  34363.8 ms
block 11/80 - 31/240  34375.3 ms
block 12/80 - 34/240  34697.3 ms
block 13/80 - 37/240  34082.1 ms
block 14/80 - 40/240  34335.4 ms
block 15/80 - 43/240  34285.6 ms
block 16/80 - 46/240  34663.1 ms
block 17/80 - 49/240  33825.2 ms
block 18/80 - 52/240  34222.1 ms
block 19/80 - 55/240  34275.5 ms
block 20/80 - 58/240  34668.1 ms
block 21/80 - 61/240  33817.5 ms
block 22/80 - 64/240  34192.8 ms
block 23/80 - 67/240  34258.4 ms
block 24/80 - 70/240  34671.1 ms
block 25/80 - 73/240  33832.6 ms
block 26/80 - 76/240  34212.6 ms
block 27/80 - 79/240  34277.7 ms
block 28/80 - 82/240  34651.4 ms
block 29/80 - 85/240  33826.1 ms
block 30/80 - 88/240  34220.6 ms
block 31/80 - 91/240  34251.8 ms
block 32/80 - 94/240  34677.5 ms
block 33/80 - 97/240  33820.5 ms
block 34/80 - 100/240  34231.2 ms
block 35/80 - 103/240  34253.2 ms
block 36/80 - 106/240  34672.9 ms
block 37/80 - 109/240  33840.7 ms
block 38/80 - 112/240  34212.8 ms
block 39/80 - 115/240  34245.7 ms
block 40/80 - 118/240  34684.4 ms
block 41/80 - 121/240  33822.2 ms
block 42/80 - 124/240  34191.3 ms
block 43/80 - 127/240  34244.3 ms
block 44/80 - 130/240  34683.1 ms
block 45/80 - 133/240  33834.8 ms
block 46/80 - 136/240  34197.7 ms
block 47/80 - 139/240  34243.9 ms
block 48/80 - 142/240  34693.5 ms
block 49/80 - 145/240  33838.3 ms
block 50/80 - 148/240  34222.2 ms
block 51/80 - 151/240  34232.2 ms
block 52/80 - 154/240  34698.9 ms
block 53/80 - 157/240  34447.8 ms
block 54/80 - 160/240  33879.3 ms
block 55/80 - 163/240  34243.4 ms
block 56/80 - 166/240  34716.2 ms
block 57/80 - 169/240  33836.2 ms
block 58/80 - 172/240  34205.5 ms
block 59/80 - 175/240  34253.9 ms
block 60/80 - 178/240  34706.1 ms
block 61/80 - 181/240  33837.5 ms
block 62/80 - 184/240  34240.7 ms
block 63/80 - 187/240  34210.6 ms
block 64/80 - 190/240  34689.3 ms
block 65/80 - 193/240  33846.0 ms
block 66/80 - 196/240  34224.6 ms
block 67/80 - 199/240  34211.8 ms
block 68/80 - 202/240  34702.2 ms
block 69/80 - 205/240  33843.3 ms
block 70/80 - 208/240  34221.5 ms
block 71/80 - 211/240  34218.8 ms
block 72/80 - 214/240  34706.0 ms
block 73/80 - 217/240  33834.3 ms
block 74/80 - 220/240  34221.7 ms
block 75/80 - 223/240  34203.8 ms
block 76/80 - 226/240  34705.4 ms
block 77/80 - 229/240  33836.5 ms
block 78/80 - 232/240  34229.5 ms
block 79/80 - 235/240  34204.0 ms
block 80/80 - 238/240  34704.4 ms
[92/128] elapsed=276.4m  avg=180.3s/prompt  eta=108.2m
block 1/80 - 1/240  28315.8 ms
block 2/80 - 4/240  30175.3 ms
block 3/80 - 7/240  32598.1 ms
block 4/80 - 10/240  33015.3 ms
block 5/80 - 13/240  33071.8 ms
block 6/80 - 16/240  33231.1 ms
block 7/80 - 19/240  33642.5 ms
block 8/80 - 22/240  34133.4 ms
block 9/80 - 25/240  34128.6 ms
block 10/80 - 28/240  34339.3 ms
block 11/80 - 31/240  34398.5 ms
block 12/80 - 34/240  34724.4 ms
block 13/80 - 37/240  33817.7 ms
block 14/80 - 40/240  34247.3 ms
block 15/80 - 43/240  34205.3 ms
block 16/80 - 46/240  34702.6 ms
block 17/80 - 49/240  33847.5 ms
block 18/80 - 52/240  34242.2 ms
block 19/80 - 55/240  34210.7 ms
block 20/80 - 58/240  34682.2 ms
block 21/80 - 61/240  33835.4 ms
block 22/80 - 64/240  34235.3 ms
block 23/80 - 67/240  34203.7 ms
block 24/80 - 70/240  34710.5 ms
block 25/80 - 73/240  33824.1 ms
block 26/80 - 76/240  34211.2 ms
block 27/80 - 79/240  34215.9 ms
block 28/80 - 82/240  34718.2 ms
block 29/80 - 85/240  33838.3 ms
block 30/80 - 88/240  34219.4 ms
block 31/80 - 91/240  34207.8 ms
block 32/80 - 94/240  34732.7 ms
block 33/80 - 97/240  33843.2 ms
block 34/80 - 100/240  34233.3 ms
block 35/80 - 103/240  34246.2 ms
block 36/80 - 106/240  34666.7 ms
block 37/80 - 109/240  33890.3 ms
block 38/80 - 112/240  34280.6 ms
block 39/80 - 115/240  34303.5 ms
block 40/80 - 118/240  34595.2 ms
block 41/80 - 121/240  33802.0 ms
block 42/80 - 124/240  34276.0 ms
block 43/80 - 127/240  34302.4 ms
block 44/80 - 130/240  34606.0 ms
block 45/80 - 133/240  33937.3 ms
block 46/80 - 136/240  34272.4 ms
block 47/80 - 139/240  34267.0 ms
block 48/80 - 142/240  34644.9 ms
block 49/80 - 145/240  33894.9 ms
block 50/80 - 148/240  34240.8 ms
block 51/80 - 151/240  34169.3 ms
block 52/80 - 154/240  34679.0 ms
block 53/80 - 157/240  33849.0 ms
block 54/80 - 160/240  34225.4 ms
block 55/80 - 163/240  34186.8 ms
block 56/80 - 166/240  34681.7 ms
block 57/80 - 169/240  33848.7 ms
block 58/80 - 172/240  34214.1 ms
block 59/80 - 175/240  34187.9 ms
block 60/80 - 178/240  34677.7 ms
block 61/80 - 181/240  33867.8 ms
block 62/80 - 184/240  34198.5 ms
block 63/80 - 187/240  34203.0 ms
block 64/80 - 190/240  34676.8 ms
block 65/80 - 193/240  33888.2 ms
block 66/80 - 196/240  34245.8 ms
block 67/80 - 199/240  34181.7 ms
block 68/80 - 202/240  34671.8 ms
block 69/80 - 205/240  33876.1 ms
block 70/80 - 208/240  34239.4 ms
block 71/80 - 211/240  34204.2 ms
block 72/80 - 214/240  34651.6 ms
block 73/80 - 217/240  33880.8 ms
block 74/80 - 220/240  34227.1 ms
block 75/80 - 223/240  34208.0 ms
block 76/80 - 226/240  34653.0 ms
block 77/80 - 229/240  33877.3 ms
block 78/80 - 232/240  34224.3 ms
block 79/80 - 235/240  34223.0 ms
block 80/80 - 238/240  34657.3 ms
[108/128] elapsed=321.9m  avg=178.8s/prompt  eta=59.6m
block 1/80 - 1/240  28770.1 ms
block 2/80 - 4/240  30068.4 ms
block 3/80 - 7/240  32113.3 ms
block 4/80 - 10/240  32701.2 ms
block 5/80 - 13/240  33071.9 ms
block 6/80 - 16/240  33242.5 ms
block 7/80 - 19/240  33657.5 ms
block 8/80 - 22/240  34133.7 ms
block 9/80 - 25/240  34134.9 ms
block 10/80 - 28/240  34325.3 ms
block 11/80 - 31/240  34382.4 ms
block 12/80 - 34/240  34708.1 ms
block 13/80 - 37/240  34083.3 ms
block 14/80 - 40/240  34358.3 ms
block 15/80 - 43/240  34379.9 ms
block 16/80 - 46/240  34713.0 ms
block 17/80 - 49/240  34084.6 ms
block 18/80 - 52/240  34268.8 ms
block 19/80 - 55/240  34211.4 ms
block 20/80 - 58/240  34635.5 ms
block 21/80 - 61/240  33907.9 ms
block 22/80 - 64/240  34230.3 ms
block 23/80 - 67/240  34230.3 ms
block 24/80 - 70/240  34618.1 ms
block 25/80 - 73/240  33917.2 ms
block 26/80 - 76/240  34211.8 ms
block 27/80 - 79/240  34218.4 ms
block 28/80 - 82/240  34632.4 ms
block 29/80 - 85/240  33907.8 ms
block 30/80 - 88/240  34237.6 ms
block 31/80 - 91/240  34215.8 ms
block 32/80 - 94/240  34620.6 ms
block 33/80 - 97/240  33906.7 ms
block 34/80 - 100/240  34212.1 ms
block 35/80 - 103/240  34229.1 ms
block 36/80 - 106/240  34633.7 ms
block 37/80 - 109/240  33914.3 ms
block 38/80 - 112/240  34239.0 ms
block 39/80 - 115/240  34217.0 ms
block 40/80 - 118/240  34625.4 ms
block 41/80 - 121/240  33909.3 ms
block 42/80 - 124/240  34212.5 ms
block 43/80 - 127/240  34229.7 ms
block 44/80 - 130/240  34620.2 ms
block 45/80 - 133/240  33914.5 ms
block 46/80 - 136/240  34205.8 ms
block 47/80 - 139/240  34216.9 ms
block 48/80 - 142/240  34607.1 ms
block 49/80 - 145/240  33924.1 ms
block 50/80 - 148/240  34210.5 ms
block 51/80 - 151/240  34249.1 ms
block 52/80 - 154/240  34611.4 ms
block 53/80 - 157/240  33932.9 ms
block 54/80 - 160/240  34216.0 ms
block 55/80 - 163/240  34236.5 ms
block 56/80 - 166/240  34612.0 ms
block 57/80 - 169/240  33947.8 ms
block 58/80 - 172/240  34227.7 ms
block 59/80 - 175/240  34233.4 ms
block 60/80 - 178/240  34591.3 ms
block 61/80 - 181/240  33778.2 ms
block 62/80 - 184/240  34217.6 ms
block 63/80 - 187/240  34230.3 ms
block 64/80 - 190/240  34606.7 ms
block 65/80 - 193/240  33934.8 ms
block 66/80 - 196/240  34221.6 ms
block 67/80 - 199/240  34244.8 ms
block 68/80 - 202/240  34605.6 ms
block 69/80 - 205/240  33936.1 ms
block 70/80 - 208/240  34205.6 ms
block 71/80 - 211/240  34229.3 ms
block 72/80 - 214/240  34606.2 ms
block 73/80 - 217/240  33935.5 ms
block 74/80 - 220/240  34201.8 ms
block 75/80 - 223/240  34261.5 ms
block 76/80 - 226/240  34595.0 ms
block 77/80 - 229/240  33960.6 ms
block 78/80 - 232/240  34189.5 ms
block 79/80 - 235/240  34241.7 ms
block 80/80 - 238/240  34591.1 ms
[124/128] elapsed=367.3m  avg=177.7s/prompt  eta=11.8m
