[command] /apdcephfs_gy2/share_303214315/cedricnie/miniconda3/envs/longlive/bin/python inference.py --config_path /apdcephfs_gy2/share_303214315/cedricnie/develop/training-free/third_party/Pyramid-Forcing/configs/pyramid-forcing.yaml --checkpoint_path /apdcephfs_gy2/share_302533218/cedricnie/model_cache/self_forcing_dmd.pt --data_path /apdcephfs_gy2/share_303214315/cedricnie/develop/training-free/prompts/moviegen_128_qwen_v154_diverse16.txt --output_folder /apdcephfs_gy2/share_303214315/cedricnie/develop/training-free/runs/v164_direction_freshness_moviebench16/full8/videos/ours_middle10_reservoir2_directionfresh1__p010 --num_output_frames 120 --seed 0 --num_samples 1 --use_ema --save_with_index --start_idx 10 --end_idx 11 --reseed_per_prompt --pyramidkv_head_config_path /apdcephfs_gy2/share_303214315/cedricnie/develop/training-free/configs/head_maps/v157_layer_middle10_reservoir.csv --pyramidkv_history_polarity --pyramidkv_history_support_policy reservoir2_directionfresh1 --pyramidkv_history_suppress_policy recent8_sink1 --pyramidkv_history_budget_profile default --pyramidkv_motion_event_top_k 1 --pyramidkv_motion_event_sample_tokens 64
/apdcephfs_gy2/share_303214315/cedricnie/miniconda3/envs/longlive/lib/python3.10/site-packages/transformers/utils/generic.py:441: FutureWarning: `torch.utils._pytree._register_pytree_node` is deprecated. Please use `torch.utils._pytree.register_pytree_node` instead.
  _torch_pytree._register_pytree_node(
Running on a single GPU (cuda); skipping NCCL initialization.
Free VRAM 94.68743896484375 GB
Loading CUDA extension (first run compiles ~60s; cached run ~3s)...
CUDA extension ready in 137.7s.
[HistoryPolarityPolicy] support_label=10 suppress_label=11 support=reservoir2_directionfresh1 suppress=recent8_sink1 budget=default counts=10:120,11:240 support_sink=1 suppress_sink=1 support_recent=4 suppress_recent=8 retrieval_abstain=False retrieval_min_similarity=-0.2500 retrieval_min_margin=0.0000 legacy_pf_labels=false exclusive_owner=true
KV inference with 3 frames per block
Number of prompts: 16
Prompt index range: [10, 11)
Loading PyramidKV config from /apdcephfs_gy2/share_303214315/cedricnie/develop/training-free/configs/head_maps/v157_layer_middle10_reservoir.csv
[PyramidKVHeadMap] path=/apdcephfs_gy2/share_303214315/cedricnie/develop/training-free/configs/head_maps/v157_layer_middle10_reservoir.csv heads=360 labels={10: 120, 11: 240} policies={'stride': 360} sink_frames={1: 360} recent_frames={4: 360}
[PyramidKVRuntimePolicy] path=/apdcephfs_gy2/share_303214315/cedricnie/develop/training-free/configs/head_maps/v157_layer_middle10_reservoir.csv heads=360 labels={10: 120, 11: 240} policies={'reservoir_motion': 120, 'stride': 240} middle={'CoherentMotionStrategy+TemporalReservoirStrategy': 120, 'none': 240} sinks={1: 360} recent={4: 120, 8: 240} exclusive_dynamic=True
[PyramidKVRoleEvent] layer=15 block=0 group=motion:10 heads=12 motion=[0.0, 0.75966936, 0.78222501] semantic=[0.99427629, 0.99526483]
block 1/40 - 1/120  32545.8 ms
[PyramidKVRoleEvent] layer=15 block=3 group=motion:10 heads=12 motion=[0.78083158, 0.7562049, 0.74490762] semantic=[0.996328, 0.9964866]
block 2/40 - 4/120   2282.0 ms
[PyramidKVRoleEvent] layer=15 block=6 group=motion:10 heads=12 motion=[0.75380069, 0.68589926, 0.67995673] semantic=[0.99658263, 0.99700665]
block 3/40 - 7/120   2703.1 ms
[PyramidKVRoleEvent] layer=15 block=9 group=motion:10 heads=12 motion=[0.63899601, 0.6094588, 0.61601967] semantic=[0.99702048, 0.99678075]
block 4/40 - 10/120   2703.2 ms
[PyramidKVRoleEvent] layer=15 block=12 group=motion:10 heads=12 motion=[0.55261093, 0.54391527, 0.5496999] semantic=[0.99808085, 0.99694419]
block 5/40 - 13/120   2840.4 ms
[PyramidKVRoleEvent] layer=15 block=15 group=motion:10 heads=12 motion=[0.62630033, 0.62119102, 0.69187778] semantic=[0.9977504, 0.99570334]
block 6/40 - 16/120   2844.6 ms
[PyramidKVRoleEvent] layer=15 block=18 group=motion:10 heads=12 motion=[0.70490098, 0.66705507, 0.6378057] semantic=[0.99555087, 0.99642849]
block 7/40 - 19/120   2857.4 ms
[PyramidKVRoleEvent] layer=15 block=21 group=motion:10 heads=12 motion=[0.62472945, 0.64515573, 0.60237622] semantic=[0.99742568, 0.99668068]
block 8/40 - 22/120   2901.0 ms
[PyramidKVRoleEvent] layer=15 block=24 group=motion:10 heads=12 motion=[0.6395579, 0.53374684, 0.54509681] semantic=[0.9980098, 0.99655956]
block 9/40 - 25/120   2947.2 ms
[PyramidKVRoleEvent] layer=15 block=27 group=motion:10 heads=12 motion=[0.63777167, 0.70494115, 0.66933954] semantic=[0.99594986, 0.99632788]
block 10/40 - 28/120   2834.6 ms
[PyramidKVRoleEvent] layer=15 block=30 group=motion:10 heads=12 motion=[0.6569795, 0.69339556, 0.6284765] semantic=[0.99726057, 0.99631965]
block 11/40 - 31/120   2856.9 ms
[PyramidKVRoleEvent] layer=15 block=33 group=motion:10 heads=12 motion=[0.67049176, 0.5610128, 0.58857381] semantic=[0.99793053, 0.99612087]
block 12/40 - 34/120   2942.6 ms
[PyramidKVRoleEvent] layer=15 block=36 group=motion:10 heads=12 motion=[0.6337778, 0.60280126, 0.57294846] semantic=[0.99692094, 0.99625683]
block 13/40 - 37/120   3013.5 ms
[PyramidKVRoleEvent] layer=15 block=39 group=motion:10 heads=12 motion=[0.55019426, 0.63249636, 0.57037395] semantic=[0.99677348, 0.99563539]
block 14/40 - 40/120   2894.8 ms
[PyramidKVRoleEvent] layer=15 block=42 group=motion:10 heads=12 motion=[0.64660472, 0.6678769, 0.65213829] semantic=[0.99639457, 0.9959473]
block 15/40 - 43/120   2887.5 ms
[PyramidKVRoleEvent] layer=15 block=45 group=motion:10 heads=12 motion=[0.69481504, 0.65010405, 0.62049079] semantic=[0.99629021, 0.9967944]
block 16/40 - 46/120   2950.2 ms
[PyramidKVRoleEvent] layer=15 block=48 group=motion:10 heads=12 motion=[0.54641575, 0.6052562, 0.6611433] semantic=[0.99668014, 0.99645698]
block 17/40 - 49/120   2791.6 ms
[PyramidKVRoleEvent] layer=15 block=51 group=motion:10 heads=12 motion=[0.59410375, 0.5154804, 0.55432171] semantic=[0.9969942, 0.996328]
block 18/40 - 52/120   2706.0 ms
[PyramidKVRoleEvent] layer=15 block=54 group=motion:10 heads=12 motion=[0.63846046, 0.69676989, 0.80548787] semantic=[0.99622875, 0.99278033]
block 19/40 - 55/120   2694.4 ms
[PyramidKVRoleEvent] layer=15 block=57 group=motion:10 heads=12 motion=[0.67507845, 0.68093956, 0.64873761] semantic=[0.99638647, 0.99613333]
block 20/40 - 58/120   2651.0 ms
[PyramidKVRoleEvent] layer=15 block=60 group=motion:10 heads=12 motion=[0.70036519, 0.6871199, 0.66037828] semantic=[0.99770308, 0.99612093]
block 21/40 - 61/120   2721.2 ms
[PyramidKVRoleEvent] layer=15 block=63 group=motion:10 heads=12 motion=[0.6781581, 0.80390674, 0.77204716] semantic=[0.99552613, 0.99570769]
block 22/40 - 64/120   2714.2 ms
[PyramidKVRoleEvent] layer=15 block=66 group=motion:10 heads=12 motion=[0.66499805, 0.69952369, 0.65059161] semantic=[0.99675798, 0.99714923]
block 23/40 - 67/120   2719.4 ms
[PyramidKVRoleEvent] layer=15 block=69 group=motion:10 heads=12 motion=[0.55677646, 0.68174505, 0.71865934] semantic=[0.99630499, 0.99569762]
block 24/40 - 70/120   2729.6 ms
[PyramidKVRoleEvent] layer=15 block=72 group=motion:10 heads=12 motion=[0.61697233, 0.64656383, 0.67616522] semantic=[0.99668312, 0.99584275]
block 25/40 - 73/120   2775.6 ms
[PyramidKVRoleEvent] layer=15 block=75 group=motion:10 heads=12 motion=[0.6618005, 0.62149096, 0.63890839] semantic=[0.99592865, 0.99548709]
block 26/40 - 76/120   2753.3 ms
[PyramidKVRoleEvent] layer=15 block=78 group=motion:10 heads=12 motion=[0.64669818, 0.69965965, 0.68535841] semantic=[0.99568945, 0.99595666]
block 27/40 - 79/120   2748.6 ms
[PyramidKVRoleEvent] layer=15 block=81 group=motion:10 heads=12 motion=[0.72244865, 0.70559734, 0.69435126] semantic=[0.99662536, 0.99496019]
block 28/40 - 82/120   2741.1 ms
[PyramidKVRoleEvent] layer=15 block=84 group=motion:10 heads=12 motion=[0.67721766, 0.67040116, 0.72772735] semantic=[0.9971897, 0.9967829]
block 29/40 - 85/120   2722.1 ms
[PyramidKVRoleEvent] layer=15 block=87 group=motion:10 heads=12 motion=[0.74062425, 0.66756672, 0.67849398] semantic=[0.99662644, 0.99622309]
block 30/40 - 88/120   2716.3 ms
[PyramidKVRoleEvent] layer=15 block=90 group=motion:10 heads=12 motion=[0.67180234, 0.71320242, 0.67875147] semantic=[0.99544752, 0.99530834]
block 31/40 - 91/120   2740.4 ms
[PyramidKVRoleEvent] layer=15 block=93 group=motion:10 heads=12 motion=[0.65706486, 0.66678721, 0.66429186] semantic=[0.99735892, 0.99661422]
block 32/40 - 94/120   2738.3 ms
[PyramidKVRoleEvent] layer=15 block=96 group=motion:10 heads=12 motion=[0.71002018, 0.68282062, 0.69677722] semantic=[0.99655753, 0.99543059]
block 33/40 - 97/120   2760.7 ms
[PyramidKVRoleEvent] layer=15 block=99 group=motion:10 heads=12 motion=[0.73033577, 0.69224054, 0.67975628] semantic=[0.99754822, 0.99636078]
block 34/40 - 100/120   2726.3 ms
[PyramidKVRoleEvent] layer=15 block=102 group=motion:10 heads=12 motion=[0.63033563, 0.60011995, 0.61987954] semantic=[0.99655229, 0.99597174]
block 35/40 - 103/120   2740.3 ms
[PyramidKVRoleEvent] layer=15 block=105 group=motion:10 heads=12 motion=[0.69641966, 0.72358125, 0.73241532] semantic=[0.99704838, 0.99600792]
block 36/40 - 106/120   2723.4 ms
[PyramidKVRoleEvent] layer=15 block=108 group=motion:10 heads=12 motion=[0.69213063, 0.66836554, 0.63608408] semantic=[0.99640524, 0.9955163]
block 37/40 - 109/120   2770.6 ms
[PyramidKVRoleEvent] layer=15 block=111 group=motion:10 heads=12 motion=[0.72308159, 0.68077546, 0.66834962] semantic=[0.99679351, 0.99649918]
block 38/40 - 112/120   2753.8 ms
[PyramidKVRoleEvent] layer=15 block=114 group=motion:10 heads=12 motion=[0.69208366, 0.64749634, 0.67193174] semantic=[0.99681711, 0.99644935]
block 39/40 - 115/120   2727.1 ms
[PyramidKVRoleEvent] layer=15 block=117 group=motion:10 heads=12 motion=[0.62949902, 0.59464669, 0.64876246] semantic=[0.99684483, 0.99553704]
block 40/40 - 118/120   2762.8 ms
[11/16] elapsed=2.4m  avg=12.9s/prompt  eta=1.1m
/apdcephfs_gy2/share_303214315/cedricnie/miniconda3/envs/longlive/lib/python3.10/site-packages/torchvision/io/_video_deprecation_warning.py:9: UserWarning: The video decoding and encoding capabilities of torchvision are deprecated from version 0.22 and will be removed in version 0.24. We recommend that you migrate to TorchCodec, where we'll consolidate the future decoding/encoding capabilities of PyTorch: https://github.com/pytorch/torchcodec
  warnings.warn(
