[command] /apdcephfs_gy2/share_303214315/cedricnie/miniconda3/envs/longlive/bin/python inference.py --config_path /apdcephfs_gy2/share_303214315/cedricnie/develop/training-free/third_party/Pyramid-Forcing/configs/pyramid-forcing.yaml --checkpoint_path /apdcephfs_gy2/share_302533218/cedricnie/model_cache/self_forcing_dmd.pt --data_path /apdcephfs_gy2/share_303214315/cedricnie/develop/training-free/prompts/moviegen_128_qwen_v154_diverse16.txt --output_folder /apdcephfs_gy2/share_303214315/cedricnie/develop/training-free/runs/v164_direction_freshness_moviebench16/full8/videos/ours_middle10_reservoir2_directionfresh1__p013 --num_output_frames 120 --seed 0 --num_samples 1 --use_ema --save_with_index --start_idx 13 --end_idx 14 --reseed_per_prompt --pyramidkv_head_config_path /apdcephfs_gy2/share_303214315/cedricnie/develop/training-free/configs/head_maps/v157_layer_middle10_reservoir.csv --pyramidkv_history_polarity --pyramidkv_history_support_policy reservoir2_directionfresh1 --pyramidkv_history_suppress_policy recent8_sink1 --pyramidkv_history_budget_profile default --pyramidkv_motion_event_top_k 1 --pyramidkv_motion_event_sample_tokens 64
/apdcephfs_gy2/share_303214315/cedricnie/miniconda3/envs/longlive/lib/python3.10/site-packages/transformers/utils/generic.py:441: FutureWarning: `torch.utils._pytree._register_pytree_node` is deprecated. Please use `torch.utils._pytree.register_pytree_node` instead.
  _torch_pytree._register_pytree_node(
Running on a single GPU (cuda); skipping NCCL initialization.
Free VRAM 94.68743896484375 GB
Loading CUDA extension (first run compiles ~60s; cached run ~3s)...
CUDA extension ready in 5.9s.
[HistoryPolarityPolicy] support_label=10 suppress_label=11 support=reservoir2_directionfresh1 suppress=recent8_sink1 budget=default counts=10:120,11:240 support_sink=1 suppress_sink=1 support_recent=4 suppress_recent=8 retrieval_abstain=False retrieval_min_similarity=-0.2500 retrieval_min_margin=0.0000 legacy_pf_labels=false exclusive_owner=true
KV inference with 3 frames per block
Number of prompts: 16
Prompt index range: [13, 14)
Loading PyramidKV config from /apdcephfs_gy2/share_303214315/cedricnie/develop/training-free/configs/head_maps/v157_layer_middle10_reservoir.csv
[PyramidKVHeadMap] path=/apdcephfs_gy2/share_303214315/cedricnie/develop/training-free/configs/head_maps/v157_layer_middle10_reservoir.csv heads=360 labels={10: 120, 11: 240} policies={'stride': 360} sink_frames={1: 360} recent_frames={4: 360}
[PyramidKVRuntimePolicy] path=/apdcephfs_gy2/share_303214315/cedricnie/develop/training-free/configs/head_maps/v157_layer_middle10_reservoir.csv heads=360 labels={10: 120, 11: 240} policies={'reservoir_motion': 120, 'stride': 240} middle={'CoherentMotionStrategy+TemporalReservoirStrategy': 120, 'none': 240} sinks={1: 360} recent={4: 120, 8: 240} exclusive_dynamic=True
[PyramidKVRoleEvent] layer=15 block=0 group=motion:10 heads=12 motion=[0.0, 0.78320938, 0.80495596] semantic=[0.98723394, 0.98405248]
block 1/40 - 1/120  32992.5 ms
[PyramidKVRoleEvent] layer=15 block=3 group=motion:10 heads=12 motion=[0.61367738, 0.62777895, 0.54174942] semantic=[0.99608934, 0.99657643]
block 2/40 - 4/120   2715.5 ms
[PyramidKVRoleEvent] layer=15 block=6 group=motion:10 heads=12 motion=[0.38858962, 0.49408022, 0.56564325] semantic=[0.99588513, 0.99515522]
block 3/40 - 7/120   2916.8 ms
[PyramidKVRoleEvent] layer=15 block=9 group=motion:10 heads=12 motion=[0.49971157, 0.5004136, 0.53712231] semantic=[0.99658048, 0.99555552]
block 4/40 - 10/120   3003.0 ms
[PyramidKVRoleEvent] layer=15 block=12 group=motion:10 heads=12 motion=[0.64008027, 0.64602262, 0.62421888] semantic=[0.99268317, 0.99693727]
block 5/40 - 13/120   2939.6 ms
[PyramidKVRoleEvent] layer=15 block=15 group=motion:10 heads=12 motion=[0.5917021, 0.57522023, 0.53874981] semantic=[0.99589443, 0.99613225]
block 6/40 - 16/120   2835.2 ms
[PyramidKVRoleEvent] layer=15 block=18 group=motion:10 heads=12 motion=[0.43614271, 0.49346146, 0.47881156] semantic=[0.99681896, 0.99537051]
block 7/40 - 19/120   2839.9 ms
[PyramidKVRoleEvent] layer=15 block=21 group=motion:10 heads=12 motion=[0.62228668, 0.62475169, 0.64752823] semantic=[0.99739367, 0.99599707]
block 8/40 - 22/120   2894.0 ms
[PyramidKVRoleEvent] layer=15 block=24 group=motion:10 heads=12 motion=[0.54873794, 0.53621703, 0.52058792] semantic=[0.99304473, 0.99663025]
block 9/40 - 25/120   2909.1 ms
[PyramidKVRoleEvent] layer=15 block=27 group=motion:10 heads=12 motion=[0.5557555, 0.53859574, 0.52845591] semantic=[0.99606383, 0.9960103]
block 10/40 - 28/120   2884.4 ms
[PyramidKVRoleEvent] layer=15 block=30 group=motion:10 heads=12 motion=[0.49264631, 0.44318229, 0.52222997] semantic=[0.99731541, 0.99633032]
block 11/40 - 31/120   2907.6 ms
[PyramidKVRoleEvent] layer=15 block=33 group=motion:10 heads=12 motion=[0.54535782, 0.59340042, 0.55100298] semantic=[0.99661905, 0.99603391]
block 12/40 - 34/120   2960.2 ms
[PyramidKVRoleEvent] layer=15 block=36 group=motion:10 heads=12 motion=[0.62602174, 0.69424319, 0.62655497] semantic=[0.99518627, 0.99538767]
block 13/40 - 37/120   2901.5 ms
[PyramidKVRoleEvent] layer=15 block=39 group=motion:10 heads=12 motion=[0.50522858, 0.64464849, 0.71419746] semantic=[0.99761534, 0.99576724]
block 14/40 - 40/120   2889.1 ms
[PyramidKVRoleEvent] layer=15 block=42 group=motion:10 heads=12 motion=[0.73089761, 0.69628167, 0.80742848] semantic=[0.99797523, 0.9936229]
block 15/40 - 43/120   2846.1 ms
[PyramidKVRoleEvent] layer=15 block=45 group=motion:10 heads=12 motion=[0.73999673, 0.58004308, 0.53062904] semantic=[0.99691564, 0.99720585]
block 16/40 - 46/120   2939.3 ms
[PyramidKVRoleEvent] layer=15 block=48 group=motion:10 heads=12 motion=[0.605214, 0.79213327, 0.6535483] semantic=[0.99478662, 0.99673247]
block 17/40 - 49/120   2855.0 ms
[PyramidKVRoleEvent] layer=15 block=51 group=motion:10 heads=12 motion=[0.61091417, 0.58315563, 0.52112812] semantic=[0.99648505, 0.99645507]
block 18/40 - 52/120   2864.3 ms
[PyramidKVRoleEvent] layer=15 block=54 group=motion:10 heads=12 motion=[0.51284134, 0.47235781, 0.48069525] semantic=[0.99737567, 0.99730289]
block 19/40 - 55/120   2839.1 ms
[PyramidKVRoleEvent] layer=15 block=57 group=motion:10 heads=12 motion=[0.40183219, 0.44392908, 0.52326608] semantic=[0.99762142, 0.9966315]
block 20/40 - 58/120   2856.9 ms
[PyramidKVRoleEvent] layer=15 block=60 group=motion:10 heads=12 motion=[0.42672226, 0.42983443, 0.48219037] semantic=[0.99727821, 0.9960869]
block 21/40 - 61/120   2908.9 ms
[PyramidKVRoleEvent] layer=15 block=63 group=motion:10 heads=12 motion=[0.45626628, 0.47535136, 0.48857698] semantic=[0.99750203, 0.99656177]
block 22/40 - 64/120   2810.3 ms
[PyramidKVRoleEvent] layer=15 block=66 group=motion:10 heads=12 motion=[0.47910365, 0.5388934, 0.60105592] semantic=[0.99727297, 0.9970535]
block 23/40 - 67/120   2826.9 ms
[PyramidKVRoleEvent] layer=15 block=69 group=motion:10 heads=12 motion=[0.63302118, 0.59143347, 0.554425] semantic=[0.99748141, 0.99681991]
block 24/40 - 70/120   2815.0 ms
[PyramidKVRoleEvent] layer=15 block=72 group=motion:10 heads=12 motion=[0.46096092, 0.45460013, 0.45668393] semantic=[0.99414384, 0.99585247]
block 25/40 - 73/120   2838.1 ms
[PyramidKVRoleEvent] layer=15 block=75 group=motion:10 heads=12 motion=[0.45550013, 0.53916085, 0.64040637] semantic=[0.99709809, 0.99610466]
block 26/40 - 76/120   2882.2 ms
[PyramidKVRoleEvent] layer=15 block=78 group=motion:10 heads=12 motion=[0.64506167, 0.63900679, 0.60786092] semantic=[0.99679089, 0.99685526]
block 27/40 - 79/120   2851.0 ms
[PyramidKVRoleEvent] layer=15 block=81 group=motion:10 heads=12 motion=[0.50780231, 0.52226275, 0.52913862] semantic=[0.99732018, 0.99678707]
block 28/40 - 82/120   2883.5 ms
[PyramidKVRoleEvent] layer=15 block=84 group=motion:10 heads=12 motion=[0.41930437, 0.45918784, 0.46715134] semantic=[0.99786788, 0.99646604]
block 29/40 - 85/120   2956.5 ms
[PyramidKVRoleEvent] layer=15 block=87 group=motion:10 heads=12 motion=[0.41763067, 0.42065626, 0.46491748] semantic=[0.99664617, 0.99550933]
block 30/40 - 88/120   2879.4 ms
[PyramidKVRoleEvent] layer=15 block=90 group=motion:10 heads=12 motion=[0.41803342, 0.37786773, 0.43647614] semantic=[0.99662077, 0.9964515]
block 31/40 - 91/120   2836.3 ms
[PyramidKVRoleEvent] layer=15 block=93 group=motion:10 heads=12 motion=[0.68364996, 0.56798804, 0.50519836] semantic=[0.99614811, 0.99713397]
block 32/40 - 94/120   2831.0 ms
[PyramidKVRoleEvent] layer=15 block=96 group=motion:10 heads=12 motion=[0.45338717, 0.48813191, 0.47698453] semantic=[0.996562, 0.99653548]
block 33/40 - 97/120   2810.8 ms
[PyramidKVRoleEvent] layer=15 block=99 group=motion:10 heads=12 motion=[0.4204523, 0.41867423, 0.45724991] semantic=[0.99633652, 0.9959566]
block 34/40 - 100/120   2803.0 ms
[PyramidKVRoleEvent] layer=15 block=102 group=motion:10 heads=12 motion=[0.51420105, 0.44100544, 0.48726767] semantic=[0.99810165, 0.99728936]
block 35/40 - 103/120   2819.8 ms
[PyramidKVRoleEvent] layer=15 block=105 group=motion:10 heads=12 motion=[0.40870869, 0.54989725, 0.56718028] semantic=[0.99622989, 0.99718571]
block 36/40 - 106/120   2802.7 ms
[PyramidKVRoleEvent] layer=15 block=108 group=motion:10 heads=12 motion=[0.575966, 0.534751, 0.48157787] semantic=[0.99670833, 0.99721414]
block 37/40 - 109/120   2798.2 ms
[PyramidKVRoleEvent] layer=15 block=111 group=motion:10 heads=12 motion=[0.45167053, 0.44730631, 0.46471018] semantic=[0.99797237, 0.99681711]
block 38/40 - 112/120   2806.9 ms
[PyramidKVRoleEvent] layer=15 block=114 group=motion:10 heads=12 motion=[0.51294476, 0.573771, 0.62957954] semantic=[0.99731183, 0.99522829]
block 39/40 - 115/120   2772.3 ms
[PyramidKVRoleEvent] layer=15 block=117 group=motion:10 heads=12 motion=[0.60106432, 0.50810987, 0.55170649] semantic=[0.99644387, 0.99713504]
block 40/40 - 118/120   2796.6 ms
/apdcephfs_gy2/share_303214315/cedricnie/miniconda3/envs/longlive/lib/python3.10/site-packages/torchvision/io/_video_deprecation_warning.py:9: UserWarning: The video decoding and encoding capabilities of torchvision are deprecated from version 0.22 and will be removed in version 0.24. We recommend that you migrate to TorchCodec, where we'll consolidate the future decoding/encoding capabilities of PyTorch: https://github.com/pytorch/torchcodec
  warnings.warn(
[14/16] elapsed=2.4m  avg=10.4s/prompt  eta=0.3m
