[command] /apdcephfs_gy2/share_303214315/cedricnie/miniconda3/envs/longlive/bin/python inference.py --config_path /apdcephfs_gy2/share_303214315/cedricnie/develop/training-free/third_party/Pyramid-Forcing/configs/pyramid-forcing.yaml --checkpoint_path /apdcephfs_gy2/share_302533218/cedricnie/model_cache/self_forcing_dmd.pt --data_path /apdcephfs_gy2/share_303214315/cedricnie/develop/training-free/prompts/moviegen_128_qwen_v154_diverse16.txt --output_folder /apdcephfs_gy2/share_303214315/cedricnie/develop/training-free/runs/v164_direction_freshness_moviebench16/full8/videos/ours_middle10_reservoir2_directionmatch1__p001 --num_output_frames 120 --seed 0 --num_samples 1 --use_ema --save_with_index --start_idx 1 --end_idx 2 --reseed_per_prompt --pyramidkv_head_config_path /apdcephfs_gy2/share_303214315/cedricnie/develop/training-free/configs/head_maps/v157_layer_middle10_reservoir.csv --pyramidkv_history_polarity --pyramidkv_history_support_policy reservoir2_directionmatch1 --pyramidkv_history_suppress_policy recent8_sink1 --pyramidkv_history_budget_profile default --pyramidkv_motion_event_top_k 1 --pyramidkv_motion_event_sample_tokens 64
/apdcephfs_gy2/share_303214315/cedricnie/miniconda3/envs/longlive/lib/python3.10/site-packages/transformers/utils/generic.py:441: FutureWarning: `torch.utils._pytree._register_pytree_node` is deprecated. Please use `torch.utils._pytree.register_pytree_node` instead.
  _torch_pytree._register_pytree_node(
Running on a single GPU (cuda); skipping NCCL initialization.
Free VRAM 94.68743896484375 GB
Loading CUDA extension (first run compiles ~60s; cached run ~3s)...
CUDA extension ready in 125.4s.
[HistoryPolarityPolicy] support_label=10 suppress_label=11 support=reservoir2_directionmatch1 suppress=recent8_sink1 budget=default counts=10:120,11:240 support_sink=1 suppress_sink=1 support_recent=4 suppress_recent=8 retrieval_abstain=False retrieval_min_similarity=-0.2500 retrieval_min_margin=0.0000 legacy_pf_labels=false exclusive_owner=true
KV inference with 3 frames per block
Number of prompts: 16
Prompt index range: [1, 2)
Loading PyramidKV config from /apdcephfs_gy2/share_303214315/cedricnie/develop/training-free/configs/head_maps/v157_layer_middle10_reservoir.csv
[PyramidKVHeadMap] path=/apdcephfs_gy2/share_303214315/cedricnie/develop/training-free/configs/head_maps/v157_layer_middle10_reservoir.csv heads=360 labels={10: 120, 11: 240} policies={'stride': 360} sink_frames={1: 360} recent_frames={4: 360}
[PyramidKVRuntimePolicy] path=/apdcephfs_gy2/share_303214315/cedricnie/develop/training-free/configs/head_maps/v157_layer_middle10_reservoir.csv heads=360 labels={10: 120, 11: 240} policies={'reservoir_motion': 120, 'stride': 240} middle={'CoherentMotionStrategy+TemporalReservoirStrategy': 120, 'none': 240} sinks={1: 360} recent={4: 120, 8: 240} exclusive_dynamic=True
[PyramidKVRoleEvent] layer=15 block=0 group=motion:10 heads=12 motion=[0.0, 0.51093882, 0.48702016] semantic=[0.98567843, 0.99254441]
block 1/40 - 1/120  194540.7 ms
[PyramidKVRoleEvent] layer=15 block=3 group=motion:10 heads=12 motion=[0.47547805, 0.55550331, 0.4719958] semantic=[0.99384063, 0.99475014]
block 2/40 - 4/120   2503.1 ms
[PyramidKVRoleEvent] layer=15 block=6 group=motion:10 heads=12 motion=[0.44475627, 0.44687036, 0.52046686] semantic=[0.99556136, 0.99223185]
block 3/40 - 7/120   2754.0 ms
[PyramidKVRoleEvent] layer=15 block=9 group=motion:10 heads=12 motion=[0.55573702, 0.5782178, 0.56546438] semantic=[0.99336481, 0.99229085]
block 4/40 - 10/120   2799.4 ms
[PyramidKVRoleEvent] layer=15 block=12 group=motion:10 heads=12 motion=[0.55883586, 0.52624583, 0.52872527] semantic=[0.9948293, 0.99383879]
block 5/40 - 13/120   2855.0 ms
[PyramidKVRoleEvent] layer=15 block=15 group=motion:10 heads=12 motion=[0.56014735, 0.54599267, 0.46465153] semantic=[0.9951576, 0.99662453]
block 6/40 - 16/120   3108.1 ms
[PyramidKVRoleEvent] layer=15 block=18 group=motion:10 heads=12 motion=[0.50153708, 0.46311328, 0.59050936] semantic=[0.99769878, 0.99510568]
block 7/40 - 19/120   3108.0 ms
[PyramidKVRoleEvent] layer=15 block=21 group=motion:10 heads=12 motion=[0.56976217, 0.46252334, 0.50723737] semantic=[0.99652308, 0.9959923]
block 8/40 - 22/120   2988.0 ms
[PyramidKVRoleEvent] layer=15 block=24 group=motion:10 heads=12 motion=[0.4881295, 0.51488972, 0.5593608] semantic=[0.99567926, 0.99453151]
block 9/40 - 25/120   2973.0 ms
[PyramidKVRoleEvent] layer=15 block=27 group=motion:10 heads=12 motion=[0.54414707, 0.45012826, 0.51500201] semantic=[0.99643344, 0.99600816]
block 10/40 - 28/120   2950.9 ms
[PyramidKVRoleEvent] layer=15 block=30 group=motion:10 heads=12 motion=[0.49877286, 0.42195895, 0.49746233] semantic=[0.99626166, 0.99641037]
block 11/40 - 31/120   3008.5 ms
[PyramidKVRoleEvent] layer=15 block=33 group=motion:10 heads=12 motion=[0.48085171, 0.40600973, 0.43727449] semantic=[0.99621034, 0.99546313]
block 12/40 - 34/120   2977.0 ms
[PyramidKVRoleEvent] layer=15 block=36 group=motion:10 heads=12 motion=[0.40298295, 0.38456401, 0.44149065] semantic=[0.99680245, 0.9965896]
block 13/40 - 37/120   3049.0 ms
[PyramidKVRoleEvent] layer=15 block=39 group=motion:10 heads=12 motion=[0.43597937, 0.40562138, 0.45022553] semantic=[0.99706793, 0.99631983]
block 14/40 - 40/120   3011.5 ms
[PyramidKVRoleEvent] layer=15 block=42 group=motion:10 heads=12 motion=[0.43027252, 0.39914161, 0.46897352] semantic=[0.99572808, 0.99588728]
block 15/40 - 43/120   2831.6 ms
[PyramidKVRoleEvent] layer=15 block=45 group=motion:10 heads=12 motion=[0.41820389, 0.4667722, 0.46594566] semantic=[0.99591023, 0.99653918]
block 16/40 - 46/120   2809.7 ms
[PyramidKVRoleEvent] layer=15 block=48 group=motion:10 heads=12 motion=[0.42622715, 0.4324753, 0.46831107] semantic=[0.9976896, 0.99693477]
block 17/40 - 49/120   2815.5 ms
[PyramidKVRoleEvent] layer=15 block=51 group=motion:10 heads=12 motion=[0.42313805, 0.42014933, 0.42593309] semantic=[0.99736583, 0.99707675]
block 18/40 - 52/120   2802.2 ms
[PyramidKVRoleEvent] layer=15 block=54 group=motion:10 heads=12 motion=[0.40450203, 0.43351939, 0.48627797] semantic=[0.9971323, 0.99673814]
block 19/40 - 55/120   2819.1 ms
[PyramidKVRoleEvent] layer=15 block=57 group=motion:10 heads=12 motion=[0.40302187, 0.43633267, 0.39093992] semantic=[0.99640846, 0.99638742]
block 20/40 - 58/120   2801.0 ms
[PyramidKVRoleEvent] layer=15 block=60 group=motion:10 heads=12 motion=[0.38964945, 0.45412824, 0.51671952] semantic=[0.99650192, 0.99619406]
block 21/40 - 61/120   2856.5 ms
[PyramidKVRoleEvent] layer=15 block=63 group=motion:10 heads=12 motion=[0.50177366, 0.46306705, 0.4597424] semantic=[0.99761021, 0.99682045]
block 22/40 - 64/120   2846.5 ms
[PyramidKVRoleEvent] layer=15 block=66 group=motion:10 heads=12 motion=[0.50191617, 0.48801741, 0.50836748] semantic=[0.99616307, 0.99626505]
block 23/40 - 67/120   2805.4 ms
[PyramidKVRoleEvent] layer=15 block=69 group=motion:10 heads=12 motion=[0.47300434, 0.43942374, 0.4087714] semantic=[0.99632013, 0.99619555]
block 24/40 - 70/120   2826.0 ms
[PyramidKVRoleEvent] layer=15 block=72 group=motion:10 heads=12 motion=[0.42208129, 0.39204687, 0.42813957] semantic=[0.99665701, 0.99601793]
block 25/40 - 73/120   2816.1 ms
[PyramidKVRoleEvent] layer=15 block=75 group=motion:10 heads=12 motion=[0.41649327, 0.38068077, 0.43925259] semantic=[0.99703217, 0.99587679]
block 26/40 - 76/120   2902.2 ms
[PyramidKVRoleEvent] layer=15 block=78 group=motion:10 heads=12 motion=[0.4018372, 0.38530889, 0.45414266] semantic=[0.99632394, 0.9960584]
block 27/40 - 79/120   2810.7 ms
[PyramidKVRoleEvent] layer=15 block=81 group=motion:10 heads=12 motion=[0.39926916, 0.36872524, 0.44342479] semantic=[0.99539292, 0.99602455]
block 28/40 - 82/120   2791.8 ms
[PyramidKVRoleEvent] layer=15 block=84 group=motion:10 heads=12 motion=[0.46003285, 0.40499264, 0.52091789] semantic=[0.99718297, 0.99673283]
block 29/40 - 85/120   2805.2 ms
[PyramidKVRoleEvent] layer=15 block=87 group=motion:10 heads=12 motion=[0.49786943, 0.47914013, 0.50000221] semantic=[0.99714178, 0.99700499]
block 30/40 - 88/120   2849.0 ms
[PyramidKVRoleEvent] layer=15 block=90 group=motion:10 heads=12 motion=[0.48049033, 0.50976741, 0.50540936] semantic=[0.99708629, 0.9968344]
block 31/40 - 91/120   2826.6 ms
[PyramidKVRoleEvent] layer=15 block=93 group=motion:10 heads=12 motion=[0.50550127, 0.50950158, 0.52322489] semantic=[0.99631208, 0.99691594]
block 32/40 - 94/120   2854.6 ms
[PyramidKVRoleEvent] layer=15 block=96 group=motion:10 heads=12 motion=[0.54558951, 0.52561146, 0.52763087] semantic=[0.99694896, 0.99645162]
block 33/40 - 97/120   2838.0 ms
[PyramidKVRoleEvent] layer=15 block=99 group=motion:10 heads=12 motion=[0.54656386, 0.45945227, 0.57731783] semantic=[0.9975419, 0.99559093]
block 34/40 - 100/120   2902.2 ms
[PyramidKVRoleEvent] layer=15 block=102 group=motion:10 heads=12 motion=[0.54260951, 0.44718185, 0.47079957] semantic=[0.99709117, 0.99742627]
block 35/40 - 103/120   2866.3 ms
[PyramidKVRoleEvent] layer=15 block=105 group=motion:10 heads=12 motion=[0.44304463, 0.43113002, 0.42948356] semantic=[0.99699795, 0.99698395]
block 36/40 - 106/120   2820.6 ms
[PyramidKVRoleEvent] layer=15 block=108 group=motion:10 heads=12 motion=[0.47298461, 0.43534592, 0.47597554] semantic=[0.99746406, 0.99671835]
block 37/40 - 109/120   2806.7 ms
[PyramidKVRoleEvent] layer=15 block=111 group=motion:10 heads=12 motion=[0.47093198, 0.40791708, 0.48081401] semantic=[0.99712962, 0.99635619]
block 38/40 - 112/120   2827.6 ms
[PyramidKVRoleEvent] layer=15 block=114 group=motion:10 heads=12 motion=[0.41829216, 0.37641913, 0.4606334] semantic=[0.9978562, 0.99594587]
block 39/40 - 115/120   2810.6 ms
[PyramidKVRoleEvent] layer=15 block=117 group=motion:10 heads=12 motion=[0.4678123, 0.38140735, 0.3939712] semantic=[0.9963336, 0.99701393]
block 40/40 - 118/120   2796.5 ms
/apdcephfs_gy2/share_303214315/cedricnie/miniconda3/envs/longlive/lib/python3.10/site-packages/torchvision/io/_video_deprecation_warning.py:9: UserWarning: The video decoding and encoding capabilities of torchvision are deprecated from version 0.22 and will be removed in version 0.24. We recommend that you migrate to TorchCodec, where we'll consolidate the future decoding/encoding capabilities of PyTorch: https://github.com/pytorch/torchcodec
  warnings.warn(
[2/16] elapsed=5.4m  avg=161.4s/prompt  eta=37.7m
