[command] /apdcephfs_gy2/share_303214315/cedricnie/miniconda3/envs/longlive/bin/python inference.py --config_path /apdcephfs_gy2/share_303214315/cedricnie/develop/training-free/third_party/Pyramid-Forcing/configs/pyramid-forcing.yaml --checkpoint_path /apdcephfs_gy2/share_302533218/cedricnie/model_cache/self_forcing_dmd.pt --data_path /apdcephfs_gy2/share_303214315/cedricnie/develop/training-free/prompts/moviegen_128_qwen_v154_diverse16.txt --output_folder /apdcephfs_gy2/share_303214315/cedricnie/develop/training-free/runs/v164_direction_freshness_moviebench16/full8/videos/ours_middle10_reservoir2_directionfresh1__p004 --num_output_frames 120 --seed 0 --num_samples 1 --use_ema --save_with_index --start_idx 4 --end_idx 5 --reseed_per_prompt --pyramidkv_head_config_path /apdcephfs_gy2/share_303214315/cedricnie/develop/training-free/configs/head_maps/v157_layer_middle10_reservoir.csv --pyramidkv_history_polarity --pyramidkv_history_support_policy reservoir2_directionfresh1 --pyramidkv_history_suppress_policy recent8_sink1 --pyramidkv_history_budget_profile default --pyramidkv_motion_event_top_k 1 --pyramidkv_motion_event_sample_tokens 64
/apdcephfs_gy2/share_303214315/cedricnie/miniconda3/envs/longlive/lib/python3.10/site-packages/transformers/utils/generic.py:441: FutureWarning: `torch.utils._pytree._register_pytree_node` is deprecated. Please use `torch.utils._pytree.register_pytree_node` instead.
  _torch_pytree._register_pytree_node(
Running on a single GPU (cuda); skipping NCCL initialization.
Free VRAM 94.68743896484375 GB
Loading CUDA extension (first run compiles ~60s; cached run ~3s)...
CUDA extension ready in 137.7s.
[HistoryPolarityPolicy] support_label=10 suppress_label=11 support=reservoir2_directionfresh1 suppress=recent8_sink1 budget=default counts=10:120,11:240 support_sink=1 suppress_sink=1 support_recent=4 suppress_recent=8 retrieval_abstain=False retrieval_min_similarity=-0.2500 retrieval_min_margin=0.0000 legacy_pf_labels=false exclusive_owner=true
KV inference with 3 frames per block
Number of prompts: 16
Prompt index range: [4, 5)
Loading PyramidKV config from /apdcephfs_gy2/share_303214315/cedricnie/develop/training-free/configs/head_maps/v157_layer_middle10_reservoir.csv
[PyramidKVHeadMap] path=/apdcephfs_gy2/share_303214315/cedricnie/develop/training-free/configs/head_maps/v157_layer_middle10_reservoir.csv heads=360 labels={10: 120, 11: 240} policies={'stride': 360} sink_frames={1: 360} recent_frames={4: 360}
[PyramidKVRuntimePolicy] path=/apdcephfs_gy2/share_303214315/cedricnie/develop/training-free/configs/head_maps/v157_layer_middle10_reservoir.csv heads=360 labels={10: 120, 11: 240} policies={'reservoir_motion': 120, 'stride': 240} middle={'CoherentMotionStrategy+TemporalReservoirStrategy': 120, 'none': 240} sinks={1: 360} recent={4: 120, 8: 240} exclusive_dynamic=True
[PyramidKVRoleEvent] layer=15 block=0 group=motion:10 heads=12 motion=[0.0, 0.65905702, 0.6862461] semantic=[0.9950583, 0.99554944]
block 1/40 - 1/120  32868.5 ms
[PyramidKVRoleEvent] layer=15 block=3 group=motion:10 heads=12 motion=[0.65395147, 0.72060883, 0.73302096] semantic=[0.99581861, 0.99565077]
block 2/40 - 4/120   2259.4 ms
[PyramidKVRoleEvent] layer=15 block=6 group=motion:10 heads=12 motion=[0.70367086, 0.75033182, 0.75613838] semantic=[0.997307, 0.99632835]
block 3/40 - 7/120   2801.9 ms
[PyramidKVRoleEvent] layer=15 block=9 group=motion:10 heads=12 motion=[0.65317476, 0.6672318, 0.64852053] semantic=[0.99615097, 0.99631321]
block 4/40 - 10/120   2681.6 ms
[PyramidKVRoleEvent] layer=15 block=12 group=motion:10 heads=12 motion=[0.53539515, 0.64566773, 0.66140771] semantic=[0.99609178, 0.9944666]
block 5/40 - 13/120   2796.1 ms
[PyramidKVRoleEvent] layer=15 block=15 group=motion:10 heads=12 motion=[0.61117065, 0.61130035, 0.62331772] semantic=[0.99575746, 0.99523568]
block 6/40 - 16/120   2777.6 ms
[PyramidKVRoleEvent] layer=15 block=18 group=motion:10 heads=12 motion=[0.56447828, 0.58673519, 0.53851098] semantic=[0.99650884, 0.99473882]
block 7/40 - 19/120   2888.6 ms
[PyramidKVRoleEvent] layer=15 block=21 group=motion:10 heads=12 motion=[0.45013911, 0.46677095, 0.47967255] semantic=[0.99702883, 0.99516141]
block 8/40 - 22/120   2896.3 ms
[PyramidKVRoleEvent] layer=15 block=24 group=motion:10 heads=12 motion=[0.42486727, 0.45099014, 0.42026505] semantic=[0.99593449, 0.99502832]
block 9/40 - 25/120   2944.8 ms
[PyramidKVRoleEvent] layer=15 block=27 group=motion:10 heads=12 motion=[0.36528704, 0.45323056, 0.49688649] semantic=[0.99703467, 0.99629951]
block 10/40 - 28/120   2953.3 ms
[PyramidKVRoleEvent] layer=15 block=30 group=motion:10 heads=12 motion=[0.45323217, 0.43614909, 0.37695235] semantic=[0.99758357, 0.99681658]
block 11/40 - 31/120   2978.6 ms
[PyramidKVRoleEvent] layer=15 block=33 group=motion:10 heads=12 motion=[0.36654636, 0.49677637, 0.55127436] semantic=[0.99488676, 0.9943831]
block 12/40 - 34/120   3037.7 ms
[PyramidKVRoleEvent] layer=15 block=36 group=motion:10 heads=12 motion=[0.47360757, 0.52287298, 0.52691567] semantic=[0.99650097, 0.99562341]
block 13/40 - 37/120   2765.4 ms
[PyramidKVRoleEvent] layer=15 block=39 group=motion:10 heads=12 motion=[0.54824388, 0.6223883, 0.69284695] semantic=[0.99562609, 0.99600083]
block 14/40 - 40/120   2878.4 ms
[PyramidKVRoleEvent] layer=15 block=42 group=motion:10 heads=12 motion=[0.66357952, 0.6974982, 0.66525656] semantic=[0.99726456, 0.99642086]
block 15/40 - 43/120   2897.3 ms
[PyramidKVRoleEvent] layer=15 block=45 group=motion:10 heads=12 motion=[0.64632714, 0.61976582, 0.59419352] semantic=[0.9973048, 0.9961952]
block 16/40 - 46/120   2900.3 ms
[PyramidKVRoleEvent] layer=15 block=48 group=motion:10 heads=12 motion=[0.64100605, 0.58413583, 0.57011402] semantic=[0.99599057, 0.99492496]
block 17/40 - 49/120   2721.3 ms
[PyramidKVRoleEvent] layer=15 block=51 group=motion:10 heads=12 motion=[0.60359961, 0.59548634, 0.56446415] semantic=[0.99690813, 0.99534285]
block 18/40 - 52/120   2737.4 ms
[PyramidKVRoleEvent] layer=15 block=54 group=motion:10 heads=12 motion=[0.53100687, 0.49684468, 0.5309428] semantic=[0.99668491, 0.99500555]
block 19/40 - 55/120   2672.4 ms
[PyramidKVRoleEvent] layer=15 block=57 group=motion:10 heads=12 motion=[0.47770375, 0.53734672, 0.53185534] semantic=[0.99685264, 0.99586725]
block 20/40 - 58/120   2758.8 ms
[PyramidKVRoleEvent] layer=15 block=60 group=motion:10 heads=12 motion=[0.48897809, 0.54232222, 0.65168297] semantic=[0.99681938, 0.99576783]
block 21/40 - 61/120   2719.5 ms
[PyramidKVRoleEvent] layer=15 block=63 group=motion:10 heads=12 motion=[0.60800755, 0.54173714, 0.5690791] semantic=[0.99743772, 0.99673283]
block 22/40 - 64/120   2730.7 ms
[PyramidKVRoleEvent] layer=15 block=66 group=motion:10 heads=12 motion=[0.5036279, 0.52117169, 0.53093725] semantic=[0.99812245, 0.99746764]
block 23/40 - 67/120   2821.4 ms
[PyramidKVRoleEvent] layer=15 block=69 group=motion:10 heads=12 motion=[0.51650316, 0.56157833, 0.54924184] semantic=[0.9975425, 0.99667025]
block 24/40 - 70/120   2762.7 ms
[PyramidKVRoleEvent] layer=15 block=72 group=motion:10 heads=12 motion=[0.53232986, 0.5847199, 0.66584247] semantic=[0.99793446, 0.99753547]
block 25/40 - 73/120   2771.1 ms
[PyramidKVRoleEvent] layer=15 block=75 group=motion:10 heads=12 motion=[0.60115266, 0.58893126, 0.56640917] semantic=[0.99814796, 0.99725306]
block 26/40 - 76/120   2696.4 ms
[PyramidKVRoleEvent] layer=15 block=78 group=motion:10 heads=12 motion=[0.59554684, 0.61089683, 0.63964629] semantic=[0.99746132, 0.99648315]
block 27/40 - 79/120   2740.1 ms
[PyramidKVRoleEvent] layer=15 block=81 group=motion:10 heads=12 motion=[0.54766494, 0.57705194, 0.59488916] semantic=[0.99801946, 0.99535382]
block 28/40 - 82/120   2771.6 ms
[PyramidKVRoleEvent] layer=15 block=84 group=motion:10 heads=12 motion=[0.5397718, 0.58614028, 0.63720983] semantic=[0.9973098, 0.99678075]
block 29/40 - 85/120   2753.7 ms
[PyramidKVRoleEvent] layer=15 block=87 group=motion:10 heads=12 motion=[0.59982002, 0.54672438, 0.64693314] semantic=[0.9976542, 0.99688435]
block 30/40 - 88/120   2715.7 ms
[PyramidKVRoleEvent] layer=15 block=90 group=motion:10 heads=12 motion=[0.6241225, 0.55185419, 0.56817818] semantic=[0.99743915, 0.99645209]
block 31/40 - 91/120   2712.1 ms
[PyramidKVRoleEvent] layer=15 block=93 group=motion:10 heads=12 motion=[0.58326507, 0.56050509, 0.61071169] semantic=[0.99707532, 0.99627614]
block 32/40 - 94/120   2714.2 ms
[PyramidKVRoleEvent] layer=15 block=96 group=motion:10 heads=12 motion=[0.55843669, 0.51512355, 0.53977501] semantic=[0.99744952, 0.99609369]
block 33/40 - 97/120   2810.3 ms
[PyramidKVRoleEvent] layer=15 block=99 group=motion:10 heads=12 motion=[0.53222024, 0.50652081, 0.51016039] semantic=[0.99682474, 0.99564457]
block 34/40 - 100/120   2759.7 ms
[PyramidKVRoleEvent] layer=15 block=102 group=motion:10 heads=12 motion=[0.48523638, 0.57022512, 0.55170941] semantic=[0.9978345, 0.99505043]
block 35/40 - 103/120   2734.7 ms
[PyramidKVRoleEvent] layer=15 block=105 group=motion:10 heads=12 motion=[0.43640229, 0.45604315, 0.47186881] semantic=[0.99680883, 0.99677402]
block 36/40 - 106/120   2784.2 ms
[PyramidKVRoleEvent] layer=15 block=108 group=motion:10 heads=12 motion=[0.48764813, 0.46592802, 0.49107602] semantic=[0.9975332, 0.99574095]
block 37/40 - 109/120   2757.4 ms
[PyramidKVRoleEvent] layer=15 block=111 group=motion:10 heads=12 motion=[0.39651686, 0.39101157, 0.49277613] semantic=[0.99570346, 0.99517572]
block 38/40 - 112/120   2717.6 ms
[PyramidKVRoleEvent] layer=15 block=114 group=motion:10 heads=12 motion=[0.48618993, 0.64606255, 0.64587027] semantic=[0.99744117, 0.99694908]
block 39/40 - 115/120   2706.0 ms
[PyramidKVRoleEvent] layer=15 block=117 group=motion:10 heads=12 motion=[0.50924325, 0.57028377, 0.62791461] semantic=[0.99752986, 0.99604428]
block 40/40 - 118/120   2731.1 ms
[5/16] elapsed=2.4m  avg=28.5s/prompt  eta=5.2m
/apdcephfs_gy2/share_303214315/cedricnie/miniconda3/envs/longlive/lib/python3.10/site-packages/torchvision/io/_video_deprecation_warning.py:9: UserWarning: The video decoding and encoding capabilities of torchvision are deprecated from version 0.22 and will be removed in version 0.24. We recommend that you migrate to TorchCodec, where we'll consolidate the future decoding/encoding capabilities of PyTorch: https://github.com/pytorch/torchcodec
  warnings.warn(
