[command] /apdcephfs_gy2/share_303214315/cedricnie/miniconda3/envs/longlive/bin/python inference.py --config_path /apdcephfs_gy2/share_303214315/cedricnie/develop/training-free/third_party/Pyramid-Forcing/configs/pyramid-forcing.yaml --checkpoint_path /apdcephfs_gy2/share_302533218/cedricnie/model_cache/self_forcing_dmd.pt --data_path /apdcephfs_gy2/share_303214315/cedricnie/develop/training-free/prompts/moviegen_128_qwen_v154_diverse16.txt --output_folder /apdcephfs_gy2/share_303214315/cedricnie/develop/training-free/runs/v164_direction_freshness_moviebench16/full8/videos/ours_middle10_reservoir2_directionmatch1__p005 --num_output_frames 120 --seed 0 --num_samples 1 --use_ema --save_with_index --start_idx 5 --end_idx 6 --reseed_per_prompt --pyramidkv_head_config_path /apdcephfs_gy2/share_303214315/cedricnie/develop/training-free/configs/head_maps/v157_layer_middle10_reservoir.csv --pyramidkv_history_polarity --pyramidkv_history_support_policy reservoir2_directionmatch1 --pyramidkv_history_suppress_policy recent8_sink1 --pyramidkv_history_budget_profile default --pyramidkv_motion_event_top_k 1 --pyramidkv_motion_event_sample_tokens 64
/apdcephfs_gy2/share_303214315/cedricnie/miniconda3/envs/longlive/lib/python3.10/site-packages/transformers/utils/generic.py:441: FutureWarning: `torch.utils._pytree._register_pytree_node` is deprecated. Please use `torch.utils._pytree.register_pytree_node` instead.
  _torch_pytree._register_pytree_node(
Running on a single GPU (cuda); skipping NCCL initialization.
Free VRAM 94.68743896484375 GB
Loading CUDA extension (first run compiles ~60s; cached run ~3s)...
CUDA extension ready in 125.4s.
[HistoryPolarityPolicy] support_label=10 suppress_label=11 support=reservoir2_directionmatch1 suppress=recent8_sink1 budget=default counts=10:120,11:240 support_sink=1 suppress_sink=1 support_recent=4 suppress_recent=8 retrieval_abstain=False retrieval_min_similarity=-0.2500 retrieval_min_margin=0.0000 legacy_pf_labels=false exclusive_owner=true
KV inference with 3 frames per block
Number of prompts: 16
Prompt index range: [5, 6)
Loading PyramidKV config from /apdcephfs_gy2/share_303214315/cedricnie/develop/training-free/configs/head_maps/v157_layer_middle10_reservoir.csv
[PyramidKVHeadMap] path=/apdcephfs_gy2/share_303214315/cedricnie/develop/training-free/configs/head_maps/v157_layer_middle10_reservoir.csv heads=360 labels={10: 120, 11: 240} policies={'stride': 360} sink_frames={1: 360} recent_frames={4: 360}
[PyramidKVRuntimePolicy] path=/apdcephfs_gy2/share_303214315/cedricnie/develop/training-free/configs/head_maps/v157_layer_middle10_reservoir.csv heads=360 labels={10: 120, 11: 240} policies={'reservoir_motion': 120, 'stride': 240} middle={'CoherentMotionStrategy+TemporalReservoirStrategy': 120, 'none': 240} sinks={1: 360} recent={4: 120, 8: 240} exclusive_dynamic=True
[PyramidKVRoleEvent] layer=15 block=0 group=motion:10 heads=12 motion=[0.0, 0.51855624, 0.53091061] semantic=[0.99380499, 0.99469376]
block 1/40 - 1/120  194539.5 ms
[PyramidKVRoleEvent] layer=15 block=3 group=motion:10 heads=12 motion=[0.46500379, 0.52812684, 0.52638972] semantic=[0.99477458, 0.99478036]
block 2/40 - 4/120   2507.6 ms
[PyramidKVRoleEvent] layer=15 block=6 group=motion:10 heads=12 motion=[0.42137516, 0.54705352, 0.52735025] semantic=[0.996346, 0.99506247]
block 3/40 - 7/120   2867.3 ms
[PyramidKVRoleEvent] layer=15 block=9 group=motion:10 heads=12 motion=[0.48703885, 0.5196715, 0.51095819] semantic=[0.99581403, 0.9958235]
block 4/40 - 10/120   2781.6 ms
[PyramidKVRoleEvent] layer=15 block=12 group=motion:10 heads=12 motion=[0.46739411, 0.51782316, 0.52149057] semantic=[0.99636221, 0.99597073]
block 5/40 - 13/120   2890.5 ms
[PyramidKVRoleEvent] layer=15 block=15 group=motion:10 heads=12 motion=[0.47717831, 0.48498297, 0.46206757] semantic=[0.99607015, 0.99608636]
block 6/40 - 16/120   2978.4 ms
[PyramidKVRoleEvent] layer=15 block=18 group=motion:10 heads=12 motion=[0.45386958, 0.44476873, 0.48494098] semantic=[0.9972313, 0.99651575]
block 7/40 - 19/120   3018.8 ms
[PyramidKVRoleEvent] layer=15 block=21 group=motion:10 heads=12 motion=[0.47144443, 0.46194583, 0.4527638] semantic=[0.99786967, 0.99640626]
block 8/40 - 22/120   3094.1 ms
[PyramidKVRoleEvent] layer=15 block=24 group=motion:10 heads=12 motion=[0.45825723, 0.45191261, 0.51194113] semantic=[0.99717784, 0.99625027]
block 9/40 - 25/120   2959.0 ms
[PyramidKVRoleEvent] layer=15 block=27 group=motion:10 heads=12 motion=[0.44480842, 0.41512096, 0.47371203] semantic=[0.99750835, 0.996764]
block 10/40 - 28/120   2871.1 ms
[PyramidKVRoleEvent] layer=15 block=30 group=motion:10 heads=12 motion=[0.45176104, 0.43695945, 0.44761467] semantic=[0.99626231, 0.99653804]
block 11/40 - 31/120   2951.9 ms
[PyramidKVRoleEvent] layer=15 block=33 group=motion:10 heads=12 motion=[0.42535755, 0.40093765, 0.47615126] semantic=[0.9951241, 0.99613845]
block 12/40 - 34/120   3032.8 ms
[PyramidKVRoleEvent] layer=15 block=36 group=motion:10 heads=12 motion=[0.42627802, 0.44074512, 0.43822429] semantic=[0.99748731, 0.99677414]
block 13/40 - 37/120   2928.3 ms
[PyramidKVRoleEvent] layer=15 block=39 group=motion:10 heads=12 motion=[0.41445154, 0.41581082, 0.46193948] semantic=[0.99662077, 0.99655509]
block 14/40 - 40/120   2923.6 ms
[PyramidKVRoleEvent] layer=15 block=42 group=motion:10 heads=12 motion=[0.39448863, 0.4526999, 0.49098295] semantic=[0.99673647, 0.99532723]
block 15/40 - 43/120   2942.7 ms
[PyramidKVRoleEvent] layer=15 block=45 group=motion:10 heads=12 motion=[0.42424083, 0.39248857, 0.55536991] semantic=[0.99407989, 0.99484783]
block 16/40 - 46/120   2730.0 ms
[PyramidKVRoleEvent] layer=15 block=48 group=motion:10 heads=12 motion=[0.44763556, 0.41932338, 0.59354579] semantic=[0.99624419, 0.99523222]
block 17/40 - 49/120   2760.4 ms
[PyramidKVRoleEvent] layer=15 block=51 group=motion:10 heads=12 motion=[0.45777673, 0.42161888, 0.46591476] semantic=[0.99602145, 0.99583083]
block 18/40 - 52/120   2765.9 ms
[PyramidKVRoleEvent] layer=15 block=54 group=motion:10 heads=12 motion=[0.51852143, 0.37190846, 0.50184715] semantic=[0.99538159, 0.99510425]
block 19/40 - 55/120   2791.0 ms
[PyramidKVRoleEvent] layer=15 block=57 group=motion:10 heads=12 motion=[0.4565587, 0.47230881, 0.48468402] semantic=[0.99603832, 0.99563795]
block 20/40 - 58/120   2777.1 ms
[PyramidKVRoleEvent] layer=15 block=60 group=motion:10 heads=12 motion=[0.51306784, 0.34117511, 0.46030423] semantic=[0.9973973, 0.99627721]
block 21/40 - 61/120   2774.7 ms
[PyramidKVRoleEvent] layer=15 block=63 group=motion:10 heads=12 motion=[0.47525063, 0.42083207, 0.5337913] semantic=[0.99456263, 0.9952184]
block 22/40 - 64/120   2807.7 ms
[PyramidKVRoleEvent] layer=15 block=66 group=motion:10 heads=12 motion=[0.47285628, 0.40158528, 0.47995219] semantic=[0.99572951, 0.99438357]
block 23/40 - 67/120   2861.4 ms
[PyramidKVRoleEvent] layer=15 block=69 group=motion:10 heads=12 motion=[0.40867326, 0.3561208, 0.52818274] semantic=[0.99521953, 0.99563885]
block 24/40 - 70/120   2807.4 ms
[PyramidKVRoleEvent] layer=15 block=72 group=motion:10 heads=12 motion=[0.36566108, 0.42203158, 0.47697562] semantic=[0.99530458, 0.99391097]
block 25/40 - 73/120   2807.9 ms
[PyramidKVRoleEvent] layer=15 block=75 group=motion:10 heads=12 motion=[0.34978834, 0.44728473, 0.45731959] semantic=[0.99501276, 0.99672025]
block 26/40 - 76/120   2787.2 ms
[PyramidKVRoleEvent] layer=15 block=78 group=motion:10 heads=12 motion=[0.35636848, 0.42396429, 0.48588911] semantic=[0.99540079, 0.99512231]
block 27/40 - 79/120   2811.4 ms
[PyramidKVRoleEvent] layer=15 block=81 group=motion:10 heads=12 motion=[0.44089925, 0.39037132, 0.49922541] semantic=[0.99356848, 0.99279141]
block 28/40 - 82/120   2787.7 ms
[PyramidKVRoleEvent] layer=15 block=84 group=motion:10 heads=12 motion=[0.4966493, 0.35955414, 0.49256474] semantic=[0.99726683, 0.99519658]
block 29/40 - 85/120   2785.3 ms
[PyramidKVRoleEvent] layer=15 block=87 group=motion:10 heads=12 motion=[0.43980831, 0.39343265, 0.44184732] semantic=[0.99444085, 0.99419212]
block 30/40 - 88/120   2795.6 ms
[PyramidKVRoleEvent] layer=15 block=90 group=motion:10 heads=12 motion=[0.46448988, 0.37202692, 0.43242323] semantic=[0.99537438, 0.99548745]
block 31/40 - 91/120   2883.6 ms
[PyramidKVRoleEvent] layer=15 block=93 group=motion:10 heads=12 motion=[0.39885372, 0.40185162, 0.47556815] semantic=[0.99567449, 0.99469018]
block 32/40 - 94/120   2808.1 ms
[PyramidKVRoleEvent] layer=15 block=96 group=motion:10 heads=12 motion=[0.45273858, 0.39136454, 0.41591316] semantic=[0.9968338, 0.99630982]
block 33/40 - 97/120   2841.4 ms
[PyramidKVRoleEvent] layer=15 block=99 group=motion:10 heads=12 motion=[0.44198275, 0.43672198, 0.44307676] semantic=[0.99572265, 0.99658287]
block 34/40 - 100/120   3196.6 ms
[PyramidKVRoleEvent] layer=15 block=102 group=motion:10 heads=12 motion=[0.42916518, 0.42669976, 0.41670549] semantic=[0.9957757, 0.99517238]
block 35/40 - 103/120   2870.1 ms
[PyramidKVRoleEvent] layer=15 block=105 group=motion:10 heads=12 motion=[0.42918921, 0.39398384, 0.46971446] semantic=[0.9962483, 0.99590963]
block 36/40 - 106/120   2820.9 ms
[PyramidKVRoleEvent] layer=15 block=108 group=motion:10 heads=12 motion=[0.48233324, 0.37964156, 0.45776215] semantic=[0.99586999, 0.99570847]
block 37/40 - 109/120   2836.1 ms
[PyramidKVRoleEvent] layer=15 block=111 group=motion:10 heads=12 motion=[0.47873595, 0.42240769, 0.45383638] semantic=[0.99551272, 0.9947654]
block 38/40 - 112/120   2819.0 ms
[PyramidKVRoleEvent] layer=15 block=114 group=motion:10 heads=12 motion=[0.44203117, 0.35312021, 0.47644082] semantic=[0.99529999, 0.99561268]
block 39/40 - 115/120   2865.2 ms
[PyramidKVRoleEvent] layer=15 block=117 group=motion:10 heads=12 motion=[0.48862273, 0.37782609, 0.45391479] semantic=[0.99496484, 0.99520499]
block 40/40 - 118/120   2810.1 ms
/apdcephfs_gy2/share_303214315/cedricnie/miniconda3/envs/longlive/lib/python3.10/site-packages/torchvision/io/_video_deprecation_warning.py:9: UserWarning: The video decoding and encoding capabilities of torchvision are deprecated from version 0.22 and will be removed in version 0.24. We recommend that you migrate to TorchCodec, where we'll consolidate the future decoding/encoding capabilities of PyTorch: https://github.com/pytorch/torchcodec
  warnings.warn(
[6/16] elapsed=5.4m  avg=53.8s/prompt  eta=9.0m
